{
	"1:1" : {"timestamp" : 1346182348, "air_time" : 3,
 		"sequence" : 1, "fails" : 1,
 		"retries" : 0, "sample_1" : 2.34,
 		"sample_2" : -6.31, "sample_3" : 9.80,
 		"sample_4" : 0, "node_id" : 1},

	"1:2" : {"timestamp" : 1346182349, "air_time" : 8,
 		"sequence" : 2, "fails" : 2,
 		"retries" : 0, "sample_1" : 3.52,
 		"sample_2" : -6.18, "sample_3" : 10.47,
 		"sample_4" : 0, "node_id" : 1},

	"1:3" : {"timestamp" : 1346182350, "air_time" : 6,
 		"sequence" : 3, "fails" : 3,
 		"retries" : 2, "sample_1" : 6.50,
 		"sample_2" : -8.81, "sample_3" : 11.75,
 		"sample_4" : 0, "node_id" : 1},

	"1:4" : {"timestamp" : 1346182351, "air_time" : 5,
 		"sequence" : 4, "fails" : 2,
 		"retries" : 1, "sample_1" : 7.13,
 		"sample_2" : -7.86, "sample_3" : 9.92,
 		"sample_4" : 0, "node_id" : 1},

	"1:5" : {"timestamp" : 1346182352, "air_time" : 2,
 		"sequence" : 5, "fails" : 3,
 		"retries" : 2, "sample_1" : 7.66,
 		"sample_2" : -9.92, "sample_3" : 8.99,
 		"sample_4" : 0, "node_id" : 1},

	"1:6" : {"timestamp" : 1346182353, "air_time" : 5,
 		"sequence" : 6, "fails" : 2,
 		"retries" : 2, "sample_1" : 8.76,
 		"sample_2" : -9.29, "sample_3" : 8.90,
 		"sample_4" : 0, "node_id" : 1},

	"1:7" : {"timestamp" : 1346182354, "air_time" : 9,
 		"sequence" : 7, "fails" : 3,
 		"retries" : 1, "sample_1" : 10.80,
 		"sample_2" : -8.75, "sample_3" : 7.36,
 		"sample_4" : 0, "node_id" : 1},

	"1:8" : {"timestamp" : 1346182355, "air_time" : 8,
 		"sequence" : 8, "fails" : 0,
 		"retries" : 1, "sample_1" : 10.05,
 		"sample_2" : -8.11, "sample_3" : 6.40,
 		"sample_4" : 0, "node_id" : 1},

	"1:9" : {"timestamp" : 1346182356, "air_time" : 5,
 		"sequence" : 9, "fails" : 2,
 		"retries" : 2, "sample_1" : 10.20,
 		"sample_2" : -7.79, "sample_3" : 4.48,
 		"sample_4" : 0, "node_id" : 1},

	"1:10" : {"timestamp" : 1346182357, "air_time" : 0,
 		"sequence" : 10, "fails" : 0,
 		"retries" : 2, "sample_1" : 10.75,
 		"sample_2" : -5.82, "sample_3" : 2.83,
 		"sample_4" : 0, "node_id" : 1},

	"1:11" : {"timestamp" : 1346182358, "air_time" : 6,
 		"sequence" : 11, "fails" : 3,
 		"retries" : 1, "sample_1" : 11.20,
 		"sample_2" : -5.02, "sample_3" : 1.61,
 		"sample_4" : 0, "node_id" : 1},

	"1:12" : {"timestamp" : 1346182359, "air_time" : 5,
 		"sequence" : 12, "fails" : 3,
 		"retries" : 2, "sample_1" : 9.06,
 		"sample_2" : -4.25, "sample_3" : 0.17,
 		"sample_4" : 0, "node_id" : 1},

	"1:13" : {"timestamp" : 1346182360, "air_time" : 0,
 		"sequence" : 13, "fails" : 0,
 		"retries" : 0, "sample_1" : 9.36,
 		"sample_2" : -1.13, "sample_3" : -1.44,
 		"sample_4" : 0, "node_id" : 1},

	"1:14" : {"timestamp" : 1346182361, "air_time" : 1,
 		"sequence" : 14, "fails" : 3,
 		"retries" : 1, "sample_1" : 8.13,
 		"sample_2" : -0.63, "sample_3" : -4.07,
 		"sample_4" : 0, "node_id" : 1},

	"1:15" : {"timestamp" : 1346182362, "air_time" : 0,
 		"sequence" : 15, "fails" : 2,
 		"retries" : 1, "sample_1" : 6.80,
 		"sample_2" : 0.92, "sample_3" : -5.27,
 		"sample_4" : 0, "node_id" : 1},

	"1:16" : {"timestamp" : 1346182363, "air_time" : 7,
 		"sequence" : 16, "fails" : 3,
 		"retries" : 1, "sample_1" : 5.22,
 		"sample_2" : 3.14, "sample_3" : -5.58,
 		"sample_4" : 0, "node_id" : 1},

	"1:17" : {"timestamp" : 1346182364, "air_time" : 8,
 		"sequence" : 17, "fails" : 3,
 		"retries" : 1, "sample_1" : 3.44,
 		"sample_2" : 3.90, "sample_3" : -6.38,
 		"sample_4" : 0, "node_id" : 1},

	"1:18" : {"timestamp" : 1346182365, "air_time" : 7,
 		"sequence" : 18, "fails" : 2,
 		"retries" : 0, "sample_1" : 0.50,
 		"sample_2" : 6.94, "sample_3" : -7.33,
 		"sample_4" : 0, "node_id" : 1},

	"1:19" : {"timestamp" : 1346182366, "air_time" : 3,
 		"sequence" : 19, "fails" : 0,
 		"retries" : 0, "sample_1" : 0.16,
 		"sample_2" : 7.91, "sample_3" : -7.80,
 		"sample_4" : 0, "node_id" : 1},

	"1:20" : {"timestamp" : 1346182367, "air_time" : 6,
 		"sequence" : 20, "fails" : 2,
 		"retries" : 1, "sample_1" : -2.52,
 		"sample_2" : 9.28, "sample_3" : -9.67,
 		"sample_4" : 0, "node_id" : 1},

	"1:21" : {"timestamp" : 1346182368, "air_time" : 3,
 		"sequence" : 21, "fails" : 1,
 		"retries" : 2, "sample_1" : -5.00,
 		"sample_2" : 9.91, "sample_3" : -8.15,
 		"sample_4" : 0, "node_id" : 1},

	"1:22" : {"timestamp" : 1346182369, "air_time" : 7,
 		"sequence" : 22, "fails" : 1,
 		"retries" : 0, "sample_1" : -6.33,
 		"sample_2" : 9.96, "sample_3" : -8.52,
 		"sample_4" : 0, "node_id" : 1},

	"1:23" : {"timestamp" : 1346182370, "air_time" : 4,
 		"sequence" : 23, "fails" : 2,
 		"retries" : 1, "sample_1" : -6.06,
 		"sample_2" : 10.72, "sample_3" : -7.59,
 		"sample_4" : 0, "node_id" : 1},

	"1:24" : {"timestamp" : 1346182371, "air_time" : 6,
 		"sequence" : 24, "fails" : 0,
 		"retries" : 0, "sample_1" : -8.16,
 		"sample_2" : 11.39, "sample_3" : -7.90,
 		"sample_4" : 0, "node_id" : 1},

	"1:25" : {"timestamp" : 1346182372, "air_time" : 5,
 		"sequence" : 25, "fails" : 1,
 		"retries" : 1, "sample_1" : -8.90,
 		"sample_2" : 9.75, "sample_3" : -6.56,
 		"sample_4" : 0, "node_id" : 1},

	"1:26" : {"timestamp" : 1346182373, "air_time" : 4,
 		"sequence" : 26, "fails" : 1,
 		"retries" : 0, "sample_1" : -9.35,
 		"sample_2" : 10.11, "sample_3" : -5.60,
 		"sample_4" : 0, "node_id" : 1},

	"1:27" : {"timestamp" : 1346182374, "air_time" : 5,
 		"sequence" : 27, "fails" : 2,
 		"retries" : 0, "sample_1" : -8.30,
 		"sample_2" : 9.09, "sample_3" : -3.18,
 		"sample_4" : 0, "node_id" : 1},

	"1:28" : {"timestamp" : 1346182375, "air_time" : 7,
 		"sequence" : 28, "fails" : 1,
 		"retries" : 1, "sample_1" : -8.45,
 		"sample_2" : 7.52, "sample_3" : -1.23,
 		"sample_4" : 0, "node_id" : 1},

	"1:29" : {"timestamp" : 1346182376, "air_time" : 2,
 		"sequence" : 29, "fails" : 3,
 		"retries" : 0, "sample_1" : -7.60,
 		"sample_2" : 7.02, "sample_3" : -0.71,
 		"sample_4" : 0, "node_id" : 1},

	"1:30" : {"timestamp" : 1346182377, "air_time" : 2,
 		"sequence" : 30, "fails" : 0,
 		"retries" : 1, "sample_1" : -7.46,
 		"sample_2" : 6.35, "sample_3" : 2.33,
 		"sample_4" : 0, "node_id" : 1},

	"1:31" : {"timestamp" : 1346182378, "air_time" : 4,
 		"sequence" : 31, "fails" : 0,
 		"retries" : 0, "sample_1" : -6.36,
 		"sample_2" : 4.03, "sample_3" : 3.94,
 		"sample_4" : 0, "node_id" : 1},

	"1:32" : {"timestamp" : 1346182379, "air_time" : 1,
 		"sequence" : 32, "fails" : 3,
 		"retries" : 2, "sample_1" : -4.93,
 		"sample_2" : 1.23, "sample_3" : 5.87,
 		"sample_4" : 0, "node_id" : 1},

	"1:33" : {"timestamp" : 1346182380, "air_time" : 5,
 		"sequence" : 33, "fails" : 0,
 		"retries" : 1, "sample_1" : -4.90,
 		"sample_2" : 1.08, "sample_3" : 7.57,
 		"sample_4" : 0, "node_id" : 1},

	"1:34" : {"timestamp" : 1346182381, "air_time" : 7,
 		"sequence" : 34, "fails" : 1,
 		"retries" : 0, "sample_1" : -3.12,
 		"sample_2" : -0.84, "sample_3" : 7.98,
 		"sample_4" : 0, "node_id" : 1},

	"1:35" : {"timestamp" : 1346182382, "air_time" : 7,
 		"sequence" : 35, "fails" : 2,
 		"retries" : 2, "sample_1" : -0.64,
 		"sample_2" : -3.20, "sample_3" : 8.88,
 		"sample_4" : 0, "node_id" : 1},

	"1:36" : {"timestamp" : 1346182383, "air_time" : 5,
 		"sequence" : 36, "fails" : 1,
 		"retries" : 0, "sample_1" : 1.20,
 		"sample_2" : -5.04, "sample_3" : 11.03,
 		"sample_4" : 0, "node_id" : 1},

	"1:37" : {"timestamp" : 1346182384, "air_time" : 3,
 		"sequence" : 37, "fails" : 0,
 		"retries" : 1, "sample_1" : 3.34,
 		"sample_2" : -6.31, "sample_3" : 11.50,
 		"sample_4" : 0, "node_id" : 1},

	"1:38" : {"timestamp" : 1346182385, "air_time" : 2,
 		"sequence" : 38, "fails" : 0,
 		"retries" : 1, "sample_1" : 5.32,
 		"sample_2" : -7.28, "sample_3" : 10.97,
 		"sample_4" : 0, "node_id" : 1},

	"1:39" : {"timestamp" : 1346182386, "air_time" : 5,
 		"sequence" : 39, "fails" : 0,
 		"retries" : 0, "sample_1" : 5.40,
 		"sample_2" : -8.81, "sample_3" : 11.05,
 		"sample_4" : 0, "node_id" : 1},

	"1:40" : {"timestamp" : 1346182387, "air_time" : 8,
 		"sequence" : 40, "fails" : 0,
 		"retries" : 0, "sample_1" : 8.03,
 		"sample_2" : -8.86, "sample_3" : 9.62,
 		"sample_4" : 0, "node_id" : 1},

	"1:41" : {"timestamp" : 1346182388, "air_time" : 4,
 		"sequence" : 41, "fails" : 0,
 		"retries" : 1, "sample_1" : 8.46,
 		"sample_2" : -9.22, "sample_3" : 10.09,
 		"sample_4" : 0, "node_id" : 1},

	"1:42" : {"timestamp" : 1346182389, "air_time" : 4,
 		"sequence" : 42, "fails" : 1,
 		"retries" : 1, "sample_1" : 10.56,
 		"sample_2" : -9.39, "sample_3" : 8.20,
 		"sample_4" : 0, "node_id" : 1},

	"1:43" : {"timestamp" : 1346182390, "air_time" : 0,
 		"sequence" : 43, "fails" : 3,
 		"retries" : 2, "sample_1" : 9.40,
 		"sample_2" : -8.45, "sample_3" : 8.56,
 		"sample_4" : 0, "node_id" : 1},

	"1:44" : {"timestamp" : 1346182391, "air_time" : 7,
 		"sequence" : 44, "fails" : 3,
 		"retries" : 1, "sample_1" : 10.25,
 		"sample_2" : -7.61, "sample_3" : 7.30,
 		"sample_4" : 0, "node_id" : 1},

	"1:45" : {"timestamp" : 1346182392, "air_time" : 5,
 		"sequence" : 45, "fails" : 0,
 		"retries" : 2, "sample_1" : 10.90,
 		"sample_2" : -8.29, "sample_3" : 5.58,
 		"sample_4" : 0, "node_id" : 1},

	"1:46" : {"timestamp" : 1346182393, "air_time" : 6,
 		"sequence" : 46, "fails" : 3,
 		"retries" : 0, "sample_1" : 11.15,
 		"sample_2" : -6.32, "sample_3" : 3.83,
 		"sample_4" : 0, "node_id" : 1},

	"1:47" : {"timestamp" : 1346182394, "air_time" : 0,
 		"sequence" : 47, "fails" : 2,
 		"retries" : 0, "sample_1" : 9.50,
 		"sample_2" : -4.82, "sample_3" : 2.61,
 		"sample_4" : 0, "node_id" : 1},

	"1:48" : {"timestamp" : 1346182395, "air_time" : 4,
 		"sequence" : 48, "fails" : 2,
 		"retries" : 1, "sample_1" : 10.26,
 		"sample_2" : -3.95, "sample_3" : -0.63,
 		"sample_4" : 0, "node_id" : 1},

	"1:49" : {"timestamp" : 1346182396, "air_time" : 7,
 		"sequence" : 49, "fails" : 2,
 		"retries" : 0, "sample_1" : 7.66,
 		"sample_2" : -1.73, "sample_3" : -1.14,
 		"sample_4" : 0, "node_id" : 1},

	"1:50" : {"timestamp" : 1346182397, "air_time" : 9,
 		"sequence" : 50, "fails" : 1,
 		"retries" : 1, "sample_1" : 7.43,
 		"sample_2" : 0.07, "sample_3" : -3.67,
 		"sample_4" : 0, "node_id" : 1},

	"1:51" : {"timestamp" : 1346182398, "air_time" : 0,
 		"sequence" : 51, "fails" : 0,
 		"retries" : 1, "sample_1" : 5.90,
 		"sample_2" : 1.32, "sample_3" : -4.37,
 		"sample_4" : 0, "node_id" : 1},

	"1:52" : {"timestamp" : 1346182399, "air_time" : 7,
 		"sequence" : 52, "fails" : 0,
 		"retries" : 1, "sample_1" : 4.72,
 		"sample_2" : 4.14, "sample_3" : -6.48,
 		"sample_4" : 0, "node_id" : 1},

	"1:53" : {"timestamp" : 1346182400, "air_time" : 4,
 		"sequence" : 53, "fails" : 1,
 		"retries" : 2, "sample_1" : 2.04,
 		"sample_2" : 5.30, "sample_3" : -6.68,
 		"sample_4" : 0, "node_id" : 1},

	"1:54" : {"timestamp" : 1346182401, "air_time" : 1,
 		"sequence" : 54, "fails" : 1,
 		"retries" : 2, "sample_1" : 1.20,
 		"sample_2" : 6.64, "sample_3" : -8.53,
 		"sample_4" : 0, "node_id" : 1},

	"1:55" : {"timestamp" : 1346182402, "air_time" : 4,
 		"sequence" : 55, "fails" : 0,
 		"retries" : 0, "sample_1" : -0.04,
 		"sample_2" : 8.41, "sample_3" : -8.80,
 		"sample_4" : 0, "node_id" : 1},

	"1:56" : {"timestamp" : 1346182403, "air_time" : 9,
 		"sequence" : 56, "fails" : 2,
 		"retries" : 0, "sample_1" : -2.12,
 		"sample_2" : 9.08, "sample_3" : -9.17,
 		"sample_4" : 0, "node_id" : 1},

	"1:57" : {"timestamp" : 1346182404, "air_time" : 0,
 		"sequence" : 57, "fails" : 0,
 		"retries" : 0, "sample_1" : -3.90,
 		"sample_2" : 10.61, "sample_3" : -9.65,
 		"sample_4" : 0, "node_id" : 1},

	"1:58" : {"timestamp" : 1346182405, "air_time" : 4,
 		"sequence" : 58, "fails" : 0,
 		"retries" : 1, "sample_1" : -5.03,
 		"sample_2" : 9.66, "sample_3" : -8.82,
 		"sample_4" : 0, "node_id" : 1},

	"1:59" : {"timestamp" : 1346182406, "air_time" : 7,
 		"sequence" : 59, "fails" : 3,
 		"retries" : 2, "sample_1" : -6.96,
 		"sample_2" : 10.22, "sample_3" : -8.19,
 		"sample_4" : 0, "node_id" : 1},

	"1:60" : {"timestamp" : 1346182407, "air_time" : 6,
 		"sequence" : 60, "fails" : 0,
 		"retries" : 0, "sample_1" : -6.96,
 		"sample_2" : 11.19, "sample_3" : -6.30,
 		"sample_4" : 0, "node_id" : 1},

	"1:61" : {"timestamp" : 1346182408, "air_time" : 7,
 		"sequence" : 61, "fails" : 1,
 		"retries" : 1, "sample_1" : -9.10,
 		"sample_2" : 9.95, "sample_3" : -5.16,
 		"sample_4" : 0, "node_id" : 1},

	"1:62" : {"timestamp" : 1346182409, "air_time" : 5,
 		"sequence" : 62, "fails" : 2,
 		"retries" : 1, "sample_1" : -7.95,
 		"sample_2" : 10.61, "sample_3" : -3.90,
 		"sample_4" : 0, "node_id" : 1},

	"1:63" : {"timestamp" : 1346182410, "air_time" : 6,
 		"sequence" : 63, "fails" : 1,
 		"retries" : 2, "sample_1" : -8.20,
 		"sample_2" : 8.39, "sample_3" : -3.28,
 		"sample_4" : 0, "node_id" : 1},

	"1:64" : {"timestamp" : 1346182411, "air_time" : 9,
 		"sequence" : 64, "fails" : 3,
 		"retries" : 1, "sample_1" : -9.05,
 		"sample_2" : 7.62, "sample_3" : -1.83,
 		"sample_4" : 0, "node_id" : 1},

	"1:65" : {"timestamp" : 1346182412, "air_time" : 3,
 		"sequence" : 65, "fails" : 0,
 		"retries" : 1, "sample_1" : -8.90,
 		"sample_2" : 7.42, "sample_3" : -0.11,
 		"sample_4" : 0, "node_id" : 1},

	"1:66" : {"timestamp" : 1346182413, "air_time" : 7,
 		"sequence" : 66, "fails" : 0,
 		"retries" : 1, "sample_1" : -7.86,
 		"sample_2" : 4.55, "sample_3" : 2.93,
 		"sample_4" : 0, "node_id" : 1},

	"1:67" : {"timestamp" : 1346182414, "air_time" : 7,
 		"sequence" : 67, "fails" : 2,
 		"retries" : 0, "sample_1" : -6.76,
 		"sample_2" : 3.43, "sample_3" : 3.44,
 		"sample_4" : 0, "node_id" : 1},

	"1:68" : {"timestamp" : 1346182415, "air_time" : 4,
 		"sequence" : 68, "fails" : 2,
 		"retries" : 1, "sample_1" : -4.53,
 		"sample_2" : 1.53, "sample_3" : 4.87,
 		"sample_4" : 0, "node_id" : 1},

	"1:69" : {"timestamp" : 1346182416, "air_time" : 4,
 		"sequence" : 69, "fails" : 0,
 		"retries" : 2, "sample_1" : -3.80,
 		"sample_2" : -0.02, "sample_3" : 6.27,
 		"sample_4" : 0, "node_id" : 1},

	"1:70" : {"timestamp" : 1346182417, "air_time" : 3,
 		"sequence" : 70, "fails" : 0,
 		"retries" : 0, "sample_1" : -2.72,
 		"sample_2" : -0.44, "sample_3" : 7.98,
 		"sample_4" : 0, "node_id" : 1},

	"1:71" : {"timestamp" : 1346182418, "air_time" : 4,
 		"sequence" : 71, "fails" : 1,
 		"retries" : 1, "sample_1" : -0.74,
 		"sample_2" : -3.00, "sample_3" : 8.78,
 		"sample_4" : 0, "node_id" : 1},

	"1:72" : {"timestamp" : 1346182419, "air_time" : 2,
 		"sequence" : 72, "fails" : 3,
 		"retries" : 1, "sample_1" : 1.50,
 		"sample_2" : -4.34, "sample_3" : 10.43,
 		"sample_4" : 0, "node_id" : 1},

	"1:73" : {"timestamp" : 1346182420, "air_time" : 4,
 		"sequence" : 73, "fails" : 2,
 		"retries" : 0, "sample_1" : 2.54,
 		"sample_2" : -6.71, "sample_3" : 11.20,
 		"sample_4" : 0, "node_id" : 1},

	"1:74" : {"timestamp" : 1346182421, "air_time" : 3,
 		"sequence" : 74, "fails" : 2,
 		"retries" : 2, "sample_1" : 3.92,
 		"sample_2" : -6.58, "sample_3" : 10.57,
 		"sample_4" : 0, "node_id" : 1},

	"1:75" : {"timestamp" : 1346182422, "air_time" : 5,
 		"sequence" : 75, "fails" : 3,
 		"retries" : 0, "sample_1" : 6.70,
 		"sample_2" : -7.31, "sample_3" : 11.55,
 		"sample_4" : 0, "node_id" : 1},

	"1:76" : {"timestamp" : 1346182423, "air_time" : 8,
 		"sequence" : 76, "fails" : 3,
 		"retries" : 2, "sample_1" : 6.53,
 		"sample_2" : -8.96, "sample_3" : 10.92,
 		"sample_4" : 0, "node_id" : 1},

	"1:77" : {"timestamp" : 1346182424, "air_time" : 9,
 		"sequence" : 77, "fails" : 1,
 		"retries" : 1, "sample_1" : 8.56,
 		"sample_2" : -9.92, "sample_3" : 9.19,
 		"sample_4" : 0, "node_id" : 1},

	"1:78" : {"timestamp" : 1346182425, "air_time" : 1,
 		"sequence" : 78, "fails" : 1,
 		"retries" : 2, "sample_1" : 9.06,
 		"sample_2" : -8.69, "sample_3" : 8.30,
 		"sample_4" : 0, "node_id" : 1},

	"1:79" : {"timestamp" : 1346182426, "air_time" : 4,
 		"sequence" : 79, "fails" : 0,
 		"retries" : 2, "sample_1" : 9.80,
 		"sample_2" : -9.65, "sample_3" : 7.56,
 		"sample_4" : 0, "node_id" : 1},

	"1:80" : {"timestamp" : 1346182427, "air_time" : 9,
 		"sequence" : 80, "fails" : 2,
 		"retries" : 1, "sample_1" : 10.95,
 		"sample_2" : -7.91, "sample_3" : 5.90,
 		"sample_4" : 0, "node_id" : 1},

	"1:81" : {"timestamp" : 1346182428, "air_time" : 3,
 		"sequence" : 81, "fails" : 2,
 		"retries" : 2, "sample_1" : 10.70,
 		"sample_2" : -8.09, "sample_3" : 4.28,
 		"sample_4" : 0, "node_id" : 1},

	"1:82" : {"timestamp" : 1346182429, "air_time" : 8,
 		"sequence" : 82, "fails" : 3,
 		"retries" : 0, "sample_1" : 10.65,
 		"sample_2" : -7.02, "sample_3" : 3.93,
 		"sample_4" : 0, "node_id" : 1},

	"1:83" : {"timestamp" : 1346182430, "air_time" : 8,
 		"sequence" : 83, "fails" : 3,
 		"retries" : 2, "sample_1" : 10.10,
 		"sample_2" : -4.12, "sample_3" : 1.91,
 		"sample_4" : 0, "node_id" : 1},

	"1:84" : {"timestamp" : 1346182431, "air_time" : 1,
 		"sequence" : 84, "fails" : 3,
 		"retries" : 0, "sample_1" : 9.56,
 		"sample_2" : -3.05, "sample_3" : -0.53,
 		"sample_4" : 0, "node_id" : 1},

	"1:85" : {"timestamp" : 1346182432, "air_time" : 5,
 		"sequence" : 85, "fails" : 3,
 		"retries" : 1, "sample_1" : 8.76,
 		"sample_2" : -1.43, "sample_3" : -0.84,
 		"sample_4" : 0, "node_id" : 1},

	"1:86" : {"timestamp" : 1346182433, "air_time" : 7,
 		"sequence" : 86, "fails" : 3,
 		"retries" : 0, "sample_1" : 6.53,
 		"sample_2" : 0.47, "sample_3" : -4.07,
 		"sample_4" : 0, "node_id" : 1},

	"1:87" : {"timestamp" : 1346182434, "air_time" : 9,
 		"sequence" : 87, "fails" : 3,
 		"retries" : 2, "sample_1" : 6.20,
 		"sample_2" : 1.32, "sample_3" : -3.97,
 		"sample_4" : 0, "node_id" : 1},

	"1:88" : {"timestamp" : 1346182435, "air_time" : 6,
 		"sequence" : 88, "fails" : 0,
 		"retries" : 1, "sample_1" : 4.82,
 		"sample_2" : 3.74, "sample_3" : -6.78,
 		"sample_4" : 0, "node_id" : 1},

	"1:89" : {"timestamp" : 1346182436, "air_time" : 9,
 		"sequence" : 89, "fails" : 2,
 		"retries" : 2, "sample_1" : 2.44,
 		"sample_2" : 4.60, "sample_3" : -7.78,
 		"sample_4" : 0, "node_id" : 1},

	"1:90" : {"timestamp" : 1346182437, "air_time" : 8,
 		"sequence" : 90, "fails" : 3,
 		"retries" : 0, "sample_1" : 1.20,
 		"sample_2" : 6.94, "sample_3" : -9.13,
 		"sample_4" : 0, "node_id" : 1},

	"1:91" : {"timestamp" : 1346182438, "air_time" : 4,
 		"sequence" : 91, "fails" : 1,
 		"retries" : 0, "sample_1" : -0.94,
 		"sample_2" : 7.41, "sample_3" : -8.10,
 		"sample_4" : 0, "node_id" : 1},

	"1:92" : {"timestamp" : 1346182439, "air_time" : 1,
 		"sequence" : 92, "fails" : 3,
 		"retries" : 2, "sample_1" : -1.52,
 		"sample_2" : 8.68, "sample_3" : -8.07,
 		"sample_4" : 0, "node_id" : 1},

	"1:93" : {"timestamp" : 1346182440, "air_time" : 2,
 		"sequence" : 93, "fails" : 3,
 		"retries" : 1, "sample_1" : -4.70,
 		"sample_2" : 9.91, "sample_3" : -9.95,
 		"sample_4" : 0, "node_id" : 1},

	"1:94" : {"timestamp" : 1346182441, "air_time" : 8,
 		"sequence" : 94, "fails" : 3,
 		"retries" : 0, "sample_1" : -4.53,
 		"sample_2" : 11.26, "sample_3" : -9.42,
 		"sample_4" : 0, "node_id" : 1},

	"1:95" : {"timestamp" : 1346182442, "air_time" : 5,
 		"sequence" : 95, "fails" : 2,
 		"retries" : 0, "sample_1" : -7.16,
 		"sample_2" : 11.72, "sample_3" : -7.59,
 		"sample_4" : 0, "node_id" : 1},

	"1:96" : {"timestamp" : 1346182443, "air_time" : 3,
 		"sequence" : 96, "fails" : 3,
 		"retries" : 2, "sample_1" : -7.86,
 		"sample_2" : 11.39, "sample_3" : -7.60,
 		"sample_4" : 0, "node_id" : 1},

	"1:97" : {"timestamp" : 1346182444, "air_time" : 9,
 		"sequence" : 97, "fails" : 3,
 		"retries" : 0, "sample_1" : -7.50,
 		"sample_2" : 9.85, "sample_3" : -6.16,
 		"sample_4" : 0, "node_id" : 1},

	"1:98" : {"timestamp" : 1346182445, "air_time" : 6,
 		"sequence" : 98, "fails" : 0,
 		"retries" : 0, "sample_1" : -9.15,
 		"sample_2" : 10.31, "sample_3" : -5.40,
 		"sample_4" : 0, "node_id" : 1},

	"1:99" : {"timestamp" : 1346182446, "air_time" : 9,
 		"sequence" : 99, "fails" : 0,
 		"retries" : 2, "sample_1" : -8.60,
 		"sample_2" : 8.79, "sample_3" : -3.38,
 		"sample_4" : 0, "node_id" : 1},

	"1:100" : {"timestamp" : 1346182447, "air_time" : 9,
 		"sequence" : 100, "fails" : 0,
 		"retries" : 2, "sample_1" : -8.85,
 		"sample_2" : 7.62, "sample_3" : -2.03,
 		"sample_4" : 0, "node_id" : 1},

	"1:101" : {"timestamp" : 1346182448, "air_time" : 7,
 		"sequence" : 101, "fails" : 2,
 		"retries" : 2, "sample_1" : -8.10,
 		"sample_2" : 7.22, "sample_3" : -0.61,
 		"sample_4" : 0, "node_id" : 1},

	"1:102" : {"timestamp" : 1346182449, "air_time" : 4,
 		"sequence" : 102, "fails" : 0,
 		"retries" : 0, "sample_1" : -7.26,
 		"sample_2" : 4.95, "sample_3" : 1.23,
 		"sample_4" : 0, "node_id" : 1},

	"1:103" : {"timestamp" : 1346182450, "air_time" : 0,
 		"sequence" : 103, "fails" : 2,
 		"retries" : 0, "sample_1" : -5.96,
 		"sample_2" : 4.63, "sample_3" : 3.14,
 		"sample_4" : 0, "node_id" : 1},

	"1:104" : {"timestamp" : 1346182451, "air_time" : 7,
 		"sequence" : 104, "fails" : 2,
 		"retries" : 1, "sample_1" : -5.33,
 		"sample_2" : 2.43, "sample_3" : 4.87,
 		"sample_4" : 0, "node_id" : 1},

	"1:105" : {"timestamp" : 1346182452, "air_time" : 5,
 		"sequence" : 105, "fails" : 3,
 		"retries" : 2, "sample_1" : -4.70,
 		"sample_2" : 0.78, "sample_3" : 7.07,
 		"sample_4" : 0, "node_id" : 1},

	"1:106" : {"timestamp" : 1346182453, "air_time" : 7,
 		"sequence" : 106, "fails" : 3,
 		"retries" : 1, "sample_1" : -1.92,
 		"sample_2" : -1.84, "sample_3" : 8.78,
 		"sample_4" : 0, "node_id" : 1},

	"1:107" : {"timestamp" : 1346182454, "air_time" : 5,
 		"sequence" : 107, "fails" : 1,
 		"retries" : 1, "sample_1" : -1.64,
 		"sample_2" : -3.00, "sample_3" : 8.68,
 		"sample_4" : 0, "node_id" : 1},

	"1:108" : {"timestamp" : 1346182455, "air_time" : 1,
 		"sequence" : 108, "fails" : 2,
 		"retries" : 2, "sample_1" : 0.20,
 		"sample_2" : -5.04, "sample_3" : 9.63,
 		"sample_4" : 0, "node_id" : 1},

	"1:109" : {"timestamp" : 1346182456, "air_time" : 2,
 		"sequence" : 109, "fails" : 2,
 		"retries" : 0, "sample_1" : 3.24,
 		"sample_2" : -5.71, "sample_3" : 10.20,
 		"sample_4" : 0, "node_id" : 1},

	"1:110" : {"timestamp" : 1346182457, "air_time" : 1,
 		"sequence" : 110, "fails" : 3,
 		"retries" : 0, "sample_1" : 4.72,
 		"sample_2" : -7.98, "sample_3" : 10.77,
 		"sample_4" : 0, "node_id" : 1},

	"1:111" : {"timestamp" : 1346182458, "air_time" : 5,
 		"sequence" : 111, "fails" : 1,
 		"retries" : 1, "sample_1" : 6.20,
 		"sample_2" : -7.81, "sample_3" : 9.95,
 		"sample_4" : 0, "node_id" : 1},

	"1:112" : {"timestamp" : 1346182459, "air_time" : 0,
 		"sequence" : 112, "fails" : 0,
 		"retries" : 0, "sample_1" : 8.23,
 		"sample_2" : -8.06, "sample_3" : 11.32,
 		"sample_4" : 0, "node_id" : 1},

	"1:113" : {"timestamp" : 1346182460, "air_time" : 1,
 		"sequence" : 113, "fails" : 1,
 		"retries" : 1, "sample_1" : 8.66,
 		"sample_2" : -8.52, "sample_3" : 8.99,
 		"sample_4" : 0, "node_id" : 1},

	"1:114" : {"timestamp" : 1346182461, "air_time" : 1,
 		"sequence" : 114, "fails" : 1,
 		"retries" : 1, "sample_1" : 10.56,
 		"sample_2" : -8.69, "sample_3" : 8.30,
 		"sample_4" : 0, "node_id" : 1},

	"1:115" : {"timestamp" : 1346182462, "air_time" : 8,
 		"sequence" : 115, "fails" : 3,
 		"retries" : 2, "sample_1" : 11.00,
 		"sample_2" : -9.05, "sample_3" : 8.56,
 		"sample_4" : 0, "node_id" : 1},

	"1:116" : {"timestamp" : 1346182463, "air_time" : 5,
 		"sequence" : 116, "fails" : 3,
 		"retries" : 1, "sample_1" : 11.05,
 		"sample_2" : -8.41, "sample_3" : 5.70,
 		"sample_4" : 0, "node_id" : 1},

	"1:117" : {"timestamp" : 1346182464, "air_time" : 1,
 		"sequence" : 117, "fails" : 3,
 		"retries" : 1, "sample_1" : 11.10,
 		"sample_2" : -7.79, "sample_3" : 5.38,
 		"sample_4" : 0, "node_id" : 1},

	"1:118" : {"timestamp" : 1346182465, "air_time" : 1,
 		"sequence" : 118, "fails" : 2,
 		"retries" : 2, "sample_1" : 11.25,
 		"sample_2" : -6.42, "sample_3" : 3.53,
 		"sample_4" : 0, "node_id" : 1},

	"1:119" : {"timestamp" : 1346182466, "air_time" : 0,
 		"sequence" : 119, "fails" : 0,
 		"retries" : 2, "sample_1" : 10.10,
 		"sample_2" : -5.92, "sample_3" : 1.61,
 		"sample_4" : 0, "node_id" : 1},

	"1:120" : {"timestamp" : 1346182467, "air_time" : 1,
 		"sequence" : 120, "fails" : 2,
 		"retries" : 1, "sample_1" : 9.36,
 		"sample_2" : -3.25, "sample_3" : -0.53,
 		"sample_4" : 0, "node_id" : 1},

	"1:121" : {"timestamp" : 1346182468, "air_time" : 4,
 		"sequence" : 121, "fails" : 1,
 		"retries" : 1, "sample_1" : 8.66,
 		"sample_2" : -1.73, "sample_3" : -2.34,
 		"sample_4" : 0, "node_id" : 1},

	"1:122" : {"timestamp" : 1346182469, "air_time" : 8,
 		"sequence" : 122, "fails" : 1,
 		"retries" : 0, "sample_1" : 8.23,
 		"sample_2" : -0.73, "sample_3" : -3.57,
 		"sample_4" : 0, "node_id" : 1},

	"1:123" : {"timestamp" : 1346182470, "air_time" : 4,
 		"sequence" : 123, "fails" : 0,
 		"retries" : 2, "sample_1" : 6.90,
 		"sample_2" : 1.72, "sample_3" : -5.67,
 		"sample_4" : 0, "node_id" : 1},

	"1:124" : {"timestamp" : 1346182471, "air_time" : 4,
 		"sequence" : 124, "fails" : 3,
 		"retries" : 0, "sample_1" : 3.82,
 		"sample_2" : 2.24, "sample_3" : -5.88,
 		"sample_4" : 0, "node_id" : 1},

	"1:125" : {"timestamp" : 1346182472, "air_time" : 4,
 		"sequence" : 125, "fails" : 1,
 		"retries" : 2, "sample_1" : 2.74,
 		"sample_2" : 4.30, "sample_3" : -6.98,
 		"sample_4" : 0, "node_id" : 1},

	"1:126" : {"timestamp" : 1346182473, "air_time" : 1,
 		"sequence" : 126, "fails" : 0,
 		"retries" : 0, "sample_1" : 1.20,
 		"sample_2" : 6.64, "sample_3" : -8.23,
 		"sample_4" : 0, "node_id" : 1},

	"1:127" : {"timestamp" : 1346182474, "air_time" : 4,
 		"sequence" : 127, "fails" : 3,
 		"retries" : 2, "sample_1" : -0.94,
 		"sample_2" : 7.41, "sample_3" : -8.60,
 		"sample_4" : 0, "node_id" : 1},

	"1:128" : {"timestamp" : 1346182475, "air_time" : 8,
 		"sequence" : 128, "fails" : 3,
 		"retries" : 2, "sample_1" : -2.82,
 		"sample_2" : 8.78, "sample_3" : -8.47,
 		"sample_4" : 0, "node_id" : 1},

	"1:129" : {"timestamp" : 1346182476, "air_time" : 9,
 		"sequence" : 129, "fails" : 1,
 		"retries" : 1, "sample_1" : -4.30,
 		"sample_2" : 9.51, "sample_3" : -8.15,
 		"sample_4" : 0, "node_id" : 1},

	"1:130" : {"timestamp" : 1346182477, "air_time" : 5,
 		"sequence" : 130, "fails" : 0,
 		"retries" : 2, "sample_1" : -6.13,
 		"sample_2" : 9.76, "sample_3" : -8.92,
 		"sample_4" : 0, "node_id" : 1},

	"1:131" : {"timestamp" : 1346182478, "air_time" : 5,
 		"sequence" : 131, "fails" : 3,
 		"retries" : 1, "sample_1" : -6.86,
 		"sample_2" : 11.72, "sample_3" : -8.59,
 		"sample_4" : 0, "node_id" : 1},

	"1:132" : {"timestamp" : 1346182479, "air_time" : 3,
 		"sequence" : 132, "fails" : 0,
 		"retries" : 2, "sample_1" : -6.86,
 		"sample_2" : 11.29, "sample_3" : -6.70,
 		"sample_4" : 0, "node_id" : 1},

	"1:133" : {"timestamp" : 1346182480, "air_time" : 8,
 		"sequence" : 133, "fails" : 3,
 		"retries" : 1, "sample_1" : -8.90,
 		"sample_2" : 11.45, "sample_3" : -6.66,
 		"sample_4" : 0, "node_id" : 1},

	"1:134" : {"timestamp" : 1346182481, "air_time" : 4,
 		"sequence" : 134, "fails" : 2,
 		"retries" : 2, "sample_1" : -9.25,
 		"sample_2" : 10.41, "sample_3" : -4.90,
 		"sample_4" : 0, "node_id" : 1},

	"1:135" : {"timestamp" : 1346182482, "air_time" : 9,
 		"sequence" : 135, "fails" : 0,
 		"retries" : 1, "sample_1" : -10.00,
 		"sample_2" : 8.79, "sample_3" : -3.88,
 		"sample_4" : 0, "node_id" : 1},

	"1:136" : {"timestamp" : 1346182483, "air_time" : 8,
 		"sequence" : 136, "fails" : 2,
 		"retries" : 2, "sample_1" : -8.35,
 		"sample_2" : 7.52, "sample_3" : -0.53,
 		"sample_4" : 0, "node_id" : 1},

	"1:137" : {"timestamp" : 1346182484, "air_time" : 9,
 		"sequence" : 137, "fails" : 2,
 		"retries" : 0, "sample_1" : -8.40,
 		"sample_2" : 7.02, "sample_3" : -0.01,
 		"sample_4" : 0, "node_id" : 1},

	"1:138" : {"timestamp" : 1346182485, "air_time" : 4,
 		"sequence" : 138, "fails" : 1,
 		"retries" : 1, "sample_1" : -7.86,
 		"sample_2" : 5.45, "sample_3" : 1.33,
 		"sample_4" : 0, "node_id" : 1},

	"1:139" : {"timestamp" : 1346182486, "air_time" : 7,
 		"sequence" : 139, "fails" : 2,
 		"retries" : 2, "sample_1" : -6.96,
 		"sample_2" : 4.53, "sample_3" : 3.04,
 		"sample_4" : 0, "node_id" : 1},

	"1:140" : {"timestamp" : 1346182487, "air_time" : 2,
 		"sequence" : 140, "fails" : 3,
 		"retries" : 0, "sample_1" : -4.83,
 		"sample_2" : 2.43, "sample_3" : 5.07,
 		"sample_4" : 0, "node_id" : 1},

	"1:141" : {"timestamp" : 1346182488, "air_time" : 4,
 		"sequence" : 141, "fails" : 1,
 		"retries" : 2, "sample_1" : -4.40,
 		"sample_2" : -0.12, "sample_3" : 7.27,
 		"sample_4" : 0, "node_id" : 1},

	"1:142" : {"timestamp" : 1346182489, "air_time" : 6,
 		"sequence" : 142, "fails" : 2,
 		"retries" : 1, "sample_1" : -3.32,
 		"sample_2" : -2.04, "sample_3" : 7.28,
 		"sample_4" : 0, "node_id" : 1},

	"1:143" : {"timestamp" : 1346182490, "air_time" : 3,
 		"sequence" : 143, "fails" : 1,
 		"retries" : 1, "sample_1" : -1.64,
 		"sample_2" : -2.90, "sample_3" : 10.18,
 		"sample_4" : 0, "node_id" : 1},

	"1:144" : {"timestamp" : 1346182491, "air_time" : 5,
 		"sequence" : 144, "fails" : 2,
 		"retries" : 2, "sample_1" : 0.10,
 		"sample_2" : -3.64, "sample_3" : 9.83,
 		"sample_4" : 0, "node_id" : 1},

	"1:145" : {"timestamp" : 1346182492, "air_time" : 6,
 		"sequence" : 145, "fails" : 2,
 		"retries" : 0, "sample_1" : 2.44,
 		"sample_2" : -5.91, "sample_3" : 11.20,
 		"sample_4" : 0, "node_id" : 1},

	"1:146" : {"timestamp" : 1346182493, "air_time" : 5,
 		"sequence" : 146, "fails" : 1,
 		"retries" : 2, "sample_1" : 3.62,
 		"sample_2" : -6.18, "sample_3" : 10.57,
 		"sample_4" : 0, "node_id" : 1},

	"1:147" : {"timestamp" : 1346182494, "air_time" : 3,
 		"sequence" : 147, "fails" : 0,
 		"retries" : 2, "sample_1" : 5.60,
 		"sample_2" : -7.81, "sample_3" : 10.15,
 		"sample_4" : 0, "node_id" : 1},

	"1:148" : {"timestamp" : 1346182495, "air_time" : 9,
 		"sequence" : 148, "fails" : 3,
 		"retries" : 2, "sample_1" : 7.93,
 		"sample_2" : -9.56, "sample_3" : 10.42,
 		"sample_4" : 0, "node_id" : 1},

	"1:149" : {"timestamp" : 1346182496, "air_time" : 1,
 		"sequence" : 149, "fails" : 0,
 		"retries" : 0, "sample_1" : 7.96,
 		"sample_2" : -8.92, "sample_3" : 9.79,
 		"sample_4" : 0, "node_id" : 1},

	"1:150" : {"timestamp" : 1346182497, "air_time" : 8,
 		"sequence" : 150, "fails" : 2,
 		"retries" : 2, "sample_1" : 9.86,
 		"sample_2" : -9.39, "sample_3" : 9.30,
 		"sample_4" : 0, "node_id" : 1},

	"1:151" : {"timestamp" : 1346182498, "air_time" : 6,
 		"sequence" : 151, "fails" : 0,
 		"retries" : 2, "sample_1" : 10.50,
 		"sample_2" : -9.15, "sample_3" : 8.56,
 		"sample_4" : 0, "node_id" : 1},

	"1:152" : {"timestamp" : 1346182499, "air_time" : 2,
 		"sequence" : 152, "fails" : 0,
 		"retries" : 2, "sample_1" : 11.25,
 		"sample_2" : -8.41, "sample_3" : 6.00,
 		"sample_4" : 0, "node_id" : 1},

	"1:153" : {"timestamp" : 1346182500, "air_time" : 0,
 		"sequence" : 153, "fails" : 1,
 		"retries" : 0, "sample_1" : 10.60,
 		"sample_2" : -7.59, "sample_3" : 4.98,
 		"sample_4" : 0, "node_id" : 1},

	"1:154" : {"timestamp" : 1346182501, "air_time" : 1,
 		"sequence" : 154, "fails" : 1,
 		"retries" : 0, "sample_1" : 10.55,
 		"sample_2" : -7.22, "sample_3" : 2.73,
 		"sample_4" : 0, "node_id" : 1},

	"1:155" : {"timestamp" : 1346182502, "air_time" : 0,
 		"sequence" : 155, "fails" : 0,
 		"retries" : 0, "sample_1" : 9.80,
 		"sample_2" : -5.12, "sample_3" : 1.11,
 		"sample_4" : 0, "node_id" : 1},

	"1:156" : {"timestamp" : 1346182503, "air_time" : 3,
 		"sequence" : 156, "fails" : 1,
 		"retries" : 0, "sample_1" : 8.86,
 		"sample_2" : -3.15, "sample_3" : -1.03,
 		"sample_4" : 0, "node_id" : 1},

	"1:157" : {"timestamp" : 1346182504, "air_time" : 7,
 		"sequence" : 157, "fails" : 2,
 		"retries" : 2, "sample_1" : 8.16,
 		"sample_2" : -1.73, "sample_3" : -1.04,
 		"sample_4" : 0, "node_id" : 1},

	"1:158" : {"timestamp" : 1346182505, "air_time" : 0,
 		"sequence" : 158, "fails" : 2,
 		"retries" : 2, "sample_1" : 7.73,
 		"sample_2" : 0.17, "sample_3" : -3.97,
 		"sample_4" : 0, "node_id" : 1},

	"1:159" : {"timestamp" : 1346182506, "air_time" : 6,
 		"sequence" : 159, "fails" : 0,
 		"retries" : 2, "sample_1" : 5.90,
 		"sample_2" : 2.32, "sample_3" : -4.97,
 		"sample_4" : 0, "node_id" : 1},

	"1:160" : {"timestamp" : 1346182507, "air_time" : 7,
 		"sequence" : 160, "fails" : 3,
 		"retries" : 0, "sample_1" : 5.22,
 		"sample_2" : 2.74, "sample_3" : -5.28,
 		"sample_4" : 0, "node_id" : 1},

	"1:161" : {"timestamp" : 1346182508, "air_time" : 1,
 		"sequence" : 161, "fails" : 1,
 		"retries" : 1, "sample_1" : 2.34,
 		"sample_2" : 5.80, "sample_3" : -7.98,
 		"sample_4" : 0, "node_id" : 1},

	"1:162" : {"timestamp" : 1346182509, "air_time" : 4,
 		"sequence" : 162, "fails" : 0,
 		"retries" : 0, "sample_1" : 1.50,
 		"sample_2" : 6.74, "sample_3" : -7.83,
 		"sample_4" : 0, "node_id" : 1},

	"1:163" : {"timestamp" : 1346182510, "air_time" : 7,
 		"sequence" : 163, "fails" : 2,
 		"retries" : 0, "sample_1" : -1.34,
 		"sample_2" : 7.01, "sample_3" : -8.40,
 		"sample_4" : 0, "node_id" : 1},

	"1:164" : {"timestamp" : 1346182511, "air_time" : 1,
 		"sequence" : 164, "fails" : 2,
 		"retries" : 0, "sample_1" : -2.02,
 		"sample_2" : 9.58, "sample_3" : -8.07,
 		"sample_4" : 0, "node_id" : 1},

	"1:165" : {"timestamp" : 1346182512, "air_time" : 7,
 		"sequence" : 165, "fails" : 0,
 		"retries" : 1, "sample_1" : -4.20,
 		"sample_2" : 10.11, "sample_3" : -9.15,
 		"sample_4" : 0, "node_id" : 1},

	"1:166" : {"timestamp" : 1346182513, "air_time" : 6,
 		"sequence" : 166, "fails" : 3,
 		"retries" : 2, "sample_1" : -5.03,
 		"sample_2" : 11.36, "sample_3" : -9.42,
 		"sample_4" : 0, "node_id" : 1},

	"1:167" : {"timestamp" : 1346182514, "air_time" : 2,
 		"sequence" : 167, "fails" : 1,
 		"retries" : 0, "sample_1" : -7.06,
 		"sample_2" : 10.42, "sample_3" : -8.49,
 		"sample_4" : 0, "node_id" : 1},

	"1:168" : {"timestamp" : 1346182515, "air_time" : 8,
 		"sequence" : 168, "fails" : 1,
 		"retries" : 2, "sample_1" : -7.06,
 		"sample_2" : 11.79, "sample_3" : -7.00,
 		"sample_4" : 0, "node_id" : 1},

	"1:169" : {"timestamp" : 1346182516, "air_time" : 0,
 		"sequence" : 169, "fails" : 2,
 		"retries" : 1, "sample_1" : -9.30,
 		"sample_2" : 10.85, "sample_3" : -5.36,
 		"sample_4" : 0, "node_id" : 1},

	"1:170" : {"timestamp" : 1346182517, "air_time" : 3,
 		"sequence" : 170, "fails" : 2,
 		"retries" : 1, "sample_1" : -7.95,
 		"sample_2" : 10.41, "sample_3" : -5.30,
 		"sample_4" : 0, "node_id" : 1},

	"1:171" : {"timestamp" : 1346182518, "air_time" : 3,
 		"sequence" : 171, "fails" : 2,
 		"retries" : 2, "sample_1" : -8.10,
 		"sample_2" : 9.09, "sample_3" : -3.48,
 		"sample_4" : 0, "node_id" : 1},

	"1:172" : {"timestamp" : 1346182519, "air_time" : 0,
 		"sequence" : 172, "fails" : 1,
 		"retries" : 0, "sample_1" : -8.95,
 		"sample_2" : 8.32, "sample_3" : -1.73,
 		"sample_4" : 0, "node_id" : 1},

	"1:173" : {"timestamp" : 1346182520, "air_time" : 1,
 		"sequence" : 173, "fails" : 0,
 		"retries" : 2, "sample_1" : -8.00,
 		"sample_2" : 7.52, "sample_3" : -0.31,
 		"sample_4" : 0, "node_id" : 1},

	"1:174" : {"timestamp" : 1346182521, "air_time" : 8,
 		"sequence" : 174, "fails" : 2,
 		"retries" : 1, "sample_1" : -8.66,
 		"sample_2" : 6.15, "sample_3" : 2.13,
 		"sample_4" : 0, "node_id" : 1},

	"1:175" : {"timestamp" : 1346182522, "air_time" : 6,
 		"sequence" : 175, "fails" : 1,
 		"retries" : 0, "sample_1" : -7.36,
 		"sample_2" : 4.63, "sample_3" : 4.04,
 		"sample_4" : 0, "node_id" : 1},

	"1:176" : {"timestamp" : 1346182523, "air_time" : 9,
 		"sequence" : 176, "fails" : 1,
 		"retries" : 2, "sample_1" : -4.83,
 		"sample_2" : 2.93, "sample_3" : 5.27,
 		"sample_4" : 0, "node_id" : 1},

	"1:177" : {"timestamp" : 1346182524, "air_time" : 0,
 		"sequence" : 177, "fails" : 1,
 		"retries" : 1, "sample_1" : -4.10,
 		"sample_2" : 1.18, "sample_3" : 6.27,
 		"sample_4" : 0, "node_id" : 1},

	"1:178" : {"timestamp" : 1346182525, "air_time" : 7,
 		"sequence" : 178, "fails" : 0,
 		"retries" : 0, "sample_1" : -2.52,
 		"sample_2" : -2.04, "sample_3" : 8.28,
 		"sample_4" : 0, "node_id" : 1},

	"1:179" : {"timestamp" : 1346182526, "air_time" : 0,
 		"sequence" : 179, "fails" : 2,
 		"retries" : 1, "sample_1" : -1.34,
 		"sample_2" : -3.20, "sample_3" : 8.58,
 		"sample_4" : 0, "node_id" : 1},

	"1:180" : {"timestamp" : 1346182527, "air_time" : 0,
 		"sequence" : 180, "fails" : 2,
 		"retries" : 2, "sample_1" : 1.90,
 		"sample_2" : -5.14, "sample_3" : 10.33,
 		"sample_4" : 0, "node_id" : 1},

	"1:181" : {"timestamp" : 1346182528, "air_time" : 8,
 		"sequence" : 181, "fails" : 2,
 		"retries" : 0, "sample_1" : 2.64,
 		"sample_2" : -6.81, "sample_3" : 10.70,
 		"sample_4" : 0, "node_id" : 1},

	"1:182" : {"timestamp" : 1346182529, "air_time" : 1,
 		"sequence" : 182, "fails" : 1,
 		"retries" : 2, "sample_1" : 3.72,
 		"sample_2" : -6.58, "sample_3" : 11.07,
 		"sample_4" : 0, "node_id" : 1},

	"1:183" : {"timestamp" : 1346182530, "air_time" : 9,
 		"sequence" : 183, "fails" : 1,
 		"retries" : 1, "sample_1" : 5.40,
 		"sample_2" : -8.21, "sample_3" : 10.35,
 		"sample_4" : 0, "node_id" : 1},

	"1:184" : {"timestamp" : 1346182531, "air_time" : 8,
 		"sequence" : 184, "fails" : 2,
 		"retries" : 0, "sample_1" : 7.13,
 		"sample_2" : -8.36, "sample_3" : 10.22,
 		"sample_4" : 0, "node_id" : 1},

	"1:185" : {"timestamp" : 1346182532, "air_time" : 6,
 		"sequence" : 185, "fails" : 3,
 		"retries" : 2, "sample_1" : 9.16,
 		"sample_2" : -9.92, "sample_3" : 10.19,
 		"sample_4" : 0, "node_id" : 1},

	"1:186" : {"timestamp" : 1346182533, "air_time" : 6,
 		"sequence" : 186, "fails" : 2,
 		"retries" : 1, "sample_1" : 8.96,
 		"sample_2" : -8.69, "sample_3" : 8.90,
 		"sample_4" : 0, "node_id" : 1},

	"1:187" : {"timestamp" : 1346182534, "air_time" : 1,
 		"sequence" : 187, "fails" : 2,
 		"retries" : 0, "sample_1" : 10.60,
 		"sample_2" : -9.55, "sample_3" : 7.26,
 		"sample_4" : 0, "node_id" : 1},

	"1:188" : {"timestamp" : 1346182535, "air_time" : 1,
 		"sequence" : 188, "fails" : 0,
 		"retries" : 2, "sample_1" : 11.75,
 		"sample_2" : -8.81, "sample_3" : 5.80,
 		"sample_4" : 0, "node_id" : 1},

	"1:189" : {"timestamp" : 1346182536, "air_time" : 5,
 		"sequence" : 189, "fails" : 1,
 		"retries" : 0, "sample_1" : 10.60,
 		"sample_2" : -7.99, "sample_3" : 4.98,
 		"sample_4" : 0, "node_id" : 1},

	"1:190" : {"timestamp" : 1346182537, "air_time" : 3,
 		"sequence" : 190, "fails" : 2,
 		"retries" : 2, "sample_1" : 11.35,
 		"sample_2" : -7.12, "sample_3" : 2.83,
 		"sample_4" : 0, "node_id" : 1},

	"1:191" : {"timestamp" : 1346182538, "air_time" : 2,
 		"sequence" : 191, "fails" : 2,
 		"retries" : 1, "sample_1" : 9.90,
 		"sample_2" : -5.22, "sample_3" : 1.71,
 		"sample_4" : 0, "node_id" : 1},

	"1:192" : {"timestamp" : 1346182539, "air_time" : 7,
 		"sequence" : 192, "fails" : 0,
 		"retries" : 0, "sample_1" : 10.16,
 		"sample_2" : -4.45, "sample_3" : 0.77,
 		"sample_4" : 0, "node_id" : 1},

	"1:193" : {"timestamp" : 1346182540, "air_time" : 4,
 		"sequence" : 193, "fails" : 2,
 		"retries" : 2, "sample_1" : 9.46,
 		"sample_2" : -2.63, "sample_3" : -1.64,
 		"sample_4" : 0, "node_id" : 1},

	"1:194" : {"timestamp" : 1346182541, "air_time" : 4,
 		"sequence" : 194, "fails" : 3,
 		"retries" : 2, "sample_1" : 7.83,
 		"sample_2" : 0.37, "sample_3" : -3.67,
 		"sample_4" : 0, "node_id" : 1},

	"1:195" : {"timestamp" : 1346182542, "air_time" : 6,
 		"sequence" : 195, "fails" : 3,
 		"retries" : 0, "sample_1" : 5.10,
 		"sample_2" : 1.22, "sample_3" : -4.47,
 		"sample_4" : 0, "node_id" : 1},

	"1:196" : {"timestamp" : 1346182543, "air_time" : 2,
 		"sequence" : 196, "fails" : 1,
 		"retries" : 2, "sample_1" : 4.62,
 		"sample_2" : 2.94, "sample_3" : -6.08,
 		"sample_4" : 0, "node_id" : 1},

	"1:197" : {"timestamp" : 1346182544, "air_time" : 6,
 		"sequence" : 197, "fails" : 3,
 		"retries" : 2, "sample_1" : 2.14,
 		"sample_2" : 5.30, "sample_3" : -7.38,
 		"sample_4" : 0, "node_id" : 1},

	"1:198" : {"timestamp" : 1346182545, "air_time" : 1,
 		"sequence" : 198, "fails" : 0,
 		"retries" : 0, "sample_1" : 0.80,
 		"sample_2" : 6.44, "sample_3" : -8.63,
 		"sample_4" : 0, "node_id" : 1},

	"1:199" : {"timestamp" : 1346182546, "air_time" : 3,
 		"sequence" : 199, "fails" : 1,
 		"retries" : 2, "sample_1" : -0.64,
 		"sample_2" : 8.41, "sample_3" : -9.60,
 		"sample_4" : 0, "node_id" : 1},

	"1:200" : {"timestamp" : 1346182547, "air_time" : 7,
 		"sequence" : 200, "fails" : 0,
 		"retries" : 0, "sample_1" : -2.92,
 		"sample_2" : 9.48, "sample_3" : -8.87,
 		"sample_4" : 0, "node_id" : 1},

	"1:201" : {"timestamp" : 1346182548, "air_time" : 1,
 		"sequence" : 201, "fails" : 0,
 		"retries" : 1, "sample_1" : -4.00,
 		"sample_2" : 10.31, "sample_3" : -8.65,
 		"sample_4" : 0, "node_id" : 1},

	"1:202" : {"timestamp" : 1346182549, "air_time" : 2,
 		"sequence" : 202, "fails" : 3,
 		"retries" : 2, "sample_1" : -4.63,
 		"sample_2" : 10.46, "sample_3" : -9.32,
 		"sample_4" : 0, "node_id" : 1},

	"1:203" : {"timestamp" : 1346182550, "air_time" : 9,
 		"sequence" : 203, "fails" : 3,
 		"retries" : 0, "sample_1" : -6.56,
 		"sample_2" : 11.32, "sample_3" : -8.89,
 		"sample_4" : 0, "node_id" : 1},

	"1:204" : {"timestamp" : 1346182551, "air_time" : 6,
 		"sequence" : 204, "fails" : 0,
 		"retries" : 0, "sample_1" : -7.36,
 		"sample_2" : 11.29, "sample_3" : -8.10,
 		"sample_4" : 0, "node_id" : 1},

	"1:205" : {"timestamp" : 1346182552, "air_time" : 7,
 		"sequence" : 205, "fails" : 3,
 		"retries" : 2, "sample_1" : -8.70,
 		"sample_2" : 10.75, "sample_3" : -5.96,
 		"sample_4" : 0, "node_id" : 1},

	"1:206" : {"timestamp" : 1346182553, "air_time" : 8,
 		"sequence" : 206, "fails" : 0,
 		"retries" : 1, "sample_1" : -9.85,
 		"sample_2" : 10.61, "sample_3" : -5.40,
 		"sample_4" : 0, "node_id" : 1},

	"1:207" : {"timestamp" : 1346182554, "air_time" : 6,
 		"sequence" : 207, "fails" : 1,
 		"retries" : 0, "sample_1" : -9.30,
 		"sample_2" : 8.59, "sample_3" : -3.78,
 		"sample_4" : 0, "node_id" : 1},

	"1:208" : {"timestamp" : 1346182555, "air_time" : 0,
 		"sequence" : 208, "fails" : 0,
 		"retries" : 0, "sample_1" : -8.65,
 		"sample_2" : 7.32, "sample_3" : -1.33,
 		"sample_4" : 0, "node_id" : 1},

	"1:209" : {"timestamp" : 1346182556, "air_time" : 4,
 		"sequence" : 209, "fails" : 1,
 		"retries" : 1, "sample_1" : -8.20,
 		"sample_2" : 6.92, "sample_3" : 0.49,
 		"sample_4" : 0, "node_id" : 1},

	"1:210" : {"timestamp" : 1346182557, "air_time" : 9,
 		"sequence" : 210, "fails" : 3,
 		"retries" : 1, "sample_1" : -7.46,
 		"sample_2" : 5.05, "sample_3" : 2.63,
 		"sample_4" : 0, "node_id" : 1},

	"1:211" : {"timestamp" : 1346182558, "air_time" : 4,
 		"sequence" : 211, "fails" : 0,
 		"retries" : 2, "sample_1" : -7.06,
 		"sample_2" : 3.03, "sample_3" : 3.84,
 		"sample_4" : 0, "node_id" : 1},

	"1:212" : {"timestamp" : 1346182559, "air_time" : 7,
 		"sequence" : 212, "fails" : 0,
 		"retries" : 0, "sample_1" : -6.33,
 		"sample_2" : 3.13, "sample_3" : 5.47,
 		"sample_4" : 0, "node_id" : 1},

	"1:213" : {"timestamp" : 1346182560, "air_time" : 6,
 		"sequence" : 213, "fails" : 1,
 		"retries" : 0, "sample_1" : -4.40,
 		"sample_2" : -0.22, "sample_3" : 6.37,
 		"sample_4" : 0, "node_id" : 1},

	"1:214" : {"timestamp" : 1346182561, "air_time" : 7,
 		"sequence" : 214, "fails" : 2,
 		"retries" : 2, "sample_1" : -3.42,
 		"sample_2" : -1.14, "sample_3" : 7.18,
 		"sample_4" : 0, "node_id" : 1},

	"1:215" : {"timestamp" : 1346182562, "air_time" : 6,
 		"sequence" : 215, "fails" : 2,
 		"retries" : 2, "sample_1" : -0.24,
 		"sample_2" : -3.20, "sample_3" : 9.18,
 		"sample_4" : 0, "node_id" : 1},

	"1:216" : {"timestamp" : 1346182563, "air_time" : 5,
 		"sequence" : 216, "fails" : 2,
 		"retries" : 2, "sample_1" : 0.50,
 		"sample_2" : -4.84, "sample_3" : 10.33,
 		"sample_4" : 0, "node_id" : 1},

	"1:217" : {"timestamp" : 1346182564, "air_time" : 4,
 		"sequence" : 217, "fails" : 1,
 		"retries" : 1, "sample_1" : 3.04,
 		"sample_2" : -5.01, "sample_3" : 11.10,
 		"sample_4" : 0, "node_id" : 1},

	"1:218" : {"timestamp" : 1346182565, "air_time" : 1,
 		"sequence" : 218, "fails" : 3,
 		"retries" : 2, "sample_1" : 5.22,
 		"sample_2" : -6.78, "sample_3" : 10.87,
 		"sample_4" : 0, "node_id" : 1},

	"1:219" : {"timestamp" : 1346182566, "air_time" : 5,
 		"sequence" : 219, "fails" : 0,
 		"retries" : 1, "sample_1" : 5.30,
 		"sample_2" : -8.91, "sample_3" : 10.75,
 		"sample_4" : 0, "node_id" : 1},

	"1:220" : {"timestamp" : 1346182567, "air_time" : 0,
 		"sequence" : 220, "fails" : 0,
 		"retries" : 1, "sample_1" : 8.23,
 		"sample_2" : -8.66, "sample_3" : 11.02,
 		"sample_4" : 0, "node_id" : 1},

	"1:221" : {"timestamp" : 1346182568, "air_time" : 2,
 		"sequence" : 221, "fails" : 0,
 		"retries" : 0, "sample_1" : 8.06,
 		"sample_2" : -8.22, "sample_3" : 10.69,
 		"sample_4" : 0, "node_id" : 1},

	"1:222" : {"timestamp" : 1346182569, "air_time" : 3,
 		"sequence" : 222, "fails" : 2,
 		"retries" : 2, "sample_1" : 8.86,
 		"sample_2" : -8.69, "sample_3" : 8.50,
 		"sample_4" : 0, "node_id" : 1},

	"1:223" : {"timestamp" : 1346182570, "air_time" : 6,
 		"sequence" : 223, "fails" : 2,
 		"retries" : 1, "sample_1" : 9.80,
 		"sample_2" : -7.95, "sample_3" : 8.36,
 		"sample_4" : 0, "node_id" : 1},

	"1:224" : {"timestamp" : 1346182571, "air_time" : 5,
 		"sequence" : 224, "fails" : 1,
 		"retries" : 0, "sample_1" : 11.15,
 		"sample_2" : -7.81, "sample_3" : 6.30,
 		"sample_4" : 0, "node_id" : 1},

	"1:225" : {"timestamp" : 1346182572, "air_time" : 2,
 		"sequence" : 225, "fails" : 2,
 		"retries" : 0, "sample_1" : 10.20,
 		"sample_2" : -8.19, "sample_3" : 5.88,
 		"sample_4" : 0, "node_id" : 1},

	"1:226" : {"timestamp" : 1346182573, "air_time" : 4,
 		"sequence" : 226, "fails" : 1,
 		"retries" : 2, "sample_1" : 10.85,
 		"sample_2" : -6.32, "sample_3" : 3.33,
 		"sample_4" : 0, "node_id" : 1},

	"1:227" : {"timestamp" : 1346182574, "air_time" : 5,
 		"sequence" : 227, "fails" : 1,
 		"retries" : 1, "sample_1" : 10.10,
 		"sample_2" : -5.42, "sample_3" : 1.81,
 		"sample_4" : 0, "node_id" : 1},

	"1:228" : {"timestamp" : 1346182575, "air_time" : 0,
 		"sequence" : 228, "fails" : 0,
 		"retries" : 0, "sample_1" : 9.76,
 		"sample_2" : -4.55, "sample_3" : 0.67,
 		"sample_4" : 0, "node_id" : 1},

	"1:229" : {"timestamp" : 1346182576, "air_time" : 8,
 		"sequence" : 229, "fails" : 2,
 		"retries" : 1, "sample_1" : 9.36,
 		"sample_2" : -2.23, "sample_3" : -1.74,
 		"sample_4" : 0, "node_id" : 1},

	"1:230" : {"timestamp" : 1346182577, "air_time" : 2,
 		"sequence" : 230, "fails" : 1,
 		"retries" : 2, "sample_1" : 6.83,
 		"sample_2" : -1.13, "sample_3" : -2.97,
 		"sample_4" : 0, "node_id" : 1},

	"1:231" : {"timestamp" : 1346182578, "air_time" : 5,
 		"sequence" : 231, "fails" : 1,
 		"retries" : 2, "sample_1" : 6.80,
 		"sample_2" : 1.12, "sample_3" : -4.27,
 		"sample_4" : 0, "node_id" : 1},

	"1:232" : {"timestamp" : 1346182579, "air_time" : 5,
 		"sequence" : 232, "fails" : 0,
 		"retries" : 1, "sample_1" : 3.72,
 		"sample_2" : 4.04, "sample_3" : -6.28,
 		"sample_4" : 0, "node_id" : 1},

	"1:233" : {"timestamp" : 1346182580, "air_time" : 5,
 		"sequence" : 233, "fails" : 1,
 		"retries" : 1, "sample_1" : 3.24,
 		"sample_2" : 5.00, "sample_3" : -7.38,
 		"sample_4" : 0, "node_id" : 1},

	"1:234" : {"timestamp" : 1346182581, "air_time" : 6,
 		"sequence" : 234, "fails" : 2,
 		"retries" : 0, "sample_1" : 0.90,
 		"sample_2" : 6.74, "sample_3" : -7.83,
 		"sample_4" : 0, "node_id" : 1},

	"1:235" : {"timestamp" : 1346182582, "air_time" : 6,
 		"sequence" : 235, "fails" : 0,
 		"retries" : 0, "sample_1" : -0.44,
 		"sample_2" : 7.41, "sample_3" : -7.80,
 		"sample_4" : 0, "node_id" : 1},

	"1:236" : {"timestamp" : 1346182583, "air_time" : 9,
 		"sequence" : 236, "fails" : 3,
 		"retries" : 2, "sample_1" : -3.42,
 		"sample_2" : 9.48, "sample_3" : -8.87,
 		"sample_4" : 0, "node_id" : 1},

	"1:237" : {"timestamp" : 1346182584, "air_time" : 1,
 		"sequence" : 237, "fails" : 3,
 		"retries" : 1, "sample_1" : -3.70,
 		"sample_2" : 10.71, "sample_3" : -9.65,
 		"sample_4" : 0, "node_id" : 1},

	"1:238" : {"timestamp" : 1346182585, "air_time" : 9,
 		"sequence" : 238, "fails" : 0,
 		"retries" : 1, "sample_1" : -6.03,
 		"sample_2" : 10.36, "sample_3" : -8.72,
 		"sample_4" : 0, "node_id" : 1},

	"1:239" : {"timestamp" : 1346182586, "air_time" : 0,
 		"sequence" : 239, "fails" : 2,
 		"retries" : 0, "sample_1" : -7.36,
 		"sample_2" : 11.62, "sample_3" : -8.89,
 		"sample_4" : 0, "node_id" : 1},

	"1:240" : {"timestamp" : 1346182587, "air_time" : 3,
 		"sequence" : 240, "fails" : 1,
 		"retries" : 2, "sample_1" : -7.16,
 		"sample_2" : 11.89, "sample_3" : -8.10,
 		"sample_4" : 0, "node_id" : 1},

	"1:241" : {"timestamp" : 1346182588, "air_time" : 5,
 		"sequence" : 241, "fails" : 2,
 		"retries" : 0, "sample_1" : -9.10,
 		"sample_2" : 9.75, "sample_3" : -5.66,
 		"sample_4" : 0, "node_id" : 1},

	"1:242" : {"timestamp" : 1346182589, "air_time" : 3,
 		"sequence" : 242, "fails" : 0,
 		"retries" : 2, "sample_1" : -8.05,
 		"sample_2" : 11.01, "sample_3" : -4.90,
 		"sample_4" : 0, "node_id" : 1},

	"1:243" : {"timestamp" : 1346182590, "air_time" : 9,
 		"sequence" : 243, "fails" : 0,
 		"retries" : 0, "sample_1" : -8.90,
 		"sample_2" : 10.29, "sample_3" : -2.38,
 		"sample_4" : 0, "node_id" : 1},

	"1:244" : {"timestamp" : 1346182591, "air_time" : 0,
 		"sequence" : 244, "fails" : 1,
 		"retries" : 2, "sample_1" : -9.85,
 		"sample_2" : 8.12, "sample_3" : -1.13,
 		"sample_4" : 0, "node_id" : 1},

	"1:245" : {"timestamp" : 1346182592, "air_time" : 2,
 		"sequence" : 245, "fails" : 3,
 		"retries" : 1, "sample_1" : -8.00,
 		"sample_2" : 6.02, "sample_3" : 0.59,
 		"sample_4" : 0, "node_id" : 1},

	"1:246" : {"timestamp" : 1346182593, "air_time" : 8,
 		"sequence" : 246, "fails" : 2,
 		"retries" : 2, "sample_1" : -8.56,
 		"sample_2" : 6.15, "sample_3" : 2.33,
 		"sample_4" : 0, "node_id" : 1},

	"1:247" : {"timestamp" : 1346182594, "air_time" : 5,
 		"sequence" : 247, "fails" : 0,
 		"retries" : 2, "sample_1" : -6.36,
 		"sample_2" : 4.23, "sample_3" : 4.64,
 		"sample_4" : 0, "node_id" : 1},

	"1:248" : {"timestamp" : 1346182595, "air_time" : 7,
 		"sequence" : 248, "fails" : 3,
 		"retries" : 0, "sample_1" : -5.83,
 		"sample_2" : 2.13, "sample_3" : 6.27,
 		"sample_4" : 0, "node_id" : 1},

	"1:249" : {"timestamp" : 1346182596, "air_time" : 8,
 		"sequence" : 249, "fails" : 3,
 		"retries" : 0, "sample_1" : -4.60,
 		"sample_2" : 1.08, "sample_3" : 7.17,
 		"sample_4" : 0, "node_id" : 1},

	"1:250" : {"timestamp" : 1346182597, "air_time" : 5,
 		"sequence" : 250, "fails" : 2,
 		"retries" : 2, "sample_1" : -3.32,
 		"sample_2" : -0.44, "sample_3" : 7.78,
 		"sample_4" : 0, "node_id" : 1},

	"1:251" : {"timestamp" : 1346182598, "air_time" : 5,
 		"sequence" : 251, "fails" : 3,
 		"retries" : 0, "sample_1" : 0.16,
 		"sample_2" : -2.50, "sample_3" : 8.88,
 		"sample_4" : 0, "node_id" : 1},

	"1:252" : {"timestamp" : 1346182599, "air_time" : 4,
 		"sequence" : 252, "fails" : 1,
 		"retries" : 2, "sample_1" : 0.80,
 		"sample_2" : -3.64, "sample_3" : 9.43,
 		"sample_4" : 0, "node_id" : 1},

	"1:253" : {"timestamp" : 1346182600, "air_time" : 0,
 		"sequence" : 253, "fails" : 0,
 		"retries" : 1, "sample_1" : 3.34,
 		"sample_2" : -6.61, "sample_3" : 11.40,
 		"sample_4" : 0, "node_id" : 1},

	"1:254" : {"timestamp" : 1346182601, "air_time" : 9,
 		"sequence" : 254, "fails" : 0,
 		"retries" : 0, "sample_1" : 4.12,
 		"sample_2" : -7.48, "sample_3" : 11.37,
 		"sample_4" : 0, "node_id" : 1},

	"1:255" : {"timestamp" : 1346182602, "air_time" : 6,
 		"sequence" : 255, "fails" : 0,
 		"retries" : 1, "sample_1" : 6.90,
 		"sample_2" : -7.01, "sample_3" : 10.35,
 		"sample_4" : 0, "node_id" : 1},

	"1:256" : {"timestamp" : 1346182603, "air_time" : 7,
 		"sequence" : 256, "fails" : 3,
 		"retries" : 2, "sample_1" : 7.43,
 		"sample_2" : -7.76, "sample_3" : 10.92,
 		"sample_4" : 0, "node_id" : 1},

	"1:257" : {"timestamp" : 1346182604, "air_time" : 6,
 		"sequence" : 257, "fails" : 2,
 		"retries" : 1, "sample_1" : 9.36,
 		"sample_2" : -9.52, "sample_3" : 10.39,
 		"sample_4" : 0, "node_id" : 1},

	"1:258" : {"timestamp" : 1346182605, "air_time" : 3,
 		"sequence" : 258, "fails" : 2,
 		"retries" : 0, "sample_1" : 10.46,
 		"sample_2" : -9.69, "sample_3" : 8.60,
 		"sample_4" : 0, "node_id" : 1},

	"1:259" : {"timestamp" : 1346182606, "air_time" : 2,
 		"sequence" : 259, "fails" : 3,
 		"retries" : 2, "sample_1" : 10.40,
 		"sample_2" : -9.75, "sample_3" : 7.86,
 		"sample_4" : 0, "node_id" : 1},

	"1:260" : {"timestamp" : 1346182607, "air_time" : 9,
 		"sequence" : 260, "fails" : 1,
 		"retries" : 0, "sample_1" : 10.75,
 		"sample_2" : -7.61, "sample_3" : 7.40,
 		"sample_4" : 0, "node_id" : 1},

	"1:261" : {"timestamp" : 1346182608, "air_time" : 0,
 		"sequence" : 261, "fails" : 0,
 		"retries" : 0, "sample_1" : 11.30,
 		"sample_2" : -6.69, "sample_3" : 4.28,
 		"sample_4" : 0, "node_id" : 1},

	"1:262" : {"timestamp" : 1346182609, "air_time" : 0,
 		"sequence" : 262, "fails" : 1,
 		"retries" : 0, "sample_1" : 10.55,
 		"sample_2" : -6.02, "sample_3" : 2.43,
 		"sample_4" : 0, "node_id" : 1},

	"1:263" : {"timestamp" : 1346182610, "air_time" : 5,
 		"sequence" : 263, "fails" : 0,
 		"retries" : 1, "sample_1" : 11.30,
 		"sample_2" : -5.52, "sample_3" : 1.01,
 		"sample_4" : 0, "node_id" : 1},

	"1:264" : {"timestamp" : 1346182611, "air_time" : 6,
 		"sequence" : 264, "fails" : 3,
 		"retries" : 2, "sample_1" : 9.66,
 		"sample_2" : -3.35, "sample_3" : -0.63,
 		"sample_4" : 0, "node_id" : 1},

	"1:265" : {"timestamp" : 1346182612, "air_time" : 5,
 		"sequence" : 265, "fails" : 2,
 		"retries" : 2, "sample_1" : 8.36,
 		"sample_2" : -1.43, "sample_3" : -0.84,
 		"sample_4" : 0, "node_id" : 1},

	"1:266" : {"timestamp" : 1346182613, "air_time" : 6,
 		"sequence" : 266, "fails" : 3,
 		"retries" : 1, "sample_1" : 6.53,
 		"sample_2" : -0.13, "sample_3" : -2.57,
 		"sample_4" : 0, "node_id" : 1},

	"1:267" : {"timestamp" : 1346182614, "air_time" : 9,
 		"sequence" : 267, "fails" : 2,
 		"retries" : 1, "sample_1" : 5.40,
 		"sample_2" : 0.62, "sample_3" : -4.97,
 		"sample_4" : 0, "node_id" : 1},

	"1:268" : {"timestamp" : 1346182615, "air_time" : 1,
 		"sequence" : 268, "fails" : 3,
 		"retries" : 1, "sample_1" : 3.62,
 		"sample_2" : 2.44, "sample_3" : -6.58,
 		"sample_4" : 0, "node_id" : 1},

	"1:269" : {"timestamp" : 1346182616, "air_time" : 0,
 		"sequence" : 269, "fails" : 3,
 		"retries" : 2, "sample_1" : 2.84,
 		"sample_2" : 5.30, "sample_3" : -6.38,
 		"sample_4" : 0, "node_id" : 1},

	"1:270" : {"timestamp" : 1346182617, "air_time" : 7,
 		"sequence" : 270, "fails" : 3,
 		"retries" : 2, "sample_1" : 0.60,
 		"sample_2" : 7.34, "sample_3" : -8.33,
 		"sample_4" : 0, "node_id" : 1},

	"1:271" : {"timestamp" : 1346182618, "air_time" : 7,
 		"sequence" : 271, "fails" : 1,
 		"retries" : 0, "sample_1" : -1.54,
 		"sample_2" : 7.91, "sample_3" : -8.20,
 		"sample_4" : 0, "node_id" : 1},

	"1:272" : {"timestamp" : 1346182619, "air_time" : 9,
 		"sequence" : 272, "fails" : 0,
 		"retries" : 2, "sample_1" : -2.72,
 		"sample_2" : 9.28, "sample_3" : -8.77,
 		"sample_4" : 0, "node_id" : 1},

	"1:273" : {"timestamp" : 1346182620, "air_time" : 3,
 		"sequence" : 273, "fails" : 0,
 		"retries" : 2, "sample_1" : -3.50,
 		"sample_2" : 10.31, "sample_3" : -9.65,
 		"sample_4" : 0, "node_id" : 1},

	"1:274" : {"timestamp" : 1346182621, "air_time" : 4,
 		"sequence" : 274, "fails" : 1,
 		"retries" : 2, "sample_1" : -6.33,
 		"sample_2" : 9.76, "sample_3" : -9.02,
 		"sample_4" : 0, "node_id" : 1},

	"1:275" : {"timestamp" : 1346182622, "air_time" : 9,
 		"sequence" : 275, "fails" : 3,
 		"retries" : 2, "sample_1" : -6.96,
 		"sample_2" : 11.82, "sample_3" : -8.59,
 		"sample_4" : 0, "node_id" : 1},

	"1:276" : {"timestamp" : 1346182623, "air_time" : 6,
 		"sequence" : 276, "fails" : 2,
 		"retries" : 1, "sample_1" : -8.66,
 		"sample_2" : 11.59, "sample_3" : -7.90,
 		"sample_4" : 0, "node_id" : 1},

	"1:277" : {"timestamp" : 1346182624, "air_time" : 2,
 		"sequence" : 277, "fails" : 3,
 		"retries" : 0, "sample_1" : -8.20,
 		"sample_2" : 10.85, "sample_3" : -6.06,
 		"sample_4" : 0, "node_id" : 1},

	"1:278" : {"timestamp" : 1346182625, "air_time" : 0,
 		"sequence" : 278, "fails" : 3,
 		"retries" : 2, "sample_1" : -8.95,
 		"sample_2" : 10.11, "sample_3" : -4.50,
 		"sample_4" : 0, "node_id" : 1},

	"1:279" : {"timestamp" : 1346182626, "air_time" : 9,
 		"sequence" : 279, "fails" : 0,
 		"retries" : 2, "sample_1" : -9.80,
 		"sample_2" : 9.69, "sample_3" : -3.68,
 		"sample_4" : 0, "node_id" : 1},

	"1:280" : {"timestamp" : 1346182627, "air_time" : 4,
 		"sequence" : 280, "fails" : 2,
 		"retries" : 1, "sample_1" : -8.35,
 		"sample_2" : 7.32, "sample_3" : -0.73,
 		"sample_4" : 0, "node_id" : 1},

	"1:281" : {"timestamp" : 1346182628, "air_time" : 6,
 		"sequence" : 281, "fails" : 1,
 		"retries" : 0, "sample_1" : -8.10,
 		"sample_2" : 7.52, "sample_3" : 1.09,
 		"sample_4" : 0, "node_id" : 1},

	"1:282" : {"timestamp" : 1346182629, "air_time" : 7,
 		"sequence" : 282, "fails" : 2,
 		"retries" : 0, "sample_1" : -7.96,
 		"sample_2" : 5.45, "sample_3" : 1.03,
 		"sample_4" : 0, "node_id" : 1},

	"1:283" : {"timestamp" : 1346182630, "air_time" : 4,
 		"sequence" : 283, "fails" : 0,
 		"retries" : 2, "sample_1" : -7.36,
 		"sample_2" : 4.53, "sample_3" : 3.94,
 		"sample_4" : 0, "node_id" : 1},

	"1:284" : {"timestamp" : 1346182631, "air_time" : 7,
 		"sequence" : 284, "fails" : 0,
 		"retries" : 1, "sample_1" : -6.43,
 		"sample_2" : 1.53, "sample_3" : 4.57,
 		"sample_4" : 0, "node_id" : 1},

	"1:285" : {"timestamp" : 1346182632, "air_time" : 7,
 		"sequence" : 285, "fails" : 1,
 		"retries" : 1, "sample_1" : -4.80,
 		"sample_2" : -0.02, "sample_3" : 6.87,
 		"sample_4" : 0, "node_id" : 1},

	"1:286" : {"timestamp" : 1346182633, "air_time" : 5,
 		"sequence" : 286, "fails" : 3,
 		"retries" : 2, "sample_1" : -1.52,
 		"sample_2" : -1.34, "sample_3" : 7.28,
 		"sample_4" : 0, "node_id" : 1},

	"1:287" : {"timestamp" : 1346182634, "air_time" : 7,
 		"sequence" : 287, "fails" : 2,
 		"retries" : 1, "sample_1" : -0.74,
 		"sample_2" : -3.20, "sample_3" : 9.88,
 		"sample_4" : 0, "node_id" : 1},

	"1:288" : {"timestamp" : 1346182635, "air_time" : 9,
 		"sequence" : 288, "fails" : 3,
 		"retries" : 1, "sample_1" : 0.40,
 		"sample_2" : -3.94, "sample_3" : 10.33,
 		"sample_4" : 0, "node_id" : 1},

	"1:289" : {"timestamp" : 1346182636, "air_time" : 7,
 		"sequence" : 289, "fails" : 3,
 		"retries" : 1, "sample_1" : 2.74,
 		"sample_2" : -6.31, "sample_3" : 10.90,
 		"sample_4" : 0, "node_id" : 1},

	"1:290" : {"timestamp" : 1346182637, "air_time" : 2,
 		"sequence" : 290, "fails" : 3,
 		"retries" : 0, "sample_1" : 4.62,
 		"sample_2" : -6.68, "sample_3" : 10.77,
 		"sample_4" : 0, "node_id" : 1},

	"1:291" : {"timestamp" : 1346182638, "air_time" : 6,
 		"sequence" : 291, "fails" : 2,
 		"retries" : 0, "sample_1" : 6.00,
 		"sample_2" : -7.31, "sample_3" : 11.35,
 		"sample_4" : 0, "node_id" : 1},

	"1:292" : {"timestamp" : 1346182639, "air_time" : 3,
 		"sequence" : 292, "fails" : 0,
 		"retries" : 2, "sample_1" : 6.63,
 		"sample_2" : -9.26, "sample_3" : 11.42,
 		"sample_4" : 0, "node_id" : 1},

	"1:293" : {"timestamp" : 1346182640, "air_time" : 5,
 		"sequence" : 293, "fails" : 1,
 		"retries" : 0, "sample_1" : 7.66,
 		"sample_2" : -9.52, "sample_3" : 9.59,
 		"sample_4" : 0, "node_id" : 1},

	"1:294" : {"timestamp" : 1346182641, "air_time" : 7,
 		"sequence" : 294, "fails" : 0,
 		"retries" : 1, "sample_1" : 9.96,
 		"sample_2" : -9.39, "sample_3" : 9.60,
 		"sample_4" : 0, "node_id" : 1},

	"1:295" : {"timestamp" : 1346182642, "air_time" : 6,
 		"sequence" : 295, "fails" : 3,
 		"retries" : 2, "sample_1" : 11.00,
 		"sample_2" : -8.75, "sample_3" : 7.46,
 		"sample_4" : 0, "node_id" : 1},

	"1:296" : {"timestamp" : 1346182643, "air_time" : 5,
 		"sequence" : 296, "fails" : 2,
 		"retries" : 1, "sample_1" : 11.75,
 		"sample_2" : -8.51, "sample_3" : 5.60,
 		"sample_4" : 0, "node_id" : 1},

	"1:297" : {"timestamp" : 1346182644, "air_time" : 0,
 		"sequence" : 297, "fails" : 1,
 		"retries" : 1, "sample_1" : 10.10,
 		"sample_2" : -7.89, "sample_3" : 5.08,
 		"sample_4" : 0, "node_id" : 1},

	"1:298" : {"timestamp" : 1346182645, "air_time" : 7,
 		"sequence" : 298, "fails" : 2,
 		"retries" : 2, "sample_1" : 11.15,
 		"sample_2" : -5.92, "sample_3" : 4.23,
 		"sample_4" : 0, "node_id" : 1},

	"1:299" : {"timestamp" : 1346182646, "air_time" : 9,
 		"sequence" : 299, "fails" : 2,
 		"retries" : 1, "sample_1" : 10.50,
 		"sample_2" : -5.72, "sample_3" : 0.91,
 		"sample_4" : 0, "node_id" : 1},

	"1:300" : {"timestamp" : 1346182647, "air_time" : 1,
 		"sequence" : 300, "fails" : 1,
 		"retries" : 0, "sample_1" : 8.96,
 		"sample_2" : -3.45, "sample_3" : 0.37,
 		"sample_4" : 0, "node_id" : 1},

	"1:301" : {"timestamp" : 1346182648, "air_time" : 5,
 		"sequence" : 301, "fails" : 1,
 		"retries" : 0, "sample_1" : 8.76,
 		"sample_2" : -1.73, "sample_3" : -1.44,
 		"sample_4" : 0, "node_id" : 1},

	"1:302" : {"timestamp" : 1346182649, "air_time" : 3,
 		"sequence" : 302, "fails" : 0,
 		"retries" : 2, "sample_1" : 8.13,
 		"sample_2" : -0.93, "sample_3" : -2.57,
 		"sample_4" : 0, "node_id" : 1},

	"1:303" : {"timestamp" : 1346182650, "air_time" : 7,
 		"sequence" : 303, "fails" : 0,
 		"retries" : 2, "sample_1" : 6.40,
 		"sample_2" : 1.02, "sample_3" : -4.17,
 		"sample_4" : 0, "node_id" : 1},

	"1:304" : {"timestamp" : 1346182651, "air_time" : 6,
 		"sequence" : 304, "fails" : 1,
 		"retries" : 2, "sample_1" : 3.62,
 		"sample_2" : 2.94, "sample_3" : -6.88,
 		"sample_4" : 0, "node_id" : 1},

	"1:305" : {"timestamp" : 1346182652, "air_time" : 8,
 		"sequence" : 305, "fails" : 2,
 		"retries" : 1, "sample_1" : 2.94,
 		"sample_2" : 5.60, "sample_3" : -8.08,
 		"sample_4" : 0, "node_id" : 1},

	"1:306" : {"timestamp" : 1346182653, "air_time" : 6,
 		"sequence" : 306, "fails" : 3,
 		"retries" : 0, "sample_1" : 0.00,
 		"sample_2" : 5.44, "sample_3" : -7.23,
 		"sample_4" : 0, "node_id" : 1},

	"1:307" : {"timestamp" : 1346182654, "air_time" : 8,
 		"sequence" : 307, "fails" : 2,
 		"retries" : 0, "sample_1" : -1.74,
 		"sample_2" : 7.61, "sample_3" : -8.60,
 		"sample_4" : 0, "node_id" : 1},

	"1:308" : {"timestamp" : 1346182655, "air_time" : 4,
 		"sequence" : 308, "fails" : 3,
 		"retries" : 1, "sample_1" : -3.32,
 		"sample_2" : 9.48, "sample_3" : -9.57,
 		"sample_4" : 0, "node_id" : 1},

	"1:309" : {"timestamp" : 1346182656, "air_time" : 4,
 		"sequence" : 309, "fails" : 0,
 		"retries" : 1, "sample_1" : -3.10,
 		"sample_2" : 10.41, "sample_3" : -9.15,
 		"sample_4" : 0, "node_id" : 1},

	"1:310" : {"timestamp" : 1346182657, "air_time" : 4,
 		"sequence" : 310, "fails" : 2,
 		"retries" : 2, "sample_1" : -4.83,
 		"sample_2" : 11.16, "sample_3" : -8.62,
 		"sample_4" : 0, "node_id" : 1},

	"1:311" : {"timestamp" : 1346182658, "air_time" : 8,
 		"sequence" : 311, "fails" : 2,
 		"retries" : 0, "sample_1" : -7.66,
 		"sample_2" : 10.52, "sample_3" : -7.89,
 		"sample_4" : 0, "node_id" : 1},

	"1:312" : {"timestamp" : 1346182659, "air_time" : 9,
 		"sequence" : 312, "fails" : 1,
 		"retries" : 2, "sample_1" : -7.96,
 		"sample_2" : 10.29, "sample_3" : -6.60,
 		"sample_4" : 0, "node_id" : 1},

	"1:313" : {"timestamp" : 1346182660, "air_time" : 3,
 		"sequence" : 313, "fails" : 1,
 		"retries" : 1, "sample_1" : -8.50,
 		"sample_2" : 11.45, "sample_3" : -6.96,
 		"sample_4" : 0, "node_id" : 1},

	"1:314" : {"timestamp" : 1346182661, "air_time" : 6,
 		"sequence" : 314, "fails" : 0,
 		"retries" : 0, "sample_1" : -8.45,
 		"sample_2" : 9.61, "sample_3" : -5.00,
 		"sample_4" : 0, "node_id" : 1},

	"1:315" : {"timestamp" : 1346182662, "air_time" : 1,
 		"sequence" : 315, "fails" : 0,
 		"retries" : 1, "sample_1" : -9.90,
 		"sample_2" : 8.89, "sample_3" : -2.98,
 		"sample_4" : 0, "node_id" : 1},

	"1:316" : {"timestamp" : 1346182663, "air_time" : 9,
 		"sequence" : 316, "fails" : 3,
 		"retries" : 1, "sample_1" : -8.65,
 		"sample_2" : 8.72, "sample_3" : -1.23,
 		"sample_4" : 0, "node_id" : 1},

	"1:317" : {"timestamp" : 1346182664, "air_time" : 7,
 		"sequence" : 317, "fails" : 2,
 		"retries" : 0, "sample_1" : -9.20,
 		"sample_2" : 7.22, "sample_3" : -0.11,
 		"sample_4" : 0, "node_id" : 1},

	"1:318" : {"timestamp" : 1346182665, "air_time" : 8,
 		"sequence" : 318, "fails" : 0,
 		"retries" : 0, "sample_1" : -6.76,
 		"sample_2" : 6.25, "sample_3" : 1.63,
 		"sample_4" : 0, "node_id" : 1},

	"1:319" : {"timestamp" : 1346182666, "air_time" : 7,
 		"sequence" : 319, "fails" : 3,
 		"retries" : 1, "sample_1" : -6.06,
 		"sample_2" : 4.43, "sample_3" : 2.84,
 		"sample_4" : 0, "node_id" : 1},

	"1:320" : {"timestamp" : 1346182667, "air_time" : 8,
 		"sequence" : 320, "fails" : 1,
 		"retries" : 1, "sample_1" : -5.23,
 		"sample_2" : 1.93, "sample_3" : 5.97,
 		"sample_4" : 0, "node_id" : 1},

	"1:321" : {"timestamp" : 1346182668, "air_time" : 2,
 		"sequence" : 321, "fails" : 3,
 		"retries" : 2, "sample_1" : -4.60,
 		"sample_2" : 0.98, "sample_3" : 7.07,
 		"sample_4" : 0, "node_id" : 1},

	"1:322" : {"timestamp" : 1346182669, "air_time" : 7,
 		"sequence" : 322, "fails" : 0,
 		"retries" : 0, "sample_1" : -1.62,
 		"sample_2" : -1.74, "sample_3" : 7.78,
 		"sample_4" : 0, "node_id" : 1},

	"1:323" : {"timestamp" : 1346182670, "air_time" : 5,
 		"sequence" : 323, "fails" : 0,
 		"retries" : 2, "sample_1" : -1.24,
 		"sample_2" : -2.80, "sample_3" : 10.08,
 		"sample_4" : 0, "node_id" : 1},

	"1:324" : {"timestamp" : 1346182671, "air_time" : 0,
 		"sequence" : 324, "fails" : 0,
 		"retries" : 2, "sample_1" : 1.40,
 		"sample_2" : -4.64, "sample_3" : 9.43,
 		"sample_4" : 0, "node_id" : 1},

	"1:325" : {"timestamp" : 1346182672, "air_time" : 7,
 		"sequence" : 325, "fails" : 0,
 		"retries" : 0, "sample_1" : 3.64,
 		"sample_2" : -6.71, "sample_3" : 11.60,
 		"sample_4" : 0, "node_id" : 1},

	"1:326" : {"timestamp" : 1346182673, "air_time" : 0,
 		"sequence" : 326, "fails" : 2,
 		"retries" : 2, "sample_1" : 5.32,
 		"sample_2" : -7.48, "sample_3" : 10.67,
 		"sample_4" : 0, "node_id" : 1},

	"1:327" : {"timestamp" : 1346182674, "air_time" : 4,
 		"sequence" : 327, "fails" : 2,
 		"retries" : 1, "sample_1" : 6.30,
 		"sample_2" : -7.01, "sample_3" : 11.35,
 		"sample_4" : 0, "node_id" : 1},

	"1:328" : {"timestamp" : 1346182675, "air_time" : 9,
 		"sequence" : 328, "fails" : 0,
 		"retries" : 2, "sample_1" : 8.23,
 		"sample_2" : -9.36, "sample_3" : 9.62,
 		"sample_4" : 0, "node_id" : 1},

	"1:329" : {"timestamp" : 1346182676, "air_time" : 0,
 		"sequence" : 329, "fails" : 3,
 		"retries" : 1, "sample_1" : 8.36,
 		"sample_2" : -8.22, "sample_3" : 9.99,
 		"sample_4" : 0, "node_id" : 1},

	"1:330" : {"timestamp" : 1346182677, "air_time" : 8,
 		"sequence" : 330, "fails" : 2,
 		"retries" : 0, "sample_1" : 10.26,
 		"sample_2" : -9.19, "sample_3" : 9.00,
 		"sample_4" : 0, "node_id" : 1},

	"1:331" : {"timestamp" : 1346182678, "air_time" : 1,
 		"sequence" : 331, "fails" : 0,
 		"retries" : 1, "sample_1" : 9.40,
 		"sample_2" : -8.25, "sample_3" : 8.16,
 		"sample_4" : 0, "node_id" : 1},

	"1:332" : {"timestamp" : 1346182679, "air_time" : 0,
 		"sequence" : 332, "fails" : 3,
 		"retries" : 1, "sample_1" : 11.25,
 		"sample_2" : -7.41, "sample_3" : 5.90,
 		"sample_4" : 0, "node_id" : 1},

	"1:333" : {"timestamp" : 1346182680, "air_time" : 6,
 		"sequence" : 333, "fails" : 2,
 		"retries" : 0, "sample_1" : 11.40,
 		"sample_2" : -8.09, "sample_3" : 5.88,
 		"sample_4" : 0, "node_id" : 1},

	"1:334" : {"timestamp" : 1346182681, "air_time" : 4,
 		"sequence" : 334, "fails" : 3,
 		"retries" : 2, "sample_1" : 11.25,
 		"sample_2" : -7.12, "sample_3" : 3.53,
 		"sample_4" : 0, "node_id" : 1},

	"1:335" : {"timestamp" : 1346182682, "air_time" : 0,
 		"sequence" : 335, "fails" : 0,
 		"retries" : 1, "sample_1" : 9.90,
 		"sample_2" : -5.92, "sample_3" : 1.01,
 		"sample_4" : 0, "node_id" : 1},

	"1:336" : {"timestamp" : 1346182683, "air_time" : 9,
 		"sequence" : 336, "fails" : 2,
 		"retries" : 1, "sample_1" : 10.46,
 		"sample_2" : -4.05, "sample_3" : -0.43,
 		"sample_4" : 0, "node_id" : 1},

	"1:337" : {"timestamp" : 1346182684, "air_time" : 4,
 		"sequence" : 337, "fails" : 0,
 		"retries" : 2, "sample_1" : 8.06,
 		"sample_2" : -1.53, "sample_3" : -2.54,
 		"sample_4" : 0, "node_id" : 1},

	"1:338" : {"timestamp" : 1346182685, "air_time" : 7,
 		"sequence" : 338, "fails" : 0,
 		"retries" : 1, "sample_1" : 7.63,
 		"sample_2" : 0.27, "sample_3" : -3.17,
 		"sample_4" : 0, "node_id" : 1},

	"1:339" : {"timestamp" : 1346182686, "air_time" : 0,
 		"sequence" : 339, "fails" : 1,
 		"retries" : 2, "sample_1" : 6.60,
 		"sample_2" : 1.02, "sample_3" : -4.67,
 		"sample_4" : 0, "node_id" : 1},

	"1:340" : {"timestamp" : 1346182687, "air_time" : 3,
 		"sequence" : 340, "fails" : 3,
 		"retries" : 0, "sample_1" : 3.72,
 		"sample_2" : 2.44, "sample_3" : -6.78,
 		"sample_4" : 0, "node_id" : 1},

	"1:341" : {"timestamp" : 1346182688, "air_time" : 3,
 		"sequence" : 341, "fails" : 2,
 		"retries" : 0, "sample_1" : 3.14,
 		"sample_2" : 4.70, "sample_3" : -6.68,
 		"sample_4" : 0, "node_id" : 1},

	"1:342" : {"timestamp" : 1346182689, "air_time" : 8,
 		"sequence" : 342, "fails" : 3,
 		"retries" : 2, "sample_1" : 1.00,
 		"sample_2" : 6.74, "sample_3" : -7.63,
 		"sample_4" : 0, "node_id" : 1},

	"1:343" : {"timestamp" : 1346182690, "air_time" : 9,
 		"sequence" : 343, "fails" : 3,
 		"retries" : 0, "sample_1" : -1.24,
 		"sample_2" : 6.81, "sample_3" : -8.10,
 		"sample_4" : 0, "node_id" : 1},

	"1:344" : {"timestamp" : 1346182691, "air_time" : 3,
 		"sequence" : 344, "fails" : 1,
 		"retries" : 2, "sample_1" : -2.72,
 		"sample_2" : 9.28, "sample_3" : -9.17,
 		"sample_4" : 0, "node_id" : 1},

	"1:345" : {"timestamp" : 1346182692, "air_time" : 5,
 		"sequence" : 345, "fails" : 1,
 		"retries" : 2, "sample_1" : -3.40,
 		"sample_2" : 10.71, "sample_3" : -8.25,
 		"sample_4" : 0, "node_id" : 1},

	"1:346" : {"timestamp" : 1346182693, "air_time" : 1,
 		"sequence" : 346, "fails" : 1,
 		"retries" : 2, "sample_1" : -4.63,
 		"sample_2" : 9.76, "sample_3" : -7.92,
 		"sample_4" : 0, "node_id" : 1},

	"1:347" : {"timestamp" : 1346182694, "air_time" : 0,
 		"sequence" : 347, "fails" : 3,
 		"retries" : 0, "sample_1" : -7.46,
 		"sample_2" : 10.12, "sample_3" : -7.39,
 		"sample_4" : 0, "node_id" : 1},

	"1:348" : {"timestamp" : 1346182695, "air_time" : 0,
 		"sequence" : 348, "fails" : 1,
 		"retries" : 0, "sample_1" : -7.76,
 		"sample_2" : 11.49, "sample_3" : -6.20,
 		"sample_4" : 0, "node_id" : 1},

	"1:349" : {"timestamp" : 1346182696, "air_time" : 8,
 		"sequence" : 349, "fails" : 0,
 		"retries" : 1, "sample_1" : -8.70,
 		"sample_2" : 10.15, "sample_3" : -5.46,
 		"sample_4" : 0, "node_id" : 1},

	"1:350" : {"timestamp" : 1346182697, "air_time" : 2,
 		"sequence" : 350, "fails" : 1,
 		"retries" : 0, "sample_1" : -8.95,
 		"sample_2" : 11.01, "sample_3" : -3.90,
 		"sample_4" : 0, "node_id" : 1},

	"1:351" : {"timestamp" : 1346182698, "air_time" : 2,
 		"sequence" : 351, "fails" : 2,
 		"retries" : 1, "sample_1" : -8.50,
 		"sample_2" : 9.59, "sample_3" : -3.18,
 		"sample_4" : 0, "node_id" : 1},

	"1:352" : {"timestamp" : 1346182699, "air_time" : 6,
 		"sequence" : 352, "fails" : 3,
 		"retries" : 1, "sample_1" : -9.65,
 		"sample_2" : 7.32, "sample_3" : -1.43,
 		"sample_4" : 0, "node_id" : 1},

	"1:353" : {"timestamp" : 1346182700, "air_time" : 9,
 		"sequence" : 353, "fails" : 2,
 		"retries" : 1, "sample_1" : -9.20,
 		"sample_2" : 6.72, "sample_3" : -0.21,
 		"sample_4" : 0, "node_id" : 1},

	"1:354" : {"timestamp" : 1346182701, "air_time" : 3,
 		"sequence" : 354, "fails" : 3,
 		"retries" : 0, "sample_1" : -8.36,
 		"sample_2" : 4.65, "sample_3" : 2.23,
 		"sample_4" : 0, "node_id" : 1},

	"1:355" : {"timestamp" : 1346182702, "air_time" : 3,
 		"sequence" : 355, "fails" : 1,
 		"retries" : 2, "sample_1" : -6.46,
 		"sample_2" : 4.13, "sample_3" : 2.84,
 		"sample_4" : 0, "node_id" : 1},

	"1:356" : {"timestamp" : 1346182703, "air_time" : 2,
 		"sequence" : 356, "fails" : 3,
 		"retries" : 0, "sample_1" : -5.63,
 		"sample_2" : 2.53, "sample_3" : 5.97,
 		"sample_4" : 0, "node_id" : 1},

	"1:357" : {"timestamp" : 1346182704, "air_time" : 8,
 		"sequence" : 357, "fails" : 2,
 		"retries" : 1, "sample_1" : -4.60,
 		"sample_2" : 1.38, "sample_3" : 7.07,
 		"sample_4" : 0, "node_id" : 1},

	"1:358" : {"timestamp" : 1346182705, "air_time" : 2,
 		"sequence" : 358, "fails" : 3,
 		"retries" : 0, "sample_1" : -3.02,
 		"sample_2" : -0.94, "sample_3" : 8.28,
 		"sample_4" : 0, "node_id" : 1},

	"1:359" : {"timestamp" : 1346182706, "air_time" : 8,
 		"sequence" : 359, "fails" : 0,
 		"retries" : 1, "sample_1" : -1.04,
 		"sample_2" : -2.00, "sample_3" : 9.88,
 		"sample_4" : 0, "node_id" : 1},

	"1:360" : {"timestamp" : 1346182707, "air_time" : 7,
 		"sequence" : 360, "fails" : 0,
 		"retries" : 1, "sample_1" : 1.00,
 		"sample_2" : -4.84, "sample_3" : 9.33,
 		"sample_4" : 0, "node_id" : 1},

	"1:361" : {"timestamp" : 1346182708, "air_time" : 7,
 		"sequence" : 361, "fails" : 2,
 		"retries" : 0, "sample_1" : 3.04,
 		"sample_2" : -6.01, "sample_3" : 11.10,
 		"sample_4" : 0, "node_id" : 1},

	"1:362" : {"timestamp" : 1346182709, "air_time" : 1,
 		"sequence" : 362, "fails" : 1,
 		"retries" : 2, "sample_1" : 4.82,
 		"sample_2" : -7.98, "sample_3" : 10.27,
 		"sample_4" : 0, "node_id" : 1},

	"1:363" : {"timestamp" : 1346182710, "air_time" : 1,
 		"sequence" : 363, "fails" : 2,
 		"retries" : 0, "sample_1" : 6.60,
 		"sample_2" : -8.81, "sample_3" : 10.45,
 		"sample_4" : 0, "node_id" : 1},

	"1:364" : {"timestamp" : 1346182711, "air_time" : 4,
 		"sequence" : 364, "fails" : 0,
 		"retries" : 1, "sample_1" : 7.63,
 		"sample_2" : -9.46, "sample_3" : 10.42,
 		"sample_4" : 0, "node_id" : 1},

	"1:365" : {"timestamp" : 1346182712, "air_time" : 6,
 		"sequence" : 365, "fails" : 0,
 		"retries" : 0, "sample_1" : 9.26,
 		"sample_2" : -9.22, "sample_3" : 9.19,
 		"sample_4" : 0, "node_id" : 1},

	"1:366" : {"timestamp" : 1346182713, "air_time" : 4,
 		"sequence" : 366, "fails" : 0,
 		"retries" : 2, "sample_1" : 9.86,
 		"sample_2" : -8.29, "sample_3" : 8.50,
 		"sample_4" : 0, "node_id" : 1},

	"1:367" : {"timestamp" : 1346182714, "air_time" : 5,
 		"sequence" : 367, "fails" : 0,
 		"retries" : 0, "sample_1" : 9.40,
 		"sample_2" : -8.95, "sample_3" : 8.66,
 		"sample_4" : 0, "node_id" : 1},

	"1:368" : {"timestamp" : 1346182715, "air_time" : 3,
 		"sequence" : 368, "fails" : 0,
 		"retries" : 0, "sample_1" : 11.05,
 		"sample_2" : -7.61, "sample_3" : 6.60,
 		"sample_4" : 0, "node_id" : 1},

	"1:369" : {"timestamp" : 1346182716, "air_time" : 5,
 		"sequence" : 369, "fails" : 2,
 		"retries" : 0, "sample_1" : 10.50,
 		"sample_2" : -7.69, "sample_3" : 5.78,
 		"sample_4" : 0, "node_id" : 1},

	"1:370" : {"timestamp" : 1346182717, "air_time" : 0,
 		"sequence" : 370, "fails" : 0,
 		"retries" : 0, "sample_1" : 10.55,
 		"sample_2" : -6.72, "sample_3" : 3.43,
 		"sample_4" : 0, "node_id" : 1},

	"1:371" : {"timestamp" : 1346182718, "air_time" : 9,
 		"sequence" : 371, "fails" : 2,
 		"retries" : 0, "sample_1" : 11.00,
 		"sample_2" : -4.92, "sample_3" : 2.51,
 		"sample_4" : 0, "node_id" : 1},

	"1:372" : {"timestamp" : 1346182719, "air_time" : 1,
 		"sequence" : 372, "fails" : 2,
 		"retries" : 2, "sample_1" : 8.96,
 		"sample_2" : -4.55, "sample_3" : -0.73,
 		"sample_4" : 0, "node_id" : 1},

	"1:373" : {"timestamp" : 1346182720, "air_time" : 5,
 		"sequence" : 373, "fails" : 3,
 		"retries" : 0, "sample_1" : 9.26,
 		"sample_2" : -1.03, "sample_3" : -2.74,
 		"sample_4" : 0, "node_id" : 1},

	"1:374" : {"timestamp" : 1346182721, "air_time" : 3,
 		"sequence" : 374, "fails" : 2,
 		"retries" : 2, "sample_1" : 7.03,
 		"sample_2" : 0.57, "sample_3" : -2.87,
 		"sample_4" : 0, "node_id" : 1},

	"1:375" : {"timestamp" : 1346182722, "air_time" : 6,
 		"sequence" : 375, "fails" : 2,
 		"retries" : 1, "sample_1" : 5.70,
 		"sample_2" : 2.42, "sample_3" : -4.57,
 		"sample_4" : 0, "node_id" : 1},

	"1:376" : {"timestamp" : 1346182723, "air_time" : 0,
 		"sequence" : 376, "fails" : 0,
 		"retries" : 1, "sample_1" : 4.12,
 		"sample_2" : 2.54, "sample_3" : -6.28,
 		"sample_4" : 0, "node_id" : 1},

	"1:377" : {"timestamp" : 1346182724, "air_time" : 1,
 		"sequence" : 377, "fails" : 2,
 		"retries" : 1, "sample_1" : 1.74,
 		"sample_2" : 4.20, "sample_3" : -7.08,
 		"sample_4" : 0, "node_id" : 1},

	"1:378" : {"timestamp" : 1346182725, "air_time" : 8,
 		"sequence" : 378, "fails" : 3,
 		"retries" : 0, "sample_1" : 0.50,
 		"sample_2" : 5.64, "sample_3" : -8.23,
 		"sample_4" : 0, "node_id" : 1},

	"1:379" : {"timestamp" : 1346182726, "air_time" : 6,
 		"sequence" : 379, "fails" : 1,
 		"retries" : 0, "sample_1" : 0.06,
 		"sample_2" : 8.51, "sample_3" : -9.00,
 		"sample_4" : 0, "node_id" : 1},

	"1:380" : {"timestamp" : 1346182727, "air_time" : 5,
 		"sequence" : 380, "fails" : 2,
 		"retries" : 2, "sample_1" : -2.72,
 		"sample_2" : 9.08, "sample_3" : -9.97,
 		"sample_4" : 0, "node_id" : 1},

	"1:381" : {"timestamp" : 1346182728, "air_time" : 2,
 		"sequence" : 381, "fails" : 0,
 		"retries" : 2, "sample_1" : -3.30,
 		"sample_2" : 9.91, "sample_3" : -8.75,
 		"sample_4" : 0, "node_id" : 1},

	"1:382" : {"timestamp" : 1346182729, "air_time" : 8,
 		"sequence" : 382, "fails" : 2,
 		"retries" : 1, "sample_1" : -6.33,
 		"sample_2" : 10.16, "sample_3" : -7.72,
 		"sample_4" : 0, "node_id" : 1},

	"1:383" : {"timestamp" : 1346182730, "air_time" : 5,
 		"sequence" : 383, "fails" : 0,
 		"retries" : 2, "sample_1" : -7.46,
 		"sample_2" : 10.52, "sample_3" : -7.09,
 		"sample_4" : 0, "node_id" : 1},

	"1:384" : {"timestamp" : 1346182731, "air_time" : 3,
 		"sequence" : 384, "fails" : 0,
 		"retries" : 0, "sample_1" : -7.06,
 		"sample_2" : 11.69, "sample_3" : -6.30,
 		"sample_4" : 0, "node_id" : 1},

	"1:385" : {"timestamp" : 1346182732, "air_time" : 8,
 		"sequence" : 385, "fails" : 1,
 		"retries" : 1, "sample_1" : -8.00,
 		"sample_2" : 11.25, "sample_3" : -5.26,
 		"sample_4" : 0, "node_id" : 1},

	"1:386" : {"timestamp" : 1346182733, "air_time" : 7,
 		"sequence" : 386, "fails" : 0,
 		"retries" : 1, "sample_1" : -9.85,
 		"sample_2" : 10.81, "sample_3" : -5.10,
 		"sample_4" : 0, "node_id" : 1},

	"1:387" : {"timestamp" : 1346182734, "air_time" : 7,
 		"sequence" : 387, "fails" : 3,
 		"retries" : 2, "sample_1" : -8.40,
 		"sample_2" : 8.69, "sample_3" : -3.08,
 		"sample_4" : 0, "node_id" : 1},

	"1:388" : {"timestamp" : 1346182735, "air_time" : 7,
 		"sequence" : 388, "fails" : 1,
 		"retries" : 1, "sample_1" : -9.55,
 		"sample_2" : 7.42, "sample_3" : -1.73,
 		"sample_4" : 0, "node_id" : 1},

	"1:389" : {"timestamp" : 1346182736, "air_time" : 9,
 		"sequence" : 389, "fails" : 2,
 		"retries" : 1, "sample_1" : -8.80,
 		"sample_2" : 6.82, "sample_3" : 0.29,
 		"sample_4" : 0, "node_id" : 1},

	"1:390" : {"timestamp" : 1346182737, "air_time" : 0,
 		"sequence" : 390, "fails" : 1,
 		"retries" : 1, "sample_1" : -6.76,
 		"sample_2" : 5.95, "sample_3" : 1.33,
 		"sample_4" : 0, "node_id" : 1},

	"1:391" : {"timestamp" : 1346182738, "air_time" : 8,
 		"sequence" : 391, "fails" : 3,
 		"retries" : 0, "sample_1" : -6.06,
 		"sample_2" : 3.23, "sample_3" : 4.24,
 		"sample_4" : 0, "node_id" : 1},

	"1:392" : {"timestamp" : 1346182739, "air_time" : 5,
 		"sequence" : 392, "fails" : 0,
 		"retries" : 2, "sample_1" : -4.63,
 		"sample_2" : 2.93, "sample_3" : 5.27,
 		"sample_4" : 0, "node_id" : 1},

	"1:393" : {"timestamp" : 1346182740, "air_time" : 6,
 		"sequence" : 393, "fails" : 0,
 		"retries" : 1, "sample_1" : -4.60,
 		"sample_2" : 0.78, "sample_3" : 6.47,
 		"sample_4" : 0, "node_id" : 1},

	"1:394" : {"timestamp" : 1346182741, "air_time" : 3,
 		"sequence" : 394, "fails" : 3,
 		"retries" : 1, "sample_1" : -2.42,
 		"sample_2" : -2.04, "sample_3" : 7.48,
 		"sample_4" : 0, "node_id" : 1},

	"1:395" : {"timestamp" : 1346182742, "air_time" : 4,
 		"sequence" : 395, "fails" : 2,
 		"retries" : 0, "sample_1" : -0.14,
 		"sample_2" : -2.00, "sample_3" : 9.38,
 		"sample_4" : 0, "node_id" : 1},

	"1:396" : {"timestamp" : 1346182743, "air_time" : 3,
 		"sequence" : 396, "fails" : 3,
 		"retries" : 0, "sample_1" : 1.60,
 		"sample_2" : -4.04, "sample_3" : 10.03,
 		"sample_4" : 0, "node_id" : 1},

	"1:397" : {"timestamp" : 1346182744, "air_time" : 4,
 		"sequence" : 397, "fails" : 2,
 		"retries" : 0, "sample_1" : 2.94,
 		"sample_2" : -6.51, "sample_3" : 10.20,
 		"sample_4" : 0, "node_id" : 1},

	"1:398" : {"timestamp" : 1346182745, "air_time" : 7,
 		"sequence" : 398, "fails" : 3,
 		"retries" : 2, "sample_1" : 5.32,
 		"sample_2" : -6.28, "sample_3" : 11.67,
 		"sample_4" : 0, "node_id" : 1},

	"1:399" : {"timestamp" : 1346182746, "air_time" : 8,
 		"sequence" : 399, "fails" : 3,
 		"retries" : 0, "sample_1" : 5.30,
 		"sample_2" : -7.61, "sample_3" : 11.55,
 		"sample_4" : 0, "node_id" : 1},

	"1:400" : {"timestamp" : 1346182747, "air_time" : 6,
 		"sequence" : 400, "fails" : 0,
 		"retries" : 2, "sample_1" : 6.43,
 		"sample_2" : -7.96, "sample_3" : 11.02,
 		"sample_4" : 0, "node_id" : 1},

	"1:401" : {"timestamp" : 1346182748, "air_time" : 2,
 		"sequence" : 401, "fails" : 0,
 		"retries" : 2, "sample_1" : 9.36,
 		"sample_2" : -8.42, "sample_3" : 9.99,
 		"sample_4" : 0, "node_id" : 1},

	"1:402" : {"timestamp" : 1346182749, "air_time" : 1,
 		"sequence" : 402, "fails" : 3,
 		"retries" : 0, "sample_1" : 8.96,
 		"sample_2" : -9.79, "sample_3" : 9.70,
 		"sample_4" : 0, "node_id" : 1},

	"1:403" : {"timestamp" : 1346182750, "air_time" : 5,
 		"sequence" : 403, "fails" : 2,
 		"retries" : 1, "sample_1" : 10.00,
 		"sample_2" : -9.45, "sample_3" : 8.16,
 		"sample_4" : 0, "node_id" : 1},

	"1:404" : {"timestamp" : 1346182751, "air_time" : 0,
 		"sequence" : 404, "fails" : 0,
 		"retries" : 1, "sample_1" : 9.85,
 		"sample_2" : -9.11, "sample_3" : 6.10,
 		"sample_4" : 0, "node_id" : 1},

	"1:405" : {"timestamp" : 1346182752, "air_time" : 7,
 		"sequence" : 405, "fails" : 2,
 		"retries" : 2, "sample_1" : 10.00,
 		"sample_2" : -7.89, "sample_3" : 4.38,
 		"sample_4" : 0, "node_id" : 1},

	"1:406" : {"timestamp" : 1346182753, "air_time" : 9,
 		"sequence" : 406, "fails" : 3,
 		"retries" : 2, "sample_1" : 10.95,
 		"sample_2" : -5.42, "sample_3" : 4.33,
 		"sample_4" : 0, "node_id" : 1},

	"1:407" : {"timestamp" : 1346182754, "air_time" : 0,
 		"sequence" : 407, "fails" : 1,
 		"retries" : 0, "sample_1" : 9.90,
 		"sample_2" : -4.72, "sample_3" : 1.81,
 		"sample_4" : 0, "node_id" : 1},

	"1:408" : {"timestamp" : 1346182755, "air_time" : 9,
 		"sequence" : 408, "fails" : 1,
 		"retries" : 1, "sample_1" : 9.36,
 		"sample_2" : -4.45, "sample_3" : -0.73,
 		"sample_4" : 0, "node_id" : 1},

	"1:409" : {"timestamp" : 1346182756, "air_time" : 1,
 		"sequence" : 409, "fails" : 3,
 		"retries" : 1, "sample_1" : 7.76,
 		"sample_2" : -2.43, "sample_3" : -1.04,
 		"sample_4" : 0, "node_id" : 1},

	"1:410" : {"timestamp" : 1346182757, "air_time" : 9,
 		"sequence" : 410, "fails" : 1,
 		"retries" : 0, "sample_1" : 6.43,
 		"sample_2" : -0.63, "sample_3" : -4.07,
 		"sample_4" : 0, "node_id" : 1},

	"1:411" : {"timestamp" : 1346182758, "air_time" : 5,
 		"sequence" : 411, "fails" : 1,
 		"retries" : 2, "sample_1" : 6.70,
 		"sample_2" : 0.52, "sample_3" : -4.97,
 		"sample_4" : 0, "node_id" : 1},

	"1:412" : {"timestamp" : 1346182759, "air_time" : 4,
 		"sequence" : 412, "fails" : 2,
 		"retries" : 2, "sample_1" : 3.82,
 		"sample_2" : 3.54, "sample_3" : -5.68,
 		"sample_4" : 0, "node_id" : 1},

	"1:413" : {"timestamp" : 1346182760, "air_time" : 0,
 		"sequence" : 413, "fails" : 2,
 		"retries" : 2, "sample_1" : 2.74,
 		"sample_2" : 3.90, "sample_3" : -8.08,
 		"sample_4" : 0, "node_id" : 1},

	"1:414" : {"timestamp" : 1346182761, "air_time" : 5,
 		"sequence" : 414, "fails" : 0,
 		"retries" : 0, "sample_1" : 0.80,
 		"sample_2" : 7.14, "sample_3" : -8.93,
 		"sample_4" : 0, "node_id" : 1},

	"1:415" : {"timestamp" : 1346182762, "air_time" : 3,
 		"sequence" : 415, "fails" : 0,
 		"retries" : 1, "sample_1" : -1.74,
 		"sample_2" : 8.41, "sample_3" : -8.80,
 		"sample_4" : 0, "node_id" : 1},

	"1:416" : {"timestamp" : 1346182763, "air_time" : 9,
 		"sequence" : 416, "fails" : 0,
 		"retries" : 2, "sample_1" : -2.22,
 		"sample_2" : 9.78, "sample_3" : -9.17,
 		"sample_4" : 0, "node_id" : 1},

	"1:417" : {"timestamp" : 1346182764, "air_time" : 9,
 		"sequence" : 417, "fails" : 2,
 		"retries" : 2, "sample_1" : -4.40,
 		"sample_2" : 9.81, "sample_3" : -8.55,
 		"sample_4" : 0, "node_id" : 1},

	"1:418" : {"timestamp" : 1346182765, "air_time" : 5,
 		"sequence" : 418, "fails" : 3,
 		"retries" : 0, "sample_1" : -5.93,
 		"sample_2" : 9.66, "sample_3" : -9.42,
 		"sample_4" : 0, "node_id" : 1},

	"1:419" : {"timestamp" : 1346182766, "air_time" : 4,
 		"sequence" : 419, "fails" : 0,
 		"retries" : 0, "sample_1" : -6.06,
 		"sample_2" : 11.62, "sample_3" : -8.09,
 		"sample_4" : 0, "node_id" : 1},

	"1:420" : {"timestamp" : 1346182767, "air_time" : 9,
 		"sequence" : 420, "fails" : 3,
 		"retries" : 2, "sample_1" : -6.96,
 		"sample_2" : 10.79, "sample_3" : -7.00,
 		"sample_4" : 0, "node_id" : 1},

	"1:421" : {"timestamp" : 1346182768, "air_time" : 7,
 		"sequence" : 421, "fails" : 1,
 		"retries" : 1, "sample_1" : -7.70,
 		"sample_2" : 11.45, "sample_3" : -6.96,
 		"sample_4" : 0, "node_id" : 1},

	"1:422" : {"timestamp" : 1346182769, "air_time" : 1,
 		"sequence" : 422, "fails" : 1,
 		"retries" : 2, "sample_1" : -8.25,
 		"sample_2" : 10.31, "sample_3" : -4.80,
 		"sample_4" : 0, "node_id" : 1},

	"1:423" : {"timestamp" : 1346182770, "air_time" : 5,
 		"sequence" : 423, "fails" : 2,
 		"retries" : 0, "sample_1" : -10.00,
 		"sample_2" : 9.49, "sample_3" : -2.58,
 		"sample_4" : 0, "node_id" : 1},

	"1:424" : {"timestamp" : 1346182771, "air_time" : 1,
 		"sequence" : 424, "fails" : 3,
 		"retries" : 1, "sample_1" : -9.25,
 		"sample_2" : 8.52, "sample_3" : -1.03,
 		"sample_4" : 0, "node_id" : 1},

	"1:425" : {"timestamp" : 1346182772, "air_time" : 0,
 		"sequence" : 425, "fails" : 2,
 		"retries" : 0, "sample_1" : -7.80,
 		"sample_2" : 6.92, "sample_3" : 0.29,
 		"sample_4" : 0, "node_id" : 1},

	"1:426" : {"timestamp" : 1346182773, "air_time" : 2,
 		"sequence" : 426, "fails" : 1,
 		"retries" : 0, "sample_1" : -7.36,
 		"sample_2" : 5.55, "sample_3" : 1.73,
 		"sample_4" : 0, "node_id" : 1},

	"1:427" : {"timestamp" : 1346182774, "air_time" : 9,
 		"sequence" : 427, "fails" : 2,
 		"retries" : 2, "sample_1" : -6.56,
 		"sample_2" : 3.93, "sample_3" : 3.84,
 		"sample_4" : 0, "node_id" : 1},

	"1:428" : {"timestamp" : 1346182775, "air_time" : 4,
 		"sequence" : 428, "fails" : 1,
 		"retries" : 0, "sample_1" : -5.23,
 		"sample_2" : 3.03, "sample_3" : 4.97,
 		"sample_4" : 0, "node_id" : 1},

	"1:429" : {"timestamp" : 1346182776, "air_time" : 4,
 		"sequence" : 429, "fails" : 0,
 		"retries" : 0, "sample_1" : -4.10,
 		"sample_2" : 0.18, "sample_3" : 6.87,
 		"sample_4" : 0, "node_id" : 1},

	"1:430" : {"timestamp" : 1346182777, "air_time" : 7,
 		"sequence" : 430, "fails" : 1,
 		"retries" : 0, "sample_1" : -1.52,
 		"sample_2" : -0.84, "sample_3" : 7.28,
 		"sample_4" : 0, "node_id" : 1},

	"1:431" : {"timestamp" : 1346182778, "air_time" : 2,
 		"sequence" : 431, "fails" : 1,
 		"retries" : 2, "sample_1" : -0.44,
 		"sample_2" : -3.40, "sample_3" : 9.08,
 		"sample_4" : 0, "node_id" : 1},

	"1:432" : {"timestamp" : 1346182779, "air_time" : 3,
 		"sequence" : 432, "fails" : 3,
 		"retries" : 1, "sample_1" : 1.50,
 		"sample_2" : -4.64, "sample_3" : 10.33,
 		"sample_4" : 0, "node_id" : 1},

	"1:433" : {"timestamp" : 1346182780, "air_time" : 4,
 		"sequence" : 433, "fails" : 0,
 		"retries" : 2, "sample_1" : 2.54,
 		"sample_2" : -5.81, "sample_3" : 11.00,
 		"sample_4" : 0, "node_id" : 1},

	"1:434" : {"timestamp" : 1346182781, "air_time" : 7,
 		"sequence" : 434, "fails" : 3,
 		"retries" : 2, "sample_1" : 4.62,
 		"sample_2" : -7.28, "sample_3" : 11.17,
 		"sample_4" : 0, "node_id" : 1},

	"1:435" : {"timestamp" : 1346182782, "air_time" : 2,
 		"sequence" : 435, "fails" : 2,
 		"retries" : 2, "sample_1" : 5.20,
 		"sample_2" : -8.51, "sample_3" : 11.45,
 		"sample_4" : 0, "node_id" : 1},

	"1:436" : {"timestamp" : 1346182783, "air_time" : 5,
 		"sequence" : 436, "fails" : 2,
 		"retries" : 2, "sample_1" : 7.03,
 		"sample_2" : -8.06, "sample_3" : 11.42,
 		"sample_4" : 0, "node_id" : 1},

	"1:437" : {"timestamp" : 1346182784, "air_time" : 5,
 		"sequence" : 437, "fails" : 0,
 		"retries" : 2, "sample_1" : 8.36,
 		"sample_2" : -8.42, "sample_3" : 10.89,
 		"sample_4" : 0, "node_id" : 1},

	"1:438" : {"timestamp" : 1346182785, "air_time" : 4,
 		"sequence" : 438, "fails" : 3,
 		"retries" : 1, "sample_1" : 10.56,
 		"sample_2" : -9.29, "sample_3" : 8.30,
 		"sample_4" : 0, "node_id" : 1},

	"1:439" : {"timestamp" : 1346182786, "air_time" : 9,
 		"sequence" : 439, "fails" : 1,
 		"retries" : 0, "sample_1" : 11.10,
 		"sample_2" : -9.45, "sample_3" : 8.26,
 		"sample_4" : 0, "node_id" : 1},

	"1:440" : {"timestamp" : 1346182787, "air_time" : 8,
 		"sequence" : 440, "fails" : 1,
 		"retries" : 0, "sample_1" : 10.25,
 		"sample_2" : -8.41, "sample_3" : 7.10,
 		"sample_4" : 0, "node_id" : 1},

	"1:441" : {"timestamp" : 1346182788, "air_time" : 7,
 		"sequence" : 441, "fails" : 3,
 		"retries" : 0, "sample_1" : 10.90,
 		"sample_2" : -7.59, "sample_3" : 4.28,
 		"sample_4" : 0, "node_id" : 1},

	"1:442" : {"timestamp" : 1346182789, "air_time" : 0,
 		"sequence" : 442, "fails" : 3,
 		"retries" : 2, "sample_1" : 9.95,
 		"sample_2" : -7.12, "sample_3" : 3.93,
 		"sample_4" : 0, "node_id" : 1},

	"1:443" : {"timestamp" : 1346182790, "air_time" : 9,
 		"sequence" : 443, "fails" : 3,
 		"retries" : 0, "sample_1" : 9.80,
 		"sample_2" : -5.52, "sample_3" : 2.21,
 		"sample_4" : 0, "node_id" : 1},

	"1:444" : {"timestamp" : 1346182791, "air_time" : 9,
 		"sequence" : 444, "fails" : 2,
 		"retries" : 2, "sample_1" : 8.96,
 		"sample_2" : -4.55, "sample_3" : 0.47,
 		"sample_4" : 0, "node_id" : 1},

	"1:445" : {"timestamp" : 1346182792, "air_time" : 9,
 		"sequence" : 445, "fails" : 1,
 		"retries" : 0, "sample_1" : 9.46,
 		"sample_2" : -1.63, "sample_3" : -2.54,
 		"sample_4" : 0, "node_id" : 1},

	"1:446" : {"timestamp" : 1346182793, "air_time" : 2,
 		"sequence" : 446, "fails" : 3,
 		"retries" : 0, "sample_1" : 6.73,
 		"sample_2" : 0.07, "sample_3" : -3.97,
 		"sample_4" : 0, "node_id" : 1},

	"1:447" : {"timestamp" : 1346182794, "air_time" : 7,
 		"sequence" : 447, "fails" : 0,
 		"retries" : 0, "sample_1" : 6.60,
 		"sample_2" : 2.32, "sample_3" : -5.37,
 		"sample_4" : 0, "node_id" : 1},

	"1:448" : {"timestamp" : 1346182795, "air_time" : 0,
 		"sequence" : 448, "fails" : 1,
 		"retries" : 0, "sample_1" : 4.12,
 		"sample_2" : 2.24, "sample_3" : -7.08,
 		"sample_4" : 0, "node_id" : 1},

	"1:449" : {"timestamp" : 1346182796, "air_time" : 1,
 		"sequence" : 449, "fails" : 3,
 		"retries" : 2, "sample_1" : 1.94,
 		"sample_2" : 5.50, "sample_3" : -7.98,
 		"sample_4" : 0, "node_id" : 1},

	"1:450" : {"timestamp" : 1346182797, "air_time" : 9,
 		"sequence" : 450, "fails" : 3,
 		"retries" : 0, "sample_1" : 1.80,
 		"sample_2" : 6.24, "sample_3" : -8.23,
 		"sample_4" : 0, "node_id" : 1},

	"1:451" : {"timestamp" : 1346182798, "air_time" : 6,
 		"sequence" : 451, "fails" : 2,
 		"retries" : 1, "sample_1" : -0.74,
 		"sample_2" : 8.11, "sample_3" : -8.80,
 		"sample_4" : 0, "node_id" : 1},

	"1:452" : {"timestamp" : 1346182799, "air_time" : 2,
 		"sequence" : 452, "fails" : 3,
 		"retries" : 0, "sample_1" : -2.32,
 		"sample_2" : 9.48, "sample_3" : -8.47,
 		"sample_4" : 0, "node_id" : 1},

	"1:453" : {"timestamp" : 1346182800, "air_time" : 5,
 		"sequence" : 453, "fails" : 1,
 		"retries" : 0, "sample_1" : -5.00,
 		"sample_2" : 10.81, "sample_3" : -8.25,
 		"sample_4" : 0, "node_id" : 1},

	"1:454" : {"timestamp" : 1346182801, "air_time" : 7,
 		"sequence" : 454, "fails" : 1,
 		"retries" : 0, "sample_1" : -4.63,
 		"sample_2" : 10.06, "sample_3" : -9.02,
 		"sample_4" : 0, "node_id" : 1},

	"1:455" : {"timestamp" : 1346182802, "air_time" : 2,
 		"sequence" : 455, "fails" : 2,
 		"retries" : 1, "sample_1" : -6.66,
 		"sample_2" : 10.82, "sample_3" : -8.09,
 		"sample_4" : 0, "node_id" : 1},

	"1:456" : {"timestamp" : 1346182803, "air_time" : 9,
 		"sequence" : 456, "fails" : 3,
 		"retries" : 1, "sample_1" : -8.46,
 		"sample_2" : 11.59, "sample_3" : -8.10,
 		"sample_4" : 0, "node_id" : 1},

	"1:457" : {"timestamp" : 1346182804, "air_time" : 0,
 		"sequence" : 457, "fails" : 3,
 		"retries" : 2, "sample_1" : -8.20,
 		"sample_2" : 11.45, "sample_3" : -6.46,
 		"sample_4" : 0, "node_id" : 1},

	"1:458" : {"timestamp" : 1346182805, "air_time" : 6,
 		"sequence" : 458, "fails" : 2,
 		"retries" : 2, "sample_1" : -9.15,
 		"sample_2" : 10.31, "sample_3" : -4.00,
 		"sample_4" : 0, "node_id" : 1},

	"1:459" : {"timestamp" : 1346182806, "air_time" : 4,
 		"sequence" : 459, "fails" : 0,
 		"retries" : 1, "sample_1" : -9.90,
 		"sample_2" : 10.29, "sample_3" : -2.48,
 		"sample_4" : 0, "node_id" : 1},

	"1:460" : {"timestamp" : 1346182807, "air_time" : 5,
 		"sequence" : 460, "fails" : 3,
 		"retries" : 1, "sample_1" : -8.25,
 		"sample_2" : 7.52, "sample_3" : -1.53,
 		"sample_4" : 0, "node_id" : 1},

	"1:461" : {"timestamp" : 1346182808, "air_time" : 1,
 		"sequence" : 461, "fails" : 3,
 		"retries" : 1, "sample_1" : -7.80,
 		"sample_2" : 6.82, "sample_3" : 0.29,
 		"sample_4" : 0, "node_id" : 1},

	"1:462" : {"timestamp" : 1346182809, "air_time" : 5,
 		"sequence" : 462, "fails" : 1,
 		"retries" : 1, "sample_1" : -8.46,
 		"sample_2" : 5.35, "sample_3" : 2.13,
 		"sample_4" : 0, "node_id" : 1},

	"1:463" : {"timestamp" : 1346182810, "air_time" : 1,
 		"sequence" : 463, "fails" : 0,
 		"retries" : 1, "sample_1" : -6.66,
 		"sample_2" : 4.33, "sample_3" : 3.54,
 		"sample_4" : 0, "node_id" : 1},

	"1:464" : {"timestamp" : 1346182811, "air_time" : 0,
 		"sequence" : 464, "fails" : 0,
 		"retries" : 0, "sample_1" : -6.13,
 		"sample_2" : 3.13, "sample_3" : 4.47,
 		"sample_4" : 0, "node_id" : 1},

	"1:465" : {"timestamp" : 1346182812, "air_time" : 7,
 		"sequence" : 465, "fails" : 2,
 		"retries" : 0, "sample_1" : -3.90,
 		"sample_2" : 0.08, "sample_3" : 6.87,
 		"sample_4" : 0, "node_id" : 1},

	"1:466" : {"timestamp" : 1346182813, "air_time" : 7,
 		"sequence" : 466, "fails" : 1,
 		"retries" : 2, "sample_1" : -1.62,
 		"sample_2" : -1.14, "sample_3" : 7.88,
 		"sample_4" : 0, "node_id" : 1},

	"1:467" : {"timestamp" : 1346182814, "air_time" : 1,
 		"sequence" : 467, "fails" : 0,
 		"retries" : 0, "sample_1" : 0.16,
 		"sample_2" : -2.70, "sample_3" : 9.38,
 		"sample_4" : 0, "node_id" : 1},

	"1:468" : {"timestamp" : 1346182815, "air_time" : 7,
 		"sequence" : 468, "fails" : 3,
 		"retries" : 1, "sample_1" : 1.50,
 		"sample_2" : -5.34, "sample_3" : 10.93,
 		"sample_4" : 0, "node_id" : 1},

	"1:469" : {"timestamp" : 1346182816, "air_time" : 7,
 		"sequence" : 469, "fails" : 2,
 		"retries" : 1, "sample_1" : 3.04,
 		"sample_2" : -5.01, "sample_3" : 11.40,
 		"sample_4" : 0, "node_id" : 1},

	"1:470" : {"timestamp" : 1346182817, "air_time" : 0,
 		"sequence" : 470, "fails" : 0,
 		"retries" : 2, "sample_1" : 3.52,
 		"sample_2" : -7.88, "sample_3" : 10.17,
 		"sample_4" : 0, "node_id" : 1},

	"1:471" : {"timestamp" : 1346182818, "air_time" : 7,
 		"sequence" : 471, "fails" : 3,
 		"retries" : 0, "sample_1" : 5.80,
 		"sample_2" : -7.81, "sample_3" : 11.45,
 		"sample_4" : 0, "node_id" : 1},

	"1:472" : {"timestamp" : 1346182819, "air_time" : 0,
 		"sequence" : 472, "fails" : 0,
 		"retries" : 1, "sample_1" : 8.03,
 		"sample_2" : -8.76, "sample_3" : 11.52,
 		"sample_4" : 0, "node_id" : 1},

	"1:473" : {"timestamp" : 1346182820, "air_time" : 3,
 		"sequence" : 473, "fails" : 1,
 		"retries" : 0, "sample_1" : 7.76,
 		"sample_2" : -9.52, "sample_3" : 9.99,
 		"sample_4" : 0, "node_id" : 1},

	"1:474" : {"timestamp" : 1346182821, "air_time" : 4,
 		"sequence" : 474, "fails" : 2,
 		"retries" : 0, "sample_1" : 10.36,
 		"sample_2" : -8.99, "sample_3" : 8.50,
 		"sample_4" : 0, "node_id" : 1},

	"1:475" : {"timestamp" : 1346182822, "air_time" : 5,
 		"sequence" : 475, "fails" : 0,
 		"retries" : 0, "sample_1" : 9.90,
 		"sample_2" : -9.45, "sample_3" : 7.56,
 		"sample_4" : 0, "node_id" : 1},

	"1:476" : {"timestamp" : 1346182823, "air_time" : 7,
 		"sequence" : 476, "fails" : 2,
 		"retries" : 0, "sample_1" : 10.55,
 		"sample_2" : -8.41, "sample_3" : 5.60,
 		"sample_4" : 0, "node_id" : 1},

	"1:477" : {"timestamp" : 1346182824, "air_time" : 1,
 		"sequence" : 477, "fails" : 2,
 		"retries" : 2, "sample_1" : 11.60,
 		"sample_2" : -7.59, "sample_3" : 4.48,
 		"sample_4" : 0, "node_id" : 1},

	"1:478" : {"timestamp" : 1346182825, "air_time" : 0,
 		"sequence" : 478, "fails" : 0,
 		"retries" : 1, "sample_1" : 11.05,
 		"sample_2" : -5.52, "sample_3" : 3.43,
 		"sample_4" : 0, "node_id" : 1},

	"1:479" : {"timestamp" : 1346182826, "air_time" : 4,
 		"sequence" : 479, "fails" : 3,
 		"retries" : 1, "sample_1" : 10.10,
 		"sample_2" : -5.82, "sample_3" : 0.71,
 		"sample_4" : 0, "node_id" : 1},

	"1:480" : {"timestamp" : 1346182827, "air_time" : 0,
 		"sequence" : 480, "fails" : 2,
 		"retries" : 2, "sample_1" : 10.36,
 		"sample_2" : -3.45, "sample_3" : 0.57,
 		"sample_4" : 0, "node_id" : 1},

	"1:481" : {"timestamp" : 1346182828, "air_time" : 0,
 		"sequence" : 481, "fails" : 0,
 		"retries" : 1, "sample_1" : 9.46,
 		"sample_2" : -2.73, "sample_3" : -2.34,
 		"sample_4" : 0, "node_id" : 1},

	"1:482" : {"timestamp" : 1346182829, "air_time" : 2,
 		"sequence" : 482, "fails" : 0,
 		"retries" : 2, "sample_1" : 7.83,
 		"sample_2" : 0.37, "sample_3" : -3.37,
 		"sample_4" : 0, "node_id" : 1},

	"1:483" : {"timestamp" : 1346182830, "air_time" : 9,
 		"sequence" : 483, "fails" : 1,
 		"retries" : 0, "sample_1" : 5.90,
 		"sample_2" : 2.02, "sample_3" : -5.57,
 		"sample_4" : 0, "node_id" : 1},

	"1:484" : {"timestamp" : 1346182831, "air_time" : 3,
 		"sequence" : 484, "fails" : 3,
 		"retries" : 0, "sample_1" : 4.02,
 		"sample_2" : 2.94, "sample_3" : -6.88,
 		"sample_4" : 0, "node_id" : 1},

	"1:485" : {"timestamp" : 1346182832, "air_time" : 8,
 		"sequence" : 485, "fails" : 2,
 		"retries" : 1, "sample_1" : 3.04,
 		"sample_2" : 5.60, "sample_3" : -7.18,
 		"sample_4" : 0, "node_id" : 1},

	"1:486" : {"timestamp" : 1346182833, "air_time" : 5,
 		"sequence" : 486, "fails" : 2,
 		"retries" : 2, "sample_1" : 0.20,
 		"sample_2" : 5.94, "sample_3" : -9.13,
 		"sample_4" : 0, "node_id" : 1},

	"1:487" : {"timestamp" : 1346182834, "air_time" : 6,
 		"sequence" : 487, "fails" : 0,
 		"retries" : 1, "sample_1" : -0.54,
 		"sample_2" : 6.81, "sample_3" : -9.30,
 		"sample_4" : 0, "node_id" : 1},

	"1:488" : {"timestamp" : 1346182835, "air_time" : 9,
 		"sequence" : 488, "fails" : 0,
 		"retries" : 2, "sample_1" : -1.72,
 		"sample_2" : 8.38, "sample_3" : -8.97,
 		"sample_4" : 0, "node_id" : 1},

	"1:489" : {"timestamp" : 1346182836, "air_time" : 4,
 		"sequence" : 489, "fails" : 0,
 		"retries" : 0, "sample_1" : -4.90,
 		"sample_2" : 9.91, "sample_3" : -9.75,
 		"sample_4" : 0, "node_id" : 1},

	"1:490" : {"timestamp" : 1346182837, "air_time" : 2,
 		"sequence" : 490, "fails" : 0,
 		"retries" : 0, "sample_1" : -6.13,
 		"sample_2" : 11.26, "sample_3" : -9.42,
 		"sample_4" : 0, "node_id" : 1},

	"1:491" : {"timestamp" : 1346182838, "air_time" : 6,
 		"sequence" : 491, "fails" : 2,
 		"retries" : 1, "sample_1" : -5.96,
 		"sample_2" : 11.22, "sample_3" : -7.69,
 		"sample_4" : 0, "node_id" : 1},

	"1:492" : {"timestamp" : 1346182839, "air_time" : 9,
 		"sequence" : 492, "fails" : 2,
 		"retries" : 1, "sample_1" : -7.76,
 		"sample_2" : 11.49, "sample_3" : -7.50,
 		"sample_4" : 0, "node_id" : 1},

	"1:493" : {"timestamp" : 1346182840, "air_time" : 5,
 		"sequence" : 493, "fails" : 1,
 		"retries" : 2, "sample_1" : -7.80,
 		"sample_2" : 10.95, "sample_3" : -5.96,
 		"sample_4" : 0, "node_id" : 1},

	"1:494" : {"timestamp" : 1346182841, "air_time" : 0,
 		"sequence" : 494, "fails" : 2,
 		"retries" : 1, "sample_1" : -7.95,
 		"sample_2" : 9.41, "sample_3" : -4.70,
 		"sample_4" : 0, "node_id" : 1},

	"1:495" : {"timestamp" : 1346182842, "air_time" : 0,
 		"sequence" : 495, "fails" : 0,
 		"retries" : 0, "sample_1" : -8.60,
 		"sample_2" : 8.49, "sample_3" : -2.28,
 		"sample_4" : 0, "node_id" : 1},

	"1:496" : {"timestamp" : 1346182843, "air_time" : 0,
 		"sequence" : 496, "fails" : 3,
 		"retries" : 1, "sample_1" : -8.25,
 		"sample_2" : 7.32, "sample_3" : -1.43,
 		"sample_4" : 0, "node_id" : 1},

	"1:497" : {"timestamp" : 1346182844, "air_time" : 5,
 		"sequence" : 497, "fails" : 3,
 		"retries" : 0, "sample_1" : -7.60,
 		"sample_2" : 6.42, "sample_3" : 0.69,
 		"sample_4" : 0, "node_id" : 1},

	"1:498" : {"timestamp" : 1346182845, "air_time" : 7,
 		"sequence" : 498, "fails" : 0,
 		"retries" : 1, "sample_1" : -6.76,
 		"sample_2" : 4.55, "sample_3" : 1.73,
 		"sample_4" : 0, "node_id" : 1},

	"1:499" : {"timestamp" : 1346182846, "air_time" : 9,
 		"sequence" : 499, "fails" : 1,
 		"retries" : 1, "sample_1" : -7.36,
 		"sample_2" : 3.03, "sample_3" : 4.64,
 		"sample_4" : 0, "node_id" : 1},

	"1:500" : {"timestamp" : 1346182847, "air_time" : 3,
 		"sequence" : 500, "fails" : 1,
 		"retries" : 1, "sample_1" : -5.33,
 		"sample_2" : 1.63, "sample_3" : 5.17,
 		"sample_4" : 0, "node_id" : 1},

	"1:501" : {"timestamp" : 1346182848, "air_time" : 3,
 		"sequence" : 501, "fails" : 1,
 		"retries" : 1, "sample_1" : -4.20,
 		"sample_2" : -0.22, "sample_3" : 6.17,
 		"sample_4" : 0, "node_id" : 1},

	"1:502" : {"timestamp" : 1346182849, "air_time" : 6,
 		"sequence" : 502, "fails" : 2,
 		"retries" : 1, "sample_1" : -3.32,
 		"sample_2" : -0.44, "sample_3" : 8.18,
 		"sample_4" : 0, "node_id" : 1},

	"1:503" : {"timestamp" : 1346182850, "air_time" : 2,
 		"sequence" : 503, "fails" : 1,
 		"retries" : 2, "sample_1" : -1.54,
 		"sample_2" : -2.50, "sample_3" : 10.08,
 		"sample_4" : 0, "node_id" : 1},

	"1:504" : {"timestamp" : 1346182851, "air_time" : 4,
 		"sequence" : 504, "fails" : 1,
 		"retries" : 1, "sample_1" : 0.70,
 		"sample_2" : -3.94, "sample_3" : 10.53,
 		"sample_4" : 0, "node_id" : 1},

	"1:505" : {"timestamp" : 1346182852, "air_time" : 4,
 		"sequence" : 505, "fails" : 0,
 		"retries" : 2, "sample_1" : 2.54,
 		"sample_2" : -5.51, "sample_3" : 10.60,
 		"sample_4" : 0, "node_id" : 1},

	"1:506" : {"timestamp" : 1346182853, "air_time" : 3,
 		"sequence" : 506, "fails" : 2,
 		"retries" : 2, "sample_1" : 3.92,
 		"sample_2" : -6.78, "sample_3" : 11.07,
 		"sample_4" : 0, "node_id" : 1},

	"1:507" : {"timestamp" : 1346182854, "air_time" : 9,
 		"sequence" : 507, "fails" : 1,
 		"retries" : 0, "sample_1" : 5.60,
 		"sample_2" : -8.81, "sample_3" : 11.75,
 		"sample_4" : 0, "node_id" : 1},

	"1:508" : {"timestamp" : 1346182855, "air_time" : 9,
 		"sequence" : 508, "fails" : 1,
 		"retries" : 0, "sample_1" : 8.13,
 		"sample_2" : -9.46, "sample_3" : 9.92,
 		"sample_4" : 0, "node_id" : 1},

	"1:509" : {"timestamp" : 1346182856, "air_time" : 0,
 		"sequence" : 509, "fails" : 0,
 		"retries" : 0, "sample_1" : 8.56,
 		"sample_2" : -9.32, "sample_3" : 9.59,
 		"sample_4" : 0, "node_id" : 1},

	"1:510" : {"timestamp" : 1346182857, "air_time" : 1,
 		"sequence" : 510, "fails" : 0,
 		"retries" : 1, "sample_1" : 9.36,
 		"sample_2" : -9.29, "sample_3" : 8.20,
 		"sample_4" : 0, "node_id" : 1},

	"1:511" : {"timestamp" : 1346182858, "air_time" : 8,
 		"sequence" : 511, "fails" : 2,
 		"retries" : 2, "sample_1" : 10.70,
 		"sample_2" : -9.75, "sample_3" : 8.56,
 		"sample_4" : 0, "node_id" : 1},

	"1:512" : {"timestamp" : 1346182859, "air_time" : 3,
 		"sequence" : 512, "fails" : 3,
 		"retries" : 0, "sample_1" : 11.15,
 		"sample_2" : -8.01, "sample_3" : 6.00,
 		"sample_4" : 0, "node_id" : 1},

	"1:513" : {"timestamp" : 1346182860, "air_time" : 6,
 		"sequence" : 513, "fails" : 1,
 		"retries" : 0, "sample_1" : 10.50,
 		"sample_2" : -7.29, "sample_3" : 4.08,
 		"sample_4" : 0, "node_id" : 1},

	"1:514" : {"timestamp" : 1346182861, "air_time" : 3,
 		"sequence" : 514, "fails" : 1,
 		"retries" : 2, "sample_1" : 11.25,
 		"sample_2" : -6.12, "sample_3" : 2.63,
 		"sample_4" : 0, "node_id" : 1},

	"1:515" : {"timestamp" : 1346182862, "air_time" : 8,
 		"sequence" : 515, "fails" : 2,
 		"retries" : 1, "sample_1" : 9.60,
 		"sample_2" : -4.92, "sample_3" : 2.41,
 		"sample_4" : 0, "node_id" : 1},

	"1:516" : {"timestamp" : 1346182863, "air_time" : 1,
 		"sequence" : 516, "fails" : 3,
 		"retries" : 0, "sample_1" : 9.76,
 		"sample_2" : -3.55, "sample_3" : -0.73,
 		"sample_4" : 0, "node_id" : 1},

	"1:517" : {"timestamp" : 1346182864, "air_time" : 7,
 		"sequence" : 517, "fails" : 0,
 		"retries" : 0, "sample_1" : 8.16,
 		"sample_2" : -1.03, "sample_3" : -0.94,
 		"sample_4" : 0, "node_id" : 1},

	"1:518" : {"timestamp" : 1346182865, "air_time" : 7,
 		"sequence" : 518, "fails" : 3,
 		"retries" : 1, "sample_1" : 8.23,
 		"sample_2" : -0.03, "sample_3" : -2.77,
 		"sample_4" : 0, "node_id" : 1},

	"1:519" : {"timestamp" : 1346182866, "air_time" : 1,
 		"sequence" : 519, "fails" : 1,
 		"retries" : 2, "sample_1" : 6.80,
 		"sample_2" : 1.32, "sample_3" : -4.97,
 		"sample_4" : 0, "node_id" : 1},

	"1:520" : {"timestamp" : 1346182867, "air_time" : 4,
 		"sequence" : 520, "fails" : 2,
 		"retries" : 2, "sample_1" : 3.62,
 		"sample_2" : 3.94, "sample_3" : -5.28,
 		"sample_4" : 0, "node_id" : 1},

	"1:521" : {"timestamp" : 1346182868, "air_time" : 1,
 		"sequence" : 521, "fails" : 0,
 		"retries" : 2, "sample_1" : 3.44,
 		"sample_2" : 4.90, "sample_3" : -7.38,
 		"sample_4" : 0, "node_id" : 1},

	"1:522" : {"timestamp" : 1346182869, "air_time" : 1,
 		"sequence" : 522, "fails" : 2,
 		"retries" : 1, "sample_1" : 1.20,
 		"sample_2" : 5.54, "sample_3" : -9.13,
 		"sample_4" : 0, "node_id" : 1},

	"1:523" : {"timestamp" : 1346182870, "air_time" : 5,
 		"sequence" : 523, "fails" : 0,
 		"retries" : 1, "sample_1" : -1.44,
 		"sample_2" : 8.31, "sample_3" : -7.80,
 		"sample_4" : 0, "node_id" : 1},

	"1:524" : {"timestamp" : 1346182871, "air_time" : 1,
 		"sequence" : 524, "fails" : 1,
 		"retries" : 0, "sample_1" : -3.22,
 		"sample_2" : 8.18, "sample_3" : -9.97,
 		"sample_4" : 0, "node_id" : 1},

	"1:525" : {"timestamp" : 1346182872, "air_time" : 1,
 		"sequence" : 525, "fails" : 0,
 		"retries" : 2, "sample_1" : -3.40,
 		"sample_2" : 10.11, "sample_3" : -9.45,
 		"sample_4" : 0, "node_id" : 1},

	"1:526" : {"timestamp" : 1346182873, "air_time" : 4,
 		"sequence" : 526, "fails" : 1,
 		"retries" : 0, "sample_1" : -5.13,
 		"sample_2" : 11.46, "sample_3" : -8.02,
 		"sample_4" : 0, "node_id" : 1},

	"1:527" : {"timestamp" : 1346182874, "air_time" : 1,
 		"sequence" : 527, "fails" : 2,
 		"retries" : 1, "sample_1" : -7.56,
 		"sample_2" : 10.92, "sample_3" : -7.79,
 		"sample_4" : 0, "node_id" : 1},

	"1:528" : {"timestamp" : 1346182875, "air_time" : 9,
 		"sequence" : 528, "fails" : 2,
 		"retries" : 0, "sample_1" : -6.76,
 		"sample_2" : 11.69, "sample_3" : -6.20,
 		"sample_4" : 0, "node_id" : 1},

	"1:529" : {"timestamp" : 1346182876, "air_time" : 0,
 		"sequence" : 529, "fails" : 0,
 		"retries" : 0, "sample_1" : -8.70,
 		"sample_2" : 10.85, "sample_3" : -5.46,
 		"sample_4" : 0, "node_id" : 1},

	"1:530" : {"timestamp" : 1346182877, "air_time" : 1,
 		"sequence" : 530, "fails" : 0,
 		"retries" : 0, "sample_1" : -8.45,
 		"sample_2" : 9.61, "sample_3" : -5.10,
 		"sample_4" : 0, "node_id" : 1},

	"1:531" : {"timestamp" : 1346182878, "air_time" : 5,
 		"sequence" : 531, "fails" : 2,
 		"retries" : 0, "sample_1" : -8.20,
 		"sample_2" : 9.89, "sample_3" : -2.88,
 		"sample_4" : 0, "node_id" : 1},

	"1:532" : {"timestamp" : 1346182879, "air_time" : 7,
 		"sequence" : 532, "fails" : 2,
 		"retries" : 2, "sample_1" : -9.35,
 		"sample_2" : 8.22, "sample_3" : -0.93,
 		"sample_4" : 0, "node_id" : 1},

	"1:533" : {"timestamp" : 1346182880, "air_time" : 7,
 		"sequence" : 533, "fails" : 2,
 		"retries" : 1, "sample_1" : -8.40,
 		"sample_2" : 6.82, "sample_3" : 0.09,
 		"sample_4" : 0, "node_id" : 1},

	"1:534" : {"timestamp" : 1346182881, "air_time" : 3,
 		"sequence" : 534, "fails" : 1,
 		"retries" : 0, "sample_1" : -7.76,
 		"sample_2" : 5.95, "sample_3" : 2.23,
 		"sample_4" : 0, "node_id" : 1},

	"1:535" : {"timestamp" : 1346182882, "air_time" : 5,
 		"sequence" : 535, "fails" : 1,
 		"retries" : 2, "sample_1" : -7.66,
 		"sample_2" : 4.53, "sample_3" : 3.54,
 		"sample_4" : 0, "node_id" : 1},

	"1:536" : {"timestamp" : 1346182883, "air_time" : 9,
 		"sequence" : 536, "fails" : 2,
 		"retries" : 2, "sample_1" : -5.33,
 		"sample_2" : 3.03, "sample_3" : 4.97,
 		"sample_4" : 0, "node_id" : 1},

	"1:537" : {"timestamp" : 1346182884, "air_time" : 1,
 		"sequence" : 537, "fails" : 1,
 		"retries" : 0, "sample_1" : -3.80,
 		"sample_2" : -0.22, "sample_3" : 6.67,
 		"sample_4" : 0, "node_id" : 1},

	"1:538" : {"timestamp" : 1346182885, "air_time" : 9,
 		"sequence" : 538, "fails" : 3,
 		"retries" : 2, "sample_1" : -2.32,
 		"sample_2" : -0.94, "sample_3" : 8.78,
 		"sample_4" : 0, "node_id" : 1},

	"1:539" : {"timestamp" : 1346182886, "air_time" : 0,
 		"sequence" : 539, "fails" : 0,
 		"retries" : 2, "sample_1" : -0.04,
 		"sample_2" : -2.60, "sample_3" : 9.88,
 		"sample_4" : 0, "node_id" : 1},

	"1:540" : {"timestamp" : 1346182887, "air_time" : 1,
 		"sequence" : 540, "fails" : 1,
 		"retries" : 0, "sample_1" : 0.80,
 		"sample_2" : -3.54, "sample_3" : 10.93,
 		"sample_4" : 0, "node_id" : 1},

	"1:541" : {"timestamp" : 1346182888, "air_time" : 9,
 		"sequence" : 541, "fails" : 1,
 		"retries" : 1, "sample_1" : 2.84,
 		"sample_2" : -6.71, "sample_3" : 11.60,
 		"sample_4" : 0, "node_id" : 1},

	"1:542" : {"timestamp" : 1346182889, "air_time" : 9,
 		"sequence" : 542, "fails" : 3,
 		"retries" : 0, "sample_1" : 4.52,
 		"sample_2" : -6.98, "sample_3" : 10.37,
 		"sample_4" : 0, "node_id" : 1},

	"1:543" : {"timestamp" : 1346182890, "air_time" : 1,
 		"sequence" : 543, "fails" : 3,
 		"retries" : 1, "sample_1" : 5.40,
 		"sample_2" : -7.91, "sample_3" : 10.85,
 		"sample_4" : 0, "node_id" : 1},

	"1:544" : {"timestamp" : 1346182891, "air_time" : 1,
 		"sequence" : 544, "fails" : 3,
 		"retries" : 2, "sample_1" : 6.53,
 		"sample_2" : -8.86, "sample_3" : 9.72,
 		"sample_4" : 0, "node_id" : 1},

	"1:545" : {"timestamp" : 1346182892, "air_time" : 6,
 		"sequence" : 545, "fails" : 2,
 		"retries" : 1, "sample_1" : 8.36,
 		"sample_2" : -8.32, "sample_3" : 8.99,
 		"sample_4" : 0, "node_id" : 1},

	"1:546" : {"timestamp" : 1346182893, "air_time" : 5,
 		"sequence" : 546, "fails" : 2,
 		"retries" : 1, "sample_1" : 9.36,
 		"sample_2" : -8.49, "sample_3" : 8.80,
 		"sample_4" : 0, "node_id" : 1},

	"1:547" : {"timestamp" : 1346182894, "air_time" : 7,
 		"sequence" : 547, "fails" : 0,
 		"retries" : 2, "sample_1" : 10.40,
 		"sample_2" : -9.05, "sample_3" : 8.66,
 		"sample_4" : 0, "node_id" : 1},

	"1:548" : {"timestamp" : 1346182895, "air_time" : 0,
 		"sequence" : 548, "fails" : 2,
 		"retries" : 1, "sample_1" : 11.15,
 		"sample_2" : -7.91, "sample_3" : 6.40,
 		"sample_4" : 0, "node_id" : 1},

	"1:549" : {"timestamp" : 1346182896, "air_time" : 3,
 		"sequence" : 549, "fails" : 3,
 		"retries" : 2, "sample_1" : 11.10,
 		"sample_2" : -8.29, "sample_3" : 4.08,
 		"sample_4" : 0, "node_id" : 1},

	"1:550" : {"timestamp" : 1346182897, "air_time" : 9,
 		"sequence" : 550, "fails" : 1,
 		"retries" : 2, "sample_1" : 9.95,
 		"sample_2" : -5.72, "sample_3" : 3.33,
 		"sample_4" : 0, "node_id" : 1},

	"1:551" : {"timestamp" : 1346182898, "air_time" : 2,
 		"sequence" : 551, "fails" : 2,
 		"retries" : 2, "sample_1" : 11.30,
 		"sample_2" : -5.02, "sample_3" : 1.41,
 		"sample_4" : 0, "node_id" : 1},

	"1:552" : {"timestamp" : 1346182899, "air_time" : 6,
 		"sequence" : 552, "fails" : 1,
 		"retries" : 0, "sample_1" : 9.86,
 		"sample_2" : -3.45, "sample_3" : -0.03,
 		"sample_4" : 0, "node_id" : 1},

	"1:553" : {"timestamp" : 1346182900, "air_time" : 0,
 		"sequence" : 553, "fails" : 1,
 		"retries" : 0, "sample_1" : 8.66,
 		"sample_2" : -2.23, "sample_3" : -2.14,
 		"sample_4" : 0, "node_id" : 1},

	"1:554" : {"timestamp" : 1346182901, "air_time" : 0,
 		"sequence" : 554, "fails" : 2,
 		"retries" : 2, "sample_1" : 6.63,
 		"sample_2" : -0.13, "sample_3" : -3.27,
 		"sample_4" : 0, "node_id" : 1},

	"1:555" : {"timestamp" : 1346182902, "air_time" : 5,
 		"sequence" : 555, "fails" : 0,
 		"retries" : 0, "sample_1" : 5.20,
 		"sample_2" : 1.22, "sample_3" : -4.07,
 		"sample_4" : 0, "node_id" : 1},

	"1:556" : {"timestamp" : 1346182903, "air_time" : 4,
 		"sequence" : 556, "fails" : 0,
 		"retries" : 0, "sample_1" : 4.72,
 		"sample_2" : 3.34, "sample_3" : -6.98,
 		"sample_4" : 0, "node_id" : 1},

	"1:557" : {"timestamp" : 1346182904, "air_time" : 1,
 		"sequence" : 557, "fails" : 2,
 		"retries" : 1, "sample_1" : 2.84,
 		"sample_2" : 5.30, "sample_3" : -7.38,
 		"sample_4" : 0, "node_id" : 1},

	"1:558" : {"timestamp" : 1346182905, "air_time" : 9,
 		"sequence" : 558, "fails" : 3,
 		"retries" : 0, "sample_1" : 1.30,
 		"sample_2" : 6.54, "sample_3" : -8.13,
 		"sample_4" : 0, "node_id" : 1},

	"1:559" : {"timestamp" : 1346182906, "air_time" : 7,
 		"sequence" : 559, "fails" : 1,
 		"retries" : 1, "sample_1" : -0.94,
 		"sample_2" : 8.51, "sample_3" : -8.20,
 		"sample_4" : 0, "node_id" : 1},

	"1:560" : {"timestamp" : 1346182907, "air_time" : 8,
 		"sequence" : 560, "fails" : 3,
 		"retries" : 2, "sample_1" : -2.12,
 		"sample_2" : 8.98, "sample_3" : -8.67,
 		"sample_4" : 0, "node_id" : 1},

	"1:561" : {"timestamp" : 1346182908, "air_time" : 7,
 		"sequence" : 561, "fails" : 1,
 		"retries" : 2, "sample_1" : -3.10,
 		"sample_2" : 10.21, "sample_3" : -8.05,
 		"sample_4" : 0, "node_id" : 1},

	"1:562" : {"timestamp" : 1346182909, "air_time" : 2,
 		"sequence" : 562, "fails" : 2,
 		"retries" : 2, "sample_1" : -5.43,
 		"sample_2" : 11.36, "sample_3" : -8.32,
 		"sample_4" : 0, "node_id" : 1},

	"1:563" : {"timestamp" : 1346182910, "air_time" : 6,
 		"sequence" : 563, "fails" : 1,
 		"retries" : 0, "sample_1" : -7.46,
 		"sample_2" : 10.22, "sample_3" : -7.09,
 		"sample_4" : 0, "node_id" : 1},

	"1:564" : {"timestamp" : 1346182911, "air_time" : 8,
 		"sequence" : 564, "fails" : 0,
 		"retries" : 0, "sample_1" : -8.46,
 		"sample_2" : 11.09, "sample_3" : -6.20,
 		"sample_4" : 0, "node_id" : 1},

	"1:565" : {"timestamp" : 1346182912, "air_time" : 7,
 		"sequence" : 565, "fails" : 1,
 		"retries" : 1, "sample_1" : -8.50,
 		"sample_2" : 10.65, "sample_3" : -5.76,
 		"sample_4" : 0, "node_id" : 1},

	"1:566" : {"timestamp" : 1346182913, "air_time" : 9,
 		"sequence" : 566, "fails" : 1,
 		"retries" : 1, "sample_1" : -7.95,
 		"sample_2" : 10.11, "sample_3" : -4.90,
 		"sample_4" : 0, "node_id" : 1},

	"1:567" : {"timestamp" : 1346182914, "air_time" : 9,
 		"sequence" : 567, "fails" : 2,
 		"retries" : 0, "sample_1" : -8.60,
 		"sample_2" : 9.39, "sample_3" : -3.88,
 		"sample_4" : 0, "node_id" : 1},

	"1:568" : {"timestamp" : 1346182915, "air_time" : 5,
 		"sequence" : 568, "fails" : 0,
 		"retries" : 2, "sample_1" : -9.15,
 		"sample_2" : 7.52, "sample_3" : -1.03,
 		"sample_4" : 0, "node_id" : 1},

	"1:569" : {"timestamp" : 1346182916, "air_time" : 3,
 		"sequence" : 569, "fails" : 0,
 		"retries" : 1, "sample_1" : -8.40,
 		"sample_2" : 6.52, "sample_3" : 0.79,
 		"sample_4" : 0, "node_id" : 1},

	"1:570" : {"timestamp" : 1346182917, "air_time" : 6,
 		"sequence" : 570, "fails" : 0,
 		"retries" : 1, "sample_1" : -8.26,
 		"sample_2" : 5.95, "sample_3" : 2.53,
 		"sample_4" : 0, "node_id" : 1},

	"1:571" : {"timestamp" : 1346182918, "air_time" : 9,
 		"sequence" : 571, "fails" : 3,
 		"retries" : 2, "sample_1" : -6.86,
 		"sample_2" : 4.13, "sample_3" : 3.54,
 		"sample_4" : 0, "node_id" : 1},

	"1:572" : {"timestamp" : 1346182919, "air_time" : 6,
 		"sequence" : 572, "fails" : 1,
 		"retries" : 0, "sample_1" : -6.43,
 		"sample_2" : 1.33, "sample_3" : 4.77,
 		"sample_4" : 0, "node_id" : 1},

	"1:573" : {"timestamp" : 1346182920, "air_time" : 7,
 		"sequence" : 573, "fails" : 2,
 		"retries" : 1, "sample_1" : -4.90,
 		"sample_2" : 1.08, "sample_3" : 6.07,
 		"sample_4" : 0, "node_id" : 1},

	"1:574" : {"timestamp" : 1346182921, "air_time" : 8,
 		"sequence" : 574, "fails" : 3,
 		"retries" : 2, "sample_1" : -2.52,
 		"sample_2" : -2.14, "sample_3" : 7.68,
 		"sample_4" : 0, "node_id" : 1},

	"1:575" : {"timestamp" : 1346182922, "air_time" : 0,
 		"sequence" : 575, "fails" : 1,
 		"retries" : 1, "sample_1" : -0.84,
 		"sample_2" : -3.00, "sample_3" : 9.68,
 		"sample_4" : 0, "node_id" : 1},

	"1:576" : {"timestamp" : 1346182923, "air_time" : 1,
 		"sequence" : 576, "fails" : 1,
 		"retries" : 0, "sample_1" : 1.10,
 		"sample_2" : -4.24, "sample_3" : 10.03,
 		"sample_4" : 0, "node_id" : 1},

	"1:577" : {"timestamp" : 1346182924, "air_time" : 5,
 		"sequence" : 577, "fails" : 1,
 		"retries" : 0, "sample_1" : 2.04,
 		"sample_2" : -6.11, "sample_3" : 11.00,
 		"sample_4" : 0, "node_id" : 1},

	"1:578" : {"timestamp" : 1346182925, "air_time" : 5,
 		"sequence" : 578, "fails" : 3,
 		"retries" : 0, "sample_1" : 3.82,
 		"sample_2" : -6.78, "sample_3" : 11.87,
 		"sample_4" : 0, "node_id" : 1},

	"1:579" : {"timestamp" : 1346182926, "air_time" : 9,
 		"sequence" : 579, "fails" : 2,
 		"retries" : 1, "sample_1" : 5.50,
 		"sample_2" : -8.41, "sample_3" : 10.15,
 		"sample_4" : 0, "node_id" : 1},

	"1:580" : {"timestamp" : 1346182927, "air_time" : 5,
 		"sequence" : 580, "fails" : 2,
 		"retries" : 1, "sample_1" : 6.63,
 		"sample_2" : -9.16, "sample_3" : 9.72,
 		"sample_4" : 0, "node_id" : 1},

	"1:581" : {"timestamp" : 1346182928, "air_time" : 1,
 		"sequence" : 581, "fails" : 2,
 		"retries" : 1, "sample_1" : 9.36,
 		"sample_2" : -8.02, "sample_3" : 10.09,
 		"sample_4" : 0, "node_id" : 1},

	"1:582" : {"timestamp" : 1346182929, "air_time" : 8,
 		"sequence" : 582, "fails" : 0,
 		"retries" : 2, "sample_1" : 8.96,
 		"sample_2" : -9.29, "sample_3" : 9.90,
 		"sample_4" : 0, "node_id" : 1},

	"1:583" : {"timestamp" : 1346182930, "air_time" : 8,
 		"sequence" : 583, "fails" : 1,
 		"retries" : 2, "sample_1" : 11.30,
 		"sample_2" : -9.15, "sample_3" : 7.36,
 		"sample_4" : 0, "node_id" : 1},

	"1:584" : {"timestamp" : 1346182931, "air_time" : 9,
 		"sequence" : 584, "fails" : 1,
 		"retries" : 2, "sample_1" : 10.05,
 		"sample_2" : -7.41, "sample_3" : 6.50,
 		"sample_4" : 0, "node_id" : 1},

	"1:585" : {"timestamp" : 1346182932, "air_time" : 2,
 		"sequence" : 585, "fails" : 3,
 		"retries" : 1, "sample_1" : 11.30,
 		"sample_2" : -7.99, "sample_3" : 4.88,
 		"sample_4" : 0, "node_id" : 1},

	"1:586" : {"timestamp" : 1346182933, "air_time" : 8,
 		"sequence" : 586, "fails" : 2,
 		"retries" : 0, "sample_1" : 10.55,
 		"sample_2" : -6.12, "sample_3" : 2.93,
 		"sample_4" : 0, "node_id" : 1},

	"1:587" : {"timestamp" : 1346182934, "air_time" : 3,
 		"sequence" : 587, "fails" : 0,
 		"retries" : 0, "sample_1" : 10.60,
 		"sample_2" : -5.12, "sample_3" : 2.11,
 		"sample_4" : 0, "node_id" : 1},

	"1:588" : {"timestamp" : 1346182935, "air_time" : 8,
 		"sequence" : 588, "fails" : 0,
 		"retries" : 2, "sample_1" : 10.26,
 		"sample_2" : -2.65, "sample_3" : 0.47,
 		"sample_4" : 0, "node_id" : 1},

	"1:589" : {"timestamp" : 1346182936, "air_time" : 5,
 		"sequence" : 589, "fails" : 0,
 		"retries" : 0, "sample_1" : 9.26,
 		"sample_2" : -2.93, "sample_3" : -1.74,
 		"sample_4" : 0, "node_id" : 1},

	"1:590" : {"timestamp" : 1346182937, "air_time" : 3,
 		"sequence" : 590, "fails" : 2,
 		"retries" : 1, "sample_1" : 7.93,
 		"sample_2" : -1.03, "sample_3" : -2.97,
 		"sample_4" : 0, "node_id" : 1},

	"1:591" : {"timestamp" : 1346182938, "air_time" : 9,
 		"sequence" : 591, "fails" : 1,
 		"retries" : 1, "sample_1" : 5.10,
 		"sample_2" : 0.82, "sample_3" : -4.57,
 		"sample_4" : 0, "node_id" : 1},

	"1:592" : {"timestamp" : 1346182939, "air_time" : 5,
 		"sequence" : 592, "fails" : 1,
 		"retries" : 2, "sample_1" : 5.32,
 		"sample_2" : 2.84, "sample_3" : -6.98,
 		"sample_4" : 0, "node_id" : 1},

	"1:593" : {"timestamp" : 1346182940, "air_time" : 9,
 		"sequence" : 593, "fails" : 1,
 		"retries" : 1, "sample_1" : 3.44,
 		"sample_2" : 5.50, "sample_3" : -7.98,
 		"sample_4" : 0, "node_id" : 1},

	"1:594" : {"timestamp" : 1346182941, "air_time" : 0,
 		"sequence" : 594, "fails" : 1,
 		"retries" : 1, "sample_1" : 1.10,
 		"sample_2" : 7.34, "sample_3" : -7.53,
 		"sample_4" : 0, "node_id" : 1},

	"1:595" : {"timestamp" : 1346182942, "air_time" : 7,
 		"sequence" : 595, "fails" : 2,
 		"retries" : 0, "sample_1" : -1.14,
 		"sample_2" : 8.11, "sample_3" : -9.70,
 		"sample_4" : 0, "node_id" : 1},

	"1:596" : {"timestamp" : 1346182943, "air_time" : 3,
 		"sequence" : 596, "fails" : 2,
 		"retries" : 0, "sample_1" : -2.02,
 		"sample_2" : 8.48, "sample_3" : -9.97,
 		"sample_4" : 0, "node_id" : 1},

	"1:597" : {"timestamp" : 1346182944, "air_time" : 5,
 		"sequence" : 597, "fails" : 3,
 		"retries" : 0, "sample_1" : -4.70,
 		"sample_2" : 9.81, "sample_3" : -8.25,
 		"sample_4" : 0, "node_id" : 1},

	"1:598" : {"timestamp" : 1346182945, "air_time" : 1,
 		"sequence" : 598, "fails" : 3,
 		"retries" : 1, "sample_1" : -5.73,
 		"sample_2" : 10.06, "sample_3" : -9.62,
 		"sample_4" : 0, "node_id" : 1},

	"1:599" : {"timestamp" : 1346182946, "air_time" : 9,
 		"sequence" : 599, "fails" : 1,
 		"retries" : 2, "sample_1" : -7.46,
 		"sample_2" : 11.12, "sample_3" : -8.39,
 		"sample_4" : 0, "node_id" : 1},

	"1:600" : {"timestamp" : 1346182947, "air_time" : 8,
 		"sequence" : 600, "fails" : 2,
 		"retries" : 1, "sample_1" : -8.16,
 		"sample_2" : 11.89, "sample_3" : -8.00,
 		"sample_4" : 0, "node_id" : 1},

	"2:1" : {"timestamp" : 1346182348, "air_time" : 9,
 		"sequence" : 1, "fails" : 1,
 		"retries" : 1, "sample_1" : 3.54,
 		"sample_2" : -6.51, "sample_3" : 10.70,
 		"sample_4" : 0, "node_id" : 2},

	"2:2" : {"timestamp" : 1346182349, "air_time" : 9,
 		"sequence" : 2, "fails" : 0,
 		"retries" : 0, "sample_1" : 3.42,
 		"sample_2" : -6.58, "sample_3" : 10.47,
 		"sample_4" : 0, "node_id" : 2},

	"2:3" : {"timestamp" : 1346182350, "air_time" : 8,
 		"sequence" : 3, "fails" : 1,
 		"retries" : 1, "sample_1" : 6.90,
 		"sample_2" : -8.21, "sample_3" : 10.85,
 		"sample_4" : 0, "node_id" : 2},

	"2:4" : {"timestamp" : 1346182351, "air_time" : 1,
 		"sequence" : 4, "fails" : 0,
 		"retries" : 1, "sample_1" : 8.23,
 		"sample_2" : -9.16, "sample_3" : 11.22,
 		"sample_4" : 0, "node_id" : 2},

	"2:5" : {"timestamp" : 1346182352, "air_time" : 2,
 		"sequence" : 5, "fails" : 0,
 		"retries" : 1, "sample_1" : 7.76,
 		"sample_2" : -9.12, "sample_3" : 9.59,
 		"sample_4" : 0, "node_id" : 2},

	"2:6" : {"timestamp" : 1346182353, "air_time" : 6,
 		"sequence" : 6, "fails" : 1,
 		"retries" : 0, "sample_1" : 10.06,
 		"sample_2" : -8.89, "sample_3" : 8.70,
 		"sample_4" : 0, "node_id" : 2},

	"2:7" : {"timestamp" : 1346182354, "air_time" : 9,
 		"sequence" : 7, "fails" : 1,
 		"retries" : 1, "sample_1" : 10.30,
 		"sample_2" : -8.85, "sample_3" : 8.06,
 		"sample_4" : 0, "node_id" : 2},

	"2:8" : {"timestamp" : 1346182355, "air_time" : 8,
 		"sequence" : 8, "fails" : 2,
 		"retries" : 0, "sample_1" : 10.85,
 		"sample_2" : -8.11, "sample_3" : 6.80,
 		"sample_4" : 0, "node_id" : 2},

	"2:9" : {"timestamp" : 1346182356, "air_time" : 3,
 		"sequence" : 9, "fails" : 1,
 		"retries" : 2, "sample_1" : 10.30,
 		"sample_2" : -6.99, "sample_3" : 4.38,
 		"sample_4" : 0, "node_id" : 2},

	"2:10" : {"timestamp" : 1346182357, "air_time" : 7,
 		"sequence" : 10, "fails" : 1,
 		"retries" : 2, "sample_1" : 11.35,
 		"sample_2" : -5.52, "sample_3" : 3.43,
 		"sample_4" : 0, "node_id" : 2},

	"2:11" : {"timestamp" : 1346182358, "air_time" : 9,
 		"sequence" : 11, "fails" : 0,
 		"retries" : 0, "sample_1" : 9.60,
 		"sample_2" : -5.82, "sample_3" : 2.01,
 		"sample_4" : 0, "node_id" : 2},

	"2:12" : {"timestamp" : 1346182359, "air_time" : 1,
 		"sequence" : 12, "fails" : 1,
 		"retries" : 1, "sample_1" : 9.46,
 		"sample_2" : -3.25, "sample_3" : 0.07,
 		"sample_4" : 0, "node_id" : 2},

	"2:13" : {"timestamp" : 1346182360, "air_time" : 0,
 		"sequence" : 13, "fails" : 1,
 		"retries" : 0, "sample_1" : 7.96,
 		"sample_2" : -2.53, "sample_3" : -1.14,
 		"sample_4" : 0, "node_id" : 2},

	"2:14" : {"timestamp" : 1346182361, "air_time" : 0,
 		"sequence" : 14, "fails" : 0,
 		"retries" : 1, "sample_1" : 8.23,
 		"sample_2" : 0.67, "sample_3" : -3.57,
 		"sample_4" : 0, "node_id" : 2},

	"2:15" : {"timestamp" : 1346182362, "air_time" : 8,
 		"sequence" : 15, "fails" : 3,
 		"retries" : 2, "sample_1" : 6.20,
 		"sample_2" : 1.32, "sample_3" : -4.97,
 		"sample_4" : 0, "node_id" : 2},

	"2:16" : {"timestamp" : 1346182363, "air_time" : 9,
 		"sequence" : 16, "fails" : 2,
 		"retries" : 0, "sample_1" : 3.92,
 		"sample_2" : 3.74, "sample_3" : -7.18,
 		"sample_4" : 0, "node_id" : 2},

	"2:17" : {"timestamp" : 1346182364, "air_time" : 0,
 		"sequence" : 17, "fails" : 1,
 		"retries" : 0, "sample_1" : 3.04,
 		"sample_2" : 5.50, "sample_3" : -6.38,
 		"sample_4" : 0, "node_id" : 2},

	"2:18" : {"timestamp" : 1346182365, "air_time" : 9,
 		"sequence" : 18, "fails" : 2,
 		"retries" : 1, "sample_1" : 1.50,
 		"sample_2" : 6.04, "sample_3" : -9.13,
 		"sample_4" : 0, "node_id" : 2},

	"2:19" : {"timestamp" : 1346182366, "air_time" : 0,
 		"sequence" : 19, "fails" : 3,
 		"retries" : 1, "sample_1" : -0.44,
 		"sample_2" : 8.21, "sample_3" : -8.30,
 		"sample_4" : 0, "node_id" : 2},

	"2:20" : {"timestamp" : 1346182367, "air_time" : 6,
 		"sequence" : 20, "fails" : 3,
 		"retries" : 1, "sample_1" : -3.42,
 		"sample_2" : 8.28, "sample_3" : -9.17,
 		"sample_4" : 0, "node_id" : 2},

	"2:21" : {"timestamp" : 1346182368, "air_time" : 5,
 		"sequence" : 21, "fails" : 0,
 		"retries" : 2, "sample_1" : -3.50,
 		"sample_2" : 9.61, "sample_3" : -9.45,
 		"sample_4" : 0, "node_id" : 2},

	"2:22" : {"timestamp" : 1346182369, "air_time" : 8,
 		"sequence" : 22, "fails" : 3,
 		"retries" : 0, "sample_1" : -5.63,
 		"sample_2" : 10.86, "sample_3" : -8.92,
 		"sample_4" : 0, "node_id" : 2},

	"2:23" : {"timestamp" : 1346182370, "air_time" : 9,
 		"sequence" : 23, "fails" : 0,
 		"retries" : 2, "sample_1" : -6.56,
 		"sample_2" : 11.72, "sample_3" : -8.99,
 		"sample_4" : 0, "node_id" : 2},

	"2:24" : {"timestamp" : 1346182371, "air_time" : 0,
 		"sequence" : 24, "fails" : 0,
 		"retries" : 0, "sample_1" : -8.36,
 		"sample_2" : 10.09, "sample_3" : -6.90,
 		"sample_4" : 0, "node_id" : 2},

	"2:25" : {"timestamp" : 1346182372, "air_time" : 9,
 		"sequence" : 25, "fails" : 3,
 		"retries" : 2, "sample_1" : -8.30,
 		"sample_2" : 11.45, "sample_3" : -6.46,
 		"sample_4" : 0, "node_id" : 2},

	"2:26" : {"timestamp" : 1346182373, "air_time" : 9,
 		"sequence" : 26, "fails" : 3,
 		"retries" : 2, "sample_1" : -8.75,
 		"sample_2" : 10.61, "sample_3" : -5.60,
 		"sample_4" : 0, "node_id" : 2},

	"2:27" : {"timestamp" : 1346182374, "air_time" : 1,
 		"sequence" : 27, "fails" : 3,
 		"retries" : 1, "sample_1" : -8.30,
 		"sample_2" : 8.39, "sample_3" : -3.28,
 		"sample_4" : 0, "node_id" : 2},

	"2:28" : {"timestamp" : 1346182375, "air_time" : 5,
 		"sequence" : 28, "fails" : 0,
 		"retries" : 0, "sample_1" : -8.35,
 		"sample_2" : 8.42, "sample_3" : -1.73,
 		"sample_4" : 0, "node_id" : 2},

	"2:29" : {"timestamp" : 1346182376, "air_time" : 5,
 		"sequence" : 29, "fails" : 0,
 		"retries" : 1, "sample_1" : -9.00,
 		"sample_2" : 7.62, "sample_3" : 0.19,
 		"sample_4" : 0, "node_id" : 2},

	"2:30" : {"timestamp" : 1346182377, "air_time" : 2,
 		"sequence" : 30, "fails" : 1,
 		"retries" : 0, "sample_1" : -6.76,
 		"sample_2" : 4.95, "sample_3" : 2.13,
 		"sample_4" : 0, "node_id" : 2},

	"2:31" : {"timestamp" : 1346182378, "air_time" : 8,
 		"sequence" : 31, "fails" : 3,
 		"retries" : 2, "sample_1" : -7.46,
 		"sample_2" : 4.33, "sample_3" : 2.74,
 		"sample_4" : 0, "node_id" : 2},

	"2:32" : {"timestamp" : 1346182379, "air_time" : 7,
 		"sequence" : 32, "fails" : 1,
 		"retries" : 0, "sample_1" : -5.83,
 		"sample_2" : 1.93, "sample_3" : 5.27,
 		"sample_4" : 0, "node_id" : 2},

	"2:33" : {"timestamp" : 1346182380, "air_time" : 4,
 		"sequence" : 33, "fails" : 1,
 		"retries" : 0, "sample_1" : -3.90,
 		"sample_2" : 1.08, "sample_3" : 7.17,
 		"sample_4" : 0, "node_id" : 2},

	"2:34" : {"timestamp" : 1346182381, "air_time" : 6,
 		"sequence" : 34, "fails" : 0,
 		"retries" : 1, "sample_1" : -3.32,
 		"sample_2" : -0.64, "sample_3" : 7.78,
 		"sample_4" : 0, "node_id" : 2},

	"2:35" : {"timestamp" : 1346182382, "air_time" : 2,
 		"sequence" : 35, "fails" : 1,
 		"retries" : 2, "sample_1" : -0.44,
 		"sample_2" : -2.20, "sample_3" : 8.88,
 		"sample_4" : 0, "node_id" : 2},

	"2:36" : {"timestamp" : 1346182383, "air_time" : 8,
 		"sequence" : 36, "fails" : 0,
 		"retries" : 2, "sample_1" : 0.10,
 		"sample_2" : -3.54, "sample_3" : 10.83,
 		"sample_4" : 0, "node_id" : 2},

	"2:37" : {"timestamp" : 1346182384, "air_time" : 4,
 		"sequence" : 37, "fails" : 2,
 		"retries" : 1, "sample_1" : 3.64,
 		"sample_2" : -5.91, "sample_3" : 11.00,
 		"sample_4" : 0, "node_id" : 2},

	"2:38" : {"timestamp" : 1346182385, "air_time" : 4,
 		"sequence" : 38, "fails" : 1,
 		"retries" : 2, "sample_1" : 4.72,
 		"sample_2" : -7.78, "sample_3" : 10.57,
 		"sample_4" : 0, "node_id" : 2},

	"2:39" : {"timestamp" : 1346182386, "air_time" : 9,
 		"sequence" : 39, "fails" : 2,
 		"retries" : 0, "sample_1" : 5.40,
 		"sample_2" : -7.31, "sample_3" : 10.35,
 		"sample_4" : 0, "node_id" : 2},

	"2:40" : {"timestamp" : 1346182387, "air_time" : 4,
 		"sequence" : 40, "fails" : 0,
 		"retries" : 0, "sample_1" : 6.63,
 		"sample_2" : -9.56, "sample_3" : 11.22,
 		"sample_4" : 0, "node_id" : 2},

	"2:41" : {"timestamp" : 1346182388, "air_time" : 0,
 		"sequence" : 41, "fails" : 0,
 		"retries" : 2, "sample_1" : 9.36,
 		"sample_2" : -8.32, "sample_3" : 10.09,
 		"sample_4" : 0, "node_id" : 2},

	"2:42" : {"timestamp" : 1346182389, "air_time" : 1,
 		"sequence" : 42, "fails" : 2,
 		"retries" : 2, "sample_1" : 8.96,
 		"sample_2" : -9.29, "sample_3" : 9.00,
 		"sample_4" : 0, "node_id" : 2},

	"2:43" : {"timestamp" : 1346182390, "air_time" : 6,
 		"sequence" : 43, "fails" : 1,
 		"retries" : 2, "sample_1" : 10.00,
 		"sample_2" : -8.65, "sample_3" : 7.36,
 		"sample_4" : 0, "node_id" : 2},

	"2:44" : {"timestamp" : 1346182391, "air_time" : 6,
 		"sequence" : 44, "fails" : 3,
 		"retries" : 0, "sample_1" : 11.65,
 		"sample_2" : -8.31, "sample_3" : 6.30,
 		"sample_4" : 0, "node_id" : 2},

	"2:45" : {"timestamp" : 1346182392, "air_time" : 4,
 		"sequence" : 45, "fails" : 3,
 		"retries" : 1, "sample_1" : 10.50,
 		"sample_2" : -7.69, "sample_3" : 5.08,
 		"sample_4" : 0, "node_id" : 2},

	"2:46" : {"timestamp" : 1346182393, "air_time" : 4,
 		"sequence" : 46, "fails" : 0,
 		"retries" : 2, "sample_1" : 10.95,
 		"sample_2" : -5.62, "sample_3" : 3.03,
 		"sample_4" : 0, "node_id" : 2},

	"2:47" : {"timestamp" : 1346182394, "air_time" : 9,
 		"sequence" : 47, "fails" : 2,
 		"retries" : 1, "sample_1" : 10.10,
 		"sample_2" : -5.42, "sample_3" : 2.41,
 		"sample_4" : 0, "node_id" : 2},

	"2:48" : {"timestamp" : 1346182395, "air_time" : 3,
 		"sequence" : 48, "fails" : 0,
 		"retries" : 0, "sample_1" : 9.66,
 		"sample_2" : -4.45, "sample_3" : -0.73,
 		"sample_4" : 0, "node_id" : 2},

	"2:49" : {"timestamp" : 1346182396, "air_time" : 2,
 		"sequence" : 49, "fails" : 2,
 		"retries" : 2, "sample_1" : 8.36,
 		"sample_2" : -2.23, "sample_3" : -2.64,
 		"sample_4" : 0, "node_id" : 2},

	"2:50" : {"timestamp" : 1346182397, "air_time" : 0,
 		"sequence" : 50, "fails" : 0,
 		"retries" : 2, "sample_1" : 7.13,
 		"sample_2" : -0.43, "sample_3" : -3.07,
 		"sample_4" : 0, "node_id" : 2},

	"2:51" : {"timestamp" : 1346182398, "air_time" : 4,
 		"sequence" : 51, "fails" : 0,
 		"retries" : 0, "sample_1" : 6.70,
 		"sample_2" : 2.02, "sample_3" : -5.67,
 		"sample_4" : 0, "node_id" : 2},

	"2:52" : {"timestamp" : 1346182399, "air_time" : 7,
 		"sequence" : 52, "fails" : 0,
 		"retries" : 2, "sample_1" : 4.32,
 		"sample_2" : 3.04, "sample_3" : -6.08,
 		"sample_4" : 0, "node_id" : 2},

	"2:53" : {"timestamp" : 1346182400, "air_time" : 8,
 		"sequence" : 53, "fails" : 2,
 		"retries" : 2, "sample_1" : 3.34,
 		"sample_2" : 4.40, "sample_3" : -8.18,
 		"sample_4" : 0, "node_id" : 2},

	"2:54" : {"timestamp" : 1346182401, "air_time" : 1,
 		"sequence" : 54, "fails" : 1,
 		"retries" : 1, "sample_1" : 1.50,
 		"sample_2" : 5.84, "sample_3" : -8.43,
 		"sample_4" : 0, "node_id" : 2},

	"2:55" : {"timestamp" : 1346182402, "air_time" : 9,
 		"sequence" : 55, "fails" : 2,
 		"retries" : 0, "sample_1" : -0.24,
 		"sample_2" : 6.81, "sample_3" : -9.00,
 		"sample_4" : 0, "node_id" : 2},

	"2:56" : {"timestamp" : 1346182403, "air_time" : 1,
 		"sequence" : 56, "fails" : 3,
 		"retries" : 1, "sample_1" : -2.62,
 		"sample_2" : 9.48, "sample_3" : -8.37,
 		"sample_4" : 0, "node_id" : 2},

	"2:57" : {"timestamp" : 1346182404, "air_time" : 8,
 		"sequence" : 57, "fails" : 1,
 		"retries" : 1, "sample_1" : -3.90,
 		"sample_2" : 9.71, "sample_3" : -8.25,
 		"sample_4" : 0, "node_id" : 2},

	"2:58" : {"timestamp" : 1346182405, "air_time" : 1,
 		"sequence" : 58, "fails" : 1,
 		"retries" : 0, "sample_1" : -6.43,
 		"sample_2" : 11.36, "sample_3" : -8.62,
 		"sample_4" : 0, "node_id" : 2},

	"2:59" : {"timestamp" : 1346182406, "air_time" : 6,
 		"sequence" : 59, "fails" : 1,
 		"retries" : 2, "sample_1" : -6.86,
 		"sample_2" : 9.92, "sample_3" : -7.59,
 		"sample_4" : 0, "node_id" : 2},

	"2:60" : {"timestamp" : 1346182407, "air_time" : 0,
 		"sequence" : 60, "fails" : 2,
 		"retries" : 0, "sample_1" : -7.46,
 		"sample_2" : 9.99, "sample_3" : -7.00,
 		"sample_4" : 0, "node_id" : 2},

	"2:61" : {"timestamp" : 1346182408, "air_time" : 4,
 		"sequence" : 61, "fails" : 0,
 		"retries" : 0, "sample_1" : -9.00,
 		"sample_2" : 11.15, "sample_3" : -6.86,
 		"sample_4" : 0, "node_id" : 2},

	"2:62" : {"timestamp" : 1346182409, "air_time" : 5,
 		"sequence" : 62, "fails" : 1,
 		"retries" : 1, "sample_1" : -9.35,
 		"sample_2" : 10.81, "sample_3" : -5.60,
 		"sample_4" : 0, "node_id" : 2},

	"2:63" : {"timestamp" : 1346182410, "air_time" : 8,
 		"sequence" : 63, "fails" : 0,
 		"retries" : 1, "sample_1" : -9.70,
 		"sample_2" : 9.79, "sample_3" : -4.08,
 		"sample_4" : 0, "node_id" : 2},

	"2:64" : {"timestamp" : 1346182411, "air_time" : 7,
 		"sequence" : 64, "fails" : 3,
 		"retries" : 1, "sample_1" : -7.95,
 		"sample_2" : 8.02, "sample_3" : -1.43,
 		"sample_4" : 0, "node_id" : 2},

	"2:65" : {"timestamp" : 1346182412, "air_time" : 7,
 		"sequence" : 65, "fails" : 3,
 		"retries" : 2, "sample_1" : -7.70,
 		"sample_2" : 7.02, "sample_3" : -0.41,
 		"sample_4" : 0, "node_id" : 2},

	"2:66" : {"timestamp" : 1346182413, "air_time" : 2,
 		"sequence" : 66, "fails" : 3,
 		"retries" : 1, "sample_1" : -7.06,
 		"sample_2" : 5.75, "sample_3" : 1.33,
 		"sample_4" : 0, "node_id" : 2},

	"2:67" : {"timestamp" : 1346182414, "air_time" : 1,
 		"sequence" : 67, "fails" : 1,
 		"retries" : 0, "sample_1" : -5.96,
 		"sample_2" : 4.23, "sample_3" : 4.14,
 		"sample_4" : 0, "node_id" : 2},

	"2:68" : {"timestamp" : 1346182415, "air_time" : 0,
 		"sequence" : 68, "fails" : 0,
 		"retries" : 2, "sample_1" : -4.93,
 		"sample_2" : 1.33, "sample_3" : 4.67,
 		"sample_4" : 0, "node_id" : 2},

	"2:69" : {"timestamp" : 1346182416, "air_time" : 8,
 		"sequence" : 69, "fails" : 1,
 		"retries" : 0, "sample_1" : -3.60,
 		"sample_2" : 0.18, "sample_3" : 6.87,
 		"sample_4" : 0, "node_id" : 2},

	"2:70" : {"timestamp" : 1346182417, "air_time" : 8,
 		"sequence" : 70, "fails" : 1,
 		"retries" : 0, "sample_1" : -2.22,
 		"sample_2" : -0.34, "sample_3" : 7.68,
 		"sample_4" : 0, "node_id" : 2},

	"2:71" : {"timestamp" : 1346182418, "air_time" : 5,
 		"sequence" : 71, "fails" : 2,
 		"retries" : 0, "sample_1" : -0.34,
 		"sample_2" : -3.40, "sample_3" : 8.58,
 		"sample_4" : 0, "node_id" : 2},

	"2:72" : {"timestamp" : 1346182419, "air_time" : 0,
 		"sequence" : 72, "fails" : 3,
 		"retries" : 0, "sample_1" : 0.20,
 		"sample_2" : -3.64, "sample_3" : 10.93,
 		"sample_4" : 0, "node_id" : 2},

	"2:73" : {"timestamp" : 1346182420, "air_time" : 5,
 		"sequence" : 73, "fails" : 0,
 		"retries" : 2, "sample_1" : 2.44,
 		"sample_2" : -6.21, "sample_3" : 10.00,
 		"sample_4" : 0, "node_id" : 2},

	"2:74" : {"timestamp" : 1346182421, "air_time" : 4,
 		"sequence" : 74, "fails" : 3,
 		"retries" : 2, "sample_1" : 3.52,
 		"sample_2" : -6.08, "sample_3" : 11.17,
 		"sample_4" : 0, "node_id" : 2},

	"2:75" : {"timestamp" : 1346182422, "air_time" : 5,
 		"sequence" : 75, "fails" : 2,
 		"retries" : 2, "sample_1" : 5.20,
 		"sample_2" : -7.51, "sample_3" : 11.85,
 		"sample_4" : 0, "node_id" : 2},

	"2:76" : {"timestamp" : 1346182423, "air_time" : 1,
 		"sequence" : 76, "fails" : 1,
 		"retries" : 2, "sample_1" : 7.63,
 		"sample_2" : -8.76, "sample_3" : 10.62,
 		"sample_4" : 0, "node_id" : 2},

	"2:77" : {"timestamp" : 1346182424, "air_time" : 2,
 		"sequence" : 77, "fails" : 0,
 		"retries" : 2, "sample_1" : 8.06,
 		"sample_2" : -8.02, "sample_3" : 9.59,
 		"sample_4" : 0, "node_id" : 2},

	"2:78" : {"timestamp" : 1346182425, "air_time" : 6,
 		"sequence" : 78, "fails" : 0,
 		"retries" : 2, "sample_1" : 8.66,
 		"sample_2" : -9.09, "sample_3" : 9.70,
 		"sample_4" : 0, "node_id" : 2},

	"2:79" : {"timestamp" : 1346182426, "air_time" : 8,
 		"sequence" : 79, "fails" : 2,
 		"retries" : 1, "sample_1" : 9.90,
 		"sample_2" : -8.25, "sample_3" : 8.26,
 		"sample_4" : 0, "node_id" : 2},

	"2:80" : {"timestamp" : 1346182427, "air_time" : 4,
 		"sequence" : 80, "fails" : 0,
 		"retries" : 2, "sample_1" : 10.05,
 		"sample_2" : -7.51, "sample_3" : 6.60,
 		"sample_4" : 0, "node_id" : 2},

	"2:81" : {"timestamp" : 1346182428, "air_time" : 3,
 		"sequence" : 81, "fails" : 0,
 		"retries" : 0, "sample_1" : 11.20,
 		"sample_2" : -8.19, "sample_3" : 4.88,
 		"sample_4" : 0, "node_id" : 2},

	"2:82" : {"timestamp" : 1346182429, "air_time" : 4,
 		"sequence" : 82, "fails" : 0,
 		"retries" : 2, "sample_1" : 10.25,
 		"sample_2" : -5.72, "sample_3" : 3.63,
 		"sample_4" : 0, "node_id" : 2},

	"2:83" : {"timestamp" : 1346182430, "air_time" : 2,
 		"sequence" : 83, "fails" : 2,
 		"retries" : 1, "sample_1" : 9.40,
 		"sample_2" : -5.32, "sample_3" : 1.81,
 		"sample_4" : 0, "node_id" : 2},

	"2:84" : {"timestamp" : 1346182431, "air_time" : 7,
 		"sequence" : 84, "fails" : 0,
 		"retries" : 2, "sample_1" : 10.06,
 		"sample_2" : -3.25, "sample_3" : 0.67,
 		"sample_4" : 0, "node_id" : 2},

	"2:85" : {"timestamp" : 1346182432, "air_time" : 5,
 		"sequence" : 85, "fails" : 0,
 		"retries" : 0, "sample_1" : 7.86,
 		"sample_2" : -2.73, "sample_3" : -2.24,
 		"sample_4" : 0, "node_id" : 2},

	"2:86" : {"timestamp" : 1346182433, "air_time" : 3,
 		"sequence" : 86, "fails" : 2,
 		"retries" : 2, "sample_1" : 6.53,
 		"sample_2" : -0.03, "sample_3" : -3.87,
 		"sample_4" : 0, "node_id" : 2},

	"2:87" : {"timestamp" : 1346182434, "air_time" : 6,
 		"sequence" : 87, "fails" : 1,
 		"retries" : 1, "sample_1" : 6.20,
 		"sample_2" : 1.52, "sample_3" : -5.87,
 		"sample_4" : 0, "node_id" : 2},

	"2:88" : {"timestamp" : 1346182435, "air_time" : 7,
 		"sequence" : 88, "fails" : 2,
 		"retries" : 2, "sample_1" : 4.22,
 		"sample_2" : 3.44, "sample_3" : -6.08,
 		"sample_4" : 0, "node_id" : 2},

	"2:89" : {"timestamp" : 1346182436, "air_time" : 5,
 		"sequence" : 89, "fails" : 3,
 		"retries" : 2, "sample_1" : 2.04,
 		"sample_2" : 4.90, "sample_3" : -7.78,
 		"sample_4" : 0, "node_id" : 2},

	"2:90" : {"timestamp" : 1346182437, "air_time" : 3,
 		"sequence" : 90, "fails" : 3,
 		"retries" : 2, "sample_1" : 1.00,
 		"sample_2" : 7.14, "sample_3" : -8.73,
 		"sample_4" : 0, "node_id" : 2},

	"2:91" : {"timestamp" : 1346182438, "air_time" : 3,
 		"sequence" : 91, "fails" : 1,
 		"retries" : 0, "sample_1" : -1.74,
 		"sample_2" : 6.81, "sample_3" : -8.60,
 		"sample_4" : 0, "node_id" : 2},

	"2:92" : {"timestamp" : 1346182439, "air_time" : 8,
 		"sequence" : 92, "fails" : 3,
 		"retries" : 0, "sample_1" : -3.42,
 		"sample_2" : 9.78, "sample_3" : -8.77,
 		"sample_4" : 0, "node_id" : 2},

	"2:93" : {"timestamp" : 1346182440, "air_time" : 2,
 		"sequence" : 93, "fails" : 3,
 		"retries" : 1, "sample_1" : -3.90,
 		"sample_2" : 10.61, "sample_3" : -8.55,
 		"sample_4" : 0, "node_id" : 2},

	"2:94" : {"timestamp" : 1346182441, "air_time" : 0,
 		"sequence" : 94, "fails" : 1,
 		"retries" : 0, "sample_1" : -5.73,
 		"sample_2" : 10.66, "sample_3" : -7.82,
 		"sample_4" : 0, "node_id" : 2},

	"2:95" : {"timestamp" : 1346182442, "air_time" : 5,
 		"sequence" : 95, "fails" : 0,
 		"retries" : 1, "sample_1" : -7.16,
 		"sample_2" : 11.52, "sample_3" : -7.39,
 		"sample_4" : 0, "node_id" : 2},

	"2:96" : {"timestamp" : 1346182443, "air_time" : 9,
 		"sequence" : 96, "fails" : 0,
 		"retries" : 1, "sample_1" : -7.56,
 		"sample_2" : 9.99, "sample_3" : -7.70,
 		"sample_4" : 0, "node_id" : 2},

	"2:97" : {"timestamp" : 1346182444, "air_time" : 2,
 		"sequence" : 97, "fails" : 0,
 		"retries" : 1, "sample_1" : -8.80,
 		"sample_2" : 11.25, "sample_3" : -5.76,
 		"sample_4" : 0, "node_id" : 2},

	"2:98" : {"timestamp" : 1346182445, "air_time" : 1,
 		"sequence" : 98, "fails" : 3,
 		"retries" : 1, "sample_1" : -8.55,
 		"sample_2" : 9.41, "sample_3" : -4.60,
 		"sample_4" : 0, "node_id" : 2},

	"2:99" : {"timestamp" : 1346182446, "air_time" : 3,
 		"sequence" : 99, "fails" : 0,
 		"retries" : 1, "sample_1" : -8.30,
 		"sample_2" : 9.59, "sample_3" : -2.88,
 		"sample_4" : 0, "node_id" : 2},

	"2:100" : {"timestamp" : 1346182447, "air_time" : 0,
 		"sequence" : 100, "fails" : 2,
 		"retries" : 2, "sample_1" : -8.95,
 		"sample_2" : 8.22, "sample_3" : -1.93,
 		"sample_4" : 0, "node_id" : 2},

	"2:101" : {"timestamp" : 1346182448, "air_time" : 9,
 		"sequence" : 101, "fails" : 3,
 		"retries" : 1, "sample_1" : -8.50,
 		"sample_2" : 7.62, "sample_3" : -0.51,
 		"sample_4" : 0, "node_id" : 2},

	"2:102" : {"timestamp" : 1346182449, "air_time" : 4,
 		"sequence" : 102, "fails" : 3,
 		"retries" : 2, "sample_1" : -8.06,
 		"sample_2" : 5.65, "sample_3" : 2.23,
 		"sample_4" : 0, "node_id" : 2},

	"2:103" : {"timestamp" : 1346182450, "air_time" : 4,
 		"sequence" : 103, "fails" : 0,
 		"retries" : 2, "sample_1" : -6.66,
 		"sample_2" : 4.73, "sample_3" : 3.14,
 		"sample_4" : 0, "node_id" : 2},

	"2:104" : {"timestamp" : 1346182451, "air_time" : 2,
 		"sequence" : 104, "fails" : 3,
 		"retries" : 1, "sample_1" : -4.83,
 		"sample_2" : 3.13, "sample_3" : 5.47,
 		"sample_4" : 0, "node_id" : 2},

	"2:105" : {"timestamp" : 1346182452, "air_time" : 5,
 		"sequence" : 105, "fails" : 3,
 		"retries" : 2, "sample_1" : -4.50,
 		"sample_2" : 0.28, "sample_3" : 6.87,
 		"sample_4" : 0, "node_id" : 2},

	"2:106" : {"timestamp" : 1346182453, "air_time" : 8,
 		"sequence" : 106, "fails" : 0,
 		"retries" : 2, "sample_1" : -1.92,
 		"sample_2" : -1.74, "sample_3" : 7.38,
 		"sample_4" : 0, "node_id" : 2},

	"2:107" : {"timestamp" : 1346182454, "air_time" : 9,
 		"sequence" : 107, "fails" : 2,
 		"retries" : 0, "sample_1" : -0.64,
 		"sample_2" : -3.70, "sample_3" : 8.98,
 		"sample_4" : 0, "node_id" : 2},

	"2:108" : {"timestamp" : 1346182455, "air_time" : 4,
 		"sequence" : 108, "fails" : 2,
 		"retries" : 0, "sample_1" : 1.70,
 		"sample_2" : -5.34, "sample_3" : 10.43,
 		"sample_4" : 0, "node_id" : 2},

	"2:109" : {"timestamp" : 1346182456, "air_time" : 7,
 		"sequence" : 109, "fails" : 2,
 		"retries" : 0, "sample_1" : 3.54,
 		"sample_2" : -5.71, "sample_3" : 9.90,
 		"sample_4" : 0, "node_id" : 2},

	"2:110" : {"timestamp" : 1346182457, "air_time" : 5,
 		"sequence" : 110, "fails" : 0,
 		"retries" : 1, "sample_1" : 3.52,
 		"sample_2" : -6.58, "sample_3" : 10.97,
 		"sample_4" : 0, "node_id" : 2},

	"2:111" : {"timestamp" : 1346182458, "air_time" : 9,
 		"sequence" : 111, "fails" : 0,
 		"retries" : 0, "sample_1" : 5.50,
 		"sample_2" : -7.91, "sample_3" : 10.65,
 		"sample_4" : 0, "node_id" : 2},

	"2:112" : {"timestamp" : 1346182459, "air_time" : 3,
 		"sequence" : 112, "fails" : 2,
 		"retries" : 0, "sample_1" : 7.53,
 		"sample_2" : -8.46, "sample_3" : 11.42,
 		"sample_4" : 0, "node_id" : 2},

	"2:113" : {"timestamp" : 1346182460, "air_time" : 7,
 		"sequence" : 113, "fails" : 1,
 		"retries" : 1, "sample_1" : 8.76,
 		"sample_2" : -8.92, "sample_3" : 9.19,
 		"sample_4" : 0, "node_id" : 2},

	"2:114" : {"timestamp" : 1346182461, "air_time" : 9,
 		"sequence" : 114, "fails" : 3,
 		"retries" : 2, "sample_1" : 10.46,
 		"sample_2" : -8.79, "sample_3" : 9.10,
 		"sample_4" : 0, "node_id" : 2},

	"2:115" : {"timestamp" : 1346182462, "air_time" : 8,
 		"sequence" : 115, "fails" : 0,
 		"retries" : 2, "sample_1" : 10.70,
 		"sample_2" : -9.45, "sample_3" : 8.06,
 		"sample_4" : 0, "node_id" : 2},

	"2:116" : {"timestamp" : 1346182463, "air_time" : 7,
 		"sequence" : 116, "fails" : 2,
 		"retries" : 2, "sample_1" : 11.75,
 		"sample_2" : -7.41, "sample_3" : 7.40,
 		"sample_4" : 0, "node_id" : 2},

	"2:117" : {"timestamp" : 1346182464, "air_time" : 4,
 		"sequence" : 117, "fails" : 1,
 		"retries" : 0, "sample_1" : 11.30,
 		"sample_2" : -6.69, "sample_3" : 5.88,
 		"sample_4" : 0, "node_id" : 2},

	"2:118" : {"timestamp" : 1346182465, "air_time" : 3,
 		"sequence" : 118, "fails" : 3,
 		"retries" : 0, "sample_1" : 10.75,
 		"sample_2" : -7.32, "sample_3" : 2.63,
 		"sample_4" : 0, "node_id" : 2},

	"2:119" : {"timestamp" : 1346182466, "air_time" : 7,
 		"sequence" : 119, "fails" : 0,
 		"retries" : 2, "sample_1" : 11.20,
 		"sample_2" : -5.52, "sample_3" : 2.21,
 		"sample_4" : 0, "node_id" : 2},

	"2:120" : {"timestamp" : 1346182467, "air_time" : 2,
 		"sequence" : 120, "fails" : 2,
 		"retries" : 1, "sample_1" : 8.66,
 		"sample_2" : -2.65, "sample_3" : -0.63,
 		"sample_4" : 0, "node_id" : 2},

	"2:121" : {"timestamp" : 1346182468, "air_time" : 0,
 		"sequence" : 121, "fails" : 2,
 		"retries" : 0, "sample_1" : 9.16,
 		"sample_2" : -1.83, "sample_3" : -2.44,
 		"sample_4" : 0, "node_id" : 2},

	"2:122" : {"timestamp" : 1346182469, "air_time" : 9,
 		"sequence" : 122, "fails" : 3,
 		"retries" : 1, "sample_1" : 8.33,
 		"sample_2" : 0.07, "sample_3" : -3.77,
 		"sample_4" : 0, "node_id" : 2},

	"2:123" : {"timestamp" : 1346182470, "air_time" : 4,
 		"sequence" : 123, "fails" : 0,
 		"retries" : 1, "sample_1" : 5.70,
 		"sample_2" : 2.42, "sample_3" : -5.87,
 		"sample_4" : 0, "node_id" : 2},

	"2:124" : {"timestamp" : 1346182471, "air_time" : 5,
 		"sequence" : 124, "fails" : 2,
 		"retries" : 0, "sample_1" : 3.62,
 		"sample_2" : 2.94, "sample_3" : -5.48,
 		"sample_4" : 0, "node_id" : 2},

	"2:125" : {"timestamp" : 1346182472, "air_time" : 7,
 		"sequence" : 125, "fails" : 3,
 		"retries" : 0, "sample_1" : 3.24,
 		"sample_2" : 4.60, "sample_3" : -7.98,
 		"sample_4" : 0, "node_id" : 2},

	"2:126" : {"timestamp" : 1346182473, "air_time" : 1,
 		"sequence" : 126, "fails" : 3,
 		"retries" : 2, "sample_1" : 1.90,
 		"sample_2" : 6.34, "sample_3" : -8.33,
 		"sample_4" : 0, "node_id" : 2},

	"2:127" : {"timestamp" : 1346182474, "air_time" : 7,
 		"sequence" : 127, "fails" : 3,
 		"retries" : 2, "sample_1" : -1.64,
 		"sample_2" : 8.31, "sample_3" : -8.20,
 		"sample_4" : 0, "node_id" : 2},

	"2:128" : {"timestamp" : 1346182475, "air_time" : 8,
 		"sequence" : 128, "fails" : 2,
 		"retries" : 0, "sample_1" : -2.82,
 		"sample_2" : 7.98, "sample_3" : -9.07,
 		"sample_4" : 0, "node_id" : 2},

	"2:129" : {"timestamp" : 1346182476, "air_time" : 6,
 		"sequence" : 129, "fails" : 2,
 		"retries" : 1, "sample_1" : -3.80,
 		"sample_2" : 9.51, "sample_3" : -9.45,
 		"sample_4" : 0, "node_id" : 2},

	"2:130" : {"timestamp" : 1346182477, "air_time" : 9,
 		"sequence" : 130, "fails" : 2,
 		"retries" : 1, "sample_1" : -4.73,
 		"sample_2" : 11.16, "sample_3" : -9.32,
 		"sample_4" : 0, "node_id" : 2},

	"2:131" : {"timestamp" : 1346182478, "air_time" : 1,
 		"sequence" : 131, "fails" : 1,
 		"retries" : 0, "sample_1" : -6.16,
 		"sample_2" : 11.82, "sample_3" : -8.89,
 		"sample_4" : 0, "node_id" : 2},

	"2:132" : {"timestamp" : 1346182479, "air_time" : 6,
 		"sequence" : 132, "fails" : 0,
 		"retries" : 1, "sample_1" : -6.96,
 		"sample_2" : 10.69, "sample_3" : -7.60,
 		"sample_4" : 0, "node_id" : 2},

	"2:133" : {"timestamp" : 1346182480, "air_time" : 6,
 		"sequence" : 133, "fails" : 0,
 		"retries" : 0, "sample_1" : -7.50,
 		"sample_2" : 10.95, "sample_3" : -6.26,
 		"sample_4" : 0, "node_id" : 2},

	"2:134" : {"timestamp" : 1346182481, "air_time" : 7,
 		"sequence" : 134, "fails" : 1,
 		"retries" : 2, "sample_1" : -9.45,
 		"sample_2" : 10.81, "sample_3" : -4.70,
 		"sample_4" : 0, "node_id" : 2},

	"2:135" : {"timestamp" : 1346182482, "air_time" : 1,
 		"sequence" : 135, "fails" : 2,
 		"retries" : 1, "sample_1" : -9.80,
 		"sample_2" : 10.29, "sample_3" : -2.88,
 		"sample_4" : 0, "node_id" : 2},

	"2:136" : {"timestamp" : 1346182483, "air_time" : 8,
 		"sequence" : 136, "fails" : 3,
 		"retries" : 1, "sample_1" : -8.25,
 		"sample_2" : 8.02, "sample_3" : -0.83,
 		"sample_4" : 0, "node_id" : 2},

	"2:137" : {"timestamp" : 1346182484, "air_time" : 9,
 		"sequence" : 137, "fails" : 3,
 		"retries" : 0, "sample_1" : -8.50,
 		"sample_2" : 6.22, "sample_3" : -0.71,
 		"sample_4" : 0, "node_id" : 2},

	"2:138" : {"timestamp" : 1346182485, "air_time" : 3,
 		"sequence" : 138, "fails" : 1,
 		"retries" : 0, "sample_1" : -7.66,
 		"sample_2" : 4.85, "sample_3" : 2.03,
 		"sample_4" : 0, "node_id" : 2},

	"2:139" : {"timestamp" : 1346182486, "air_time" : 6,
 		"sequence" : 139, "fails" : 1,
 		"retries" : 2, "sample_1" : -5.76,
 		"sample_2" : 3.93, "sample_3" : 4.54,
 		"sample_4" : 0, "node_id" : 2},

	"2:140" : {"timestamp" : 1346182487, "air_time" : 7,
 		"sequence" : 140, "fails" : 3,
 		"retries" : 2, "sample_1" : -6.23,
 		"sample_2" : 2.03, "sample_3" : 4.37,
 		"sample_4" : 0, "node_id" : 2},

	"2:141" : {"timestamp" : 1346182488, "air_time" : 1,
 		"sequence" : 141, "fails" : 0,
 		"retries" : 0, "sample_1" : -4.60,
 		"sample_2" : -0.42, "sample_3" : 6.37,
 		"sample_4" : 0, "node_id" : 2},

	"2:142" : {"timestamp" : 1346182489, "air_time" : 6,
 		"sequence" : 142, "fails" : 1,
 		"retries" : 0, "sample_1" : -1.82,
 		"sample_2" : -0.34, "sample_3" : 7.48,
 		"sample_4" : 0, "node_id" : 2},

	"2:143" : {"timestamp" : 1346182490, "air_time" : 7,
 		"sequence" : 143, "fails" : 3,
 		"retries" : 0, "sample_1" : -1.44,
 		"sample_2" : -3.90, "sample_3" : 9.48,
 		"sample_4" : 0, "node_id" : 2},

	"2:144" : {"timestamp" : 1346182491, "air_time" : 2,
 		"sequence" : 144, "fails" : 0,
 		"retries" : 2, "sample_1" : 0.80,
 		"sample_2" : -3.64, "sample_3" : 10.13,
 		"sample_4" : 0, "node_id" : 2},

	"2:145" : {"timestamp" : 1346182492, "air_time" : 4,
 		"sequence" : 145, "fails" : 0,
 		"retries" : 1, "sample_1" : 3.44,
 		"sample_2" : -6.01, "sample_3" : 9.90,
 		"sample_4" : 0, "node_id" : 2},

	"2:146" : {"timestamp" : 1346182493, "air_time" : 5,
 		"sequence" : 146, "fails" : 2,
 		"retries" : 2, "sample_1" : 4.22,
 		"sample_2" : -7.18, "sample_3" : 10.77,
 		"sample_4" : 0, "node_id" : 2},

	"2:147" : {"timestamp" : 1346182494, "air_time" : 2,
 		"sequence" : 147, "fails" : 1,
 		"retries" : 1, "sample_1" : 6.40,
 		"sample_2" : -7.01, "sample_3" : 10.65,
 		"sample_4" : 0, "node_id" : 2},

	"2:148" : {"timestamp" : 1346182495, "air_time" : 9,
 		"sequence" : 148, "fails" : 0,
 		"retries" : 2, "sample_1" : 8.03,
 		"sample_2" : -8.66, "sample_3" : 10.42,
 		"sample_4" : 0, "node_id" : 2},

	"2:149" : {"timestamp" : 1346182496, "air_time" : 0,
 		"sequence" : 149, "fails" : 1,
 		"retries" : 0, "sample_1" : 9.46,
 		"sample_2" : -9.92, "sample_3" : 10.39,
 		"sample_4" : 0, "node_id" : 2},

	"2:150" : {"timestamp" : 1346182497, "air_time" : 5,
 		"sequence" : 150, "fails" : 3,
 		"retries" : 2, "sample_1" : 10.06,
 		"sample_2" : -9.99, "sample_3" : 9.60,
 		"sample_4" : 0, "node_id" : 2},

	"2:151" : {"timestamp" : 1346182498, "air_time" : 4,
 		"sequence" : 151, "fails" : 1,
 		"retries" : 2, "sample_1" : 10.60,
 		"sample_2" : -8.15, "sample_3" : 8.56,
 		"sample_4" : 0, "node_id" : 2},

	"2:152" : {"timestamp" : 1346182499, "air_time" : 2,
 		"sequence" : 152, "fails" : 2,
 		"retries" : 2, "sample_1" : 9.85,
 		"sample_2" : -7.51, "sample_3" : 6.80,
 		"sample_4" : 0, "node_id" : 2},

	"2:153" : {"timestamp" : 1346182500, "air_time" : 7,
 		"sequence" : 153, "fails" : 0,
 		"retries" : 2, "sample_1" : 11.90,
 		"sample_2" : -7.49, "sample_3" : 5.38,
 		"sample_4" : 0, "node_id" : 2},

	"2:154" : {"timestamp" : 1346182501, "air_time" : 1,
 		"sequence" : 154, "fails" : 0,
 		"retries" : 1, "sample_1" : 10.95,
 		"sample_2" : -6.22, "sample_3" : 3.43,
 		"sample_4" : 0, "node_id" : 2},

	"2:155" : {"timestamp" : 1346182502, "air_time" : 1,
 		"sequence" : 155, "fails" : 2,
 		"retries" : 0, "sample_1" : 9.90,
 		"sample_2" : -5.92, "sample_3" : 0.81,
 		"sample_4" : 0, "node_id" : 2},

	"2:156" : {"timestamp" : 1346182503, "air_time" : 5,
 		"sequence" : 156, "fails" : 1,
 		"retries" : 0, "sample_1" : 8.66,
 		"sample_2" : -2.85, "sample_3" : -0.53,
 		"sample_4" : 0, "node_id" : 2},

	"2:157" : {"timestamp" : 1346182504, "air_time" : 1,
 		"sequence" : 157, "fails" : 1,
 		"retries" : 0, "sample_1" : 8.16,
 		"sample_2" : -2.83, "sample_3" : -1.14,
 		"sample_4" : 0, "node_id" : 2},

	"2:158" : {"timestamp" : 1346182505, "air_time" : 2,
 		"sequence" : 158, "fails" : 1,
 		"retries" : 0, "sample_1" : 7.23,
 		"sample_2" : 0.17, "sample_3" : -3.47,
 		"sample_4" : 0, "node_id" : 2},

	"2:159" : {"timestamp" : 1346182506, "air_time" : 5,
 		"sequence" : 159, "fails" : 0,
 		"retries" : 2, "sample_1" : 6.10,
 		"sample_2" : 1.62, "sample_3" : -5.27,
 		"sample_4" : 0, "node_id" : 2},

	"2:160" : {"timestamp" : 1346182507, "air_time" : 4,
 		"sequence" : 160, "fails" : 1,
 		"retries" : 0, "sample_1" : 3.72,
 		"sample_2" : 3.34, "sample_3" : -7.08,
 		"sample_4" : 0, "node_id" : 2},

	"2:161" : {"timestamp" : 1346182508, "air_time" : 9,
 		"sequence" : 161, "fails" : 1,
 		"retries" : 0, "sample_1" : 3.64,
 		"sample_2" : 4.70, "sample_3" : -7.68,
 		"sample_4" : 0, "node_id" : 2},

	"2:162" : {"timestamp" : 1346182509, "air_time" : 9,
 		"sequence" : 162, "fails" : 2,
 		"retries" : 1, "sample_1" : 1.40,
 		"sample_2" : 6.44, "sample_3" : -7.93,
 		"sample_4" : 0, "node_id" : 2},

	"2:163" : {"timestamp" : 1346182510, "air_time" : 9,
 		"sequence" : 163, "fails" : 0,
 		"retries" : 1, "sample_1" : -1.24,
 		"sample_2" : 8.41, "sample_3" : -9.60,
 		"sample_4" : 0, "node_id" : 2},

	"2:164" : {"timestamp" : 1346182511, "air_time" : 8,
 		"sequence" : 164, "fails" : 2,
 		"retries" : 1, "sample_1" : -1.92,
 		"sample_2" : 9.28, "sample_3" : -9.37,
 		"sample_4" : 0, "node_id" : 2},

	"2:165" : {"timestamp" : 1346182512, "air_time" : 1,
 		"sequence" : 165, "fails" : 2,
 		"retries" : 0, "sample_1" : -4.80,
 		"sample_2" : 10.31, "sample_3" : -8.25,
 		"sample_4" : 0, "node_id" : 2},

	"2:166" : {"timestamp" : 1346182513, "air_time" : 0,
 		"sequence" : 166, "fails" : 1,
 		"retries" : 2, "sample_1" : -6.43,
 		"sample_2" : 10.26, "sample_3" : -8.32,
 		"sample_4" : 0, "node_id" : 2},

	"2:167" : {"timestamp" : 1346182514, "air_time" : 2,
 		"sequence" : 167, "fails" : 2,
 		"retries" : 1, "sample_1" : -5.76,
 		"sample_2" : 10.92, "sample_3" : -7.19,
 		"sample_4" : 0, "node_id" : 2},

	"2:168" : {"timestamp" : 1346182515, "air_time" : 9,
 		"sequence" : 168, "fails" : 1,
 		"retries" : 1, "sample_1" : -7.86,
 		"sample_2" : 11.09, "sample_3" : -6.30,
 		"sample_4" : 0, "node_id" : 2},

	"2:169" : {"timestamp" : 1346182516, "air_time" : 4,
 		"sequence" : 169, "fails" : 3,
 		"retries" : 0, "sample_1" : -8.20,
 		"sample_2" : 10.15, "sample_3" : -6.76,
 		"sample_4" : 0, "node_id" : 2},

	"2:170" : {"timestamp" : 1346182517, "air_time" : 4,
 		"sequence" : 170, "fails" : 0,
 		"retries" : 2, "sample_1" : -9.85,
 		"sample_2" : 10.61, "sample_3" : -3.70,
 		"sample_4" : 0, "node_id" : 2},

	"2:171" : {"timestamp" : 1346182518, "air_time" : 0,
 		"sequence" : 171, "fails" : 0,
 		"retries" : 0, "sample_1" : -9.90,
 		"sample_2" : 8.69, "sample_3" : -2.98,
 		"sample_4" : 0, "node_id" : 2},

	"2:172" : {"timestamp" : 1346182519, "air_time" : 1,
 		"sequence" : 172, "fails" : 1,
 		"retries" : 2, "sample_1" : -7.95,
 		"sample_2" : 9.22, "sample_3" : -1.93,
 		"sample_4" : 0, "node_id" : 2},

	"2:173" : {"timestamp" : 1346182520, "air_time" : 5,
 		"sequence" : 173, "fails" : 3,
 		"retries" : 2, "sample_1" : -8.90,
 		"sample_2" : 7.62, "sample_3" : -0.01,
 		"sample_4" : 0, "node_id" : 2},

	"2:174" : {"timestamp" : 1346182521, "air_time" : 0,
 		"sequence" : 174, "fails" : 0,
 		"retries" : 1, "sample_1" : -6.96,
 		"sample_2" : 4.55, "sample_3" : 1.73,
 		"sample_4" : 0, "node_id" : 2},

	"2:175" : {"timestamp" : 1346182522, "air_time" : 2,
 		"sequence" : 175, "fails" : 3,
 		"retries" : 1, "sample_1" : -7.66,
 		"sample_2" : 3.73, "sample_3" : 4.34,
 		"sample_4" : 0, "node_id" : 2},

	"2:176" : {"timestamp" : 1346182523, "air_time" : 1,
 		"sequence" : 176, "fails" : 0,
 		"retries" : 0, "sample_1" : -4.83,
 		"sample_2" : 1.83, "sample_3" : 4.67,
 		"sample_4" : 0, "node_id" : 2},

	"2:177" : {"timestamp" : 1346182524, "air_time" : 5,
 		"sequence" : 177, "fails" : 1,
 		"retries" : 1, "sample_1" : -4.90,
 		"sample_2" : 0.08, "sample_3" : 6.67,
 		"sample_4" : 0, "node_id" : 2},

	"2:178" : {"timestamp" : 1346182525, "air_time" : 0,
 		"sequence" : 178, "fails" : 2,
 		"retries" : 2, "sample_1" : -2.62,
 		"sample_2" : -1.74, "sample_3" : 7.98,
 		"sample_4" : 0, "node_id" : 2},

	"2:179" : {"timestamp" : 1346182526, "air_time" : 7,
 		"sequence" : 179, "fails" : 3,
 		"retries" : 0, "sample_1" : 0.16,
 		"sample_2" : -2.60, "sample_3" : 9.68,
 		"sample_4" : 0, "node_id" : 2},

	"2:180" : {"timestamp" : 1346182527, "air_time" : 0,
 		"sequence" : 180, "fails" : 3,
 		"retries" : 0, "sample_1" : 1.30,
 		"sample_2" : -5.24, "sample_3" : 11.03,
 		"sample_4" : 0, "node_id" : 2},

	"2:181" : {"timestamp" : 1346182528, "air_time" : 1,
 		"sequence" : 181, "fails" : 2,
 		"retries" : 1, "sample_1" : 2.04,
 		"sample_2" : -6.11, "sample_3" : 10.50,
 		"sample_4" : 0, "node_id" : 2},

	"2:182" : {"timestamp" : 1346182529, "air_time" : 2,
 		"sequence" : 182, "fails" : 3,
 		"retries" : 1, "sample_1" : 5.02,
 		"sample_2" : -6.08, "sample_3" : 10.67,
 		"sample_4" : 0, "node_id" : 2},

	"2:183" : {"timestamp" : 1346182530, "air_time" : 1,
 		"sequence" : 183, "fails" : 1,
 		"retries" : 1, "sample_1" : 5.60,
 		"sample_2" : -7.81, "sample_3" : 10.35,
 		"sample_4" : 0, "node_id" : 2},

	"2:184" : {"timestamp" : 1346182531, "air_time" : 4,
 		"sequence" : 184, "fails" : 0,
 		"retries" : 2, "sample_1" : 8.23,
 		"sample_2" : -7.96, "sample_3" : 9.82,
 		"sample_4" : 0, "node_id" : 2},

	"2:185" : {"timestamp" : 1346182532, "air_time" : 7,
 		"sequence" : 185, "fails" : 3,
 		"retries" : 1, "sample_1" : 7.66,
 		"sample_2" : -8.72, "sample_3" : 9.59,
 		"sample_4" : 0, "node_id" : 2},

	"2:186" : {"timestamp" : 1346182533, "air_time" : 5,
 		"sequence" : 186, "fails" : 2,
 		"retries" : 1, "sample_1" : 10.46,
 		"sample_2" : -9.79, "sample_3" : 8.10,
 		"sample_4" : 0, "node_id" : 2},

	"2:187" : {"timestamp" : 1346182534, "air_time" : 7,
 		"sequence" : 187, "fails" : 2,
 		"retries" : 2, "sample_1" : 10.00,
 		"sample_2" : -8.75, "sample_3" : 6.96,
 		"sample_4" : 0, "node_id" : 2},

	"2:188" : {"timestamp" : 1346182535, "air_time" : 8,
 		"sequence" : 188, "fails" : 0,
 		"retries" : 2, "sample_1" : 10.85,
 		"sample_2" : -7.51, "sample_3" : 6.70,
 		"sample_4" : 0, "node_id" : 2},

	"2:189" : {"timestamp" : 1346182536, "air_time" : 8,
 		"sequence" : 189, "fails" : 1,
 		"retries" : 2, "sample_1" : 10.80,
 		"sample_2" : -8.29, "sample_3" : 4.68,
 		"sample_4" : 0, "node_id" : 2},

	"2:190" : {"timestamp" : 1346182537, "air_time" : 9,
 		"sequence" : 190, "fails" : 0,
 		"retries" : 1, "sample_1" : 11.55,
 		"sample_2" : -7.22, "sample_3" : 3.43,
 		"sample_4" : 0, "node_id" : 2},

	"2:191" : {"timestamp" : 1346182538, "air_time" : 6,
 		"sequence" : 191, "fails" : 1,
 		"retries" : 2, "sample_1" : 10.60,
 		"sample_2" : -5.02, "sample_3" : 0.71,
 		"sample_4" : 0, "node_id" : 2},

	"2:192" : {"timestamp" : 1346182539, "air_time" : 4,
 		"sequence" : 192, "fails" : 1,
 		"retries" : 2, "sample_1" : 10.56,
 		"sample_2" : -4.55, "sample_3" : -0.23,
 		"sample_4" : 0, "node_id" : 2},

	"2:193" : {"timestamp" : 1346182540, "air_time" : 3,
 		"sequence" : 193, "fails" : 3,
 		"retries" : 0, "sample_1" : 8.36,
 		"sample_2" : -1.13, "sample_3" : -1.74,
 		"sample_4" : 0, "node_id" : 2},

	"2:194" : {"timestamp" : 1346182541, "air_time" : 2,
 		"sequence" : 194, "fails" : 1,
 		"retries" : 1, "sample_1" : 8.03,
 		"sample_2" : -0.23, "sample_3" : -3.57,
 		"sample_4" : 0, "node_id" : 2},

	"2:195" : {"timestamp" : 1346182542, "air_time" : 6,
 		"sequence" : 195, "fails" : 1,
 		"retries" : 1, "sample_1" : 6.30,
 		"sample_2" : 2.42, "sample_3" : -5.77,
 		"sample_4" : 0, "node_id" : 2},

	"2:196" : {"timestamp" : 1346182543, "air_time" : 0,
 		"sequence" : 196, "fails" : 0,
 		"retries" : 0, "sample_1" : 3.82,
 		"sample_2" : 3.54, "sample_3" : -6.58,
 		"sample_4" : 0, "node_id" : 2},

	"2:197" : {"timestamp" : 1346182544, "air_time" : 7,
 		"sequence" : 197, "fails" : 2,
 		"retries" : 2, "sample_1" : 2.64,
 		"sample_2" : 4.90, "sample_3" : -6.88,
 		"sample_4" : 0, "node_id" : 2},

	"2:198" : {"timestamp" : 1346182545, "air_time" : 9,
 		"sequence" : 198, "fails" : 3,
 		"retries" : 1, "sample_1" : 0.90,
 		"sample_2" : 6.64, "sample_3" : -7.83,
 		"sample_4" : 0, "node_id" : 2},

	"2:199" : {"timestamp" : 1346182546, "air_time" : 9,
 		"sequence" : 199, "fails" : 1,
 		"retries" : 1, "sample_1" : -0.94,
 		"sample_2" : 7.71, "sample_3" : -7.80,
 		"sample_4" : 0, "node_id" : 2},

	"2:200" : {"timestamp" : 1346182547, "air_time" : 5,
 		"sequence" : 200, "fails" : 0,
 		"retries" : 1, "sample_1" : -3.02,
 		"sample_2" : 8.38, "sample_3" : -8.47,
 		"sample_4" : 0, "node_id" : 2},

	"2:201" : {"timestamp" : 1346182548, "air_time" : 5,
 		"sequence" : 201, "fails" : 0,
 		"retries" : 0, "sample_1" : -3.70,
 		"sample_2" : 10.01, "sample_3" : -9.65,
 		"sample_4" : 0, "node_id" : 2},

	"2:202" : {"timestamp" : 1346182549, "air_time" : 5,
 		"sequence" : 202, "fails" : 3,
 		"retries" : 1, "sample_1" : -5.73,
 		"sample_2" : 10.96, "sample_3" : -9.02,
 		"sample_4" : 0, "node_id" : 2},

	"2:203" : {"timestamp" : 1346182550, "air_time" : 0,
 		"sequence" : 203, "fails" : 1,
 		"retries" : 0, "sample_1" : -7.46,
 		"sample_2" : 10.32, "sample_3" : -8.79,
 		"sample_4" : 0, "node_id" : 2},

	"2:204" : {"timestamp" : 1346182551, "air_time" : 6,
 		"sequence" : 204, "fails" : 1,
 		"retries" : 1, "sample_1" : -7.16,
 		"sample_2" : 11.59, "sample_3" : -6.40,
 		"sample_4" : 0, "node_id" : 2},

	"2:205" : {"timestamp" : 1346182552, "air_time" : 1,
 		"sequence" : 205, "fails" : 0,
 		"retries" : 0, "sample_1" : -8.80,
 		"sample_2" : 10.05, "sample_3" : -5.26,
 		"sample_4" : 0, "node_id" : 2},

	"2:206" : {"timestamp" : 1346182553, "air_time" : 0,
 		"sequence" : 206, "fails" : 2,
 		"retries" : 0, "sample_1" : -7.95,
 		"sample_2" : 10.61, "sample_3" : -5.00,
 		"sample_4" : 0, "node_id" : 2},

	"2:207" : {"timestamp" : 1346182554, "air_time" : 4,
 		"sequence" : 207, "fails" : 3,
 		"retries" : 2, "sample_1" : -9.70,
 		"sample_2" : 9.19, "sample_3" : -3.68,
 		"sample_4" : 0, "node_id" : 2},

	"2:208" : {"timestamp" : 1346182555, "air_time" : 6,
 		"sequence" : 208, "fails" : 1,
 		"retries" : 1, "sample_1" : -9.05,
 		"sample_2" : 8.12, "sample_3" : -1.03,
 		"sample_4" : 0, "node_id" : 2},

	"2:209" : {"timestamp" : 1346182556, "air_time" : 4,
 		"sequence" : 209, "fails" : 2,
 		"retries" : 1, "sample_1" : -7.60,
 		"sample_2" : 6.12, "sample_3" : 0.59,
 		"sample_4" : 0, "node_id" : 2},

	"2:210" : {"timestamp" : 1346182557, "air_time" : 1,
 		"sequence" : 210, "fails" : 1,
 		"retries" : 2, "sample_1" : -7.86,
 		"sample_2" : 5.05, "sample_3" : 1.73,
 		"sample_4" : 0, "node_id" : 2},

	"2:211" : {"timestamp" : 1346182558, "air_time" : 4,
 		"sequence" : 211, "fails" : 2,
 		"retries" : 2, "sample_1" : -7.66,
 		"sample_2" : 3.63, "sample_3" : 3.74,
 		"sample_4" : 0, "node_id" : 2},

	"2:212" : {"timestamp" : 1346182559, "air_time" : 4,
 		"sequence" : 212, "fails" : 2,
 		"retries" : 2, "sample_1" : -4.53,
 		"sample_2" : 2.93, "sample_3" : 5.97,
 		"sample_4" : 0, "node_id" : 2},

	"2:213" : {"timestamp" : 1346182560, "air_time" : 3,
 		"sequence" : 213, "fails" : 0,
 		"retries" : 0, "sample_1" : -4.60,
 		"sample_2" : -0.32, "sample_3" : 6.17,
 		"sample_4" : 0, "node_id" : 2},

	"2:214" : {"timestamp" : 1346182561, "air_time" : 8,
 		"sequence" : 214, "fails" : 2,
 		"retries" : 0, "sample_1" : -2.82,
 		"sample_2" : -1.54, "sample_3" : 7.88,
 		"sample_4" : 0, "node_id" : 2},

	"2:215" : {"timestamp" : 1346182562, "air_time" : 2,
 		"sequence" : 215, "fails" : 2,
 		"retries" : 1, "sample_1" : -0.74,
 		"sample_2" : -2.50, "sample_3" : 8.78,
 		"sample_4" : 0, "node_id" : 2},

	"2:216" : {"timestamp" : 1346182563, "air_time" : 3,
 		"sequence" : 216, "fails" : 3,
 		"retries" : 0, "sample_1" : 1.80,
 		"sample_2" : -4.74, "sample_3" : 9.53,
 		"sample_4" : 0, "node_id" : 2},

	"2:217" : {"timestamp" : 1346182564, "air_time" : 1,
 		"sequence" : 217, "fails" : 2,
 		"retries" : 2, "sample_1" : 3.64,
 		"sample_2" : -6.11, "sample_3" : 9.90,
 		"sample_4" : 0, "node_id" : 2},

	"2:218" : {"timestamp" : 1346182565, "air_time" : 4,
 		"sequence" : 218, "fails" : 3,
 		"retries" : 1, "sample_1" : 3.92,
 		"sample_2" : -6.28, "sample_3" : 11.47,
 		"sample_4" : 0, "node_id" : 2},

	"2:219" : {"timestamp" : 1346182566, "air_time" : 9,
 		"sequence" : 219, "fails" : 1,
 		"retries" : 2, "sample_1" : 5.20,
 		"sample_2" : -7.71, "sample_3" : 10.15,
 		"sample_4" : 0, "node_id" : 2},

	"2:220" : {"timestamp" : 1346182567, "air_time" : 5,
 		"sequence" : 220, "fails" : 0,
 		"retries" : 0, "sample_1" : 8.33,
 		"sample_2" : -8.56, "sample_3" : 11.42,
 		"sample_4" : 0, "node_id" : 2},

	"2:221" : {"timestamp" : 1346182568, "air_time" : 4,
 		"sequence" : 221, "fails" : 2,
 		"retries" : 2, "sample_1" : 8.76,
 		"sample_2" : -9.12, "sample_3" : 8.99,
 		"sample_4" : 0, "node_id" : 2},

	"2:222" : {"timestamp" : 1346182569, "air_time" : 2,
 		"sequence" : 222, "fails" : 0,
 		"retries" : 0, "sample_1" : 8.66,
 		"sample_2" : -8.19, "sample_3" : 9.40,
 		"sample_4" : 0, "node_id" : 2},

	"2:223" : {"timestamp" : 1346182570, "air_time" : 2,
 		"sequence" : 223, "fails" : 2,
 		"retries" : 0, "sample_1" : 10.80,
 		"sample_2" : -8.35, "sample_3" : 7.56,
 		"sample_4" : 0, "node_id" : 2},

	"2:224" : {"timestamp" : 1346182571, "air_time" : 9,
 		"sequence" : 224, "fails" : 2,
 		"retries" : 1, "sample_1" : 10.35,
 		"sample_2" : -7.91, "sample_3" : 6.00,
 		"sample_4" : 0, "node_id" : 2},

	"2:225" : {"timestamp" : 1346182572, "air_time" : 0,
 		"sequence" : 225, "fails" : 1,
 		"retries" : 2, "sample_1" : 10.90,
 		"sample_2" : -7.59, "sample_3" : 4.08,
 		"sample_4" : 0, "node_id" : 2},

	"2:226" : {"timestamp" : 1346182573, "air_time" : 9,
 		"sequence" : 226, "fails" : 3,
 		"retries" : 2, "sample_1" : 11.65,
 		"sample_2" : -6.52, "sample_3" : 2.93,
 		"sample_4" : 0, "node_id" : 2},

	"2:227" : {"timestamp" : 1346182574, "air_time" : 7,
 		"sequence" : 227, "fails" : 0,
 		"retries" : 0, "sample_1" : 9.60,
 		"sample_2" : -5.02, "sample_3" : 2.51,
 		"sample_4" : 0, "node_id" : 2},

	"2:228" : {"timestamp" : 1346182575, "air_time" : 2,
 		"sequence" : 228, "fails" : 2,
 		"retries" : 0, "sample_1" : 9.96,
 		"sample_2" : -3.85, "sample_3" : -1.03,
 		"sample_4" : 0, "node_id" : 2},

	"2:229" : {"timestamp" : 1346182576, "air_time" : 4,
 		"sequence" : 229, "fails" : 2,
 		"retries" : 1, "sample_1" : 7.86,
 		"sample_2" : -2.53, "sample_3" : -1.14,
 		"sample_4" : 0, "node_id" : 2},

	"2:230" : {"timestamp" : 1346182577, "air_time" : 5,
 		"sequence" : 230, "fails" : 0,
 		"retries" : 1, "sample_1" : 6.53,
 		"sample_2" : -0.93, "sample_3" : -4.27,
 		"sample_4" : 0, "node_id" : 2},

	"2:231" : {"timestamp" : 1346182578, "air_time" : 9,
 		"sequence" : 231, "fails" : 0,
 		"retries" : 0, "sample_1" : 5.90,
 		"sample_2" : 2.12, "sample_3" : -5.77,
 		"sample_4" : 0, "node_id" : 2},

	"2:232" : {"timestamp" : 1346182579, "air_time" : 3,
 		"sequence" : 232, "fails" : 0,
 		"retries" : 1, "sample_1" : 4.72,
 		"sample_2" : 3.94, "sample_3" : -5.88,
 		"sample_4" : 0, "node_id" : 2},

	"2:233" : {"timestamp" : 1346182580, "air_time" : 7,
 		"sequence" : 233, "fails" : 0,
 		"retries" : 2, "sample_1" : 2.34,
 		"sample_2" : 4.00, "sample_3" : -6.68,
 		"sample_4" : 0, "node_id" : 2},

	"2:234" : {"timestamp" : 1346182581, "air_time" : 5,
 		"sequence" : 234, "fails" : 0,
 		"retries" : 0, "sample_1" : 1.20,
 		"sample_2" : 6.24, "sample_3" : -8.13,
 		"sample_4" : 0, "node_id" : 2},

	"2:235" : {"timestamp" : 1346182582, "air_time" : 2,
 		"sequence" : 235, "fails" : 3,
 		"retries" : 1, "sample_1" : -0.84,
 		"sample_2" : 7.01, "sample_3" : -8.90,
 		"sample_4" : 0, "node_id" : 2},

	"2:236" : {"timestamp" : 1346182583, "air_time" : 0,
 		"sequence" : 236, "fails" : 1,
 		"retries" : 1, "sample_1" : -1.92,
 		"sample_2" : 9.28, "sample_3" : -8.17,
 		"sample_4" : 0, "node_id" : 2},

	"2:237" : {"timestamp" : 1346182584, "air_time" : 1,
 		"sequence" : 237, "fails" : 1,
 		"retries" : 1, "sample_1" : -3.40,
 		"sample_2" : 10.31, "sample_3" : -8.05,
 		"sample_4" : 0, "node_id" : 2},

	"2:238" : {"timestamp" : 1346182585, "air_time" : 7,
 		"sequence" : 238, "fails" : 3,
 		"retries" : 0, "sample_1" : -6.43,
 		"sample_2" : 10.06, "sample_3" : -7.72,
 		"sample_4" : 0, "node_id" : 2},

	"2:239" : {"timestamp" : 1346182586, "air_time" : 9,
 		"sequence" : 239, "fails" : 3,
 		"retries" : 0, "sample_1" : -5.86,
 		"sample_2" : 9.92, "sample_3" : -7.89,
 		"sample_4" : 0, "node_id" : 2},

	"2:240" : {"timestamp" : 1346182587, "air_time" : 2,
 		"sequence" : 240, "fails" : 3,
 		"retries" : 0, "sample_1" : -7.66,
 		"sample_2" : 10.99, "sample_3" : -6.30,
 		"sample_4" : 0, "node_id" : 2},

	"2:241" : {"timestamp" : 1346182588, "air_time" : 4,
 		"sequence" : 241, "fails" : 1,
 		"retries" : 1, "sample_1" : -8.60,
 		"sample_2" : 10.35, "sample_3" : -5.56,
 		"sample_4" : 0, "node_id" : 2},

	"2:242" : {"timestamp" : 1346182589, "air_time" : 5,
 		"sequence" : 242, "fails" : 1,
 		"retries" : 2, "sample_1" : -9.05,
 		"sample_2" : 10.01, "sample_3" : -5.50,
 		"sample_4" : 0, "node_id" : 2},

	"2:243" : {"timestamp" : 1346182590, "air_time" : 0,
 		"sequence" : 243, "fails" : 0,
 		"retries" : 0, "sample_1" : -8.90,
 		"sample_2" : 8.69, "sample_3" : -4.08,
 		"sample_4" : 0, "node_id" : 2},

	"2:244" : {"timestamp" : 1346182591, "air_time" : 1,
 		"sequence" : 244, "fails" : 3,
 		"retries" : 1, "sample_1" : -8.05,
 		"sample_2" : 8.32, "sample_3" : -1.73,
 		"sample_4" : 0, "node_id" : 2},

	"2:245" : {"timestamp" : 1346182592, "air_time" : 8,
 		"sequence" : 245, "fails" : 1,
 		"retries" : 1, "sample_1" : -8.20,
 		"sample_2" : 6.32, "sample_3" : 0.89,
 		"sample_4" : 0, "node_id" : 2},

	"2:246" : {"timestamp" : 1346182593, "air_time" : 8,
 		"sequence" : 246, "fails" : 0,
 		"retries" : 0, "sample_1" : -8.66,
 		"sample_2" : 4.95, "sample_3" : 2.33,
 		"sample_4" : 0, "node_id" : 2},

	"2:247" : {"timestamp" : 1346182594, "air_time" : 5,
 		"sequence" : 247, "fails" : 3,
 		"retries" : 2, "sample_1" : -6.96,
 		"sample_2" : 3.83, "sample_3" : 4.64,
 		"sample_4" : 0, "node_id" : 2},

	"2:248" : {"timestamp" : 1346182595, "air_time" : 8,
 		"sequence" : 248, "fails" : 1,
 		"retries" : 2, "sample_1" : -5.93,
 		"sample_2" : 1.33, "sample_3" : 6.17,
 		"sample_4" : 0, "node_id" : 2},

	"2:249" : {"timestamp" : 1346182596, "air_time" : 0,
 		"sequence" : 249, "fails" : 1,
 		"retries" : 1, "sample_1" : -4.90,
 		"sample_2" : -0.02, "sample_3" : 7.57,
 		"sample_4" : 0, "node_id" : 2},

	"2:250" : {"timestamp" : 1346182597, "air_time" : 6,
 		"sequence" : 250, "fails" : 1,
 		"retries" : 0, "sample_1" : -2.02,
 		"sample_2" : -0.64, "sample_3" : 8.58,
 		"sample_4" : 0, "node_id" : 2},

	"2:251" : {"timestamp" : 1346182598, "air_time" : 7,
 		"sequence" : 251, "fails" : 2,
 		"retries" : 0, "sample_1" : 0.06,
 		"sample_2" : -3.60, "sample_3" : 9.18,
 		"sample_4" : 0, "node_id" : 2},

	"2:252" : {"timestamp" : 1346182599, "air_time" : 3,
 		"sequence" : 252, "fails" : 1,
 		"retries" : 1, "sample_1" : 0.50,
 		"sample_2" : -4.54, "sample_3" : 10.53,
 		"sample_4" : 0, "node_id" : 2},

	"2:253" : {"timestamp" : 1346182600, "air_time" : 0,
 		"sequence" : 253, "fails" : 3,
 		"retries" : 1, "sample_1" : 1.84,
 		"sample_2" : -5.91, "sample_3" : 11.40,
 		"sample_4" : 0, "node_id" : 2},

	"2:254" : {"timestamp" : 1346182601, "air_time" : 0,
 		"sequence" : 254, "fails" : 0,
 		"retries" : 1, "sample_1" : 4.82,
 		"sample_2" : -6.28, "sample_3" : 11.67,
 		"sample_4" : 0, "node_id" : 2},

	"2:255" : {"timestamp" : 1346182602, "air_time" : 0,
 		"sequence" : 255, "fails" : 0,
 		"retries" : 2, "sample_1" : 5.30,
 		"sample_2" : -8.91, "sample_3" : 11.55,
 		"sample_4" : 0, "node_id" : 2},

	"2:256" : {"timestamp" : 1346182603, "air_time" : 0,
 		"sequence" : 256, "fails" : 1,
 		"retries" : 0, "sample_1" : 7.73,
 		"sample_2" : -7.96, "sample_3" : 10.62,
 		"sample_4" : 0, "node_id" : 2},

	"2:257" : {"timestamp" : 1346182604, "air_time" : 6,
 		"sequence" : 257, "fails" : 0,
 		"retries" : 2, "sample_1" : 9.26,
 		"sample_2" : -9.22, "sample_3" : 9.39,
 		"sample_4" : 0, "node_id" : 2},

	"2:258" : {"timestamp" : 1346182605, "air_time" : 8,
 		"sequence" : 258, "fails" : 0,
 		"retries" : 2, "sample_1" : 9.16,
 		"sample_2" : -9.89, "sample_3" : 9.30,
 		"sample_4" : 0, "node_id" : 2},

	"2:259" : {"timestamp" : 1346182606, "air_time" : 4,
 		"sequence" : 259, "fails" : 1,
 		"retries" : 1, "sample_1" : 10.20,
 		"sample_2" : -8.05, "sample_3" : 8.46,
 		"sample_4" : 0, "node_id" : 2},

	"2:260" : {"timestamp" : 1346182607, "air_time" : 2,
 		"sequence" : 260, "fails" : 0,
 		"retries" : 0, "sample_1" : 10.55,
 		"sample_2" : -8.51, "sample_3" : 5.90,
 		"sample_4" : 0, "node_id" : 2},

	"2:261" : {"timestamp" : 1346182608, "air_time" : 1,
 		"sequence" : 261, "fails" : 1,
 		"retries" : 2, "sample_1" : 10.80,
 		"sample_2" : -8.19, "sample_3" : 5.28,
 		"sample_4" : 0, "node_id" : 2},

	"2:262" : {"timestamp" : 1346182609, "air_time" : 8,
 		"sequence" : 262, "fails" : 3,
 		"retries" : 1, "sample_1" : 10.25,
 		"sample_2" : -6.82, "sample_3" : 2.73,
 		"sample_4" : 0, "node_id" : 2},

	"2:263" : {"timestamp" : 1346182610, "air_time" : 2,
 		"sequence" : 263, "fails" : 2,
 		"retries" : 2, "sample_1" : 10.10,
 		"sample_2" : -5.02, "sample_3" : 1.11,
 		"sample_4" : 0, "node_id" : 2},

	"2:264" : {"timestamp" : 1346182611, "air_time" : 5,
 		"sequence" : 264, "fails" : 1,
 		"retries" : 0, "sample_1" : 8.76,
 		"sample_2" : -3.35, "sample_3" : -0.63,
 		"sample_4" : 0, "node_id" : 2},

	"2:265" : {"timestamp" : 1346182612, "air_time" : 7,
 		"sequence" : 265, "fails" : 0,
 		"retries" : 2, "sample_1" : 8.76,
 		"sample_2" : -2.73, "sample_3" : -2.44,
 		"sample_4" : 0, "node_id" : 2},

	"2:266" : {"timestamp" : 1346182613, "air_time" : 0,
 		"sequence" : 266, "fails" : 3,
 		"retries" : 0, "sample_1" : 6.53,
 		"sample_2" : -0.23, "sample_3" : -3.07,
 		"sample_4" : 0, "node_id" : 2},

	"2:267" : {"timestamp" : 1346182614, "air_time" : 8,
 		"sequence" : 267, "fails" : 1,
 		"retries" : 2, "sample_1" : 5.20,
 		"sample_2" : 1.22, "sample_3" : -5.87,
 		"sample_4" : 0, "node_id" : 2},

	"2:268" : {"timestamp" : 1346182615, "air_time" : 2,
 		"sequence" : 268, "fails" : 0,
 		"retries" : 2, "sample_1" : 4.12,
 		"sample_2" : 4.14, "sample_3" : -6.48,
 		"sample_4" : 0, "node_id" : 2},

	"2:269" : {"timestamp" : 1346182616, "air_time" : 6,
 		"sequence" : 269, "fails" : 3,
 		"retries" : 2, "sample_1" : 2.04,
 		"sample_2" : 4.30, "sample_3" : -6.58,
 		"sample_4" : 0, "node_id" : 2},

	"2:270" : {"timestamp" : 1346182617, "air_time" : 0,
 		"sequence" : 270, "fails" : 3,
 		"retries" : 1, "sample_1" : 1.40,
 		"sample_2" : 6.64, "sample_3" : -7.63,
 		"sample_4" : 0, "node_id" : 2},

	"2:271" : {"timestamp" : 1346182618, "air_time" : 7,
 		"sequence" : 271, "fails" : 2,
 		"retries" : 1, "sample_1" : -0.44,
 		"sample_2" : 8.41, "sample_3" : -8.10,
 		"sample_4" : 0, "node_id" : 2},

	"2:272" : {"timestamp" : 1346182619, "air_time" : 4,
 		"sequence" : 272, "fails" : 3,
 		"retries" : 1, "sample_1" : -2.52,
 		"sample_2" : 9.28, "sample_3" : -9.27,
 		"sample_4" : 0, "node_id" : 2},

	"2:273" : {"timestamp" : 1346182620, "air_time" : 4,
 		"sequence" : 273, "fails" : 0,
 		"retries" : 1, "sample_1" : -4.00,
 		"sample_2" : 9.81, "sample_3" : -8.15,
 		"sample_4" : 0, "node_id" : 2},

	"2:274" : {"timestamp" : 1346182621, "air_time" : 6,
 		"sequence" : 274, "fails" : 1,
 		"retries" : 2, "sample_1" : -5.13,
 		"sample_2" : 10.56, "sample_3" : -7.82,
 		"sample_4" : 0, "node_id" : 2},

	"2:275" : {"timestamp" : 1346182622, "air_time" : 9,
 		"sequence" : 275, "fails" : 1,
 		"retries" : 0, "sample_1" : -6.86,
 		"sample_2" : 11.72, "sample_3" : -7.19,
 		"sample_4" : 0, "node_id" : 2},

	"2:276" : {"timestamp" : 1346182623, "air_time" : 1,
 		"sequence" : 276, "fails" : 0,
 		"retries" : 2, "sample_1" : -7.46,
 		"sample_2" : 11.09, "sample_3" : -7.20,
 		"sample_4" : 0, "node_id" : 2},

	"2:277" : {"timestamp" : 1346182624, "air_time" : 4,
 		"sequence" : 277, "fails" : 2,
 		"retries" : 1, "sample_1" : -7.90,
 		"sample_2" : 10.95, "sample_3" : -6.86,
 		"sample_4" : 0, "node_id" : 2},

	"2:278" : {"timestamp" : 1346182625, "air_time" : 1,
 		"sequence" : 278, "fails" : 1,
 		"retries" : 2, "sample_1" : -8.35,
 		"sample_2" : 9.31, "sample_3" : -3.80,
 		"sample_4" : 0, "node_id" : 2},

	"2:279" : {"timestamp" : 1346182626, "air_time" : 5,
 		"sequence" : 279, "fails" : 3,
 		"retries" : 2, "sample_1" : -9.10,
 		"sample_2" : 8.49, "sample_3" : -2.18,
 		"sample_4" : 0, "node_id" : 2},

	"2:280" : {"timestamp" : 1346182627, "air_time" : 0,
 		"sequence" : 280, "fails" : 0,
 		"retries" : 2, "sample_1" : -8.75,
 		"sample_2" : 7.62, "sample_3" : -1.93,
 		"sample_4" : 0, "node_id" : 2},

	"2:281" : {"timestamp" : 1346182628, "air_time" : 7,
 		"sequence" : 281, "fails" : 1,
 		"retries" : 2, "sample_1" : -8.10,
 		"sample_2" : 7.72, "sample_3" : -0.61,
 		"sample_4" : 0, "node_id" : 2},

	"2:282" : {"timestamp" : 1346182629, "air_time" : 1,
 		"sequence" : 282, "fails" : 1,
 		"retries" : 0, "sample_1" : -8.06,
 		"sample_2" : 6.35, "sample_3" : 2.73,
 		"sample_4" : 0, "node_id" : 2},

	"2:283" : {"timestamp" : 1346182630, "air_time" : 1,
 		"sequence" : 283, "fails" : 0,
 		"retries" : 2, "sample_1" : -5.96,
 		"sample_2" : 4.73, "sample_3" : 3.94,
 		"sample_4" : 0, "node_id" : 2},

	"2:284" : {"timestamp" : 1346182631, "air_time" : 1,
 		"sequence" : 284, "fails" : 2,
 		"retries" : 2, "sample_1" : -4.93,
 		"sample_2" : 1.53, "sample_3" : 5.37,
 		"sample_4" : 0, "node_id" : 2},

	"2:285" : {"timestamp" : 1346182632, "air_time" : 0,
 		"sequence" : 285, "fails" : 3,
 		"retries" : 2, "sample_1" : -3.10,
 		"sample_2" : 0.68, "sample_3" : 6.77,
 		"sample_4" : 0, "node_id" : 2},

	"2:286" : {"timestamp" : 1346182633, "air_time" : 3,
 		"sequence" : 286, "fails" : 2,
 		"retries" : 0, "sample_1" : -3.02,
 		"sample_2" : -0.64, "sample_3" : 7.68,
 		"sample_4" : 0, "node_id" : 2},

	"2:287" : {"timestamp" : 1346182634, "air_time" : 6,
 		"sequence" : 287, "fails" : 2,
 		"retries" : 2, "sample_1" : -0.54,
 		"sample_2" : -2.70, "sample_3" : 10.08,
 		"sample_4" : 0, "node_id" : 2},

	"2:288" : {"timestamp" : 1346182635, "air_time" : 0,
 		"sequence" : 288, "fails" : 3,
 		"retries" : 2, "sample_1" : 0.20,
 		"sample_2" : -4.34, "sample_3" : 9.43,
 		"sample_4" : 0, "node_id" : 2},

	"2:289" : {"timestamp" : 1346182636, "air_time" : 8,
 		"sequence" : 289, "fails" : 0,
 		"retries" : 1, "sample_1" : 2.44,
 		"sample_2" : -6.11, "sample_3" : 11.20,
 		"sample_4" : 0, "node_id" : 2},

	"2:290" : {"timestamp" : 1346182637, "air_time" : 2,
 		"sequence" : 290, "fails" : 1,
 		"retries" : 2, "sample_1" : 3.72,
 		"sample_2" : -6.28, "sample_3" : 9.97,
 		"sample_4" : 0, "node_id" : 2},

	"2:291" : {"timestamp" : 1346182638, "air_time" : 5,
 		"sequence" : 291, "fails" : 2,
 		"retries" : 0, "sample_1" : 6.00,
 		"sample_2" : -8.51, "sample_3" : 10.05,
 		"sample_4" : 0, "node_id" : 2},

	"2:292" : {"timestamp" : 1346182639, "air_time" : 6,
 		"sequence" : 292, "fails" : 3,
 		"retries" : 1, "sample_1" : 6.53,
 		"sample_2" : -9.56, "sample_3" : 10.72,
 		"sample_4" : 0, "node_id" : 2},

	"2:293" : {"timestamp" : 1346182640, "air_time" : 3,
 		"sequence" : 293, "fails" : 3,
 		"retries" : 1, "sample_1" : 8.86,
 		"sample_2" : -8.12, "sample_3" : 10.79,
 		"sample_4" : 0, "node_id" : 2},

	"2:294" : {"timestamp" : 1346182641, "air_time" : 1,
 		"sequence" : 294, "fails" : 2,
 		"retries" : 2, "sample_1" : 10.16,
 		"sample_2" : -9.99, "sample_3" : 8.40,
 		"sample_4" : 0, "node_id" : 2},

	"2:295" : {"timestamp" : 1346182642, "air_time" : 7,
 		"sequence" : 295, "fails" : 0,
 		"retries" : 0, "sample_1" : 9.70,
 		"sample_2" : -9.45, "sample_3" : 6.96,
 		"sample_4" : 0, "node_id" : 2},

	"2:296" : {"timestamp" : 1346182643, "air_time" : 6,
 		"sequence" : 296, "fails" : 2,
 		"retries" : 0, "sample_1" : 10.25,
 		"sample_2" : -7.61, "sample_3" : 7.10,
 		"sample_4" : 0, "node_id" : 2},

	"2:297" : {"timestamp" : 1346182644, "air_time" : 2,
 		"sequence" : 297, "fails" : 2,
 		"retries" : 1, "sample_1" : 10.10,
 		"sample_2" : -6.59, "sample_3" : 5.28,
 		"sample_4" : 0, "node_id" : 2},

	"2:298" : {"timestamp" : 1346182645, "air_time" : 0,
 		"sequence" : 298, "fails" : 1,
 		"retries" : 1, "sample_1" : 10.75,
 		"sample_2" : -6.72, "sample_3" : 2.83,
 		"sample_4" : 0, "node_id" : 2},

	"2:299" : {"timestamp" : 1346182646, "air_time" : 9,
 		"sequence" : 299, "fails" : 2,
 		"retries" : 2, "sample_1" : 11.30,
 		"sample_2" : -5.32, "sample_3" : 1.41,
 		"sample_4" : 0, "node_id" : 2},

	"2:300" : {"timestamp" : 1346182647, "air_time" : 9,
 		"sequence" : 300, "fails" : 2,
 		"retries" : 0, "sample_1" : 8.86,
 		"sample_2" : -4.35, "sample_3" : 0.67,
 		"sample_4" : 0, "node_id" : 2},

	"2:301" : {"timestamp" : 1346182648, "air_time" : 6,
 		"sequence" : 301, "fails" : 0,
 		"retries" : 0, "sample_1" : 9.56,
 		"sample_2" : -1.73, "sample_3" : -1.34,
 		"sample_4" : 0, "node_id" : 2},

	"2:302" : {"timestamp" : 1346182649, "air_time" : 2,
 		"sequence" : 302, "fails" : 1,
 		"retries" : 0, "sample_1" : 7.23,
 		"sample_2" : -1.23, "sample_3" : -2.67,
 		"sample_4" : 0, "node_id" : 2},

	"2:303" : {"timestamp" : 1346182650, "air_time" : 2,
 		"sequence" : 303, "fails" : 1,
 		"retries" : 1, "sample_1" : 5.90,
 		"sample_2" : 2.42, "sample_3" : -4.27,
 		"sample_4" : 0, "node_id" : 2},

	"2:304" : {"timestamp" : 1346182651, "air_time" : 8,
 		"sequence" : 304, "fails" : 0,
 		"retries" : 1, "sample_1" : 5.02,
 		"sample_2" : 2.44, "sample_3" : -6.48,
 		"sample_4" : 0, "node_id" : 2},

	"2:305" : {"timestamp" : 1346182652, "air_time" : 3,
 		"sequence" : 305, "fails" : 3,
 		"retries" : 2, "sample_1" : 2.94,
 		"sample_2" : 5.40, "sample_3" : -7.08,
 		"sample_4" : 0, "node_id" : 2},

	"2:306" : {"timestamp" : 1346182653, "air_time" : 9,
 		"sequence" : 306, "fails" : 2,
 		"retries" : 1, "sample_1" : 1.30,
 		"sample_2" : 5.94, "sample_3" : -7.43,
 		"sample_4" : 0, "node_id" : 2},

	"2:307" : {"timestamp" : 1346182654, "air_time" : 3,
 		"sequence" : 307, "fails" : 2,
 		"retries" : 0, "sample_1" : -0.64,
 		"sample_2" : 8.21, "sample_3" : -8.80,
 		"sample_4" : 0, "node_id" : 2},

	"2:308" : {"timestamp" : 1346182655, "air_time" : 3,
 		"sequence" : 308, "fails" : 0,
 		"retries" : 2, "sample_1" : -1.62,
 		"sample_2" : 8.58, "sample_3" : -8.37,
 		"sample_4" : 0, "node_id" : 2},

	"2:309" : {"timestamp" : 1346182656, "air_time" : 0,
 		"sequence" : 309, "fails" : 1,
 		"retries" : 1, "sample_1" : -3.40,
 		"sample_2" : 9.91, "sample_3" : -8.05,
 		"sample_4" : 0, "node_id" : 2},

	"2:310" : {"timestamp" : 1346182657, "air_time" : 3,
 		"sequence" : 310, "fails" : 2,
 		"retries" : 2, "sample_1" : -5.03,
 		"sample_2" : 9.96, "sample_3" : -8.62,
 		"sample_4" : 0, "node_id" : 2},

	"2:311" : {"timestamp" : 1346182658, "air_time" : 8,
 		"sequence" : 311, "fails" : 3,
 		"retries" : 1, "sample_1" : -6.56,
 		"sample_2" : 11.72, "sample_3" : -8.89,
 		"sample_4" : 0, "node_id" : 2},

	"2:312" : {"timestamp" : 1346182659, "air_time" : 6,
 		"sequence" : 312, "fails" : 0,
 		"retries" : 1, "sample_1" : -8.46,
 		"sample_2" : 10.59, "sample_3" : -6.90,
 		"sample_4" : 0, "node_id" : 2},

	"2:313" : {"timestamp" : 1346182660, "air_time" : 8,
 		"sequence" : 313, "fails" : 0,
 		"retries" : 1, "sample_1" : -9.00,
 		"sample_2" : 11.35, "sample_3" : -5.36,
 		"sample_4" : 0, "node_id" : 2},

	"2:314" : {"timestamp" : 1346182661, "air_time" : 5,
 		"sequence" : 314, "fails" : 1,
 		"retries" : 1, "sample_1" : -9.35,
 		"sample_2" : 10.81, "sample_3" : -4.10,
 		"sample_4" : 0, "node_id" : 2},

	"2:315" : {"timestamp" : 1346182662, "air_time" : 8,
 		"sequence" : 315, "fails" : 3,
 		"retries" : 0, "sample_1" : -8.80,
 		"sample_2" : 9.19, "sample_3" : -3.38,
 		"sample_4" : 0, "node_id" : 2},

	"2:316" : {"timestamp" : 1346182663, "air_time" : 7,
 		"sequence" : 316, "fails" : 1,
 		"retries" : 2, "sample_1" : -8.25,
 		"sample_2" : 8.32, "sample_3" : -1.03,
 		"sample_4" : 0, "node_id" : 2},

	"2:317" : {"timestamp" : 1346182664, "air_time" : 9,
 		"sequence" : 317, "fails" : 3,
 		"retries" : 0, "sample_1" : -8.90,
 		"sample_2" : 7.62, "sample_3" : 0.99,
 		"sample_4" : 0, "node_id" : 2},

	"2:318" : {"timestamp" : 1346182665, "air_time" : 1,
 		"sequence" : 318, "fails" : 2,
 		"retries" : 0, "sample_1" : -8.16,
 		"sample_2" : 5.65, "sample_3" : 2.33,
 		"sample_4" : 0, "node_id" : 2},

	"2:319" : {"timestamp" : 1346182666, "air_time" : 6,
 		"sequence" : 319, "fails" : 0,
 		"retries" : 0, "sample_1" : -7.16,
 		"sample_2" : 4.33, "sample_3" : 4.54,
 		"sample_4" : 0, "node_id" : 2},

	"2:320" : {"timestamp" : 1346182667, "air_time" : 9,
 		"sequence" : 320, "fails" : 3,
 		"retries" : 2, "sample_1" : -5.23,
 		"sample_2" : 2.63, "sample_3" : 5.07,
 		"sample_4" : 0, "node_id" : 2},

	"2:321" : {"timestamp" : 1346182668, "air_time" : 1,
 		"sequence" : 321, "fails" : 3,
 		"retries" : 0, "sample_1" : -4.60,
 		"sample_2" : 0.58, "sample_3" : 7.27,
 		"sample_4" : 0, "node_id" : 2},

	"2:322" : {"timestamp" : 1346182669, "air_time" : 6,
 		"sequence" : 322, "fails" : 3,
 		"retries" : 1, "sample_1" : -1.92,
 		"sample_2" : -1.94, "sample_3" : 8.68,
 		"sample_4" : 0, "node_id" : 2},

	"2:323" : {"timestamp" : 1346182670, "air_time" : 7,
 		"sequence" : 323, "fails" : 2,
 		"retries" : 0, "sample_1" : -0.84,
 		"sample_2" : -3.70, "sample_3" : 9.18,
 		"sample_4" : 0, "node_id" : 2},

	"2:324" : {"timestamp" : 1346182671, "air_time" : 6,
 		"sequence" : 324, "fails" : 2,
 		"retries" : 1, "sample_1" : 0.40,
 		"sample_2" : -3.54, "sample_3" : 9.13,
 		"sample_4" : 0, "node_id" : 2},

	"2:325" : {"timestamp" : 1346182672, "air_time" : 0,
 		"sequence" : 325, "fails" : 2,
 		"retries" : 0, "sample_1" : 3.44,
 		"sample_2" : -5.11, "sample_3" : 10.30,
 		"sample_4" : 0, "node_id" : 2},

	"2:326" : {"timestamp" : 1346182673, "air_time" : 4,
 		"sequence" : 326, "fails" : 3,
 		"retries" : 2, "sample_1" : 4.52,
 		"sample_2" : -6.28, "sample_3" : 10.37,
 		"sample_4" : 0, "node_id" : 2},

	"2:327" : {"timestamp" : 1346182674, "air_time" : 1,
 		"sequence" : 327, "fails" : 3,
 		"retries" : 2, "sample_1" : 6.30,
 		"sample_2" : -8.81, "sample_3" : 10.75,
 		"sample_4" : 0, "node_id" : 2},

	"2:328" : {"timestamp" : 1346182675, "air_time" : 6,
 		"sequence" : 328, "fails" : 0,
 		"retries" : 1, "sample_1" : 8.13,
 		"sample_2" : -8.46, "sample_3" : 11.12,
 		"sample_4" : 0, "node_id" : 2},

	"2:329" : {"timestamp" : 1346182676, "air_time" : 3,
 		"sequence" : 329, "fails" : 0,
 		"retries" : 0, "sample_1" : 9.46,
 		"sample_2" : -8.62, "sample_3" : 10.59,
 		"sample_4" : 0, "node_id" : 2},

	"2:330" : {"timestamp" : 1346182677, "air_time" : 3,
 		"sequence" : 330, "fails" : 0,
 		"retries" : 0, "sample_1" : 10.26,
 		"sample_2" : -9.39, "sample_3" : 8.90,
 		"sample_4" : 0, "node_id" : 2},

	"2:331" : {"timestamp" : 1346182678, "air_time" : 9,
 		"sequence" : 331, "fails" : 2,
 		"retries" : 2, "sample_1" : 9.80,
 		"sample_2" : -8.15, "sample_3" : 7.06,
 		"sample_4" : 0, "node_id" : 2},

	"2:332" : {"timestamp" : 1346182679, "air_time" : 1,
 		"sequence" : 332, "fails" : 3,
 		"retries" : 0, "sample_1" : 9.85,
 		"sample_2" : -7.31, "sample_3" : 7.50,
 		"sample_4" : 0, "node_id" : 2},

	"2:333" : {"timestamp" : 1346182680, "air_time" : 5,
 		"sequence" : 333, "fails" : 3,
 		"retries" : 1, "sample_1" : 11.80,
 		"sample_2" : -6.79, "sample_3" : 4.08,
 		"sample_4" : 0, "node_id" : 2},

	"2:334" : {"timestamp" : 1346182681, "air_time" : 4,
 		"sequence" : 334, "fails" : 3,
 		"retries" : 1, "sample_1" : 10.95,
 		"sample_2" : -7.22, "sample_3" : 4.23,
 		"sample_4" : 0, "node_id" : 2},

	"2:335" : {"timestamp" : 1346182682, "air_time" : 3,
 		"sequence" : 335, "fails" : 0,
 		"retries" : 1, "sample_1" : 11.20,
 		"sample_2" : -5.72, "sample_3" : 1.71,
 		"sample_4" : 0, "node_id" : 2},

	"2:336" : {"timestamp" : 1346182683, "air_time" : 6,
 		"sequence" : 336, "fails" : 3,
 		"retries" : 2, "sample_1" : 10.26,
 		"sample_2" : -3.55, "sample_3" : -0.13,
 		"sample_4" : 0, "node_id" : 2},

	"2:337" : {"timestamp" : 1346182684, "air_time" : 3,
 		"sequence" : 337, "fails" : 2,
 		"retries" : 2, "sample_1" : 9.36,
 		"sample_2" : -2.43, "sample_3" : -1.14,
 		"sample_4" : 0, "node_id" : 2},

	"2:338" : {"timestamp" : 1346182685, "air_time" : 0,
 		"sequence" : 338, "fails" : 1,
 		"retries" : 1, "sample_1" : 7.43,
 		"sample_2" : -1.03, "sample_3" : -3.27,
 		"sample_4" : 0, "node_id" : 2},

	"2:339" : {"timestamp" : 1346182686, "air_time" : 8,
 		"sequence" : 339, "fails" : 0,
 		"retries" : 1, "sample_1" : 6.60,
 		"sample_2" : 2.42, "sample_3" : -5.27,
 		"sample_4" : 0, "node_id" : 2},

	"2:340" : {"timestamp" : 1346182687, "air_time" : 5,
 		"sequence" : 340, "fails" : 3,
 		"retries" : 0, "sample_1" : 3.62,
 		"sample_2" : 3.94, "sample_3" : -6.88,
 		"sample_4" : 0, "node_id" : 2},

	"2:341" : {"timestamp" : 1346182688, "air_time" : 9,
 		"sequence" : 341, "fails" : 0,
 		"retries" : 2, "sample_1" : 2.34,
 		"sample_2" : 4.60, "sample_3" : -6.68,
 		"sample_4" : 0, "node_id" : 2},

	"2:342" : {"timestamp" : 1346182689, "air_time" : 8,
 		"sequence" : 342, "fails" : 0,
 		"retries" : 2, "sample_1" : 0.90,
 		"sample_2" : 5.64, "sample_3" : -8.93,
 		"sample_4" : 0, "node_id" : 2},

	"2:343" : {"timestamp" : 1346182690, "air_time" : 1,
 		"sequence" : 343, "fails" : 2,
 		"retries" : 0, "sample_1" : -1.04,
 		"sample_2" : 7.11, "sample_3" : -9.30,
 		"sample_4" : 0, "node_id" : 2},

	"2:344" : {"timestamp" : 1346182691, "air_time" : 6,
 		"sequence" : 344, "fails" : 3,
 		"retries" : 1, "sample_1" : -2.52,
 		"sample_2" : 8.18, "sample_3" : -8.47,
 		"sample_4" : 0, "node_id" : 2},

	"2:345" : {"timestamp" : 1346182692, "air_time" : 3,
 		"sequence" : 345, "fails" : 0,
 		"retries" : 0, "sample_1" : -3.20,
 		"sample_2" : 10.51, "sample_3" : -8.35,
 		"sample_4" : 0, "node_id" : 2},

	"2:346" : {"timestamp" : 1346182693, "air_time" : 9,
 		"sequence" : 346, "fails" : 0,
 		"retries" : 0, "sample_1" : -5.13,
 		"sample_2" : 11.16, "sample_3" : -8.52,
 		"sample_4" : 0, "node_id" : 2},

	"2:347" : {"timestamp" : 1346182694, "air_time" : 9,
 		"sequence" : 347, "fails" : 2,
 		"retries" : 1, "sample_1" : -7.06,
 		"sample_2" : 10.22, "sample_3" : -7.69,
 		"sample_4" : 0, "node_id" : 2},

	"2:348" : {"timestamp" : 1346182695, "air_time" : 1,
 		"sequence" : 348, "fails" : 2,
 		"retries" : 1, "sample_1" : -7.76,
 		"sample_2" : 10.79, "sample_3" : -6.30,
 		"sample_4" : 0, "node_id" : 2},

	"2:349" : {"timestamp" : 1346182696, "air_time" : 0,
 		"sequence" : 349, "fails" : 0,
 		"retries" : 2, "sample_1" : -7.90,
 		"sample_2" : 10.25, "sample_3" : -6.16,
 		"sample_4" : 0, "node_id" : 2},

	"2:350" : {"timestamp" : 1346182697, "air_time" : 3,
 		"sequence" : 350, "fails" : 3,
 		"retries" : 0, "sample_1" : -9.05,
 		"sample_2" : 9.61, "sample_3" : -4.70,
 		"sample_4" : 0, "node_id" : 2},

	"2:351" : {"timestamp" : 1346182698, "air_time" : 9,
 		"sequence" : 351, "fails" : 3,
 		"retries" : 2, "sample_1" : -9.50,
 		"sample_2" : 9.99, "sample_3" : -2.58,
 		"sample_4" : 0, "node_id" : 2},

	"2:352" : {"timestamp" : 1346182699, "air_time" : 1,
 		"sequence" : 352, "fails" : 1,
 		"retries" : 0, "sample_1" : -8.45,
 		"sample_2" : 8.52, "sample_3" : -1.83,
 		"sample_4" : 0, "node_id" : 2},

	"2:353" : {"timestamp" : 1346182700, "air_time" : 1,
 		"sequence" : 353, "fails" : 2,
 		"retries" : 2, "sample_1" : -7.60,
 		"sample_2" : 6.42, "sample_3" : 0.49,
 		"sample_4" : 0, "node_id" : 2},

	"2:354" : {"timestamp" : 1346182701, "air_time" : 8,
 		"sequence" : 354, "fails" : 3,
 		"retries" : 2, "sample_1" : -8.46,
 		"sample_2" : 5.45, "sample_3" : 2.83,
 		"sample_4" : 0, "node_id" : 2},

	"2:355" : {"timestamp" : 1346182702, "air_time" : 1,
 		"sequence" : 355, "fails" : 1,
 		"retries" : 1, "sample_1" : -5.76,
 		"sample_2" : 4.73, "sample_3" : 3.04,
 		"sample_4" : 0, "node_id" : 2},

	"2:356" : {"timestamp" : 1346182703, "air_time" : 1,
 		"sequence" : 356, "fails" : 3,
 		"retries" : 1, "sample_1" : -6.03,
 		"sample_2" : 1.43, "sample_3" : 4.77,
 		"sample_4" : 0, "node_id" : 2},

	"2:357" : {"timestamp" : 1346182704, "air_time" : 7,
 		"sequence" : 357, "fails" : 3,
 		"retries" : 2, "sample_1" : -4.40,
 		"sample_2" : -0.52, "sample_3" : 6.17,
 		"sample_4" : 0, "node_id" : 2},

	"2:358" : {"timestamp" : 1346182705, "air_time" : 1,
 		"sequence" : 358, "fails" : 3,
 		"retries" : 2, "sample_1" : -2.12,
 		"sample_2" : -1.14, "sample_3" : 8.88,
 		"sample_4" : 0, "node_id" : 2},

	"2:359" : {"timestamp" : 1346182706, "air_time" : 2,
 		"sequence" : 359, "fails" : 3,
 		"retries" : 1, "sample_1" : -0.94,
 		"sample_2" : -2.30, "sample_3" : 9.28,
 		"sample_4" : 0, "node_id" : 2},

	"2:360" : {"timestamp" : 1346182707, "air_time" : 5,
 		"sequence" : 360, "fails" : 1,
 		"retries" : 1, "sample_1" : 0.10,
 		"sample_2" : -4.04, "sample_3" : 10.93,
 		"sample_4" : 0, "node_id" : 2},

	"2:361" : {"timestamp" : 1346182708, "air_time" : 6,
 		"sequence" : 361, "fails" : 2,
 		"retries" : 2, "sample_1" : 1.74,
 		"sample_2" : -6.31, "sample_3" : 11.20,
 		"sample_4" : 0, "node_id" : 2},

	"2:362" : {"timestamp" : 1346182709, "air_time" : 9,
 		"sequence" : 362, "fails" : 2,
 		"retries" : 2, "sample_1" : 4.92,
 		"sample_2" : -6.18, "sample_3" : 10.37,
 		"sample_4" : 0, "node_id" : 2},

	"2:363" : {"timestamp" : 1346182710, "air_time" : 8,
 		"sequence" : 363, "fails" : 2,
 		"retries" : 2, "sample_1" : 6.20,
 		"sample_2" : -7.21, "sample_3" : 11.65,
 		"sample_4" : 0, "node_id" : 2},

	"2:364" : {"timestamp" : 1346182711, "air_time" : 6,
 		"sequence" : 364, "fails" : 0,
 		"retries" : 2, "sample_1" : 6.83,
 		"sample_2" : -7.66, "sample_3" : 11.32,
 		"sample_4" : 0, "node_id" : 2},

	"2:365" : {"timestamp" : 1346182712, "air_time" : 5,
 		"sequence" : 365, "fails" : 1,
 		"retries" : 2, "sample_1" : 9.16,
 		"sample_2" : -9.22, "sample_3" : 9.89,
 		"sample_4" : 0, "node_id" : 2},

	"2:366" : {"timestamp" : 1346182713, "air_time" : 1,
 		"sequence" : 366, "fails" : 3,
 		"retries" : 2, "sample_1" : 9.66,
 		"sample_2" : -9.29, "sample_3" : 8.20,
 		"sample_4" : 0, "node_id" : 2},

	"2:367" : {"timestamp" : 1346182714, "air_time" : 4,
 		"sequence" : 367, "fails" : 0,
 		"retries" : 2, "sample_1" : 9.80,
 		"sample_2" : -9.45, "sample_3" : 8.26,
 		"sample_4" : 0, "node_id" : 2},

	"2:368" : {"timestamp" : 1346182715, "air_time" : 0,
 		"sequence" : 368, "fails" : 3,
 		"retries" : 1, "sample_1" : 10.15,
 		"sample_2" : -8.71, "sample_3" : 7.50,
 		"sample_4" : 0, "node_id" : 2},

	"2:369" : {"timestamp" : 1346182716, "air_time" : 6,
 		"sequence" : 369, "fails" : 2,
 		"retries" : 1, "sample_1" : 11.60,
 		"sample_2" : -7.79, "sample_3" : 5.18,
 		"sample_4" : 0, "node_id" : 2},

	"2:370" : {"timestamp" : 1346182717, "air_time" : 4,
 		"sequence" : 370, "fails" : 2,
 		"retries" : 0, "sample_1" : 11.35,
 		"sample_2" : -7.22, "sample_3" : 3.03,
 		"sample_4" : 0, "node_id" : 2},

	"2:371" : {"timestamp" : 1346182718, "air_time" : 3,
 		"sequence" : 371, "fails" : 3,
 		"retries" : 0, "sample_1" : 10.90,
 		"sample_2" : -6.02, "sample_3" : 1.41,
 		"sample_4" : 0, "node_id" : 2},

	"2:372" : {"timestamp" : 1346182719, "air_time" : 6,
 		"sequence" : 372, "fails" : 2,
 		"retries" : 2, "sample_1" : 10.46,
 		"sample_2" : -4.05, "sample_3" : -0.83,
 		"sample_4" : 0, "node_id" : 2},

	"2:373" : {"timestamp" : 1346182720, "air_time" : 8,
 		"sequence" : 373, "fails" : 0,
 		"retries" : 1, "sample_1" : 8.36,
 		"sample_2" : -2.33, "sample_3" : -1.94,
 		"sample_4" : 0, "node_id" : 2},

	"2:374" : {"timestamp" : 1346182721, "air_time" : 2,
 		"sequence" : 374, "fails" : 3,
 		"retries" : 2, "sample_1" : 6.83,
 		"sample_2" : 0.37, "sample_3" : -4.27,
 		"sample_4" : 0, "node_id" : 2},

	"2:375" : {"timestamp" : 1346182722, "air_time" : 5,
 		"sequence" : 375, "fails" : 0,
 		"retries" : 0, "sample_1" : 6.90,
 		"sample_2" : 1.82, "sample_3" : -5.57,
 		"sample_4" : 0, "node_id" : 2},

	"2:376" : {"timestamp" : 1346182723, "air_time" : 0,
 		"sequence" : 376, "fails" : 1,
 		"retries" : 2, "sample_1" : 3.42,
 		"sample_2" : 3.14, "sample_3" : -6.48,
 		"sample_4" : 0, "node_id" : 2},

	"2:377" : {"timestamp" : 1346182724, "air_time" : 6,
 		"sequence" : 377, "fails" : 1,
 		"retries" : 2, "sample_1" : 1.94,
 		"sample_2" : 5.50, "sample_3" : -6.58,
 		"sample_4" : 0, "node_id" : 2},

	"2:378" : {"timestamp" : 1346182725, "air_time" : 8,
 		"sequence" : 378, "fails" : 2,
 		"retries" : 2, "sample_1" : 0.20,
 		"sample_2" : 6.04, "sample_3" : -9.03,
 		"sample_4" : 0, "node_id" : 2},

	"2:379" : {"timestamp" : 1346182726, "air_time" : 0,
 		"sequence" : 379, "fails" : 0,
 		"retries" : 2, "sample_1" : 0.06,
 		"sample_2" : 7.61, "sample_3" : -9.60,
 		"sample_4" : 0, "node_id" : 2},

	"2:380" : {"timestamp" : 1346182727, "air_time" : 6,
 		"sequence" : 380, "fails" : 2,
 		"retries" : 0, "sample_1" : -2.42,
 		"sample_2" : 8.38, "sample_3" : -8.67,
 		"sample_4" : 0, "node_id" : 2},

	"2:381" : {"timestamp" : 1346182728, "air_time" : 0,
 		"sequence" : 381, "fails" : 3,
 		"retries" : 1, "sample_1" : -3.10,
 		"sample_2" : 10.51, "sample_3" : -8.15,
 		"sample_4" : 0, "node_id" : 2},

	"2:382" : {"timestamp" : 1346182729, "air_time" : 1,
 		"sequence" : 382, "fails" : 2,
 		"retries" : 1, "sample_1" : -6.03,
 		"sample_2" : 10.76, "sample_3" : -9.52,
 		"sample_4" : 0, "node_id" : 2},

	"2:383" : {"timestamp" : 1346182730, "air_time" : 0,
 		"sequence" : 383, "fails" : 3,
 		"retries" : 0, "sample_1" : -7.26,
 		"sample_2" : 10.82, "sample_3" : -8.19,
 		"sample_4" : 0, "node_id" : 2},

	"2:384" : {"timestamp" : 1346182731, "air_time" : 2,
 		"sequence" : 384, "fails" : 3,
 		"retries" : 1, "sample_1" : -6.76,
 		"sample_2" : 10.79, "sample_3" : -6.30,
 		"sample_4" : 0, "node_id" : 2},

	"2:385" : {"timestamp" : 1346182732, "air_time" : 4,
 		"sequence" : 385, "fails" : 1,
 		"retries" : 2, "sample_1" : -8.20,
 		"sample_2" : 10.35, "sample_3" : -5.16,
 		"sample_4" : 0, "node_id" : 2},

	"2:386" : {"timestamp" : 1346182733, "air_time" : 1,
 		"sequence" : 386, "fails" : 2,
 		"retries" : 0, "sample_1" : -9.35,
 		"sample_2" : 10.81, "sample_3" : -4.10,
 		"sample_4" : 0, "node_id" : 2},

	"2:387" : {"timestamp" : 1346182734, "air_time" : 1,
 		"sequence" : 387, "fails" : 2,
 		"retries" : 1, "sample_1" : -9.10,
 		"sample_2" : 9.39, "sample_3" : -2.28,
 		"sample_4" : 0, "node_id" : 2},

	"2:388" : {"timestamp" : 1346182735, "air_time" : 5,
 		"sequence" : 388, "fails" : 0,
 		"retries" : 0, "sample_1" : -8.65,
 		"sample_2" : 7.72, "sample_3" : -0.93,
 		"sample_4" : 0, "node_id" : 2},

	"2:389" : {"timestamp" : 1346182736, "air_time" : 6,
 		"sequence" : 389, "fails" : 3,
 		"retries" : 2, "sample_1" : -9.30,
 		"sample_2" : 7.52, "sample_3" : 0.59,
 		"sample_4" : 0, "node_id" : 2},

	"2:390" : {"timestamp" : 1346182737, "air_time" : 3,
 		"sequence" : 390, "fails" : 3,
 		"retries" : 0, "sample_1" : -8.46,
 		"sample_2" : 4.65, "sample_3" : 2.23,
 		"sample_4" : 0, "node_id" : 2},

	"2:391" : {"timestamp" : 1346182738, "air_time" : 6,
 		"sequence" : 391, "fails" : 3,
 		"retries" : 0, "sample_1" : -6.66,
 		"sample_2" : 3.53, "sample_3" : 4.44,
 		"sample_4" : 0, "node_id" : 2},

	"2:392" : {"timestamp" : 1346182739, "air_time" : 2,
 		"sequence" : 392, "fails" : 3,
 		"retries" : 0, "sample_1" : -5.63,
 		"sample_2" : 2.83, "sample_3" : 4.77,
 		"sample_4" : 0, "node_id" : 2},

	"2:393" : {"timestamp" : 1346182740, "air_time" : 3,
 		"sequence" : 393, "fails" : 0,
 		"retries" : 0, "sample_1" : -4.40,
 		"sample_2" : 0.58, "sample_3" : 7.17,
 		"sample_4" : 0, "node_id" : 2},

	"2:394" : {"timestamp" : 1346182741, "air_time" : 4,
 		"sequence" : 394, "fails" : 1,
 		"retries" : 2, "sample_1" : -3.42,
 		"sample_2" : -2.04, "sample_3" : 8.38,
 		"sample_4" : 0, "node_id" : 2},

	"2:395" : {"timestamp" : 1346182742, "air_time" : 7,
 		"sequence" : 395, "fails" : 2,
 		"retries" : 1, "sample_1" : -0.64,
 		"sample_2" : -2.00, "sample_3" : 8.58,
 		"sample_4" : 0, "node_id" : 2},

	"2:396" : {"timestamp" : 1346182743, "air_time" : 6,
 		"sequence" : 396, "fails" : 3,
 		"retries" : 1, "sample_1" : 1.60,
 		"sample_2" : -4.34, "sample_3" : 10.23,
 		"sample_4" : 0, "node_id" : 2},

	"2:397" : {"timestamp" : 1346182744, "air_time" : 8,
 		"sequence" : 397, "fails" : 3,
 		"retries" : 0, "sample_1" : 2.64,
 		"sample_2" : -5.91, "sample_3" : 10.10,
 		"sample_4" : 0, "node_id" : 2},

	"2:398" : {"timestamp" : 1346182745, "air_time" : 9,
 		"sequence" : 398, "fails" : 1,
 		"retries" : 0, "sample_1" : 4.42,
 		"sample_2" : -7.88, "sample_3" : 11.17,
 		"sample_4" : 0, "node_id" : 2},

	"2:399" : {"timestamp" : 1346182746, "air_time" : 4,
 		"sequence" : 399, "fails" : 3,
 		"retries" : 2, "sample_1" : 6.50,
 		"sample_2" : -7.51, "sample_3" : 10.95,
 		"sample_4" : 0, "node_id" : 2},

	"2:400" : {"timestamp" : 1346182747, "air_time" : 1,
 		"sequence" : 400, "fails" : 2,
 		"retries" : 2, "sample_1" : 8.03,
 		"sample_2" : -8.16, "sample_3" : 10.62,
 		"sample_4" : 0, "node_id" : 2},

	"2:401" : {"timestamp" : 1346182748, "air_time" : 3,
 		"sequence" : 401, "fails" : 0,
 		"retries" : 0, "sample_1" : 9.36,
 		"sample_2" : -8.42, "sample_3" : 9.49,
 		"sample_4" : 0, "node_id" : 2},

	"2:402" : {"timestamp" : 1346182749, "air_time" : 4,
 		"sequence" : 402, "fails" : 2,
 		"retries" : 2, "sample_1" : 9.16,
 		"sample_2" : -9.49, "sample_3" : 8.10,
 		"sample_4" : 0, "node_id" : 2},

	"2:403" : {"timestamp" : 1346182750, "air_time" : 8,
 		"sequence" : 403, "fails" : 0,
 		"retries" : 2, "sample_1" : 10.20,
 		"sample_2" : -9.35, "sample_3" : 7.36,
 		"sample_4" : 0, "node_id" : 2},

	"2:404" : {"timestamp" : 1346182751, "air_time" : 1,
 		"sequence" : 404, "fails" : 1,
 		"retries" : 0, "sample_1" : 10.75,
 		"sample_2" : -8.71, "sample_3" : 6.90,
 		"sample_4" : 0, "node_id" : 2},

	"2:405" : {"timestamp" : 1346182752, "air_time" : 2,
 		"sequence" : 405, "fails" : 1,
 		"retries" : 1, "sample_1" : 11.60,
 		"sample_2" : -8.29, "sample_3" : 5.08,
 		"sample_4" : 0, "node_id" : 2},

	"2:406" : {"timestamp" : 1346182753, "air_time" : 0,
 		"sequence" : 406, "fails" : 0,
 		"retries" : 0, "sample_1" : 10.25,
 		"sample_2" : -6.42, "sample_3" : 4.13,
 		"sample_4" : 0, "node_id" : 2},

	"2:407" : {"timestamp" : 1346182754, "air_time" : 9,
 		"sequence" : 407, "fails" : 3,
 		"retries" : 1, "sample_1" : 10.30,
 		"sample_2" : -5.92, "sample_3" : 1.41,
 		"sample_4" : 0, "node_id" : 2},

	"2:408" : {"timestamp" : 1346182755, "air_time" : 6,
 		"sequence" : 408, "fails" : 1,
 		"retries" : 2, "sample_1" : 9.46,
 		"sample_2" : -2.75, "sample_3" : -0.13,
 		"sample_4" : 0, "node_id" : 2},

	"2:409" : {"timestamp" : 1346182756, "air_time" : 2,
 		"sequence" : 409, "fails" : 0,
 		"retries" : 1, "sample_1" : 9.16,
 		"sample_2" : -2.93, "sample_3" : -1.74,
 		"sample_4" : 0, "node_id" : 2},

	"2:410" : {"timestamp" : 1346182757, "air_time" : 6,
 		"sequence" : 410, "fails" : 1,
 		"retries" : 0, "sample_1" : 6.73,
 		"sample_2" : -0.53, "sample_3" : -2.67,
 		"sample_4" : 0, "node_id" : 2},

	"2:411" : {"timestamp" : 1346182758, "air_time" : 4,
 		"sequence" : 411, "fails" : 3,
 		"retries" : 1, "sample_1" : 5.90,
 		"sample_2" : 0.52, "sample_3" : -4.67,
 		"sample_4" : 0, "node_id" : 2},

	"2:412" : {"timestamp" : 1346182759, "air_time" : 3,
 		"sequence" : 412, "fails" : 3,
 		"retries" : 1, "sample_1" : 5.02,
 		"sample_2" : 3.24, "sample_3" : -5.68,
 		"sample_4" : 0, "node_id" : 2},

	"2:413" : {"timestamp" : 1346182760, "air_time" : 9,
 		"sequence" : 413, "fails" : 2,
 		"retries" : 0, "sample_1" : 2.94,
 		"sample_2" : 4.40, "sample_3" : -6.58,
 		"sample_4" : 0, "node_id" : 2},

	"2:414" : {"timestamp" : 1346182761, "air_time" : 6,
 		"sequence" : 414, "fails" : 0,
 		"retries" : 0, "sample_1" : 0.20,
 		"sample_2" : 6.84, "sample_3" : -7.33,
 		"sample_4" : 0, "node_id" : 2},

	"2:415" : {"timestamp" : 1346182762, "air_time" : 4,
 		"sequence" : 415, "fails" : 1,
 		"retries" : 1, "sample_1" : -1.14,
 		"sample_2" : 6.91, "sample_3" : -9.10,
 		"sample_4" : 0, "node_id" : 2},

	"2:416" : {"timestamp" : 1346182763, "air_time" : 1,
 		"sequence" : 416, "fails" : 1,
 		"retries" : 0, "sample_1" : -3.42,
 		"sample_2" : 9.58, "sample_3" : -9.37,
 		"sample_4" : 0, "node_id" : 2},

	"2:417" : {"timestamp" : 1346182764, "air_time" : 5,
 		"sequence" : 417, "fails" : 3,
 		"retries" : 2, "sample_1" : -4.10,
 		"sample_2" : 8.91, "sample_3" : -8.25,
 		"sample_4" : 0, "node_id" : 2},

	"2:418" : {"timestamp" : 1346182765, "air_time" : 0,
 		"sequence" : 418, "fails" : 1,
 		"retries" : 0, "sample_1" : -5.53,
 		"sample_2" : 10.26, "sample_3" : -7.92,
 		"sample_4" : 0, "node_id" : 2},

	"2:419" : {"timestamp" : 1346182766, "air_time" : 5,
 		"sequence" : 419, "fails" : 1,
 		"retries" : 0, "sample_1" : -6.26,
 		"sample_2" : 11.82, "sample_3" : -7.49,
 		"sample_4" : 0, "node_id" : 2},

	"2:420" : {"timestamp" : 1346182767, "air_time" : 3,
 		"sequence" : 420, "fails" : 0,
 		"retries" : 0, "sample_1" : -8.26,
 		"sample_2" : 11.89, "sample_3" : -7.30,
 		"sample_4" : 0, "node_id" : 2},

	"2:421" : {"timestamp" : 1346182768, "air_time" : 8,
 		"sequence" : 421, "fails" : 2,
 		"retries" : 0, "sample_1" : -9.40,
 		"sample_2" : 11.15, "sample_3" : -6.46,
 		"sample_4" : 0, "node_id" : 2},

	"2:422" : {"timestamp" : 1346182769, "air_time" : 6,
 		"sequence" : 422, "fails" : 2,
 		"retries" : 2, "sample_1" : -9.65,
 		"sample_2" : 10.91, "sample_3" : -5.10,
 		"sample_4" : 0, "node_id" : 2},

	"2:423" : {"timestamp" : 1346182770, "air_time" : 1,
 		"sequence" : 423, "fails" : 0,
 		"retries" : 2, "sample_1" : -8.50,
 		"sample_2" : 9.79, "sample_3" : -3.18,
 		"sample_4" : 0, "node_id" : 2},

	"2:424" : {"timestamp" : 1346182771, "air_time" : 0,
 		"sequence" : 424, "fails" : 3,
 		"retries" : 0, "sample_1" : -9.05,
 		"sample_2" : 9.12, "sample_3" : -1.73,
 		"sample_4" : 0, "node_id" : 2},

	"2:425" : {"timestamp" : 1346182772, "air_time" : 3,
 		"sequence" : 425, "fails" : 1,
 		"retries" : 1, "sample_1" : -8.20,
 		"sample_2" : 7.62, "sample_3" : -0.51,
 		"sample_4" : 0, "node_id" : 2},

	"2:426" : {"timestamp" : 1346182773, "air_time" : 3,
 		"sequence" : 426, "fails" : 1,
 		"retries" : 1, "sample_1" : -8.46,
 		"sample_2" : 5.25, "sample_3" : 2.33,
 		"sample_4" : 0, "node_id" : 2},

	"2:427" : {"timestamp" : 1346182774, "air_time" : 8,
 		"sequence" : 427, "fails" : 1,
 		"retries" : 0, "sample_1" : -5.96,
 		"sample_2" : 3.83, "sample_3" : 4.34,
 		"sample_4" : 0, "node_id" : 2},

	"2:428" : {"timestamp" : 1346182775, "air_time" : 5,
 		"sequence" : 428, "fails" : 3,
 		"retries" : 2, "sample_1" : -5.33,
 		"sample_2" : 2.43, "sample_3" : 5.17,
 		"sample_4" : 0, "node_id" : 2},

	"2:429" : {"timestamp" : 1346182776, "air_time" : 2,
 		"sequence" : 429, "fails" : 2,
 		"retries" : 0, "sample_1" : -3.10,
 		"sample_2" : 0.98, "sample_3" : 6.27,
 		"sample_4" : 0, "node_id" : 2},

	"2:430" : {"timestamp" : 1346182777, "air_time" : 4,
 		"sequence" : 430, "fails" : 0,
 		"retries" : 0, "sample_1" : -1.52,
 		"sample_2" : -1.84, "sample_3" : 7.28,
 		"sample_4" : 0, "node_id" : 2},

	"2:431" : {"timestamp" : 1346182778, "air_time" : 0,
 		"sequence" : 431, "fails" : 1,
 		"retries" : 0, "sample_1" : -0.74,
 		"sample_2" : -2.30, "sample_3" : 8.48,
 		"sample_4" : 0, "node_id" : 2},

	"2:432" : {"timestamp" : 1346182779, "air_time" : 6,
 		"sequence" : 432, "fails" : 2,
 		"retries" : 2, "sample_1" : 1.20,
 		"sample_2" : -3.74, "sample_3" : 9.73,
 		"sample_4" : 0, "node_id" : 2},

	"2:433" : {"timestamp" : 1346182780, "air_time" : 9,
 		"sequence" : 433, "fails" : 1,
 		"retries" : 1, "sample_1" : 3.24,
 		"sample_2" : -5.51, "sample_3" : 10.00,
 		"sample_4" : 0, "node_id" : 2},

	"2:434" : {"timestamp" : 1346182781, "air_time" : 5,
 		"sequence" : 434, "fails" : 3,
 		"retries" : 0, "sample_1" : 3.42,
 		"sample_2" : -7.08, "sample_3" : 11.57,
 		"sample_4" : 0, "node_id" : 2},

	"2:435" : {"timestamp" : 1346182782, "air_time" : 8,
 		"sequence" : 435, "fails" : 1,
 		"retries" : 2, "sample_1" : 6.90,
 		"sample_2" : -8.51, "sample_3" : 10.25,
 		"sample_4" : 0, "node_id" : 2},

	"2:436" : {"timestamp" : 1346182783, "air_time" : 4,
 		"sequence" : 436, "fails" : 3,
 		"retries" : 2, "sample_1" : 6.73,
 		"sample_2" : -7.66, "sample_3" : 11.22,
 		"sample_4" : 0, "node_id" : 2},

	"2:437" : {"timestamp" : 1346182784, "air_time" : 3,
 		"sequence" : 437, "fails" : 2,
 		"retries" : 1, "sample_1" : 9.16,
 		"sample_2" : -9.82, "sample_3" : 10.09,
 		"sample_4" : 0, "node_id" : 2},

	"2:438" : {"timestamp" : 1346182785, "air_time" : 3,
 		"sequence" : 438, "fails" : 0,
 		"retries" : 0, "sample_1" : 9.36,
 		"sample_2" : -9.49, "sample_3" : 9.20,
 		"sample_4" : 0, "node_id" : 2},

	"2:439" : {"timestamp" : 1346182786, "air_time" : 7,
 		"sequence" : 439, "fails" : 1,
 		"retries" : 1, "sample_1" : 10.20,
 		"sample_2" : -8.65, "sample_3" : 7.76,
 		"sample_4" : 0, "node_id" : 2},

	"2:440" : {"timestamp" : 1346182787, "air_time" : 8,
 		"sequence" : 440, "fails" : 3,
 		"retries" : 0, "sample_1" : 11.05,
 		"sample_2" : -8.11, "sample_3" : 7.00,
 		"sample_4" : 0, "node_id" : 2},

	"2:441" : {"timestamp" : 1346182788, "air_time" : 4,
 		"sequence" : 441, "fails" : 3,
 		"retries" : 2, "sample_1" : 10.40,
 		"sample_2" : -8.19, "sample_3" : 4.08,
 		"sample_4" : 0, "node_id" : 2},

	"2:442" : {"timestamp" : 1346182789, "air_time" : 7,
 		"sequence" : 442, "fails" : 3,
 		"retries" : 1, "sample_1" : 11.25,
 		"sample_2" : -7.22, "sample_3" : 4.13,
 		"sample_4" : 0, "node_id" : 2},

	"2:443" : {"timestamp" : 1346182790, "air_time" : 1,
 		"sequence" : 443, "fails" : 3,
 		"retries" : 1, "sample_1" : 10.20,
 		"sample_2" : -4.72, "sample_3" : 2.61,
 		"sample_4" : 0, "node_id" : 2},

	"2:444" : {"timestamp" : 1346182791, "air_time" : 2,
 		"sequence" : 444, "fails" : 3,
 		"retries" : 0, "sample_1" : 9.46,
 		"sample_2" : -3.75, "sample_3" : -0.43,
 		"sample_4" : 0, "node_id" : 2},

	"2:445" : {"timestamp" : 1346182792, "air_time" : 7,
 		"sequence" : 445, "fails" : 3,
 		"retries" : 2, "sample_1" : 9.06,
 		"sample_2" : -1.13, "sample_3" : -1.54,
 		"sample_4" : 0, "node_id" : 2},

	"2:446" : {"timestamp" : 1346182793, "air_time" : 4,
 		"sequence" : 446, "fails" : 1,
 		"retries" : 2, "sample_1" : 7.43,
 		"sample_2" : -0.93, "sample_3" : -3.27,
 		"sample_4" : 0, "node_id" : 2},

	"2:447" : {"timestamp" : 1346182794, "air_time" : 5,
 		"sequence" : 447, "fails" : 1,
 		"retries" : 0, "sample_1" : 5.60,
 		"sample_2" : 1.82, "sample_3" : -5.07,
 		"sample_4" : 0, "node_id" : 2},

	"2:448" : {"timestamp" : 1346182795, "air_time" : 3,
 		"sequence" : 448, "fails" : 2,
 		"retries" : 1, "sample_1" : 5.12,
 		"sample_2" : 3.04, "sample_3" : -5.58,
 		"sample_4" : 0, "node_id" : 2},

	"2:449" : {"timestamp" : 1346182796, "air_time" : 4,
 		"sequence" : 449, "fails" : 1,
 		"retries" : 1, "sample_1" : 3.04,
 		"sample_2" : 5.20, "sample_3" : -8.18,
 		"sample_4" : 0, "node_id" : 2},

	"2:450" : {"timestamp" : 1346182797, "air_time" : 6,
 		"sequence" : 450, "fails" : 3,
 		"retries" : 1, "sample_1" : 1.70,
 		"sample_2" : 6.14, "sample_3" : -8.73,
 		"sample_4" : 0, "node_id" : 2},

	"2:451" : {"timestamp" : 1346182798, "air_time" : 2,
 		"sequence" : 451, "fails" : 3,
 		"retries" : 0, "sample_1" : 0.06,
 		"sample_2" : 8.71, "sample_3" : -8.60,
 		"sample_4" : 0, "node_id" : 2},

	"2:452" : {"timestamp" : 1346182799, "air_time" : 2,
 		"sequence" : 452, "fails" : 2,
 		"retries" : 1, "sample_1" : -2.22,
 		"sample_2" : 9.28, "sample_3" : -8.57,
 		"sample_4" : 0, "node_id" : 2},

	"2:453" : {"timestamp" : 1346182800, "air_time" : 1,
 		"sequence" : 453, "fails" : 3,
 		"retries" : 0, "sample_1" : -3.70,
 		"sample_2" : 10.31, "sample_3" : -9.65,
 		"sample_4" : 0, "node_id" : 2},

	"2:454" : {"timestamp" : 1346182801, "air_time" : 7,
 		"sequence" : 454, "fails" : 1,
 		"retries" : 2, "sample_1" : -6.23,
 		"sample_2" : 9.86, "sample_3" : -9.32,
 		"sample_4" : 0, "node_id" : 2},

	"2:455" : {"timestamp" : 1346182802, "air_time" : 4,
 		"sequence" : 455, "fails" : 3,
 		"retries" : 2, "sample_1" : -7.16,
 		"sample_2" : 10.12, "sample_3" : -8.59,
 		"sample_4" : 0, "node_id" : 2},

	"2:456" : {"timestamp" : 1346182803, "air_time" : 2,
 		"sequence" : 456, "fails" : 2,
 		"retries" : 1, "sample_1" : -8.16,
 		"sample_2" : 10.59, "sample_3" : -7.40,
 		"sample_4" : 0, "node_id" : 2},

	"2:457" : {"timestamp" : 1346182804, "air_time" : 5,
 		"sequence" : 457, "fails" : 2,
 		"retries" : 0, "sample_1" : -8.80,
 		"sample_2" : 10.95, "sample_3" : -6.66,
 		"sample_4" : 0, "node_id" : 2},

	"2:458" : {"timestamp" : 1346182805, "air_time" : 4,
 		"sequence" : 458, "fails" : 3,
 		"retries" : 0, "sample_1" : -8.85,
 		"sample_2" : 9.21, "sample_3" : -4.10,
 		"sample_4" : 0, "node_id" : 2},

	"2:459" : {"timestamp" : 1346182806, "air_time" : 9,
 		"sequence" : 459, "fails" : 3,
 		"retries" : 0, "sample_1" : -8.60,
 		"sample_2" : 9.79, "sample_3" : -3.28,
 		"sample_4" : 0, "node_id" : 2},

	"2:460" : {"timestamp" : 1346182807, "air_time" : 0,
 		"sequence" : 460, "fails" : 0,
 		"retries" : 0, "sample_1" : -9.35,
 		"sample_2" : 7.42, "sample_3" : -1.03,
 		"sample_4" : 0, "node_id" : 2},

	"2:461" : {"timestamp" : 1346182808, "air_time" : 6,
 		"sequence" : 461, "fails" : 3,
 		"retries" : 2, "sample_1" : -8.20,
 		"sample_2" : 6.82, "sample_3" : -0.31,
 		"sample_4" : 0, "node_id" : 2},

	"2:462" : {"timestamp" : 1346182809, "air_time" : 5,
 		"sequence" : 462, "fails" : 2,
 		"retries" : 1, "sample_1" : -6.86,
 		"sample_2" : 5.15, "sample_3" : 1.43,
 		"sample_4" : 0, "node_id" : 2},

	"2:463" : {"timestamp" : 1346182810, "air_time" : 3,
 		"sequence" : 463, "fails" : 3,
 		"retries" : 0, "sample_1" : -6.16,
 		"sample_2" : 4.33, "sample_3" : 3.84,
 		"sample_4" : 0, "node_id" : 2},

	"2:464" : {"timestamp" : 1346182811, "air_time" : 3,
 		"sequence" : 464, "fails" : 1,
 		"retries" : 2, "sample_1" : -5.93,
 		"sample_2" : 2.63, "sample_3" : 4.67,
 		"sample_4" : 0, "node_id" : 2},

	"2:465" : {"timestamp" : 1346182812, "air_time" : 9,
 		"sequence" : 465, "fails" : 3,
 		"retries" : 0, "sample_1" : -4.00,
 		"sample_2" : 0.98, "sample_3" : 5.87,
 		"sample_4" : 0, "node_id" : 2},

	"2:466" : {"timestamp" : 1346182813, "air_time" : 7,
 		"sequence" : 466, "fails" : 2,
 		"retries" : 1, "sample_1" : -3.22,
 		"sample_2" : -0.74, "sample_3" : 8.58,
 		"sample_4" : 0, "node_id" : 2},

	"2:467" : {"timestamp" : 1346182814, "air_time" : 5,
 		"sequence" : 467, "fails" : 3,
 		"retries" : 2, "sample_1" : 0.16,
 		"sample_2" : -2.90, "sample_3" : 9.38,
 		"sample_4" : 0, "node_id" : 2},

	"2:468" : {"timestamp" : 1346182815, "air_time" : 9,
 		"sequence" : 468, "fails" : 0,
 		"retries" : 0, "sample_1" : 0.70,
 		"sample_2" : -4.24, "sample_3" : 10.03,
 		"sample_4" : 0, "node_id" : 2},

	"2:469" : {"timestamp" : 1346182816, "air_time" : 4,
 		"sequence" : 469, "fails" : 1,
 		"retries" : 1, "sample_1" : 3.34,
 		"sample_2" : -5.11, "sample_3" : 10.40,
 		"sample_4" : 0, "node_id" : 2},

	"2:470" : {"timestamp" : 1346182817, "air_time" : 7,
 		"sequence" : 470, "fails" : 1,
 		"retries" : 2, "sample_1" : 3.72,
 		"sample_2" : -7.38, "sample_3" : 11.27,
 		"sample_4" : 0, "node_id" : 2},

	"2:471" : {"timestamp" : 1346182818, "air_time" : 9,
 		"sequence" : 471, "fails" : 3,
 		"retries" : 0, "sample_1" : 5.80,
 		"sample_2" : -7.81, "sample_3" : 9.95,
 		"sample_4" : 0, "node_id" : 2},

	"2:472" : {"timestamp" : 1346182819, "air_time" : 1,
 		"sequence" : 472, "fails" : 3,
 		"retries" : 1, "sample_1" : 7.03,
 		"sample_2" : -9.16, "sample_3" : 9.62,
 		"sample_4" : 0, "node_id" : 2},

	"2:473" : {"timestamp" : 1346182820, "air_time" : 1,
 		"sequence" : 473, "fails" : 2,
 		"retries" : 2, "sample_1" : 8.56,
 		"sample_2" : -8.02, "sample_3" : 10.89,
 		"sample_4" : 0, "node_id" : 2},

	"2:474" : {"timestamp" : 1346182821, "air_time" : 8,
 		"sequence" : 474, "fails" : 2,
 		"retries" : 1, "sample_1" : 9.06,
 		"sample_2" : -8.19, "sample_3" : 9.50,
 		"sample_4" : 0, "node_id" : 2},

	"2:475" : {"timestamp" : 1346182822, "air_time" : 2,
 		"sequence" : 475, "fails" : 0,
 		"retries" : 0, "sample_1" : 9.70,
 		"sample_2" : -8.85, "sample_3" : 7.86,
 		"sample_4" : 0, "node_id" : 2},

	"2:476" : {"timestamp" : 1346182823, "air_time" : 6,
 		"sequence" : 476, "fails" : 3,
 		"retries" : 1, "sample_1" : 11.45,
 		"sample_2" : -8.51, "sample_3" : 6.60,
 		"sample_4" : 0, "node_id" : 2},

	"2:477" : {"timestamp" : 1346182824, "air_time" : 1,
 		"sequence" : 477, "fails" : 1,
 		"retries" : 1, "sample_1" : 11.70,
 		"sample_2" : -7.69, "sample_3" : 4.28,
 		"sample_4" : 0, "node_id" : 2},

	"2:478" : {"timestamp" : 1346182825, "air_time" : 3,
 		"sequence" : 478, "fails" : 2,
 		"retries" : 0, "sample_1" : 11.75,
 		"sample_2" : -7.12, "sample_3" : 4.03,
 		"sample_4" : 0, "node_id" : 2},

	"2:479" : {"timestamp" : 1346182826, "air_time" : 0,
 		"sequence" : 479, "fails" : 3,
 		"retries" : 2, "sample_1" : 10.00,
 		"sample_2" : -5.12, "sample_3" : 2.21,
 		"sample_4" : 0, "node_id" : 2},

	"2:480" : {"timestamp" : 1346182827, "air_time" : 5,
 		"sequence" : 480, "fails" : 1,
 		"retries" : 0, "sample_1" : 8.96,
 		"sample_2" : -3.95, "sample_3" : -0.83,
 		"sample_4" : 0, "node_id" : 2},

	"2:481" : {"timestamp" : 1346182828, "air_time" : 3,
 		"sequence" : 481, "fails" : 0,
 		"retries" : 2, "sample_1" : 9.36,
 		"sample_2" : -2.63, "sample_3" : -1.64,
 		"sample_4" : 0, "node_id" : 2},

	"2:482" : {"timestamp" : 1346182829, "air_time" : 0,
 		"sequence" : 482, "fails" : 0,
 		"retries" : 2, "sample_1" : 8.03,
 		"sample_2" : 0.57, "sample_3" : -2.87,
 		"sample_4" : 0, "node_id" : 2},

	"2:483" : {"timestamp" : 1346182830, "air_time" : 3,
 		"sequence" : 483, "fails" : 2,
 		"retries" : 0, "sample_1" : 6.10,
 		"sample_2" : 0.62, "sample_3" : -4.87,
 		"sample_4" : 0, "node_id" : 2},

	"2:484" : {"timestamp" : 1346182831, "air_time" : 5,
 		"sequence" : 484, "fails" : 0,
 		"retries" : 2, "sample_1" : 3.52,
 		"sample_2" : 2.64, "sample_3" : -5.38,
 		"sample_4" : 0, "node_id" : 2},

	"2:485" : {"timestamp" : 1346182832, "air_time" : 8,
 		"sequence" : 485, "fails" : 1,
 		"retries" : 2, "sample_1" : 2.54,
 		"sample_2" : 5.60, "sample_3" : -7.68,
 		"sample_4" : 0, "node_id" : 2},

	"2:486" : {"timestamp" : 1346182833, "air_time" : 0,
 		"sequence" : 486, "fails" : 0,
 		"retries" : 1, "sample_1" : 0.30,
 		"sample_2" : 7.24, "sample_3" : -8.93,
 		"sample_4" : 0, "node_id" : 2},

	"2:487" : {"timestamp" : 1346182834, "air_time" : 8,
 		"sequence" : 487, "fails" : 0,
 		"retries" : 0, "sample_1" : -0.84,
 		"sample_2" : 7.41, "sample_3" : -8.80,
 		"sample_4" : 0, "node_id" : 2},

	"2:488" : {"timestamp" : 1346182835, "air_time" : 0,
 		"sequence" : 488, "fails" : 2,
 		"retries" : 1, "sample_1" : -1.52,
 		"sample_2" : 9.58, "sample_3" : -8.07,
 		"sample_4" : 0, "node_id" : 2},

	"2:489" : {"timestamp" : 1346182836, "air_time" : 4,
 		"sequence" : 489, "fails" : 2,
 		"retries" : 2, "sample_1" : -4.40,
 		"sample_2" : 9.41, "sample_3" : -9.55,
 		"sample_4" : 0, "node_id" : 2},

	"2:490" : {"timestamp" : 1346182837, "air_time" : 9,
 		"sequence" : 490, "fails" : 2,
 		"retries" : 0, "sample_1" : -4.53,
 		"sample_2" : 11.06, "sample_3" : -8.32,
 		"sample_4" : 0, "node_id" : 2},

	"2:491" : {"timestamp" : 1346182838, "air_time" : 0,
 		"sequence" : 491, "fails" : 3,
 		"retries" : 0, "sample_1" : -6.76,
 		"sample_2" : 11.52, "sample_3" : -8.99,
 		"sample_4" : 0, "node_id" : 2},

	"2:492" : {"timestamp" : 1346182839, "air_time" : 2,
 		"sequence" : 492, "fails" : 3,
 		"retries" : 2, "sample_1" : -7.46,
 		"sample_2" : 10.69, "sample_3" : -7.40,
 		"sample_4" : 0, "node_id" : 2},

	"2:493" : {"timestamp" : 1346182840, "air_time" : 4,
 		"sequence" : 493, "fails" : 1,
 		"retries" : 0, "sample_1" : -9.30,
 		"sample_2" : 10.15, "sample_3" : -6.36,
 		"sample_4" : 0, "node_id" : 2},

	"2:494" : {"timestamp" : 1346182841, "air_time" : 9,
 		"sequence" : 494, "fails" : 3,
 		"retries" : 2, "sample_1" : -7.95,
 		"sample_2" : 9.81, "sample_3" : -4.70,
 		"sample_4" : 0, "node_id" : 2},

	"2:495" : {"timestamp" : 1346182842, "air_time" : 3,
 		"sequence" : 495, "fails" : 2,
 		"retries" : 0, "sample_1" : -8.70,
 		"sample_2" : 9.19, "sample_3" : -2.38,
 		"sample_4" : 0, "node_id" : 2},

	"2:496" : {"timestamp" : 1346182843, "air_time" : 8,
 		"sequence" : 496, "fails" : 2,
 		"retries" : 1, "sample_1" : -8.85,
 		"sample_2" : 7.32, "sample_3" : -0.93,
 		"sample_4" : 0, "node_id" : 2},

	"2:497" : {"timestamp" : 1346182844, "air_time" : 6,
 		"sequence" : 497, "fails" : 3,
 		"retries" : 2, "sample_1" : -8.20,
 		"sample_2" : 6.32, "sample_3" : -0.41,
 		"sample_4" : 0, "node_id" : 2},

	"2:498" : {"timestamp" : 1346182845, "air_time" : 3,
 		"sequence" : 498, "fails" : 3,
 		"retries" : 1, "sample_1" : -7.26,
 		"sample_2" : 5.15, "sample_3" : 1.23,
 		"sample_4" : 0, "node_id" : 2},

	"2:499" : {"timestamp" : 1346182846, "air_time" : 7,
 		"sequence" : 499, "fails" : 0,
 		"retries" : 2, "sample_1" : -6.56,
 		"sample_2" : 3.93, "sample_3" : 4.14,
 		"sample_4" : 0, "node_id" : 2},

	"2:500" : {"timestamp" : 1346182847, "air_time" : 2,
 		"sequence" : 500, "fails" : 2,
 		"retries" : 0, "sample_1" : -4.93,
 		"sample_2" : 1.73, "sample_3" : 4.67,
 		"sample_4" : 0, "node_id" : 2},

	"2:501" : {"timestamp" : 1346182848, "air_time" : 2,
 		"sequence" : 501, "fails" : 3,
 		"retries" : 2, "sample_1" : -4.40,
 		"sample_2" : 0.78, "sample_3" : 7.47,
 		"sample_4" : 0, "node_id" : 2},

	"2:502" : {"timestamp" : 1346182849, "air_time" : 4,
 		"sequence" : 502, "fails" : 0,
 		"retries" : 2, "sample_1" : -1.62,
 		"sample_2" : -1.74, "sample_3" : 8.98,
 		"sample_4" : 0, "node_id" : 2},

	"2:503" : {"timestamp" : 1346182850, "air_time" : 8,
 		"sequence" : 503, "fails" : 0,
 		"retries" : 1, "sample_1" : -1.24,
 		"sample_2" : -2.00, "sample_3" : 9.58,
 		"sample_4" : 0, "node_id" : 2},

	"2:504" : {"timestamp" : 1346182851, "air_time" : 8,
 		"sequence" : 504, "fails" : 3,
 		"retries" : 2, "sample_1" : 0.30,
 		"sample_2" : -4.34, "sample_3" : 9.23,
 		"sample_4" : 0, "node_id" : 2},

	"2:505" : {"timestamp" : 1346182852, "air_time" : 2,
 		"sequence" : 505, "fails" : 1,
 		"retries" : 0, "sample_1" : 2.24,
 		"sample_2" : -5.81, "sample_3" : 10.50,
 		"sample_4" : 0, "node_id" : 2},

	"2:506" : {"timestamp" : 1346182853, "air_time" : 9,
 		"sequence" : 506, "fails" : 0,
 		"retries" : 0, "sample_1" : 4.62,
 		"sample_2" : -6.38, "sample_3" : 10.97,
 		"sample_4" : 0, "node_id" : 2},

	"2:507" : {"timestamp" : 1346182854, "air_time" : 4,
 		"sequence" : 507, "fails" : 2,
 		"retries" : 1, "sample_1" : 5.90,
 		"sample_2" : -7.61, "sample_3" : 11.15,
 		"sample_4" : 0, "node_id" : 2},

	"2:508" : {"timestamp" : 1346182855, "air_time" : 4,
 		"sequence" : 508, "fails" : 0,
 		"retries" : 1, "sample_1" : 7.13,
 		"sample_2" : -7.66, "sample_3" : 10.62,
 		"sample_4" : 0, "node_id" : 2},

	"2:509" : {"timestamp" : 1346182856, "air_time" : 4,
 		"sequence" : 509, "fails" : 1,
 		"retries" : 0, "sample_1" : 7.96,
 		"sample_2" : -8.52, "sample_3" : 10.79,
 		"sample_4" : 0, "node_id" : 2},

	"2:510" : {"timestamp" : 1346182857, "air_time" : 9,
 		"sequence" : 510, "fails" : 0,
 		"retries" : 1, "sample_1" : 9.46,
 		"sample_2" : -8.59, "sample_3" : 9.10,
 		"sample_4" : 0, "node_id" : 2},

	"2:511" : {"timestamp" : 1346182858, "air_time" : 0,
 		"sequence" : 511, "fails" : 1,
 		"retries" : 0, "sample_1" : 10.30,
 		"sample_2" : -7.95, "sample_3" : 7.36,
 		"sample_4" : 0, "node_id" : 2},

	"2:512" : {"timestamp" : 1346182859, "air_time" : 3,
 		"sequence" : 512, "fails" : 2,
 		"retries" : 1, "sample_1" : 11.05,
 		"sample_2" : -8.61, "sample_3" : 6.00,
 		"sample_4" : 0, "node_id" : 2},

	"2:513" : {"timestamp" : 1346182860, "air_time" : 6,
 		"sequence" : 513, "fails" : 2,
 		"retries" : 2, "sample_1" : 10.30,
 		"sample_2" : -7.79, "sample_3" : 4.58,
 		"sample_4" : 0, "node_id" : 2},

	"2:514" : {"timestamp" : 1346182861, "air_time" : 5,
 		"sequence" : 514, "fails" : 3,
 		"retries" : 1, "sample_1" : 10.95,
 		"sample_2" : -5.52, "sample_3" : 3.23,
 		"sample_4" : 0, "node_id" : 2},

	"2:515" : {"timestamp" : 1346182862, "air_time" : 2,
 		"sequence" : 515, "fails" : 0,
 		"retries" : 0, "sample_1" : 9.60,
 		"sample_2" : -6.02, "sample_3" : 1.01,
 		"sample_4" : 0, "node_id" : 2},

	"2:516" : {"timestamp" : 1346182863, "air_time" : 1,
 		"sequence" : 516, "fails" : 3,
 		"retries" : 1, "sample_1" : 9.76,
 		"sample_2" : -4.15, "sample_3" : -0.73,
 		"sample_4" : 0, "node_id" : 2},

	"2:517" : {"timestamp" : 1346182864, "air_time" : 7,
 		"sequence" : 517, "fails" : 2,
 		"retries" : 0, "sample_1" : 8.56,
 		"sample_2" : -2.53, "sample_3" : -1.34,
 		"sample_4" : 0, "node_id" : 2},

	"2:518" : {"timestamp" : 1346182865, "air_time" : 3,
 		"sequence" : 518, "fails" : 1,
 		"retries" : 1, "sample_1" : 7.93,
 		"sample_2" : -0.33, "sample_3" : -3.47,
 		"sample_4" : 0, "node_id" : 2},

	"2:519" : {"timestamp" : 1346182866, "air_time" : 2,
 		"sequence" : 519, "fails" : 2,
 		"retries" : 1, "sample_1" : 6.90,
 		"sample_2" : 1.62, "sample_3" : -4.67,
 		"sample_4" : 0, "node_id" : 2},

	"2:520" : {"timestamp" : 1346182867, "air_time" : 9,
 		"sequence" : 520, "fails" : 3,
 		"retries" : 0, "sample_1" : 4.12,
 		"sample_2" : 4.14, "sample_3" : -5.28,
 		"sample_4" : 0, "node_id" : 2},

	"2:521" : {"timestamp" : 1346182868, "air_time" : 0,
 		"sequence" : 521, "fails" : 0,
 		"retries" : 0, "sample_1" : 3.44,
 		"sample_2" : 5.60, "sample_3" : -7.78,
 		"sample_4" : 0, "node_id" : 2},

	"2:522" : {"timestamp" : 1346182869, "air_time" : 5,
 		"sequence" : 522, "fails" : 0,
 		"retries" : 2, "sample_1" : 1.60,
 		"sample_2" : 6.94, "sample_3" : -8.13,
 		"sample_4" : 0, "node_id" : 2},

	"2:523" : {"timestamp" : 1346182870, "air_time" : 3,
 		"sequence" : 523, "fails" : 1,
 		"retries" : 2, "sample_1" : -1.04,
 		"sample_2" : 7.51, "sample_3" : -7.90,
 		"sample_4" : 0, "node_id" : 2},

	"2:524" : {"timestamp" : 1346182871, "air_time" : 6,
 		"sequence" : 524, "fails" : 0,
 		"retries" : 0, "sample_1" : -3.22,
 		"sample_2" : 9.78, "sample_3" : -8.87,
 		"sample_4" : 0, "node_id" : 2},

	"2:525" : {"timestamp" : 1346182872, "air_time" : 5,
 		"sequence" : 525, "fails" : 3,
 		"retries" : 1, "sample_1" : -4.00,
 		"sample_2" : 9.01, "sample_3" : -9.95,
 		"sample_4" : 0, "node_id" : 2},

	"2:526" : {"timestamp" : 1346182873, "air_time" : 9,
 		"sequence" : 526, "fails" : 3,
 		"retries" : 2, "sample_1" : -5.23,
 		"sample_2" : 10.66, "sample_3" : -7.92,
 		"sample_4" : 0, "node_id" : 2},

	"2:527" : {"timestamp" : 1346182874, "air_time" : 1,
 		"sequence" : 527, "fails" : 3,
 		"retries" : 2, "sample_1" : -6.16,
 		"sample_2" : 9.92, "sample_3" : -8.99,
 		"sample_4" : 0, "node_id" : 2},

	"2:528" : {"timestamp" : 1346182875, "air_time" : 5,
 		"sequence" : 528, "fails" : 1,
 		"retries" : 1, "sample_1" : -8.26,
 		"sample_2" : 11.59, "sample_3" : -8.00,
 		"sample_4" : 0, "node_id" : 2},

	"2:529" : {"timestamp" : 1346182876, "air_time" : 2,
 		"sequence" : 529, "fails" : 2,
 		"retries" : 1, "sample_1" : -8.90,
 		"sample_2" : 11.45, "sample_3" : -6.16,
 		"sample_4" : 0, "node_id" : 2},

	"2:530" : {"timestamp" : 1346182877, "air_time" : 0,
 		"sequence" : 530, "fails" : 1,
 		"retries" : 0, "sample_1" : -8.25,
 		"sample_2" : 10.31, "sample_3" : -5.60,
 		"sample_4" : 0, "node_id" : 2},

	"2:531" : {"timestamp" : 1346182878, "air_time" : 0,
 		"sequence" : 531, "fails" : 2,
 		"retries" : 1, "sample_1" : -8.20,
 		"sample_2" : 9.49, "sample_3" : -2.88,
 		"sample_4" : 0, "node_id" : 2},

	"2:532" : {"timestamp" : 1346182879, "air_time" : 1,
 		"sequence" : 532, "fails" : 3,
 		"retries" : 1, "sample_1" : -9.25,
 		"sample_2" : 7.32, "sample_3" : -0.53,
 		"sample_4" : 0, "node_id" : 2},

	"2:533" : {"timestamp" : 1346182880, "air_time" : 0,
 		"sequence" : 533, "fails" : 2,
 		"retries" : 1, "sample_1" : -7.60,
 		"sample_2" : 7.12, "sample_3" : -0.31,
 		"sample_4" : 0, "node_id" : 2},

	"2:534" : {"timestamp" : 1346182881, "air_time" : 7,
 		"sequence" : 534, "fails" : 0,
 		"retries" : 2, "sample_1" : -7.86,
 		"sample_2" : 6.35, "sample_3" : 1.63,
 		"sample_4" : 0, "node_id" : 2},

	"2:535" : {"timestamp" : 1346182882, "air_time" : 8,
 		"sequence" : 535, "fails" : 2,
 		"retries" : 2, "sample_1" : -6.36,
 		"sample_2" : 3.33, "sample_3" : 3.64,
 		"sample_4" : 0, "node_id" : 2},

	"2:536" : {"timestamp" : 1346182883, "air_time" : 6,
 		"sequence" : 536, "fails" : 1,
 		"retries" : 1, "sample_1" : -6.13,
 		"sample_2" : 1.73, "sample_3" : 5.47,
 		"sample_4" : 0, "node_id" : 2},

	"2:537" : {"timestamp" : 1346182884, "air_time" : 4,
 		"sequence" : 537, "fails" : 0,
 		"retries" : 0, "sample_1" : -3.80,
 		"sample_2" : -0.02, "sample_3" : 6.27,
 		"sample_4" : 0, "node_id" : 2},

	"2:538" : {"timestamp" : 1346182885, "air_time" : 7,
 		"sequence" : 538, "fails" : 0,
 		"retries" : 1, "sample_1" : -1.62,
 		"sample_2" : -1.14, "sample_3" : 7.68,
 		"sample_4" : 0, "node_id" : 2},

	"2:539" : {"timestamp" : 1346182886, "air_time" : 0,
 		"sequence" : 539, "fails" : 0,
 		"retries" : 1, "sample_1" : -0.04,
 		"sample_2" : -2.50, "sample_3" : 8.88,
 		"sample_4" : 0, "node_id" : 2},

	"2:540" : {"timestamp" : 1346182887, "air_time" : 3,
 		"sequence" : 540, "fails" : 3,
 		"retries" : 0, "sample_1" : 0.40,
 		"sample_2" : -3.54, "sample_3" : 10.33,
 		"sample_4" : 0, "node_id" : 2},

	"2:541" : {"timestamp" : 1346182888, "air_time" : 2,
 		"sequence" : 541, "fails" : 0,
 		"retries" : 1, "sample_1" : 2.14,
 		"sample_2" : -6.81, "sample_3" : 10.20,
 		"sample_4" : 0, "node_id" : 2},

	"2:542" : {"timestamp" : 1346182889, "air_time" : 2,
 		"sequence" : 542, "fails" : 3,
 		"retries" : 2, "sample_1" : 4.32,
 		"sample_2" : -7.68, "sample_3" : 11.37,
 		"sample_4" : 0, "node_id" : 2},

	"2:543" : {"timestamp" : 1346182890, "air_time" : 4,
 		"sequence" : 543, "fails" : 3,
 		"retries" : 0, "sample_1" : 6.50,
 		"sample_2" : -7.31, "sample_3" : 10.25,
 		"sample_4" : 0, "node_id" : 2},

	"2:544" : {"timestamp" : 1346182891, "air_time" : 1,
 		"sequence" : 544, "fails" : 3,
 		"retries" : 1, "sample_1" : 8.33,
 		"sample_2" : -9.36, "sample_3" : 10.22,
 		"sample_4" : 0, "node_id" : 2},

	"2:545" : {"timestamp" : 1346182892, "air_time" : 8,
 		"sequence" : 545, "fails" : 2,
 		"retries" : 2, "sample_1" : 8.26,
 		"sample_2" : -9.22, "sample_3" : 9.39,
 		"sample_4" : 0, "node_id" : 2},

	"2:546" : {"timestamp" : 1346182893, "air_time" : 8,
 		"sequence" : 546, "fails" : 1,
 		"retries" : 0, "sample_1" : 10.46,
 		"sample_2" : -9.69, "sample_3" : 8.30,
 		"sample_4" : 0, "node_id" : 2},

	"2:547" : {"timestamp" : 1346182894, "air_time" : 6,
 		"sequence" : 547, "fails" : 0,
 		"retries" : 2, "sample_1" : 11.00,
 		"sample_2" : -8.35, "sample_3" : 7.66,
 		"sample_4" : 0, "node_id" : 2},

	"2:548" : {"timestamp" : 1346182895, "air_time" : 9,
 		"sequence" : 548, "fails" : 1,
 		"retries" : 1, "sample_1" : 10.85,
 		"sample_2" : -7.41, "sample_3" : 5.60,
 		"sample_4" : 0, "node_id" : 2},

	"2:549" : {"timestamp" : 1346182896, "air_time" : 3,
 		"sequence" : 549, "fails" : 3,
 		"retries" : 2, "sample_1" : 10.90,
 		"sample_2" : -6.59, "sample_3" : 5.38,
 		"sample_4" : 0, "node_id" : 2},

	"2:550" : {"timestamp" : 1346182897, "air_time" : 5,
 		"sequence" : 550, "fails" : 2,
 		"retries" : 2, "sample_1" : 11.55,
 		"sample_2" : -7.22, "sample_3" : 3.53,
 		"sample_4" : 0, "node_id" : 2},

	"2:551" : {"timestamp" : 1346182898, "air_time" : 6,
 		"sequence" : 551, "fails" : 2,
 		"retries" : 2, "sample_1" : 10.70,
 		"sample_2" : -6.02, "sample_3" : 2.01,
 		"sample_4" : 0, "node_id" : 2},

	"2:552" : {"timestamp" : 1346182899, "air_time" : 8,
 		"sequence" : 552, "fails" : 2,
 		"retries" : 0, "sample_1" : 10.56,
 		"sample_2" : -3.05, "sample_3" : -0.33,
 		"sample_4" : 0, "node_id" : 2},

	"2:553" : {"timestamp" : 1346182900, "air_time" : 1,
 		"sequence" : 553, "fails" : 0,
 		"retries" : 0, "sample_1" : 8.96,
 		"sample_2" : -1.83, "sample_3" : -1.94,
 		"sample_4" : 0, "node_id" : 2},

	"2:554" : {"timestamp" : 1346182901, "air_time" : 8,
 		"sequence" : 554, "fails" : 0,
 		"retries" : 0, "sample_1" : 7.13,
 		"sample_2" : 0.07, "sample_3" : -4.07,
 		"sample_4" : 0, "node_id" : 2},

	"2:555" : {"timestamp" : 1346182902, "air_time" : 3,
 		"sequence" : 555, "fails" : 2,
 		"retries" : 1, "sample_1" : 6.10,
 		"sample_2" : 0.72, "sample_3" : -4.97,
 		"sample_4" : 0, "node_id" : 2},

	"2:556" : {"timestamp" : 1346182903, "air_time" : 8,
 		"sequence" : 556, "fails" : 1,
 		"retries" : 1, "sample_1" : 5.22,
 		"sample_2" : 2.44, "sample_3" : -6.38,
 		"sample_4" : 0, "node_id" : 2},

	"2:557" : {"timestamp" : 1346182904, "air_time" : 8,
 		"sequence" : 557, "fails" : 3,
 		"retries" : 0, "sample_1" : 3.44,
 		"sample_2" : 4.30, "sample_3" : -8.18,
 		"sample_4" : 0, "node_id" : 2},

	"2:558" : {"timestamp" : 1346182905, "air_time" : 7,
 		"sequence" : 558, "fails" : 3,
 		"retries" : 0, "sample_1" : 1.60,
 		"sample_2" : 6.74, "sample_3" : -8.63,
 		"sample_4" : 0, "node_id" : 2},

	"2:559" : {"timestamp" : 1346182906, "air_time" : 0,
 		"sequence" : 559, "fails" : 2,
 		"retries" : 0, "sample_1" : -0.44,
 		"sample_2" : 7.31, "sample_3" : -8.50,
 		"sample_4" : 0, "node_id" : 2},

	"2:560" : {"timestamp" : 1346182907, "air_time" : 0,
 		"sequence" : 560, "fails" : 1,
 		"retries" : 0, "sample_1" : -1.62,
 		"sample_2" : 7.98, "sample_3" : -8.37,
 		"sample_4" : 0, "node_id" : 2},

	"2:561" : {"timestamp" : 1346182908, "air_time" : 2,
 		"sequence" : 561, "fails" : 2,
 		"retries" : 2, "sample_1" : -4.80,
 		"sample_2" : 10.81, "sample_3" : -9.55,
 		"sample_4" : 0, "node_id" : 2},

	"2:562" : {"timestamp" : 1346182909, "air_time" : 8,
 		"sequence" : 562, "fails" : 2,
 		"retries" : 0, "sample_1" : -6.13,
 		"sample_2" : 10.56, "sample_3" : -9.22,
 		"sample_4" : 0, "node_id" : 2},

	"2:563" : {"timestamp" : 1346182910, "air_time" : 8,
 		"sequence" : 563, "fails" : 3,
 		"retries" : 2, "sample_1" : -7.26,
 		"sample_2" : 11.02, "sample_3" : -8.19,
 		"sample_4" : 0, "node_id" : 2},

	"2:564" : {"timestamp" : 1346182911, "air_time" : 9,
 		"sequence" : 564, "fails" : 0,
 		"retries" : 1, "sample_1" : -8.16,
 		"sample_2" : 9.99, "sample_3" : -6.90,
 		"sample_4" : 0, "node_id" : 2},

	"2:565" : {"timestamp" : 1346182912, "air_time" : 3,
 		"sequence" : 565, "fails" : 3,
 		"retries" : 2, "sample_1" : -8.10,
 		"sample_2" : 10.85, "sample_3" : -6.46,
 		"sample_4" : 0, "node_id" : 2},

	"2:566" : {"timestamp" : 1346182913, "air_time" : 3,
 		"sequence" : 566, "fails" : 1,
 		"retries" : 2, "sample_1" : -9.35,
 		"sample_2" : 10.01, "sample_3" : -4.90,
 		"sample_4" : 0, "node_id" : 2},

	"2:567" : {"timestamp" : 1346182914, "air_time" : 1,
 		"sequence" : 567, "fails" : 1,
 		"retries" : 2, "sample_1" : -8.60,
 		"sample_2" : 9.79, "sample_3" : -2.78,
 		"sample_4" : 0, "node_id" : 2},

	"2:568" : {"timestamp" : 1346182915, "air_time" : 9,
 		"sequence" : 568, "fails" : 2,
 		"retries" : 0, "sample_1" : -8.05,
 		"sample_2" : 9.12, "sample_3" : -1.33,
 		"sample_4" : 0, "node_id" : 2},

	"2:569" : {"timestamp" : 1346182916, "air_time" : 2,
 		"sequence" : 569, "fails" : 2,
 		"retries" : 0, "sample_1" : -8.70,
 		"sample_2" : 7.02, "sample_3" : 1.19,
 		"sample_4" : 0, "node_id" : 2},

	"2:570" : {"timestamp" : 1346182917, "air_time" : 7,
 		"sequence" : 570, "fails" : 2,
 		"retries" : 1, "sample_1" : -8.46,
 		"sample_2" : 4.85, "sample_3" : 1.33,
 		"sample_4" : 0, "node_id" : 2},

	"2:571" : {"timestamp" : 1346182918, "air_time" : 9,
 		"sequence" : 571, "fails" : 2,
 		"retries" : 0, "sample_1" : -5.86,
 		"sample_2" : 4.73, "sample_3" : 2.84,
 		"sample_4" : 0, "node_id" : 2},

	"2:572" : {"timestamp" : 1346182919, "air_time" : 4,
 		"sequence" : 572, "fails" : 1,
 		"retries" : 2, "sample_1" : -5.73,
 		"sample_2" : 1.53, "sample_3" : 5.07,
 		"sample_4" : 0, "node_id" : 2},

	"2:573" : {"timestamp" : 1346182920, "air_time" : 2,
 		"sequence" : 573, "fails" : 3,
 		"retries" : 2, "sample_1" : -3.60,
 		"sample_2" : 0.38, "sample_3" : 6.47,
 		"sample_4" : 0, "node_id" : 2},

	"2:574" : {"timestamp" : 1346182921, "air_time" : 4,
 		"sequence" : 574, "fails" : 2,
 		"retries" : 1, "sample_1" : -3.12,
 		"sample_2" : -1.54, "sample_3" : 8.68,
 		"sample_4" : 0, "node_id" : 2},

	"2:575" : {"timestamp" : 1346182922, "air_time" : 5,
 		"sequence" : 575, "fails" : 1,
 		"retries" : 1, "sample_1" : -0.74,
 		"sample_2" : -3.20, "sample_3" : 9.38,
 		"sample_4" : 0, "node_id" : 2},

	"2:576" : {"timestamp" : 1346182923, "air_time" : 0,
 		"sequence" : 576, "fails" : 0,
 		"retries" : 2, "sample_1" : 1.70,
 		"sample_2" : -4.44, "sample_3" : 10.83,
 		"sample_4" : 0, "node_id" : 2},

	"2:577" : {"timestamp" : 1346182924, "air_time" : 5,
 		"sequence" : 577, "fails" : 2,
 		"retries" : 1, "sample_1" : 2.94,
 		"sample_2" : -5.51, "sample_3" : 10.20,
 		"sample_4" : 0, "node_id" : 2},

	"2:578" : {"timestamp" : 1346182925, "air_time" : 2,
 		"sequence" : 578, "fails" : 1,
 		"retries" : 1, "sample_1" : 4.72,
 		"sample_2" : -6.48, "sample_3" : 10.57,
 		"sample_4" : 0, "node_id" : 2},

	"2:579" : {"timestamp" : 1346182926, "air_time" : 9,
 		"sequence" : 579, "fails" : 0,
 		"retries" : 0, "sample_1" : 6.40,
 		"sample_2" : -8.41, "sample_3" : 10.55,
 		"sample_4" : 0, "node_id" : 2},

	"2:580" : {"timestamp" : 1346182927, "air_time" : 5,
 		"sequence" : 580, "fails" : 0,
 		"retries" : 1, "sample_1" : 7.13,
 		"sample_2" : -8.66, "sample_3" : 10.12,
 		"sample_4" : 0, "node_id" : 2},

	"2:581" : {"timestamp" : 1346182928, "air_time" : 1,
 		"sequence" : 581, "fails" : 3,
 		"retries" : 0, "sample_1" : 8.46,
 		"sample_2" : -9.22, "sample_3" : 9.79,
 		"sample_4" : 0, "node_id" : 2},

	"2:582" : {"timestamp" : 1346182929, "air_time" : 6,
 		"sequence" : 582, "fails" : 0,
 		"retries" : 1, "sample_1" : 10.16,
 		"sample_2" : -9.59, "sample_3" : 8.90,
 		"sample_4" : 0, "node_id" : 2},

	"2:583" : {"timestamp" : 1346182930, "air_time" : 2,
 		"sequence" : 583, "fails" : 3,
 		"retries" : 1, "sample_1" : 9.40,
 		"sample_2" : -8.25, "sample_3" : 7.76,
 		"sample_4" : 0, "node_id" : 2},

	"2:584" : {"timestamp" : 1346182931, "air_time" : 1,
 		"sequence" : 584, "fails" : 1,
 		"retries" : 1, "sample_1" : 9.95,
 		"sample_2" : -7.71, "sample_3" : 6.10,
 		"sample_4" : 0, "node_id" : 2},

	"2:585" : {"timestamp" : 1346182932, "air_time" : 8,
 		"sequence" : 585, "fails" : 2,
 		"retries" : 2, "sample_1" : 11.80,
 		"sample_2" : -8.39, "sample_3" : 4.18,
 		"sample_4" : 0, "node_id" : 2},

	"2:586" : {"timestamp" : 1346182933, "air_time" : 0,
 		"sequence" : 586, "fails" : 0,
 		"retries" : 2, "sample_1" : 10.45,
 		"sample_2" : -6.42, "sample_3" : 3.83,
 		"sample_4" : 0, "node_id" : 2},

	"2:587" : {"timestamp" : 1346182934, "air_time" : 5,
 		"sequence" : 587, "fails" : 1,
 		"retries" : 1, "sample_1" : 10.90,
 		"sample_2" : -4.52, "sample_3" : 2.31,
 		"sample_4" : 0, "node_id" : 2},

	"2:588" : {"timestamp" : 1346182935, "air_time" : 2,
 		"sequence" : 588, "fails" : 2,
 		"retries" : 1, "sample_1" : 10.16,
 		"sample_2" : -3.75, "sample_3" : 0.37,
 		"sample_4" : 0, "node_id" : 2},

	"2:589" : {"timestamp" : 1346182936, "air_time" : 3,
 		"sequence" : 589, "fails" : 0,
 		"retries" : 0, "sample_1" : 9.26,
 		"sample_2" : -2.53, "sample_3" : -0.84,
 		"sample_4" : 0, "node_id" : 2},

	"2:590" : {"timestamp" : 1346182937, "air_time" : 4,
 		"sequence" : 590, "fails" : 1,
 		"retries" : 0, "sample_1" : 6.73,
 		"sample_2" : -0.43, "sample_3" : -3.87,
 		"sample_4" : 0, "node_id" : 2},

	"2:591" : {"timestamp" : 1346182938, "air_time" : 0,
 		"sequence" : 591, "fails" : 2,
 		"retries" : 0, "sample_1" : 5.20,
 		"sample_2" : 1.22, "sample_3" : -4.37,
 		"sample_4" : 0, "node_id" : 2},

	"2:592" : {"timestamp" : 1346182939, "air_time" : 4,
 		"sequence" : 592, "fails" : 2,
 		"retries" : 1, "sample_1" : 3.62,
 		"sample_2" : 2.64, "sample_3" : -5.48,
 		"sample_4" : 0, "node_id" : 2},

	"2:593" : {"timestamp" : 1346182940, "air_time" : 9,
 		"sequence" : 593, "fails" : 0,
 		"retries" : 1, "sample_1" : 2.64,
 		"sample_2" : 5.60, "sample_3" : -7.48,
 		"sample_4" : 0, "node_id" : 2},

	"2:594" : {"timestamp" : 1346182941, "air_time" : 5,
 		"sequence" : 594, "fails" : 1,
 		"retries" : 0, "sample_1" : 0.80,
 		"sample_2" : 5.64, "sample_3" : -8.53,
 		"sample_4" : 0, "node_id" : 2},

	"2:595" : {"timestamp" : 1346182942, "air_time" : 9,
 		"sequence" : 595, "fails" : 2,
 		"retries" : 0, "sample_1" : -0.64,
 		"sample_2" : 8.01, "sample_3" : -8.70,
 		"sample_4" : 0, "node_id" : 2},

	"2:596" : {"timestamp" : 1346182943, "air_time" : 1,
 		"sequence" : 596, "fails" : 2,
 		"retries" : 1, "sample_1" : -2.22,
 		"sample_2" : 9.08, "sample_3" : -9.47,
 		"sample_4" : 0, "node_id" : 2},

	"2:597" : {"timestamp" : 1346182944, "air_time" : 2,
 		"sequence" : 597, "fails" : 0,
 		"retries" : 2, "sample_1" : -4.70,
 		"sample_2" : 9.41, "sample_3" : -9.95,
 		"sample_4" : 0, "node_id" : 2},

	"2:598" : {"timestamp" : 1346182945, "air_time" : 5,
 		"sequence" : 598, "fails" : 1,
 		"retries" : 2, "sample_1" : -5.73,
 		"sample_2" : 11.06, "sample_3" : -8.42,
 		"sample_4" : 0, "node_id" : 2},

	"2:599" : {"timestamp" : 1346182946, "air_time" : 1,
 		"sequence" : 599, "fails" : 2,
 		"retries" : 0, "sample_1" : -6.16,
 		"sample_2" : 10.72, "sample_3" : -8.39,
 		"sample_4" : 0, "node_id" : 2},

	"2:600" : {"timestamp" : 1346182947, "air_time" : 3,
 		"sequence" : 600, "fails" : 0,
 		"retries" : 1, "sample_1" : -7.76,
 		"sample_2" : 10.39, "sample_3" : -6.30,
 		"sample_4" : 0, "node_id" : 2},

	"3:1" : {"timestamp" : 1346182348, "air_time" : 4,
 		"sequence" : 1, "fails" : 2,
 		"retries" : 1, "sample_1" : 3.04,
 		"sample_2" : -5.31, "sample_3" : 10.10,
 		"sample_4" : 0, "node_id" : 3},

	"3:2" : {"timestamp" : 1346182349, "air_time" : 0,
 		"sequence" : 2, "fails" : 3,
 		"retries" : 2, "sample_1" : 3.92,
 		"sample_2" : -7.28, "sample_3" : 10.77,
 		"sample_4" : 0, "node_id" : 3},

	"3:3" : {"timestamp" : 1346182350, "air_time" : 3,
 		"sequence" : 3, "fails" : 2,
 		"retries" : 2, "sample_1" : 5.40,
 		"sample_2" : -8.71, "sample_3" : 10.25,
 		"sample_4" : 0, "node_id" : 3},

	"3:4" : {"timestamp" : 1346182351, "air_time" : 8,
 		"sequence" : 4, "fails" : 2,
 		"retries" : 1, "sample_1" : 7.53,
 		"sample_2" : -7.66, "sample_3" : 9.92,
 		"sample_4" : 0, "node_id" : 3},

	"3:5" : {"timestamp" : 1346182352, "air_time" : 5,
 		"sequence" : 5, "fails" : 0,
 		"retries" : 0, "sample_1" : 8.66,
 		"sample_2" : -8.42, "sample_3" : 9.59,
 		"sample_4" : 0, "node_id" : 3},

	"3:6" : {"timestamp" : 1346182353, "air_time" : 9,
 		"sequence" : 6, "fails" : 3,
 		"retries" : 2, "sample_1" : 9.86,
 		"sample_2" : -9.89, "sample_3" : 9.40,
 		"sample_4" : 0, "node_id" : 3},

	"3:7" : {"timestamp" : 1346182354, "air_time" : 4,
 		"sequence" : 7, "fails" : 3,
 		"retries" : 0, "sample_1" : 10.40,
 		"sample_2" : -8.45, "sample_3" : 7.66,
 		"sample_4" : 0, "node_id" : 3},

	"3:8" : {"timestamp" : 1346182355, "air_time" : 8,
 		"sequence" : 8, "fails" : 3,
 		"retries" : 0, "sample_1" : 10.95,
 		"sample_2" : -8.61, "sample_3" : 5.90,
 		"sample_4" : 0, "node_id" : 3},

	"3:9" : {"timestamp" : 1346182356, "air_time" : 2,
 		"sequence" : 9, "fails" : 0,
 		"retries" : 2, "sample_1" : 11.50,
 		"sample_2" : -8.29, "sample_3" : 4.18,
 		"sample_4" : 0, "node_id" : 3},

	"3:10" : {"timestamp" : 1346182357, "air_time" : 2,
 		"sequence" : 10, "fails" : 1,
 		"retries" : 1, "sample_1" : 10.95,
 		"sample_2" : -6.02, "sample_3" : 3.33,
 		"sample_4" : 0, "node_id" : 3},

	"3:11" : {"timestamp" : 1346182358, "air_time" : 0,
 		"sequence" : 11, "fails" : 0,
 		"retries" : 1, "sample_1" : 9.90,
 		"sample_2" : -5.02, "sample_3" : 2.11,
 		"sample_4" : 0, "node_id" : 3},

	"3:12" : {"timestamp" : 1346182359, "air_time" : 7,
 		"sequence" : 12, "fails" : 2,
 		"retries" : 0, "sample_1" : 9.16,
 		"sample_2" : -3.85, "sample_3" : -0.53,
 		"sample_4" : 0, "node_id" : 3},

	"3:13" : {"timestamp" : 1346182360, "air_time" : 6,
 		"sequence" : 13, "fails" : 1,
 		"retries" : 0, "sample_1" : 8.26,
 		"sample_2" : -2.53, "sample_3" : -1.14,
 		"sample_4" : 0, "node_id" : 3},

	"3:14" : {"timestamp" : 1346182361, "air_time" : 8,
 		"sequence" : 14, "fails" : 2,
 		"retries" : 0, "sample_1" : 6.63,
 		"sample_2" : -0.83, "sample_3" : -3.87,
 		"sample_4" : 0, "node_id" : 3},

	"3:15" : {"timestamp" : 1346182362, "air_time" : 7,
 		"sequence" : 15, "fails" : 1,
 		"retries" : 1, "sample_1" : 5.80,
 		"sample_2" : 1.52, "sample_3" : -4.17,
 		"sample_4" : 0, "node_id" : 3},

	"3:16" : {"timestamp" : 1346182363, "air_time" : 2,
 		"sequence" : 16, "fails" : 1,
 		"retries" : 0, "sample_1" : 4.82,
 		"sample_2" : 2.74, "sample_3" : -7.08,
 		"sample_4" : 0, "node_id" : 3},

	"3:17" : {"timestamp" : 1346182364, "air_time" : 6,
 		"sequence" : 17, "fails" : 3,
 		"retries" : 0, "sample_1" : 3.04,
 		"sample_2" : 4.90, "sample_3" : -7.88,
 		"sample_4" : 0, "node_id" : 3},

	"3:18" : {"timestamp" : 1346182365, "air_time" : 2,
 		"sequence" : 18, "fails" : 2,
 		"retries" : 2, "sample_1" : 0.30,
 		"sample_2" : 6.04, "sample_3" : -7.53,
 		"sample_4" : 0, "node_id" : 3},

	"3:19" : {"timestamp" : 1346182366, "air_time" : 2,
 		"sequence" : 19, "fails" : 1,
 		"retries" : 2, "sample_1" : -1.74,
 		"sample_2" : 7.01, "sample_3" : -8.80,
 		"sample_4" : 0, "node_id" : 3},

	"3:20" : {"timestamp" : 1346182367, "air_time" : 9,
 		"sequence" : 20, "fails" : 2,
 		"retries" : 0, "sample_1" : -1.62,
 		"sample_2" : 9.08, "sample_3" : -8.47,
 		"sample_4" : 0, "node_id" : 3},

	"3:21" : {"timestamp" : 1346182368, "air_time" : 5,
 		"sequence" : 21, "fails" : 1,
 		"retries" : 2, "sample_1" : -5.00,
 		"sample_2" : 10.31, "sample_3" : -9.55,
 		"sample_4" : 0, "node_id" : 3},

	"3:22" : {"timestamp" : 1346182369, "air_time" : 2,
 		"sequence" : 22, "fails" : 1,
 		"retries" : 0, "sample_1" : -5.23,
 		"sample_2" : 10.06, "sample_3" : -8.02,
 		"sample_4" : 0, "node_id" : 3},

	"3:23" : {"timestamp" : 1346182370, "air_time" : 3,
 		"sequence" : 23, "fails" : 1,
 		"retries" : 0, "sample_1" : -6.36,
 		"sample_2" : 11.02, "sample_3" : -7.39,
 		"sample_4" : 0, "node_id" : 3},

	"3:24" : {"timestamp" : 1346182371, "air_time" : 4,
 		"sequence" : 24, "fails" : 1,
 		"retries" : 0, "sample_1" : -8.56,
 		"sample_2" : 10.39, "sample_3" : -8.10,
 		"sample_4" : 0, "node_id" : 3},

	"3:25" : {"timestamp" : 1346182372, "air_time" : 4,
 		"sequence" : 25, "fails" : 3,
 		"retries" : 1, "sample_1" : -9.40,
 		"sample_2" : 10.35, "sample_3" : -5.76,
 		"sample_4" : 0, "node_id" : 3},

	"3:26" : {"timestamp" : 1346182373, "air_time" : 5,
 		"sequence" : 26, "fails" : 3,
 		"retries" : 0, "sample_1" : -9.75,
 		"sample_2" : 11.01, "sample_3" : -4.10,
 		"sample_4" : 0, "node_id" : 3},

	"3:27" : {"timestamp" : 1346182374, "air_time" : 7,
 		"sequence" : 27, "fails" : 1,
 		"retries" : 2, "sample_1" : -8.80,
 		"sample_2" : 9.99, "sample_3" : -2.48,
 		"sample_4" : 0, "node_id" : 3},

	"3:28" : {"timestamp" : 1346182375, "air_time" : 8,
 		"sequence" : 28, "fails" : 1,
 		"retries" : 0, "sample_1" : -9.75,
 		"sample_2" : 8.32, "sample_3" : -2.23,
 		"sample_4" : 0, "node_id" : 3},

	"3:29" : {"timestamp" : 1346182376, "air_time" : 1,
 		"sequence" : 29, "fails" : 2,
 		"retries" : 0, "sample_1" : -8.40,
 		"sample_2" : 6.22, "sample_3" : -0.71,
 		"sample_4" : 0, "node_id" : 3},

	"3:30" : {"timestamp" : 1346182377, "air_time" : 8,
 		"sequence" : 30, "fails" : 3,
 		"retries" : 2, "sample_1" : -7.06,
 		"sample_2" : 4.55, "sample_3" : 1.13,
 		"sample_4" : 0, "node_id" : 3},

	"3:31" : {"timestamp" : 1346182378, "air_time" : 8,
 		"sequence" : 31, "fails" : 0,
 		"retries" : 0, "sample_1" : -6.96,
 		"sample_2" : 3.03, "sample_3" : 3.04,
 		"sample_4" : 0, "node_id" : 3},

	"3:32" : {"timestamp" : 1346182379, "air_time" : 0,
 		"sequence" : 32, "fails" : 3,
 		"retries" : 1, "sample_1" : -5.83,
 		"sample_2" : 2.63, "sample_3" : 5.37,
 		"sample_4" : 0, "node_id" : 3},

	"3:33" : {"timestamp" : 1346182380, "air_time" : 2,
 		"sequence" : 33, "fails" : 1,
 		"retries" : 2, "sample_1" : -3.60,
 		"sample_2" : 1.08, "sample_3" : 7.77,
 		"sample_4" : 0, "node_id" : 3},

	"3:34" : {"timestamp" : 1346182381, "air_time" : 6,
 		"sequence" : 34, "fails" : 3,
 		"retries" : 1, "sample_1" : -2.22,
 		"sample_2" : -1.04, "sample_3" : 8.88,
 		"sample_4" : 0, "node_id" : 3},

	"3:35" : {"timestamp" : 1346182382, "air_time" : 2,
 		"sequence" : 35, "fails" : 2,
 		"retries" : 2, "sample_1" : -1.24,
 		"sample_2" : -3.70, "sample_3" : 9.08,
 		"sample_4" : 0, "node_id" : 3},

	"3:36" : {"timestamp" : 1346182383, "air_time" : 0,
 		"sequence" : 36, "fails" : 2,
 		"retries" : 2, "sample_1" : 1.50,
 		"sample_2" : -4.64, "sample_3" : 9.63,
 		"sample_4" : 0, "node_id" : 3},

	"3:37" : {"timestamp" : 1346182384, "air_time" : 7,
 		"sequence" : 37, "fails" : 2,
 		"retries" : 2, "sample_1" : 1.94,
 		"sample_2" : -5.71, "sample_3" : 10.60,
 		"sample_4" : 0, "node_id" : 3},

	"3:38" : {"timestamp" : 1346182385, "air_time" : 5,
 		"sequence" : 38, "fails" : 3,
 		"retries" : 1, "sample_1" : 3.52,
 		"sample_2" : -7.88, "sample_3" : 10.97,
 		"sample_4" : 0, "node_id" : 3},

	"3:39" : {"timestamp" : 1346182386, "air_time" : 8,
 		"sequence" : 39, "fails" : 2,
 		"retries" : 1, "sample_1" : 6.70,
 		"sample_2" : -7.51, "sample_3" : 11.05,
 		"sample_4" : 0, "node_id" : 3},

	"3:40" : {"timestamp" : 1346182387, "air_time" : 2,
 		"sequence" : 40, "fails" : 3,
 		"retries" : 2, "sample_1" : 7.93,
 		"sample_2" : -8.66, "sample_3" : 9.82,
 		"sample_4" : 0, "node_id" : 3},

	"3:41" : {"timestamp" : 1346182388, "air_time" : 7,
 		"sequence" : 41, "fails" : 1,
 		"retries" : 2, "sample_1" : 9.16,
 		"sample_2" : -8.52, "sample_3" : 9.99,
 		"sample_4" : 0, "node_id" : 3},

	"3:42" : {"timestamp" : 1346182389, "air_time" : 9,
 		"sequence" : 42, "fails" : 1,
 		"retries" : 0, "sample_1" : 9.56,
 		"sample_2" : -8.89, "sample_3" : 9.80,
 		"sample_4" : 0, "node_id" : 3},

	"3:43" : {"timestamp" : 1346182390, "air_time" : 7,
 		"sequence" : 43, "fails" : 3,
 		"retries" : 2, "sample_1" : 10.20,
 		"sample_2" : -9.75, "sample_3" : 8.26,
 		"sample_4" : 0, "node_id" : 3},

	"3:44" : {"timestamp" : 1346182391, "air_time" : 6,
 		"sequence" : 44, "fails" : 3,
 		"retries" : 1, "sample_1" : 10.25,
 		"sample_2" : -8.21, "sample_3" : 6.10,
 		"sample_4" : 0, "node_id" : 3},

	"3:45" : {"timestamp" : 1346182392, "air_time" : 2,
 		"sequence" : 45, "fails" : 2,
 		"retries" : 1, "sample_1" : 11.00,
 		"sample_2" : -8.19, "sample_3" : 4.48,
 		"sample_4" : 0, "node_id" : 3},

	"3:46" : {"timestamp" : 1346182393, "air_time" : 8,
 		"sequence" : 46, "fails" : 3,
 		"retries" : 0, "sample_1" : 11.15,
 		"sample_2" : -6.62, "sample_3" : 3.83,
 		"sample_4" : 0, "node_id" : 3},

	"3:47" : {"timestamp" : 1346182394, "air_time" : 8,
 		"sequence" : 47, "fails" : 3,
 		"retries" : 0, "sample_1" : 10.40,
 		"sample_2" : -4.52, "sample_3" : 2.31,
 		"sample_4" : 0, "node_id" : 3},

	"3:48" : {"timestamp" : 1346182395, "air_time" : 3,
 		"sequence" : 48, "fails" : 1,
 		"retries" : 2, "sample_1" : 8.76,
 		"sample_2" : -2.95, "sample_3" : 0.47,
 		"sample_4" : 0, "node_id" : 3},

	"3:49" : {"timestamp" : 1346182396, "air_time" : 8,
 		"sequence" : 49, "fails" : 3,
 		"retries" : 1, "sample_1" : 9.56,
 		"sample_2" : -1.23, "sample_3" : -2.44,
 		"sample_4" : 0, "node_id" : 3},

	"3:50" : {"timestamp" : 1346182397, "air_time" : 3,
 		"sequence" : 50, "fails" : 1,
 		"retries" : 0, "sample_1" : 6.73,
 		"sample_2" : 0.07, "sample_3" : -4.37,
 		"sample_4" : 0, "node_id" : 3},

	"3:51" : {"timestamp" : 1346182398, "air_time" : 3,
 		"sequence" : 51, "fails" : 2,
 		"retries" : 2, "sample_1" : 6.20,
 		"sample_2" : 1.42, "sample_3" : -5.37,
 		"sample_4" : 0, "node_id" : 3},

	"3:52" : {"timestamp" : 1346182399, "air_time" : 2,
 		"sequence" : 52, "fails" : 1,
 		"retries" : 1, "sample_1" : 3.72,
 		"sample_2" : 2.44, "sample_3" : -6.28,
 		"sample_4" : 0, "node_id" : 3},

	"3:53" : {"timestamp" : 1346182400, "air_time" : 0,
 		"sequence" : 53, "fails" : 0,
 		"retries" : 1, "sample_1" : 3.64,
 		"sample_2" : 4.90, "sample_3" : -6.68,
 		"sample_4" : 0, "node_id" : 3},

	"3:54" : {"timestamp" : 1346182401, "air_time" : 9,
 		"sequence" : 54, "fails" : 1,
 		"retries" : 1, "sample_1" : 0.00,
 		"sample_2" : 6.14, "sample_3" : -8.73,
 		"sample_4" : 0, "node_id" : 3},

	"3:55" : {"timestamp" : 1346182402, "air_time" : 5,
 		"sequence" : 55, "fails" : 1,
 		"retries" : 0, "sample_1" : -0.24,
 		"sample_2" : 6.91, "sample_3" : -9.70,
 		"sample_4" : 0, "node_id" : 3},

	"3:56" : {"timestamp" : 1346182403, "air_time" : 3,
 		"sequence" : 56, "fails" : 3,
 		"retries" : 0, "sample_1" : -2.52,
 		"sample_2" : 7.98, "sample_3" : -9.67,
 		"sample_4" : 0, "node_id" : 3},

	"3:57" : {"timestamp" : 1346182404, "air_time" : 3,
 		"sequence" : 57, "fails" : 2,
 		"retries" : 0, "sample_1" : -4.40,
 		"sample_2" : 10.51, "sample_3" : -9.25,
 		"sample_4" : 0, "node_id" : 3},

	"3:58" : {"timestamp" : 1346182405, "air_time" : 8,
 		"sequence" : 58, "fails" : 3,
 		"retries" : 1, "sample_1" : -4.83,
 		"sample_2" : 10.86, "sample_3" : -7.72,
 		"sample_4" : 0, "node_id" : 3},

	"3:59" : {"timestamp" : 1346182406, "air_time" : 3,
 		"sequence" : 59, "fails" : 0,
 		"retries" : 1, "sample_1" : -6.56,
 		"sample_2" : 11.42, "sample_3" : -7.89,
 		"sample_4" : 0, "node_id" : 3},

	"3:60" : {"timestamp" : 1346182407, "air_time" : 6,
 		"sequence" : 60, "fails" : 3,
 		"retries" : 0, "sample_1" : -8.16,
 		"sample_2" : 11.39, "sample_3" : -6.80,
 		"sample_4" : 0, "node_id" : 3},

	"3:61" : {"timestamp" : 1346182408, "air_time" : 9,
 		"sequence" : 61, "fails" : 1,
 		"retries" : 0, "sample_1" : -9.30,
 		"sample_2" : 10.45, "sample_3" : -6.56,
 		"sample_4" : 0, "node_id" : 3},

	"3:62" : {"timestamp" : 1346182409, "air_time" : 6,
 		"sequence" : 62, "fails" : 0,
 		"retries" : 0, "sample_1" : -9.25,
 		"sample_2" : 10.41, "sample_3" : -4.20,
 		"sample_4" : 0, "node_id" : 3},

	"3:63" : {"timestamp" : 1346182410, "air_time" : 2,
 		"sequence" : 63, "fails" : 3,
 		"retries" : 0, "sample_1" : -8.40,
 		"sample_2" : 9.49, "sample_3" : -3.78,
 		"sample_4" : 0, "node_id" : 3},

	"3:64" : {"timestamp" : 1346182411, "air_time" : 7,
 		"sequence" : 64, "fails" : 0,
 		"retries" : 0, "sample_1" : -9.15,
 		"sample_2" : 7.52, "sample_3" : -1.53,
 		"sample_4" : 0, "node_id" : 3},

	"3:65" : {"timestamp" : 1346182412, "air_time" : 1,
 		"sequence" : 65, "fails" : 0,
 		"retries" : 1, "sample_1" : -8.20,
 		"sample_2" : 6.72, "sample_3" : 0.79,
 		"sample_4" : 0, "node_id" : 3},

	"3:66" : {"timestamp" : 1346182413, "air_time" : 7,
 		"sequence" : 66, "fails" : 2,
 		"retries" : 0, "sample_1" : -8.46,
 		"sample_2" : 6.25, "sample_3" : 2.93,
 		"sample_4" : 0, "node_id" : 3},

	"3:67" : {"timestamp" : 1346182414, "air_time" : 2,
 		"sequence" : 67, "fails" : 0,
 		"retries" : 2, "sample_1" : -5.96,
 		"sample_2" : 3.83, "sample_3" : 4.64,
 		"sample_4" : 0, "node_id" : 3},

	"3:68" : {"timestamp" : 1346182415, "air_time" : 4,
 		"sequence" : 68, "fails" : 1,
 		"retries" : 0, "sample_1" : -4.73,
 		"sample_2" : 2.43, "sample_3" : 4.37,
 		"sample_4" : 0, "node_id" : 3},

	"3:69" : {"timestamp" : 1346182416, "air_time" : 7,
 		"sequence" : 69, "fails" : 3,
 		"retries" : 2, "sample_1" : -3.60,
 		"sample_2" : 0.88, "sample_3" : 5.97,
 		"sample_4" : 0, "node_id" : 3},

	"3:70" : {"timestamp" : 1346182417, "air_time" : 5,
 		"sequence" : 70, "fails" : 1,
 		"retries" : 1, "sample_1" : -3.02,
 		"sample_2" : -0.84, "sample_3" : 7.58,
 		"sample_4" : 0, "node_id" : 3},

	"3:71" : {"timestamp" : 1346182418, "air_time" : 5,
 		"sequence" : 71, "fails" : 3,
 		"retries" : 0, "sample_1" : 0.16,
 		"sample_2" : -3.90, "sample_3" : 9.98,
 		"sample_4" : 0, "node_id" : 3},

	"3:72" : {"timestamp" : 1346182419, "air_time" : 3,
 		"sequence" : 72, "fails" : 2,
 		"retries" : 2, "sample_1" : 1.40,
 		"sample_2" : -4.04, "sample_3" : 9.23,
 		"sample_4" : 0, "node_id" : 3},

	"3:73" : {"timestamp" : 1346182420, "air_time" : 0,
 		"sequence" : 73, "fails" : 1,
 		"retries" : 1, "sample_1" : 3.24,
 		"sample_2" : -5.71, "sample_3" : 10.10,
 		"sample_4" : 0, "node_id" : 3},

	"3:74" : {"timestamp" : 1346182421, "air_time" : 6,
 		"sequence" : 74, "fails" : 2,
 		"retries" : 2, "sample_1" : 5.32,
 		"sample_2" : -7.58, "sample_3" : 11.47,
 		"sample_4" : 0, "node_id" : 3},

	"3:75" : {"timestamp" : 1346182422, "air_time" : 2,
 		"sequence" : 75, "fails" : 0,
 		"retries" : 0, "sample_1" : 6.40,
 		"sample_2" : -8.11, "sample_3" : 10.55,
 		"sample_4" : 0, "node_id" : 3},

	"3:76" : {"timestamp" : 1346182423, "air_time" : 8,
 		"sequence" : 76, "fails" : 3,
 		"retries" : 1, "sample_1" : 8.03,
 		"sample_2" : -9.16, "sample_3" : 10.52,
 		"sample_4" : 0, "node_id" : 3},

	"3:77" : {"timestamp" : 1346182424, "air_time" : 2,
 		"sequence" : 77, "fails" : 0,
 		"retries" : 1, "sample_1" : 8.96,
 		"sample_2" : -8.42, "sample_3" : 9.99,
 		"sample_4" : 0, "node_id" : 3},

	"3:78" : {"timestamp" : 1346182425, "air_time" : 1,
 		"sequence" : 78, "fails" : 3,
 		"retries" : 2, "sample_1" : 9.96,
 		"sample_2" : -9.89, "sample_3" : 9.60,
 		"sample_4" : 0, "node_id" : 3},

	"3:79" : {"timestamp" : 1346182426, "air_time" : 7,
 		"sequence" : 79, "fails" : 2,
 		"retries" : 0, "sample_1" : 10.40,
 		"sample_2" : -9.05, "sample_3" : 8.66,
 		"sample_4" : 0, "node_id" : 3},

	"3:80" : {"timestamp" : 1346182427, "air_time" : 7,
 		"sequence" : 80, "fails" : 1,
 		"retries" : 0, "sample_1" : 9.95,
 		"sample_2" : -8.01, "sample_3" : 7.00,
 		"sample_4" : 0, "node_id" : 3},

	"3:81" : {"timestamp" : 1346182428, "air_time" : 3,
 		"sequence" : 81, "fails" : 1,
 		"retries" : 0, "sample_1" : 11.20,
 		"sample_2" : -7.69, "sample_3" : 5.88,
 		"sample_4" : 0, "node_id" : 3},

	"3:82" : {"timestamp" : 1346182429, "air_time" : 5,
 		"sequence" : 82, "fails" : 1,
 		"retries" : 1, "sample_1" : 11.75,
 		"sample_2" : -6.62, "sample_3" : 3.03,
 		"sample_4" : 0, "node_id" : 3},

	"3:83" : {"timestamp" : 1346182430, "air_time" : 6,
 		"sequence" : 83, "fails" : 2,
 		"retries" : 1, "sample_1" : 11.00,
 		"sample_2" : -4.72, "sample_3" : 2.41,
 		"sample_4" : 0, "node_id" : 3},

	"3:84" : {"timestamp" : 1346182431, "air_time" : 1,
 		"sequence" : 84, "fails" : 1,
 		"retries" : 2, "sample_1" : 10.56,
 		"sample_2" : -4.05, "sample_3" : -0.43,
 		"sample_4" : 0, "node_id" : 3},

	"3:85" : {"timestamp" : 1346182432, "air_time" : 0,
 		"sequence" : 85, "fails" : 0,
 		"retries" : 1, "sample_1" : 8.96,
 		"sample_2" : -2.63, "sample_3" : -1.14,
 		"sample_4" : 0, "node_id" : 3},

	"3:86" : {"timestamp" : 1346182433, "air_time" : 3,
 		"sequence" : 86, "fails" : 2,
 		"retries" : 1, "sample_1" : 8.13,
 		"sample_2" : 0.67, "sample_3" : -3.47,
 		"sample_4" : 0, "node_id" : 3},

	"3:87" : {"timestamp" : 1346182434, "air_time" : 8,
 		"sequence" : 87, "fails" : 0,
 		"retries" : 0, "sample_1" : 5.60,
 		"sample_2" : 2.32, "sample_3" : -4.47,
 		"sample_4" : 0, "node_id" : 3},

	"3:88" : {"timestamp" : 1346182435, "air_time" : 4,
 		"sequence" : 88, "fails" : 3,
 		"retries" : 1, "sample_1" : 3.62,
 		"sample_2" : 4.14, "sample_3" : -6.98,
 		"sample_4" : 0, "node_id" : 3},

	"3:89" : {"timestamp" : 1346182436, "air_time" : 9,
 		"sequence" : 89, "fails" : 2,
 		"retries" : 2, "sample_1" : 2.74,
 		"sample_2" : 4.60, "sample_3" : -6.48,
 		"sample_4" : 0, "node_id" : 3},

	"3:90" : {"timestamp" : 1346182437, "air_time" : 1,
 		"sequence" : 90, "fails" : 0,
 		"retries" : 0, "sample_1" : 1.40,
 		"sample_2" : 5.94, "sample_3" : -9.13,
 		"sample_4" : 0, "node_id" : 3},

	"3:91" : {"timestamp" : 1346182438, "air_time" : 1,
 		"sequence" : 91, "fails" : 2,
 		"retries" : 1, "sample_1" : -1.24,
 		"sample_2" : 8.61, "sample_3" : -9.30,
 		"sample_4" : 0, "node_id" : 3},

	"3:92" : {"timestamp" : 1346182439, "air_time" : 3,
 		"sequence" : 92, "fails" : 3,
 		"retries" : 1, "sample_1" : -2.12,
 		"sample_2" : 9.58, "sample_3" : -8.77,
 		"sample_4" : 0, "node_id" : 3},

	"3:93" : {"timestamp" : 1346182440, "air_time" : 8,
 		"sequence" : 93, "fails" : 2,
 		"retries" : 0, "sample_1" : -5.00,
 		"sample_2" : 10.21, "sample_3" : -9.65,
 		"sample_4" : 0, "node_id" : 3},

	"3:94" : {"timestamp" : 1346182441, "air_time" : 4,
 		"sequence" : 94, "fails" : 3,
 		"retries" : 0, "sample_1" : -5.03,
 		"sample_2" : 11.46, "sample_3" : -8.82,
 		"sample_4" : 0, "node_id" : 3},

	"3:95" : {"timestamp" : 1346182442, "air_time" : 4,
 		"sequence" : 95, "fails" : 1,
 		"retries" : 2, "sample_1" : -7.36,
 		"sample_2" : 11.02, "sample_3" : -8.09,
 		"sample_4" : 0, "node_id" : 3},

	"3:96" : {"timestamp" : 1346182443, "air_time" : 3,
 		"sequence" : 96, "fails" : 0,
 		"retries" : 2, "sample_1" : -7.46,
 		"sample_2" : 11.39, "sample_3" : -6.80,
 		"sample_4" : 0, "node_id" : 3},

	"3:97" : {"timestamp" : 1346182444, "air_time" : 8,
 		"sequence" : 97, "fails" : 0,
 		"retries" : 1, "sample_1" : -7.80,
 		"sample_2" : 10.65, "sample_3" : -5.46,
 		"sample_4" : 0, "node_id" : 3},

	"3:98" : {"timestamp" : 1346182445, "air_time" : 3,
 		"sequence" : 98, "fails" : 3,
 		"retries" : 0, "sample_1" : -8.25,
 		"sample_2" : 10.91, "sample_3" : -3.90,
 		"sample_4" : 0, "node_id" : 3},

	"3:99" : {"timestamp" : 1346182446, "air_time" : 0,
 		"sequence" : 99, "fails" : 3,
 		"retries" : 1, "sample_1" : -9.00,
 		"sample_2" : 8.69, "sample_3" : -3.38,
 		"sample_4" : 0, "node_id" : 3},

	"3:100" : {"timestamp" : 1346182447, "air_time" : 9,
 		"sequence" : 100, "fails" : 1,
 		"retries" : 0, "sample_1" : -8.15,
 		"sample_2" : 7.42, "sample_3" : -1.73,
 		"sample_4" : 0, "node_id" : 3},

	"3:101" : {"timestamp" : 1346182448, "air_time" : 0,
 		"sequence" : 101, "fails" : 0,
 		"retries" : 0, "sample_1" : -8.20,
 		"sample_2" : 6.22, "sample_3" : 0.19,
 		"sample_4" : 0, "node_id" : 3},

	"3:102" : {"timestamp" : 1346182449, "air_time" : 9,
 		"sequence" : 102, "fails" : 2,
 		"retries" : 1, "sample_1" : -8.46,
 		"sample_2" : 6.25, "sample_3" : 2.73,
 		"sample_4" : 0, "node_id" : 3},

	"3:103" : {"timestamp" : 1346182450, "air_time" : 6,
 		"sequence" : 103, "fails" : 3,
 		"retries" : 0, "sample_1" : -6.86,
 		"sample_2" : 4.83, "sample_3" : 3.84,
 		"sample_4" : 0, "node_id" : 3},

	"3:104" : {"timestamp" : 1346182451, "air_time" : 5,
 		"sequence" : 104, "fails" : 0,
 		"retries" : 0, "sample_1" : -5.33,
 		"sample_2" : 2.63, "sample_3" : 6.27,
 		"sample_4" : 0, "node_id" : 3},

	"3:105" : {"timestamp" : 1346182452, "air_time" : 3,
 		"sequence" : 105, "fails" : 1,
 		"retries" : 1, "sample_1" : -3.20,
 		"sample_2" : 0.08, "sample_3" : 6.27,
 		"sample_4" : 0, "node_id" : 3},

	"3:106" : {"timestamp" : 1346182453, "air_time" : 8,
 		"sequence" : 106, "fails" : 3,
 		"retries" : 0, "sample_1" : -2.12,
 		"sample_2" : -1.84, "sample_3" : 7.18,
 		"sample_4" : 0, "node_id" : 3},

	"3:107" : {"timestamp" : 1346182454, "air_time" : 9,
 		"sequence" : 107, "fails" : 2,
 		"retries" : 1, "sample_1" : -0.64,
 		"sample_2" : -3.60, "sample_3" : 8.68,
 		"sample_4" : 0, "node_id" : 3},

	"3:108" : {"timestamp" : 1346182455, "air_time" : 3,
 		"sequence" : 108, "fails" : 2,
 		"retries" : 2, "sample_1" : 1.80,
 		"sample_2" : -4.74, "sample_3" : 9.33,
 		"sample_4" : 0, "node_id" : 3},

	"3:109" : {"timestamp" : 1346182456, "air_time" : 6,
 		"sequence" : 109, "fails" : 2,
 		"retries" : 1, "sample_1" : 2.54,
 		"sample_2" : -6.11, "sample_3" : 10.90,
 		"sample_4" : 0, "node_id" : 3},

	"3:110" : {"timestamp" : 1346182457, "air_time" : 6,
 		"sequence" : 110, "fails" : 3,
 		"retries" : 0, "sample_1" : 5.02,
 		"sample_2" : -7.58, "sample_3" : 11.37,
 		"sample_4" : 0, "node_id" : 3},

	"3:111" : {"timestamp" : 1346182458, "air_time" : 1,
 		"sequence" : 111, "fails" : 3,
 		"retries" : 0, "sample_1" : 6.50,
 		"sample_2" : -8.81, "sample_3" : 11.15,
 		"sample_4" : 0, "node_id" : 3},

	"3:112" : {"timestamp" : 1346182459, "air_time" : 4,
 		"sequence" : 112, "fails" : 0,
 		"retries" : 0, "sample_1" : 6.63,
 		"sample_2" : -9.36, "sample_3" : 11.12,
 		"sample_4" : 0, "node_id" : 3},

	"3:113" : {"timestamp" : 1346182460, "air_time" : 3,
 		"sequence" : 113, "fails" : 1,
 		"retries" : 1, "sample_1" : 8.46,
 		"sample_2" : -8.02, "sample_3" : 9.99,
 		"sample_4" : 0, "node_id" : 3},

	"3:114" : {"timestamp" : 1346182461, "air_time" : 8,
 		"sequence" : 114, "fails" : 0,
 		"retries" : 2, "sample_1" : 10.56,
 		"sample_2" : -8.29, "sample_3" : 9.70,
 		"sample_4" : 0, "node_id" : 3},

	"3:115" : {"timestamp" : 1346182462, "air_time" : 4,
 		"sequence" : 115, "fails" : 1,
 		"retries" : 1, "sample_1" : 10.00,
 		"sample_2" : -8.05, "sample_3" : 8.46,
 		"sample_4" : 0, "node_id" : 3},

	"3:116" : {"timestamp" : 1346182463, "air_time" : 1,
 		"sequence" : 116, "fails" : 3,
 		"retries" : 0, "sample_1" : 11.05,
 		"sample_2" : -8.81, "sample_3" : 5.70,
 		"sample_4" : 0, "node_id" : 3},

	"3:117" : {"timestamp" : 1346182464, "air_time" : 1,
 		"sequence" : 117, "fails" : 2,
 		"retries" : 1, "sample_1" : 10.90,
 		"sample_2" : -7.29, "sample_3" : 4.28,
 		"sample_4" : 0, "node_id" : 3},

	"3:118" : {"timestamp" : 1346182465, "air_time" : 1,
 		"sequence" : 118, "fails" : 3,
 		"retries" : 0, "sample_1" : 10.15,
 		"sample_2" : -6.42, "sample_3" : 2.63,
 		"sample_4" : 0, "node_id" : 3},

	"3:119" : {"timestamp" : 1346182466, "air_time" : 3,
 		"sequence" : 119, "fails" : 3,
 		"retries" : 2, "sample_1" : 11.00,
 		"sample_2" : -5.22, "sample_3" : 2.01,
 		"sample_4" : 0, "node_id" : 3},

	"3:120" : {"timestamp" : 1346182467, "air_time" : 7,
 		"sequence" : 120, "fails" : 3,
 		"retries" : 1, "sample_1" : 9.56,
 		"sample_2" : -3.05, "sample_3" : -0.13,
 		"sample_4" : 0, "node_id" : 3},

	"3:121" : {"timestamp" : 1346182468, "air_time" : 5,
 		"sequence" : 121, "fails" : 3,
 		"retries" : 1, "sample_1" : 8.16,
 		"sample_2" : -2.03, "sample_3" : -1.94,
 		"sample_4" : 0, "node_id" : 3},

	"3:122" : {"timestamp" : 1346182469, "air_time" : 1,
 		"sequence" : 122, "fails" : 0,
 		"retries" : 0, "sample_1" : 6.63,
 		"sample_2" : 0.57, "sample_3" : -3.37,
 		"sample_4" : 0, "node_id" : 3},

	"3:123" : {"timestamp" : 1346182470, "air_time" : 9,
 		"sequence" : 123, "fails" : 3,
 		"retries" : 1, "sample_1" : 5.00,
 		"sample_2" : 1.32, "sample_3" : -3.97,
 		"sample_4" : 0, "node_id" : 3},

	"3:124" : {"timestamp" : 1346182471, "air_time" : 5,
 		"sequence" : 124, "fails" : 1,
 		"retries" : 2, "sample_1" : 5.12,
 		"sample_2" : 3.94, "sample_3" : -6.78,
 		"sample_4" : 0, "node_id" : 3},

	"3:125" : {"timestamp" : 1346182472, "air_time" : 6,
 		"sequence" : 125, "fails" : 0,
 		"retries" : 0, "sample_1" : 1.94,
 		"sample_2" : 4.00, "sample_3" : -7.08,
 		"sample_4" : 0, "node_id" : 3},

	"3:126" : {"timestamp" : 1346182473, "air_time" : 8,
 		"sequence" : 126, "fails" : 1,
 		"retries" : 0, "sample_1" : 1.30,
 		"sample_2" : 6.64, "sample_3" : -7.63,
 		"sample_4" : 0, "node_id" : 3},

	"3:127" : {"timestamp" : 1346182474, "air_time" : 5,
 		"sequence" : 127, "fails" : 0,
 		"retries" : 2, "sample_1" : -1.54,
 		"sample_2" : 8.41, "sample_3" : -8.40,
 		"sample_4" : 0, "node_id" : 3},

	"3:128" : {"timestamp" : 1346182475, "air_time" : 8,
 		"sequence" : 128, "fails" : 3,
 		"retries" : 0, "sample_1" : -3.12,
 		"sample_2" : 8.58, "sample_3" : -8.27,
 		"sample_4" : 0, "node_id" : 3},

	"3:129" : {"timestamp" : 1346182476, "air_time" : 2,
 		"sequence" : 129, "fails" : 2,
 		"retries" : 2, "sample_1" : -4.10,
 		"sample_2" : 9.91, "sample_3" : -9.35,
 		"sample_4" : 0, "node_id" : 3},

	"3:130" : {"timestamp" : 1346182477, "air_time" : 3,
 		"sequence" : 130, "fails" : 3,
 		"retries" : 1, "sample_1" : -5.53,
 		"sample_2" : 10.96, "sample_3" : -8.52,
 		"sample_4" : 0, "node_id" : 3},

	"3:131" : {"timestamp" : 1346182478, "air_time" : 0,
 		"sequence" : 131, "fails" : 1,
 		"retries" : 0, "sample_1" : -6.86,
 		"sample_2" : 11.82, "sample_3" : -7.29,
 		"sample_4" : 0, "node_id" : 3},

	"3:132" : {"timestamp" : 1346182479, "air_time" : 0,
 		"sequence" : 132, "fails" : 1,
 		"retries" : 2, "sample_1" : -6.86,
 		"sample_2" : 10.79, "sample_3" : -6.30,
 		"sample_4" : 0, "node_id" : 3},

	"3:133" : {"timestamp" : 1346182480, "air_time" : 3,
 		"sequence" : 133, "fails" : 1,
 		"retries" : 2, "sample_1" : -9.40,
 		"sample_2" : 10.35, "sample_3" : -5.76,
 		"sample_4" : 0, "node_id" : 3},

	"3:134" : {"timestamp" : 1346182481, "air_time" : 7,
 		"sequence" : 134, "fails" : 0,
 		"retries" : 1, "sample_1" : -9.35,
 		"sample_2" : 10.71, "sample_3" : -4.70,
 		"sample_4" : 0, "node_id" : 3},

	"3:135" : {"timestamp" : 1346182482, "air_time" : 8,
 		"sequence" : 135, "fails" : 0,
 		"retries" : 2, "sample_1" : -9.70,
 		"sample_2" : 10.09, "sample_3" : -3.18,
 		"sample_4" : 0, "node_id" : 3},

	"3:136" : {"timestamp" : 1346182483, "air_time" : 0,
 		"sequence" : 136, "fails" : 0,
 		"retries" : 2, "sample_1" : -8.25,
 		"sample_2" : 7.92, "sample_3" : -1.83,
 		"sample_4" : 0, "node_id" : 3},

	"3:137" : {"timestamp" : 1346182484, "air_time" : 9,
 		"sequence" : 137, "fails" : 3,
 		"retries" : 2, "sample_1" : -8.10,
 		"sample_2" : 7.72, "sample_3" : -0.21,
 		"sample_4" : 0, "node_id" : 3},

	"3:138" : {"timestamp" : 1346182485, "air_time" : 1,
 		"sequence" : 138, "fails" : 3,
 		"retries" : 1, "sample_1" : -8.36,
 		"sample_2" : 5.05, "sample_3" : 2.03,
 		"sample_4" : 0, "node_id" : 3},

	"3:139" : {"timestamp" : 1346182486, "air_time" : 1,
 		"sequence" : 139, "fails" : 3,
 		"retries" : 1, "sample_1" : -6.46,
 		"sample_2" : 4.13, "sample_3" : 4.04,
 		"sample_4" : 0, "node_id" : 3},

	"3:140" : {"timestamp" : 1346182487, "air_time" : 9,
 		"sequence" : 140, "fails" : 2,
 		"retries" : 0, "sample_1" : -6.03,
 		"sample_2" : 2.93, "sample_3" : 5.37,
 		"sample_4" : 0, "node_id" : 3},

	"3:141" : {"timestamp" : 1346182488, "air_time" : 5,
 		"sequence" : 141, "fails" : 2,
 		"retries" : 1, "sample_1" : -4.40,
 		"sample_2" : 0.48, "sample_3" : 6.47,
 		"sample_4" : 0, "node_id" : 3},

	"3:142" : {"timestamp" : 1346182489, "air_time" : 8,
 		"sequence" : 142, "fails" : 0,
 		"retries" : 0, "sample_1" : -1.62,
 		"sample_2" : -0.84, "sample_3" : 8.18,
 		"sample_4" : 0, "node_id" : 3},

	"3:143" : {"timestamp" : 1346182490, "air_time" : 7,
 		"sequence" : 143, "fails" : 1,
 		"retries" : 2, "sample_1" : -1.64,
 		"sample_2" : -3.10, "sample_3" : 8.88,
 		"sample_4" : 0, "node_id" : 3},

	"3:144" : {"timestamp" : 1346182491, "air_time" : 5,
 		"sequence" : 144, "fails" : 2,
 		"retries" : 1, "sample_1" : 0.20,
 		"sample_2" : -3.84, "sample_3" : 9.63,
 		"sample_4" : 0, "node_id" : 3},

	"3:145" : {"timestamp" : 1346182492, "air_time" : 9,
 		"sequence" : 145, "fails" : 2,
 		"retries" : 2, "sample_1" : 2.64,
 		"sample_2" : -5.61, "sample_3" : 10.30,
 		"sample_4" : 0, "node_id" : 3},

	"3:146" : {"timestamp" : 1346182493, "air_time" : 7,
 		"sequence" : 146, "fails" : 0,
 		"retries" : 1, "sample_1" : 4.52,
 		"sample_2" : -7.58, "sample_3" : 11.37,
 		"sample_4" : 0, "node_id" : 3},

	"3:147" : {"timestamp" : 1346182494, "air_time" : 2,
 		"sequence" : 147, "fails" : 3,
 		"retries" : 0, "sample_1" : 6.70,
 		"sample_2" : -7.01, "sample_3" : 10.05,
 		"sample_4" : 0, "node_id" : 3},

	"3:148" : {"timestamp" : 1346182495, "air_time" : 9,
 		"sequence" : 148, "fails" : 3,
 		"retries" : 2, "sample_1" : 7.73,
 		"sample_2" : -9.16, "sample_3" : 10.92,
 		"sample_4" : 0, "node_id" : 3},

	"3:149" : {"timestamp" : 1346182496, "air_time" : 2,
 		"sequence" : 149, "fails" : 2,
 		"retries" : 1, "sample_1" : 9.26,
 		"sample_2" : -8.82, "sample_3" : 10.59,
 		"sample_4" : 0, "node_id" : 3},

	"3:150" : {"timestamp" : 1346182497, "air_time" : 8,
 		"sequence" : 150, "fails" : 2,
 		"retries" : 1, "sample_1" : 8.86,
 		"sample_2" : -8.59, "sample_3" : 9.60,
 		"sample_4" : 0, "node_id" : 3},

	"3:151" : {"timestamp" : 1346182498, "air_time" : 5,
 		"sequence" : 151, "fails" : 3,
 		"retries" : 2, "sample_1" : 10.90,
 		"sample_2" : -9.25, "sample_3" : 8.56,
 		"sample_4" : 0, "node_id" : 3},

	"3:152" : {"timestamp" : 1346182499, "air_time" : 9,
 		"sequence" : 152, "fails" : 2,
 		"retries" : 2, "sample_1" : 10.35,
 		"sample_2" : -8.21, "sample_3" : 6.20,
 		"sample_4" : 0, "node_id" : 3},

	"3:153" : {"timestamp" : 1346182500, "air_time" : 9,
 		"sequence" : 153, "fails" : 0,
 		"retries" : 0, "sample_1" : 11.20,
 		"sample_2" : -6.49, "sample_3" : 4.28,
 		"sample_4" : 0, "node_id" : 3},

	"3:154" : {"timestamp" : 1346182501, "air_time" : 6,
 		"sequence" : 154, "fails" : 2,
 		"retries" : 0, "sample_1" : 9.95,
 		"sample_2" : -6.62, "sample_3" : 3.63,
 		"sample_4" : 0, "node_id" : 3},

	"3:155" : {"timestamp" : 1346182502, "air_time" : 9,
 		"sequence" : 155, "fails" : 1,
 		"retries" : 2, "sample_1" : 11.10,
 		"sample_2" : -4.92, "sample_3" : 1.31,
 		"sample_4" : 0, "node_id" : 3},

	"3:156" : {"timestamp" : 1346182503, "air_time" : 4,
 		"sequence" : 156, "fails" : 1,
 		"retries" : 1, "sample_1" : 9.76,
 		"sample_2" : -3.25, "sample_3" : 0.37,
 		"sample_4" : 0, "node_id" : 3},

	"3:157" : {"timestamp" : 1346182504, "air_time" : 1,
 		"sequence" : 157, "fails" : 2,
 		"retries" : 0, "sample_1" : 9.26,
 		"sample_2" : -1.13, "sample_3" : -2.34,
 		"sample_4" : 0, "node_id" : 3},

	"3:158" : {"timestamp" : 1346182505, "air_time" : 7,
 		"sequence" : 158, "fails" : 0,
 		"retries" : 0, "sample_1" : 7.93,
 		"sample_2" : -0.13, "sample_3" : -3.77,
 		"sample_4" : 0, "node_id" : 3},

	"3:159" : {"timestamp" : 1346182506, "air_time" : 8,
 		"sequence" : 159, "fails" : 1,
 		"retries" : 2, "sample_1" : 6.10,
 		"sample_2" : 1.72, "sample_3" : -5.17,
 		"sample_4" : 0, "node_id" : 3},

	"3:160" : {"timestamp" : 1346182507, "air_time" : 3,
 		"sequence" : 160, "fails" : 2,
 		"retries" : 0, "sample_1" : 4.02,
 		"sample_2" : 3.94, "sample_3" : -6.78,
 		"sample_4" : 0, "node_id" : 3},

	"3:161" : {"timestamp" : 1346182508, "air_time" : 6,
 		"sequence" : 161, "fails" : 0,
 		"retries" : 2, "sample_1" : 2.34,
 		"sample_2" : 4.00, "sample_3" : -6.78,
 		"sample_4" : 0, "node_id" : 3},

	"3:162" : {"timestamp" : 1346182509, "air_time" : 2,
 		"sequence" : 162, "fails" : 1,
 		"retries" : 1, "sample_1" : 0.60,
 		"sample_2" : 6.44, "sample_3" : -7.43,
 		"sample_4" : 0, "node_id" : 3},

	"3:163" : {"timestamp" : 1346182510, "air_time" : 3,
 		"sequence" : 163, "fails" : 0,
 		"retries" : 2, "sample_1" : -0.04,
 		"sample_2" : 6.91, "sample_3" : -9.10,
 		"sample_4" : 0, "node_id" : 3},

	"3:164" : {"timestamp" : 1346182511, "air_time" : 0,
 		"sequence" : 164, "fails" : 2,
 		"retries" : 2, "sample_1" : -3.22,
 		"sample_2" : 9.88, "sample_3" : -9.77,
 		"sample_4" : 0, "node_id" : 3},

	"3:165" : {"timestamp" : 1346182512, "air_time" : 1,
 		"sequence" : 165, "fails" : 0,
 		"retries" : 1, "sample_1" : -3.70,
 		"sample_2" : 10.41, "sample_3" : -8.05,
 		"sample_4" : 0, "node_id" : 3},

	"3:166" : {"timestamp" : 1346182513, "air_time" : 5,
 		"sequence" : 166, "fails" : 1,
 		"retries" : 0, "sample_1" : -5.83,
 		"sample_2" : 10.36, "sample_3" : -9.12,
 		"sample_4" : 0, "node_id" : 3},

	"3:167" : {"timestamp" : 1346182514, "air_time" : 1,
 		"sequence" : 167, "fails" : 2,
 		"retries" : 0, "sample_1" : -5.76,
 		"sample_2" : 11.32, "sample_3" : -8.89,
 		"sample_4" : 0, "node_id" : 3},

	"3:168" : {"timestamp" : 1346182515, "air_time" : 1,
 		"sequence" : 168, "fails" : 1,
 		"retries" : 0, "sample_1" : -7.86,
 		"sample_2" : 10.09, "sample_3" : -6.80,
 		"sample_4" : 0, "node_id" : 3},

	"3:169" : {"timestamp" : 1346182516, "air_time" : 0,
 		"sequence" : 169, "fails" : 1,
 		"retries" : 0, "sample_1" : -7.60,
 		"sample_2" : 11.35, "sample_3" : -5.66,
 		"sample_4" : 0, "node_id" : 3},

	"3:170" : {"timestamp" : 1346182517, "air_time" : 8,
 		"sequence" : 170, "fails" : 0,
 		"retries" : 2, "sample_1" : -8.75,
 		"sample_2" : 9.41, "sample_3" : -4.20,
 		"sample_4" : 0, "node_id" : 3},

	"3:171" : {"timestamp" : 1346182518, "air_time" : 4,
 		"sequence" : 171, "fails" : 3,
 		"retries" : 1, "sample_1" : -8.10,
 		"sample_2" : 10.29, "sample_3" : -2.28,
 		"sample_4" : 0, "node_id" : 3},

	"3:172" : {"timestamp" : 1346182519, "air_time" : 3,
 		"sequence" : 172, "fails" : 1,
 		"retries" : 0, "sample_1" : -8.05,
 		"sample_2" : 8.22, "sample_3" : -1.43,
 		"sample_4" : 0, "node_id" : 3},

	"3:173" : {"timestamp" : 1346182520, "air_time" : 9,
 		"sequence" : 173, "fails" : 0,
 		"retries" : 2, "sample_1" : -8.80,
 		"sample_2" : 7.82, "sample_3" : -0.01,
 		"sample_4" : 0, "node_id" : 3},

	"3:174" : {"timestamp" : 1346182521, "air_time" : 3,
 		"sequence" : 174, "fails" : 2,
 		"retries" : 0, "sample_1" : -7.36,
 		"sample_2" : 6.05, "sample_3" : 2.63,
 		"sample_4" : 0, "node_id" : 3},

	"3:175" : {"timestamp" : 1346182522, "air_time" : 2,
 		"sequence" : 175, "fails" : 2,
 		"retries" : 2, "sample_1" : -5.96,
 		"sample_2" : 3.53, "sample_3" : 3.04,
 		"sample_4" : 0, "node_id" : 3},

	"3:176" : {"timestamp" : 1346182523, "air_time" : 7,
 		"sequence" : 176, "fails" : 2,
 		"retries" : 1, "sample_1" : -5.33,
 		"sample_2" : 2.33, "sample_3" : 4.77,
 		"sample_4" : 0, "node_id" : 3},

	"3:177" : {"timestamp" : 1346182524, "air_time" : 6,
 		"sequence" : 177, "fails" : 1,
 		"retries" : 2, "sample_1" : -4.60,
 		"sample_2" : 0.68, "sample_3" : 7.17,
 		"sample_4" : 0, "node_id" : 3},

	"3:178" : {"timestamp" : 1346182525, "air_time" : 8,
 		"sequence" : 178, "fails" : 2,
 		"retries" : 0, "sample_1" : -3.32,
 		"sample_2" : -1.64, "sample_3" : 8.08,
 		"sample_4" : 0, "node_id" : 3},

	"3:179" : {"timestamp" : 1346182526, "air_time" : 0,
 		"sequence" : 179, "fails" : 1,
 		"retries" : 2, "sample_1" : -0.24,
 		"sample_2" : -3.20, "sample_3" : 10.08,
 		"sample_4" : 0, "node_id" : 3},

	"3:180" : {"timestamp" : 1346182527, "air_time" : 6,
 		"sequence" : 180, "fails" : 1,
 		"retries" : 2, "sample_1" : 0.70,
 		"sample_2" : -4.64, "sample_3" : 9.83,
 		"sample_4" : 0, "node_id" : 3},

	"3:181" : {"timestamp" : 1346182528, "air_time" : 3,
 		"sequence" : 181, "fails" : 0,
 		"retries" : 1, "sample_1" : 3.34,
 		"sample_2" : -6.41, "sample_3" : 11.40,
 		"sample_4" : 0, "node_id" : 3},

	"3:182" : {"timestamp" : 1346182529, "air_time" : 0,
 		"sequence" : 182, "fails" : 1,
 		"retries" : 2, "sample_1" : 5.02,
 		"sample_2" : -7.48, "sample_3" : 10.27,
 		"sample_4" : 0, "node_id" : 3},

	"3:183" : {"timestamp" : 1346182530, "air_time" : 6,
 		"sequence" : 183, "fails" : 0,
 		"retries" : 2, "sample_1" : 5.10,
 		"sample_2" : -8.81, "sample_3" : 10.35,
 		"sample_4" : 0, "node_id" : 3},

	"3:184" : {"timestamp" : 1346182531, "air_time" : 1,
 		"sequence" : 184, "fails" : 1,
 		"retries" : 2, "sample_1" : 7.23,
 		"sample_2" : -8.06, "sample_3" : 10.82,
 		"sample_4" : 0, "node_id" : 3},

	"3:185" : {"timestamp" : 1346182532, "air_time" : 1,
 		"sequence" : 185, "fails" : 1,
 		"retries" : 1, "sample_1" : 8.56,
 		"sample_2" : -9.22, "sample_3" : 9.59,
 		"sample_4" : 0, "node_id" : 3},

	"3:186" : {"timestamp" : 1346182533, "air_time" : 7,
 		"sequence" : 186, "fails" : 0,
 		"retries" : 0, "sample_1" : 9.56,
 		"sample_2" : -8.79, "sample_3" : 8.70,
 		"sample_4" : 0, "node_id" : 3},

	"3:187" : {"timestamp" : 1346182534, "air_time" : 0,
 		"sequence" : 187, "fails" : 1,
 		"retries" : 1, "sample_1" : 11.00,
 		"sample_2" : -9.35, "sample_3" : 7.66,
 		"sample_4" : 0, "node_id" : 3},

	"3:188" : {"timestamp" : 1346182535, "air_time" : 5,
 		"sequence" : 188, "fails" : 0,
 		"retries" : 0, "sample_1" : 11.05,
 		"sample_2" : -7.61, "sample_3" : 6.80,
 		"sample_4" : 0, "node_id" : 3},

	"3:189" : {"timestamp" : 1346182536, "air_time" : 0,
 		"sequence" : 189, "fails" : 2,
 		"retries" : 1, "sample_1" : 10.50,
 		"sample_2" : -6.89, "sample_3" : 5.08,
 		"sample_4" : 0, "node_id" : 3},

	"3:190" : {"timestamp" : 1346182537, "air_time" : 7,
 		"sequence" : 190, "fails" : 3,
 		"retries" : 1, "sample_1" : 10.75,
 		"sample_2" : -6.82, "sample_3" : 3.13,
 		"sample_4" : 0, "node_id" : 3},

	"3:191" : {"timestamp" : 1346182538, "air_time" : 1,
 		"sequence" : 191, "fails" : 2,
 		"retries" : 0, "sample_1" : 9.60,
 		"sample_2" : -5.22, "sample_3" : 0.91,
 		"sample_4" : 0, "node_id" : 3},

	"3:192" : {"timestamp" : 1346182539, "air_time" : 7,
 		"sequence" : 192, "fails" : 3,
 		"retries" : 0, "sample_1" : 9.66,
 		"sample_2" : -3.05, "sample_3" : 0.17,
 		"sample_4" : 0, "node_id" : 3},

	"3:193" : {"timestamp" : 1346182540, "air_time" : 9,
 		"sequence" : 193, "fails" : 1,
 		"retries" : 0, "sample_1" : 8.36,
 		"sample_2" : -1.43, "sample_3" : -2.24,
 		"sample_4" : 0, "node_id" : 3},

	"3:194" : {"timestamp" : 1346182541, "air_time" : 5,
 		"sequence" : 194, "fails" : 3,
 		"retries" : 2, "sample_1" : 7.73,
 		"sample_2" : -0.93, "sample_3" : -3.27,
 		"sample_4" : 0, "node_id" : 3},

	"3:195" : {"timestamp" : 1346182542, "air_time" : 5,
 		"sequence" : 195, "fails" : 3,
 		"retries" : 1, "sample_1" : 6.20,
 		"sample_2" : 0.82, "sample_3" : -4.17,
 		"sample_4" : 0, "node_id" : 3},

	"3:196" : {"timestamp" : 1346182543, "air_time" : 2,
 		"sequence" : 196, "fails" : 2,
 		"retries" : 1, "sample_1" : 4.92,
 		"sample_2" : 3.34, "sample_3" : -6.18,
 		"sample_4" : 0, "node_id" : 3},

	"3:197" : {"timestamp" : 1346182544, "air_time" : 8,
 		"sequence" : 197, "fails" : 1,
 		"retries" : 0, "sample_1" : 3.44,
 		"sample_2" : 5.50, "sample_3" : -7.08,
 		"sample_4" : 0, "node_id" : 3},

	"3:198" : {"timestamp" : 1346182545, "air_time" : 4,
 		"sequence" : 198, "fails" : 3,
 		"retries" : 1, "sample_1" : 1.80,
 		"sample_2" : 6.94, "sample_3" : -7.63,
 		"sample_4" : 0, "node_id" : 3},

	"3:199" : {"timestamp" : 1346182546, "air_time" : 4,
 		"sequence" : 199, "fails" : 1,
 		"retries" : 0, "sample_1" : 0.16,
 		"sample_2" : 8.51, "sample_3" : -9.50,
 		"sample_4" : 0, "node_id" : 3},

	"3:200" : {"timestamp" : 1346182547, "air_time" : 4,
 		"sequence" : 200, "fails" : 1,
 		"retries" : 1, "sample_1" : -2.72,
 		"sample_2" : 9.48, "sample_3" : -9.87,
 		"sample_4" : 0, "node_id" : 3},

	"3:201" : {"timestamp" : 1346182548, "air_time" : 3,
 		"sequence" : 201, "fails" : 2,
 		"retries" : 2, "sample_1" : -5.00,
 		"sample_2" : 9.11, "sample_3" : -8.35,
 		"sample_4" : 0, "node_id" : 3},

	"3:202" : {"timestamp" : 1346182549, "air_time" : 6,
 		"sequence" : 202, "fails" : 1,
 		"retries" : 0, "sample_1" : -5.33,
 		"sample_2" : 10.96, "sample_3" : -8.02,
 		"sample_4" : 0, "node_id" : 3},

	"3:203" : {"timestamp" : 1346182550, "air_time" : 4,
 		"sequence" : 203, "fails" : 0,
 		"retries" : 0, "sample_1" : -6.16,
 		"sample_2" : 10.92, "sample_3" : -7.99,
 		"sample_4" : 0, "node_id" : 3},

	"3:204" : {"timestamp" : 1346182551, "air_time" : 3,
 		"sequence" : 204, "fails" : 2,
 		"retries" : 1, "sample_1" : -7.26,
 		"sample_2" : 11.19, "sample_3" : -7.60,
 		"sample_4" : 0, "node_id" : 3},

	"3:205" : {"timestamp" : 1346182552, "air_time" : 3,
 		"sequence" : 205, "fails" : 1,
 		"retries" : 1, "sample_1" : -8.30,
 		"sample_2" : 10.45, "sample_3" : -6.96,
 		"sample_4" : 0, "node_id" : 3},

	"3:206" : {"timestamp" : 1346182553, "air_time" : 9,
 		"sequence" : 206, "fails" : 2,
 		"retries" : 0, "sample_1" : -8.25,
 		"sample_2" : 10.31, "sample_3" : -4.40,
 		"sample_4" : 0, "node_id" : 3},

	"3:207" : {"timestamp" : 1346182554, "air_time" : 9,
 		"sequence" : 207, "fails" : 3,
 		"retries" : 2, "sample_1" : -8.70,
 		"sample_2" : 8.99, "sample_3" : -3.28,
 		"sample_4" : 0, "node_id" : 3},

	"3:208" : {"timestamp" : 1346182555, "air_time" : 0,
 		"sequence" : 208, "fails" : 0,
 		"retries" : 1, "sample_1" : -8.05,
 		"sample_2" : 8.72, "sample_3" : -0.83,
 		"sample_4" : 0, "node_id" : 3},

	"3:209" : {"timestamp" : 1346182556, "air_time" : 5,
 		"sequence" : 209, "fails" : 3,
 		"retries" : 2, "sample_1" : -7.80,
 		"sample_2" : 6.62, "sample_3" : 1.19,
 		"sample_4" : 0, "node_id" : 3},

	"3:210" : {"timestamp" : 1346182557, "air_time" : 1,
 		"sequence" : 210, "fails" : 3,
 		"retries" : 2, "sample_1" : -7.66,
 		"sample_2" : 6.45, "sample_3" : 1.63,
 		"sample_4" : 0, "node_id" : 3},

	"3:211" : {"timestamp" : 1346182558, "air_time" : 0,
 		"sequence" : 211, "fails" : 3,
 		"retries" : 0, "sample_1" : -6.36,
 		"sample_2" : 3.73, "sample_3" : 3.04,
 		"sample_4" : 0, "node_id" : 3},

	"3:212" : {"timestamp" : 1346182559, "air_time" : 9,
 		"sequence" : 212, "fails" : 3,
 		"retries" : 0, "sample_1" : -4.53,
 		"sample_2" : 2.43, "sample_3" : 5.77,
 		"sample_4" : 0, "node_id" : 3},

	"3:213" : {"timestamp" : 1346182560, "air_time" : 9,
 		"sequence" : 213, "fails" : 1,
 		"retries" : 2, "sample_1" : -4.20,
 		"sample_2" : -0.12, "sample_3" : 7.17,
 		"sample_4" : 0, "node_id" : 3},

	"3:214" : {"timestamp" : 1346182561, "air_time" : 1,
 		"sequence" : 214, "fails" : 3,
 		"retries" : 1, "sample_1" : -2.22,
 		"sample_2" : -1.04, "sample_3" : 8.18,
 		"sample_4" : 0, "node_id" : 3},

	"3:215" : {"timestamp" : 1346182562, "air_time" : 6,
 		"sequence" : 215, "fails" : 2,
 		"retries" : 2, "sample_1" : -1.44,
 		"sample_2" : -3.40, "sample_3" : 9.88,
 		"sample_4" : 0, "node_id" : 3},

	"3:216" : {"timestamp" : 1346182563, "air_time" : 6,
 		"sequence" : 216, "fails" : 0,
 		"retries" : 0, "sample_1" : 1.90,
 		"sample_2" : -4.74, "sample_3" : 9.43,
 		"sample_4" : 0, "node_id" : 3},

	"3:217" : {"timestamp" : 1346182564, "air_time" : 1,
 		"sequence" : 217, "fails" : 3,
 		"retries" : 2, "sample_1" : 2.24,
 		"sample_2" : -6.21, "sample_3" : 11.20,
 		"sample_4" : 0, "node_id" : 3},

	"3:218" : {"timestamp" : 1346182565, "air_time" : 2,
 		"sequence" : 218, "fails" : 3,
 		"retries" : 1, "sample_1" : 3.52,
 		"sample_2" : -6.58, "sample_3" : 11.27,
 		"sample_4" : 0, "node_id" : 3},

	"3:219" : {"timestamp" : 1346182566, "air_time" : 3,
 		"sequence" : 219, "fails" : 0,
 		"retries" : 0, "sample_1" : 6.40,
 		"sample_2" : -7.01, "sample_3" : 11.05,
 		"sample_4" : 0, "node_id" : 3},

	"3:220" : {"timestamp" : 1346182567, "air_time" : 9,
 		"sequence" : 220, "fails" : 2,
 		"retries" : 2, "sample_1" : 8.33,
 		"sample_2" : -9.36, "sample_3" : 10.82,
 		"sample_4" : 0, "node_id" : 3},

	"3:221" : {"timestamp" : 1346182568, "air_time" : 5,
 		"sequence" : 221, "fails" : 1,
 		"retries" : 0, "sample_1" : 8.06,
 		"sample_2" : -9.32, "sample_3" : 9.89,
 		"sample_4" : 0, "node_id" : 3},

	"3:222" : {"timestamp" : 1346182569, "air_time" : 5,
 		"sequence" : 222, "fails" : 3,
 		"retries" : 2, "sample_1" : 9.36,
 		"sample_2" : -8.19, "sample_3" : 9.70,
 		"sample_4" : 0, "node_id" : 3},

	"3:223" : {"timestamp" : 1346182570, "air_time" : 0,
 		"sequence" : 223, "fails" : 1,
 		"retries" : 2, "sample_1" : 11.30,
 		"sample_2" : -8.85, "sample_3" : 7.46,
 		"sample_4" : 0, "node_id" : 3},

	"3:224" : {"timestamp" : 1346182571, "air_time" : 0,
 		"sequence" : 224, "fails" : 0,
 		"retries" : 1, "sample_1" : 11.35,
 		"sample_2" : -8.71, "sample_3" : 7.10,
 		"sample_4" : 0, "node_id" : 3},

	"3:225" : {"timestamp" : 1346182572, "air_time" : 7,
 		"sequence" : 225, "fails" : 0,
 		"retries" : 0, "sample_1" : 11.90,
 		"sample_2" : -8.09, "sample_3" : 4.58,
 		"sample_4" : 0, "node_id" : 3},

	"3:226" : {"timestamp" : 1346182573, "air_time" : 5,
 		"sequence" : 226, "fails" : 1,
 		"retries" : 2, "sample_1" : 10.85,
 		"sample_2" : -7.12, "sample_3" : 2.73,
 		"sample_4" : 0, "node_id" : 3},

	"3:227" : {"timestamp" : 1346182574, "air_time" : 2,
 		"sequence" : 227, "fails" : 2,
 		"retries" : 1, "sample_1" : 9.90,
 		"sample_2" : -5.92, "sample_3" : 2.41,
 		"sample_4" : 0, "node_id" : 3},

	"3:228" : {"timestamp" : 1346182575, "air_time" : 3,
 		"sequence" : 228, "fails" : 1,
 		"retries" : 0, "sample_1" : 9.86,
 		"sample_2" : -3.55, "sample_3" : 0.47,
 		"sample_4" : 0, "node_id" : 3},

	"3:229" : {"timestamp" : 1346182576, "air_time" : 7,
 		"sequence" : 229, "fails" : 3,
 		"retries" : 0, "sample_1" : 8.76,
 		"sample_2" : -1.63, "sample_3" : -2.54,
 		"sample_4" : 0, "node_id" : 3},

	"3:230" : {"timestamp" : 1346182577, "air_time" : 9,
 		"sequence" : 230, "fails" : 1,
 		"retries" : 1, "sample_1" : 6.83,
 		"sample_2" : 0.17, "sample_3" : -3.57,
 		"sample_4" : 0, "node_id" : 3},

	"3:231" : {"timestamp" : 1346182578, "air_time" : 5,
 		"sequence" : 231, "fails" : 2,
 		"retries" : 2, "sample_1" : 6.80,
 		"sample_2" : 0.62, "sample_3" : -5.37,
 		"sample_4" : 0, "node_id" : 3},

	"3:232" : {"timestamp" : 1346182579, "air_time" : 2,
 		"sequence" : 232, "fails" : 3,
 		"retries" : 0, "sample_1" : 5.22,
 		"sample_2" : 2.54, "sample_3" : -6.58,
 		"sample_4" : 0, "node_id" : 3},

	"3:233" : {"timestamp" : 1346182580, "air_time" : 9,
 		"sequence" : 233, "fails" : 3,
 		"retries" : 0, "sample_1" : 3.44,
 		"sample_2" : 5.20, "sample_3" : -7.68,
 		"sample_4" : 0, "node_id" : 3},

	"3:234" : {"timestamp" : 1346182581, "air_time" : 3,
 		"sequence" : 234, "fails" : 3,
 		"retries" : 2, "sample_1" : 0.70,
 		"sample_2" : 6.34, "sample_3" : -8.03,
 		"sample_4" : 0, "node_id" : 3},

	"3:235" : {"timestamp" : 1346182582, "air_time" : 3,
 		"sequence" : 235, "fails" : 2,
 		"retries" : 2, "sample_1" : -1.54,
 		"sample_2" : 8.51, "sample_3" : -8.60,
 		"sample_4" : 0, "node_id" : 3},

	"3:236" : {"timestamp" : 1346182583, "air_time" : 3,
 		"sequence" : 236, "fails" : 1,
 		"retries" : 1, "sample_1" : -2.32,
 		"sample_2" : 9.48, "sample_3" : -8.37,
 		"sample_4" : 0, "node_id" : 3},

	"3:237" : {"timestamp" : 1346182584, "air_time" : 7,
 		"sequence" : 237, "fails" : 1,
 		"retries" : 2, "sample_1" : -4.70,
 		"sample_2" : 10.21, "sample_3" : -8.55,
 		"sample_4" : 0, "node_id" : 3},

	"3:238" : {"timestamp" : 1346182585, "air_time" : 3,
 		"sequence" : 238, "fails" : 2,
 		"retries" : 1, "sample_1" : -6.33,
 		"sample_2" : 10.26, "sample_3" : -8.32,
 		"sample_4" : 0, "node_id" : 3},

	"3:239" : {"timestamp" : 1346182586, "air_time" : 7,
 		"sequence" : 239, "fails" : 0,
 		"retries" : 0, "sample_1" : -7.26,
 		"sample_2" : 11.62, "sample_3" : -7.19,
 		"sample_4" : 0, "node_id" : 3},

	"3:240" : {"timestamp" : 1346182587, "air_time" : 0,
 		"sequence" : 240, "fails" : 0,
 		"retries" : 0, "sample_1" : -7.96,
 		"sample_2" : 10.59, "sample_3" : -6.80,
 		"sample_4" : 0, "node_id" : 3},

	"3:241" : {"timestamp" : 1346182588, "air_time" : 1,
 		"sequence" : 241, "fails" : 1,
 		"retries" : 1, "sample_1" : -8.50,
 		"sample_2" : 11.35, "sample_3" : -5.66,
 		"sample_4" : 0, "node_id" : 3},

	"3:242" : {"timestamp" : 1346182589, "air_time" : 7,
 		"sequence" : 242, "fails" : 3,
 		"retries" : 0, "sample_1" : -9.85,
 		"sample_2" : 10.91, "sample_3" : -4.60,
 		"sample_4" : 0, "node_id" : 3},

	"3:243" : {"timestamp" : 1346182590, "air_time" : 7,
 		"sequence" : 243, "fails" : 0,
 		"retries" : 1, "sample_1" : -9.20,
 		"sample_2" : 8.79, "sample_3" : -3.18,
 		"sample_4" : 0, "node_id" : 3},

	"3:244" : {"timestamp" : 1346182591, "air_time" : 2,
 		"sequence" : 244, "fails" : 1,
 		"retries" : 1, "sample_1" : -8.05,
 		"sample_2" : 8.02, "sample_3" : -1.73,
 		"sample_4" : 0, "node_id" : 3},

	"3:245" : {"timestamp" : 1346182592, "air_time" : 5,
 		"sequence" : 245, "fails" : 3,
 		"retries" : 1, "sample_1" : -8.10,
 		"sample_2" : 6.62, "sample_3" : -0.31,
 		"sample_4" : 0, "node_id" : 3},

	"3:246" : {"timestamp" : 1346182593, "air_time" : 5,
 		"sequence" : 246, "fails" : 2,
 		"retries" : 0, "sample_1" : -8.46,
 		"sample_2" : 5.95, "sample_3" : 2.13,
 		"sample_4" : 0, "node_id" : 3},

	"3:247" : {"timestamp" : 1346182594, "air_time" : 3,
 		"sequence" : 247, "fails" : 0,
 		"retries" : 0, "sample_1" : -7.06,
 		"sample_2" : 4.33, "sample_3" : 3.14,
 		"sample_4" : 0, "node_id" : 3},

	"3:248" : {"timestamp" : 1346182595, "air_time" : 9,
 		"sequence" : 248, "fails" : 1,
 		"retries" : 2, "sample_1" : -5.03,
 		"sample_2" : 3.13, "sample_3" : 5.47,
 		"sample_4" : 0, "node_id" : 3},

	"3:249" : {"timestamp" : 1346182596, "air_time" : 9,
 		"sequence" : 249, "fails" : 0,
 		"retries" : 1, "sample_1" : -3.30,
 		"sample_2" : 1.18, "sample_3" : 7.17,
 		"sample_4" : 0, "node_id" : 3},

	"3:250" : {"timestamp" : 1346182597, "air_time" : 3,
 		"sequence" : 250, "fails" : 0,
 		"retries" : 1, "sample_1" : -2.22,
 		"sample_2" : -1.24, "sample_3" : 8.98,
 		"sample_4" : 0, "node_id" : 3},

	"3:251" : {"timestamp" : 1346182598, "air_time" : 7,
 		"sequence" : 251, "fails" : 2,
 		"retries" : 1, "sample_1" : -1.44,
 		"sample_2" : -3.60, "sample_3" : 9.68,
 		"sample_4" : 0, "node_id" : 3},

	"3:252" : {"timestamp" : 1346182599, "air_time" : 4,
 		"sequence" : 252, "fails" : 1,
 		"retries" : 1, "sample_1" : 1.60,
 		"sample_2" : -5.04, "sample_3" : 10.73,
 		"sample_4" : 0, "node_id" : 3},

	"3:253" : {"timestamp" : 1346182600, "air_time" : 7,
 		"sequence" : 253, "fails" : 2,
 		"retries" : 2, "sample_1" : 3.64,
 		"sample_2" : -6.61, "sample_3" : 10.70,
 		"sample_4" : 0, "node_id" : 3},

	"3:254" : {"timestamp" : 1346182601, "air_time" : 1,
 		"sequence" : 254, "fails" : 3,
 		"retries" : 1, "sample_1" : 5.22,
 		"sample_2" : -7.48, "sample_3" : 10.07,
 		"sample_4" : 0, "node_id" : 3},

	"3:255" : {"timestamp" : 1346182602, "air_time" : 0,
 		"sequence" : 255, "fails" : 1,
 		"retries" : 1, "sample_1" : 5.20,
 		"sample_2" : -7.31, "sample_3" : 11.25,
 		"sample_4" : 0, "node_id" : 3},

	"3:256" : {"timestamp" : 1346182603, "air_time" : 6,
 		"sequence" : 256, "fails" : 0,
 		"retries" : 2, "sample_1" : 7.83,
 		"sample_2" : -7.96, "sample_3" : 10.62,
 		"sample_4" : 0, "node_id" : 3},

	"3:257" : {"timestamp" : 1346182604, "air_time" : 1,
 		"sequence" : 257, "fails" : 0,
 		"retries" : 2, "sample_1" : 9.36,
 		"sample_2" : -9.02, "sample_3" : 10.19,
 		"sample_4" : 0, "node_id" : 3},

	"3:258" : {"timestamp" : 1346182605, "air_time" : 0,
 		"sequence" : 258, "fails" : 2,
 		"retries" : 0, "sample_1" : 10.16,
 		"sample_2" : -8.79, "sample_3" : 10.00,
 		"sample_4" : 0, "node_id" : 3},

	"3:259" : {"timestamp" : 1346182606, "air_time" : 2,
 		"sequence" : 259, "fails" : 0,
 		"retries" : 1, "sample_1" : 10.90,
 		"sample_2" : -8.75, "sample_3" : 7.46,
 		"sample_4" : 0, "node_id" : 3},

	"3:260" : {"timestamp" : 1346182607, "air_time" : 3,
 		"sequence" : 260, "fails" : 1,
 		"retries" : 0, "sample_1" : 10.75,
 		"sample_2" : -7.71, "sample_3" : 7.10,
 		"sample_4" : 0, "node_id" : 3},

	"3:261" : {"timestamp" : 1346182608, "air_time" : 6,
 		"sequence" : 261, "fails" : 3,
 		"retries" : 0, "sample_1" : 11.10,
 		"sample_2" : -8.09, "sample_3" : 5.98,
 		"sample_4" : 0, "node_id" : 3},

	"3:262" : {"timestamp" : 1346182609, "air_time" : 4,
 		"sequence" : 262, "fails" : 2,
 		"retries" : 1, "sample_1" : 10.55,
 		"sample_2" : -6.32, "sample_3" : 3.93,
 		"sample_4" : 0, "node_id" : 3},

	"3:263" : {"timestamp" : 1346182610, "air_time" : 1,
 		"sequence" : 263, "fails" : 2,
 		"retries" : 2, "sample_1" : 10.20,
 		"sample_2" : -5.22, "sample_3" : 2.11,
 		"sample_4" : 0, "node_id" : 3},

	"3:264" : {"timestamp" : 1346182611, "air_time" : 0,
 		"sequence" : 264, "fails" : 3,
 		"retries" : 1, "sample_1" : 9.76,
 		"sample_2" : -4.45, "sample_3" : -0.93,
 		"sample_4" : 0, "node_id" : 3},

	"3:265" : {"timestamp" : 1346182612, "air_time" : 0,
 		"sequence" : 265, "fails" : 1,
 		"retries" : 0, "sample_1" : 8.46,
 		"sample_2" : -2.33, "sample_3" : -2.14,
 		"sample_4" : 0, "node_id" : 3},

	"3:266" : {"timestamp" : 1346182613, "air_time" : 2,
 		"sequence" : 266, "fails" : 1,
 		"retries" : 1, "sample_1" : 8.13,
 		"sample_2" : -1.13, "sample_3" : -3.37,
 		"sample_4" : 0, "node_id" : 3},

	"3:267" : {"timestamp" : 1346182614, "air_time" : 5,
 		"sequence" : 267, "fails" : 0,
 		"retries" : 0, "sample_1" : 6.70,
 		"sample_2" : 0.62, "sample_3" : -4.77,
 		"sample_4" : 0, "node_id" : 3},

	"3:268" : {"timestamp" : 1346182615, "air_time" : 2,
 		"sequence" : 268, "fails" : 0,
 		"retries" : 0, "sample_1" : 4.72,
 		"sample_2" : 2.34, "sample_3" : -6.58,
 		"sample_4" : 0, "node_id" : 3},

	"3:269" : {"timestamp" : 1346182616, "air_time" : 5,
 		"sequence" : 269, "fails" : 3,
 		"retries" : 2, "sample_1" : 3.54,
 		"sample_2" : 4.60, "sample_3" : -8.28,
 		"sample_4" : 0, "node_id" : 3},

	"3:270" : {"timestamp" : 1346182617, "air_time" : 8,
 		"sequence" : 270, "fails" : 2,
 		"retries" : 2, "sample_1" : 1.10,
 		"sample_2" : 6.04, "sample_3" : -9.03,
 		"sample_4" : 0, "node_id" : 3},

	"3:271" : {"timestamp" : 1346182618, "air_time" : 5,
 		"sequence" : 271, "fails" : 1,
 		"retries" : 2, "sample_1" : -0.84,
 		"sample_2" : 7.31, "sample_3" : -8.50,
 		"sample_4" : 0, "node_id" : 3},

	"3:272" : {"timestamp" : 1346182619, "air_time" : 8,
 		"sequence" : 272, "fails" : 2,
 		"retries" : 1, "sample_1" : -1.82,
 		"sample_2" : 7.98, "sample_3" : -8.87,
 		"sample_4" : 0, "node_id" : 3},

	"3:273" : {"timestamp" : 1346182620, "air_time" : 4,
 		"sequence" : 273, "fails" : 3,
 		"retries" : 2, "sample_1" : -5.00,
 		"sample_2" : 10.21, "sample_3" : -8.25,
 		"sample_4" : 0, "node_id" : 3},

	"3:274" : {"timestamp" : 1346182621, "air_time" : 2,
 		"sequence" : 274, "fails" : 0,
 		"retries" : 1, "sample_1" : -4.53,
 		"sample_2" : 9.56, "sample_3" : -8.62,
 		"sample_4" : 0, "node_id" : 3},

	"3:275" : {"timestamp" : 1346182622, "air_time" : 0,
 		"sequence" : 275, "fails" : 3,
 		"retries" : 0, "sample_1" : -7.46,
 		"sample_2" : 9.92, "sample_3" : -8.59,
 		"sample_4" : 0, "node_id" : 3},

	"3:276" : {"timestamp" : 1346182623, "air_time" : 5,
 		"sequence" : 276, "fails" : 2,
 		"retries" : 0, "sample_1" : -7.46,
 		"sample_2" : 9.99, "sample_3" : -7.60,
 		"sample_4" : 0, "node_id" : 3},

	"3:277" : {"timestamp" : 1346182624, "air_time" : 4,
 		"sequence" : 277, "fails" : 0,
 		"retries" : 2, "sample_1" : -9.10,
 		"sample_2" : 11.15, "sample_3" : -5.26,
 		"sample_4" : 0, "node_id" : 3},

	"3:278" : {"timestamp" : 1346182625, "air_time" : 7,
 		"sequence" : 278, "fails" : 0,
 		"retries" : 0, "sample_1" : -9.45,
 		"sample_2" : 10.21, "sample_3" : -4.10,
 		"sample_4" : 0, "node_id" : 3},

	"3:279" : {"timestamp" : 1346182626, "air_time" : 6,
 		"sequence" : 279, "fails" : 3,
 		"retries" : 1, "sample_1" : -8.50,
 		"sample_2" : 10.29, "sample_3" : -3.58,
 		"sample_4" : 0, "node_id" : 3},

	"3:280" : {"timestamp" : 1346182627, "air_time" : 5,
 		"sequence" : 280, "fails" : 3,
 		"retries" : 2, "sample_1" : -9.75,
 		"sample_2" : 9.22, "sample_3" : -1.83,
 		"sample_4" : 0, "node_id" : 3},

	"3:281" : {"timestamp" : 1346182628, "air_time" : 0,
 		"sequence" : 281, "fails" : 1,
 		"retries" : 1, "sample_1" : -7.90,
 		"sample_2" : 6.82, "sample_3" : -0.31,
 		"sample_4" : 0, "node_id" : 3},

	"3:282" : {"timestamp" : 1346182629, "air_time" : 5,
 		"sequence" : 282, "fails" : 0,
 		"retries" : 1, "sample_1" : -7.16,
 		"sample_2" : 5.25, "sample_3" : 2.53,
 		"sample_4" : 0, "node_id" : 3},

	"3:283" : {"timestamp" : 1346182630, "air_time" : 6,
 		"sequence" : 283, "fails" : 2,
 		"retries" : 1, "sample_1" : -6.16,
 		"sample_2" : 3.23, "sample_3" : 3.94,
 		"sample_4" : 0, "node_id" : 3},

	"3:284" : {"timestamp" : 1346182631, "air_time" : 6,
 		"sequence" : 284, "fails" : 3,
 		"retries" : 2, "sample_1" : -6.43,
 		"sample_2" : 2.73, "sample_3" : 4.37,
 		"sample_4" : 0, "node_id" : 3},

	"3:285" : {"timestamp" : 1346182632, "air_time" : 8,
 		"sequence" : 285, "fails" : 0,
 		"retries" : 2, "sample_1" : -3.90,
 		"sample_2" : 0.58, "sample_3" : 7.27,
 		"sample_4" : 0, "node_id" : 3},

	"3:286" : {"timestamp" : 1346182633, "air_time" : 9,
 		"sequence" : 286, "fails" : 3,
 		"retries" : 1, "sample_1" : -2.92,
 		"sample_2" : -2.04, "sample_3" : 7.88,
 		"sample_4" : 0, "node_id" : 3},

	"3:287" : {"timestamp" : 1346182634, "air_time" : 4,
 		"sequence" : 287, "fails" : 2,
 		"retries" : 2, "sample_1" : -0.44,
 		"sample_2" : -2.40, "sample_3" : 9.58,
 		"sample_4" : 0, "node_id" : 3},

	"3:288" : {"timestamp" : 1346182635, "air_time" : 6,
 		"sequence" : 288, "fails" : 2,
 		"retries" : 0, "sample_1" : 0.50,
 		"sample_2" : -4.24, "sample_3" : 10.13,
 		"sample_4" : 0, "node_id" : 3},

	"3:289" : {"timestamp" : 1346182636, "air_time" : 3,
 		"sequence" : 289, "fails" : 1,
 		"retries" : 2, "sample_1" : 2.44,
 		"sample_2" : -6.31, "sample_3" : 10.80,
 		"sample_4" : 0, "node_id" : 3},

	"3:290" : {"timestamp" : 1346182637, "air_time" : 2,
 		"sequence" : 290, "fails" : 1,
 		"retries" : 1, "sample_1" : 3.62,
 		"sample_2" : -6.68, "sample_3" : 10.27,
 		"sample_4" : 0, "node_id" : 3},

	"3:291" : {"timestamp" : 1346182638, "air_time" : 4,
 		"sequence" : 291, "fails" : 2,
 		"retries" : 1, "sample_1" : 5.10,
 		"sample_2" : -7.31, "sample_3" : 11.55,
 		"sample_4" : 0, "node_id" : 3},

	"3:292" : {"timestamp" : 1346182639, "air_time" : 4,
 		"sequence" : 292, "fails" : 0,
 		"retries" : 1, "sample_1" : 6.93,
 		"sample_2" : -8.06, "sample_3" : 9.92,
 		"sample_4" : 0, "node_id" : 3},

	"3:293" : {"timestamp" : 1346182640, "air_time" : 4,
 		"sequence" : 293, "fails" : 3,
 		"retries" : 2, "sample_1" : 8.26,
 		"sample_2" : -9.62, "sample_3" : 9.69,
 		"sample_4" : 0, "node_id" : 3},

	"3:294" : {"timestamp" : 1346182641, "air_time" : 9,
 		"sequence" : 294, "fails" : 1,
 		"retries" : 0, "sample_1" : 9.66,
 		"sample_2" : -8.49, "sample_3" : 9.20,
 		"sample_4" : 0, "node_id" : 3},

	"3:295" : {"timestamp" : 1346182642, "air_time" : 4,
 		"sequence" : 295, "fails" : 2,
 		"retries" : 1, "sample_1" : 10.50,
 		"sample_2" : -8.85, "sample_3" : 7.46,
 		"sample_4" : 0, "node_id" : 3},

	"3:296" : {"timestamp" : 1346182643, "air_time" : 9,
 		"sequence" : 296, "fails" : 1,
 		"retries" : 2, "sample_1" : 10.75,
 		"sample_2" : -7.71, "sample_3" : 6.30,
 		"sample_4" : 0, "node_id" : 3},

	"3:297" : {"timestamp" : 1346182644, "air_time" : 2,
 		"sequence" : 297, "fails" : 1,
 		"retries" : 0, "sample_1" : 11.80,
 		"sample_2" : -6.89, "sample_3" : 5.78,
 		"sample_4" : 0, "node_id" : 3},

	"3:298" : {"timestamp" : 1346182645, "air_time" : 2,
 		"sequence" : 298, "fails" : 2,
 		"retries" : 1, "sample_1" : 10.55,
 		"sample_2" : -5.72, "sample_3" : 4.23,
 		"sample_4" : 0, "node_id" : 3},

	"3:299" : {"timestamp" : 1346182646, "air_time" : 2,
 		"sequence" : 299, "fails" : 2,
 		"retries" : 0, "sample_1" : 9.70,
 		"sample_2" : -5.82, "sample_3" : 1.51,
 		"sample_4" : 0, "node_id" : 3},

	"3:300" : {"timestamp" : 1346182647, "air_time" : 8,
 		"sequence" : 300, "fails" : 0,
 		"retries" : 2, "sample_1" : 9.16,
 		"sample_2" : -3.85, "sample_3" : 0.57,
 		"sample_4" : 0, "node_id" : 3},

	"3:301" : {"timestamp" : 1346182648, "air_time" : 0,
 		"sequence" : 301, "fails" : 3,
 		"retries" : 2, "sample_1" : 8.86,
 		"sample_2" : -2.73, "sample_3" : -1.24,
 		"sample_4" : 0, "node_id" : 3},

	"3:302" : {"timestamp" : 1346182649, "air_time" : 7,
 		"sequence" : 302, "fails" : 1,
 		"retries" : 2, "sample_1" : 7.43,
 		"sample_2" : -1.13, "sample_3" : -3.87,
 		"sample_4" : 0, "node_id" : 3},

	"3:303" : {"timestamp" : 1346182650, "air_time" : 1,
 		"sequence" : 303, "fails" : 0,
 		"retries" : 0, "sample_1" : 6.10,
 		"sample_2" : 2.22, "sample_3" : -5.67,
 		"sample_4" : 0, "node_id" : 3},

	"3:304" : {"timestamp" : 1346182651, "air_time" : 8,
 		"sequence" : 304, "fails" : 1,
 		"retries" : 0, "sample_1" : 4.72,
 		"sample_2" : 2.24, "sample_3" : -5.38,
 		"sample_4" : 0, "node_id" : 3},

	"3:305" : {"timestamp" : 1346182652, "air_time" : 8,
 		"sequence" : 305, "fails" : 3,
 		"retries" : 1, "sample_1" : 2.04,
 		"sample_2" : 4.10, "sample_3" : -7.28,
 		"sample_4" : 0, "node_id" : 3},

	"3:306" : {"timestamp" : 1346182653, "air_time" : 9,
 		"sequence" : 306, "fails" : 0,
 		"retries" : 0, "sample_1" : 1.80,
 		"sample_2" : 5.94, "sample_3" : -8.23,
 		"sample_4" : 0, "node_id" : 3},

	"3:307" : {"timestamp" : 1346182654, "air_time" : 8,
 		"sequence" : 307, "fails" : 3,
 		"retries" : 0, "sample_1" : -0.44,
 		"sample_2" : 7.11, "sample_3" : -8.50,
 		"sample_4" : 0, "node_id" : 3},

	"3:308" : {"timestamp" : 1346182655, "air_time" : 8,
 		"sequence" : 308, "fails" : 1,
 		"retries" : 1, "sample_1" : -1.62,
 		"sample_2" : 9.58, "sample_3" : -9.17,
 		"sample_4" : 0, "node_id" : 3},

	"3:309" : {"timestamp" : 1346182656, "air_time" : 5,
 		"sequence" : 309, "fails" : 0,
 		"retries" : 0, "sample_1" : -3.40,
 		"sample_2" : 9.31, "sample_3" : -8.55,
 		"sample_4" : 0, "node_id" : 3},

	"3:310" : {"timestamp" : 1346182657, "air_time" : 0,
 		"sequence" : 310, "fails" : 3,
 		"retries" : 0, "sample_1" : -4.93,
 		"sample_2" : 10.46, "sample_3" : -8.62,
 		"sample_4" : 0, "node_id" : 3},

	"3:311" : {"timestamp" : 1346182658, "air_time" : 7,
 		"sequence" : 311, "fails" : 3,
 		"retries" : 1, "sample_1" : -6.36,
 		"sample_2" : 11.72, "sample_3" : -7.39,
 		"sample_4" : 0, "node_id" : 3},

	"3:312" : {"timestamp" : 1346182659, "air_time" : 7,
 		"sequence" : 312, "fails" : 0,
 		"retries" : 1, "sample_1" : -8.46,
 		"sample_2" : 10.99, "sample_3" : -6.50,
 		"sample_4" : 0, "node_id" : 3},

	"3:313" : {"timestamp" : 1346182660, "air_time" : 6,
 		"sequence" : 313, "fails" : 2,
 		"retries" : 1, "sample_1" : -8.90,
 		"sample_2" : 10.95, "sample_3" : -6.46,
 		"sample_4" : 0, "node_id" : 3},

	"3:314" : {"timestamp" : 1346182661, "air_time" : 6,
 		"sequence" : 314, "fails" : 1,
 		"retries" : 1, "sample_1" : -9.55,
 		"sample_2" : 11.11, "sample_3" : -4.40,
 		"sample_4" : 0, "node_id" : 3},

	"3:315" : {"timestamp" : 1346182662, "air_time" : 2,
 		"sequence" : 315, "fails" : 2,
 		"retries" : 2, "sample_1" : -8.90,
 		"sample_2" : 10.09, "sample_3" : -2.38,
 		"sample_4" : 0, "node_id" : 3},

	"3:316" : {"timestamp" : 1346182663, "air_time" : 8,
 		"sequence" : 316, "fails" : 2,
 		"retries" : 0, "sample_1" : -9.75,
 		"sample_2" : 7.82, "sample_3" : -1.43,
 		"sample_4" : 0, "node_id" : 3},

	"3:317" : {"timestamp" : 1346182664, "air_time" : 5,
 		"sequence" : 317, "fails" : 3,
 		"retries" : 1, "sample_1" : -7.90,
 		"sample_2" : 7.82, "sample_3" : -0.71,
 		"sample_4" : 0, "node_id" : 3},

	"3:318" : {"timestamp" : 1346182665, "air_time" : 7,
 		"sequence" : 318, "fails" : 0,
 		"retries" : 0, "sample_1" : -6.76,
 		"sample_2" : 5.15, "sample_3" : 1.93,
 		"sample_4" : 0, "node_id" : 3},

	"3:319" : {"timestamp" : 1346182666, "air_time" : 4,
 		"sequence" : 319, "fails" : 2,
 		"retries" : 2, "sample_1" : -6.66,
 		"sample_2" : 3.93, "sample_3" : 3.74,
 		"sample_4" : 0, "node_id" : 3},

	"3:320" : {"timestamp" : 1346182667, "air_time" : 6,
 		"sequence" : 320, "fails" : 2,
 		"retries" : 0, "sample_1" : -5.13,
 		"sample_2" : 1.23, "sample_3" : 5.47,
 		"sample_4" : 0, "node_id" : 3},

	"3:321" : {"timestamp" : 1346182668, "air_time" : 5,
 		"sequence" : 321, "fails" : 0,
 		"retries" : 0, "sample_1" : -5.00,
 		"sample_2" : -0.52, "sample_3" : 7.07,
 		"sample_4" : 0, "node_id" : 3},

	"3:322" : {"timestamp" : 1346182669, "air_time" : 4,
 		"sequence" : 322, "fails" : 2,
 		"retries" : 1, "sample_1" : -2.62,
 		"sample_2" : -0.44, "sample_3" : 7.48,
 		"sample_4" : 0, "node_id" : 3},

	"3:323" : {"timestamp" : 1346182670, "air_time" : 0,
 		"sequence" : 323, "fails" : 2,
 		"retries" : 0, "sample_1" : -1.34,
 		"sample_2" : -2.00, "sample_3" : 9.48,
 		"sample_4" : 0, "node_id" : 3},

	"3:324" : {"timestamp" : 1346182671, "air_time" : 7,
 		"sequence" : 324, "fails" : 2,
 		"retries" : 1, "sample_1" : 1.20,
 		"sample_2" : -4.04, "sample_3" : 9.53,
 		"sample_4" : 0, "node_id" : 3},

	"3:325" : {"timestamp" : 1346182672, "air_time" : 7,
 		"sequence" : 325, "fails" : 1,
 		"retries" : 1, "sample_1" : 2.44,
 		"sample_2" : -5.41, "sample_3" : 9.90,
 		"sample_4" : 0, "node_id" : 3},

	"3:326" : {"timestamp" : 1346182673, "air_time" : 8,
 		"sequence" : 326, "fails" : 0,
 		"retries" : 1, "sample_1" : 4.72,
 		"sample_2" : -7.48, "sample_3" : 10.57,
 		"sample_4" : 0, "node_id" : 3},

	"3:327" : {"timestamp" : 1346182674, "air_time" : 3,
 		"sequence" : 327, "fails" : 0,
 		"retries" : 0, "sample_1" : 6.40,
 		"sample_2" : -8.21, "sample_3" : 11.75,
 		"sample_4" : 0, "node_id" : 3},

	"3:328" : {"timestamp" : 1346182675, "air_time" : 4,
 		"sequence" : 328, "fails" : 0,
 		"retries" : 0, "sample_1" : 8.33,
 		"sample_2" : -9.46, "sample_3" : 9.72,
 		"sample_4" : 0, "node_id" : 3},

	"3:329" : {"timestamp" : 1346182676, "air_time" : 4,
 		"sequence" : 329, "fails" : 0,
 		"retries" : 1, "sample_1" : 9.56,
 		"sample_2" : -8.32, "sample_3" : 10.59,
 		"sample_4" : 0, "node_id" : 3},

	"3:330" : {"timestamp" : 1346182677, "air_time" : 1,
 		"sequence" : 330, "fails" : 0,
 		"retries" : 2, "sample_1" : 9.26,
 		"sample_2" : -8.79, "sample_3" : 8.90,
 		"sample_4" : 0, "node_id" : 3},

	"3:331" : {"timestamp" : 1346182678, "air_time" : 9,
 		"sequence" : 331, "fails" : 3,
 		"retries" : 1, "sample_1" : 9.50,
 		"sample_2" : -8.15, "sample_3" : 7.26,
 		"sample_4" : 0, "node_id" : 3},

	"3:332" : {"timestamp" : 1346182679, "air_time" : 7,
 		"sequence" : 332, "fails" : 2,
 		"retries" : 1, "sample_1" : 10.15,
 		"sample_2" : -7.31, "sample_3" : 6.70,
 		"sample_4" : 0, "node_id" : 3},

	"3:333" : {"timestamp" : 1346182680, "air_time" : 1,
 		"sequence" : 333, "fails" : 0,
 		"retries" : 1, "sample_1" : 11.00,
 		"sample_2" : -7.49, "sample_3" : 5.58,
 		"sample_4" : 0, "node_id" : 3},

	"3:334" : {"timestamp" : 1346182681, "air_time" : 3,
 		"sequence" : 334, "fails" : 1,
 		"retries" : 2, "sample_1" : 11.75,
 		"sample_2" : -5.62, "sample_3" : 3.23,
 		"sample_4" : 0, "node_id" : 3},

	"3:335" : {"timestamp" : 1346182682, "air_time" : 0,
 		"sequence" : 335, "fails" : 3,
 		"retries" : 1, "sample_1" : 11.30,
 		"sample_2" : -5.32, "sample_3" : 0.81,
 		"sample_4" : 0, "node_id" : 3},

	"3:336" : {"timestamp" : 1346182683, "air_time" : 2,
 		"sequence" : 336, "fails" : 0,
 		"retries" : 0, "sample_1" : 8.96,
 		"sample_2" : -4.45, "sample_3" : -0.73,
 		"sample_4" : 0, "node_id" : 3},

	"3:337" : {"timestamp" : 1346182684, "air_time" : 8,
 		"sequence" : 337, "fails" : 0,
 		"retries" : 2, "sample_1" : 8.66,
 		"sample_2" : -2.53, "sample_3" : -1.14,
 		"sample_4" : 0, "node_id" : 3},

	"3:338" : {"timestamp" : 1346182685, "air_time" : 9,
 		"sequence" : 338, "fails" : 3,
 		"retries" : 2, "sample_1" : 7.23,
 		"sample_2" : 0.37, "sample_3" : -3.27,
 		"sample_4" : 0, "node_id" : 3},

	"3:339" : {"timestamp" : 1346182686, "air_time" : 3,
 		"sequence" : 339, "fails" : 1,
 		"retries" : 0, "sample_1" : 5.20,
 		"sample_2" : 2.22, "sample_3" : -4.87,
 		"sample_4" : 0, "node_id" : 3},

	"3:340" : {"timestamp" : 1346182687, "air_time" : 1,
 		"sequence" : 340, "fails" : 3,
 		"retries" : 1, "sample_1" : 3.62,
 		"sample_2" : 2.44, "sample_3" : -5.88,
 		"sample_4" : 0, "node_id" : 3},

	"3:341" : {"timestamp" : 1346182688, "air_time" : 0,
 		"sequence" : 341, "fails" : 0,
 		"retries" : 0, "sample_1" : 2.74,
 		"sample_2" : 5.30, "sample_3" : -7.08,
 		"sample_4" : 0, "node_id" : 3},

	"3:342" : {"timestamp" : 1346182689, "air_time" : 4,
 		"sequence" : 342, "fails" : 0,
 		"retries" : 2, "sample_1" : 0.40,
 		"sample_2" : 7.04, "sample_3" : -7.33,
 		"sample_4" : 0, "node_id" : 3},

	"3:343" : {"timestamp" : 1346182690, "air_time" : 0,
 		"sequence" : 343, "fails" : 2,
 		"retries" : 0, "sample_1" : -0.44,
 		"sample_2" : 7.71, "sample_3" : -8.50,
 		"sample_4" : 0, "node_id" : 3},

	"3:344" : {"timestamp" : 1346182691, "air_time" : 4,
 		"sequence" : 344, "fails" : 2,
 		"retries" : 0, "sample_1" : -1.82,
 		"sample_2" : 9.58, "sample_3" : -8.17,
 		"sample_4" : 0, "node_id" : 3},

	"3:345" : {"timestamp" : 1346182692, "air_time" : 5,
 		"sequence" : 345, "fails" : 0,
 		"retries" : 2, "sample_1" : -3.40,
 		"sample_2" : 9.81, "sample_3" : -9.25,
 		"sample_4" : 0, "node_id" : 3},

	"3:346" : {"timestamp" : 1346182693, "air_time" : 3,
 		"sequence" : 346, "fails" : 1,
 		"retries" : 1, "sample_1" : -4.73,
 		"sample_2" : 10.26, "sample_3" : -7.82,
 		"sample_4" : 0, "node_id" : 3},

	"3:347" : {"timestamp" : 1346182694, "air_time" : 7,
 		"sequence" : 347, "fails" : 1,
 		"retries" : 1, "sample_1" : -7.56,
 		"sample_2" : 11.32, "sample_3" : -8.79,
 		"sample_4" : 0, "node_id" : 3},

	"3:348" : {"timestamp" : 1346182695, "air_time" : 4,
 		"sequence" : 348, "fails" : 1,
 		"retries" : 1, "sample_1" : -7.96,
 		"sample_2" : 10.99, "sample_3" : -7.50,
 		"sample_4" : 0, "node_id" : 3},

	"3:349" : {"timestamp" : 1346182696, "air_time" : 3,
 		"sequence" : 349, "fails" : 3,
 		"retries" : 0, "sample_1" : -7.60,
 		"sample_2" : 11.15, "sample_3" : -6.36,
 		"sample_4" : 0, "node_id" : 3},

	"3:350" : {"timestamp" : 1346182697, "air_time" : 0,
 		"sequence" : 350, "fails" : 2,
 		"retries" : 2, "sample_1" : -9.45,
 		"sample_2" : 10.21, "sample_3" : -5.60,
 		"sample_4" : 0, "node_id" : 3},

	"3:351" : {"timestamp" : 1346182698, "air_time" : 5,
 		"sequence" : 351, "fails" : 0,
 		"retries" : 2, "sample_1" : -9.40,
 		"sample_2" : 8.59, "sample_3" : -3.28,
 		"sample_4" : 0, "node_id" : 3},

	"3:352" : {"timestamp" : 1346182699, "air_time" : 0,
 		"sequence" : 352, "fails" : 3,
 		"retries" : 1, "sample_1" : -8.15,
 		"sample_2" : 7.62, "sample_3" : -1.13,
 		"sample_4" : 0, "node_id" : 3},

	"3:353" : {"timestamp" : 1346182700, "air_time" : 2,
 		"sequence" : 353, "fails" : 2,
 		"retries" : 2, "sample_1" : -9.10,
 		"sample_2" : 7.52, "sample_3" : 0.49,
 		"sample_4" : 0, "node_id" : 3},

	"3:354" : {"timestamp" : 1346182701, "air_time" : 3,
 		"sequence" : 354, "fails" : 3,
 		"retries" : 2, "sample_1" : -8.06,
 		"sample_2" : 5.35, "sample_3" : 1.03,
 		"sample_4" : 0, "node_id" : 3},

	"3:355" : {"timestamp" : 1346182702, "air_time" : 1,
 		"sequence" : 355, "fails" : 1,
 		"retries" : 1, "sample_1" : -6.56,
 		"sample_2" : 2.93, "sample_3" : 3.74,
 		"sample_4" : 0, "node_id" : 3},

	"3:356" : {"timestamp" : 1346182703, "air_time" : 6,
 		"sequence" : 356, "fails" : 1,
 		"retries" : 1, "sample_1" : -6.33,
 		"sample_2" : 1.23, "sample_3" : 5.17,
 		"sample_4" : 0, "node_id" : 3},

	"3:357" : {"timestamp" : 1346182704, "air_time" : 3,
 		"sequence" : 357, "fails" : 0,
 		"retries" : 2, "sample_1" : -4.80,
 		"sample_2" : 0.68, "sample_3" : 5.97,
 		"sample_4" : 0, "node_id" : 3},

	"3:358" : {"timestamp" : 1346182705, "air_time" : 4,
 		"sequence" : 358, "fails" : 2,
 		"retries" : 0, "sample_1" : -2.72,
 		"sample_2" : -0.74, "sample_3" : 8.88,
 		"sample_4" : 0, "node_id" : 3},

	"3:359" : {"timestamp" : 1346182706, "air_time" : 9,
 		"sequence" : 359, "fails" : 0,
 		"retries" : 2, "sample_1" : -0.24,
 		"sample_2" : -2.40, "sample_3" : 8.48,
 		"sample_4" : 0, "node_id" : 3},

	"3:360" : {"timestamp" : 1346182707, "air_time" : 3,
 		"sequence" : 360, "fails" : 0,
 		"retries" : 2, "sample_1" : 0.80,
 		"sample_2" : -4.84, "sample_3" : 11.03,
 		"sample_4" : 0, "node_id" : 3},

	"3:361" : {"timestamp" : 1346182708, "air_time" : 6,
 		"sequence" : 361, "fails" : 1,
 		"retries" : 1, "sample_1" : 2.44,
 		"sample_2" : -5.31, "sample_3" : 10.40,
 		"sample_4" : 0, "node_id" : 3},

	"3:362" : {"timestamp" : 1346182709, "air_time" : 3,
 		"sequence" : 362, "fails" : 3,
 		"retries" : 2, "sample_1" : 4.02,
 		"sample_2" : -6.48, "sample_3" : 10.07,
 		"sample_4" : 0, "node_id" : 3},

	"3:363" : {"timestamp" : 1346182710, "air_time" : 3,
 		"sequence" : 363, "fails" : 1,
 		"retries" : 2, "sample_1" : 5.50,
 		"sample_2" : -7.11, "sample_3" : 9.95,
 		"sample_4" : 0, "node_id" : 3},

	"3:364" : {"timestamp" : 1346182711, "air_time" : 1,
 		"sequence" : 364, "fails" : 3,
 		"retries" : 2, "sample_1" : 8.33,
 		"sample_2" : -8.96, "sample_3" : 10.72,
 		"sample_4" : 0, "node_id" : 3},

	"3:365" : {"timestamp" : 1346182712, "air_time" : 1,
 		"sequence" : 365, "fails" : 0,
 		"retries" : 2, "sample_1" : 9.26,
 		"sample_2" : -8.82, "sample_3" : 9.69,
 		"sample_4" : 0, "node_id" : 3},

	"3:366" : {"timestamp" : 1346182713, "air_time" : 0,
 		"sequence" : 366, "fails" : 2,
 		"retries" : 1, "sample_1" : 10.06,
 		"sample_2" : -9.09, "sample_3" : 9.30,
 		"sample_4" : 0, "node_id" : 3},

	"3:367" : {"timestamp" : 1346182714, "air_time" : 4,
 		"sequence" : 367, "fails" : 2,
 		"retries" : 1, "sample_1" : 10.50,
 		"sample_2" : -8.65, "sample_3" : 8.16,
 		"sample_4" : 0, "node_id" : 3},

	"3:368" : {"timestamp" : 1346182715, "air_time" : 3,
 		"sequence" : 368, "fails" : 3,
 		"retries" : 0, "sample_1" : 10.45,
 		"sample_2" : -8.21, "sample_3" : 6.50,
 		"sample_4" : 0, "node_id" : 3},

	"3:369" : {"timestamp" : 1346182716, "air_time" : 0,
 		"sequence" : 369, "fails" : 1,
 		"retries" : 1, "sample_1" : 11.90,
 		"sample_2" : -7.89, "sample_3" : 5.48,
 		"sample_4" : 0, "node_id" : 3},

	"3:370" : {"timestamp" : 1346182717, "air_time" : 5,
 		"sequence" : 370, "fails" : 2,
 		"retries" : 2, "sample_1" : 11.65,
 		"sample_2" : -6.12, "sample_3" : 3.43,
 		"sample_4" : 0, "node_id" : 3},

	"3:371" : {"timestamp" : 1346182718, "air_time" : 9,
 		"sequence" : 371, "fails" : 1,
 		"retries" : 1, "sample_1" : 11.30,
 		"sample_2" : -4.52, "sample_3" : 1.81,
 		"sample_4" : 0, "node_id" : 3},

	"3:372" : {"timestamp" : 1346182719, "air_time" : 4,
 		"sequence" : 372, "fails" : 2,
 		"retries" : 2, "sample_1" : 9.26,
 		"sample_2" : -2.75, "sample_3" : -0.03,
 		"sample_4" : 0, "node_id" : 3},

	"3:373" : {"timestamp" : 1346182720, "air_time" : 2,
 		"sequence" : 373, "fails" : 3,
 		"retries" : 2, "sample_1" : 9.56,
 		"sample_2" : -2.03, "sample_3" : -1.54,
 		"sample_4" : 0, "node_id" : 3},

	"3:374" : {"timestamp" : 1346182721, "air_time" : 5,
 		"sequence" : 374, "fails" : 2,
 		"retries" : 1, "sample_1" : 6.73,
 		"sample_2" : -0.23, "sample_3" : -4.17,
 		"sample_4" : 0, "node_id" : 3},

	"3:375" : {"timestamp" : 1346182722, "air_time" : 9,
 		"sequence" : 375, "fails" : 3,
 		"retries" : 1, "sample_1" : 6.90,
 		"sample_2" : 1.92, "sample_3" : -5.47,
 		"sample_4" : 0, "node_id" : 3},

	"3:376" : {"timestamp" : 1346182723, "air_time" : 7,
 		"sequence" : 376, "fails" : 3,
 		"retries" : 1, "sample_1" : 4.42,
 		"sample_2" : 3.84, "sample_3" : -5.78,
 		"sample_4" : 0, "node_id" : 3},

	"3:377" : {"timestamp" : 1346182724, "air_time" : 2,
 		"sequence" : 377, "fails" : 1,
 		"retries" : 0, "sample_1" : 3.54,
 		"sample_2" : 5.50, "sample_3" : -7.98,
 		"sample_4" : 0, "node_id" : 3},

	"3:378" : {"timestamp" : 1346182725, "air_time" : 1,
 		"sequence" : 378, "fails" : 2,
 		"retries" : 1, "sample_1" : 0.40,
 		"sample_2" : 5.84, "sample_3" : -9.03,
 		"sample_4" : 0, "node_id" : 3},

	"3:379" : {"timestamp" : 1346182726, "air_time" : 2,
 		"sequence" : 379, "fails" : 0,
 		"retries" : 0, "sample_1" : 0.06,
 		"sample_2" : 7.71, "sample_3" : -9.00,
 		"sample_4" : 0, "node_id" : 3},

	"3:380" : {"timestamp" : 1346182727, "air_time" : 7,
 		"sequence" : 380, "fails" : 0,
 		"retries" : 2, "sample_1" : -2.62,
 		"sample_2" : 8.18, "sample_3" : -9.57,
 		"sample_4" : 0, "node_id" : 3},

	"3:381" : {"timestamp" : 1346182728, "air_time" : 7,
 		"sequence" : 381, "fails" : 1,
 		"retries" : 1, "sample_1" : -3.10,
 		"sample_2" : 9.41, "sample_3" : -9.05,
 		"sample_4" : 0, "node_id" : 3},

	"3:382" : {"timestamp" : 1346182729, "air_time" : 1,
 		"sequence" : 382, "fails" : 3,
 		"retries" : 1, "sample_1" : -6.23,
 		"sample_2" : 11.06, "sample_3" : -8.32,
 		"sample_4" : 0, "node_id" : 3},

	"3:383" : {"timestamp" : 1346182730, "air_time" : 5,
 		"sequence" : 383, "fails" : 2,
 		"retries" : 2, "sample_1" : -7.26,
 		"sample_2" : 11.62, "sample_3" : -8.99,
 		"sample_4" : 0, "node_id" : 3},

	"3:384" : {"timestamp" : 1346182731, "air_time" : 3,
 		"sequence" : 384, "fails" : 1,
 		"retries" : 2, "sample_1" : -7.46,
 		"sample_2" : 11.39, "sample_3" : -7.20,
 		"sample_4" : 0, "node_id" : 3},

	"3:385" : {"timestamp" : 1346182732, "air_time" : 2,
 		"sequence" : 385, "fails" : 1,
 		"retries" : 2, "sample_1" : -8.40,
 		"sample_2" : 10.45, "sample_3" : -6.26,
 		"sample_4" : 0, "node_id" : 3},

	"3:386" : {"timestamp" : 1346182733, "air_time" : 6,
 		"sequence" : 386, "fails" : 0,
 		"retries" : 1, "sample_1" : -8.95,
 		"sample_2" : 10.91, "sample_3" : -5.50,
 		"sample_4" : 0, "node_id" : 3},

	"3:387" : {"timestamp" : 1346182734, "air_time" : 8,
 		"sequence" : 387, "fails" : 2,
 		"retries" : 0, "sample_1" : -9.50,
 		"sample_2" : 8.39, "sample_3" : -2.78,
 		"sample_4" : 0, "node_id" : 3},

	"3:388" : {"timestamp" : 1346182735, "air_time" : 8,
 		"sequence" : 388, "fails" : 2,
 		"retries" : 0, "sample_1" : -8.05,
 		"sample_2" : 9.12, "sample_3" : -1.63,
 		"sample_4" : 0, "node_id" : 3},

	"3:389" : {"timestamp" : 1346182736, "air_time" : 8,
 		"sequence" : 389, "fails" : 1,
 		"retries" : 2, "sample_1" : -9.20,
 		"sample_2" : 6.32, "sample_3" : 0.49,
 		"sample_4" : 0, "node_id" : 3},

	"3:390" : {"timestamp" : 1346182737, "air_time" : 7,
 		"sequence" : 390, "fails" : 2,
 		"retries" : 1, "sample_1" : -7.76,
 		"sample_2" : 4.95, "sample_3" : 1.13,
 		"sample_4" : 0, "node_id" : 3},

	"3:391" : {"timestamp" : 1346182738, "air_time" : 3,
 		"sequence" : 391, "fails" : 2,
 		"retries" : 2, "sample_1" : -6.86,
 		"sample_2" : 3.03, "sample_3" : 4.54,
 		"sample_4" : 0, "node_id" : 3},

	"3:392" : {"timestamp" : 1346182739, "air_time" : 3,
 		"sequence" : 392, "fails" : 2,
 		"retries" : 2, "sample_1" : -4.93,
 		"sample_2" : 2.93, "sample_3" : 4.77,
 		"sample_4" : 0, "node_id" : 3},

	"3:393" : {"timestamp" : 1346182740, "air_time" : 6,
 		"sequence" : 393, "fails" : 0,
 		"retries" : 2, "sample_1" : -4.60,
 		"sample_2" : 1.28, "sample_3" : 5.87,
 		"sample_4" : 0, "node_id" : 3},

	"3:394" : {"timestamp" : 1346182741, "air_time" : 4,
 		"sequence" : 394, "fails" : 3,
 		"retries" : 0, "sample_1" : -2.02,
 		"sample_2" : -2.14, "sample_3" : 8.18,
 		"sample_4" : 0, "node_id" : 3},

	"3:395" : {"timestamp" : 1346182742, "air_time" : 4,
 		"sequence" : 395, "fails" : 3,
 		"retries" : 2, "sample_1" : 0.16,
 		"sample_2" : -2.90, "sample_3" : 8.48,
 		"sample_4" : 0, "node_id" : 3},

	"3:396" : {"timestamp" : 1346182743, "air_time" : 5,
 		"sequence" : 396, "fails" : 1,
 		"retries" : 2, "sample_1" : 0.10,
 		"sample_2" : -4.54, "sample_3" : 10.03,
 		"sample_4" : 0, "node_id" : 3},

	"3:397" : {"timestamp" : 1346182744, "air_time" : 4,
 		"sequence" : 397, "fails" : 1,
 		"retries" : 1, "sample_1" : 2.04,
 		"sample_2" : -5.21, "sample_3" : 10.00,
 		"sample_4" : 0, "node_id" : 3},

	"3:398" : {"timestamp" : 1346182745, "air_time" : 5,
 		"sequence" : 398, "fails" : 1,
 		"retries" : 1, "sample_1" : 5.02,
 		"sample_2" : -7.88, "sample_3" : 11.17,
 		"sample_4" : 0, "node_id" : 3},

	"3:399" : {"timestamp" : 1346182746, "air_time" : 6,
 		"sequence" : 399, "fails" : 1,
 		"retries" : 1, "sample_1" : 6.90,
 		"sample_2" : -7.81, "sample_3" : 11.35,
 		"sample_4" : 0, "node_id" : 3},

	"3:400" : {"timestamp" : 1346182747, "air_time" : 8,
 		"sequence" : 400, "fails" : 0,
 		"retries" : 1, "sample_1" : 8.03,
 		"sample_2" : -8.86, "sample_3" : 11.02,
 		"sample_4" : 0, "node_id" : 3},

	"3:401" : {"timestamp" : 1346182748, "air_time" : 6,
 		"sequence" : 401, "fails" : 1,
 		"retries" : 0, "sample_1" : 9.16,
 		"sample_2" : -8.82, "sample_3" : 9.29,
 		"sample_4" : 0, "node_id" : 3},

	"3:402" : {"timestamp" : 1346182749, "air_time" : 3,
 		"sequence" : 402, "fails" : 3,
 		"retries" : 1, "sample_1" : 9.16,
 		"sample_2" : -8.59, "sample_3" : 8.40,
 		"sample_4" : 0, "node_id" : 3},

	"3:403" : {"timestamp" : 1346182750, "air_time" : 0,
 		"sequence" : 403, "fails" : 1,
 		"retries" : 2, "sample_1" : 9.50,
 		"sample_2" : -8.95, "sample_3" : 7.76,
 		"sample_4" : 0, "node_id" : 3},

	"3:404" : {"timestamp" : 1346182751, "air_time" : 1,
 		"sequence" : 404, "fails" : 0,
 		"retries" : 2, "sample_1" : 10.35,
 		"sample_2" : -8.81, "sample_3" : 6.70,
 		"sample_4" : 0, "node_id" : 3},

	"3:405" : {"timestamp" : 1346182752, "air_time" : 3,
 		"sequence" : 405, "fails" : 3,
 		"retries" : 0, "sample_1" : 11.50,
 		"sample_2" : -8.39, "sample_3" : 4.28,
 		"sample_4" : 0, "node_id" : 3},

	"3:406" : {"timestamp" : 1346182753, "air_time" : 3,
 		"sequence" : 406, "fails" : 3,
 		"retries" : 2, "sample_1" : 9.95,
 		"sample_2" : -6.22, "sample_3" : 2.93,
 		"sample_4" : 0, "node_id" : 3},

	"3:407" : {"timestamp" : 1346182754, "air_time" : 6,
 		"sequence" : 407, "fails" : 0,
 		"retries" : 1, "sample_1" : 10.20,
 		"sample_2" : -5.92, "sample_3" : 1.51,
 		"sample_4" : 0, "node_id" : 3},

	"3:408" : {"timestamp" : 1346182755, "air_time" : 4,
 		"sequence" : 408, "fails" : 1,
 		"retries" : 1, "sample_1" : 9.66,
 		"sample_2" : -3.65, "sample_3" : -0.83,
 		"sample_4" : 0, "node_id" : 3},

	"3:409" : {"timestamp" : 1346182756, "air_time" : 5,
 		"sequence" : 409, "fails" : 3,
 		"retries" : 0, "sample_1" : 8.96,
 		"sample_2" : -2.83, "sample_3" : -1.74,
 		"sample_4" : 0, "node_id" : 3},

	"3:410" : {"timestamp" : 1346182757, "air_time" : 3,
 		"sequence" : 410, "fails" : 2,
 		"retries" : 1, "sample_1" : 7.73,
 		"sample_2" : 0.47, "sample_3" : -4.07,
 		"sample_4" : 0, "node_id" : 3},

	"3:411" : {"timestamp" : 1346182758, "air_time" : 8,
 		"sequence" : 411, "fails" : 3,
 		"retries" : 1, "sample_1" : 6.80,
 		"sample_2" : 1.52, "sample_3" : -4.07,
 		"sample_4" : 0, "node_id" : 3},

	"3:412" : {"timestamp" : 1346182759, "air_time" : 4,
 		"sequence" : 412, "fails" : 3,
 		"retries" : 1, "sample_1" : 4.12,
 		"sample_2" : 2.94, "sample_3" : -7.08,
 		"sample_4" : 0, "node_id" : 3},

	"3:413" : {"timestamp" : 1346182760, "air_time" : 6,
 		"sequence" : 413, "fails" : 0,
 		"retries" : 2, "sample_1" : 3.14,
 		"sample_2" : 5.30, "sample_3" : -7.08,
 		"sample_4" : 0, "node_id" : 3},

	"3:414" : {"timestamp" : 1346182761, "air_time" : 1,
 		"sequence" : 414, "fails" : 2,
 		"retries" : 0, "sample_1" : 0.10,
 		"sample_2" : 6.24, "sample_3" : -8.63,
 		"sample_4" : 0, "node_id" : 3},

	"3:415" : {"timestamp" : 1346182762, "air_time" : 9,
 		"sequence" : 415, "fails" : 2,
 		"retries" : 1, "sample_1" : -1.24,
 		"sample_2" : 8.61, "sample_3" : -8.70,
 		"sample_4" : 0, "node_id" : 3},

	"3:416" : {"timestamp" : 1346182763, "air_time" : 5,
 		"sequence" : 416, "fails" : 3,
 		"retries" : 1, "sample_1" : -3.12,
 		"sample_2" : 8.08, "sample_3" : -8.27,
 		"sample_4" : 0, "node_id" : 3},

	"3:417" : {"timestamp" : 1346182764, "air_time" : 3,
 		"sequence" : 417, "fails" : 0,
 		"retries" : 2, "sample_1" : -5.00,
 		"sample_2" : 8.91, "sample_3" : -8.95,
 		"sample_4" : 0, "node_id" : 3},

	"3:418" : {"timestamp" : 1346182765, "air_time" : 0,
 		"sequence" : 418, "fails" : 3,
 		"retries" : 2, "sample_1" : -6.13,
 		"sample_2" : 10.86, "sample_3" : -7.92,
 		"sample_4" : 0, "node_id" : 3},

	"3:419" : {"timestamp" : 1346182766, "air_time" : 9,
 		"sequence" : 419, "fails" : 3,
 		"retries" : 0, "sample_1" : -5.76,
 		"sample_2" : 10.62, "sample_3" : -8.09,
 		"sample_4" : 0, "node_id" : 3},

	"3:420" : {"timestamp" : 1346182767, "air_time" : 3,
 		"sequence" : 420, "fails" : 2,
 		"retries" : 1, "sample_1" : -6.86,
 		"sample_2" : 11.49, "sample_3" : -6.40,
 		"sample_4" : 0, "node_id" : 3},

	"3:421" : {"timestamp" : 1346182768, "air_time" : 0,
 		"sequence" : 421, "fails" : 0,
 		"retries" : 2, "sample_1" : -7.80,
 		"sample_2" : 11.05, "sample_3" : -5.66,
 		"sample_4" : 0, "node_id" : 3},

	"3:422" : {"timestamp" : 1346182769, "air_time" : 1,
 		"sequence" : 422, "fails" : 2,
 		"retries" : 2, "sample_1" : -8.15,
 		"sample_2" : 10.21, "sample_3" : -3.80,
 		"sample_4" : 0, "node_id" : 3},

	"3:423" : {"timestamp" : 1346182770, "air_time" : 7,
 		"sequence" : 423, "fails" : 0,
 		"retries" : 2, "sample_1" : -8.20,
 		"sample_2" : 9.99, "sample_3" : -3.08,
 		"sample_4" : 0, "node_id" : 3},

	"3:424" : {"timestamp" : 1346182771, "air_time" : 9,
 		"sequence" : 424, "fails" : 3,
 		"retries" : 2, "sample_1" : -9.75,
 		"sample_2" : 8.22, "sample_3" : -0.53,
 		"sample_4" : 0, "node_id" : 3},

	"3:425" : {"timestamp" : 1346182772, "air_time" : 4,
 		"sequence" : 425, "fails" : 0,
 		"retries" : 0, "sample_1" : -8.70,
 		"sample_2" : 7.12, "sample_3" : 1.19,
 		"sample_4" : 0, "node_id" : 3},

	"3:426" : {"timestamp" : 1346182773, "air_time" : 8,
 		"sequence" : 426, "fails" : 1,
 		"retries" : 1, "sample_1" : -8.16,
 		"sample_2" : 5.75, "sample_3" : 2.43,
 		"sample_4" : 0, "node_id" : 3},

	"3:427" : {"timestamp" : 1346182774, "air_time" : 0,
 		"sequence" : 427, "fails" : 2,
 		"retries" : 0, "sample_1" : -5.96,
 		"sample_2" : 3.63, "sample_3" : 3.34,
 		"sample_4" : 0, "node_id" : 3},

	"3:428" : {"timestamp" : 1346182775, "air_time" : 4,
 		"sequence" : 428, "fails" : 1,
 		"retries" : 0, "sample_1" : -6.33,
 		"sample_2" : 3.13, "sample_3" : 5.27,
 		"sample_4" : 0, "node_id" : 3},

	"3:429" : {"timestamp" : 1346182776, "air_time" : 4,
 		"sequence" : 429, "fails" : 3,
 		"retries" : 0, "sample_1" : -4.00,
 		"sample_2" : 0.88, "sample_3" : 6.97,
 		"sample_4" : 0, "node_id" : 3},

	"3:430" : {"timestamp" : 1346182777, "air_time" : 5,
 		"sequence" : 430, "fails" : 1,
 		"retries" : 2, "sample_1" : -3.12,
 		"sample_2" : -0.94, "sample_3" : 8.28,
 		"sample_4" : 0, "node_id" : 3},

	"3:431" : {"timestamp" : 1346182778, "air_time" : 6,
 		"sequence" : 431, "fails" : 0,
 		"retries" : 1, "sample_1" : -1.44,
 		"sample_2" : -2.20, "sample_3" : 9.48,
 		"sample_4" : 0, "node_id" : 3},

	"3:432" : {"timestamp" : 1346182779, "air_time" : 2,
 		"sequence" : 432, "fails" : 2,
 		"retries" : 1, "sample_1" : 0.70,
 		"sample_2" : -5.24, "sample_3" : 9.73,
 		"sample_4" : 0, "node_id" : 3},

	"3:433" : {"timestamp" : 1346182780, "air_time" : 5,
 		"sequence" : 433, "fails" : 3,
 		"retries" : 0, "sample_1" : 3.24,
 		"sample_2" : -6.21, "sample_3" : 9.70,
 		"sample_4" : 0, "node_id" : 3},

	"3:434" : {"timestamp" : 1346182781, "air_time" : 1,
 		"sequence" : 434, "fails" : 1,
 		"retries" : 0, "sample_1" : 3.52,
 		"sample_2" : -7.18, "sample_3" : 9.97,
 		"sample_4" : 0, "node_id" : 3},

	"3:435" : {"timestamp" : 1346182782, "air_time" : 9,
 		"sequence" : 435, "fails" : 2,
 		"retries" : 2, "sample_1" : 6.70,
 		"sample_2" : -7.01, "sample_3" : 10.75,
 		"sample_4" : 0, "node_id" : 3},

	"3:436" : {"timestamp" : 1346182783, "air_time" : 4,
 		"sequence" : 436, "fails" : 0,
 		"retries" : 1, "sample_1" : 6.73,
 		"sample_2" : -8.06, "sample_3" : 10.02,
 		"sample_4" : 0, "node_id" : 3},

	"3:437" : {"timestamp" : 1346182784, "air_time" : 3,
 		"sequence" : 437, "fails" : 1,
 		"retries" : 2, "sample_1" : 9.46,
 		"sample_2" : -8.52, "sample_3" : 9.99,
 		"sample_4" : 0, "node_id" : 3},

	"3:438" : {"timestamp" : 1346182785, "air_time" : 8,
 		"sequence" : 438, "fails" : 1,
 		"retries" : 2, "sample_1" : 10.06,
 		"sample_2" : -8.89, "sample_3" : 10.00,
 		"sample_4" : 0, "node_id" : 3},

	"3:439" : {"timestamp" : 1346182786, "air_time" : 7,
 		"sequence" : 439, "fails" : 0,
 		"retries" : 2, "sample_1" : 10.00,
 		"sample_2" : -9.55, "sample_3" : 7.16,
 		"sample_4" : 0, "node_id" : 3},

	"3:440" : {"timestamp" : 1346182787, "air_time" : 4,
 		"sequence" : 440, "fails" : 0,
 		"retries" : 0, "sample_1" : 11.65,
 		"sample_2" : -8.41, "sample_3" : 7.30,
 		"sample_4" : 0, "node_id" : 3},

	"3:441" : {"timestamp" : 1346182788, "air_time" : 7,
 		"sequence" : 441, "fails" : 2,
 		"retries" : 1, "sample_1" : 10.70,
 		"sample_2" : -6.59, "sample_3" : 4.78,
 		"sample_4" : 0, "node_id" : 3},

	"3:442" : {"timestamp" : 1346182789, "air_time" : 5,
 		"sequence" : 442, "fails" : 0,
 		"retries" : 2, "sample_1" : 11.65,
 		"sample_2" : -6.52, "sample_3" : 3.73,
 		"sample_4" : 0, "node_id" : 3},

	"3:443" : {"timestamp" : 1346182790, "air_time" : 6,
 		"sequence" : 443, "fails" : 3,
 		"retries" : 2, "sample_1" : 9.70,
 		"sample_2" : -5.92, "sample_3" : 0.81,
 		"sample_4" : 0, "node_id" : 3},

	"3:444" : {"timestamp" : 1346182791, "air_time" : 0,
 		"sequence" : 444, "fails" : 1,
 		"retries" : 0, "sample_1" : 10.36,
 		"sample_2" : -4.25, "sample_3" : -0.93,
 		"sample_4" : 0, "node_id" : 3},

	"3:445" : {"timestamp" : 1346182792, "air_time" : 5,
 		"sequence" : 445, "fails" : 2,
 		"retries" : 0, "sample_1" : 8.16,
 		"sample_2" : -2.63, "sample_3" : -1.94,
 		"sample_4" : 0, "node_id" : 3},

	"3:446" : {"timestamp" : 1346182793, "air_time" : 1,
 		"sequence" : 446, "fails" : 2,
 		"retries" : 2, "sample_1" : 6.43,
 		"sample_2" : -0.03, "sample_3" : -4.07,
 		"sample_4" : 0, "node_id" : 3},

	"3:447" : {"timestamp" : 1346182794, "air_time" : 2,
 		"sequence" : 447, "fails" : 3,
 		"retries" : 0, "sample_1" : 5.90,
 		"sample_2" : 1.62, "sample_3" : -5.27,
 		"sample_4" : 0, "node_id" : 3},

	"3:448" : {"timestamp" : 1346182795, "air_time" : 6,
 		"sequence" : 448, "fails" : 0,
 		"retries" : 2, "sample_1" : 4.02,
 		"sample_2" : 3.24, "sample_3" : -5.38,
 		"sample_4" : 0, "node_id" : 3},

	"3:449" : {"timestamp" : 1346182796, "air_time" : 6,
 		"sequence" : 449, "fails" : 3,
 		"retries" : 1, "sample_1" : 1.74,
 		"sample_2" : 5.70, "sample_3" : -7.88,
 		"sample_4" : 0, "node_id" : 3},

	"3:450" : {"timestamp" : 1346182797, "air_time" : 3,
 		"sequence" : 450, "fails" : 0,
 		"retries" : 2, "sample_1" : 0.40,
 		"sample_2" : 6.34, "sample_3" : -8.53,
 		"sample_4" : 0, "node_id" : 3},

	"3:451" : {"timestamp" : 1346182798, "air_time" : 0,
 		"sequence" : 451, "fails" : 0,
 		"retries" : 0, "sample_1" : -1.34,
 		"sample_2" : 8.41, "sample_3" : -7.90,
 		"sample_4" : 0, "node_id" : 3},

	"3:452" : {"timestamp" : 1346182799, "air_time" : 4,
 		"sequence" : 452, "fails" : 3,
 		"retries" : 1, "sample_1" : -1.62,
 		"sample_2" : 9.48, "sample_3" : -9.37,
 		"sample_4" : 0, "node_id" : 3},

	"3:453" : {"timestamp" : 1346182800, "air_time" : 9,
 		"sequence" : 453, "fails" : 2,
 		"retries" : 1, "sample_1" : -4.10,
 		"sample_2" : 9.71, "sample_3" : -9.95,
 		"sample_4" : 0, "node_id" : 3},

	"3:454" : {"timestamp" : 1346182801, "air_time" : 5,
 		"sequence" : 454, "fails" : 2,
 		"retries" : 1, "sample_1" : -6.43,
 		"sample_2" : 9.86, "sample_3" : -9.02,
 		"sample_4" : 0, "node_id" : 3},

	"3:455" : {"timestamp" : 1346182802, "air_time" : 0,
 		"sequence" : 455, "fails" : 0,
 		"retries" : 2, "sample_1" : -5.76,
 		"sample_2" : 10.62, "sample_3" : -7.99,
 		"sample_4" : 0, "node_id" : 3},

	"3:456" : {"timestamp" : 1346182803, "air_time" : 4,
 		"sequence" : 456, "fails" : 3,
 		"retries" : 1, "sample_1" : -8.46,
 		"sample_2" : 10.39, "sample_3" : -6.20,
 		"sample_4" : 0, "node_id" : 3},

	"3:457" : {"timestamp" : 1346182804, "air_time" : 3,
 		"sequence" : 457, "fails" : 1,
 		"retries" : 2, "sample_1" : -8.40,
 		"sample_2" : 9.75, "sample_3" : -6.16,
 		"sample_4" : 0, "node_id" : 3},

	"3:458" : {"timestamp" : 1346182805, "air_time" : 0,
 		"sequence" : 458, "fails" : 2,
 		"retries" : 2, "sample_1" : -9.05,
 		"sample_2" : 10.81, "sample_3" : -3.70,
 		"sample_4" : 0, "node_id" : 3},

	"3:459" : {"timestamp" : 1346182806, "air_time" : 9,
 		"sequence" : 459, "fails" : 3,
 		"retries" : 0, "sample_1" : -8.70,
 		"sample_2" : 10.09, "sample_3" : -2.98,
 		"sample_4" : 0, "node_id" : 3},

	"3:460" : {"timestamp" : 1346182807, "air_time" : 8,
 		"sequence" : 460, "fails" : 3,
 		"retries" : 2, "sample_1" : -9.15,
 		"sample_2" : 8.62, "sample_3" : -1.43,
 		"sample_4" : 0, "node_id" : 3},

	"3:461" : {"timestamp" : 1346182808, "air_time" : 4,
 		"sequence" : 461, "fails" : 2,
 		"retries" : 2, "sample_1" : -8.30,
 		"sample_2" : 6.42, "sample_3" : -0.11,
 		"sample_4" : 0, "node_id" : 3},

	"3:462" : {"timestamp" : 1346182809, "air_time" : 9,
 		"sequence" : 462, "fails" : 0,
 		"retries" : 0, "sample_1" : -7.16,
 		"sample_2" : 5.55, "sample_3" : 1.73,
 		"sample_4" : 0, "node_id" : 3},

	"3:463" : {"timestamp" : 1346182810, "air_time" : 2,
 		"sequence" : 463, "fails" : 0,
 		"retries" : 1, "sample_1" : -6.46,
 		"sample_2" : 3.23, "sample_3" : 3.04,
 		"sample_4" : 0, "node_id" : 3},

	"3:464" : {"timestamp" : 1346182811, "air_time" : 9,
 		"sequence" : 464, "fails" : 0,
 		"retries" : 2, "sample_1" : -6.23,
 		"sample_2" : 2.53, "sample_3" : 5.47,
 		"sample_4" : 0, "node_id" : 3},

	"3:465" : {"timestamp" : 1346182812, "air_time" : 6,
 		"sequence" : 465, "fails" : 0,
 		"retries" : 1, "sample_1" : -3.50,
 		"sample_2" : 0.08, "sample_3" : 6.57,
 		"sample_4" : 0, "node_id" : 3},

	"3:466" : {"timestamp" : 1346182813, "air_time" : 4,
 		"sequence" : 466, "fails" : 0,
 		"retries" : 1, "sample_1" : -2.62,
 		"sample_2" : -0.64, "sample_3" : 7.88,
 		"sample_4" : 0, "node_id" : 3},

	"3:467" : {"timestamp" : 1346182814, "air_time" : 5,
 		"sequence" : 467, "fails" : 1,
 		"retries" : 2, "sample_1" : -0.24,
 		"sample_2" : -2.10, "sample_3" : 8.38,
 		"sample_4" : 0, "node_id" : 3},

	"3:468" : {"timestamp" : 1346182815, "air_time" : 3,
 		"sequence" : 468, "fails" : 2,
 		"retries" : 1, "sample_1" : 1.40,
 		"sample_2" : -4.54, "sample_3" : 10.13,
 		"sample_4" : 0, "node_id" : 3},

	"3:469" : {"timestamp" : 1346182816, "air_time" : 9,
 		"sequence" : 469, "fails" : 0,
 		"retries" : 2, "sample_1" : 1.84,
 		"sample_2" : -6.51, "sample_3" : 10.60,
 		"sample_4" : 0, "node_id" : 3},

	"3:470" : {"timestamp" : 1346182817, "air_time" : 1,
 		"sequence" : 470, "fails" : 2,
 		"retries" : 0, "sample_1" : 3.62,
 		"sample_2" : -7.38, "sample_3" : 11.77,
 		"sample_4" : 0, "node_id" : 3},

	"3:471" : {"timestamp" : 1346182818, "air_time" : 3,
 		"sequence" : 471, "fails" : 2,
 		"retries" : 2, "sample_1" : 6.50,
 		"sample_2" : -7.21, "sample_3" : 11.85,
 		"sample_4" : 0, "node_id" : 3},

	"3:472" : {"timestamp" : 1346182819, "air_time" : 8,
 		"sequence" : 472, "fails" : 0,
 		"retries" : 2, "sample_1" : 7.73,
 		"sample_2" : -9.26, "sample_3" : 9.72,
 		"sample_4" : 0, "node_id" : 3},

	"3:473" : {"timestamp" : 1346182820, "air_time" : 6,
 		"sequence" : 473, "fails" : 0,
 		"retries" : 1, "sample_1" : 8.76,
 		"sample_2" : -8.52, "sample_3" : 10.59,
 		"sample_4" : 0, "node_id" : 3},

	"3:474" : {"timestamp" : 1346182821, "air_time" : 7,
 		"sequence" : 474, "fails" : 1,
 		"retries" : 0, "sample_1" : 10.16,
 		"sample_2" : -8.19, "sample_3" : 9.10,
 		"sample_4" : 0, "node_id" : 3},

	"3:475" : {"timestamp" : 1346182822, "air_time" : 9,
 		"sequence" : 475, "fails" : 2,
 		"retries" : 0, "sample_1" : 9.80,
 		"sample_2" : -9.45, "sample_3" : 7.36,
 		"sample_4" : 0, "node_id" : 3},

	"3:476" : {"timestamp" : 1346182823, "air_time" : 2,
 		"sequence" : 476, "fails" : 2,
 		"retries" : 0, "sample_1" : 11.75,
 		"sample_2" : -8.51, "sample_3" : 5.80,
 		"sample_4" : 0, "node_id" : 3},

	"3:477" : {"timestamp" : 1346182824, "air_time" : 1,
 		"sequence" : 477, "fails" : 2,
 		"retries" : 0, "sample_1" : 10.50,
 		"sample_2" : -6.49, "sample_3" : 4.28,
 		"sample_4" : 0, "node_id" : 3},

	"3:478" : {"timestamp" : 1346182825, "air_time" : 1,
 		"sequence" : 478, "fails" : 2,
 		"retries" : 1, "sample_1" : 9.85,
 		"sample_2" : -5.72, "sample_3" : 2.93,
 		"sample_4" : 0, "node_id" : 3},

	"3:479" : {"timestamp" : 1346182826, "air_time" : 2,
 		"sequence" : 479, "fails" : 1,
 		"retries" : 0, "sample_1" : 10.80,
 		"sample_2" : -4.52, "sample_3" : 1.91,
 		"sample_4" : 0, "node_id" : 3},

	"3:480" : {"timestamp" : 1346182827, "air_time" : 7,
 		"sequence" : 480, "fails" : 2,
 		"retries" : 0, "sample_1" : 10.06,
 		"sample_2" : -3.45, "sample_3" : -0.13,
 		"sample_4" : 0, "node_id" : 3},

	"3:481" : {"timestamp" : 1346182828, "air_time" : 0,
 		"sequence" : 481, "fails" : 0,
 		"retries" : 2, "sample_1" : 9.46,
 		"sample_2" : -1.33, "sample_3" : -1.44,
 		"sample_4" : 0, "node_id" : 3},

	"3:482" : {"timestamp" : 1346182829, "air_time" : 9,
 		"sequence" : 482, "fails" : 0,
 		"retries" : 2, "sample_1" : 6.83,
 		"sample_2" : 0.47, "sample_3" : -3.87,
 		"sample_4" : 0, "node_id" : 3},

	"3:483" : {"timestamp" : 1346182830, "air_time" : 8,
 		"sequence" : 483, "fails" : 1,
 		"retries" : 1, "sample_1" : 5.90,
 		"sample_2" : 0.82, "sample_3" : -5.17,
 		"sample_4" : 0, "node_id" : 3},

	"3:484" : {"timestamp" : 1346182831, "air_time" : 1,
 		"sequence" : 484, "fails" : 3,
 		"retries" : 0, "sample_1" : 4.42,
 		"sample_2" : 4.14, "sample_3" : -6.98,
 		"sample_4" : 0, "node_id" : 3},

	"3:485" : {"timestamp" : 1346182832, "air_time" : 3,
 		"sequence" : 485, "fails" : 0,
 		"retries" : 0, "sample_1" : 1.74,
 		"sample_2" : 5.30, "sample_3" : -7.18,
 		"sample_4" : 0, "node_id" : 3},

	"3:486" : {"timestamp" : 1346182833, "air_time" : 8,
 		"sequence" : 486, "fails" : 0,
 		"retries" : 2, "sample_1" : 1.50,
 		"sample_2" : 5.74, "sample_3" : -7.43,
 		"sample_4" : 0, "node_id" : 3},

	"3:487" : {"timestamp" : 1346182834, "air_time" : 1,
 		"sequence" : 487, "fails" : 2,
 		"retries" : 2, "sample_1" : -0.54,
 		"sample_2" : 8.21, "sample_3" : -9.70,
 		"sample_4" : 0, "node_id" : 3},

	"3:488" : {"timestamp" : 1346182835, "air_time" : 5,
 		"sequence" : 488, "fails" : 1,
 		"retries" : 2, "sample_1" : -2.82,
 		"sample_2" : 8.58, "sample_3" : -9.87,
 		"sample_4" : 0, "node_id" : 3},

	"3:489" : {"timestamp" : 1346182836, "air_time" : 8,
 		"sequence" : 489, "fails" : 3,
 		"retries" : 1, "sample_1" : -5.00,
 		"sample_2" : 9.11, "sample_3" : -9.85,
 		"sample_4" : 0, "node_id" : 3},

	"3:490" : {"timestamp" : 1346182837, "air_time" : 7,
 		"sequence" : 490, "fails" : 1,
 		"retries" : 0, "sample_1" : -5.63,
 		"sample_2" : 10.86, "sample_3" : -7.82,
 		"sample_4" : 0, "node_id" : 3},

	"3:491" : {"timestamp" : 1346182838, "air_time" : 3,
 		"sequence" : 491, "fails" : 0,
 		"retries" : 0, "sample_1" : -6.06,
 		"sample_2" : 10.42, "sample_3" : -8.69,
 		"sample_4" : 0, "node_id" : 3},

	"3:492" : {"timestamp" : 1346182839, "air_time" : 7,
 		"sequence" : 492, "fails" : 2,
 		"retries" : 2, "sample_1" : -8.06,
 		"sample_2" : 10.79, "sample_3" : -7.60,
 		"sample_4" : 0, "node_id" : 3},

	"3:493" : {"timestamp" : 1346182840, "air_time" : 4,
 		"sequence" : 493, "fails" : 2,
 		"retries" : 0, "sample_1" : -7.70,
 		"sample_2" : 10.75, "sample_3" : -5.76,
 		"sample_4" : 0, "node_id" : 3},

	"3:494" : {"timestamp" : 1346182841, "air_time" : 4,
 		"sequence" : 494, "fails" : 1,
 		"retries" : 1, "sample_1" : -9.75,
 		"sample_2" : 10.61, "sample_3" : -4.20,
 		"sample_4" : 0, "node_id" : 3},

	"3:495" : {"timestamp" : 1346182842, "air_time" : 4,
 		"sequence" : 495, "fails" : 3,
 		"retries" : 0, "sample_1" : -10.00,
 		"sample_2" : 9.09, "sample_3" : -3.18,
 		"sample_4" : 0, "node_id" : 3},

	"3:496" : {"timestamp" : 1346182843, "air_time" : 5,
 		"sequence" : 496, "fails" : 1,
 		"retries" : 1, "sample_1" : -9.35,
 		"sample_2" : 7.42, "sample_3" : -2.43,
 		"sample_4" : 0, "node_id" : 3},

	"3:497" : {"timestamp" : 1346182844, "air_time" : 4,
 		"sequence" : 497, "fails" : 3,
 		"retries" : 1, "sample_1" : -7.70,
 		"sample_2" : 7.82, "sample_3" : 0.49,
 		"sample_4" : 0, "node_id" : 3},

	"3:498" : {"timestamp" : 1346182845, "air_time" : 3,
 		"sequence" : 498, "fails" : 3,
 		"retries" : 1, "sample_1" : -7.26,
 		"sample_2" : 5.05, "sample_3" : 1.83,
 		"sample_4" : 0, "node_id" : 3},

	"3:499" : {"timestamp" : 1346182846, "air_time" : 3,
 		"sequence" : 499, "fails" : 3,
 		"retries" : 1, "sample_1" : -7.46,
 		"sample_2" : 3.43, "sample_3" : 3.24,
 		"sample_4" : 0, "node_id" : 3},

	"3:500" : {"timestamp" : 1346182847, "air_time" : 5,
 		"sequence" : 500, "fails" : 0,
 		"retries" : 1, "sample_1" : -4.93,
 		"sample_2" : 2.13, "sample_3" : 6.07,
 		"sample_4" : 0, "node_id" : 3},

	"3:501" : {"timestamp" : 1346182848, "air_time" : 6,
 		"sequence" : 501, "fails" : 3,
 		"retries" : 1, "sample_1" : -4.50,
 		"sample_2" : -0.02, "sample_3" : 6.87,
 		"sample_4" : 0, "node_id" : 3},

	"3:502" : {"timestamp" : 1346182849, "air_time" : 8,
 		"sequence" : 502, "fails" : 3,
 		"retries" : 1, "sample_1" : -2.52,
 		"sample_2" : -1.54, "sample_3" : 9.08,
 		"sample_4" : 0, "node_id" : 3},

	"3:503" : {"timestamp" : 1346182850, "air_time" : 2,
 		"sequence" : 503, "fails" : 2,
 		"retries" : 0, "sample_1" : -0.64,
 		"sample_2" : -3.30, "sample_3" : 9.28,
 		"sample_4" : 0, "node_id" : 3},

	"3:504" : {"timestamp" : 1346182851, "air_time" : 1,
 		"sequence" : 504, "fails" : 3,
 		"retries" : 2, "sample_1" : 1.60,
 		"sample_2" : -4.44, "sample_3" : 11.03,
 		"sample_4" : 0, "node_id" : 3},

	"3:505" : {"timestamp" : 1346182852, "air_time" : 1,
 		"sequence" : 505, "fails" : 2,
 		"retries" : 2, "sample_1" : 3.04,
 		"sample_2" : -6.51, "sample_3" : 10.60,
 		"sample_4" : 0, "node_id" : 3},

	"3:506" : {"timestamp" : 1346182853, "air_time" : 6,
 		"sequence" : 506, "fails" : 0,
 		"retries" : 2, "sample_1" : 4.02,
 		"sample_2" : -7.58, "sample_3" : 9.97,
 		"sample_4" : 0, "node_id" : 3},

	"3:507" : {"timestamp" : 1346182854, "air_time" : 9,
 		"sequence" : 507, "fails" : 3,
 		"retries" : 0, "sample_1" : 6.80,
 		"sample_2" : -8.91, "sample_3" : 11.55,
 		"sample_4" : 0, "node_id" : 3},

	"3:508" : {"timestamp" : 1346182855, "air_time" : 2,
 		"sequence" : 508, "fails" : 1,
 		"retries" : 2, "sample_1" : 8.23,
 		"sample_2" : -8.96, "sample_3" : 11.12,
 		"sample_4" : 0, "node_id" : 3},

	"3:509" : {"timestamp" : 1346182856, "air_time" : 1,
 		"sequence" : 509, "fails" : 0,
 		"retries" : 1, "sample_1" : 8.66,
 		"sample_2" : -8.92, "sample_3" : 10.29,
 		"sample_4" : 0, "node_id" : 3},

	"3:510" : {"timestamp" : 1346182857, "air_time" : 9,
 		"sequence" : 510, "fails" : 0,
 		"retries" : 2, "sample_1" : 10.26,
 		"sample_2" : -8.79, "sample_3" : 9.50,
 		"sample_4" : 0, "node_id" : 3},

	"3:511" : {"timestamp" : 1346182858, "air_time" : 1,
 		"sequence" : 511, "fails" : 2,
 		"retries" : 0, "sample_1" : 9.90,
 		"sample_2" : -8.95, "sample_3" : 8.26,
 		"sample_4" : 0, "node_id" : 3},

	"3:512" : {"timestamp" : 1346182859, "air_time" : 1,
 		"sequence" : 512, "fails" : 3,
 		"retries" : 0, "sample_1" : 10.45,
 		"sample_2" : -7.31, "sample_3" : 6.10,
 		"sample_4" : 0, "node_id" : 3},

	"3:513" : {"timestamp" : 1346182860, "air_time" : 8,
 		"sequence" : 513, "fails" : 0,
 		"retries" : 1, "sample_1" : 11.20,
 		"sample_2" : -8.19, "sample_3" : 4.38,
 		"sample_4" : 0, "node_id" : 3},

	"3:514" : {"timestamp" : 1346182861, "air_time" : 7,
 		"sequence" : 514, "fails" : 1,
 		"retries" : 2, "sample_1" : 10.75,
 		"sample_2" : -6.92, "sample_3" : 3.83,
 		"sample_4" : 0, "node_id" : 3},

	"3:515" : {"timestamp" : 1346182862, "air_time" : 0,
 		"sequence" : 515, "fails" : 0,
 		"retries" : 0, "sample_1" : 11.20,
 		"sample_2" : -4.12, "sample_3" : 2.61,
 		"sample_4" : 0, "node_id" : 3},

	"3:516" : {"timestamp" : 1346182863, "air_time" : 7,
 		"sequence" : 516, "fails" : 2,
 		"retries" : 0, "sample_1" : 8.86,
 		"sample_2" : -3.95, "sample_3" : -0.13,
 		"sample_4" : 0, "node_id" : 3},

	"3:517" : {"timestamp" : 1346182864, "air_time" : 5,
 		"sequence" : 517, "fails" : 0,
 		"retries" : 0, "sample_1" : 8.36,
 		"sample_2" : -2.83, "sample_3" : -2.44,
 		"sample_4" : 0, "node_id" : 3},

	"3:518" : {"timestamp" : 1346182865, "air_time" : 0,
 		"sequence" : 518, "fails" : 3,
 		"retries" : 0, "sample_1" : 8.03,
 		"sample_2" : 0.27, "sample_3" : -3.97,
 		"sample_4" : 0, "node_id" : 3},

	"3:519" : {"timestamp" : 1346182866, "air_time" : 7,
 		"sequence" : 519, "fails" : 1,
 		"retries" : 0, "sample_1" : 6.60,
 		"sample_2" : 1.92, "sample_3" : -5.27,
 		"sample_4" : 0, "node_id" : 3},

	"3:520" : {"timestamp" : 1346182867, "air_time" : 9,
 		"sequence" : 520, "fails" : 2,
 		"retries" : 0, "sample_1" : 4.72,
 		"sample_2" : 3.84, "sample_3" : -6.38,
 		"sample_4" : 0, "node_id" : 3},

	"3:521" : {"timestamp" : 1346182868, "air_time" : 9,
 		"sequence" : 521, "fails" : 1,
 		"retries" : 0, "sample_1" : 2.84,
 		"sample_2" : 5.40, "sample_3" : -6.48,
 		"sample_4" : 0, "node_id" : 3},

	"3:522" : {"timestamp" : 1346182869, "air_time" : 3,
 		"sequence" : 522, "fails" : 2,
 		"retries" : 2, "sample_1" : 0.50,
 		"sample_2" : 6.44, "sample_3" : -9.03,
 		"sample_4" : 0, "node_id" : 3},

	"3:523" : {"timestamp" : 1346182870, "air_time" : 8,
 		"sequence" : 523, "fails" : 0,
 		"retries" : 1, "sample_1" : -0.14,
 		"sample_2" : 8.71, "sample_3" : -7.80,
 		"sample_4" : 0, "node_id" : 3},

	"3:524" : {"timestamp" : 1346182871, "air_time" : 8,
 		"sequence" : 524, "fails" : 3,
 		"retries" : 0, "sample_1" : -2.22,
 		"sample_2" : 9.08, "sample_3" : -9.97,
 		"sample_4" : 0, "node_id" : 3},

	"3:525" : {"timestamp" : 1346182872, "air_time" : 3,
 		"sequence" : 525, "fails" : 2,
 		"retries" : 1, "sample_1" : -4.40,
 		"sample_2" : 9.31, "sample_3" : -9.45,
 		"sample_4" : 0, "node_id" : 3},

	"3:526" : {"timestamp" : 1346182873, "air_time" : 1,
 		"sequence" : 526, "fails" : 2,
 		"retries" : 1, "sample_1" : -4.63,
 		"sample_2" : 10.36, "sample_3" : -8.32,
 		"sample_4" : 0, "node_id" : 3},

	"3:527" : {"timestamp" : 1346182874, "air_time" : 1,
 		"sequence" : 527, "fails" : 0,
 		"retries" : 1, "sample_1" : -5.76,
 		"sample_2" : 10.52, "sample_3" : -8.89,
 		"sample_4" : 0, "node_id" : 3},

	"3:528" : {"timestamp" : 1346182875, "air_time" : 4,
 		"sequence" : 528, "fails" : 2,
 		"retries" : 2, "sample_1" : -7.56,
 		"sample_2" : 10.79, "sample_3" : -6.30,
 		"sample_4" : 0, "node_id" : 3},

	"3:529" : {"timestamp" : 1346182876, "air_time" : 7,
 		"sequence" : 529, "fails" : 1,
 		"retries" : 0, "sample_1" : -9.00,
 		"sample_2" : 10.45, "sample_3" : -5.96,
 		"sample_4" : 0, "node_id" : 3},

	"3:530" : {"timestamp" : 1346182877, "air_time" : 9,
 		"sequence" : 530, "fails" : 1,
 		"retries" : 1, "sample_1" : -8.45,
 		"sample_2" : 9.41, "sample_3" : -4.20,
 		"sample_4" : 0, "node_id" : 3},

	"3:531" : {"timestamp" : 1346182878, "air_time" : 8,
 		"sequence" : 531, "fails" : 2,
 		"retries" : 0, "sample_1" : -8.90,
 		"sample_2" : 9.09, "sample_3" : -2.28,
 		"sample_4" : 0, "node_id" : 3},

	"3:532" : {"timestamp" : 1346182879, "air_time" : 0,
 		"sequence" : 532, "fails" : 2,
 		"retries" : 1, "sample_1" : -9.05,
 		"sample_2" : 9.22, "sample_3" : -0.53,
 		"sample_4" : 0, "node_id" : 3},

	"3:533" : {"timestamp" : 1346182880, "air_time" : 6,
 		"sequence" : 533, "fails" : 3,
 		"retries" : 2, "sample_1" : -7.50,
 		"sample_2" : 6.22, "sample_3" : 0.19,
 		"sample_4" : 0, "node_id" : 3},

	"3:534" : {"timestamp" : 1346182881, "air_time" : 2,
 		"sequence" : 534, "fails" : 0,
 		"retries" : 1, "sample_1" : -7.26,
 		"sample_2" : 6.05, "sample_3" : 2.73,
 		"sample_4" : 0, "node_id" : 3},

	"3:535" : {"timestamp" : 1346182882, "air_time" : 2,
 		"sequence" : 535, "fails" : 0,
 		"retries" : 2, "sample_1" : -7.36,
 		"sample_2" : 4.13, "sample_3" : 3.34,
 		"sample_4" : 0, "node_id" : 3},

	"3:536" : {"timestamp" : 1346182883, "air_time" : 2,
 		"sequence" : 536, "fails" : 2,
 		"retries" : 0, "sample_1" : -5.83,
 		"sample_2" : 1.23, "sample_3" : 4.47,
 		"sample_4" : 0, "node_id" : 3},

	"3:537" : {"timestamp" : 1346182884, "air_time" : 1,
 		"sequence" : 537, "fails" : 0,
 		"retries" : 1, "sample_1" : -4.40,
 		"sample_2" : -0.12, "sample_3" : 7.67,
 		"sample_4" : 0, "node_id" : 3},

	"3:538" : {"timestamp" : 1346182885, "air_time" : 8,
 		"sequence" : 538, "fails" : 0,
 		"retries" : 0, "sample_1" : -2.12,
 		"sample_2" : -2.24, "sample_3" : 8.68,
 		"sample_4" : 0, "node_id" : 3},

	"3:539" : {"timestamp" : 1346182886, "air_time" : 7,
 		"sequence" : 539, "fails" : 2,
 		"retries" : 2, "sample_1" : -0.14,
 		"sample_2" : -2.40, "sample_3" : 10.08,
 		"sample_4" : 0, "node_id" : 3},

	"3:540" : {"timestamp" : 1346182887, "air_time" : 5,
 		"sequence" : 540, "fails" : 3,
 		"retries" : 1, "sample_1" : 1.40,
 		"sample_2" : -4.64, "sample_3" : 10.13,
 		"sample_4" : 0, "node_id" : 3},

	"3:541" : {"timestamp" : 1346182888, "air_time" : 3,
 		"sequence" : 541, "fails" : 2,
 		"retries" : 0, "sample_1" : 2.54,
 		"sample_2" : -5.71, "sample_3" : 10.30,
 		"sample_4" : 0, "node_id" : 3},

	"3:542" : {"timestamp" : 1346182889, "air_time" : 5,
 		"sequence" : 542, "fails" : 0,
 		"retries" : 0, "sample_1" : 5.12,
 		"sample_2" : -7.18, "sample_3" : 10.67,
 		"sample_4" : 0, "node_id" : 3},

	"3:543" : {"timestamp" : 1346182890, "air_time" : 6,
 		"sequence" : 543, "fails" : 0,
 		"retries" : 1, "sample_1" : 6.80,
 		"sample_2" : -7.81, "sample_3" : 11.85,
 		"sample_4" : 0, "node_id" : 3},

	"3:544" : {"timestamp" : 1346182891, "air_time" : 9,
 		"sequence" : 544, "fails" : 0,
 		"retries" : 0, "sample_1" : 7.63,
 		"sample_2" : -8.46, "sample_3" : 10.22,
 		"sample_4" : 0, "node_id" : 3},

	"3:545" : {"timestamp" : 1346182892, "air_time" : 5,
 		"sequence" : 545, "fails" : 0,
 		"retries" : 1, "sample_1" : 7.66,
 		"sample_2" : -8.92, "sample_3" : 10.29,
 		"sample_4" : 0, "node_id" : 3},

	"3:546" : {"timestamp" : 1346182893, "air_time" : 3,
 		"sequence" : 546, "fails" : 0,
 		"retries" : 0, "sample_1" : 9.06,
 		"sample_2" : -9.29, "sample_3" : 8.90,
 		"sample_4" : 0, "node_id" : 3},

	"3:547" : {"timestamp" : 1346182894, "air_time" : 5,
 		"sequence" : 547, "fails" : 0,
 		"retries" : 0, "sample_1" : 11.20,
 		"sample_2" : -9.25, "sample_3" : 7.36,
 		"sample_4" : 0, "node_id" : 3},

	"3:548" : {"timestamp" : 1346182895, "air_time" : 9,
 		"sequence" : 548, "fails" : 0,
 		"retries" : 1, "sample_1" : 10.35,
 		"sample_2" : -8.61, "sample_3" : 7.10,
 		"sample_4" : 0, "node_id" : 3},

	"3:549" : {"timestamp" : 1346182896, "air_time" : 4,
 		"sequence" : 549, "fails" : 2,
 		"retries" : 2, "sample_1" : 10.40,
 		"sample_2" : -8.09, "sample_3" : 5.08,
 		"sample_4" : 0, "node_id" : 3},

	"3:550" : {"timestamp" : 1346182897, "air_time" : 9,
 		"sequence" : 550, "fails" : 0,
 		"retries" : 2, "sample_1" : 10.65,
 		"sample_2" : -6.12, "sample_3" : 3.73,
 		"sample_4" : 0, "node_id" : 3},

	"3:551" : {"timestamp" : 1346182898, "air_time" : 4,
 		"sequence" : 551, "fails" : 3,
 		"retries" : 2, "sample_1" : 11.20,
 		"sample_2" : -4.12, "sample_3" : 1.41,
 		"sample_4" : 0, "node_id" : 3},

	"3:552" : {"timestamp" : 1346182899, "air_time" : 6,
 		"sequence" : 552, "fails" : 3,
 		"retries" : 0, "sample_1" : 9.76,
 		"sample_2" : -3.35, "sample_3" : 0.37,
 		"sample_4" : 0, "node_id" : 3},

	"3:553" : {"timestamp" : 1346182900, "air_time" : 7,
 		"sequence" : 553, "fails" : 0,
 		"retries" : 2, "sample_1" : 8.86,
 		"sample_2" : -1.93, "sample_3" : -2.04,
 		"sample_4" : 0, "node_id" : 3},

	"3:554" : {"timestamp" : 1346182901, "air_time" : 6,
 		"sequence" : 554, "fails" : 1,
 		"retries" : 0, "sample_1" : 6.43,
 		"sample_2" : 0.27, "sample_3" : -4.07,
 		"sample_4" : 0, "node_id" : 3},

	"3:555" : {"timestamp" : 1346182902, "air_time" : 2,
 		"sequence" : 555, "fails" : 1,
 		"retries" : 0, "sample_1" : 5.00,
 		"sample_2" : 0.92, "sample_3" : -5.77,
 		"sample_4" : 0, "node_id" : 3},

	"3:556" : {"timestamp" : 1346182903, "air_time" : 1,
 		"sequence" : 556, "fails" : 0,
 		"retries" : 2, "sample_1" : 4.82,
 		"sample_2" : 3.64, "sample_3" : -7.18,
 		"sample_4" : 0, "node_id" : 3},

	"3:557" : {"timestamp" : 1346182904, "air_time" : 5,
 		"sequence" : 557, "fails" : 1,
 		"retries" : 1, "sample_1" : 2.14,
 		"sample_2" : 5.00, "sample_3" : -6.88,
 		"sample_4" : 0, "node_id" : 3},

	"3:558" : {"timestamp" : 1346182905, "air_time" : 6,
 		"sequence" : 558, "fails" : 2,
 		"retries" : 1, "sample_1" : 0.40,
 		"sample_2" : 6.34, "sample_3" : -8.13,
 		"sample_4" : 0, "node_id" : 3},

	"3:559" : {"timestamp" : 1346182906, "air_time" : 8,
 		"sequence" : 559, "fails" : 1,
 		"retries" : 0, "sample_1" : -0.14,
 		"sample_2" : 7.11, "sample_3" : -9.40,
 		"sample_4" : 0, "node_id" : 3},

	"3:560" : {"timestamp" : 1346182907, "air_time" : 5,
 		"sequence" : 560, "fails" : 0,
 		"retries" : 2, "sample_1" : -2.92,
 		"sample_2" : 8.18, "sample_3" : -8.67,
 		"sample_4" : 0, "node_id" : 3},

	"3:561" : {"timestamp" : 1346182908, "air_time" : 7,
 		"sequence" : 561, "fails" : 0,
 		"retries" : 0, "sample_1" : -4.90,
 		"sample_2" : 9.61, "sample_3" : -9.85,
 		"sample_4" : 0, "node_id" : 3},

	"3:562" : {"timestamp" : 1346182909, "air_time" : 0,
 		"sequence" : 562, "fails" : 1,
 		"retries" : 0, "sample_1" : -5.13,
 		"sample_2" : 11.26, "sample_3" : -9.22,
 		"sample_4" : 0, "node_id" : 3},

	"3:563" : {"timestamp" : 1346182910, "air_time" : 1,
 		"sequence" : 563, "fails" : 3,
 		"retries" : 1, "sample_1" : -6.26,
 		"sample_2" : 11.02, "sample_3" : -7.89,
 		"sample_4" : 0, "node_id" : 3},

	"3:564" : {"timestamp" : 1346182911, "air_time" : 0,
 		"sequence" : 564, "fails" : 0,
 		"retries" : 0, "sample_1" : -7.36,
 		"sample_2" : 10.99, "sample_3" : -7.20,
 		"sample_4" : 0, "node_id" : 3},

	"3:565" : {"timestamp" : 1346182912, "air_time" : 9,
 		"sequence" : 565, "fails" : 1,
 		"retries" : 2, "sample_1" : -7.80,
 		"sample_2" : 9.95, "sample_3" : -6.46,
 		"sample_4" : 0, "node_id" : 3},

	"3:566" : {"timestamp" : 1346182913, "air_time" : 3,
 		"sequence" : 566, "fails" : 2,
 		"retries" : 0, "sample_1" : -9.55,
 		"sample_2" : 11.11, "sample_3" : -4.70,
 		"sample_4" : 0, "node_id" : 3},

	"3:567" : {"timestamp" : 1346182914, "air_time" : 7,
 		"sequence" : 567, "fails" : 3,
 		"retries" : 1, "sample_1" : -9.70,
 		"sample_2" : 9.09, "sample_3" : -3.78,
 		"sample_4" : 0, "node_id" : 3},

	"3:568" : {"timestamp" : 1346182915, "air_time" : 1,
 		"sequence" : 568, "fails" : 1,
 		"retries" : 1, "sample_1" : -8.85,
 		"sample_2" : 8.32, "sample_3" : -0.53,
 		"sample_4" : 0, "node_id" : 3},

	"3:569" : {"timestamp" : 1346182916, "air_time" : 1,
 		"sequence" : 569, "fails" : 3,
 		"retries" : 0, "sample_1" : -8.80,
 		"sample_2" : 6.52, "sample_3" : -0.61,
 		"sample_4" : 0, "node_id" : 3},

	"3:570" : {"timestamp" : 1346182917, "air_time" : 9,
 		"sequence" : 570, "fails" : 3,
 		"retries" : 0, "sample_1" : -7.96,
 		"sample_2" : 5.15, "sample_3" : 1.53,
 		"sample_4" : 0, "node_id" : 3},

	"3:571" : {"timestamp" : 1346182918, "air_time" : 4,
 		"sequence" : 571, "fails" : 3,
 		"retries" : 2, "sample_1" : -7.66,
 		"sample_2" : 4.33, "sample_3" : 2.74,
 		"sample_4" : 0, "node_id" : 3},

	"3:572" : {"timestamp" : 1346182919, "air_time" : 1,
 		"sequence" : 572, "fails" : 2,
 		"retries" : 0, "sample_1" : -4.63,
 		"sample_2" : 2.43, "sample_3" : 4.77,
 		"sample_4" : 0, "node_id" : 3},

	"3:573" : {"timestamp" : 1346182920, "air_time" : 9,
 		"sequence" : 573, "fails" : 2,
 		"retries" : 0, "sample_1" : -4.10,
 		"sample_2" : 0.28, "sample_3" : 6.67,
 		"sample_4" : 0, "node_id" : 3},

	"3:574" : {"timestamp" : 1346182921, "air_time" : 7,
 		"sequence" : 574, "fails" : 2,
 		"retries" : 1, "sample_1" : -1.92,
 		"sample_2" : -1.54, "sample_3" : 9.08,
 		"sample_4" : 0, "node_id" : 3},

	"3:575" : {"timestamp" : 1346182922, "air_time" : 9,
 		"sequence" : 575, "fails" : 0,
 		"retries" : 2, "sample_1" : -1.04,
 		"sample_2" : -3.20, "sample_3" : 8.88,
 		"sample_4" : 0, "node_id" : 3},

	"3:576" : {"timestamp" : 1346182923, "air_time" : 4,
 		"sequence" : 576, "fails" : 3,
 		"retries" : 1, "sample_1" : 1.50,
 		"sample_2" : -4.54, "sample_3" : 10.73,
 		"sample_4" : 0, "node_id" : 3},

	"3:577" : {"timestamp" : 1346182924, "air_time" : 3,
 		"sequence" : 577, "fails" : 2,
 		"retries" : 1, "sample_1" : 2.34,
 		"sample_2" : -6.81, "sample_3" : 11.40,
 		"sample_4" : 0, "node_id" : 3},

	"3:578" : {"timestamp" : 1346182925, "air_time" : 4,
 		"sequence" : 578, "fails" : 2,
 		"retries" : 1, "sample_1" : 3.92,
 		"sample_2" : -7.98, "sample_3" : 10.07,
 		"sample_4" : 0, "node_id" : 3},

	"3:579" : {"timestamp" : 1346182926, "air_time" : 5,
 		"sequence" : 579, "fails" : 1,
 		"retries" : 2, "sample_1" : 5.10,
 		"sample_2" : -7.01, "sample_3" : 11.65,
 		"sample_4" : 0, "node_id" : 3},

	"3:580" : {"timestamp" : 1346182927, "air_time" : 9,
 		"sequence" : 580, "fails" : 1,
 		"retries" : 2, "sample_1" : 7.73,
 		"sample_2" : -8.86, "sample_3" : 11.32,
 		"sample_4" : 0, "node_id" : 3},

	"3:581" : {"timestamp" : 1346182928, "air_time" : 3,
 		"sequence" : 581, "fails" : 3,
 		"retries" : 2, "sample_1" : 8.66,
 		"sample_2" : -9.42, "sample_3" : 9.79,
 		"sample_4" : 0, "node_id" : 3},

	"3:582" : {"timestamp" : 1346182929, "air_time" : 3,
 		"sequence" : 582, "fails" : 0,
 		"retries" : 2, "sample_1" : 9.76,
 		"sample_2" : -8.79, "sample_3" : 8.60,
 		"sample_4" : 0, "node_id" : 3},

	"3:583" : {"timestamp" : 1346182930, "air_time" : 6,
 		"sequence" : 583, "fails" : 3,
 		"retries" : 0, "sample_1" : 9.70,
 		"sample_2" : -8.55, "sample_3" : 7.76,
 		"sample_4" : 0, "node_id" : 3},

	"3:584" : {"timestamp" : 1346182931, "air_time" : 1,
 		"sequence" : 584, "fails" : 2,
 		"retries" : 2, "sample_1" : 11.25,
 		"sample_2" : -9.11, "sample_3" : 6.60,
 		"sample_4" : 0, "node_id" : 3},

	"3:585" : {"timestamp" : 1346182932, "air_time" : 4,
 		"sequence" : 585, "fails" : 0,
 		"retries" : 0, "sample_1" : 10.00,
 		"sample_2" : -7.29, "sample_3" : 4.78,
 		"sample_4" : 0, "node_id" : 3},

	"3:586" : {"timestamp" : 1346182933, "air_time" : 7,
 		"sequence" : 586, "fails" : 2,
 		"retries" : 1, "sample_1" : 10.45,
 		"sample_2" : -7.22, "sample_3" : 2.53,
 		"sample_4" : 0, "node_id" : 3},

	"3:587" : {"timestamp" : 1346182934, "air_time" : 1,
 		"sequence" : 587, "fails" : 2,
 		"retries" : 0, "sample_1" : 9.60,
 		"sample_2" : -5.52, "sample_3" : 1.51,
 		"sample_4" : 0, "node_id" : 3},

	"3:588" : {"timestamp" : 1346182935, "air_time" : 2,
 		"sequence" : 588, "fails" : 1,
 		"retries" : 0, "sample_1" : 10.16,
 		"sample_2" : -4.25, "sample_3" : -0.83,
 		"sample_4" : 0, "node_id" : 3},

	"3:589" : {"timestamp" : 1346182936, "air_time" : 6,
 		"sequence" : 589, "fails" : 2,
 		"retries" : 2, "sample_1" : 8.66,
 		"sample_2" : -2.33, "sample_3" : -0.84,
 		"sample_4" : 0, "node_id" : 3},

	"3:590" : {"timestamp" : 1346182937, "air_time" : 8,
 		"sequence" : 590, "fails" : 2,
 		"retries" : 1, "sample_1" : 6.73,
 		"sample_2" : 0.27, "sample_3" : -3.47,
 		"sample_4" : 0, "node_id" : 3},

	"3:591" : {"timestamp" : 1346182938, "air_time" : 8,
 		"sequence" : 591, "fails" : 1,
 		"retries" : 2, "sample_1" : 6.10,
 		"sample_2" : 1.92, "sample_3" : -4.07,
 		"sample_4" : 0, "node_id" : 3},

	"3:592" : {"timestamp" : 1346182939, "air_time" : 2,
 		"sequence" : 592, "fails" : 2,
 		"retries" : 2, "sample_1" : 5.02,
 		"sample_2" : 2.64, "sample_3" : -6.28,
 		"sample_4" : 0, "node_id" : 3},

	"3:593" : {"timestamp" : 1346182940, "air_time" : 0,
 		"sequence" : 593, "fails" : 2,
 		"retries" : 2, "sample_1" : 2.74,
 		"sample_2" : 5.10, "sample_3" : -7.18,
 		"sample_4" : 0, "node_id" : 3},

	"3:594" : {"timestamp" : 1346182941, "air_time" : 0,
 		"sequence" : 594, "fails" : 2,
 		"retries" : 0, "sample_1" : 1.90,
 		"sample_2" : 7.04, "sample_3" : -8.33,
 		"sample_4" : 0, "node_id" : 3},

	"3:595" : {"timestamp" : 1346182942, "air_time" : 6,
 		"sequence" : 595, "fails" : 0,
 		"retries" : 0, "sample_1" : -0.24,
 		"sample_2" : 8.71, "sample_3" : -9.10,
 		"sample_4" : 0, "node_id" : 3},

	"3:596" : {"timestamp" : 1346182943, "air_time" : 6,
 		"sequence" : 596, "fails" : 3,
 		"retries" : 2, "sample_1" : -2.52,
 		"sample_2" : 8.58, "sample_3" : -8.27,
 		"sample_4" : 0, "node_id" : 3},

	"3:597" : {"timestamp" : 1346182944, "air_time" : 5,
 		"sequence" : 597, "fails" : 3,
 		"retries" : 0, "sample_1" : -4.90,
 		"sample_2" : 9.51, "sample_3" : -9.25,
 		"sample_4" : 0, "node_id" : 3},

	"3:598" : {"timestamp" : 1346182945, "air_time" : 6,
 		"sequence" : 598, "fails" : 3,
 		"retries" : 2, "sample_1" : -5.33,
 		"sample_2" : 10.76, "sample_3" : -8.92,
 		"sample_4" : 0, "node_id" : 3},

	"3:599" : {"timestamp" : 1346182946, "air_time" : 2,
 		"sequence" : 599, "fails" : 2,
 		"retries" : 2, "sample_1" : -5.96,
 		"sample_2" : 10.52, "sample_3" : -7.99,
 		"sample_4" : 0, "node_id" : 3},

	"3:600" : {"timestamp" : 1346182947, "air_time" : 5,
 		"sequence" : 600, "fails" : 2,
 		"retries" : 0, "sample_1" : -7.86,
 		"sample_2" : 11.09, "sample_3" : -8.00,
 		"sample_4" : 0, "node_id" : 3},

	"4:1" : {"timestamp" : 1346182348, "air_time" : 9,
 		"sequence" : 1, "fails" : 3,
 		"retries" : 2, "sample_1" : 2.84,
 		"sample_2" : -4.91, "sample_3" : 10.00,
 		"sample_4" : 0, "node_id" : 4},

	"4:2" : {"timestamp" : 1346182349, "air_time" : 7,
 		"sequence" : 2, "fails" : 2,
 		"retries" : 1, "sample_1" : 4.82,
 		"sample_2" : -6.38, "sample_3" : 9.97,
 		"sample_4" : 0, "node_id" : 4},

	"4:3" : {"timestamp" : 1346182350, "air_time" : 7,
 		"sequence" : 3, "fails" : 1,
 		"retries" : 1, "sample_1" : 5.80,
 		"sample_2" : -8.41, "sample_3" : 10.05,
 		"sample_4" : 0, "node_id" : 4},

	"4:4" : {"timestamp" : 1346182351, "air_time" : 1,
 		"sequence" : 4, "fails" : 1,
 		"retries" : 0, "sample_1" : 7.83,
 		"sample_2" : -8.16, "sample_3" : 10.32,
 		"sample_4" : 0, "node_id" : 4},

	"4:5" : {"timestamp" : 1346182352, "air_time" : 2,
 		"sequence" : 5, "fails" : 0,
 		"retries" : 1, "sample_1" : 9.06,
 		"sample_2" : -8.12, "sample_3" : 9.39,
 		"sample_4" : 0, "node_id" : 4},

	"4:6" : {"timestamp" : 1346182353, "air_time" : 4,
 		"sequence" : 6, "fails" : 3,
 		"retries" : 2, "sample_1" : 10.16,
 		"sample_2" : -8.49, "sample_3" : 9.60,
 		"sample_4" : 0, "node_id" : 4},

	"4:7" : {"timestamp" : 1346182354, "air_time" : 6,
 		"sequence" : 7, "fails" : 1,
 		"retries" : 2, "sample_1" : 11.00,
 		"sample_2" : -8.65, "sample_3" : 7.96,
 		"sample_4" : 0, "node_id" : 4},

	"4:8" : {"timestamp" : 1346182355, "air_time" : 8,
 		"sequence" : 8, "fails" : 0,
 		"retries" : 2, "sample_1" : 11.25,
 		"sample_2" : -7.51, "sample_3" : 7.30,
 		"sample_4" : 0, "node_id" : 4},

	"4:9" : {"timestamp" : 1346182356, "air_time" : 1,
 		"sequence" : 9, "fails" : 3,
 		"retries" : 1, "sample_1" : 11.70,
 		"sample_2" : -7.39, "sample_3" : 5.78,
 		"sample_4" : 0, "node_id" : 4},

	"4:10" : {"timestamp" : 1346182357, "air_time" : 2,
 		"sequence" : 10, "fails" : 0,
 		"retries" : 2, "sample_1" : 10.85,
 		"sample_2" : -7.12, "sample_3" : 4.33,
 		"sample_4" : 0, "node_id" : 4},

	"4:11" : {"timestamp" : 1346182358, "air_time" : 7,
 		"sequence" : 11, "fails" : 2,
 		"retries" : 2, "sample_1" : 10.90,
 		"sample_2" : -4.12, "sample_3" : 1.21,
 		"sample_4" : 0, "node_id" : 4},

	"4:12" : {"timestamp" : 1346182359, "air_time" : 7,
 		"sequence" : 12, "fails" : 2,
 		"retries" : 2, "sample_1" : 9.16,
 		"sample_2" : -3.75, "sample_3" : 0.57,
 		"sample_4" : 0, "node_id" : 4},

	"4:13" : {"timestamp" : 1346182360, "air_time" : 5,
 		"sequence" : 13, "fails" : 2,
 		"retries" : 1, "sample_1" : 8.46,
 		"sample_2" : -2.33, "sample_3" : -2.64,
 		"sample_4" : 0, "node_id" : 4},

	"4:14" : {"timestamp" : 1346182361, "air_time" : 7,
 		"sequence" : 14, "fails" : 2,
 		"retries" : 0, "sample_1" : 6.93,
 		"sample_2" : 0.37, "sample_3" : -4.37,
 		"sample_4" : 0, "node_id" : 4},

	"4:15" : {"timestamp" : 1346182362, "air_time" : 5,
 		"sequence" : 15, "fails" : 2,
 		"retries" : 0, "sample_1" : 6.60,
 		"sample_2" : 1.42, "sample_3" : -5.17,
 		"sample_4" : 0, "node_id" : 4},

	"4:16" : {"timestamp" : 1346182363, "air_time" : 0,
 		"sequence" : 16, "fails" : 0,
 		"retries" : 0, "sample_1" : 3.52,
 		"sample_2" : 4.04, "sample_3" : -6.88,
 		"sample_4" : 0, "node_id" : 4},

	"4:17" : {"timestamp" : 1346182364, "air_time" : 2,
 		"sequence" : 17, "fails" : 2,
 		"retries" : 1, "sample_1" : 2.24,
 		"sample_2" : 5.50, "sample_3" : -6.68,
 		"sample_4" : 0, "node_id" : 4},

	"4:18" : {"timestamp" : 1346182365, "air_time" : 3,
 		"sequence" : 18, "fails" : 1,
 		"retries" : 2, "sample_1" : 1.10,
 		"sample_2" : 7.34, "sample_3" : -8.83,
 		"sample_4" : 0, "node_id" : 4},

	"4:19" : {"timestamp" : 1346182366, "air_time" : 0,
 		"sequence" : 19, "fails" : 0,
 		"retries" : 0, "sample_1" : 0.16,
 		"sample_2" : 6.91, "sample_3" : -9.00,
 		"sample_4" : 0, "node_id" : 4},

	"4:20" : {"timestamp" : 1346182367, "air_time" : 8,
 		"sequence" : 20, "fails" : 2,
 		"retries" : 0, "sample_1" : -1.92,
 		"sample_2" : 9.08, "sample_3" : -9.37,
 		"sample_4" : 0, "node_id" : 4},

	"4:21" : {"timestamp" : 1346182368, "air_time" : 7,
 		"sequence" : 21, "fails" : 0,
 		"retries" : 0, "sample_1" : -4.10,
 		"sample_2" : 9.11, "sample_3" : -9.55,
 		"sample_4" : 0, "node_id" : 4},

	"4:22" : {"timestamp" : 1346182369, "air_time" : 0,
 		"sequence" : 22, "fails" : 3,
 		"retries" : 2, "sample_1" : -5.63,
 		"sample_2" : 10.46, "sample_3" : -9.12,
 		"sample_4" : 0, "node_id" : 4},

	"4:23" : {"timestamp" : 1346182370, "air_time" : 7,
 		"sequence" : 23, "fails" : 1,
 		"retries" : 0, "sample_1" : -6.96,
 		"sample_2" : 10.02, "sample_3" : -7.69,
 		"sample_4" : 0, "node_id" : 4},

	"4:24" : {"timestamp" : 1346182371, "air_time" : 5,
 		"sequence" : 24, "fails" : 3,
 		"retries" : 1, "sample_1" : -7.06,
 		"sample_2" : 11.49, "sample_3" : -6.20,
 		"sample_4" : 0, "node_id" : 4},

	"4:25" : {"timestamp" : 1346182372, "air_time" : 6,
 		"sequence" : 25, "fails" : 0,
 		"retries" : 2, "sample_1" : -7.70,
 		"sample_2" : 11.25, "sample_3" : -6.76,
 		"sample_4" : 0, "node_id" : 4},

	"4:26" : {"timestamp" : 1346182373, "air_time" : 0,
 		"sequence" : 26, "fails" : 1,
 		"retries" : 0, "sample_1" : -8.85,
 		"sample_2" : 9.31, "sample_3" : -4.50,
 		"sample_4" : 0, "node_id" : 4},

	"4:27" : {"timestamp" : 1346182374, "air_time" : 8,
 		"sequence" : 27, "fails" : 2,
 		"retries" : 0, "sample_1" : -9.20,
 		"sample_2" : 10.19, "sample_3" : -3.08,
 		"sample_4" : 0, "node_id" : 4},

	"4:28" : {"timestamp" : 1346182375, "air_time" : 8,
 		"sequence" : 28, "fails" : 3,
 		"retries" : 0, "sample_1" : -8.65,
 		"sample_2" : 8.22, "sample_3" : -0.73,
 		"sample_4" : 0, "node_id" : 4},

	"4:29" : {"timestamp" : 1346182376, "air_time" : 7,
 		"sequence" : 29, "fails" : 0,
 		"retries" : 2, "sample_1" : -8.20,
 		"sample_2" : 7.82, "sample_3" : 0.99,
 		"sample_4" : 0, "node_id" : 4},

	"4:30" : {"timestamp" : 1346182377, "air_time" : 9,
 		"sequence" : 30, "fails" : 2,
 		"retries" : 0, "sample_1" : -7.36,
 		"sample_2" : 6.15, "sample_3" : 2.83,
 		"sample_4" : 0, "node_id" : 4},

	"4:31" : {"timestamp" : 1346182378, "air_time" : 1,
 		"sequence" : 31, "fails" : 1,
 		"retries" : 1, "sample_1" : -6.26,
 		"sample_2" : 3.23, "sample_3" : 2.94,
 		"sample_4" : 0, "node_id" : 4},

	"4:32" : {"timestamp" : 1346182379, "air_time" : 4,
 		"sequence" : 32, "fails" : 1,
 		"retries" : 0, "sample_1" : -5.13,
 		"sample_2" : 2.23, "sample_3" : 5.27,
 		"sample_4" : 0, "node_id" : 4},

	"4:33" : {"timestamp" : 1346182380, "air_time" : 5,
 		"sequence" : 33, "fails" : 3,
 		"retries" : 2, "sample_1" : -3.30,
 		"sample_2" : 1.08, "sample_3" : 5.87,
 		"sample_4" : 0, "node_id" : 4},

	"4:34" : {"timestamp" : 1346182381, "air_time" : 1,
 		"sequence" : 34, "fails" : 1,
 		"retries" : 2, "sample_1" : -3.32,
 		"sample_2" : -0.84, "sample_3" : 7.48,
 		"sample_4" : 0, "node_id" : 4},

	"4:35" : {"timestamp" : 1346182382, "air_time" : 9,
 		"sequence" : 35, "fails" : 3,
 		"retries" : 2, "sample_1" : -1.64,
 		"sample_2" : -3.10, "sample_3" : 8.58,
 		"sample_4" : 0, "node_id" : 4},

	"4:36" : {"timestamp" : 1346182383, "air_time" : 7,
 		"sequence" : 36, "fails" : 0,
 		"retries" : 0, "sample_1" : 1.60,
 		"sample_2" : -3.54, "sample_3" : 10.73,
 		"sample_4" : 0, "node_id" : 4},

	"4:37" : {"timestamp" : 1346182384, "air_time" : 6,
 		"sequence" : 37, "fails" : 0,
 		"retries" : 0, "sample_1" : 2.74,
 		"sample_2" : -5.61, "sample_3" : 11.10,
 		"sample_4" : 0, "node_id" : 4},

	"4:38" : {"timestamp" : 1346182385, "air_time" : 3,
 		"sequence" : 38, "fails" : 1,
 		"retries" : 2, "sample_1" : 5.02,
 		"sample_2" : -6.08, "sample_3" : 11.27,
 		"sample_4" : 0, "node_id" : 4},

	"4:39" : {"timestamp" : 1346182386, "air_time" : 3,
 		"sequence" : 39, "fails" : 2,
 		"retries" : 1, "sample_1" : 5.60,
 		"sample_2" : -8.21, "sample_3" : 10.05,
 		"sample_4" : 0, "node_id" : 4},

	"4:40" : {"timestamp" : 1346182387, "air_time" : 9,
 		"sequence" : 40, "fails" : 1,
 		"retries" : 1, "sample_1" : 8.13,
 		"sample_2" : -8.86, "sample_3" : 11.42,
 		"sample_4" : 0, "node_id" : 4},

	"4:41" : {"timestamp" : 1346182388, "air_time" : 8,
 		"sequence" : 41, "fails" : 0,
 		"retries" : 2, "sample_1" : 8.46,
 		"sample_2" : -8.62, "sample_3" : 10.79,
 		"sample_4" : 0, "node_id" : 4},

	"4:42" : {"timestamp" : 1346182389, "air_time" : 9,
 		"sequence" : 42, "fails" : 3,
 		"retries" : 2, "sample_1" : 10.56,
 		"sample_2" : -8.29, "sample_3" : 9.80,
 		"sample_4" : 0, "node_id" : 4},

	"4:43" : {"timestamp" : 1346182390, "air_time" : 0,
 		"sequence" : 43, "fails" : 3,
 		"retries" : 2, "sample_1" : 11.30,
 		"sample_2" : -8.45, "sample_3" : 7.76,
 		"sample_4" : 0, "node_id" : 4},

	"4:44" : {"timestamp" : 1346182391, "air_time" : 1,
 		"sequence" : 44, "fails" : 3,
 		"retries" : 1, "sample_1" : 11.15,
 		"sample_2" : -8.01, "sample_3" : 5.80,
 		"sample_4" : 0, "node_id" : 4},

	"4:45" : {"timestamp" : 1346182392, "air_time" : 4,
 		"sequence" : 45, "fails" : 0,
 		"retries" : 1, "sample_1" : 11.10,
 		"sample_2" : -7.69, "sample_3" : 5.88,
 		"sample_4" : 0, "node_id" : 4},

	"4:46" : {"timestamp" : 1346182393, "air_time" : 4,
 		"sequence" : 46, "fails" : 2,
 		"retries" : 2, "sample_1" : 9.95,
 		"sample_2" : -7.12, "sample_3" : 3.53,
 		"sample_4" : 0, "node_id" : 4},

	"4:47" : {"timestamp" : 1346182394, "air_time" : 7,
 		"sequence" : 47, "fails" : 2,
 		"retries" : 2, "sample_1" : 10.80,
 		"sample_2" : -5.22, "sample_3" : 1.01,
 		"sample_4" : 0, "node_id" : 4},

	"4:48" : {"timestamp" : 1346182395, "air_time" : 4,
 		"sequence" : 48, "fails" : 3,
 		"retries" : 2, "sample_1" : 10.06,
 		"sample_2" : -3.75, "sample_3" : 0.07,
 		"sample_4" : 0, "node_id" : 4},

	"4:49" : {"timestamp" : 1346182396, "air_time" : 4,
 		"sequence" : 49, "fails" : 2,
 		"retries" : 0, "sample_1" : 8.46,
 		"sample_2" : -1.53, "sample_3" : -2.54,
 		"sample_4" : 0, "node_id" : 4},

	"4:50" : {"timestamp" : 1346182397, "air_time" : 3,
 		"sequence" : 50, "fails" : 0,
 		"retries" : 0, "sample_1" : 8.33,
 		"sample_2" : -0.63, "sample_3" : -2.47,
 		"sample_4" : 0, "node_id" : 4},

	"4:51" : {"timestamp" : 1346182398, "air_time" : 2,
 		"sequence" : 51, "fails" : 3,
 		"retries" : 1, "sample_1" : 6.90,
 		"sample_2" : 2.32, "sample_3" : -4.17,
 		"sample_4" : 0, "node_id" : 4},

	"4:52" : {"timestamp" : 1346182399, "air_time" : 9,
 		"sequence" : 52, "fails" : 3,
 		"retries" : 2, "sample_1" : 3.62,
 		"sample_2" : 3.34, "sample_3" : -5.48,
 		"sample_4" : 0, "node_id" : 4},

	"4:53" : {"timestamp" : 1346182400, "air_time" : 7,
 		"sequence" : 53, "fails" : 0,
 		"retries" : 0, "sample_1" : 2.74,
 		"sample_2" : 4.40, "sample_3" : -7.18,
 		"sample_4" : 0, "node_id" : 4},

	"4:54" : {"timestamp" : 1346182401, "air_time" : 3,
 		"sequence" : 54, "fails" : 3,
 		"retries" : 2, "sample_1" : 1.00,
 		"sample_2" : 5.64, "sample_3" : -7.93,
 		"sample_4" : 0, "node_id" : 4},

	"4:55" : {"timestamp" : 1346182402, "air_time" : 2,
 		"sequence" : 55, "fails" : 1,
 		"retries" : 2, "sample_1" : -0.04,
 		"sample_2" : 7.41, "sample_3" : -9.10,
 		"sample_4" : 0, "node_id" : 4},

	"4:56" : {"timestamp" : 1346182403, "air_time" : 6,
 		"sequence" : 56, "fails" : 3,
 		"retries" : 2, "sample_1" : -2.82,
 		"sample_2" : 9.08, "sample_3" : -9.77,
 		"sample_4" : 0, "node_id" : 4},

	"4:57" : {"timestamp" : 1346182404, "air_time" : 7,
 		"sequence" : 57, "fails" : 2,
 		"retries" : 1, "sample_1" : -4.50,
 		"sample_2" : 9.51, "sample_3" : -8.65,
 		"sample_4" : 0, "node_id" : 4},

	"4:58" : {"timestamp" : 1346182405, "air_time" : 1,
 		"sequence" : 58, "fails" : 0,
 		"retries" : 1, "sample_1" : -5.63,
 		"sample_2" : 11.46, "sample_3" : -9.22,
 		"sample_4" : 0, "node_id" : 4},

	"4:59" : {"timestamp" : 1346182406, "air_time" : 4,
 		"sequence" : 59, "fails" : 2,
 		"retries" : 1, "sample_1" : -5.86,
 		"sample_2" : 11.22, "sample_3" : -8.59,
 		"sample_4" : 0, "node_id" : 4},

	"4:60" : {"timestamp" : 1346182407, "air_time" : 8,
 		"sequence" : 60, "fails" : 3,
 		"retries" : 1, "sample_1" : -7.46,
 		"sample_2" : 10.59, "sample_3" : -7.50,
 		"sample_4" : 0, "node_id" : 4},

	"4:61" : {"timestamp" : 1346182408, "air_time" : 6,
 		"sequence" : 61, "fails" : 0,
 		"retries" : 0, "sample_1" : -8.70,
 		"sample_2" : 10.95, "sample_3" : -5.56,
 		"sample_4" : 0, "node_id" : 4},

	"4:62" : {"timestamp" : 1346182409, "air_time" : 4,
 		"sequence" : 62, "fails" : 3,
 		"retries" : 2, "sample_1" : -7.95,
 		"sample_2" : 11.01, "sample_3" : -3.70,
 		"sample_4" : 0, "node_id" : 4},

	"4:63" : {"timestamp" : 1346182410, "air_time" : 7,
 		"sequence" : 63, "fails" : 3,
 		"retries" : 2, "sample_1" : -9.40,
 		"sample_2" : 8.59, "sample_3" : -3.98,
 		"sample_4" : 0, "node_id" : 4},

	"4:64" : {"timestamp" : 1346182411, "air_time" : 7,
 		"sequence" : 64, "fails" : 0,
 		"retries" : 0, "sample_1" : -8.05,
 		"sample_2" : 7.32, "sample_3" : -0.83,
 		"sample_4" : 0, "node_id" : 4},

	"4:65" : {"timestamp" : 1346182412, "air_time" : 6,
 		"sequence" : 65, "fails" : 0,
 		"retries" : 1, "sample_1" : -8.90,
 		"sample_2" : 7.72, "sample_3" : 1.09,
 		"sample_4" : 0, "node_id" : 4},

	"4:66" : {"timestamp" : 1346182413, "air_time" : 9,
 		"sequence" : 66, "fails" : 2,
 		"retries" : 2, "sample_1" : -7.06,
 		"sample_2" : 4.75, "sample_3" : 2.73,
 		"sample_4" : 0, "node_id" : 4},

	"4:67" : {"timestamp" : 1346182414, "air_time" : 2,
 		"sequence" : 67, "fails" : 0,
 		"retries" : 2, "sample_1" : -6.26,
 		"sample_2" : 3.73, "sample_3" : 3.04,
 		"sample_4" : 0, "node_id" : 4},

	"4:68" : {"timestamp" : 1346182415, "air_time" : 1,
 		"sequence" : 68, "fails" : 3,
 		"retries" : 1, "sample_1" : -4.53,
 		"sample_2" : 1.63, "sample_3" : 4.47,
 		"sample_4" : 0, "node_id" : 4},

	"4:69" : {"timestamp" : 1346182416, "air_time" : 3,
 		"sequence" : 69, "fails" : 1,
 		"retries" : 2, "sample_1" : -4.40,
 		"sample_2" : -0.02, "sample_3" : 7.07,
 		"sample_4" : 0, "node_id" : 4},

	"4:70" : {"timestamp" : 1346182417, "air_time" : 7,
 		"sequence" : 70, "fails" : 1,
 		"retries" : 2, "sample_1" : -3.42,
 		"sample_2" : -1.64, "sample_3" : 7.78,
 		"sample_4" : 0, "node_id" : 4},

	"4:71" : {"timestamp" : 1346182418, "air_time" : 4,
 		"sequence" : 71, "fails" : 3,
 		"retries" : 0, "sample_1" : -0.84,
 		"sample_2" : -3.30, "sample_3" : 10.08,
 		"sample_4" : 0, "node_id" : 4},

	"4:72" : {"timestamp" : 1346182419, "air_time" : 7,
 		"sequence" : 72, "fails" : 0,
 		"retries" : 0, "sample_1" : 0.60,
 		"sample_2" : -4.84, "sample_3" : 9.93,
 		"sample_4" : 0, "node_id" : 4},

	"4:73" : {"timestamp" : 1346182420, "air_time" : 0,
 		"sequence" : 73, "fails" : 1,
 		"retries" : 1, "sample_1" : 2.74,
 		"sample_2" : -6.01, "sample_3" : 10.10,
 		"sample_4" : 0, "node_id" : 4},

	"4:74" : {"timestamp" : 1346182421, "air_time" : 6,
 		"sequence" : 74, "fails" : 1,
 		"retries" : 0, "sample_1" : 4.02,
 		"sample_2" : -7.78, "sample_3" : 11.27,
 		"sample_4" : 0, "node_id" : 4},

	"4:75" : {"timestamp" : 1346182422, "air_time" : 1,
 		"sequence" : 75, "fails" : 1,
 		"retries" : 0, "sample_1" : 5.50,
 		"sample_2" : -7.31, "sample_3" : 11.55,
 		"sample_4" : 0, "node_id" : 4},

	"4:76" : {"timestamp" : 1346182423, "air_time" : 2,
 		"sequence" : 76, "fails" : 2,
 		"retries" : 0, "sample_1" : 7.53,
 		"sample_2" : -8.96, "sample_3" : 9.62,
 		"sample_4" : 0, "node_id" : 4},

	"4:77" : {"timestamp" : 1346182424, "air_time" : 8,
 		"sequence" : 77, "fails" : 1,
 		"retries" : 0, "sample_1" : 9.16,
 		"sample_2" : -8.72, "sample_3" : 9.19,
 		"sample_4" : 0, "node_id" : 4},

	"4:78" : {"timestamp" : 1346182425, "air_time" : 4,
 		"sequence" : 78, "fails" : 1,
 		"retries" : 1, "sample_1" : 8.96,
 		"sample_2" : -8.79, "sample_3" : 9.70,
 		"sample_4" : 0, "node_id" : 4},

	"4:79" : {"timestamp" : 1346182426, "air_time" : 8,
 		"sequence" : 79, "fails" : 3,
 		"retries" : 0, "sample_1" : 11.00,
 		"sample_2" : -8.65, "sample_3" : 8.26,
 		"sample_4" : 0, "node_id" : 4},

	"4:80" : {"timestamp" : 1346182427, "air_time" : 2,
 		"sequence" : 80, "fails" : 1,
 		"retries" : 0, "sample_1" : 11.15,
 		"sample_2" : -8.91, "sample_3" : 7.50,
 		"sample_4" : 0, "node_id" : 4},

	"4:81" : {"timestamp" : 1346182428, "air_time" : 2,
 		"sequence" : 81, "fails" : 1,
 		"retries" : 1, "sample_1" : 11.40,
 		"sample_2" : -7.69, "sample_3" : 4.58,
 		"sample_4" : 0, "node_id" : 4},

	"4:82" : {"timestamp" : 1346182429, "air_time" : 7,
 		"sequence" : 82, "fails" : 0,
 		"retries" : 2, "sample_1" : 10.15,
 		"sample_2" : -6.12, "sample_3" : 4.23,
 		"sample_4" : 0, "node_id" : 4},

	"4:83" : {"timestamp" : 1346182430, "air_time" : 8,
 		"sequence" : 83, "fails" : 0,
 		"retries" : 2, "sample_1" : 10.90,
 		"sample_2" : -5.72, "sample_3" : 2.01,
 		"sample_4" : 0, "node_id" : 4},

	"4:84" : {"timestamp" : 1346182431, "air_time" : 1,
 		"sequence" : 84, "fails" : 1,
 		"retries" : 1, "sample_1" : 10.26,
 		"sample_2" : -3.85, "sample_3" : 0.17,
 		"sample_4" : 0, "node_id" : 4},

	"4:85" : {"timestamp" : 1346182432, "air_time" : 0,
 		"sequence" : 85, "fails" : 3,
 		"retries" : 0, "sample_1" : 8.86,
 		"sample_2" : -2.83, "sample_3" : -2.24,
 		"sample_4" : 0, "node_id" : 4},

	"4:86" : {"timestamp" : 1346182433, "air_time" : 8,
 		"sequence" : 86, "fails" : 3,
 		"retries" : 0, "sample_1" : 8.33,
 		"sample_2" : -0.63, "sample_3" : -3.77,
 		"sample_4" : 0, "node_id" : 4},

	"4:87" : {"timestamp" : 1346182434, "air_time" : 0,
 		"sequence" : 87, "fails" : 3,
 		"retries" : 0, "sample_1" : 5.50,
 		"sample_2" : 2.02, "sample_3" : -5.37,
 		"sample_4" : 0, "node_id" : 4},

	"4:88" : {"timestamp" : 1346182435, "air_time" : 3,
 		"sequence" : 88, "fails" : 2,
 		"retries" : 0, "sample_1" : 3.42,
 		"sample_2" : 2.64, "sample_3" : -6.68,
 		"sample_4" : 0, "node_id" : 4},

	"4:89" : {"timestamp" : 1346182436, "air_time" : 6,
 		"sequence" : 89, "fails" : 2,
 		"retries" : 2, "sample_1" : 3.44,
 		"sample_2" : 4.60, "sample_3" : -6.78,
 		"sample_4" : 0, "node_id" : 4},

	"4:90" : {"timestamp" : 1346182437, "air_time" : 7,
 		"sequence" : 90, "fails" : 3,
 		"retries" : 0, "sample_1" : 0.40,
 		"sample_2" : 5.94, "sample_3" : -7.23,
 		"sample_4" : 0, "node_id" : 4},

	"4:91" : {"timestamp" : 1346182438, "air_time" : 8,
 		"sequence" : 91, "fails" : 3,
 		"retries" : 0, "sample_1" : -1.74,
 		"sample_2" : 7.81, "sample_3" : -9.50,
 		"sample_4" : 0, "node_id" : 4},

	"4:92" : {"timestamp" : 1346182439, "air_time" : 2,
 		"sequence" : 92, "fails" : 1,
 		"retries" : 0, "sample_1" : -3.12,
 		"sample_2" : 8.08, "sample_3" : -8.07,
 		"sample_4" : 0, "node_id" : 4},

	"4:93" : {"timestamp" : 1346182440, "air_time" : 8,
 		"sequence" : 93, "fails" : 1,
 		"retries" : 2, "sample_1" : -3.70,
 		"sample_2" : 10.41, "sample_3" : -8.45,
 		"sample_4" : 0, "node_id" : 4},

	"4:94" : {"timestamp" : 1346182441, "air_time" : 7,
 		"sequence" : 94, "fails" : 3,
 		"retries" : 2, "sample_1" : -6.43,
 		"sample_2" : 9.56, "sample_3" : -8.72,
 		"sample_4" : 0, "node_id" : 4},

	"4:95" : {"timestamp" : 1346182442, "air_time" : 0,
 		"sequence" : 95, "fails" : 1,
 		"retries" : 2, "sample_1" : -6.46,
 		"sample_2" : 10.32, "sample_3" : -8.69,
 		"sample_4" : 0, "node_id" : 4},

	"4:96" : {"timestamp" : 1346182443, "air_time" : 3,
 		"sequence" : 96, "fails" : 0,
 		"retries" : 2, "sample_1" : -8.66,
 		"sample_2" : 11.89, "sample_3" : -7.40,
 		"sample_4" : 0, "node_id" : 4},

	"4:97" : {"timestamp" : 1346182444, "air_time" : 9,
 		"sequence" : 97, "fails" : 3,
 		"retries" : 1, "sample_1" : -8.00,
 		"sample_2" : 11.05, "sample_3" : -5.66,
 		"sample_4" : 0, "node_id" : 4},

	"4:98" : {"timestamp" : 1346182445, "air_time" : 9,
 		"sequence" : 98, "fails" : 1,
 		"retries" : 2, "sample_1" : -8.35,
 		"sample_2" : 10.81, "sample_3" : -4.10,
 		"sample_4" : 0, "node_id" : 4},

	"4:99" : {"timestamp" : 1346182446, "air_time" : 7,
 		"sequence" : 99, "fails" : 0,
 		"retries" : 1, "sample_1" : -9.00,
 		"sample_2" : 10.09, "sample_3" : -2.98,
 		"sample_4" : 0, "node_id" : 4},

	"4:100" : {"timestamp" : 1346182447, "air_time" : 8,
 		"sequence" : 100, "fails" : 3,
 		"retries" : 0, "sample_1" : -9.15,
 		"sample_2" : 7.92, "sample_3" : -1.63,
 		"sample_4" : 0, "node_id" : 4},

	"4:101" : {"timestamp" : 1346182448, "air_time" : 8,
 		"sequence" : 101, "fails" : 1,
 		"retries" : 1, "sample_1" : -8.20,
 		"sample_2" : 7.92, "sample_3" : -0.01,
 		"sample_4" : 0, "node_id" : 4},

	"4:102" : {"timestamp" : 1346182449, "air_time" : 7,
 		"sequence" : 102, "fails" : 0,
 		"retries" : 0, "sample_1" : -7.46,
 		"sample_2" : 4.95, "sample_3" : 2.23,
 		"sample_4" : 0, "node_id" : 4},

	"4:103" : {"timestamp" : 1346182450, "air_time" : 7,
 		"sequence" : 103, "fails" : 2,
 		"retries" : 2, "sample_1" : -6.06,
 		"sample_2" : 2.93, "sample_3" : 3.44,
 		"sample_4" : 0, "node_id" : 4},

	"4:104" : {"timestamp" : 1346182451, "air_time" : 7,
 		"sequence" : 104, "fails" : 0,
 		"retries" : 1, "sample_1" : -6.23,
 		"sample_2" : 2.23, "sample_3" : 4.57,
 		"sample_4" : 0, "node_id" : 4},

	"4:105" : {"timestamp" : 1346182452, "air_time" : 3,
 		"sequence" : 105, "fails" : 1,
 		"retries" : 0, "sample_1" : -4.20,
 		"sample_2" : 0.78, "sample_3" : 6.97,
 		"sample_4" : 0, "node_id" : 4},

	"4:106" : {"timestamp" : 1346182453, "air_time" : 0,
 		"sequence" : 106, "fails" : 1,
 		"retries" : 2, "sample_1" : -2.82,
 		"sample_2" : -1.14, "sample_3" : 8.68,
 		"sample_4" : 0, "node_id" : 4},

	"4:107" : {"timestamp" : 1346182454, "air_time" : 2,
 		"sequence" : 107, "fails" : 2,
 		"retries" : 1, "sample_1" : -0.24,
 		"sample_2" : -2.20, "sample_3" : 9.88,
 		"sample_4" : 0, "node_id" : 4},

	"4:108" : {"timestamp" : 1346182455, "air_time" : 3,
 		"sequence" : 108, "fails" : 1,
 		"retries" : 0, "sample_1" : 0.90,
 		"sample_2" : -3.84, "sample_3" : 10.93,
 		"sample_4" : 0, "node_id" : 4},

	"4:109" : {"timestamp" : 1346182456, "air_time" : 0,
 		"sequence" : 109, "fails" : 1,
 		"retries" : 0, "sample_1" : 3.24,
 		"sample_2" : -5.01, "sample_3" : 10.90,
 		"sample_4" : 0, "node_id" : 4},

	"4:110" : {"timestamp" : 1346182457, "air_time" : 2,
 		"sequence" : 110, "fails" : 0,
 		"retries" : 0, "sample_1" : 3.52,
 		"sample_2" : -6.08, "sample_3" : 10.07,
 		"sample_4" : 0, "node_id" : 4},

	"4:111" : {"timestamp" : 1346182458, "air_time" : 2,
 		"sequence" : 111, "fails" : 2,
 		"retries" : 0, "sample_1" : 5.30,
 		"sample_2" : -7.61, "sample_3" : 11.15,
 		"sample_4" : 0, "node_id" : 4},

	"4:112" : {"timestamp" : 1346182459, "air_time" : 5,
 		"sequence" : 112, "fails" : 1,
 		"retries" : 2, "sample_1" : 6.63,
 		"sample_2" : -9.56, "sample_3" : 11.32,
 		"sample_4" : 0, "node_id" : 4},

	"4:113" : {"timestamp" : 1346182460, "air_time" : 1,
 		"sequence" : 113, "fails" : 3,
 		"retries" : 2, "sample_1" : 8.96,
 		"sample_2" : -8.02, "sample_3" : 9.99,
 		"sample_4" : 0, "node_id" : 4},

	"4:114" : {"timestamp" : 1346182461, "air_time" : 2,
 		"sequence" : 114, "fails" : 1,
 		"retries" : 2, "sample_1" : 10.36,
 		"sample_2" : -8.29, "sample_3" : 9.70,
 		"sample_4" : 0, "node_id" : 4},

	"4:115" : {"timestamp" : 1346182462, "air_time" : 1,
 		"sequence" : 115, "fails" : 1,
 		"retries" : 0, "sample_1" : 10.40,
 		"sample_2" : -8.35, "sample_3" : 7.96,
 		"sample_4" : 0, "node_id" : 4},

	"4:116" : {"timestamp" : 1346182463, "air_time" : 2,
 		"sequence" : 116, "fails" : 2,
 		"retries" : 2, "sample_1" : 10.75,
 		"sample_2" : -8.01, "sample_3" : 6.70,
 		"sample_4" : 0, "node_id" : 4},

	"4:117" : {"timestamp" : 1346182464, "air_time" : 4,
 		"sequence" : 117, "fails" : 2,
 		"retries" : 2, "sample_1" : 11.40,
 		"sample_2" : -7.69, "sample_3" : 4.28,
 		"sample_4" : 0, "node_id" : 4},

	"4:118" : {"timestamp" : 1346182465, "air_time" : 0,
 		"sequence" : 118, "fails" : 1,
 		"retries" : 1, "sample_1" : 10.95,
 		"sample_2" : -6.92, "sample_3" : 3.13,
 		"sample_4" : 0, "node_id" : 4},

	"4:119" : {"timestamp" : 1346182466, "air_time" : 6,
 		"sequence" : 119, "fails" : 1,
 		"retries" : 2, "sample_1" : 10.30,
 		"sample_2" : -4.82, "sample_3" : 2.01,
 		"sample_4" : 0, "node_id" : 4},

	"4:120" : {"timestamp" : 1346182467, "air_time" : 9,
 		"sequence" : 120, "fails" : 0,
 		"retries" : 2, "sample_1" : 8.86,
 		"sample_2" : -3.65, "sample_3" : -0.13,
 		"sample_4" : 0, "node_id" : 4},

	"4:121" : {"timestamp" : 1346182468, "air_time" : 9,
 		"sequence" : 121, "fails" : 2,
 		"retries" : 2, "sample_1" : 8.66,
 		"sample_2" : -2.23, "sample_3" : -2.04,
 		"sample_4" : 0, "node_id" : 4},

	"4:122" : {"timestamp" : 1346182469, "air_time" : 2,
 		"sequence" : 122, "fails" : 3,
 		"retries" : 1, "sample_1" : 8.13,
 		"sample_2" : 0.07, "sample_3" : -2.57,
 		"sample_4" : 0, "node_id" : 4},

	"4:123" : {"timestamp" : 1346182470, "air_time" : 3,
 		"sequence" : 123, "fails" : 2,
 		"retries" : 0, "sample_1" : 5.10,
 		"sample_2" : 2.32, "sample_3" : -5.37,
 		"sample_4" : 0, "node_id" : 4},

	"4:124" : {"timestamp" : 1346182471, "air_time" : 7,
 		"sequence" : 124, "fails" : 2,
 		"retries" : 1, "sample_1" : 4.52,
 		"sample_2" : 3.34, "sample_3" : -5.48,
 		"sample_4" : 0, "node_id" : 4},

	"4:125" : {"timestamp" : 1346182472, "air_time" : 1,
 		"sequence" : 125, "fails" : 2,
 		"retries" : 1, "sample_1" : 3.04,
 		"sample_2" : 5.60, "sample_3" : -6.38,
 		"sample_4" : 0, "node_id" : 4},

	"4:126" : {"timestamp" : 1346182473, "air_time" : 7,
 		"sequence" : 126, "fails" : 0,
 		"retries" : 0, "sample_1" : 0.50,
 		"sample_2" : 5.94, "sample_3" : -7.23,
 		"sample_4" : 0, "node_id" : 4},

	"4:127" : {"timestamp" : 1346182474, "air_time" : 7,
 		"sequence" : 127, "fails" : 0,
 		"retries" : 2, "sample_1" : -1.74,
 		"sample_2" : 7.71, "sample_3" : -9.00,
 		"sample_4" : 0, "node_id" : 4},

	"4:128" : {"timestamp" : 1346182475, "air_time" : 4,
 		"sequence" : 128, "fails" : 2,
 		"retries" : 2, "sample_1" : -3.02,
 		"sample_2" : 9.28, "sample_3" : -9.47,
 		"sample_4" : 0, "node_id" : 4},

	"4:129" : {"timestamp" : 1346182476, "air_time" : 5,
 		"sequence" : 129, "fails" : 2,
 		"retries" : 0, "sample_1" : -4.50,
 		"sample_2" : 9.01, "sample_3" : -8.55,
 		"sample_4" : 0, "node_id" : 4},

	"4:130" : {"timestamp" : 1346182477, "air_time" : 4,
 		"sequence" : 130, "fails" : 1,
 		"retries" : 0, "sample_1" : -5.53,
 		"sample_2" : 10.96, "sample_3" : -9.02,
 		"sample_4" : 0, "node_id" : 4},

	"4:131" : {"timestamp" : 1346182478, "air_time" : 0,
 		"sequence" : 131, "fails" : 0,
 		"retries" : 0, "sample_1" : -5.96,
 		"sample_2" : 10.12, "sample_3" : -8.59,
 		"sample_4" : 0, "node_id" : 4},

	"4:132" : {"timestamp" : 1346182479, "air_time" : 8,
 		"sequence" : 132, "fails" : 3,
 		"retries" : 0, "sample_1" : -7.66,
 		"sample_2" : 11.39, "sample_3" : -6.70,
 		"sample_4" : 0, "node_id" : 4},

	"4:133" : {"timestamp" : 1346182480, "air_time" : 2,
 		"sequence" : 133, "fails" : 1,
 		"retries" : 2, "sample_1" : -8.20,
 		"sample_2" : 10.75, "sample_3" : -6.06,
 		"sample_4" : 0, "node_id" : 4},

	"4:134" : {"timestamp" : 1346182481, "air_time" : 5,
 		"sequence" : 134, "fails" : 0,
 		"retries" : 0, "sample_1" : -9.55,
 		"sample_2" : 10.11, "sample_3" : -4.20,
 		"sample_4" : 0, "node_id" : 4},

	"4:135" : {"timestamp" : 1346182482, "air_time" : 8,
 		"sequence" : 135, "fails" : 0,
 		"retries" : 2, "sample_1" : -8.60,
 		"sample_2" : 10.19, "sample_3" : -3.38,
 		"sample_4" : 0, "node_id" : 4},

	"4:136" : {"timestamp" : 1346182483, "air_time" : 4,
 		"sequence" : 136, "fails" : 2,
 		"retries" : 0, "sample_1" : -9.65,
 		"sample_2" : 7.82, "sample_3" : -1.93,
 		"sample_4" : 0, "node_id" : 4},

	"4:137" : {"timestamp" : 1346182484, "air_time" : 3,
 		"sequence" : 137, "fails" : 3,
 		"retries" : 0, "sample_1" : -8.60,
 		"sample_2" : 7.02, "sample_3" : -0.31,
 		"sample_4" : 0, "node_id" : 4},

	"4:138" : {"timestamp" : 1346182485, "air_time" : 7,
 		"sequence" : 138, "fails" : 2,
 		"retries" : 2, "sample_1" : -6.76,
 		"sample_2" : 4.75, "sample_3" : 1.53,
 		"sample_4" : 0, "node_id" : 4},

	"4:139" : {"timestamp" : 1346182486, "air_time" : 9,
 		"sequence" : 139, "fails" : 0,
 		"retries" : 1, "sample_1" : -7.16,
 		"sample_2" : 3.93, "sample_3" : 3.84,
 		"sample_4" : 0, "node_id" : 4},

	"4:140" : {"timestamp" : 1346182487, "air_time" : 8,
 		"sequence" : 140, "fails" : 3,
 		"retries" : 1, "sample_1" : -5.13,
 		"sample_2" : 2.73, "sample_3" : 5.87,
 		"sample_4" : 0, "node_id" : 4},

	"4:141" : {"timestamp" : 1346182488, "air_time" : 7,
 		"sequence" : 141, "fails" : 0,
 		"retries" : 0, "sample_1" : -3.20,
 		"sample_2" : 0.68, "sample_3" : 5.97,
 		"sample_4" : 0, "node_id" : 4},

	"4:142" : {"timestamp" : 1346182489, "air_time" : 9,
 		"sequence" : 142, "fails" : 0,
 		"retries" : 2, "sample_1" : -2.32,
 		"sample_2" : -2.24, "sample_3" : 8.08,
 		"sample_4" : 0, "node_id" : 4},

	"4:143" : {"timestamp" : 1346182490, "air_time" : 4,
 		"sequence" : 143, "fails" : 0,
 		"retries" : 1, "sample_1" : -1.04,
 		"sample_2" : -3.50, "sample_3" : 9.68,
 		"sample_4" : 0, "node_id" : 4},

	"4:144" : {"timestamp" : 1346182491, "air_time" : 3,
 		"sequence" : 144, "fails" : 3,
 		"retries" : 0, "sample_1" : 1.40,
 		"sample_2" : -5.24, "sample_3" : 9.83,
 		"sample_4" : 0, "node_id" : 4},

	"4:145" : {"timestamp" : 1346182492, "air_time" : 5,
 		"sequence" : 145, "fails" : 0,
 		"retries" : 2, "sample_1" : 2.54,
 		"sample_2" : -5.01, "sample_3" : 10.90,
 		"sample_4" : 0, "node_id" : 4},

	"4:146" : {"timestamp" : 1346182493, "air_time" : 1,
 		"sequence" : 146, "fails" : 1,
 		"retries" : 2, "sample_1" : 4.22,
 		"sample_2" : -6.68, "sample_3" : 10.37,
 		"sample_4" : 0, "node_id" : 4},

	"4:147" : {"timestamp" : 1346182494, "air_time" : 2,
 		"sequence" : 147, "fails" : 2,
 		"retries" : 0, "sample_1" : 6.20,
 		"sample_2" : -8.31, "sample_3" : 9.95,
 		"sample_4" : 0, "node_id" : 4},

	"4:148" : {"timestamp" : 1346182495, "air_time" : 3,
 		"sequence" : 148, "fails" : 2,
 		"retries" : 2, "sample_1" : 6.83,
 		"sample_2" : -7.86, "sample_3" : 11.12,
 		"sample_4" : 0, "node_id" : 4},

	"4:149" : {"timestamp" : 1346182496, "air_time" : 1,
 		"sequence" : 149, "fails" : 1,
 		"retries" : 2, "sample_1" : 9.56,
 		"sample_2" : -8.82, "sample_3" : 10.19,
 		"sample_4" : 0, "node_id" : 4},

	"4:150" : {"timestamp" : 1346182497, "air_time" : 5,
 		"sequence" : 150, "fails" : 1,
 		"retries" : 0, "sample_1" : 10.46,
 		"sample_2" : -9.49, "sample_3" : 8.60,
 		"sample_4" : 0, "node_id" : 4},

	"4:151" : {"timestamp" : 1346182498, "air_time" : 8,
 		"sequence" : 151, "fails" : 0,
 		"retries" : 1, "sample_1" : 10.90,
 		"sample_2" : -9.75, "sample_3" : 8.86,
 		"sample_4" : 0, "node_id" : 4},

	"4:152" : {"timestamp" : 1346182499, "air_time" : 0,
 		"sequence" : 152, "fails" : 1,
 		"retries" : 2, "sample_1" : 11.25,
 		"sample_2" : -8.91, "sample_3" : 6.60,
 		"sample_4" : 0, "node_id" : 4},

	"4:153" : {"timestamp" : 1346182500, "air_time" : 4,
 		"sequence" : 153, "fails" : 1,
 		"retries" : 0, "sample_1" : 11.90,
 		"sample_2" : -7.39, "sample_3" : 5.98,
 		"sample_4" : 0, "node_id" : 4},

	"4:154" : {"timestamp" : 1346182501, "air_time" : 7,
 		"sequence" : 154, "fails" : 3,
 		"retries" : 1, "sample_1" : 10.75,
 		"sample_2" : -6.02, "sample_3" : 4.33,
 		"sample_4" : 0, "node_id" : 4},

	"4:155" : {"timestamp" : 1346182502, "air_time" : 1,
 		"sequence" : 155, "fails" : 2,
 		"retries" : 1, "sample_1" : 10.80,
 		"sample_2" : -4.72, "sample_3" : 2.01,
 		"sample_4" : 0, "node_id" : 4},

	"4:156" : {"timestamp" : 1346182503, "air_time" : 0,
 		"sequence" : 156, "fails" : 3,
 		"retries" : 1, "sample_1" : 10.26,
 		"sample_2" : -3.15, "sample_3" : -0.33,
 		"sample_4" : 0, "node_id" : 4},

	"4:157" : {"timestamp" : 1346182504, "air_time" : 7,
 		"sequence" : 157, "fails" : 2,
 		"retries" : 0, "sample_1" : 8.66,
 		"sample_2" : -1.23, "sample_3" : -2.24,
 		"sample_4" : 0, "node_id" : 4},

	"4:158" : {"timestamp" : 1346182505, "air_time" : 6,
 		"sequence" : 158, "fails" : 2,
 		"retries" : 2, "sample_1" : 8.23,
 		"sample_2" : 0.57, "sample_3" : -4.17,
 		"sample_4" : 0, "node_id" : 4},

	"4:159" : {"timestamp" : 1346182506, "air_time" : 7,
 		"sequence" : 159, "fails" : 3,
 		"retries" : 1, "sample_1" : 5.40,
 		"sample_2" : 2.32, "sample_3" : -5.47,
 		"sample_4" : 0, "node_id" : 4},

	"4:160" : {"timestamp" : 1346182507, "air_time" : 5,
 		"sequence" : 160, "fails" : 1,
 		"retries" : 1, "sample_1" : 3.52,
 		"sample_2" : 3.94, "sample_3" : -6.18,
 		"sample_4" : 0, "node_id" : 4},

	"4:161" : {"timestamp" : 1346182508, "air_time" : 5,
 		"sequence" : 161, "fails" : 1,
 		"retries" : 0, "sample_1" : 2.94,
 		"sample_2" : 5.70, "sample_3" : -6.88,
 		"sample_4" : 0, "node_id" : 4},

	"4:162" : {"timestamp" : 1346182509, "air_time" : 8,
 		"sequence" : 162, "fails" : 0,
 		"retries" : 0, "sample_1" : 1.20,
 		"sample_2" : 5.44, "sample_3" : -8.63,
 		"sample_4" : 0, "node_id" : 4},

	"4:163" : {"timestamp" : 1346182510, "air_time" : 6,
 		"sequence" : 163, "fails" : 0,
 		"retries" : 1, "sample_1" : -0.14,
 		"sample_2" : 6.81, "sample_3" : -8.10,
 		"sample_4" : 0, "node_id" : 4},

	"4:164" : {"timestamp" : 1346182511, "air_time" : 1,
 		"sequence" : 164, "fails" : 2,
 		"retries" : 1, "sample_1" : -3.32,
 		"sample_2" : 9.38, "sample_3" : -9.77,
 		"sample_4" : 0, "node_id" : 4},

	"4:165" : {"timestamp" : 1346182512, "air_time" : 4,
 		"sequence" : 165, "fails" : 0,
 		"retries" : 0, "sample_1" : -4.40,
 		"sample_2" : 10.21, "sample_3" : -8.45,
 		"sample_4" : 0, "node_id" : 4},

	"4:166" : {"timestamp" : 1346182513, "air_time" : 6,
 		"sequence" : 166, "fails" : 1,
 		"retries" : 0, "sample_1" : -5.53,
 		"sample_2" : 9.96, "sample_3" : -7.92,
 		"sample_4" : 0, "node_id" : 4},

	"4:167" : {"timestamp" : 1346182514, "air_time" : 7,
 		"sequence" : 167, "fails" : 2,
 		"retries" : 2, "sample_1" : -7.16,
 		"sample_2" : 11.02, "sample_3" : -7.49,
 		"sample_4" : 0, "node_id" : 4},

	"4:168" : {"timestamp" : 1346182515, "air_time" : 5,
 		"sequence" : 168, "fails" : 1,
 		"retries" : 1, "sample_1" : -7.96,
 		"sample_2" : 11.29, "sample_3" : -6.90,
 		"sample_4" : 0, "node_id" : 4},

	"4:169" : {"timestamp" : 1346182516, "air_time" : 2,
 		"sequence" : 169, "fails" : 3,
 		"retries" : 0, "sample_1" : -9.30,
 		"sample_2" : 10.15, "sample_3" : -6.26,
 		"sample_4" : 0, "node_id" : 4},

	"4:170" : {"timestamp" : 1346182517, "air_time" : 8,
 		"sequence" : 170, "fails" : 1,
 		"retries" : 1, "sample_1" : -8.15,
 		"sample_2" : 11.11, "sample_3" : -4.80,
 		"sample_4" : 0, "node_id" : 4},

	"4:171" : {"timestamp" : 1346182518, "air_time" : 0,
 		"sequence" : 171, "fails" : 0,
 		"retries" : 0, "sample_1" : -9.20,
 		"sample_2" : 8.59, "sample_3" : -2.78,
 		"sample_4" : 0, "node_id" : 4},

	"4:172" : {"timestamp" : 1346182519, "air_time" : 4,
 		"sequence" : 172, "fails" : 1,
 		"retries" : 1, "sample_1" : -8.25,
 		"sample_2" : 8.02, "sample_3" : -2.23,
 		"sample_4" : 0, "node_id" : 4},

	"4:173" : {"timestamp" : 1346182520, "air_time" : 8,
 		"sequence" : 173, "fails" : 2,
 		"retries" : 1, "sample_1" : -8.80,
 		"sample_2" : 6.52, "sample_3" : -0.01,
 		"sample_4" : 0, "node_id" : 4},

	"4:174" : {"timestamp" : 1346182521, "air_time" : 4,
 		"sequence" : 174, "fails" : 1,
 		"retries" : 1, "sample_1" : -8.66,
 		"sample_2" : 5.25, "sample_3" : 1.93,
 		"sample_4" : 0, "node_id" : 4},

	"4:175" : {"timestamp" : 1346182522, "air_time" : 5,
 		"sequence" : 175, "fails" : 3,
 		"retries" : 0, "sample_1" : -6.66,
 		"sample_2" : 3.23, "sample_3" : 4.14,
 		"sample_4" : 0, "node_id" : 4},

	"4:176" : {"timestamp" : 1346182523, "air_time" : 1,
 		"sequence" : 176, "fails" : 3,
 		"retries" : 2, "sample_1" : -5.73,
 		"sample_2" : 1.53, "sample_3" : 5.77,
 		"sample_4" : 0, "node_id" : 4},

	"4:177" : {"timestamp" : 1346182524, "air_time" : 4,
 		"sequence" : 177, "fails" : 0,
 		"retries" : 2, "sample_1" : -3.60,
 		"sample_2" : 1.18, "sample_3" : 6.07,
 		"sample_4" : 0, "node_id" : 4},

	"4:178" : {"timestamp" : 1346182525, "air_time" : 6,
 		"sequence" : 178, "fails" : 3,
 		"retries" : 1, "sample_1" : -2.62,
 		"sample_2" : -0.94, "sample_3" : 8.88,
 		"sample_4" : 0, "node_id" : 4},

	"4:179" : {"timestamp" : 1346182526, "air_time" : 9,
 		"sequence" : 179, "fails" : 1,
 		"retries" : 2, "sample_1" : -1.14,
 		"sample_2" : -2.70, "sample_3" : 8.48,
 		"sample_4" : 0, "node_id" : 4},

	"4:180" : {"timestamp" : 1346182527, "air_time" : 5,
 		"sequence" : 180, "fails" : 2,
 		"retries" : 1, "sample_1" : 0.90,
 		"sample_2" : -4.34, "sample_3" : 10.63,
 		"sample_4" : 0, "node_id" : 4},

	"4:181" : {"timestamp" : 1346182528, "air_time" : 2,
 		"sequence" : 181, "fails" : 2,
 		"retries" : 1, "sample_1" : 2.54,
 		"sample_2" : -6.31, "sample_3" : 10.10,
 		"sample_4" : 0, "node_id" : 4},

	"4:182" : {"timestamp" : 1346182529, "air_time" : 0,
 		"sequence" : 182, "fails" : 0,
 		"retries" : 1, "sample_1" : 4.22,
 		"sample_2" : -6.88, "sample_3" : 11.37,
 		"sample_4" : 0, "node_id" : 4},

	"4:183" : {"timestamp" : 1346182530, "air_time" : 8,
 		"sequence" : 183, "fails" : 0,
 		"retries" : 0, "sample_1" : 5.60,
 		"sample_2" : -8.31, "sample_3" : 11.25,
 		"sample_4" : 0, "node_id" : 4},

	"4:184" : {"timestamp" : 1346182531, "air_time" : 8,
 		"sequence" : 184, "fails" : 1,
 		"retries" : 1, "sample_1" : 8.13,
 		"sample_2" : -8.86, "sample_3" : 10.62,
 		"sample_4" : 0, "node_id" : 4},

	"4:185" : {"timestamp" : 1346182532, "air_time" : 1,
 		"sequence" : 185, "fails" : 1,
 		"retries" : 2, "sample_1" : 8.56,
 		"sample_2" : -9.62, "sample_3" : 9.59,
 		"sample_4" : 0, "node_id" : 4},

	"4:186" : {"timestamp" : 1346182533, "air_time" : 6,
 		"sequence" : 186, "fails" : 2,
 		"retries" : 1, "sample_1" : 10.26,
 		"sample_2" : -8.39, "sample_3" : 9.10,
 		"sample_4" : 0, "node_id" : 4},

	"4:187" : {"timestamp" : 1346182534, "air_time" : 6,
 		"sequence" : 187, "fails" : 0,
 		"retries" : 1, "sample_1" : 10.10,
 		"sample_2" : -9.35, "sample_3" : 8.46,
 		"sample_4" : 0, "node_id" : 4},

	"4:188" : {"timestamp" : 1346182535, "air_time" : 2,
 		"sequence" : 188, "fails" : 1,
 		"retries" : 1, "sample_1" : 10.55,
 		"sample_2" : -8.91, "sample_3" : 6.60,
 		"sample_4" : 0, "node_id" : 4},

	"4:189" : {"timestamp" : 1346182536, "air_time" : 2,
 		"sequence" : 189, "fails" : 0,
 		"retries" : 0, "sample_1" : 10.00,
 		"sample_2" : -6.59, "sample_3" : 5.48,
 		"sample_4" : 0, "node_id" : 4},

	"4:190" : {"timestamp" : 1346182537, "air_time" : 9,
 		"sequence" : 190, "fails" : 3,
 		"retries" : 1, "sample_1" : 9.85,
 		"sample_2" : -6.92, "sample_3" : 3.03,
 		"sample_4" : 0, "node_id" : 4},

	"4:191" : {"timestamp" : 1346182538, "air_time" : 2,
 		"sequence" : 191, "fails" : 1,
 		"retries" : 1, "sample_1" : 10.90,
 		"sample_2" : -4.22, "sample_3" : 2.21,
 		"sample_4" : 0, "node_id" : 4},

	"4:192" : {"timestamp" : 1346182539, "air_time" : 3,
 		"sequence" : 192, "fails" : 3,
 		"retries" : 1, "sample_1" : 9.76,
 		"sample_2" : -2.95, "sample_3" : 0.37,
 		"sample_4" : 0, "node_id" : 4},

	"4:193" : {"timestamp" : 1346182540, "air_time" : 5,
 		"sequence" : 193, "fails" : 0,
 		"retries" : 1, "sample_1" : 8.46,
 		"sample_2" : -1.23, "sample_3" : -2.44,
 		"sample_4" : 0, "node_id" : 4},

	"4:194" : {"timestamp" : 1346182541, "air_time" : 2,
 		"sequence" : 194, "fails" : 1,
 		"retries" : 2, "sample_1" : 6.53,
 		"sample_2" : 0.17, "sample_3" : -3.77,
 		"sample_4" : 0, "node_id" : 4},

	"4:195" : {"timestamp" : 1346182542, "air_time" : 7,
 		"sequence" : 195, "fails" : 1,
 		"retries" : 1, "sample_1" : 6.30,
 		"sample_2" : 0.62, "sample_3" : -5.67,
 		"sample_4" : 0, "node_id" : 4},

	"4:196" : {"timestamp" : 1346182543, "air_time" : 6,
 		"sequence" : 196, "fails" : 2,
 		"retries" : 2, "sample_1" : 4.72,
 		"sample_2" : 4.04, "sample_3" : -5.28,
 		"sample_4" : 0, "node_id" : 4},

	"4:197" : {"timestamp" : 1346182544, "air_time" : 4,
 		"sequence" : 197, "fails" : 2,
 		"retries" : 1, "sample_1" : 3.64,
 		"sample_2" : 4.60, "sample_3" : -6.38,
 		"sample_4" : 0, "node_id" : 4},

	"4:198" : {"timestamp" : 1346182545, "air_time" : 1,
 		"sequence" : 198, "fails" : 3,
 		"retries" : 2, "sample_1" : 0.90,
 		"sample_2" : 6.04, "sample_3" : -7.93,
 		"sample_4" : 0, "node_id" : 4},

	"4:199" : {"timestamp" : 1346182546, "air_time" : 3,
 		"sequence" : 199, "fails" : 2,
 		"retries" : 1, "sample_1" : -1.34,
 		"sample_2" : 7.71, "sample_3" : -9.60,
 		"sample_4" : 0, "node_id" : 4},

	"4:200" : {"timestamp" : 1346182547, "air_time" : 1,
 		"sequence" : 200, "fails" : 1,
 		"retries" : 0, "sample_1" : -2.52,
 		"sample_2" : 7.98, "sample_3" : -9.57,
 		"sample_4" : 0, "node_id" : 4},

	"4:201" : {"timestamp" : 1346182548, "air_time" : 3,
 		"sequence" : 201, "fails" : 0,
 		"retries" : 1, "sample_1" : -4.40,
 		"sample_2" : 9.51, "sample_3" : -9.25,
 		"sample_4" : 0, "node_id" : 4},

	"4:202" : {"timestamp" : 1346182549, "air_time" : 2,
 		"sequence" : 202, "fails" : 1,
 		"retries" : 0, "sample_1" : -5.13,
 		"sample_2" : 11.36, "sample_3" : -8.92,
 		"sample_4" : 0, "node_id" : 4},

	"4:203" : {"timestamp" : 1346182550, "air_time" : 8,
 		"sequence" : 203, "fails" : 0,
 		"retries" : 0, "sample_1" : -6.86,
 		"sample_2" : 11.62, "sample_3" : -8.49,
 		"sample_4" : 0, "node_id" : 4},

	"4:204" : {"timestamp" : 1346182551, "air_time" : 4,
 		"sequence" : 204, "fails" : 3,
 		"retries" : 0, "sample_1" : -7.96,
 		"sample_2" : 10.89, "sample_3" : -8.00,
 		"sample_4" : 0, "node_id" : 4},

	"4:205" : {"timestamp" : 1346182552, "air_time" : 6,
 		"sequence" : 205, "fails" : 2,
 		"retries" : 0, "sample_1" : -8.20,
 		"sample_2" : 10.65, "sample_3" : -5.76,
 		"sample_4" : 0, "node_id" : 4},

	"4:206" : {"timestamp" : 1346182553, "air_time" : 4,
 		"sequence" : 206, "fails" : 2,
 		"retries" : 1, "sample_1" : -8.95,
 		"sample_2" : 9.21, "sample_3" : -4.40,
 		"sample_4" : 0, "node_id" : 4},

	"4:207" : {"timestamp" : 1346182554, "air_time" : 2,
 		"sequence" : 207, "fails" : 2,
 		"retries" : 2, "sample_1" : -9.20,
 		"sample_2" : 8.49, "sample_3" : -2.38,
 		"sample_4" : 0, "node_id" : 4},

	"4:208" : {"timestamp" : 1346182555, "air_time" : 2,
 		"sequence" : 208, "fails" : 1,
 		"retries" : 1, "sample_1" : -9.15,
 		"sample_2" : 8.82, "sample_3" : -1.53,
 		"sample_4" : 0, "node_id" : 4},

	"4:209" : {"timestamp" : 1346182556, "air_time" : 9,
 		"sequence" : 209, "fails" : 1,
 		"retries" : 2, "sample_1" : -8.50,
 		"sample_2" : 7.12, "sample_3" : -0.61,
 		"sample_4" : 0, "node_id" : 4},

	"4:210" : {"timestamp" : 1346182557, "air_time" : 0,
 		"sequence" : 210, "fails" : 1,
 		"retries" : 1, "sample_1" : -7.26,
 		"sample_2" : 6.45, "sample_3" : 1.13,
 		"sample_4" : 0, "node_id" : 4},

	"4:211" : {"timestamp" : 1346182558, "air_time" : 5,
 		"sequence" : 211, "fails" : 3,
 		"retries" : 2, "sample_1" : -7.16,
 		"sample_2" : 2.93, "sample_3" : 3.54,
 		"sample_4" : 0, "node_id" : 4},

	"4:212" : {"timestamp" : 1346182559, "air_time" : 7,
 		"sequence" : 212, "fails" : 0,
 		"retries" : 1, "sample_1" : -4.73,
 		"sample_2" : 2.73, "sample_3" : 5.17,
 		"sample_4" : 0, "node_id" : 4},

	"4:213" : {"timestamp" : 1346182560, "air_time" : 3,
 		"sequence" : 213, "fails" : 0,
 		"retries" : 0, "sample_1" : -4.90,
 		"sample_2" : 1.08, "sample_3" : 6.27,
 		"sample_4" : 0, "node_id" : 4},

	"4:214" : {"timestamp" : 1346182561, "air_time" : 6,
 		"sequence" : 214, "fails" : 2,
 		"retries" : 2, "sample_1" : -2.82,
 		"sample_2" : -0.94, "sample_3" : 8.18,
 		"sample_4" : 0, "node_id" : 4},

	"4:215" : {"timestamp" : 1346182562, "air_time" : 6,
 		"sequence" : 215, "fails" : 1,
 		"retries" : 0, "sample_1" : -0.44,
 		"sample_2" : -2.00, "sample_3" : 8.78,
 		"sample_4" : 0, "node_id" : 4},

	"4:216" : {"timestamp" : 1346182563, "air_time" : 8,
 		"sequence" : 216, "fails" : 3,
 		"retries" : 0, "sample_1" : 0.50,
 		"sample_2" : -3.94, "sample_3" : 9.93,
 		"sample_4" : 0, "node_id" : 4},

	"4:217" : {"timestamp" : 1346182564, "air_time" : 2,
 		"sequence" : 217, "fails" : 3,
 		"retries" : 2, "sample_1" : 3.54,
 		"sample_2" : -6.21, "sample_3" : 10.00,
 		"sample_4" : 0, "node_id" : 4},

	"4:218" : {"timestamp" : 1346182565, "air_time" : 7,
 		"sequence" : 218, "fails" : 0,
 		"retries" : 1, "sample_1" : 4.82,
 		"sample_2" : -6.28, "sample_3" : 11.37,
 		"sample_4" : 0, "node_id" : 4},

	"4:219" : {"timestamp" : 1346182566, "air_time" : 1,
 		"sequence" : 219, "fails" : 2,
 		"retries" : 0, "sample_1" : 5.00,
 		"sample_2" : -8.31, "sample_3" : 10.45,
 		"sample_4" : 0, "node_id" : 4},

	"4:220" : {"timestamp" : 1346182567, "air_time" : 1,
 		"sequence" : 220, "fails" : 0,
 		"retries" : 2, "sample_1" : 7.23,
 		"sample_2" : -7.96, "sample_3" : 10.72,
 		"sample_4" : 0, "node_id" : 4},

	"4:221" : {"timestamp" : 1346182568, "air_time" : 7,
 		"sequence" : 221, "fails" : 0,
 		"retries" : 1, "sample_1" : 8.06,
 		"sample_2" : -8.62, "sample_3" : 9.69,
 		"sample_4" : 0, "node_id" : 4},

	"4:222" : {"timestamp" : 1346182569, "air_time" : 8,
 		"sequence" : 222, "fails" : 3,
 		"retries" : 0, "sample_1" : 9.76,
 		"sample_2" : -9.59, "sample_3" : 8.10,
 		"sample_4" : 0, "node_id" : 4},

	"4:223" : {"timestamp" : 1346182570, "air_time" : 8,
 		"sequence" : 223, "fails" : 0,
 		"retries" : 1, "sample_1" : 9.90,
 		"sample_2" : -7.85, "sample_3" : 8.26,
 		"sample_4" : 0, "node_id" : 4},

	"4:224" : {"timestamp" : 1346182571, "air_time" : 6,
 		"sequence" : 224, "fails" : 1,
 		"retries" : 2, "sample_1" : 10.85,
 		"sample_2" : -7.81, "sample_3" : 6.20,
 		"sample_4" : 0, "node_id" : 4},

	"4:225" : {"timestamp" : 1346182572, "air_time" : 0,
 		"sequence" : 225, "fails" : 0,
 		"retries" : 2, "sample_1" : 10.70,
 		"sample_2" : -7.19, "sample_3" : 4.68,
 		"sample_4" : 0, "node_id" : 4},

	"4:226" : {"timestamp" : 1346182573, "air_time" : 9,
 		"sequence" : 226, "fails" : 2,
 		"retries" : 0, "sample_1" : 10.15,
 		"sample_2" : -5.62, "sample_3" : 4.13,
 		"sample_4" : 0, "node_id" : 4},

	"4:227" : {"timestamp" : 1346182574, "air_time" : 1,
 		"sequence" : 227, "fails" : 1,
 		"retries" : 0, "sample_1" : 11.30,
 		"sample_2" : -4.22, "sample_3" : 2.21,
 		"sample_4" : 0, "node_id" : 4},

	"4:228" : {"timestamp" : 1346182575, "air_time" : 6,
 		"sequence" : 228, "fails" : 0,
 		"retries" : 0, "sample_1" : 10.46,
 		"sample_2" : -2.95, "sample_3" : 0.77,
 		"sample_4" : 0, "node_id" : 4},

	"4:229" : {"timestamp" : 1346182576, "air_time" : 1,
 		"sequence" : 229, "fails" : 2,
 		"retries" : 2, "sample_1" : 9.56,
 		"sample_2" : -2.33, "sample_3" : -1.44,
 		"sample_4" : 0, "node_id" : 4},

	"4:230" : {"timestamp" : 1346182577, "air_time" : 7,
 		"sequence" : 230, "fails" : 3,
 		"retries" : 2, "sample_1" : 7.13,
 		"sample_2" : -1.13, "sample_3" : -3.77,
 		"sample_4" : 0, "node_id" : 4},

	"4:231" : {"timestamp" : 1346182578, "air_time" : 9,
 		"sequence" : 231, "fails" : 0,
 		"retries" : 0, "sample_1" : 6.80,
 		"sample_2" : 1.42, "sample_3" : -5.47,
 		"sample_4" : 0, "node_id" : 4},

	"4:232" : {"timestamp" : 1346182579, "air_time" : 3,
 		"sequence" : 232, "fails" : 3,
 		"retries" : 1, "sample_1" : 3.42,
 		"sample_2" : 3.34, "sample_3" : -6.18,
 		"sample_4" : 0, "node_id" : 4},

	"4:233" : {"timestamp" : 1346182580, "air_time" : 8,
 		"sequence" : 233, "fails" : 3,
 		"retries" : 2, "sample_1" : 1.74,
 		"sample_2" : 5.20, "sample_3" : -7.78,
 		"sample_4" : 0, "node_id" : 4},

	"4:234" : {"timestamp" : 1346182581, "air_time" : 8,
 		"sequence" : 234, "fails" : 1,
 		"retries" : 0, "sample_1" : 1.20,
 		"sample_2" : 6.74, "sample_3" : -9.03,
 		"sample_4" : 0, "node_id" : 4},

	"4:235" : {"timestamp" : 1346182582, "air_time" : 2,
 		"sequence" : 235, "fails" : 0,
 		"retries" : 2, "sample_1" : -0.24,
 		"sample_2" : 7.91, "sample_3" : -8.30,
 		"sample_4" : 0, "node_id" : 4},

	"4:236" : {"timestamp" : 1346182583, "air_time" : 8,
 		"sequence" : 236, "fails" : 0,
 		"retries" : 0, "sample_1" : -2.62,
 		"sample_2" : 7.98, "sample_3" : -9.07,
 		"sample_4" : 0, "node_id" : 4},

	"4:237" : {"timestamp" : 1346182584, "air_time" : 3,
 		"sequence" : 237, "fails" : 3,
 		"retries" : 0, "sample_1" : -4.70,
 		"sample_2" : 10.41, "sample_3" : -8.85,
 		"sample_4" : 0, "node_id" : 4},

	"4:238" : {"timestamp" : 1346182585, "air_time" : 2,
 		"sequence" : 238, "fails" : 0,
 		"retries" : 0, "sample_1" : -4.83,
 		"sample_2" : 10.56, "sample_3" : -7.82,
 		"sample_4" : 0, "node_id" : 4},

	"4:239" : {"timestamp" : 1346182586, "air_time" : 0,
 		"sequence" : 239, "fails" : 0,
 		"retries" : 1, "sample_1" : -7.06,
 		"sample_2" : 11.72, "sample_3" : -8.99,
 		"sample_4" : 0, "node_id" : 4},

	"4:240" : {"timestamp" : 1346182587, "air_time" : 3,
 		"sequence" : 240, "fails" : 2,
 		"retries" : 2, "sample_1" : -7.96,
 		"sample_2" : 10.89, "sample_3" : -7.60,
 		"sample_4" : 0, "node_id" : 4},

	"4:241" : {"timestamp" : 1346182588, "air_time" : 2,
 		"sequence" : 241, "fails" : 3,
 		"retries" : 0, "sample_1" : -8.90,
 		"sample_2" : 11.25, "sample_3" : -6.66,
 		"sample_4" : 0, "node_id" : 4},

	"4:242" : {"timestamp" : 1346182589, "air_time" : 4,
 		"sequence" : 242, "fails" : 3,
 		"retries" : 0, "sample_1" : -8.45,
 		"sample_2" : 10.41, "sample_3" : -4.80,
 		"sample_4" : 0, "node_id" : 4},

	"4:243" : {"timestamp" : 1346182590, "air_time" : 7,
 		"sequence" : 243, "fails" : 2,
 		"retries" : 2, "sample_1" : -8.30,
 		"sample_2" : 9.49, "sample_3" : -2.38,
 		"sample_4" : 0, "node_id" : 4},

	"4:244" : {"timestamp" : 1346182591, "air_time" : 7,
 		"sequence" : 244, "fails" : 0,
 		"retries" : 1, "sample_1" : -8.35,
 		"sample_2" : 7.92, "sample_3" : -2.33,
 		"sample_4" : 0, "node_id" : 4},

	"4:245" : {"timestamp" : 1346182592, "air_time" : 3,
 		"sequence" : 245, "fails" : 0,
 		"retries" : 0, "sample_1" : -9.40,
 		"sample_2" : 7.12, "sample_3" : 0.09,
 		"sample_4" : 0, "node_id" : 4},

	"4:246" : {"timestamp" : 1346182593, "air_time" : 4,
 		"sequence" : 246, "fails" : 1,
 		"retries" : 0, "sample_1" : -7.36,
 		"sample_2" : 4.65, "sample_3" : 1.83,
 		"sample_4" : 0, "node_id" : 4},

	"4:247" : {"timestamp" : 1346182594, "air_time" : 6,
 		"sequence" : 247, "fails" : 0,
 		"retries" : 1, "sample_1" : -6.56,
 		"sample_2" : 3.73, "sample_3" : 3.24,
 		"sample_4" : 0, "node_id" : 4},

	"4:248" : {"timestamp" : 1346182595, "air_time" : 8,
 		"sequence" : 248, "fails" : 1,
 		"retries" : 1, "sample_1" : -5.83,
 		"sample_2" : 2.63, "sample_3" : 4.67,
 		"sample_4" : 0, "node_id" : 4},

	"4:249" : {"timestamp" : 1346182596, "air_time" : 4,
 		"sequence" : 249, "fails" : 3,
 		"retries" : 0, "sample_1" : -4.00,
 		"sample_2" : 0.08, "sample_3" : 6.37,
 		"sample_4" : 0, "node_id" : 4},

	"4:250" : {"timestamp" : 1346182597, "air_time" : 0,
 		"sequence" : 250, "fails" : 2,
 		"retries" : 2, "sample_1" : -3.32,
 		"sample_2" : -1.14, "sample_3" : 7.58,
 		"sample_4" : 0, "node_id" : 4},

	"4:251" : {"timestamp" : 1346182598, "air_time" : 1,
 		"sequence" : 251, "fails" : 3,
 		"retries" : 1, "sample_1" : -0.04,
 		"sample_2" : -2.50, "sample_3" : 9.98,
 		"sample_4" : 0, "node_id" : 4},

	"4:252" : {"timestamp" : 1346182599, "air_time" : 2,
 		"sequence" : 252, "fails" : 1,
 		"retries" : 1, "sample_1" : 0.70,
 		"sample_2" : -4.14, "sample_3" : 10.23,
 		"sample_4" : 0, "node_id" : 4},

	"4:253" : {"timestamp" : 1346182600, "air_time" : 9,
 		"sequence" : 253, "fails" : 3,
 		"retries" : 1, "sample_1" : 2.94,
 		"sample_2" : -6.71, "sample_3" : 9.80,
 		"sample_4" : 0, "node_id" : 4},

	"4:254" : {"timestamp" : 1346182601, "air_time" : 4,
 		"sequence" : 254, "fails" : 3,
 		"retries" : 1, "sample_1" : 4.42,
 		"sample_2" : -7.98, "sample_3" : 10.17,
 		"sample_4" : 0, "node_id" : 4},

	"4:255" : {"timestamp" : 1346182602, "air_time" : 5,
 		"sequence" : 255, "fails" : 3,
 		"retries" : 0, "sample_1" : 6.30,
 		"sample_2" : -7.91, "sample_3" : 11.45,
 		"sample_4" : 0, "node_id" : 4},

	"4:256" : {"timestamp" : 1346182603, "air_time" : 5,
 		"sequence" : 256, "fails" : 1,
 		"retries" : 2, "sample_1" : 8.33,
 		"sample_2" : -7.86, "sample_3" : 9.92,
 		"sample_4" : 0, "node_id" : 4},

	"4:257" : {"timestamp" : 1346182604, "air_time" : 0,
 		"sequence" : 257, "fails" : 0,
 		"retries" : 1, "sample_1" : 9.06,
 		"sample_2" : -8.12, "sample_3" : 10.49,
 		"sample_4" : 0, "node_id" : 4},

	"4:258" : {"timestamp" : 1346182605, "air_time" : 4,
 		"sequence" : 258, "fails" : 2,
 		"retries" : 1, "sample_1" : 9.86,
 		"sample_2" : -9.99, "sample_3" : 9.40,
 		"sample_4" : 0, "node_id" : 4},

	"4:259" : {"timestamp" : 1346182606, "air_time" : 8,
 		"sequence" : 259, "fails" : 0,
 		"retries" : 0, "sample_1" : 11.10,
 		"sample_2" : -8.95, "sample_3" : 7.16,
 		"sample_4" : 0, "node_id" : 4},

	"4:260" : {"timestamp" : 1346182607, "air_time" : 2,
 		"sequence" : 260, "fails" : 0,
 		"retries" : 2, "sample_1" : 11.25,
 		"sample_2" : -7.41, "sample_3" : 6.70,
 		"sample_4" : 0, "node_id" : 4},

	"4:261" : {"timestamp" : 1346182608, "air_time" : 2,
 		"sequence" : 261, "fails" : 2,
 		"retries" : 1, "sample_1" : 10.00,
 		"sample_2" : -6.69, "sample_3" : 5.18,
 		"sample_4" : 0, "node_id" : 4},

	"4:262" : {"timestamp" : 1346182609, "air_time" : 8,
 		"sequence" : 262, "fails" : 1,
 		"retries" : 0, "sample_1" : 10.65,
 		"sample_2" : -6.32, "sample_3" : 3.23,
 		"sample_4" : 0, "node_id" : 4},

	"4:263" : {"timestamp" : 1346182610, "air_time" : 7,
 		"sequence" : 263, "fails" : 1,
 		"retries" : 0, "sample_1" : 10.50,
 		"sample_2" : -4.42, "sample_3" : 1.41,
 		"sample_4" : 0, "node_id" : 4},

	"4:264" : {"timestamp" : 1346182611, "air_time" : 8,
 		"sequence" : 264, "fails" : 0,
 		"retries" : 2, "sample_1" : 10.16,
 		"sample_2" : -3.35, "sample_3" : -0.03,
 		"sample_4" : 0, "node_id" : 4},

	"4:265" : {"timestamp" : 1346182612, "air_time" : 8,
 		"sequence" : 265, "fails" : 0,
 		"retries" : 0, "sample_1" : 9.06,
 		"sample_2" : -1.43, "sample_3" : -1.84,
 		"sample_4" : 0, "node_id" : 4},

	"4:266" : {"timestamp" : 1346182613, "air_time" : 6,
 		"sequence" : 266, "fails" : 2,
 		"retries" : 1, "sample_1" : 7.43,
 		"sample_2" : 0.67, "sample_3" : -3.17,
 		"sample_4" : 0, "node_id" : 4},

	"4:267" : {"timestamp" : 1346182614, "air_time" : 5,
 		"sequence" : 267, "fails" : 1,
 		"retries" : 2, "sample_1" : 6.50,
 		"sample_2" : 0.82, "sample_3" : -4.77,
 		"sample_4" : 0, "node_id" : 4},

	"4:268" : {"timestamp" : 1346182615, "air_time" : 1,
 		"sequence" : 268, "fails" : 3,
 		"retries" : 2, "sample_1" : 4.92,
 		"sample_2" : 2.84, "sample_3" : -6.38,
 		"sample_4" : 0, "node_id" : 4},

	"4:269" : {"timestamp" : 1346182616, "air_time" : 5,
 		"sequence" : 269, "fails" : 3,
 		"retries" : 2, "sample_1" : 2.44,
 		"sample_2" : 4.30, "sample_3" : -7.18,
 		"sample_4" : 0, "node_id" : 4},

	"4:270" : {"timestamp" : 1346182617, "air_time" : 7,
 		"sequence" : 270, "fails" : 2,
 		"retries" : 2, "sample_1" : 0.80,
 		"sample_2" : 6.64, "sample_3" : -7.33,
 		"sample_4" : 0, "node_id" : 4},

	"4:271" : {"timestamp" : 1346182618, "air_time" : 1,
 		"sequence" : 271, "fails" : 2,
 		"retries" : 2, "sample_1" : -1.34,
 		"sample_2" : 7.11, "sample_3" : -9.60,
 		"sample_4" : 0, "node_id" : 4},

	"4:272" : {"timestamp" : 1346182619, "air_time" : 0,
 		"sequence" : 272, "fails" : 3,
 		"retries" : 1, "sample_1" : -2.42,
 		"sample_2" : 8.98, "sample_3" : -9.07,
 		"sample_4" : 0, "node_id" : 4},

	"4:273" : {"timestamp" : 1346182620, "air_time" : 6,
 		"sequence" : 273, "fails" : 0,
 		"retries" : 2, "sample_1" : -3.30,
 		"sample_2" : 10.51, "sample_3" : -9.85,
 		"sample_4" : 0, "node_id" : 4},

	"4:274" : {"timestamp" : 1346182621, "air_time" : 3,
 		"sequence" : 274, "fails" : 2,
 		"retries" : 2, "sample_1" : -5.93,
 		"sample_2" : 10.76, "sample_3" : -9.02,
 		"sample_4" : 0, "node_id" : 4},

	"4:275" : {"timestamp" : 1346182622, "air_time" : 6,
 		"sequence" : 275, "fails" : 1,
 		"retries" : 1, "sample_1" : -6.06,
 		"sample_2" : 11.52, "sample_3" : -8.49,
 		"sample_4" : 0, "node_id" : 4},

	"4:276" : {"timestamp" : 1346182623, "air_time" : 2,
 		"sequence" : 276, "fails" : 0,
 		"retries" : 1, "sample_1" : -7.96,
 		"sample_2" : 11.09, "sample_3" : -6.80,
 		"sample_4" : 0, "node_id" : 4},

	"4:277" : {"timestamp" : 1346182624, "air_time" : 9,
 		"sequence" : 277, "fails" : 1,
 		"retries" : 2, "sample_1" : -8.60,
 		"sample_2" : 10.65, "sample_3" : -6.96,
 		"sample_4" : 0, "node_id" : 4},

	"4:278" : {"timestamp" : 1346182625, "air_time" : 5,
 		"sequence" : 278, "fails" : 0,
 		"retries" : 1, "sample_1" : -9.85,
 		"sample_2" : 10.01, "sample_3" : -4.70,
 		"sample_4" : 0, "node_id" : 4},

	"4:279" : {"timestamp" : 1346182626, "air_time" : 7,
 		"sequence" : 279, "fails" : 3,
 		"retries" : 2, "sample_1" : -9.30,
 		"sample_2" : 9.59, "sample_3" : -4.08,
 		"sample_4" : 0, "node_id" : 4},

	"4:280" : {"timestamp" : 1346182627, "air_time" : 2,
 		"sequence" : 280, "fails" : 0,
 		"retries" : 2, "sample_1" : -8.25,
 		"sample_2" : 9.02, "sample_3" : -2.43,
 		"sample_4" : 0, "node_id" : 4},

	"4:281" : {"timestamp" : 1346182628, "air_time" : 4,
 		"sequence" : 281, "fails" : 1,
 		"retries" : 0, "sample_1" : -8.40,
 		"sample_2" : 7.82, "sample_3" : -0.31,
 		"sample_4" : 0, "node_id" : 4},

	"4:282" : {"timestamp" : 1346182629, "air_time" : 0,
 		"sequence" : 282, "fails" : 1,
 		"retries" : 0, "sample_1" : -8.66,
 		"sample_2" : 5.65, "sample_3" : 2.33,
 		"sample_4" : 0, "node_id" : 4},

	"4:283" : {"timestamp" : 1346182630, "air_time" : 9,
 		"sequence" : 283, "fails" : 2,
 		"retries" : 2, "sample_1" : -6.16,
 		"sample_2" : 4.23, "sample_3" : 2.94,
 		"sample_4" : 0, "node_id" : 4},

	"4:284" : {"timestamp" : 1346182631, "air_time" : 1,
 		"sequence" : 284, "fails" : 3,
 		"retries" : 0, "sample_1" : -6.03,
 		"sample_2" : 1.53, "sample_3" : 5.77,
 		"sample_4" : 0, "node_id" : 4},

	"4:285" : {"timestamp" : 1346182632, "air_time" : 3,
 		"sequence" : 285, "fails" : 1,
 		"retries" : 0, "sample_1" : -4.60,
 		"sample_2" : 0.68, "sample_3" : 6.37,
 		"sample_4" : 0, "node_id" : 4},

	"4:286" : {"timestamp" : 1346182633, "air_time" : 6,
 		"sequence" : 286, "fails" : 2,
 		"retries" : 0, "sample_1" : -1.72,
 		"sample_2" : -1.64, "sample_3" : 8.68,
 		"sample_4" : 0, "node_id" : 4},

	"4:287" : {"timestamp" : 1346182634, "air_time" : 9,
 		"sequence" : 287, "fails" : 1,
 		"retries" : 1, "sample_1" : -0.44,
 		"sample_2" : -3.00, "sample_3" : 9.48,
 		"sample_4" : 0, "node_id" : 4},

	"4:288" : {"timestamp" : 1346182635, "air_time" : 9,
 		"sequence" : 288, "fails" : 3,
 		"retries" : 2, "sample_1" : 1.10,
 		"sample_2" : -3.84, "sample_3" : 9.83,
 		"sample_4" : 0, "node_id" : 4},

	"4:289" : {"timestamp" : 1346182636, "air_time" : 4,
 		"sequence" : 289, "fails" : 1,
 		"retries" : 0, "sample_1" : 3.04,
 		"sample_2" : -6.11, "sample_3" : 10.40,
 		"sample_4" : 0, "node_id" : 4},

	"4:290" : {"timestamp" : 1346182637, "air_time" : 9,
 		"sequence" : 290, "fails" : 0,
 		"retries" : 1, "sample_1" : 3.82,
 		"sample_2" : -7.28, "sample_3" : 11.77,
 		"sample_4" : 0, "node_id" : 4},

	"4:291" : {"timestamp" : 1346182638, "air_time" : 4,
 		"sequence" : 291, "fails" : 1,
 		"retries" : 0, "sample_1" : 5.20,
 		"sample_2" : -7.21, "sample_3" : 11.25,
 		"sample_4" : 0, "node_id" : 4},

	"4:292" : {"timestamp" : 1346182639, "air_time" : 6,
 		"sequence" : 292, "fails" : 2,
 		"retries" : 0, "sample_1" : 7.73,
 		"sample_2" : -7.86, "sample_3" : 11.12,
 		"sample_4" : 0, "node_id" : 4},

	"4:293" : {"timestamp" : 1346182640, "air_time" : 1,
 		"sequence" : 293, "fails" : 0,
 		"retries" : 2, "sample_1" : 7.96,
 		"sample_2" : -9.72, "sample_3" : 9.59,
 		"sample_4" : 0, "node_id" : 4},

	"4:294" : {"timestamp" : 1346182641, "air_time" : 8,
 		"sequence" : 294, "fails" : 0,
 		"retries" : 0, "sample_1" : 9.06,
 		"sample_2" : -8.99, "sample_3" : 8.90,
 		"sample_4" : 0, "node_id" : 4},

	"4:295" : {"timestamp" : 1346182642, "air_time" : 5,
 		"sequence" : 295, "fails" : 1,
 		"retries" : 0, "sample_1" : 11.10,
 		"sample_2" : -8.25, "sample_3" : 7.26,
 		"sample_4" : 0, "node_id" : 4},

	"4:296" : {"timestamp" : 1346182643, "air_time" : 8,
 		"sequence" : 296, "fails" : 3,
 		"retries" : 0, "sample_1" : 11.45,
 		"sample_2" : -9.11, "sample_3" : 6.50,
 		"sample_4" : 0, "node_id" : 4},

	"4:297" : {"timestamp" : 1346182644, "air_time" : 9,
 		"sequence" : 297, "fails" : 2,
 		"retries" : 0, "sample_1" : 11.80,
 		"sample_2" : -8.09, "sample_3" : 5.28,
 		"sample_4" : 0, "node_id" : 4},

	"4:298" : {"timestamp" : 1346182645, "air_time" : 1,
 		"sequence" : 298, "fails" : 3,
 		"retries" : 2, "sample_1" : 10.75,
 		"sample_2" : -7.02, "sample_3" : 2.63,
 		"sample_4" : 0, "node_id" : 4},

	"4:299" : {"timestamp" : 1346182646, "air_time" : 1,
 		"sequence" : 299, "fails" : 2,
 		"retries" : 0, "sample_1" : 11.10,
 		"sample_2" : -5.22, "sample_3" : 2.01,
 		"sample_4" : 0, "node_id" : 4},

	"4:300" : {"timestamp" : 1346182647, "air_time" : 7,
 		"sequence" : 300, "fails" : 3,
 		"retries" : 0, "sample_1" : 8.96,
 		"sample_2" : -4.15, "sample_3" : -0.13,
 		"sample_4" : 0, "node_id" : 4},

	"4:301" : {"timestamp" : 1346182648, "air_time" : 4,
 		"sequence" : 301, "fails" : 2,
 		"retries" : 2, "sample_1" : 8.86,
 		"sample_2" : -2.13, "sample_3" : -1.34,
 		"sample_4" : 0, "node_id" : 4},

	"4:302" : {"timestamp" : 1346182649, "air_time" : 1,
 		"sequence" : 302, "fails" : 2,
 		"retries" : 0, "sample_1" : 7.83,
 		"sample_2" : -0.83, "sample_3" : -4.07,
 		"sample_4" : 0, "node_id" : 4},

	"4:303" : {"timestamp" : 1346182650, "air_time" : 7,
 		"sequence" : 303, "fails" : 1,
 		"retries" : 2, "sample_1" : 6.60,
 		"sample_2" : 1.82, "sample_3" : -3.97,
 		"sample_4" : 0, "node_id" : 4},

	"4:304" : {"timestamp" : 1346182651, "air_time" : 7,
 		"sequence" : 304, "fails" : 1,
 		"retries" : 1, "sample_1" : 5.02,
 		"sample_2" : 2.84, "sample_3" : -7.18,
 		"sample_4" : 0, "node_id" : 4},

	"4:305" : {"timestamp" : 1346182652, "air_time" : 4,
 		"sequence" : 305, "fails" : 1,
 		"retries" : 0, "sample_1" : 2.04,
 		"sample_2" : 5.20, "sample_3" : -7.08,
 		"sample_4" : 0, "node_id" : 4},

	"4:306" : {"timestamp" : 1346182653, "air_time" : 7,
 		"sequence" : 306, "fails" : 3,
 		"retries" : 2, "sample_1" : 1.10,
 		"sample_2" : 7.34, "sample_3" : -7.93,
 		"sample_4" : 0, "node_id" : 4},

	"4:307" : {"timestamp" : 1346182654, "air_time" : 6,
 		"sequence" : 307, "fails" : 3,
 		"retries" : 2, "sample_1" : -0.74,
 		"sample_2" : 7.21, "sample_3" : -8.10,
 		"sample_4" : 0, "node_id" : 4},

	"4:308" : {"timestamp" : 1346182655, "air_time" : 3,
 		"sequence" : 308, "fails" : 3,
 		"retries" : 0, "sample_1" : -3.32,
 		"sample_2" : 9.88, "sample_3" : -9.67,
 		"sample_4" : 0, "node_id" : 4},

	"4:309" : {"timestamp" : 1346182656, "air_time" : 5,
 		"sequence" : 309, "fails" : 0,
 		"retries" : 2, "sample_1" : -3.20,
 		"sample_2" : 9.41, "sample_3" : -8.85,
 		"sample_4" : 0, "node_id" : 4},

	"4:310" : {"timestamp" : 1346182657, "air_time" : 9,
 		"sequence" : 310, "fails" : 0,
 		"retries" : 2, "sample_1" : -4.93,
 		"sample_2" : 11.36, "sample_3" : -8.62,
 		"sample_4" : 0, "node_id" : 4},

	"4:311" : {"timestamp" : 1346182658, "air_time" : 1,
 		"sequence" : 311, "fails" : 2,
 		"retries" : 1, "sample_1" : -6.56,
 		"sample_2" : 10.22, "sample_3" : -7.79,
 		"sample_4" : 0, "node_id" : 4},

	"4:312" : {"timestamp" : 1346182659, "air_time" : 1,
 		"sequence" : 312, "fails" : 0,
 		"retries" : 0, "sample_1" : -7.06,
 		"sample_2" : 9.99, "sample_3" : -6.60,
 		"sample_4" : 0, "node_id" : 4},

	"4:313" : {"timestamp" : 1346182660, "air_time" : 9,
 		"sequence" : 313, "fails" : 0,
 		"retries" : 1, "sample_1" : -8.40,
 		"sample_2" : 11.25, "sample_3" : -6.06,
 		"sample_4" : 0, "node_id" : 4},

	"4:314" : {"timestamp" : 1346182661, "air_time" : 4,
 		"sequence" : 314, "fails" : 1,
 		"retries" : 0, "sample_1" : -9.45,
 		"sample_2" : 9.61, "sample_3" : -5.40,
 		"sample_4" : 0, "node_id" : 4},

	"4:315" : {"timestamp" : 1346182662, "air_time" : 6,
 		"sequence" : 315, "fails" : 3,
 		"retries" : 0, "sample_1" : -9.00,
 		"sample_2" : 9.59, "sample_3" : -3.98,
 		"sample_4" : 0, "node_id" : 4},

	"4:316" : {"timestamp" : 1346182663, "air_time" : 6,
 		"sequence" : 316, "fails" : 2,
 		"retries" : 1, "sample_1" : -8.05,
 		"sample_2" : 8.22, "sample_3" : -1.13,
 		"sample_4" : 0, "node_id" : 4},

	"4:317" : {"timestamp" : 1346182664, "air_time" : 0,
 		"sequence" : 317, "fails" : 3,
 		"retries" : 1, "sample_1" : -7.60,
 		"sample_2" : 7.52, "sample_3" : 1.09,
 		"sample_4" : 0, "node_id" : 4},

	"4:318" : {"timestamp" : 1346182665, "air_time" : 0,
 		"sequence" : 318, "fails" : 1,
 		"retries" : 1, "sample_1" : -7.26,
 		"sample_2" : 4.55, "sample_3" : 1.63,
 		"sample_4" : 0, "node_id" : 4},

	"4:319" : {"timestamp" : 1346182666, "air_time" : 9,
 		"sequence" : 319, "fails" : 0,
 		"retries" : 1, "sample_1" : -6.06,
 		"sample_2" : 3.33, "sample_3" : 4.44,
 		"sample_4" : 0, "node_id" : 4},

	"4:320" : {"timestamp" : 1346182667, "air_time" : 1,
 		"sequence" : 320, "fails" : 3,
 		"retries" : 2, "sample_1" : -5.53,
 		"sample_2" : 1.93, "sample_3" : 4.87,
 		"sample_4" : 0, "node_id" : 4},

	"4:321" : {"timestamp" : 1346182668, "air_time" : 2,
 		"sequence" : 321, "fails" : 2,
 		"retries" : 0, "sample_1" : -4.00,
 		"sample_2" : -0.12, "sample_3" : 7.27,
 		"sample_4" : 0, "node_id" : 4},

	"4:322" : {"timestamp" : 1346182669, "air_time" : 9,
 		"sequence" : 322, "fails" : 2,
 		"retries" : 1, "sample_1" : -3.12,
 		"sample_2" : -1.94, "sample_3" : 7.18,
 		"sample_4" : 0, "node_id" : 4},

	"4:323" : {"timestamp" : 1346182670, "air_time" : 4,
 		"sequence" : 323, "fails" : 2,
 		"retries" : 2, "sample_1" : -0.44,
 		"sample_2" : -2.30, "sample_3" : 10.18,
 		"sample_4" : 0, "node_id" : 4},

	"4:324" : {"timestamp" : 1346182671, "air_time" : 5,
 		"sequence" : 324, "fails" : 2,
 		"retries" : 0, "sample_1" : -0.00,
 		"sample_2" : -4.34, "sample_3" : 9.73,
 		"sample_4" : 0, "node_id" : 4},

	"4:325" : {"timestamp" : 1346182672, "air_time" : 2,
 		"sequence" : 325, "fails" : 2,
 		"retries" : 2, "sample_1" : 2.64,
 		"sample_2" : -5.71, "sample_3" : 11.10,
 		"sample_4" : 0, "node_id" : 4},

	"4:326" : {"timestamp" : 1346182673, "air_time" : 0,
 		"sequence" : 326, "fails" : 0,
 		"retries" : 1, "sample_1" : 4.72,
 		"sample_2" : -7.18, "sample_3" : 11.57,
 		"sample_4" : 0, "node_id" : 4},

	"4:327" : {"timestamp" : 1346182674, "air_time" : 6,
 		"sequence" : 327, "fails" : 0,
 		"retries" : 2, "sample_1" : 6.50,
 		"sample_2" : -7.41, "sample_3" : 11.05,
 		"sample_4" : 0, "node_id" : 4},

	"4:328" : {"timestamp" : 1346182675, "air_time" : 1,
 		"sequence" : 328, "fails" : 3,
 		"retries" : 0, "sample_1" : 7.13,
 		"sample_2" : -9.56, "sample_3" : 10.02,
 		"sample_4" : 0, "node_id" : 4},

	"4:329" : {"timestamp" : 1346182676, "air_time" : 8,
 		"sequence" : 329, "fails" : 0,
 		"retries" : 1, "sample_1" : 8.46,
 		"sample_2" : -9.42, "sample_3" : 9.69,
 		"sample_4" : 0, "node_id" : 4},

	"4:330" : {"timestamp" : 1346182677, "air_time" : 8,
 		"sequence" : 330, "fails" : 1,
 		"retries" : 0, "sample_1" : 8.96,
 		"sample_2" : -8.79, "sample_3" : 8.10,
 		"sample_4" : 0, "node_id" : 4},

	"4:331" : {"timestamp" : 1346182678, "air_time" : 0,
 		"sequence" : 331, "fails" : 1,
 		"retries" : 0, "sample_1" : 10.30,
 		"sample_2" : -8.35, "sample_3" : 7.46,
 		"sample_4" : 0, "node_id" : 4},

	"4:332" : {"timestamp" : 1346182679, "air_time" : 7,
 		"sequence" : 332, "fails" : 2,
 		"retries" : 2, "sample_1" : 11.05,
 		"sample_2" : -8.91, "sample_3" : 5.90,
 		"sample_4" : 0, "node_id" : 4},

	"4:333" : {"timestamp" : 1346182680, "air_time" : 2,
 		"sequence" : 333, "fails" : 2,
 		"retries" : 0, "sample_1" : 10.30,
 		"sample_2" : -7.19, "sample_3" : 5.88,
 		"sample_4" : 0, "node_id" : 4},

	"4:334" : {"timestamp" : 1346182681, "air_time" : 7,
 		"sequence" : 334, "fails" : 3,
 		"retries" : 1, "sample_1" : 10.95,
 		"sample_2" : -5.92, "sample_3" : 3.83,
 		"sample_4" : 0, "node_id" : 4},

	"4:335" : {"timestamp" : 1346182682, "air_time" : 6,
 		"sequence" : 335, "fails" : 3,
 		"retries" : 2, "sample_1" : 11.20,
 		"sample_2" : -4.92, "sample_3" : 1.81,
 		"sample_4" : 0, "node_id" : 4},

	"4:336" : {"timestamp" : 1346182683, "air_time" : 9,
 		"sequence" : 336, "fails" : 2,
 		"retries" : 1, "sample_1" : 9.86,
 		"sample_2" : -3.45, "sample_3" : 0.67,
 		"sample_4" : 0, "node_id" : 4},

	"4:337" : {"timestamp" : 1346182684, "air_time" : 7,
 		"sequence" : 337, "fails" : 1,
 		"retries" : 1, "sample_1" : 8.66,
 		"sample_2" : -1.03, "sample_3" : -1.44,
 		"sample_4" : 0, "node_id" : 4},

	"4:338" : {"timestamp" : 1346182685, "air_time" : 1,
 		"sequence" : 338, "fails" : 2,
 		"retries" : 2, "sample_1" : 7.83,
 		"sample_2" : -0.23, "sample_3" : -3.37,
 		"sample_4" : 0, "node_id" : 4},

	"4:339" : {"timestamp" : 1346182686, "air_time" : 9,
 		"sequence" : 339, "fails" : 0,
 		"retries" : 1, "sample_1" : 5.40,
 		"sample_2" : 2.12, "sample_3" : -5.87,
 		"sample_4" : 0, "node_id" : 4},

	"4:340" : {"timestamp" : 1346182687, "air_time" : 4,
 		"sequence" : 340, "fails" : 3,
 		"retries" : 2, "sample_1" : 4.82,
 		"sample_2" : 3.24, "sample_3" : -6.98,
 		"sample_4" : 0, "node_id" : 4},

	"4:341" : {"timestamp" : 1346182688, "air_time" : 5,
 		"sequence" : 341, "fails" : 2,
 		"retries" : 0, "sample_1" : 3.14,
 		"sample_2" : 3.90, "sample_3" : -7.08,
 		"sample_4" : 0, "node_id" : 4},

	"4:342" : {"timestamp" : 1346182689, "air_time" : 6,
 		"sequence" : 342, "fails" : 3,
 		"retries" : 0, "sample_1" : 0.00,
 		"sample_2" : 7.34, "sample_3" : -8.43,
 		"sample_4" : 0, "node_id" : 4},

	"4:343" : {"timestamp" : 1346182690, "air_time" : 1,
 		"sequence" : 343, "fails" : 0,
 		"retries" : 0, "sample_1" : -0.64,
 		"sample_2" : 8.31, "sample_3" : -9.20,
 		"sample_4" : 0, "node_id" : 4},

	"4:344" : {"timestamp" : 1346182691, "air_time" : 5,
 		"sequence" : 344, "fails" : 0,
 		"retries" : 2, "sample_1" : -3.42,
 		"sample_2" : 7.98, "sample_3" : -8.47,
 		"sample_4" : 0, "node_id" : 4},

	"4:345" : {"timestamp" : 1346182692, "air_time" : 2,
 		"sequence" : 345, "fails" : 0,
 		"retries" : 0, "sample_1" : -3.60,
 		"sample_2" : 10.31, "sample_3" : -8.75,
 		"sample_4" : 0, "node_id" : 4},

	"4:346" : {"timestamp" : 1346182693, "air_time" : 4,
 		"sequence" : 346, "fails" : 2,
 		"retries" : 2, "sample_1" : -5.63,
 		"sample_2" : 10.76, "sample_3" : -7.92,
 		"sample_4" : 0, "node_id" : 4},

	"4:347" : {"timestamp" : 1346182694, "air_time" : 7,
 		"sequence" : 347, "fails" : 1,
 		"retries" : 0, "sample_1" : -7.16,
 		"sample_2" : 10.12, "sample_3" : -7.19,
 		"sample_4" : 0, "node_id" : 4},

	"4:348" : {"timestamp" : 1346182695, "air_time" : 6,
 		"sequence" : 348, "fails" : 2,
 		"retries" : 0, "sample_1" : -7.46,
 		"sample_2" : 11.39, "sample_3" : -8.10,
 		"sample_4" : 0, "node_id" : 4},

	"4:349" : {"timestamp" : 1346182696, "air_time" : 4,
 		"sequence" : 349, "fails" : 1,
 		"retries" : 2, "sample_1" : -9.20,
 		"sample_2" : 11.05, "sample_3" : -6.56,
 		"sample_4" : 0, "node_id" : 4},

	"4:350" : {"timestamp" : 1346182697, "air_time" : 5,
 		"sequence" : 350, "fails" : 1,
 		"retries" : 2, "sample_1" : -9.45,
 		"sample_2" : 10.91, "sample_3" : -5.00,
 		"sample_4" : 0, "node_id" : 4},

	"4:351" : {"timestamp" : 1346182698, "air_time" : 5,
 		"sequence" : 351, "fails" : 1,
 		"retries" : 0, "sample_1" : -9.70,
 		"sample_2" : 9.59, "sample_3" : -2.88,
 		"sample_4" : 0, "node_id" : 4},

	"4:352" : {"timestamp" : 1346182699, "air_time" : 0,
 		"sequence" : 352, "fails" : 3,
 		"retries" : 1, "sample_1" : -9.25,
 		"sample_2" : 8.72, "sample_3" : -2.23,
 		"sample_4" : 0, "node_id" : 4},

	"4:353" : {"timestamp" : 1346182700, "air_time" : 4,
 		"sequence" : 353, "fails" : 3,
 		"retries" : 0, "sample_1" : -9.40,
 		"sample_2" : 7.52, "sample_3" : -0.51,
 		"sample_4" : 0, "node_id" : 4},

	"4:354" : {"timestamp" : 1346182701, "air_time" : 6,
 		"sequence" : 354, "fails" : 3,
 		"retries" : 2, "sample_1" : -7.46,
 		"sample_2" : 5.35, "sample_3" : 2.33,
 		"sample_4" : 0, "node_id" : 4},

	"4:355" : {"timestamp" : 1346182702, "air_time" : 3,
 		"sequence" : 355, "fails" : 3,
 		"retries" : 2, "sample_1" : -6.96,
 		"sample_2" : 3.73, "sample_3" : 3.34,
 		"sample_4" : 0, "node_id" : 4},

	"4:356" : {"timestamp" : 1346182703, "air_time" : 5,
 		"sequence" : 356, "fails" : 3,
 		"retries" : 1, "sample_1" : -5.73,
 		"sample_2" : 1.83, "sample_3" : 4.47,
 		"sample_4" : 0, "node_id" : 4},

	"4:357" : {"timestamp" : 1346182704, "air_time" : 8,
 		"sequence" : 357, "fails" : 2,
 		"retries" : 1, "sample_1" : -3.90,
 		"sample_2" : 0.88, "sample_3" : 6.87,
 		"sample_4" : 0, "node_id" : 4},

	"4:358" : {"timestamp" : 1346182705, "air_time" : 0,
 		"sequence" : 358, "fails" : 3,
 		"retries" : 1, "sample_1" : -3.22,
 		"sample_2" : -1.84, "sample_3" : 8.48,
 		"sample_4" : 0, "node_id" : 4},

	"4:359" : {"timestamp" : 1346182706, "air_time" : 6,
 		"sequence" : 359, "fails" : 0,
 		"retries" : 1, "sample_1" : -1.04,
 		"sample_2" : -2.20, "sample_3" : 8.88,
 		"sample_4" : 0, "node_id" : 4},

	"4:360" : {"timestamp" : 1346182707, "air_time" : 3,
 		"sequence" : 360, "fails" : 2,
 		"retries" : 1, "sample_1" : 1.70,
 		"sample_2" : -3.74, "sample_3" : 11.03,
 		"sample_4" : 0, "node_id" : 4},

	"4:361" : {"timestamp" : 1346182708, "air_time" : 8,
 		"sequence" : 361, "fails" : 1,
 		"retries" : 0, "sample_1" : 2.04,
 		"sample_2" : -5.21, "sample_3" : 11.00,
 		"sample_4" : 0, "node_id" : 4},

	"4:362" : {"timestamp" : 1346182709, "air_time" : 3,
 		"sequence" : 362, "fails" : 2,
 		"retries" : 1, "sample_1" : 5.22,
 		"sample_2" : -7.38, "sample_3" : 10.97,
 		"sample_4" : 0, "node_id" : 4},

	"4:363" : {"timestamp" : 1346182710, "air_time" : 1,
 		"sequence" : 363, "fails" : 3,
 		"retries" : 2, "sample_1" : 5.50,
 		"sample_2" : -7.11, "sample_3" : 10.15,
 		"sample_4" : 0, "node_id" : 4},

	"4:364" : {"timestamp" : 1346182711, "air_time" : 9,
 		"sequence" : 364, "fails" : 1,
 		"retries" : 0, "sample_1" : 8.33,
 		"sample_2" : -9.56, "sample_3" : 11.12,
 		"sample_4" : 0, "node_id" : 4},

	"4:365" : {"timestamp" : 1346182712, "air_time" : 9,
 		"sequence" : 365, "fails" : 2,
 		"retries" : 1, "sample_1" : 8.66,
 		"sample_2" : -9.52, "sample_3" : 10.59,
 		"sample_4" : 0, "node_id" : 4},

	"4:366" : {"timestamp" : 1346182713, "air_time" : 4,
 		"sequence" : 366, "fails" : 3,
 		"retries" : 1, "sample_1" : 10.16,
 		"sample_2" : -9.59, "sample_3" : 8.90,
 		"sample_4" : 0, "node_id" : 4},

	"4:367" : {"timestamp" : 1346182714, "air_time" : 4,
 		"sequence" : 367, "fails" : 2,
 		"retries" : 1, "sample_1" : 10.40,
 		"sample_2" : -8.25, "sample_3" : 8.66,
 		"sample_4" : 0, "node_id" : 4},

	"4:368" : {"timestamp" : 1346182715, "air_time" : 1,
 		"sequence" : 368, "fails" : 3,
 		"retries" : 1, "sample_1" : 11.65,
 		"sample_2" : -9.21, "sample_3" : 6.80,
 		"sample_4" : 0, "node_id" : 4},

	"4:369" : {"timestamp" : 1346182716, "air_time" : 0,
 		"sequence" : 369, "fails" : 1,
 		"retries" : 1, "sample_1" : 10.90,
 		"sample_2" : -7.79, "sample_3" : 4.78,
 		"sample_4" : 0, "node_id" : 4},

	"4:370" : {"timestamp" : 1346182717, "air_time" : 4,
 		"sequence" : 370, "fails" : 1,
 		"retries" : 1, "sample_1" : 10.75,
 		"sample_2" : -5.52, "sample_3" : 2.63,
 		"sample_4" : 0, "node_id" : 4},

	"4:371" : {"timestamp" : 1346182718, "air_time" : 8,
 		"sequence" : 371, "fails" : 1,
 		"retries" : 1, "sample_1" : 10.10,
 		"sample_2" : -5.62, "sample_3" : 1.71,
 		"sample_4" : 0, "node_id" : 4},

	"4:372" : {"timestamp" : 1346182719, "air_time" : 9,
 		"sequence" : 372, "fails" : 0,
 		"retries" : 2, "sample_1" : 9.06,
 		"sample_2" : -2.95, "sample_3" : -0.33,
 		"sample_4" : 0, "node_id" : 4},

	"4:373" : {"timestamp" : 1346182720, "air_time" : 4,
 		"sequence" : 373, "fails" : 3,
 		"retries" : 0, "sample_1" : 9.06,
 		"sample_2" : -2.53, "sample_3" : -1.84,
 		"sample_4" : 0, "node_id" : 4},

	"4:374" : {"timestamp" : 1346182721, "air_time" : 5,
 		"sequence" : 374, "fails" : 2,
 		"retries" : 2, "sample_1" : 7.63,
 		"sample_2" : 0.57, "sample_3" : -4.27,
 		"sample_4" : 0, "node_id" : 4},

	"4:375" : {"timestamp" : 1346182722, "air_time" : 8,
 		"sequence" : 375, "fails" : 2,
 		"retries" : 1, "sample_1" : 5.00,
 		"sample_2" : 1.02, "sample_3" : -4.97,
 		"sample_4" : 0, "node_id" : 4},

	"4:376" : {"timestamp" : 1346182723, "air_time" : 7,
 		"sequence" : 376, "fails" : 3,
 		"retries" : 2, "sample_1" : 5.32,
 		"sample_2" : 2.34, "sample_3" : -6.78,
 		"sample_4" : 0, "node_id" : 4},

	"4:377" : {"timestamp" : 1346182724, "air_time" : 1,
 		"sequence" : 377, "fails" : 1,
 		"retries" : 1, "sample_1" : 3.64,
 		"sample_2" : 5.10, "sample_3" : -7.68,
 		"sample_4" : 0, "node_id" : 4},

	"4:378" : {"timestamp" : 1346182725, "air_time" : 1,
 		"sequence" : 378, "fails" : 3,
 		"retries" : 2, "sample_1" : 1.30,
 		"sample_2" : 6.64, "sample_3" : -8.63,
 		"sample_4" : 0, "node_id" : 4},

	"4:379" : {"timestamp" : 1346182726, "air_time" : 0,
 		"sequence" : 379, "fails" : 1,
 		"retries" : 2, "sample_1" : -0.84,
 		"sample_2" : 8.61, "sample_3" : -7.80,
 		"sample_4" : 0, "node_id" : 4},

	"4:380" : {"timestamp" : 1346182727, "air_time" : 8,
 		"sequence" : 380, "fails" : 0,
 		"retries" : 2, "sample_1" : -3.42,
 		"sample_2" : 8.48, "sample_3" : -9.87,
 		"sample_4" : 0, "node_id" : 4},

	"4:381" : {"timestamp" : 1346182728, "air_time" : 3,
 		"sequence" : 381, "fails" : 0,
 		"retries" : 2, "sample_1" : -3.30,
 		"sample_2" : 10.51, "sample_3" : -8.45,
 		"sample_4" : 0, "node_id" : 4},

	"4:382" : {"timestamp" : 1346182729, "air_time" : 1,
 		"sequence" : 382, "fails" : 0,
 		"retries" : 1, "sample_1" : -6.03,
 		"sample_2" : 9.56, "sample_3" : -9.22,
 		"sample_4" : 0, "node_id" : 4},

	"4:383" : {"timestamp" : 1346182730, "air_time" : 8,
 		"sequence" : 383, "fails" : 1,
 		"retries" : 2, "sample_1" : -6.46,
 		"sample_2" : 10.82, "sample_3" : -8.79,
 		"sample_4" : 0, "node_id" : 4},

	"4:384" : {"timestamp" : 1346182731, "air_time" : 6,
 		"sequence" : 384, "fails" : 0,
 		"retries" : 1, "sample_1" : -7.16,
 		"sample_2" : 11.39, "sample_3" : -6.20,
 		"sample_4" : 0, "node_id" : 4},

	"4:385" : {"timestamp" : 1346182732, "air_time" : 6,
 		"sequence" : 385, "fails" : 2,
 		"retries" : 1, "sample_1" : -8.20,
 		"sample_2" : 10.35, "sample_3" : -5.76,
 		"sample_4" : 0, "node_id" : 4},

	"4:386" : {"timestamp" : 1346182733, "air_time" : 4,
 		"sequence" : 386, "fails" : 2,
 		"retries" : 2, "sample_1" : -8.35,
 		"sample_2" : 9.71, "sample_3" : -5.30,
 		"sample_4" : 0, "node_id" : 4},

	"4:387" : {"timestamp" : 1346182734, "air_time" : 5,
 		"sequence" : 387, "fails" : 3,
 		"retries" : 0, "sample_1" : -8.60,
 		"sample_2" : 10.09, "sample_3" : -3.48,
 		"sample_4" : 0, "node_id" : 4},

	"4:388" : {"timestamp" : 1346182735, "air_time" : 4,
 		"sequence" : 388, "fails" : 1,
 		"retries" : 2, "sample_1" : -9.55,
 		"sample_2" : 8.92, "sample_3" : -0.93,
 		"sample_4" : 0, "node_id" : 4},

	"4:389" : {"timestamp" : 1346182736, "air_time" : 2,
 		"sequence" : 389, "fails" : 2,
 		"retries" : 0, "sample_1" : -8.10,
 		"sample_2" : 7.72, "sample_3" : 0.09,
 		"sample_4" : 0, "node_id" : 4},

	"4:390" : {"timestamp" : 1346182737, "air_time" : 7,
 		"sequence" : 390, "fails" : 2,
 		"retries" : 0, "sample_1" : -8.46,
 		"sample_2" : 5.25, "sample_3" : 1.13,
 		"sample_4" : 0, "node_id" : 4},

	"4:391" : {"timestamp" : 1346182738, "air_time" : 0,
 		"sequence" : 391, "fails" : 2,
 		"retries" : 0, "sample_1" : -7.46,
 		"sample_2" : 3.33, "sample_3" : 3.14,
 		"sample_4" : 0, "node_id" : 4},

	"4:392" : {"timestamp" : 1346182739, "air_time" : 6,
 		"sequence" : 392, "fails" : 2,
 		"retries" : 2, "sample_1" : -5.23,
 		"sample_2" : 1.43, "sample_3" : 4.97,
 		"sample_4" : 0, "node_id" : 4},

	"4:393" : {"timestamp" : 1346182740, "air_time" : 7,
 		"sequence" : 393, "fails" : 1,
 		"retries" : 1, "sample_1" : -5.00,
 		"sample_2" : -0.42, "sample_3" : 7.57,
 		"sample_4" : 0, "node_id" : 4},

	"4:394" : {"timestamp" : 1346182741, "air_time" : 8,
 		"sequence" : 394, "fails" : 0,
 		"retries" : 0, "sample_1" : -2.42,
 		"sample_2" : -1.74, "sample_3" : 7.58,
 		"sample_4" : 0, "node_id" : 4},

	"4:395" : {"timestamp" : 1346182742, "air_time" : 9,
 		"sequence" : 395, "fails" : 2,
 		"retries" : 2, "sample_1" : -1.34,
 		"sample_2" : -3.20, "sample_3" : 8.28,
 		"sample_4" : 0, "node_id" : 4},

	"4:396" : {"timestamp" : 1346182743, "air_time" : 3,
 		"sequence" : 396, "fails" : 2,
 		"retries" : 1, "sample_1" : -0.00,
 		"sample_2" : -5.44, "sample_3" : 10.23,
 		"sample_4" : 0, "node_id" : 4},

	"4:397" : {"timestamp" : 1346182744, "air_time" : 6,
 		"sequence" : 397, "fails" : 2,
 		"retries" : 2, "sample_1" : 2.24,
 		"sample_2" : -5.71, "sample_3" : 11.20,
 		"sample_4" : 0, "node_id" : 4},

	"4:398" : {"timestamp" : 1346182745, "air_time" : 8,
 		"sequence" : 398, "fails" : 2,
 		"retries" : 2, "sample_1" : 5.02,
 		"sample_2" : -6.78, "sample_3" : 10.47,
 		"sample_4" : 0, "node_id" : 4},

	"4:399" : {"timestamp" : 1346182746, "air_time" : 3,
 		"sequence" : 399, "fails" : 0,
 		"retries" : 1, "sample_1" : 5.50,
 		"sample_2" : -7.21, "sample_3" : 11.45,
 		"sample_4" : 0, "node_id" : 4},

	"4:400" : {"timestamp" : 1346182747, "air_time" : 2,
 		"sequence" : 400, "fails" : 0,
 		"retries" : 1, "sample_1" : 7.03,
 		"sample_2" : -9.36, "sample_3" : 10.52,
 		"sample_4" : 0, "node_id" : 4},

	"4:401" : {"timestamp" : 1346182748, "air_time" : 0,
 		"sequence" : 401, "fails" : 1,
 		"retries" : 2, "sample_1" : 8.36,
 		"sample_2" : -9.52, "sample_3" : 10.59,
 		"sample_4" : 0, "node_id" : 4},

	"4:402" : {"timestamp" : 1346182749, "air_time" : 6,
 		"sequence" : 402, "fails" : 3,
 		"retries" : 0, "sample_1" : 9.16,
 		"sample_2" : -9.79, "sample_3" : 9.80,
 		"sample_4" : 0, "node_id" : 4},

	"4:403" : {"timestamp" : 1346182750, "air_time" : 6,
 		"sequence" : 403, "fails" : 2,
 		"retries" : 0, "sample_1" : 10.20,
 		"sample_2" : -8.75, "sample_3" : 6.96,
 		"sample_4" : 0, "node_id" : 4},

	"4:404" : {"timestamp" : 1346182751, "air_time" : 2,
 		"sequence" : 404, "fails" : 3,
 		"retries" : 1, "sample_1" : 10.95,
 		"sample_2" : -8.31, "sample_3" : 7.40,
 		"sample_4" : 0, "node_id" : 4},

	"4:405" : {"timestamp" : 1346182752, "air_time" : 9,
 		"sequence" : 405, "fails" : 0,
 		"retries" : 2, "sample_1" : 11.80,
 		"sample_2" : -6.99, "sample_3" : 4.38,
 		"sample_4" : 0, "node_id" : 4},

	"4:406" : {"timestamp" : 1346182753, "air_time" : 8,
 		"sequence" : 406, "fails" : 2,
 		"retries" : 0, "sample_1" : 11.65,
 		"sample_2" : -6.22, "sample_3" : 4.23,
 		"sample_4" : 0, "node_id" : 4},

	"4:407" : {"timestamp" : 1346182754, "air_time" : 0,
 		"sequence" : 407, "fails" : 2,
 		"retries" : 1, "sample_1" : 10.30,
 		"sample_2" : -5.22, "sample_3" : 1.01,
 		"sample_4" : 0, "node_id" : 4},

	"4:408" : {"timestamp" : 1346182755, "air_time" : 1,
 		"sequence" : 408, "fails" : 2,
 		"retries" : 0, "sample_1" : 9.66,
 		"sample_2" : -2.75, "sample_3" : -0.83,
 		"sample_4" : 0, "node_id" : 4},

	"4:409" : {"timestamp" : 1346182756, "air_time" : 2,
 		"sequence" : 409, "fails" : 0,
 		"retries" : 2, "sample_1" : 7.96,
 		"sample_2" : -2.63, "sample_3" : -1.64,
 		"sample_4" : 0, "node_id" : 4},

	"4:410" : {"timestamp" : 1346182757, "air_time" : 6,
 		"sequence" : 410, "fails" : 3,
 		"retries" : 0, "sample_1" : 8.03,
 		"sample_2" : -0.73, "sample_3" : -2.57,
 		"sample_4" : 0, "node_id" : 4},

	"4:411" : {"timestamp" : 1346182758, "air_time" : 9,
 		"sequence" : 411, "fails" : 1,
 		"retries" : 0, "sample_1" : 5.20,
 		"sample_2" : 1.52, "sample_3" : -4.17,
 		"sample_4" : 0, "node_id" : 4},

	"4:412" : {"timestamp" : 1346182759, "air_time" : 4,
 		"sequence" : 412, "fails" : 2,
 		"retries" : 0, "sample_1" : 4.62,
 		"sample_2" : 3.84, "sample_3" : -6.68,
 		"sample_4" : 0, "node_id" : 4},

	"4:413" : {"timestamp" : 1346182760, "air_time" : 8,
 		"sequence" : 413, "fails" : 0,
 		"retries" : 1, "sample_1" : 1.94,
 		"sample_2" : 5.40, "sample_3" : -7.18,
 		"sample_4" : 0, "node_id" : 4},

	"4:414" : {"timestamp" : 1346182761, "air_time" : 6,
 		"sequence" : 414, "fails" : 3,
 		"retries" : 0, "sample_1" : 1.70,
 		"sample_2" : 6.04, "sample_3" : -8.63,
 		"sample_4" : 0, "node_id" : 4},

	"4:415" : {"timestamp" : 1346182762, "air_time" : 0,
 		"sequence" : 415, "fails" : 2,
 		"retries" : 1, "sample_1" : -0.64,
 		"sample_2" : 8.31, "sample_3" : -8.80,
 		"sample_4" : 0, "node_id" : 4},

	"4:416" : {"timestamp" : 1346182763, "air_time" : 9,
 		"sequence" : 416, "fails" : 1,
 		"retries" : 1, "sample_1" : -2.42,
 		"sample_2" : 9.48, "sample_3" : -9.27,
 		"sample_4" : 0, "node_id" : 4},

	"4:417" : {"timestamp" : 1346182764, "air_time" : 8,
 		"sequence" : 417, "fails" : 2,
 		"retries" : 0, "sample_1" : -4.80,
 		"sample_2" : 9.61, "sample_3" : -9.25,
 		"sample_4" : 0, "node_id" : 4},

	"4:418" : {"timestamp" : 1346182765, "air_time" : 4,
 		"sequence" : 418, "fails" : 1,
 		"retries" : 2, "sample_1" : -4.63,
 		"sample_2" : 9.66, "sample_3" : -8.42,
 		"sample_4" : 0, "node_id" : 4},

	"4:419" : {"timestamp" : 1346182766, "air_time" : 9,
 		"sequence" : 419, "fails" : 2,
 		"retries" : 2, "sample_1" : -7.56,
 		"sample_2" : 10.32, "sample_3" : -7.29,
 		"sample_4" : 0, "node_id" : 4},

	"4:420" : {"timestamp" : 1346182767, "air_time" : 1,
 		"sequence" : 420, "fails" : 2,
 		"retries" : 0, "sample_1" : -6.96,
 		"sample_2" : 10.19, "sample_3" : -7.70,
 		"sample_4" : 0, "node_id" : 4},

	"4:421" : {"timestamp" : 1346182768, "air_time" : 9,
 		"sequence" : 421, "fails" : 1,
 		"retries" : 0, "sample_1" : -8.00,
 		"sample_2" : 11.15, "sample_3" : -6.66,
 		"sample_4" : 0, "node_id" : 4},

	"4:422" : {"timestamp" : 1346182769, "air_time" : 1,
 		"sequence" : 422, "fails" : 1,
 		"retries" : 2, "sample_1" : -8.35,
 		"sample_2" : 9.31, "sample_3" : -5.20,
 		"sample_4" : 0, "node_id" : 4},

	"4:423" : {"timestamp" : 1346182770, "air_time" : 9,
 		"sequence" : 423, "fails" : 1,
 		"retries" : 1, "sample_1" : -9.40,
 		"sample_2" : 9.99, "sample_3" : -3.58,
 		"sample_4" : 0, "node_id" : 4},

	"4:424" : {"timestamp" : 1346182771, "air_time" : 5,
 		"sequence" : 424, "fails" : 0,
 		"retries" : 2, "sample_1" : -8.85,
 		"sample_2" : 8.82, "sample_3" : -2.03,
 		"sample_4" : 0, "node_id" : 4},

	"4:425" : {"timestamp" : 1346182772, "air_time" : 1,
 		"sequence" : 425, "fails" : 3,
 		"retries" : 2, "sample_1" : -8.70,
 		"sample_2" : 7.32, "sample_3" : 0.09,
 		"sample_4" : 0, "node_id" : 4},

	"4:426" : {"timestamp" : 1346182773, "air_time" : 0,
 		"sequence" : 426, "fails" : 3,
 		"retries" : 1, "sample_1" : -7.46,
 		"sample_2" : 6.35, "sample_3" : 1.93,
 		"sample_4" : 0, "node_id" : 4},

	"4:427" : {"timestamp" : 1346182774, "air_time" : 9,
 		"sequence" : 427, "fails" : 0,
 		"retries" : 0, "sample_1" : -6.26,
 		"sample_2" : 3.63, "sample_3" : 3.54,
 		"sample_4" : 0, "node_id" : 4},

	"4:428" : {"timestamp" : 1346182775, "air_time" : 3,
 		"sequence" : 428, "fails" : 2,
 		"retries" : 2, "sample_1" : -6.13,
 		"sample_2" : 1.63, "sample_3" : 5.97,
 		"sample_4" : 0, "node_id" : 4},

	"4:429" : {"timestamp" : 1346182776, "air_time" : 3,
 		"sequence" : 429, "fails" : 0,
 		"retries" : 1, "sample_1" : -3.60,
 		"sample_2" : 0.48, "sample_3" : 7.57,
 		"sample_4" : 0, "node_id" : 4},

	"4:430" : {"timestamp" : 1346182777, "air_time" : 4,
 		"sequence" : 430, "fails" : 3,
 		"retries" : 0, "sample_1" : -2.02,
 		"sample_2" : -1.24, "sample_3" : 7.48,
 		"sample_4" : 0, "node_id" : 4},

	"4:431" : {"timestamp" : 1346182778, "air_time" : 2,
 		"sequence" : 431, "fails" : 3,
 		"retries" : 1, "sample_1" : -1.04,
 		"sample_2" : -2.30, "sample_3" : 8.78,
 		"sample_4" : 0, "node_id" : 4},

	"4:432" : {"timestamp" : 1346182779, "air_time" : 3,
 		"sequence" : 432, "fails" : 3,
 		"retries" : 2, "sample_1" : 1.20,
 		"sample_2" : -4.24, "sample_3" : 9.83,
 		"sample_4" : 0, "node_id" : 4},

	"4:433" : {"timestamp" : 1346182780, "air_time" : 4,
 		"sequence" : 433, "fails" : 2,
 		"retries" : 0, "sample_1" : 3.34,
 		"sample_2" : -6.01, "sample_3" : 10.70,
 		"sample_4" : 0, "node_id" : 4},

	"4:434" : {"timestamp" : 1346182781, "air_time" : 9,
 		"sequence" : 434, "fails" : 3,
 		"retries" : 2, "sample_1" : 4.52,
 		"sample_2" : -6.28, "sample_3" : 11.17,
 		"sample_4" : 0, "node_id" : 4},

	"4:435" : {"timestamp" : 1346182782, "air_time" : 0,
 		"sequence" : 435, "fails" : 2,
 		"retries" : 1, "sample_1" : 6.00,
 		"sample_2" : -7.11, "sample_3" : 9.95,
 		"sample_4" : 0, "node_id" : 4},

	"4:436" : {"timestamp" : 1346182783, "air_time" : 6,
 		"sequence" : 436, "fails" : 0,
 		"retries" : 1, "sample_1" : 7.83,
 		"sample_2" : -8.16, "sample_3" : 10.12,
 		"sample_4" : 0, "node_id" : 4},

	"4:437" : {"timestamp" : 1346182784, "air_time" : 4,
 		"sequence" : 437, "fails" : 0,
 		"retries" : 1, "sample_1" : 8.96,
 		"sample_2" : -8.32, "sample_3" : 9.49,
 		"sample_4" : 0, "node_id" : 4},

	"4:438" : {"timestamp" : 1346182785, "air_time" : 7,
 		"sequence" : 438, "fails" : 3,
 		"retries" : 1, "sample_1" : 10.06,
 		"sample_2" : -8.49, "sample_3" : 9.60,
 		"sample_4" : 0, "node_id" : 4},

	"4:439" : {"timestamp" : 1346182786, "air_time" : 7,
 		"sequence" : 439, "fails" : 0,
 		"retries" : 2, "sample_1" : 10.30,
 		"sample_2" : -8.85, "sample_3" : 8.66,
 		"sample_4" : 0, "node_id" : 4},

	"4:440" : {"timestamp" : 1346182787, "air_time" : 3,
 		"sequence" : 440, "fails" : 2,
 		"retries" : 1, "sample_1" : 10.45,
 		"sample_2" : -9.11, "sample_3" : 5.80,
 		"sample_4" : 0, "node_id" : 4},

	"4:441" : {"timestamp" : 1346182788, "air_time" : 7,
 		"sequence" : 441, "fails" : 1,
 		"retries" : 0, "sample_1" : 11.60,
 		"sample_2" : -7.29, "sample_3" : 4.38,
 		"sample_4" : 0, "node_id" : 4},

	"4:442" : {"timestamp" : 1346182789, "air_time" : 6,
 		"sequence" : 442, "fails" : 1,
 		"retries" : 1, "sample_1" : 10.45,
 		"sample_2" : -7.02, "sample_3" : 2.93,
 		"sample_4" : 0, "node_id" : 4},

	"4:443" : {"timestamp" : 1346182790, "air_time" : 1,
 		"sequence" : 443, "fails" : 3,
 		"retries" : 0, "sample_1" : 11.10,
 		"sample_2" : -4.82, "sample_3" : 2.21,
 		"sample_4" : 0, "node_id" : 4},

	"4:444" : {"timestamp" : 1346182791, "air_time" : 0,
 		"sequence" : 444, "fails" : 2,
 		"retries" : 1, "sample_1" : 8.76,
 		"sample_2" : -4.55, "sample_3" : -0.33,
 		"sample_4" : 0, "node_id" : 4},

	"4:445" : {"timestamp" : 1346182792, "air_time" : 0,
 		"sequence" : 445, "fails" : 1,
 		"retries" : 2, "sample_1" : 9.06,
 		"sample_2" : -2.53, "sample_3" : -1.54,
 		"sample_4" : 0, "node_id" : 4},

	"4:446" : {"timestamp" : 1346182793, "air_time" : 8,
 		"sequence" : 446, "fails" : 0,
 		"retries" : 0, "sample_1" : 8.03,
 		"sample_2" : 0.27, "sample_3" : -4.37,
 		"sample_4" : 0, "node_id" : 4},

	"4:447" : {"timestamp" : 1346182794, "air_time" : 7,
 		"sequence" : 447, "fails" : 3,
 		"retries" : 1, "sample_1" : 5.80,
 		"sample_2" : 2.32, "sample_3" : -4.67,
 		"sample_4" : 0, "node_id" : 4},

	"4:448" : {"timestamp" : 1346182795, "air_time" : 6,
 		"sequence" : 448, "fails" : 0,
 		"retries" : 1, "sample_1" : 4.12,
 		"sample_2" : 3.64, "sample_3" : -6.58,
 		"sample_4" : 0, "node_id" : 4},

	"4:449" : {"timestamp" : 1346182796, "air_time" : 9,
 		"sequence" : 449, "fails" : 1,
 		"retries" : 1, "sample_1" : 3.24,
 		"sample_2" : 5.10, "sample_3" : -7.58,
 		"sample_4" : 0, "node_id" : 4},

	"4:450" : {"timestamp" : 1346182797, "air_time" : 6,
 		"sequence" : 450, "fails" : 2,
 		"retries" : 2, "sample_1" : 1.60,
 		"sample_2" : 7.14, "sample_3" : -7.53,
 		"sample_4" : 0, "node_id" : 4},

	"4:451" : {"timestamp" : 1346182798, "air_time" : 5,
 		"sequence" : 451, "fails" : 1,
 		"retries" : 0, "sample_1" : -1.44,
 		"sample_2" : 7.61, "sample_3" : -7.80,
 		"sample_4" : 0, "node_id" : 4},

	"4:452" : {"timestamp" : 1346182799, "air_time" : 6,
 		"sequence" : 452, "fails" : 1,
 		"retries" : 1, "sample_1" : -2.12,
 		"sample_2" : 9.58, "sample_3" : -9.27,
 		"sample_4" : 0, "node_id" : 4},

	"4:453" : {"timestamp" : 1346182800, "air_time" : 7,
 		"sequence" : 453, "fails" : 3,
 		"retries" : 0, "sample_1" : -3.30,
 		"sample_2" : 9.81, "sample_3" : -8.75,
 		"sample_4" : 0, "node_id" : 4},

	"4:454" : {"timestamp" : 1346182801, "air_time" : 4,
 		"sequence" : 454, "fails" : 1,
 		"retries" : 1, "sample_1" : -5.73,
 		"sample_2" : 9.86, "sample_3" : -9.52,
 		"sample_4" : 0, "node_id" : 4},

	"4:455" : {"timestamp" : 1346182802, "air_time" : 2,
 		"sequence" : 455, "fails" : 2,
 		"retries" : 1, "sample_1" : -7.36,
 		"sample_2" : 10.52, "sample_3" : -8.89,
 		"sample_4" : 0, "node_id" : 4},

	"4:456" : {"timestamp" : 1346182803, "air_time" : 5,
 		"sequence" : 456, "fails" : 0,
 		"retries" : 0, "sample_1" : -6.86,
 		"sample_2" : 10.59, "sample_3" : -7.10,
 		"sample_4" : 0, "node_id" : 4},

	"4:457" : {"timestamp" : 1346182804, "air_time" : 8,
 		"sequence" : 457, "fails" : 1,
 		"retries" : 1, "sample_1" : -8.00,
 		"sample_2" : 11.25, "sample_3" : -5.26,
 		"sample_4" : 0, "node_id" : 4},

	"4:458" : {"timestamp" : 1346182805, "air_time" : 2,
 		"sequence" : 458, "fails" : 2,
 		"retries" : 2, "sample_1" : -9.65,
 		"sample_2" : 9.71, "sample_3" : -5.20,
 		"sample_4" : 0, "node_id" : 4},

	"4:459" : {"timestamp" : 1346182806, "air_time" : 0,
 		"sequence" : 459, "fails" : 2,
 		"retries" : 1, "sample_1" : -8.50,
 		"sample_2" : 9.09, "sample_3" : -2.88,
 		"sample_4" : 0, "node_id" : 4},

	"4:460" : {"timestamp" : 1346182807, "air_time" : 1,
 		"sequence" : 460, "fails" : 0,
 		"retries" : 2, "sample_1" : -7.95,
 		"sample_2" : 7.52, "sample_3" : -1.33,
 		"sample_4" : 0, "node_id" : 4},

	"4:461" : {"timestamp" : 1346182808, "air_time" : 1,
 		"sequence" : 461, "fails" : 0,
 		"retries" : 1, "sample_1" : -9.00,
 		"sample_2" : 6.92, "sample_3" : 1.19,
 		"sample_4" : 0, "node_id" : 4},

	"4:462" : {"timestamp" : 1346182809, "air_time" : 2,
 		"sequence" : 462, "fails" : 0,
 		"retries" : 0, "sample_1" : -7.96,
 		"sample_2" : 4.85, "sample_3" : 1.23,
 		"sample_4" : 0, "node_id" : 4},

	"4:463" : {"timestamp" : 1346182810, "air_time" : 8,
 		"sequence" : 463, "fails" : 1,
 		"retries" : 2, "sample_1" : -5.76,
 		"sample_2" : 4.23, "sample_3" : 4.64,
 		"sample_4" : 0, "node_id" : 4},

	"4:464" : {"timestamp" : 1346182811, "air_time" : 4,
 		"sequence" : 464, "fails" : 2,
 		"retries" : 0, "sample_1" : -4.93,
 		"sample_2" : 1.63, "sample_3" : 4.97,
 		"sample_4" : 0, "node_id" : 4},

	"4:465" : {"timestamp" : 1346182812, "air_time" : 7,
 		"sequence" : 465, "fails" : 1,
 		"retries" : 2, "sample_1" : -4.00,
 		"sample_2" : 1.08, "sample_3" : 7.37,
 		"sample_4" : 0, "node_id" : 4},

	"4:466" : {"timestamp" : 1346182813, "air_time" : 0,
 		"sequence" : 466, "fails" : 2,
 		"retries" : 2, "sample_1" : -2.12,
 		"sample_2" : -0.34, "sample_3" : 7.68,
 		"sample_4" : 0, "node_id" : 4},

	"4:467" : {"timestamp" : 1346182814, "air_time" : 0,
 		"sequence" : 467, "fails" : 2,
 		"retries" : 0, "sample_1" : -1.14,
 		"sample_2" : -2.60, "sample_3" : 9.38,
 		"sample_4" : 0, "node_id" : 4},

	"4:468" : {"timestamp" : 1346182815, "air_time" : 8,
 		"sequence" : 468, "fails" : 1,
 		"retries" : 0, "sample_1" : 0.70,
 		"sample_2" : -5.04, "sample_3" : 9.53,
 		"sample_4" : 0, "node_id" : 4},

	"4:469" : {"timestamp" : 1346182816, "air_time" : 1,
 		"sequence" : 469, "fails" : 1,
 		"retries" : 1, "sample_1" : 1.84,
 		"sample_2" : -6.81, "sample_3" : 11.10,
 		"sample_4" : 0, "node_id" : 4},

	"4:470" : {"timestamp" : 1346182817, "air_time" : 5,
 		"sequence" : 470, "fails" : 0,
 		"retries" : 2, "sample_1" : 4.62,
 		"sample_2" : -7.88, "sample_3" : 11.37,
 		"sample_4" : 0, "node_id" : 4},

	"4:471" : {"timestamp" : 1346182818, "air_time" : 8,
 		"sequence" : 471, "fails" : 2,
 		"retries" : 2, "sample_1" : 6.00,
 		"sample_2" : -7.91, "sample_3" : 11.85,
 		"sample_4" : 0, "node_id" : 4},

	"4:472" : {"timestamp" : 1346182819, "air_time" : 0,
 		"sequence" : 472, "fails" : 1,
 		"retries" : 2, "sample_1" : 8.33,
 		"sample_2" : -8.26, "sample_3" : 11.22,
 		"sample_4" : 0, "node_id" : 4},

	"4:473" : {"timestamp" : 1346182820, "air_time" : 2,
 		"sequence" : 473, "fails" : 2,
 		"retries" : 1, "sample_1" : 7.96,
 		"sample_2" : -9.92, "sample_3" : 10.29,
 		"sample_4" : 0, "node_id" : 4},

	"4:474" : {"timestamp" : 1346182821, "air_time" : 9,
 		"sequence" : 474, "fails" : 2,
 		"retries" : 0, "sample_1" : 9.96,
 		"sample_2" : -9.89, "sample_3" : 8.20,
 		"sample_4" : 0, "node_id" : 4},

	"4:475" : {"timestamp" : 1346182822, "air_time" : 0,
 		"sequence" : 475, "fails" : 1,
 		"retries" : 2, "sample_1" : 11.30,
 		"sample_2" : -8.55, "sample_3" : 7.56,
 		"sample_4" : 0, "node_id" : 4},

	"4:476" : {"timestamp" : 1346182823, "air_time" : 6,
 		"sequence" : 476, "fails" : 3,
 		"retries" : 2, "sample_1" : 10.35,
 		"sample_2" : -8.91, "sample_3" : 6.90,
 		"sample_4" : 0, "node_id" : 4},

	"4:477" : {"timestamp" : 1346182824, "air_time" : 4,
 		"sequence" : 477, "fails" : 1,
 		"retries" : 0, "sample_1" : 10.00,
 		"sample_2" : -8.19, "sample_3" : 4.88,
 		"sample_4" : 0, "node_id" : 4},

	"4:478" : {"timestamp" : 1346182825, "air_time" : 5,
 		"sequence" : 478, "fails" : 1,
 		"retries" : 0, "sample_1" : 11.65,
 		"sample_2" : -6.72, "sample_3" : 3.23,
 		"sample_4" : 0, "node_id" : 4},

	"4:479" : {"timestamp" : 1346182826, "air_time" : 2,
 		"sequence" : 479, "fails" : 1,
 		"retries" : 1, "sample_1" : 10.60,
 		"sample_2" : -4.92, "sample_3" : 0.91,
 		"sample_4" : 0, "node_id" : 4},

	"4:480" : {"timestamp" : 1346182827, "air_time" : 2,
 		"sequence" : 480, "fails" : 2,
 		"retries" : 0, "sample_1" : 9.66,
 		"sample_2" : -4.15, "sample_3" : 0.67,
 		"sample_4" : 0, "node_id" : 4},

	"4:481" : {"timestamp" : 1346182828, "air_time" : 6,
 		"sequence" : 481, "fails" : 2,
 		"retries" : 1, "sample_1" : 8.06,
 		"sample_2" : -2.43, "sample_3" : -1.64,
 		"sample_4" : 0, "node_id" : 4},

	"4:482" : {"timestamp" : 1346182829, "air_time" : 1,
 		"sequence" : 482, "fails" : 0,
 		"retries" : 2, "sample_1" : 7.23,
 		"sample_2" : -0.23, "sample_3" : -2.77,
 		"sample_4" : 0, "node_id" : 4},

	"4:483" : {"timestamp" : 1346182830, "air_time" : 7,
 		"sequence" : 483, "fails" : 2,
 		"retries" : 0, "sample_1" : 6.70,
 		"sample_2" : 1.02, "sample_3" : -5.87,
 		"sample_4" : 0, "node_id" : 4},

	"4:484" : {"timestamp" : 1346182831, "air_time" : 1,
 		"sequence" : 484, "fails" : 2,
 		"retries" : 2, "sample_1" : 5.12,
 		"sample_2" : 2.84, "sample_3" : -6.68,
 		"sample_4" : 0, "node_id" : 4},

	"4:485" : {"timestamp" : 1346182832, "air_time" : 9,
 		"sequence" : 485, "fails" : 0,
 		"retries" : 0, "sample_1" : 2.64,
 		"sample_2" : 5.70, "sample_3" : -6.38,
 		"sample_4" : 0, "node_id" : 4},

	"4:486" : {"timestamp" : 1346182833, "air_time" : 6,
 		"sequence" : 486, "fails" : 0,
 		"retries" : 0, "sample_1" : 0.00,
 		"sample_2" : 6.04, "sample_3" : -7.43,
 		"sample_4" : 0, "node_id" : 4},

	"4:487" : {"timestamp" : 1346182834, "air_time" : 4,
 		"sequence" : 487, "fails" : 3,
 		"retries" : 2, "sample_1" : -1.44,
 		"sample_2" : 8.11, "sample_3" : -8.90,
 		"sample_4" : 0, "node_id" : 4},

	"4:488" : {"timestamp" : 1346182835, "air_time" : 5,
 		"sequence" : 488, "fails" : 3,
 		"retries" : 2, "sample_1" : -2.12,
 		"sample_2" : 8.08, "sample_3" : -9.57,
 		"sample_4" : 0, "node_id" : 4},

	"4:489" : {"timestamp" : 1346182836, "air_time" : 1,
 		"sequence" : 489, "fails" : 0,
 		"retries" : 0, "sample_1" : -4.00,
 		"sample_2" : 9.41, "sample_3" : -9.55,
 		"sample_4" : 0, "node_id" : 4},

	"4:490" : {"timestamp" : 1346182837, "air_time" : 6,
 		"sequence" : 490, "fails" : 3,
 		"retries" : 0, "sample_1" : -4.53,
 		"sample_2" : 10.56, "sample_3" : -9.22,
 		"sample_4" : 0, "node_id" : 4},

	"4:491" : {"timestamp" : 1346182838, "air_time" : 5,
 		"sequence" : 491, "fails" : 1,
 		"retries" : 1, "sample_1" : -6.26,
 		"sample_2" : 10.72, "sample_3" : -7.29,
 		"sample_4" : 0, "node_id" : 4},

	"4:492" : {"timestamp" : 1346182839, "air_time" : 4,
 		"sequence" : 492, "fails" : 3,
 		"retries" : 1, "sample_1" : -8.06,
 		"sample_2" : 9.99, "sample_3" : -6.70,
 		"sample_4" : 0, "node_id" : 4},

	"4:493" : {"timestamp" : 1346182840, "air_time" : 3,
 		"sequence" : 493, "fails" : 0,
 		"retries" : 1, "sample_1" : -8.70,
 		"sample_2" : 10.55, "sample_3" : -6.56,
 		"sample_4" : 0, "node_id" : 4},

	"4:494" : {"timestamp" : 1346182841, "air_time" : 4,
 		"sequence" : 494, "fails" : 1,
 		"retries" : 0, "sample_1" : -9.35,
 		"sample_2" : 10.11, "sample_3" : -3.70,
 		"sample_4" : 0, "node_id" : 4},

	"4:495" : {"timestamp" : 1346182842, "air_time" : 3,
 		"sequence" : 495, "fails" : 0,
 		"retries" : 0, "sample_1" : -8.50,
 		"sample_2" : 9.69, "sample_3" : -3.28,
 		"sample_4" : 0, "node_id" : 4},

	"4:496" : {"timestamp" : 1346182843, "air_time" : 7,
 		"sequence" : 496, "fails" : 2,
 		"retries" : 0, "sample_1" : -9.45,
 		"sample_2" : 9.12, "sample_3" : -2.03,
 		"sample_4" : 0, "node_id" : 4},

	"4:497" : {"timestamp" : 1346182844, "air_time" : 5,
 		"sequence" : 497, "fails" : 2,
 		"retries" : 2, "sample_1" : -7.50,
 		"sample_2" : 7.52, "sample_3" : -0.51,
 		"sample_4" : 0, "node_id" : 4},

	"4:498" : {"timestamp" : 1346182845, "air_time" : 8,
 		"sequence" : 498, "fails" : 1,
 		"retries" : 0, "sample_1" : -8.66,
 		"sample_2" : 5.05, "sample_3" : 2.83,
 		"sample_4" : 0, "node_id" : 4},

	"4:499" : {"timestamp" : 1346182846, "air_time" : 7,
 		"sequence" : 499, "fails" : 3,
 		"retries" : 2, "sample_1" : -7.46,
 		"sample_2" : 3.03, "sample_3" : 4.24,
 		"sample_4" : 0, "node_id" : 4},

	"4:500" : {"timestamp" : 1346182847, "air_time" : 6,
 		"sequence" : 500, "fails" : 3,
 		"retries" : 1, "sample_1" : -6.03,
 		"sample_2" : 2.73, "sample_3" : 5.67,
 		"sample_4" : 0, "node_id" : 4},

	"4:501" : {"timestamp" : 1346182848, "air_time" : 5,
 		"sequence" : 501, "fails" : 1,
 		"retries" : 0, "sample_1" : -4.90,
 		"sample_2" : -0.22, "sample_3" : 7.57,
 		"sample_4" : 0, "node_id" : 4},

	"4:502" : {"timestamp" : 1346182849, "air_time" : 0,
 		"sequence" : 502, "fails" : 2,
 		"retries" : 2, "sample_1" : -3.02,
 		"sample_2" : -1.44, "sample_3" : 7.88,
 		"sample_4" : 0, "node_id" : 4},

	"4:503" : {"timestamp" : 1346182850, "air_time" : 5,
 		"sequence" : 503, "fails" : 3,
 		"retries" : 0, "sample_1" : -0.34,
 		"sample_2" : -2.30, "sample_3" : 8.48,
 		"sample_4" : 0, "node_id" : 4},

	"4:504" : {"timestamp" : 1346182851, "air_time" : 2,
 		"sequence" : 504, "fails" : 1,
 		"retries" : 0, "sample_1" : 0.20,
 		"sample_2" : -3.94, "sample_3" : 11.03,
 		"sample_4" : 0, "node_id" : 4},

	"4:505" : {"timestamp" : 1346182852, "air_time" : 9,
 		"sequence" : 505, "fails" : 0,
 		"retries" : 2, "sample_1" : 2.14,
 		"sample_2" : -5.61, "sample_3" : 10.00,
 		"sample_4" : 0, "node_id" : 4},

	"4:506" : {"timestamp" : 1346182853, "air_time" : 0,
 		"sequence" : 506, "fails" : 1,
 		"retries" : 0, "sample_1" : 5.32,
 		"sample_2" : -6.18, "sample_3" : 9.97,
 		"sample_4" : 0, "node_id" : 4},

	"4:507" : {"timestamp" : 1346182854, "air_time" : 9,
 		"sequence" : 507, "fails" : 2,
 		"retries" : 0, "sample_1" : 6.80,
 		"sample_2" : -8.41, "sample_3" : 11.35,
 		"sample_4" : 0, "node_id" : 4},

	"4:508" : {"timestamp" : 1346182855, "air_time" : 0,
 		"sequence" : 508, "fails" : 3,
 		"retries" : 1, "sample_1" : 6.63,
 		"sample_2" : -9.46, "sample_3" : 11.52,
 		"sample_4" : 0, "node_id" : 4},

	"4:509" : {"timestamp" : 1346182856, "air_time" : 5,
 		"sequence" : 509, "fails" : 1,
 		"retries" : 1, "sample_1" : 9.16,
 		"sample_2" : -9.02, "sample_3" : 9.49,
 		"sample_4" : 0, "node_id" : 4},

	"4:510" : {"timestamp" : 1346182857, "air_time" : 1,
 		"sequence" : 510, "fails" : 1,
 		"retries" : 0, "sample_1" : 9.46,
 		"sample_2" : -9.09, "sample_3" : 10.00,
 		"sample_4" : 0, "node_id" : 4},

	"4:511" : {"timestamp" : 1346182858, "air_time" : 6,
 		"sequence" : 511, "fails" : 2,
 		"retries" : 2, "sample_1" : 9.70,
 		"sample_2" : -8.25, "sample_3" : 8.66,
 		"sample_4" : 0, "node_id" : 4},

	"4:512" : {"timestamp" : 1346182859, "air_time" : 8,
 		"sequence" : 512, "fails" : 0,
 		"retries" : 0, "sample_1" : 10.25,
 		"sample_2" : -9.11, "sample_3" : 6.80,
 		"sample_4" : 0, "node_id" : 4},

	"4:513" : {"timestamp" : 1346182860, "air_time" : 1,
 		"sequence" : 513, "fails" : 1,
 		"retries" : 0, "sample_1" : 11.00,
 		"sample_2" : -7.79, "sample_3" : 5.88,
 		"sample_4" : 0, "node_id" : 4},

	"4:514" : {"timestamp" : 1346182861, "air_time" : 3,
 		"sequence" : 514, "fails" : 3,
 		"retries" : 0, "sample_1" : 11.25,
 		"sample_2" : -7.12, "sample_3" : 3.53,
 		"sample_4" : 0, "node_id" : 4},

	"4:515" : {"timestamp" : 1346182862, "air_time" : 2,
 		"sequence" : 515, "fails" : 1,
 		"retries" : 0, "sample_1" : 11.10,
 		"sample_2" : -5.92, "sample_3" : 2.61,
 		"sample_4" : 0, "node_id" : 4},

	"4:516" : {"timestamp" : 1346182863, "air_time" : 4,
 		"sequence" : 516, "fails" : 2,
 		"retries" : 2, "sample_1" : 8.86,
 		"sample_2" : -2.65, "sample_3" : -0.13,
 		"sample_4" : 0, "node_id" : 4},

	"4:517" : {"timestamp" : 1346182864, "air_time" : 4,
 		"sequence" : 517, "fails" : 2,
 		"retries" : 0, "sample_1" : 8.66,
 		"sample_2" : -1.03, "sample_3" : -2.74,
 		"sample_4" : 0, "node_id" : 4},

	"4:518" : {"timestamp" : 1346182865, "air_time" : 8,
 		"sequence" : 518, "fails" : 3,
 		"retries" : 0, "sample_1" : 6.93,
 		"sample_2" : -0.73, "sample_3" : -2.77,
 		"sample_4" : 0, "node_id" : 4},

	"4:519" : {"timestamp" : 1346182866, "air_time" : 7,
 		"sequence" : 519, "fails" : 2,
 		"retries" : 2, "sample_1" : 5.40,
 		"sample_2" : 1.32, "sample_3" : -5.47,
 		"sample_4" : 0, "node_id" : 4},

	"4:520" : {"timestamp" : 1346182867, "air_time" : 4,
 		"sequence" : 520, "fails" : 1,
 		"retries" : 1, "sample_1" : 4.32,
 		"sample_2" : 2.34, "sample_3" : -5.68,
 		"sample_4" : 0, "node_id" : 4},

	"4:521" : {"timestamp" : 1346182868, "air_time" : 0,
 		"sequence" : 521, "fails" : 0,
 		"retries" : 2, "sample_1" : 3.34,
 		"sample_2" : 4.80, "sample_3" : -6.68,
 		"sample_4" : 0, "node_id" : 4},

	"4:522" : {"timestamp" : 1346182869, "air_time" : 1,
 		"sequence" : 522, "fails" : 1,
 		"retries" : 1, "sample_1" : 1.00,
 		"sample_2" : 6.24, "sample_3" : -8.63,
 		"sample_4" : 0, "node_id" : 4},

	"4:523" : {"timestamp" : 1346182870, "air_time" : 5,
 		"sequence" : 523, "fails" : 2,
 		"retries" : 1, "sample_1" : -1.54,
 		"sample_2" : 7.71, "sample_3" : -8.10,
 		"sample_4" : 0, "node_id" : 4},

	"4:524" : {"timestamp" : 1346182871, "air_time" : 0,
 		"sequence" : 524, "fails" : 1,
 		"retries" : 2, "sample_1" : -3.12,
 		"sample_2" : 9.28, "sample_3" : -9.07,
 		"sample_4" : 0, "node_id" : 4},

	"4:525" : {"timestamp" : 1346182872, "air_time" : 3,
 		"sequence" : 525, "fails" : 2,
 		"retries" : 2, "sample_1" : -4.00,
 		"sample_2" : 9.81, "sample_3" : -8.15,
 		"sample_4" : 0, "node_id" : 4},

	"4:526" : {"timestamp" : 1346182873, "air_time" : 4,
 		"sequence" : 526, "fails" : 3,
 		"retries" : 1, "sample_1" : -5.03,
 		"sample_2" : 9.86, "sample_3" : -8.02,
 		"sample_4" : 0, "node_id" : 4},

	"4:527" : {"timestamp" : 1346182874, "air_time" : 9,
 		"sequence" : 527, "fails" : 3,
 		"retries" : 2, "sample_1" : -7.16,
 		"sample_2" : 9.92, "sample_3" : -8.99,
 		"sample_4" : 0, "node_id" : 4},

	"4:528" : {"timestamp" : 1346182875, "air_time" : 6,
 		"sequence" : 528, "fails" : 1,
 		"retries" : 0, "sample_1" : -8.06,
 		"sample_2" : 11.89, "sample_3" : -6.90,
 		"sample_4" : 0, "node_id" : 4},

	"4:529" : {"timestamp" : 1346182876, "air_time" : 5,
 		"sequence" : 529, "fails" : 0,
 		"retries" : 2, "sample_1" : -7.50,
 		"sample_2" : 10.45, "sample_3" : -5.96,
 		"sample_4" : 0, "node_id" : 4},

	"4:530" : {"timestamp" : 1346182877, "air_time" : 2,
 		"sequence" : 530, "fails" : 3,
 		"retries" : 2, "sample_1" : -9.25,
 		"sample_2" : 9.61, "sample_3" : -4.80,
 		"sample_4" : 0, "node_id" : 4},

	"4:531" : {"timestamp" : 1346182878, "air_time" : 9,
 		"sequence" : 531, "fails" : 2,
 		"retries" : 2, "sample_1" : -9.70,
 		"sample_2" : 9.59, "sample_3" : -2.48,
 		"sample_4" : 0, "node_id" : 4},

	"4:532" : {"timestamp" : 1346182879, "air_time" : 5,
 		"sequence" : 532, "fails" : 0,
 		"retries" : 0, "sample_1" : -8.85,
 		"sample_2" : 8.22, "sample_3" : -0.83,
 		"sample_4" : 0, "node_id" : 4},

	"4:533" : {"timestamp" : 1346182880, "air_time" : 9,
 		"sequence" : 533, "fails" : 3,
 		"retries" : 2, "sample_1" : -9.40,
 		"sample_2" : 6.52, "sample_3" : 0.19,
 		"sample_4" : 0, "node_id" : 4},

	"4:534" : {"timestamp" : 1346182881, "air_time" : 7,
 		"sequence" : 534, "fails" : 3,
 		"retries" : 1, "sample_1" : -8.16,
 		"sample_2" : 4.95, "sample_3" : 2.43,
 		"sample_4" : 0, "node_id" : 4},

	"4:535" : {"timestamp" : 1346182882, "air_time" : 7,
 		"sequence" : 535, "fails" : 2,
 		"retries" : 2, "sample_1" : -6.36,
 		"sample_2" : 4.83, "sample_3" : 3.44,
 		"sample_4" : 0, "node_id" : 4},

	"4:536" : {"timestamp" : 1346182883, "air_time" : 3,
 		"sequence" : 536, "fails" : 0,
 		"retries" : 2, "sample_1" : -6.43,
 		"sample_2" : 1.33, "sample_3" : 5.07,
 		"sample_4" : 0, "node_id" : 4},

	"4:537" : {"timestamp" : 1346182884, "air_time" : 8,
 		"sequence" : 537, "fails" : 2,
 		"retries" : 0, "sample_1" : -4.90,
 		"sample_2" : 0.78, "sample_3" : 7.67,
 		"sample_4" : 0, "node_id" : 4},

	"4:538" : {"timestamp" : 1346182885, "air_time" : 7,
 		"sequence" : 538, "fails" : 2,
 		"retries" : 2, "sample_1" : -1.52,
 		"sample_2" : -1.54, "sample_3" : 9.08,
 		"sample_4" : 0, "node_id" : 4},

	"4:539" : {"timestamp" : 1346182886, "air_time" : 2,
 		"sequence" : 539, "fails" : 1,
 		"retries" : 0, "sample_1" : -0.54,
 		"sample_2" : -2.00, "sample_3" : 9.88,
 		"sample_4" : 0, "node_id" : 4},

	"4:540" : {"timestamp" : 1346182887, "air_time" : 1,
 		"sequence" : 540, "fails" : 2,
 		"retries" : 1, "sample_1" : 0.70,
 		"sample_2" : -3.84, "sample_3" : 9.93,
 		"sample_4" : 0, "node_id" : 4},

	"4:541" : {"timestamp" : 1346182888, "air_time" : 9,
 		"sequence" : 541, "fails" : 0,
 		"retries" : 0, "sample_1" : 1.94,
 		"sample_2" : -6.21, "sample_3" : 9.90,
 		"sample_4" : 0, "node_id" : 4},

	"4:542" : {"timestamp" : 1346182889, "air_time" : 1,
 		"sequence" : 542, "fails" : 2,
 		"retries" : 0, "sample_1" : 3.92,
 		"sample_2" : -7.38, "sample_3" : 11.07,
 		"sample_4" : 0, "node_id" : 4},

	"4:543" : {"timestamp" : 1346182890, "air_time" : 5,
 		"sequence" : 543, "fails" : 1,
 		"retries" : 0, "sample_1" : 5.80,
 		"sample_2" : -8.51, "sample_3" : 11.75,
 		"sample_4" : 0, "node_id" : 4},

	"4:544" : {"timestamp" : 1346182891, "air_time" : 0,
 		"sequence" : 544, "fails" : 0,
 		"retries" : 2, "sample_1" : 7.33,
 		"sample_2" : -9.36, "sample_3" : 10.32,
 		"sample_4" : 0, "node_id" : 4},

	"4:545" : {"timestamp" : 1346182892, "air_time" : 6,
 		"sequence" : 545, "fails" : 3,
 		"retries" : 1, "sample_1" : 8.46,
 		"sample_2" : -8.92, "sample_3" : 9.49,
 		"sample_4" : 0, "node_id" : 4},

	"4:546" : {"timestamp" : 1346182893, "air_time" : 1,
 		"sequence" : 546, "fails" : 3,
 		"retries" : 0, "sample_1" : 8.86,
 		"sample_2" : -9.89, "sample_3" : 8.20,
 		"sample_4" : 0, "node_id" : 4},

	"4:547" : {"timestamp" : 1346182894, "air_time" : 6,
 		"sequence" : 547, "fails" : 3,
 		"retries" : 2, "sample_1" : 10.10,
 		"sample_2" : -8.95, "sample_3" : 7.16,
 		"sample_4" : 0, "node_id" : 4},

	"4:548" : {"timestamp" : 1346182895, "air_time" : 7,
 		"sequence" : 548, "fails" : 2,
 		"retries" : 2, "sample_1" : 10.25,
 		"sample_2" : -9.21, "sample_3" : 6.70,
 		"sample_4" : 0, "node_id" : 4},

	"4:549" : {"timestamp" : 1346182896, "air_time" : 1,
 		"sequence" : 549, "fails" : 1,
 		"retries" : 0, "sample_1" : 11.00,
 		"sample_2" : -7.59, "sample_3" : 4.38,
 		"sample_4" : 0, "node_id" : 4},

	"4:550" : {"timestamp" : 1346182897, "air_time" : 3,
 		"sequence" : 550, "fails" : 2,
 		"retries" : 0, "sample_1" : 10.95,
 		"sample_2" : -7.02, "sample_3" : 3.33,
 		"sample_4" : 0, "node_id" : 4},

	"4:551" : {"timestamp" : 1346182898, "air_time" : 4,
 		"sequence" : 551, "fails" : 2,
 		"retries" : 1, "sample_1" : 9.60,
 		"sample_2" : -5.72, "sample_3" : 2.21,
 		"sample_4" : 0, "node_id" : 4},

	"4:552" : {"timestamp" : 1346182899, "air_time" : 3,
 		"sequence" : 552, "fails" : 0,
 		"retries" : 0, "sample_1" : 10.26,
 		"sample_2" : -4.15, "sample_3" : 0.17,
 		"sample_4" : 0, "node_id" : 4},

	"4:553" : {"timestamp" : 1346182900, "air_time" : 6,
 		"sequence" : 553, "fails" : 2,
 		"retries" : 2, "sample_1" : 7.86,
 		"sample_2" : -2.13, "sample_3" : -1.34,
 		"sample_4" : 0, "node_id" : 4},

	"4:554" : {"timestamp" : 1346182901, "air_time" : 2,
 		"sequence" : 554, "fails" : 2,
 		"retries" : 0, "sample_1" : 7.33,
 		"sample_2" : -0.13, "sample_3" : -4.07,
 		"sample_4" : 0, "node_id" : 4},

	"4:555" : {"timestamp" : 1346182902, "air_time" : 7,
 		"sequence" : 555, "fails" : 3,
 		"retries" : 2, "sample_1" : 5.20,
 		"sample_2" : 0.52, "sample_3" : -4.67,
 		"sample_4" : 0, "node_id" : 4},

	"4:556" : {"timestamp" : 1346182903, "air_time" : 0,
 		"sequence" : 556, "fails" : 3,
 		"retries" : 1, "sample_1" : 4.12,
 		"sample_2" : 3.04, "sample_3" : -5.68,
 		"sample_4" : 0, "node_id" : 4},

	"4:557" : {"timestamp" : 1346182904, "air_time" : 3,
 		"sequence" : 557, "fails" : 1,
 		"retries" : 2, "sample_1" : 2.04,
 		"sample_2" : 4.30, "sample_3" : -7.58,
 		"sample_4" : 0, "node_id" : 4},

	"4:558" : {"timestamp" : 1346182905, "air_time" : 6,
 		"sequence" : 558, "fails" : 2,
 		"retries" : 1, "sample_1" : 0.00,
 		"sample_2" : 6.34, "sample_3" : -7.63,
 		"sample_4" : 0, "node_id" : 4},

	"4:559" : {"timestamp" : 1346182906, "air_time" : 7,
 		"sequence" : 559, "fails" : 1,
 		"retries" : 0, "sample_1" : -0.84,
 		"sample_2" : 6.91, "sample_3" : -8.30,
 		"sample_4" : 0, "node_id" : 4},

	"4:560" : {"timestamp" : 1346182907, "air_time" : 1,
 		"sequence" : 560, "fails" : 0,
 		"retries" : 1, "sample_1" : -3.32,
 		"sample_2" : 9.28, "sample_3" : -8.07,
 		"sample_4" : 0, "node_id" : 4},

	"4:561" : {"timestamp" : 1346182908, "air_time" : 6,
 		"sequence" : 561, "fails" : 1,
 		"retries" : 1, "sample_1" : -4.80,
 		"sample_2" : 10.51, "sample_3" : -8.15,
 		"sample_4" : 0, "node_id" : 4},

	"4:562" : {"timestamp" : 1346182909, "air_time" : 9,
 		"sequence" : 562, "fails" : 0,
 		"retries" : 2, "sample_1" : -6.33,
 		"sample_2" : 11.46, "sample_3" : -9.42,
 		"sample_4" : 0, "node_id" : 4},

	"4:563" : {"timestamp" : 1346182910, "air_time" : 0,
 		"sequence" : 563, "fails" : 0,
 		"retries" : 1, "sample_1" : -6.26,
 		"sample_2" : 11.12, "sample_3" : -8.29,
 		"sample_4" : 0, "node_id" : 4},

	"4:564" : {"timestamp" : 1346182911, "air_time" : 2,
 		"sequence" : 564, "fails" : 3,
 		"retries" : 1, "sample_1" : -7.26,
 		"sample_2" : 10.79, "sample_3" : -7.60,
 		"sample_4" : 0, "node_id" : 4},

	"4:565" : {"timestamp" : 1346182912, "air_time" : 1,
 		"sequence" : 565, "fails" : 3,
 		"retries" : 0, "sample_1" : -8.30,
 		"sample_2" : 11.65, "sample_3" : -6.16,
 		"sample_4" : 0, "node_id" : 4},

	"4:566" : {"timestamp" : 1346182913, "air_time" : 3,
 		"sequence" : 566, "fails" : 2,
 		"retries" : 0, "sample_1" : -8.55,
 		"sample_2" : 9.81, "sample_3" : -4.90,
 		"sample_4" : 0, "node_id" : 4},

	"4:567" : {"timestamp" : 1346182914, "air_time" : 2,
 		"sequence" : 567, "fails" : 1,
 		"retries" : 1, "sample_1" : -8.50,
 		"sample_2" : 9.89, "sample_3" : -2.68,
 		"sample_4" : 0, "node_id" : 4},

	"4:568" : {"timestamp" : 1346182915, "air_time" : 4,
 		"sequence" : 568, "fails" : 2,
 		"retries" : 0, "sample_1" : -9.25,
 		"sample_2" : 8.02, "sample_3" : -1.53,
 		"sample_4" : 0, "node_id" : 4},

	"4:569" : {"timestamp" : 1346182916, "air_time" : 0,
 		"sequence" : 569, "fails" : 3,
 		"retries" : 1, "sample_1" : -7.90,
 		"sample_2" : 7.02, "sample_3" : 0.29,
 		"sample_4" : 0, "node_id" : 4},

	"4:570" : {"timestamp" : 1346182917, "air_time" : 5,
 		"sequence" : 570, "fails" : 1,
 		"retries" : 2, "sample_1" : -7.16,
 		"sample_2" : 4.75, "sample_3" : 2.93,
 		"sample_4" : 0, "node_id" : 4},

	"4:571" : {"timestamp" : 1346182918, "air_time" : 9,
 		"sequence" : 571, "fails" : 3,
 		"retries" : 1, "sample_1" : -6.06,
 		"sample_2" : 4.53, "sample_3" : 2.94,
 		"sample_4" : 0, "node_id" : 4},

	"4:572" : {"timestamp" : 1346182919, "air_time" : 0,
 		"sequence" : 572, "fails" : 0,
 		"retries" : 1, "sample_1" : -6.03,
 		"sample_2" : 2.23, "sample_3" : 6.17,
 		"sample_4" : 0, "node_id" : 4},

	"4:573" : {"timestamp" : 1346182920, "air_time" : 2,
 		"sequence" : 573, "fails" : 1,
 		"retries" : 2, "sample_1" : -3.40,
 		"sample_2" : 0.38, "sample_3" : 6.77,
 		"sample_4" : 0, "node_id" : 4},

	"4:574" : {"timestamp" : 1346182921, "air_time" : 7,
 		"sequence" : 574, "fails" : 2,
 		"retries" : 0, "sample_1" : -2.82,
 		"sample_2" : -2.14, "sample_3" : 7.38,
 		"sample_4" : 0, "node_id" : 4},

	"4:575" : {"timestamp" : 1346182922, "air_time" : 2,
 		"sequence" : 575, "fails" : 2,
 		"retries" : 2, "sample_1" : -1.24,
 		"sample_2" : -2.40, "sample_3" : 9.38,
 		"sample_4" : 0, "node_id" : 4},

	"4:576" : {"timestamp" : 1346182923, "air_time" : 3,
 		"sequence" : 576, "fails" : 1,
 		"retries" : 1, "sample_1" : 0.20,
 		"sample_2" : -4.94, "sample_3" : 10.03,
 		"sample_4" : 0, "node_id" : 4},

	"4:577" : {"timestamp" : 1346182924, "air_time" : 1,
 		"sequence" : 577, "fails" : 1,
 		"retries" : 1, "sample_1" : 3.04,
 		"sample_2" : -5.81, "sample_3" : 11.40,
 		"sample_4" : 0, "node_id" : 4},

	"4:578" : {"timestamp" : 1346182925, "air_time" : 8,
 		"sequence" : 578, "fails" : 1,
 		"retries" : 0, "sample_1" : 4.02,
 		"sample_2" : -6.38, "sample_3" : 10.67,
 		"sample_4" : 0, "node_id" : 4},

	"4:579" : {"timestamp" : 1346182926, "air_time" : 9,
 		"sequence" : 579, "fails" : 2,
 		"retries" : 0, "sample_1" : 5.30,
 		"sample_2" : -7.71, "sample_3" : 10.45,
 		"sample_4" : 0, "node_id" : 4},

	"4:580" : {"timestamp" : 1346182927, "air_time" : 3,
 		"sequence" : 580, "fails" : 3,
 		"retries" : 1, "sample_1" : 7.03,
 		"sample_2" : -9.36, "sample_3" : 9.62,
 		"sample_4" : 0, "node_id" : 4},

	"4:581" : {"timestamp" : 1346182928, "air_time" : 6,
 		"sequence" : 581, "fails" : 1,
 		"retries" : 0, "sample_1" : 7.96,
 		"sample_2" : -8.02, "sample_3" : 8.99,
 		"sample_4" : 0, "node_id" : 4},

	"4:582" : {"timestamp" : 1346182929, "air_time" : 7,
 		"sequence" : 582, "fails" : 2,
 		"retries" : 0, "sample_1" : 9.06,
 		"sample_2" : -9.39, "sample_3" : 8.10,
 		"sample_4" : 0, "node_id" : 4},

	"4:583" : {"timestamp" : 1346182930, "air_time" : 6,
 		"sequence" : 583, "fails" : 1,
 		"retries" : 1, "sample_1" : 10.50,
 		"sample_2" : -8.85, "sample_3" : 6.96,
 		"sample_4" : 0, "node_id" : 4},

	"4:584" : {"timestamp" : 1346182931, "air_time" : 1,
 		"sequence" : 584, "fails" : 3,
 		"retries" : 0, "sample_1" : 11.15,
 		"sample_2" : -8.21, "sample_3" : 6.10,
 		"sample_4" : 0, "node_id" : 4},

	"4:585" : {"timestamp" : 1346182932, "air_time" : 2,
 		"sequence" : 585, "fails" : 3,
 		"retries" : 2, "sample_1" : 11.80,
 		"sample_2" : -8.19, "sample_3" : 5.38,
 		"sample_4" : 0, "node_id" : 4},

	"4:586" : {"timestamp" : 1346182933, "air_time" : 3,
 		"sequence" : 586, "fails" : 0,
 		"retries" : 0, "sample_1" : 11.25,
 		"sample_2" : -5.42, "sample_3" : 4.03,
 		"sample_4" : 0, "node_id" : 4},

	"4:587" : {"timestamp" : 1346182934, "air_time" : 6,
 		"sequence" : 587, "fails" : 1,
 		"retries" : 1, "sample_1" : 10.00,
 		"sample_2" : -4.92, "sample_3" : 0.71,
 		"sample_4" : 0, "node_id" : 4},

	"4:588" : {"timestamp" : 1346182935, "air_time" : 5,
 		"sequence" : 588, "fails" : 2,
 		"retries" : 1, "sample_1" : 9.36,
 		"sample_2" : -2.65, "sample_3" : -0.23,
 		"sample_4" : 0, "node_id" : 4},

	"4:589" : {"timestamp" : 1346182936, "air_time" : 6,
 		"sequence" : 589, "fails" : 1,
 		"retries" : 0, "sample_1" : 9.56,
 		"sample_2" : -2.03, "sample_3" : -2.24,
 		"sample_4" : 0, "node_id" : 4},

	"4:590" : {"timestamp" : 1346182937, "air_time" : 4,
 		"sequence" : 590, "fails" : 3,
 		"retries" : 2, "sample_1" : 7.63,
 		"sample_2" : -0.33, "sample_3" : -3.37,
 		"sample_4" : 0, "node_id" : 4},

	"4:591" : {"timestamp" : 1346182938, "air_time" : 7,
 		"sequence" : 591, "fails" : 1,
 		"retries" : 2, "sample_1" : 5.70,
 		"sample_2" : 2.02, "sample_3" : -5.87,
 		"sample_4" : 0, "node_id" : 4},

	"4:592" : {"timestamp" : 1346182939, "air_time" : 0,
 		"sequence" : 592, "fails" : 2,
 		"retries" : 1, "sample_1" : 4.92,
 		"sample_2" : 3.24, "sample_3" : -6.28,
 		"sample_4" : 0, "node_id" : 4},

	"4:593" : {"timestamp" : 1346182940, "air_time" : 3,
 		"sequence" : 593, "fails" : 3,
 		"retries" : 2, "sample_1" : 2.44,
 		"sample_2" : 4.70, "sample_3" : -7.18,
 		"sample_4" : 0, "node_id" : 4},

	"4:594" : {"timestamp" : 1346182941, "air_time" : 2,
 		"sequence" : 594, "fails" : 0,
 		"retries" : 2, "sample_1" : 0.20,
 		"sample_2" : 7.34, "sample_3" : -7.43,
 		"sample_4" : 0, "node_id" : 4},

	"4:595" : {"timestamp" : 1346182942, "air_time" : 2,
 		"sequence" : 595, "fails" : 3,
 		"retries" : 1, "sample_1" : -0.34,
 		"sample_2" : 7.01, "sample_3" : -8.00,
 		"sample_4" : 0, "node_id" : 4},

	"4:596" : {"timestamp" : 1346182943, "air_time" : 2,
 		"sequence" : 596, "fails" : 1,
 		"retries" : 0, "sample_1" : -1.92,
 		"sample_2" : 8.18, "sample_3" : -8.87,
 		"sample_4" : 0, "node_id" : 4},

	"4:597" : {"timestamp" : 1346182944, "air_time" : 8,
 		"sequence" : 597, "fails" : 0,
 		"retries" : 0, "sample_1" : -3.80,
 		"sample_2" : 10.71, "sample_3" : -9.15,
 		"sample_4" : 0, "node_id" : 4},

	"4:598" : {"timestamp" : 1346182945, "air_time" : 3,
 		"sequence" : 598, "fails" : 1,
 		"retries" : 2, "sample_1" : -5.33,
 		"sample_2" : 11.46, "sample_3" : -8.72,
 		"sample_4" : 0, "node_id" : 4},

	"4:599" : {"timestamp" : 1346182946, "air_time" : 5,
 		"sequence" : 599, "fails" : 0,
 		"retries" : 0, "sample_1" : -6.16,
 		"sample_2" : 11.72, "sample_3" : -7.89,
 		"sample_4" : 0, "node_id" : 4},

	"4:600" : {"timestamp" : 1346182947, "air_time" : 8,
 		"sequence" : 600, "fails" : 1,
 		"retries" : 2, "sample_1" : -7.76,
 		"sample_2" : 11.59, "sample_3" : -7.70,
 		"sample_4" : 0, "node_id" : 4},

	"5:1" : {"timestamp" : 1346182348, "air_time" : 5,
 		"sequence" : 1, "fails" : 3,
 		"retries" : 1, "sample_1" : 2.94,
 		"sample_2" : -5.51, "sample_3" : 11.00,
 		"sample_4" : 0, "node_id" : 5},

	"5:2" : {"timestamp" : 1346182349, "air_time" : 1,
 		"sequence" : 2, "fails" : 3,
 		"retries" : 2, "sample_1" : 4.22,
 		"sample_2" : -7.68, "sample_3" : 10.47,
 		"sample_4" : 0, "node_id" : 5},

	"5:3" : {"timestamp" : 1346182350, "air_time" : 6,
 		"sequence" : 3, "fails" : 0,
 		"retries" : 1, "sample_1" : 6.80,
 		"sample_2" : -8.21, "sample_3" : 10.25,
 		"sample_4" : 0, "node_id" : 5},

	"5:4" : {"timestamp" : 1346182351, "air_time" : 7,
 		"sequence" : 4, "fails" : 3,
 		"retries" : 2, "sample_1" : 7.33,
 		"sample_2" : -7.96, "sample_3" : 9.72,
 		"sample_4" : 0, "node_id" : 5},

	"5:5" : {"timestamp" : 1346182352, "air_time" : 0,
 		"sequence" : 5, "fails" : 0,
 		"retries" : 2, "sample_1" : 7.66,
 		"sample_2" : -9.12, "sample_3" : 9.79,
 		"sample_4" : 0, "node_id" : 5},

	"5:6" : {"timestamp" : 1346182353, "air_time" : 5,
 		"sequence" : 6, "fails" : 3,
 		"retries" : 0, "sample_1" : 8.86,
 		"sample_2" : -8.19, "sample_3" : 9.00,
 		"sample_4" : 0, "node_id" : 5},

	"5:7" : {"timestamp" : 1346182354, "air_time" : 7,
 		"sequence" : 7, "fails" : 1,
 		"retries" : 2, "sample_1" : 10.90,
 		"sample_2" : -8.65, "sample_3" : 7.66,
 		"sample_4" : 0, "node_id" : 5},

	"5:8" : {"timestamp" : 1346182355, "air_time" : 8,
 		"sequence" : 8, "fails" : 0,
 		"retries" : 1, "sample_1" : 11.55,
 		"sample_2" : -8.11, "sample_3" : 7.40,
 		"sample_4" : 0, "node_id" : 5},

	"5:9" : {"timestamp" : 1346182356, "air_time" : 7,
 		"sequence" : 9, "fails" : 3,
 		"retries" : 1, "sample_1" : 11.40,
 		"sample_2" : -6.49, "sample_3" : 5.98,
 		"sample_4" : 0, "node_id" : 5},

	"5:10" : {"timestamp" : 1346182357, "air_time" : 9,
 		"sequence" : 10, "fails" : 0,
 		"retries" : 1, "sample_1" : 10.05,
 		"sample_2" : -6.12, "sample_3" : 4.33,
 		"sample_4" : 0, "node_id" : 5},

	"5:11" : {"timestamp" : 1346182358, "air_time" : 9,
 		"sequence" : 11, "fails" : 0,
 		"retries" : 2, "sample_1" : 11.20,
 		"sample_2" : -5.52, "sample_3" : 1.31,
 		"sample_4" : 0, "node_id" : 5},

	"5:12" : {"timestamp" : 1346182359, "air_time" : 7,
 		"sequence" : 12, "fails" : 1,
 		"retries" : 0, "sample_1" : 8.96,
 		"sample_2" : -2.65, "sample_3" : -1.03,
 		"sample_4" : 0, "node_id" : 5},

	"5:13" : {"timestamp" : 1346182360, "air_time" : 1,
 		"sequence" : 13, "fails" : 1,
 		"retries" : 2, "sample_1" : 9.26,
 		"sample_2" : -2.23, "sample_3" : -2.64,
 		"sample_4" : 0, "node_id" : 5},

	"5:14" : {"timestamp" : 1346182361, "air_time" : 9,
 		"sequence" : 14, "fails" : 2,
 		"retries" : 0, "sample_1" : 7.43,
 		"sample_2" : 0.67, "sample_3" : -3.77,
 		"sample_4" : 0, "node_id" : 5},

	"5:15" : {"timestamp" : 1346182362, "air_time" : 2,
 		"sequence" : 15, "fails" : 3,
 		"retries" : 1, "sample_1" : 5.50,
 		"sample_2" : 0.62, "sample_3" : -5.47,
 		"sample_4" : 0, "node_id" : 5},

	"5:16" : {"timestamp" : 1346182363, "air_time" : 8,
 		"sequence" : 16, "fails" : 0,
 		"retries" : 2, "sample_1" : 4.82,
 		"sample_2" : 3.24, "sample_3" : -6.58,
 		"sample_4" : 0, "node_id" : 5},

	"5:17" : {"timestamp" : 1346182364, "air_time" : 0,
 		"sequence" : 17, "fails" : 0,
 		"retries" : 2, "sample_1" : 1.84,
 		"sample_2" : 4.60, "sample_3" : -8.18,
 		"sample_4" : 0, "node_id" : 5},

	"5:18" : {"timestamp" : 1346182365, "air_time" : 3,
 		"sequence" : 18, "fails" : 3,
 		"retries" : 0, "sample_1" : 1.20,
 		"sample_2" : 7.34, "sample_3" : -7.73,
 		"sample_4" : 0, "node_id" : 5},

	"5:19" : {"timestamp" : 1346182366, "air_time" : 1,
 		"sequence" : 19, "fails" : 3,
 		"retries" : 0, "sample_1" : -1.64,
 		"sample_2" : 8.41, "sample_3" : -8.60,
 		"sample_4" : 0, "node_id" : 5},

	"5:20" : {"timestamp" : 1346182367, "air_time" : 6,
 		"sequence" : 20, "fails" : 3,
 		"retries" : 2, "sample_1" : -1.62,
 		"sample_2" : 9.18, "sample_3" : -8.07,
 		"sample_4" : 0, "node_id" : 5},

	"5:21" : {"timestamp" : 1346182368, "air_time" : 9,
 		"sequence" : 21, "fails" : 2,
 		"retries" : 1, "sample_1" : -4.30,
 		"sample_2" : 9.71, "sample_3" : -8.45,
 		"sample_4" : 0, "node_id" : 5},

	"5:22" : {"timestamp" : 1346182369, "air_time" : 5,
 		"sequence" : 22, "fails" : 3,
 		"retries" : 0, "sample_1" : -5.83,
 		"sample_2" : 9.66, "sample_3" : -9.32,
 		"sample_4" : 0, "node_id" : 5},

	"5:23" : {"timestamp" : 1346182370, "air_time" : 8,
 		"sequence" : 23, "fails" : 3,
 		"retries" : 2, "sample_1" : -7.46,
 		"sample_2" : 10.52, "sample_3" : -8.99,
 		"sample_4" : 0, "node_id" : 5},

	"5:24" : {"timestamp" : 1346182371, "air_time" : 8,
 		"sequence" : 24, "fails" : 0,
 		"retries" : 0, "sample_1" : -6.86,
 		"sample_2" : 9.99, "sample_3" : -7.30,
 		"sample_4" : 0, "node_id" : 5},

	"5:25" : {"timestamp" : 1346182372, "air_time" : 8,
 		"sequence" : 25, "fails" : 0,
 		"retries" : 1, "sample_1" : -7.50,
 		"sample_2" : 10.25, "sample_3" : -6.86,
 		"sample_4" : 0, "node_id" : 5},

	"5:26" : {"timestamp" : 1346182373, "air_time" : 5,
 		"sequence" : 26, "fails" : 3,
 		"retries" : 2, "sample_1" : -8.65,
 		"sample_2" : 10.11, "sample_3" : -4.00,
 		"sample_4" : 0, "node_id" : 5},

	"5:27" : {"timestamp" : 1346182374, "air_time" : 0,
 		"sequence" : 27, "fails" : 3,
 		"retries" : 0, "sample_1" : -8.80,
 		"sample_2" : 9.29, "sample_3" : -2.68,
 		"sample_4" : 0, "node_id" : 5},

	"5:28" : {"timestamp" : 1346182375, "air_time" : 8,
 		"sequence" : 28, "fails" : 0,
 		"retries" : 0, "sample_1" : -9.05,
 		"sample_2" : 8.02, "sample_3" : -1.23,
 		"sample_4" : 0, "node_id" : 5},

	"5:29" : {"timestamp" : 1346182376, "air_time" : 0,
 		"sequence" : 29, "fails" : 2,
 		"retries" : 1, "sample_1" : -9.00,
 		"sample_2" : 6.22, "sample_3" : 0.89,
 		"sample_4" : 0, "node_id" : 5},

	"5:30" : {"timestamp" : 1346182377, "air_time" : 2,
 		"sequence" : 30, "fails" : 1,
 		"retries" : 1, "sample_1" : -7.96,
 		"sample_2" : 5.15, "sample_3" : 1.63,
 		"sample_4" : 0, "node_id" : 5},

	"5:31" : {"timestamp" : 1346182378, "air_time" : 1,
 		"sequence" : 31, "fails" : 2,
 		"retries" : 0, "sample_1" : -6.06,
 		"sample_2" : 3.93, "sample_3" : 3.84,
 		"sample_4" : 0, "node_id" : 5},

	"5:32" : {"timestamp" : 1346182379, "air_time" : 1,
 		"sequence" : 32, "fails" : 1,
 		"retries" : 0, "sample_1" : -6.03,
 		"sample_2" : 2.33, "sample_3" : 5.67,
 		"sample_4" : 0, "node_id" : 5},

	"5:33" : {"timestamp" : 1346182380, "air_time" : 3,
 		"sequence" : 33, "fails" : 3,
 		"retries" : 1, "sample_1" : -4.40,
 		"sample_2" : 0.08, "sample_3" : 6.37,
 		"sample_4" : 0, "node_id" : 5},

	"5:34" : {"timestamp" : 1346182381, "air_time" : 7,
 		"sequence" : 34, "fails" : 2,
 		"retries" : 0, "sample_1" : -2.02,
 		"sample_2" : -0.44, "sample_3" : 8.18,
 		"sample_4" : 0, "node_id" : 5},

	"5:35" : {"timestamp" : 1346182382, "air_time" : 0,
 		"sequence" : 35, "fails" : 3,
 		"retries" : 1, "sample_1" : -1.74,
 		"sample_2" : -3.90, "sample_3" : 10.08,
 		"sample_4" : 0, "node_id" : 5},

	"5:36" : {"timestamp" : 1346182383, "air_time" : 0,
 		"sequence" : 36, "fails" : 3,
 		"retries" : 1, "sample_1" : 0.10,
 		"sample_2" : -5.04, "sample_3" : 10.33,
 		"sample_4" : 0, "node_id" : 5},

	"5:37" : {"timestamp" : 1346182384, "air_time" : 9,
 		"sequence" : 37, "fails" : 2,
 		"retries" : 0, "sample_1" : 2.24,
 		"sample_2" : -6.01, "sample_3" : 11.30,
 		"sample_4" : 0, "node_id" : 5},

	"5:38" : {"timestamp" : 1346182385, "air_time" : 4,
 		"sequence" : 38, "fails" : 1,
 		"retries" : 0, "sample_1" : 4.62,
 		"sample_2" : -6.88, "sample_3" : 11.37,
 		"sample_4" : 0, "node_id" : 5},

	"5:39" : {"timestamp" : 1346182386, "air_time" : 8,
 		"sequence" : 39, "fails" : 2,
 		"retries" : 0, "sample_1" : 6.50,
 		"sample_2" : -7.61, "sample_3" : 11.25,
 		"sample_4" : 0, "node_id" : 5},

	"5:40" : {"timestamp" : 1346182387, "air_time" : 3,
 		"sequence" : 40, "fails" : 2,
 		"retries" : 0, "sample_1" : 6.63,
 		"sample_2" : -9.16, "sample_3" : 10.22,
 		"sample_4" : 0, "node_id" : 5},

	"5:41" : {"timestamp" : 1346182388, "air_time" : 4,
 		"sequence" : 41, "fails" : 2,
 		"retries" : 2, "sample_1" : 8.06,
 		"sample_2" : -8.42, "sample_3" : 10.59,
 		"sample_4" : 0, "node_id" : 5},

	"5:42" : {"timestamp" : 1346182389, "air_time" : 9,
 		"sequence" : 42, "fails" : 0,
 		"retries" : 1, "sample_1" : 9.66,
 		"sample_2" : -9.89, "sample_3" : 8.20,
 		"sample_4" : 0, "node_id" : 5},

	"5:43" : {"timestamp" : 1346182390, "air_time" : 1,
 		"sequence" : 43, "fails" : 0,
 		"retries" : 1, "sample_1" : 11.10,
 		"sample_2" : -8.85, "sample_3" : 7.76,
 		"sample_4" : 0, "node_id" : 5},

	"5:44" : {"timestamp" : 1346182391, "air_time" : 5,
 		"sequence" : 44, "fails" : 3,
 		"retries" : 2, "sample_1" : 11.25,
 		"sample_2" : -7.61, "sample_3" : 6.30,
 		"sample_4" : 0, "node_id" : 5},

	"5:45" : {"timestamp" : 1346182392, "air_time" : 3,
 		"sequence" : 45, "fails" : 3,
 		"retries" : 0, "sample_1" : 10.80,
 		"sample_2" : -7.49, "sample_3" : 5.48,
 		"sample_4" : 0, "node_id" : 5},

	"5:46" : {"timestamp" : 1346182393, "air_time" : 0,
 		"sequence" : 46, "fails" : 3,
 		"retries" : 0, "sample_1" : 10.85,
 		"sample_2" : -7.02, "sample_3" : 3.43,
 		"sample_4" : 0, "node_id" : 5},

	"5:47" : {"timestamp" : 1346182394, "air_time" : 7,
 		"sequence" : 47, "fails" : 2,
 		"retries" : 0, "sample_1" : 11.00,
 		"sample_2" : -4.82, "sample_3" : 1.81,
 		"sample_4" : 0, "node_id" : 5},

	"5:48" : {"timestamp" : 1346182395, "air_time" : 3,
 		"sequence" : 48, "fails" : 3,
 		"retries" : 2, "sample_1" : 9.66,
 		"sample_2" : -3.15, "sample_3" : -0.23,
 		"sample_4" : 0, "node_id" : 5},

	"5:49" : {"timestamp" : 1346182396, "air_time" : 3,
 		"sequence" : 49, "fails" : 0,
 		"retries" : 1, "sample_1" : 8.36,
 		"sample_2" : -1.33, "sample_3" : -1.14,
 		"sample_4" : 0, "node_id" : 5},

	"5:50" : {"timestamp" : 1346182397, "air_time" : 6,
 		"sequence" : 50, "fails" : 1,
 		"retries" : 0, "sample_1" : 7.53,
 		"sample_2" : -1.13, "sample_3" : -4.07,
 		"sample_4" : 0, "node_id" : 5},

	"5:51" : {"timestamp" : 1346182398, "air_time" : 9,
 		"sequence" : 51, "fails" : 1,
 		"retries" : 1, "sample_1" : 6.00,
 		"sample_2" : 2.42, "sample_3" : -5.27,
 		"sample_4" : 0, "node_id" : 5},

	"5:52" : {"timestamp" : 1346182399, "air_time" : 4,
 		"sequence" : 52, "fails" : 2,
 		"retries" : 0, "sample_1" : 3.82,
 		"sample_2" : 3.44, "sample_3" : -7.18,
 		"sample_4" : 0, "node_id" : 5},

	"5:53" : {"timestamp" : 1346182400, "air_time" : 3,
 		"sequence" : 53, "fails" : 0,
 		"retries" : 0, "sample_1" : 3.34,
 		"sample_2" : 4.70, "sample_3" : -7.68,
 		"sample_4" : 0, "node_id" : 5},

	"5:54" : {"timestamp" : 1346182401, "air_time" : 9,
 		"sequence" : 54, "fails" : 2,
 		"retries" : 0, "sample_1" : 0.30,
 		"sample_2" : 5.84, "sample_3" : -8.43,
 		"sample_4" : 0, "node_id" : 5},

	"5:55" : {"timestamp" : 1346182402, "air_time" : 8,
 		"sequence" : 55, "fails" : 0,
 		"retries" : 1, "sample_1" : -0.84,
 		"sample_2" : 8.41, "sample_3" : -9.00,
 		"sample_4" : 0, "node_id" : 5},

	"5:56" : {"timestamp" : 1346182403, "air_time" : 1,
 		"sequence" : 56, "fails" : 3,
 		"retries" : 0, "sample_1" : -3.12,
 		"sample_2" : 9.68, "sample_3" : -9.17,
 		"sample_4" : 0, "node_id" : 5},

	"5:57" : {"timestamp" : 1346182404, "air_time" : 6,
 		"sequence" : 57, "fails" : 3,
 		"retries" : 2, "sample_1" : -4.20,
 		"sample_2" : 9.91, "sample_3" : -8.95,
 		"sample_4" : 0, "node_id" : 5},

	"5:58" : {"timestamp" : 1346182405, "air_time" : 5,
 		"sequence" : 58, "fails" : 2,
 		"retries" : 2, "sample_1" : -6.03,
 		"sample_2" : 9.76, "sample_3" : -8.42,
 		"sample_4" : 0, "node_id" : 5},

	"5:59" : {"timestamp" : 1346182406, "air_time" : 5,
 		"sequence" : 59, "fails" : 3,
 		"retries" : 1, "sample_1" : -6.66,
 		"sample_2" : 10.12, "sample_3" : -8.19,
 		"sample_4" : 0, "node_id" : 5},

	"5:60" : {"timestamp" : 1346182407, "air_time" : 4,
 		"sequence" : 60, "fails" : 1,
 		"retries" : 0, "sample_1" : -8.26,
 		"sample_2" : 11.69, "sample_3" : -6.30,
 		"sample_4" : 0, "node_id" : 5},

	"5:61" : {"timestamp" : 1346182408, "air_time" : 3,
 		"sequence" : 61, "fails" : 3,
 		"retries" : 2, "sample_1" : -8.30,
 		"sample_2" : 10.95, "sample_3" : -5.46,
 		"sample_4" : 0, "node_id" : 5},

	"5:62" : {"timestamp" : 1346182409, "air_time" : 3,
 		"sequence" : 62, "fails" : 1,
 		"retries" : 1, "sample_1" : -8.95,
 		"sample_2" : 10.21, "sample_3" : -5.20,
 		"sample_4" : 0, "node_id" : 5},

	"5:63" : {"timestamp" : 1346182410, "air_time" : 5,
 		"sequence" : 63, "fails" : 1,
 		"retries" : 1, "sample_1" : -9.40,
 		"sample_2" : 9.49, "sample_3" : -3.88,
 		"sample_4" : 0, "node_id" : 5},

	"5:64" : {"timestamp" : 1346182411, "air_time" : 1,
 		"sequence" : 64, "fails" : 0,
 		"retries" : 0, "sample_1" : -9.55,
 		"sample_2" : 7.92, "sample_3" : -1.13,
 		"sample_4" : 0, "node_id" : 5},

	"5:65" : {"timestamp" : 1346182412, "air_time" : 8,
 		"sequence" : 65, "fails" : 3,
 		"retries" : 1, "sample_1" : -8.40,
 		"sample_2" : 6.42, "sample_3" : -0.31,
 		"sample_4" : 0, "node_id" : 5},

	"5:66" : {"timestamp" : 1346182413, "air_time" : 9,
 		"sequence" : 66, "fails" : 0,
 		"retries" : 1, "sample_1" : -7.86,
 		"sample_2" : 6.35, "sample_3" : 1.63,
 		"sample_4" : 0, "node_id" : 5},

	"5:67" : {"timestamp" : 1346182414, "air_time" : 0,
 		"sequence" : 67, "fails" : 0,
 		"retries" : 1, "sample_1" : -6.46,
 		"sample_2" : 3.03, "sample_3" : 3.54,
 		"sample_4" : 0, "node_id" : 5},

	"5:68" : {"timestamp" : 1346182415, "air_time" : 1,
 		"sequence" : 68, "fails" : 0,
 		"retries" : 1, "sample_1" : -4.83,
 		"sample_2" : 3.03, "sample_3" : 5.17,
 		"sample_4" : 0, "node_id" : 5},

	"5:69" : {"timestamp" : 1346182416, "air_time" : 8,
 		"sequence" : 69, "fails" : 1,
 		"retries" : 2, "sample_1" : -4.90,
 		"sample_2" : 1.18, "sample_3" : 6.27,
 		"sample_4" : 0, "node_id" : 5},

	"5:70" : {"timestamp" : 1346182417, "air_time" : 4,
 		"sequence" : 70, "fails" : 3,
 		"retries" : 1, "sample_1" : -2.02,
 		"sample_2" : -1.34, "sample_3" : 8.88,
 		"sample_4" : 0, "node_id" : 5},

	"5:71" : {"timestamp" : 1346182418, "air_time" : 4,
 		"sequence" : 71, "fails" : 0,
 		"retries" : 0, "sample_1" : -0.74,
 		"sample_2" : -3.80, "sample_3" : 8.28,
 		"sample_4" : 0, "node_id" : 5},

	"5:72" : {"timestamp" : 1346182419, "air_time" : 6,
 		"sequence" : 72, "fails" : 1,
 		"retries" : 1, "sample_1" : 1.60,
 		"sample_2" : -4.14, "sample_3" : 9.93,
 		"sample_4" : 0, "node_id" : 5},

	"5:73" : {"timestamp" : 1346182420, "air_time" : 3,
 		"sequence" : 73, "fails" : 1,
 		"retries" : 0, "sample_1" : 2.84,
 		"sample_2" : -5.31, "sample_3" : 9.80,
 		"sample_4" : 0, "node_id" : 5},

	"5:74" : {"timestamp" : 1346182421, "air_time" : 7,
 		"sequence" : 74, "fails" : 2,
 		"retries" : 2, "sample_1" : 4.92,
 		"sample_2" : -7.88, "sample_3" : 11.17,
 		"sample_4" : 0, "node_id" : 5},

	"5:75" : {"timestamp" : 1346182422, "air_time" : 5,
 		"sequence" : 75, "fails" : 1,
 		"retries" : 1, "sample_1" : 6.00,
 		"sample_2" : -7.11, "sample_3" : 11.65,
 		"sample_4" : 0, "node_id" : 5},

	"5:76" : {"timestamp" : 1346182423, "air_time" : 7,
 		"sequence" : 76, "fails" : 0,
 		"retries" : 0, "sample_1" : 6.83,
 		"sample_2" : -7.96, "sample_3" : 11.12,
 		"sample_4" : 0, "node_id" : 5},

	"5:77" : {"timestamp" : 1346182424, "air_time" : 7,
 		"sequence" : 77, "fails" : 1,
 		"retries" : 0, "sample_1" : 8.96,
 		"sample_2" : -8.92, "sample_3" : 9.49,
 		"sample_4" : 0, "node_id" : 5},

	"5:78" : {"timestamp" : 1346182425, "air_time" : 6,
 		"sequence" : 78, "fails" : 0,
 		"retries" : 2, "sample_1" : 9.56,
 		"sample_2" : -8.19, "sample_3" : 9.30,
 		"sample_4" : 0, "node_id" : 5},

	"5:79" : {"timestamp" : 1346182426, "air_time" : 2,
 		"sequence" : 79, "fails" : 3,
 		"retries" : 1, "sample_1" : 10.00,
 		"sample_2" : -8.85, "sample_3" : 7.96,
 		"sample_4" : 0, "node_id" : 5},

	"5:80" : {"timestamp" : 1346182427, "air_time" : 6,
 		"sequence" : 80, "fails" : 0,
 		"retries" : 2, "sample_1" : 10.05,
 		"sample_2" : -7.51, "sample_3" : 5.60,
 		"sample_4" : 0, "node_id" : 5},

	"5:81" : {"timestamp" : 1346182428, "air_time" : 2,
 		"sequence" : 81, "fails" : 0,
 		"retries" : 1, "sample_1" : 11.80,
 		"sample_2" : -7.79, "sample_3" : 5.68,
 		"sample_4" : 0, "node_id" : 5},

	"5:82" : {"timestamp" : 1346182429, "air_time" : 9,
 		"sequence" : 82, "fails" : 1,
 		"retries" : 0, "sample_1" : 11.45,
 		"sample_2" : -7.12, "sample_3" : 3.03,
 		"sample_4" : 0, "node_id" : 5},

	"5:83" : {"timestamp" : 1346182430, "air_time" : 3,
 		"sequence" : 83, "fails" : 0,
 		"retries" : 0, "sample_1" : 9.40,
 		"sample_2" : -4.72, "sample_3" : 0.81,
 		"sample_4" : 0, "node_id" : 5},

	"5:84" : {"timestamp" : 1346182431, "air_time" : 8,
 		"sequence" : 84, "fails" : 2,
 		"retries" : 1, "sample_1" : 9.66,
 		"sample_2" : -2.85, "sample_3" : -0.43,
 		"sample_4" : 0, "node_id" : 5},

	"5:85" : {"timestamp" : 1346182432, "air_time" : 5,
 		"sequence" : 85, "fails" : 0,
 		"retries" : 1, "sample_1" : 9.06,
 		"sample_2" : -2.33, "sample_3" : -1.14,
 		"sample_4" : 0, "node_id" : 5},

	"5:86" : {"timestamp" : 1346182433, "air_time" : 7,
 		"sequence" : 86, "fails" : 2,
 		"retries" : 0, "sample_1" : 6.43,
 		"sample_2" : -0.53, "sample_3" : -2.87,
 		"sample_4" : 0, "node_id" : 5},

	"5:87" : {"timestamp" : 1346182434, "air_time" : 1,
 		"sequence" : 87, "fails" : 0,
 		"retries" : 1, "sample_1" : 6.30,
 		"sample_2" : 2.22, "sample_3" : -5.57,
 		"sample_4" : 0, "node_id" : 5},

	"5:88" : {"timestamp" : 1346182435, "air_time" : 1,
 		"sequence" : 88, "fails" : 3,
 		"retries" : 2, "sample_1" : 3.52,
 		"sample_2" : 3.34, "sample_3" : -6.18,
 		"sample_4" : 0, "node_id" : 5},

	"5:89" : {"timestamp" : 1346182436, "air_time" : 1,
 		"sequence" : 89, "fails" : 1,
 		"retries" : 2, "sample_1" : 1.94,
 		"sample_2" : 5.30, "sample_3" : -7.78,
 		"sample_4" : 0, "node_id" : 5},

	"5:90" : {"timestamp" : 1346182437, "air_time" : 0,
 		"sequence" : 90, "fails" : 1,
 		"retries" : 2, "sample_1" : 1.00,
 		"sample_2" : 6.14, "sample_3" : -8.83,
 		"sample_4" : 0, "node_id" : 5},

	"5:91" : {"timestamp" : 1346182438, "air_time" : 4,
 		"sequence" : 91, "fails" : 1,
 		"retries" : 2, "sample_1" : -0.24,
 		"sample_2" : 8.31, "sample_3" : -9.30,
 		"sample_4" : 0, "node_id" : 5},

	"5:92" : {"timestamp" : 1346182439, "air_time" : 1,
 		"sequence" : 92, "fails" : 2,
 		"retries" : 0, "sample_1" : -2.92,
 		"sample_2" : 8.08, "sample_3" : -9.07,
 		"sample_4" : 0, "node_id" : 5},

	"5:93" : {"timestamp" : 1346182440, "air_time" : 0,
 		"sequence" : 93, "fails" : 0,
 		"retries" : 0, "sample_1" : -4.90,
 		"sample_2" : 10.21, "sample_3" : -8.35,
 		"sample_4" : 0, "node_id" : 5},

	"5:94" : {"timestamp" : 1346182441, "air_time" : 8,
 		"sequence" : 94, "fails" : 2,
 		"retries" : 1, "sample_1" : -4.83,
 		"sample_2" : 10.26, "sample_3" : -9.32,
 		"sample_4" : 0, "node_id" : 5},

	"5:95" : {"timestamp" : 1346182442, "air_time" : 6,
 		"sequence" : 95, "fails" : 1,
 		"retries" : 1, "sample_1" : -5.86,
 		"sample_2" : 11.42, "sample_3" : -8.89,
 		"sample_4" : 0, "node_id" : 5},

	"5:96" : {"timestamp" : 1346182443, "air_time" : 4,
 		"sequence" : 96, "fails" : 0,
 		"retries" : 2, "sample_1" : -7.76,
 		"sample_2" : 10.49, "sample_3" : -7.30,
 		"sample_4" : 0, "node_id" : 5},

	"5:97" : {"timestamp" : 1346182444, "air_time" : 1,
 		"sequence" : 97, "fails" : 2,
 		"retries" : 0, "sample_1" : -9.00,
 		"sample_2" : 9.85, "sample_3" : -5.96,
 		"sample_4" : 0, "node_id" : 5},

	"5:98" : {"timestamp" : 1346182445, "air_time" : 1,
 		"sequence" : 98, "fails" : 1,
 		"retries" : 0, "sample_1" : -8.55,
 		"sample_2" : 10.21, "sample_3" : -4.50,
 		"sample_4" : 0, "node_id" : 5},

	"5:99" : {"timestamp" : 1346182446, "air_time" : 1,
 		"sequence" : 99, "fails" : 1,
 		"retries" : 0, "sample_1" : -9.90,
 		"sample_2" : 10.29, "sample_3" : -2.88,
 		"sample_4" : 0, "node_id" : 5},

	"5:100" : {"timestamp" : 1346182447, "air_time" : 1,
 		"sequence" : 100, "fails" : 3,
 		"retries" : 0, "sample_1" : -9.25,
 		"sample_2" : 7.82, "sample_3" : -0.83,
 		"sample_4" : 0, "node_id" : 5},

	"5:101" : {"timestamp" : 1346182448, "air_time" : 8,
 		"sequence" : 101, "fails" : 2,
 		"retries" : 1, "sample_1" : -8.80,
 		"sample_2" : 6.02, "sample_3" : 1.09,
 		"sample_4" : 0, "node_id" : 5},

	"5:102" : {"timestamp" : 1346182449, "air_time" : 5,
 		"sequence" : 102, "fails" : 3,
 		"retries" : 0, "sample_1" : -7.26,
 		"sample_2" : 6.15, "sample_3" : 1.33,
 		"sample_4" : 0, "node_id" : 5},

	"5:103" : {"timestamp" : 1346182450, "air_time" : 2,
 		"sequence" : 103, "fails" : 2,
 		"retries" : 0, "sample_1" : -6.76,
 		"sample_2" : 4.23, "sample_3" : 3.34,
 		"sample_4" : 0, "node_id" : 5},

	"5:104" : {"timestamp" : 1346182451, "air_time" : 1,
 		"sequence" : 104, "fails" : 2,
 		"retries" : 1, "sample_1" : -4.83,
 		"sample_2" : 2.43, "sample_3" : 5.77,
 		"sample_4" : 0, "node_id" : 5},

	"5:105" : {"timestamp" : 1346182452, "air_time" : 3,
 		"sequence" : 105, "fails" : 1,
 		"retries" : 2, "sample_1" : -4.50,
 		"sample_2" : 0.98, "sample_3" : 6.47,
 		"sample_4" : 0, "node_id" : 5},

	"5:106" : {"timestamp" : 1346182453, "air_time" : 5,
 		"sequence" : 106, "fails" : 2,
 		"retries" : 2, "sample_1" : -2.12,
 		"sample_2" : -1.54, "sample_3" : 7.48,
 		"sample_4" : 0, "node_id" : 5},

	"5:107" : {"timestamp" : 1346182454, "air_time" : 1,
 		"sequence" : 107, "fails" : 2,
 		"retries" : 0, "sample_1" : -0.64,
 		"sample_2" : -3.10, "sample_3" : 8.38,
 		"sample_4" : 0, "node_id" : 5},

	"5:108" : {"timestamp" : 1346182455, "air_time" : 0,
 		"sequence" : 108, "fails" : 1,
 		"retries" : 2, "sample_1" : 1.10,
 		"sample_2" : -3.54, "sample_3" : 10.53,
 		"sample_4" : 0, "node_id" : 5},

	"5:109" : {"timestamp" : 1346182456, "air_time" : 0,
 		"sequence" : 109, "fails" : 2,
 		"retries" : 0, "sample_1" : 2.54,
 		"sample_2" : -5.11, "sample_3" : 11.10,
 		"sample_4" : 0, "node_id" : 5},

	"5:110" : {"timestamp" : 1346182457, "air_time" : 3,
 		"sequence" : 110, "fails" : 1,
 		"retries" : 2, "sample_1" : 4.32,
 		"sample_2" : -7.18, "sample_3" : 10.97,
 		"sample_4" : 0, "node_id" : 5},

	"5:111" : {"timestamp" : 1346182458, "air_time" : 1,
 		"sequence" : 111, "fails" : 2,
 		"retries" : 2, "sample_1" : 5.70,
 		"sample_2" : -8.61, "sample_3" : 10.25,
 		"sample_4" : 0, "node_id" : 5},

	"5:112" : {"timestamp" : 1346182459, "air_time" : 9,
 		"sequence" : 112, "fails" : 3,
 		"retries" : 0, "sample_1" : 6.83,
 		"sample_2" : -9.46, "sample_3" : 10.72,
 		"sample_4" : 0, "node_id" : 5},

	"5:113" : {"timestamp" : 1346182460, "air_time" : 8,
 		"sequence" : 113, "fails" : 2,
 		"retries" : 0, "sample_1" : 8.46,
 		"sample_2" : -8.52, "sample_3" : 10.79,
 		"sample_4" : 0, "node_id" : 5},

	"5:114" : {"timestamp" : 1346182461, "air_time" : 6,
 		"sequence" : 114, "fails" : 3,
 		"retries" : 0, "sample_1" : 9.36,
 		"sample_2" : -8.19, "sample_3" : 8.40,
 		"sample_4" : 0, "node_id" : 5},

	"5:115" : {"timestamp" : 1346182462, "air_time" : 5,
 		"sequence" : 115, "fails" : 1,
 		"retries" : 0, "sample_1" : 9.90,
 		"sample_2" : -8.05, "sample_3" : 8.56,
 		"sample_4" : 0, "node_id" : 5},

	"5:116" : {"timestamp" : 1346182463, "air_time" : 8,
 		"sequence" : 116, "fails" : 0,
 		"retries" : 1, "sample_1" : 11.05,
 		"sample_2" : -8.31, "sample_3" : 6.10,
 		"sample_4" : 0, "node_id" : 5},

	"5:117" : {"timestamp" : 1346182464, "air_time" : 5,
 		"sequence" : 117, "fails" : 1,
 		"retries" : 2, "sample_1" : 11.20,
 		"sample_2" : -6.79, "sample_3" : 5.88,
 		"sample_4" : 0, "node_id" : 5},

	"5:118" : {"timestamp" : 1346182465, "air_time" : 5,
 		"sequence" : 118, "fails" : 2,
 		"retries" : 2, "sample_1" : 10.55,
 		"sample_2" : -5.62, "sample_3" : 3.23,
 		"sample_4" : 0, "node_id" : 5},

	"5:119" : {"timestamp" : 1346182466, "air_time" : 0,
 		"sequence" : 119, "fails" : 2,
 		"retries" : 1, "sample_1" : 10.60,
 		"sample_2" : -4.82, "sample_3" : 2.61,
 		"sample_4" : 0, "node_id" : 5},

	"5:120" : {"timestamp" : 1346182467, "air_time" : 2,
 		"sequence" : 120, "fails" : 1,
 		"retries" : 2, "sample_1" : 10.26,
 		"sample_2" : -3.45, "sample_3" : 0.27,
 		"sample_4" : 0, "node_id" : 5},

	"5:121" : {"timestamp" : 1346182468, "air_time" : 1,
 		"sequence" : 121, "fails" : 0,
 		"retries" : 1, "sample_1" : 9.06,
 		"sample_2" : -1.73, "sample_3" : -2.74,
 		"sample_4" : 0, "node_id" : 5},

	"5:122" : {"timestamp" : 1346182469, "air_time" : 4,
 		"sequence" : 122, "fails" : 2,
 		"retries" : 0, "sample_1" : 8.03,
 		"sample_2" : 0.47, "sample_3" : -3.17,
 		"sample_4" : 0, "node_id" : 5},

	"5:123" : {"timestamp" : 1346182470, "air_time" : 3,
 		"sequence" : 123, "fails" : 2,
 		"retries" : 1, "sample_1" : 5.90,
 		"sample_2" : 0.72, "sample_3" : -5.17,
 		"sample_4" : 0, "node_id" : 5},

	"5:124" : {"timestamp" : 1346182471, "air_time" : 2,
 		"sequence" : 124, "fails" : 3,
 		"retries" : 2, "sample_1" : 3.92,
 		"sample_2" : 2.64, "sample_3" : -6.38,
 		"sample_4" : 0, "node_id" : 5},

	"5:125" : {"timestamp" : 1346182472, "air_time" : 2,
 		"sequence" : 125, "fails" : 0,
 		"retries" : 0, "sample_1" : 2.44,
 		"sample_2" : 4.40, "sample_3" : -7.58,
 		"sample_4" : 0, "node_id" : 5},

	"5:126" : {"timestamp" : 1346182473, "air_time" : 7,
 		"sequence" : 126, "fails" : 1,
 		"retries" : 1, "sample_1" : 1.30,
 		"sample_2" : 6.94, "sample_3" : -8.73,
 		"sample_4" : 0, "node_id" : 5},

	"5:127" : {"timestamp" : 1346182474, "air_time" : 6,
 		"sequence" : 127, "fails" : 3,
 		"retries" : 0, "sample_1" : -1.64,
 		"sample_2" : 8.41, "sample_3" : -8.00,
 		"sample_4" : 0, "node_id" : 5},

	"5:128" : {"timestamp" : 1346182475, "air_time" : 2,
 		"sequence" : 128, "fails" : 3,
 		"retries" : 0, "sample_1" : -3.32,
 		"sample_2" : 8.28, "sample_3" : -8.97,
 		"sample_4" : 0, "node_id" : 5},

	"5:129" : {"timestamp" : 1346182476, "air_time" : 8,
 		"sequence" : 129, "fails" : 2,
 		"retries" : 1, "sample_1" : -3.80,
 		"sample_2" : 9.11, "sample_3" : -8.15,
 		"sample_4" : 0, "node_id" : 5},

	"5:130" : {"timestamp" : 1346182477, "air_time" : 2,
 		"sequence" : 130, "fails" : 2,
 		"retries" : 2, "sample_1" : -4.83,
 		"sample_2" : 9.56, "sample_3" : -9.02,
 		"sample_4" : 0, "node_id" : 5},

	"5:131" : {"timestamp" : 1346182478, "air_time" : 8,
 		"sequence" : 131, "fails" : 1,
 		"retries" : 1, "sample_1" : -6.66,
 		"sample_2" : 10.32, "sample_3" : -8.39,
 		"sample_4" : 0, "node_id" : 5},

	"5:132" : {"timestamp" : 1346182479, "air_time" : 9,
 		"sequence" : 132, "fails" : 3,
 		"retries" : 2, "sample_1" : -7.36,
 		"sample_2" : 11.29, "sample_3" : -7.10,
 		"sample_4" : 0, "node_id" : 5},

	"5:133" : {"timestamp" : 1346182480, "air_time" : 4,
 		"sequence" : 133, "fails" : 0,
 		"retries" : 0, "sample_1" : -8.20,
 		"sample_2" : 10.95, "sample_3" : -6.86,
 		"sample_4" : 0, "node_id" : 5},

	"5:134" : {"timestamp" : 1346182481, "air_time" : 7,
 		"sequence" : 134, "fails" : 2,
 		"retries" : 1, "sample_1" : -9.15,
 		"sample_2" : 9.61, "sample_3" : -4.80,
 		"sample_4" : 0, "node_id" : 5},

	"5:135" : {"timestamp" : 1346182482, "air_time" : 6,
 		"sequence" : 135, "fails" : 2,
 		"retries" : 0, "sample_1" : -8.10,
 		"sample_2" : 10.19, "sample_3" : -4.08,
 		"sample_4" : 0, "node_id" : 5},

	"5:136" : {"timestamp" : 1346182483, "air_time" : 3,
 		"sequence" : 136, "fails" : 3,
 		"retries" : 1, "sample_1" : -8.35,
 		"sample_2" : 7.92, "sample_3" : -1.43,
 		"sample_4" : 0, "node_id" : 5},

	"5:137" : {"timestamp" : 1346182484, "air_time" : 4,
 		"sequence" : 137, "fails" : 1,
 		"retries" : 2, "sample_1" : -8.70,
 		"sample_2" : 6.82, "sample_3" : 0.99,
 		"sample_4" : 0, "node_id" : 5},

	"5:138" : {"timestamp" : 1346182485, "air_time" : 4,
 		"sequence" : 138, "fails" : 2,
 		"retries" : 1, "sample_1" : -8.26,
 		"sample_2" : 6.35, "sample_3" : 1.33,
 		"sample_4" : 0, "node_id" : 5},

	"5:139" : {"timestamp" : 1346182486, "air_time" : 2,
 		"sequence" : 139, "fails" : 0,
 		"retries" : 1, "sample_1" : -5.76,
 		"sample_2" : 3.33, "sample_3" : 2.84,
 		"sample_4" : 0, "node_id" : 5},

	"5:140" : {"timestamp" : 1346182487, "air_time" : 2,
 		"sequence" : 140, "fails" : 2,
 		"retries" : 1, "sample_1" : -6.03,
 		"sample_2" : 2.63, "sample_3" : 4.97,
 		"sample_4" : 0, "node_id" : 5},

	"5:141" : {"timestamp" : 1346182488, "air_time" : 1,
 		"sequence" : 141, "fails" : 1,
 		"retries" : 0, "sample_1" : -5.00,
 		"sample_2" : -0.32, "sample_3" : 7.37,
 		"sample_4" : 0, "node_id" : 5},

	"5:142" : {"timestamp" : 1346182489, "air_time" : 0,
 		"sequence" : 142, "fails" : 3,
 		"retries" : 0, "sample_1" : -3.32,
 		"sample_2" : -1.94, "sample_3" : 7.38,
 		"sample_4" : 0, "node_id" : 5},

	"5:143" : {"timestamp" : 1346182490, "air_time" : 7,
 		"sequence" : 143, "fails" : 1,
 		"retries" : 0, "sample_1" : -0.04,
 		"sample_2" : -3.40, "sample_3" : 9.38,
 		"sample_4" : 0, "node_id" : 5},

	"5:144" : {"timestamp" : 1346182491, "air_time" : 1,
 		"sequence" : 144, "fails" : 1,
 		"retries" : 1, "sample_1" : 1.70,
 		"sample_2" : -4.14, "sample_3" : 10.13,
 		"sample_4" : 0, "node_id" : 5},

	"5:145" : {"timestamp" : 1346182492, "air_time" : 3,
 		"sequence" : 145, "fails" : 2,
 		"retries" : 0, "sample_1" : 1.94,
 		"sample_2" : -5.51, "sample_3" : 9.80,
 		"sample_4" : 0, "node_id" : 5},

	"5:146" : {"timestamp" : 1346182493, "air_time" : 3,
 		"sequence" : 146, "fails" : 1,
 		"retries" : 1, "sample_1" : 5.22,
 		"sample_2" : -6.98, "sample_3" : 11.17,
 		"sample_4" : 0, "node_id" : 5},

	"5:147" : {"timestamp" : 1346182494, "air_time" : 6,
 		"sequence" : 147, "fails" : 2,
 		"retries" : 1, "sample_1" : 6.10,
 		"sample_2" : -8.01, "sample_3" : 11.05,
 		"sample_4" : 0, "node_id" : 5},

	"5:148" : {"timestamp" : 1346182495, "air_time" : 3,
 		"sequence" : 148, "fails" : 0,
 		"retries" : 0, "sample_1" : 7.73,
 		"sample_2" : -7.76, "sample_3" : 10.72,
 		"sample_4" : 0, "node_id" : 5},

	"5:149" : {"timestamp" : 1346182496, "air_time" : 8,
 		"sequence" : 149, "fails" : 1,
 		"retries" : 2, "sample_1" : 7.66,
 		"sample_2" : -8.22, "sample_3" : 10.79,
 		"sample_4" : 0, "node_id" : 5},

	"5:150" : {"timestamp" : 1346182497, "air_time" : 4,
 		"sequence" : 150, "fails" : 3,
 		"retries" : 0, "sample_1" : 8.76,
 		"sample_2" : -8.29, "sample_3" : 8.50,
 		"sample_4" : 0, "node_id" : 5},

	"5:151" : {"timestamp" : 1346182498, "air_time" : 4,
 		"sequence" : 151, "fails" : 1,
 		"retries" : 0, "sample_1" : 11.20,
 		"sample_2" : -7.85, "sample_3" : 7.96,
 		"sample_4" : 0, "node_id" : 5},

	"5:152" : {"timestamp" : 1346182499, "air_time" : 5,
 		"sequence" : 152, "fails" : 2,
 		"retries" : 2, "sample_1" : 10.25,
 		"sample_2" : -9.11, "sample_3" : 6.80,
 		"sample_4" : 0, "node_id" : 5},

	"5:153" : {"timestamp" : 1346182500, "air_time" : 9,
 		"sequence" : 153, "fails" : 2,
 		"retries" : 0, "sample_1" : 11.10,
 		"sample_2" : -8.29, "sample_3" : 4.58,
 		"sample_4" : 0, "node_id" : 5},

	"5:154" : {"timestamp" : 1346182501, "air_time" : 0,
 		"sequence" : 154, "fails" : 3,
 		"retries" : 2, "sample_1" : 10.35,
 		"sample_2" : -6.12, "sample_3" : 3.63,
 		"sample_4" : 0, "node_id" : 5},

	"5:155" : {"timestamp" : 1346182502, "air_time" : 8,
 		"sequence" : 155, "fails" : 1,
 		"retries" : 1, "sample_1" : 10.10,
 		"sample_2" : -4.32, "sample_3" : 1.21,
 		"sample_4" : 0, "node_id" : 5},

	"5:156" : {"timestamp" : 1346182503, "air_time" : 1,
 		"sequence" : 156, "fails" : 3,
 		"retries" : 1, "sample_1" : 10.56,
 		"sample_2" : -3.05, "sample_3" : -0.53,
 		"sample_4" : 0, "node_id" : 5},

	"5:157" : {"timestamp" : 1346182504, "air_time" : 9,
 		"sequence" : 157, "fails" : 0,
 		"retries" : 1, "sample_1" : 8.56,
 		"sample_2" : -2.03, "sample_3" : -2.04,
 		"sample_4" : 0, "node_id" : 5},

	"5:158" : {"timestamp" : 1346182505, "air_time" : 9,
 		"sequence" : 158, "fails" : 1,
 		"retries" : 2, "sample_1" : 8.03,
 		"sample_2" : 0.47, "sample_3" : -2.57,
 		"sample_4" : 0, "node_id" : 5},

	"5:159" : {"timestamp" : 1346182506, "air_time" : 9,
 		"sequence" : 159, "fails" : 0,
 		"retries" : 1, "sample_1" : 5.90,
 		"sample_2" : 1.52, "sample_3" : -4.67,
 		"sample_4" : 0, "node_id" : 5},

	"5:160" : {"timestamp" : 1346182507, "air_time" : 2,
 		"sequence" : 160, "fails" : 1,
 		"retries" : 0, "sample_1" : 4.42,
 		"sample_2" : 3.94, "sample_3" : -6.98,
 		"sample_4" : 0, "node_id" : 5},

	"5:161" : {"timestamp" : 1346182508, "air_time" : 1,
 		"sequence" : 161, "fails" : 1,
 		"retries" : 2, "sample_1" : 1.74,
 		"sample_2" : 4.90, "sample_3" : -7.18,
 		"sample_4" : 0, "node_id" : 5},

	"5:162" : {"timestamp" : 1346182509, "air_time" : 7,
 		"sequence" : 162, "fails" : 2,
 		"retries" : 0, "sample_1" : 1.10,
 		"sample_2" : 6.44, "sample_3" : -7.53,
 		"sample_4" : 0, "node_id" : 5},

	"5:163" : {"timestamp" : 1346182510, "air_time" : 7,
 		"sequence" : 163, "fails" : 0,
 		"retries" : 0, "sample_1" : -1.04,
 		"sample_2" : 8.31, "sample_3" : -9.30,
 		"sample_4" : 0, "node_id" : 5},

	"5:164" : {"timestamp" : 1346182511, "air_time" : 9,
 		"sequence" : 164, "fails" : 2,
 		"retries" : 1, "sample_1" : -2.12,
 		"sample_2" : 8.88, "sample_3" : -9.17,
 		"sample_4" : 0, "node_id" : 5},

	"5:165" : {"timestamp" : 1346182512, "air_time" : 9,
 		"sequence" : 165, "fails" : 3,
 		"retries" : 2, "sample_1" : -3.80,
 		"sample_2" : 9.31, "sample_3" : -8.55,
 		"sample_4" : 0, "node_id" : 5},

	"5:166" : {"timestamp" : 1346182513, "air_time" : 3,
 		"sequence" : 166, "fails" : 0,
 		"retries" : 0, "sample_1" : -6.43,
 		"sample_2" : 10.66, "sample_3" : -8.72,
 		"sample_4" : 0, "node_id" : 5},

	"5:167" : {"timestamp" : 1346182514, "air_time" : 8,
 		"sequence" : 167, "fails" : 1,
 		"retries" : 0, "sample_1" : -6.66,
 		"sample_2" : 10.12, "sample_3" : -8.39,
 		"sample_4" : 0, "node_id" : 5},

	"5:168" : {"timestamp" : 1346182515, "air_time" : 3,
 		"sequence" : 168, "fails" : 2,
 		"retries" : 1, "sample_1" : -7.26,
 		"sample_2" : 10.09, "sample_3" : -7.60,
 		"sample_4" : 0, "node_id" : 5},

	"5:169" : {"timestamp" : 1346182516, "air_time" : 4,
 		"sequence" : 169, "fails" : 2,
 		"retries" : 0, "sample_1" : -7.90,
 		"sample_2" : 10.75, "sample_3" : -6.96,
 		"sample_4" : 0, "node_id" : 5},

	"5:170" : {"timestamp" : 1346182517, "air_time" : 8,
 		"sequence" : 170, "fails" : 3,
 		"retries" : 0, "sample_1" : -9.65,
 		"sample_2" : 10.21, "sample_3" : -4.60,
 		"sample_4" : 0, "node_id" : 5},

	"5:171" : {"timestamp" : 1346182518, "air_time" : 4,
 		"sequence" : 171, "fails" : 2,
 		"retries" : 1, "sample_1" : -9.70,
 		"sample_2" : 9.09, "sample_3" : -3.78,
 		"sample_4" : 0, "node_id" : 5},

	"5:172" : {"timestamp" : 1346182519, "air_time" : 6,
 		"sequence" : 172, "fails" : 0,
 		"retries" : 1, "sample_1" : -9.25,
 		"sample_2" : 8.82, "sample_3" : -1.03,
 		"sample_4" : 0, "node_id" : 5},

	"5:173" : {"timestamp" : 1346182520, "air_time" : 9,
 		"sequence" : 173, "fails" : 0,
 		"retries" : 0, "sample_1" : -9.00,
 		"sample_2" : 7.92, "sample_3" : -0.11,
 		"sample_4" : 0, "node_id" : 5},

	"5:174" : {"timestamp" : 1346182521, "air_time" : 4,
 		"sequence" : 174, "fails" : 0,
 		"retries" : 2, "sample_1" : -7.86,
 		"sample_2" : 4.85, "sample_3" : 2.43,
 		"sample_4" : 0, "node_id" : 5},

	"5:175" : {"timestamp" : 1346182522, "air_time" : 7,
 		"sequence" : 175, "fails" : 1,
 		"retries" : 0, "sample_1" : -7.16,
 		"sample_2" : 4.53, "sample_3" : 3.64,
 		"sample_4" : 0, "node_id" : 5},

	"5:176" : {"timestamp" : 1346182523, "air_time" : 5,
 		"sequence" : 176, "fails" : 0,
 		"retries" : 2, "sample_1" : -4.73,
 		"sample_2" : 2.43, "sample_3" : 5.87,
 		"sample_4" : 0, "node_id" : 5},

	"5:177" : {"timestamp" : 1346182524, "air_time" : 2,
 		"sequence" : 177, "fails" : 0,
 		"retries" : 1, "sample_1" : -4.00,
 		"sample_2" : 0.38, "sample_3" : 6.07,
 		"sample_4" : 0, "node_id" : 5},

	"5:178" : {"timestamp" : 1346182525, "air_time" : 5,
 		"sequence" : 178, "fails" : 2,
 		"retries" : 0, "sample_1" : -2.72,
 		"sample_2" : -0.54, "sample_3" : 7.28,
 		"sample_4" : 0, "node_id" : 5},

	"5:179" : {"timestamp" : 1346182526, "air_time" : 4,
 		"sequence" : 179, "fails" : 2,
 		"retries" : 2, "sample_1" : -1.04,
 		"sample_2" : -2.30, "sample_3" : 8.98,
 		"sample_4" : 0, "node_id" : 5},

	"5:180" : {"timestamp" : 1346182527, "air_time" : 4,
 		"sequence" : 180, "fails" : 1,
 		"retries" : 1, "sample_1" : 0.80,
 		"sample_2" : -4.14, "sample_3" : 9.43,
 		"sample_4" : 0, "node_id" : 5},

	"5:181" : {"timestamp" : 1346182528, "air_time" : 7,
 		"sequence" : 181, "fails" : 3,
 		"retries" : 1, "sample_1" : 2.54,
 		"sample_2" : -6.11, "sample_3" : 10.00,
 		"sample_4" : 0, "node_id" : 5},

	"5:182" : {"timestamp" : 1346182529, "air_time" : 3,
 		"sequence" : 182, "fails" : 3,
 		"retries" : 0, "sample_1" : 3.82,
 		"sample_2" : -6.78, "sample_3" : 10.87,
 		"sample_4" : 0, "node_id" : 5},

	"5:183" : {"timestamp" : 1346182530, "air_time" : 8,
 		"sequence" : 183, "fails" : 1,
 		"retries" : 0, "sample_1" : 5.60,
 		"sample_2" : -8.81, "sample_3" : 10.35,
 		"sample_4" : 0, "node_id" : 5},

	"5:184" : {"timestamp" : 1346182531, "air_time" : 8,
 		"sequence" : 184, "fails" : 2,
 		"retries" : 1, "sample_1" : 7.73,
 		"sample_2" : -8.46, "sample_3" : 9.62,
 		"sample_4" : 0, "node_id" : 5},

	"5:185" : {"timestamp" : 1346182532, "air_time" : 7,
 		"sequence" : 185, "fails" : 2,
 		"retries" : 1, "sample_1" : 8.96,
 		"sample_2" : -9.92, "sample_3" : 9.69,
 		"sample_4" : 0, "node_id" : 5},

	"5:186" : {"timestamp" : 1346182533, "air_time" : 8,
 		"sequence" : 186, "fails" : 2,
 		"retries" : 0, "sample_1" : 10.26,
 		"sample_2" : -9.29, "sample_3" : 9.80,
 		"sample_4" : 0, "node_id" : 5},

	"5:187" : {"timestamp" : 1346182534, "air_time" : 1,
 		"sequence" : 187, "fails" : 2,
 		"retries" : 1, "sample_1" : 10.00,
 		"sample_2" : -9.55, "sample_3" : 7.36,
 		"sample_4" : 0, "node_id" : 5},

	"5:188" : {"timestamp" : 1346182535, "air_time" : 5,
 		"sequence" : 188, "fails" : 2,
 		"retries" : 2, "sample_1" : 10.85,
 		"sample_2" : -7.31, "sample_3" : 6.80,
 		"sample_4" : 0, "node_id" : 5},

	"5:189" : {"timestamp" : 1346182536, "air_time" : 7,
 		"sequence" : 189, "fails" : 2,
 		"retries" : 1, "sample_1" : 10.70,
 		"sample_2" : -7.49, "sample_3" : 4.88,
 		"sample_4" : 0, "node_id" : 5},

	"5:190" : {"timestamp" : 1346182537, "air_time" : 2,
 		"sequence" : 190, "fails" : 0,
 		"retries" : 0, "sample_1" : 11.45,
 		"sample_2" : -5.72, "sample_3" : 3.23,
 		"sample_4" : 0, "node_id" : 5},

	"5:191" : {"timestamp" : 1346182538, "air_time" : 6,
 		"sequence" : 191, "fails" : 3,
 		"retries" : 0, "sample_1" : 9.60,
 		"sample_2" : -4.62, "sample_3" : 1.81,
 		"sample_4" : 0, "node_id" : 5},

	"5:192" : {"timestamp" : 1346182539, "air_time" : 5,
 		"sequence" : 192, "fails" : 2,
 		"retries" : 1, "sample_1" : 10.46,
 		"sample_2" : -3.85, "sample_3" : 0.57,
 		"sample_4" : 0, "node_id" : 5},

	"5:193" : {"timestamp" : 1346182540, "air_time" : 3,
 		"sequence" : 193, "fails" : 2,
 		"retries" : 0, "sample_1" : 7.66,
 		"sample_2" : -1.33, "sample_3" : -2.74,
 		"sample_4" : 0, "node_id" : 5},

	"5:194" : {"timestamp" : 1346182541, "air_time" : 7,
 		"sequence" : 194, "fails" : 2,
 		"retries" : 0, "sample_1" : 7.63,
 		"sample_2" : -0.73, "sample_3" : -2.97,
 		"sample_4" : 0, "node_id" : 5},

	"5:195" : {"timestamp" : 1346182542, "air_time" : 2,
 		"sequence" : 195, "fails" : 2,
 		"retries" : 2, "sample_1" : 5.60,
 		"sample_2" : 1.12, "sample_3" : -5.57,
 		"sample_4" : 0, "node_id" : 5},

	"5:196" : {"timestamp" : 1346182543, "air_time" : 8,
 		"sequence" : 196, "fails" : 0,
 		"retries" : 1, "sample_1" : 5.32,
 		"sample_2" : 2.44, "sample_3" : -6.98,
 		"sample_4" : 0, "node_id" : 5},

	"5:197" : {"timestamp" : 1346182544, "air_time" : 6,
 		"sequence" : 197, "fails" : 2,
 		"retries" : 1, "sample_1" : 2.04,
 		"sample_2" : 4.70, "sample_3" : -7.38,
 		"sample_4" : 0, "node_id" : 5},

	"5:198" : {"timestamp" : 1346182545, "air_time" : 2,
 		"sequence" : 198, "fails" : 3,
 		"retries" : 2, "sample_1" : 1.60,
 		"sample_2" : 6.54, "sample_3" : -7.53,
 		"sample_4" : 0, "node_id" : 5},

	"5:199" : {"timestamp" : 1346182546, "air_time" : 9,
 		"sequence" : 199, "fails" : 2,
 		"retries" : 1, "sample_1" : -1.74,
 		"sample_2" : 8.71, "sample_3" : -9.00,
 		"sample_4" : 0, "node_id" : 5},

	"5:200" : {"timestamp" : 1346182547, "air_time" : 7,
 		"sequence" : 200, "fails" : 2,
 		"retries" : 1, "sample_1" : -3.42,
 		"sample_2" : 8.68, "sample_3" : -8.97,
 		"sample_4" : 0, "node_id" : 5},

	"5:201" : {"timestamp" : 1346182548, "air_time" : 8,
 		"sequence" : 201, "fails" : 3,
 		"retries" : 2, "sample_1" : -3.90,
 		"sample_2" : 9.51, "sample_3" : -8.85,
 		"sample_4" : 0, "node_id" : 5},

	"5:202" : {"timestamp" : 1346182549, "air_time" : 9,
 		"sequence" : 202, "fails" : 1,
 		"retries" : 2, "sample_1" : -4.83,
 		"sample_2" : 10.06, "sample_3" : -9.12,
 		"sample_4" : 0, "node_id" : 5},

	"5:203" : {"timestamp" : 1346182550, "air_time" : 5,
 		"sequence" : 203, "fails" : 0,
 		"retries" : 1, "sample_1" : -7.66,
 		"sample_2" : 11.32, "sample_3" : -8.19,
 		"sample_4" : 0, "node_id" : 5},

	"5:204" : {"timestamp" : 1346182551, "air_time" : 0,
 		"sequence" : 204, "fails" : 3,
 		"retries" : 0, "sample_1" : -7.46,
 		"sample_2" : 11.79, "sample_3" : -6.60,
 		"sample_4" : 0, "node_id" : 5},

	"5:205" : {"timestamp" : 1346182552, "air_time" : 0,
 		"sequence" : 205, "fails" : 0,
 		"retries" : 2, "sample_1" : -7.50,
 		"sample_2" : 10.85, "sample_3" : -6.96,
 		"sample_4" : 0, "node_id" : 5},

	"5:206" : {"timestamp" : 1346182553, "air_time" : 0,
 		"sequence" : 206, "fails" : 3,
 		"retries" : 1, "sample_1" : -8.45,
 		"sample_2" : 9.31, "sample_3" : -5.50,
 		"sample_4" : 0, "node_id" : 5},

	"5:207" : {"timestamp" : 1346182554, "air_time" : 1,
 		"sequence" : 207, "fails" : 3,
 		"retries" : 0, "sample_1" : -8.90,
 		"sample_2" : 10.09, "sample_3" : -4.08,
 		"sample_4" : 0, "node_id" : 5},

	"5:208" : {"timestamp" : 1346182555, "air_time" : 2,
 		"sequence" : 208, "fails" : 0,
 		"retries" : 2, "sample_1" : -9.45,
 		"sample_2" : 8.32, "sample_3" : -0.63,
 		"sample_4" : 0, "node_id" : 5},

	"5:209" : {"timestamp" : 1346182556, "air_time" : 3,
 		"sequence" : 209, "fails" : 0,
 		"retries" : 0, "sample_1" : -9.10,
 		"sample_2" : 7.82, "sample_3" : 1.09,
 		"sample_4" : 0, "node_id" : 5},

	"5:210" : {"timestamp" : 1346182557, "air_time" : 0,
 		"sequence" : 210, "fails" : 0,
 		"retries" : 2, "sample_1" : -7.66,
 		"sample_2" : 5.15, "sample_3" : 2.73,
 		"sample_4" : 0, "node_id" : 5},

	"5:211" : {"timestamp" : 1346182558, "air_time" : 2,
 		"sequence" : 211, "fails" : 3,
 		"retries" : 1, "sample_1" : -6.76,
 		"sample_2" : 2.93, "sample_3" : 4.64,
 		"sample_4" : 0, "node_id" : 5},

	"5:212" : {"timestamp" : 1346182559, "air_time" : 7,
 		"sequence" : 212, "fails" : 0,
 		"retries" : 1, "sample_1" : -6.03,
 		"sample_2" : 2.73, "sample_3" : 6.17,
 		"sample_4" : 0, "node_id" : 5},

	"5:213" : {"timestamp" : 1346182560, "air_time" : 6,
 		"sequence" : 213, "fails" : 0,
 		"retries" : 0, "sample_1" : -3.90,
 		"sample_2" : 0.28, "sample_3" : 6.57,
 		"sample_4" : 0, "node_id" : 5},

	"5:214" : {"timestamp" : 1346182561, "air_time" : 2,
 		"sequence" : 214, "fails" : 1,
 		"retries" : 2, "sample_1" : -1.82,
 		"sample_2" : -2.14, "sample_3" : 7.68,
 		"sample_4" : 0, "node_id" : 5},

	"5:215" : {"timestamp" : 1346182562, "air_time" : 6,
 		"sequence" : 215, "fails" : 1,
 		"retries" : 2, "sample_1" : -1.64,
 		"sample_2" : -3.30, "sample_3" : 9.18,
 		"sample_4" : 0, "node_id" : 5},

	"5:216" : {"timestamp" : 1346182563, "air_time" : 1,
 		"sequence" : 216, "fails" : 0,
 		"retries" : 2, "sample_1" : 0.70,
 		"sample_2" : -4.54, "sample_3" : 10.73,
 		"sample_4" : 0, "node_id" : 5},

	"5:217" : {"timestamp" : 1346182564, "air_time" : 7,
 		"sequence" : 217, "fails" : 1,
 		"retries" : 0, "sample_1" : 1.84,
 		"sample_2" : -5.91, "sample_3" : 11.10,
 		"sample_4" : 0, "node_id" : 5},

	"5:218" : {"timestamp" : 1346182565, "air_time" : 4,
 		"sequence" : 218, "fails" : 1,
 		"retries" : 0, "sample_1" : 4.72,
 		"sample_2" : -7.18, "sample_3" : 10.07,
 		"sample_4" : 0, "node_id" : 5},

	"5:219" : {"timestamp" : 1346182566, "air_time" : 6,
 		"sequence" : 219, "fails" : 1,
 		"retries" : 1, "sample_1" : 6.50,
 		"sample_2" : -7.41, "sample_3" : 11.55,
 		"sample_4" : 0, "node_id" : 5},

	"5:220" : {"timestamp" : 1346182567, "air_time" : 0,
 		"sequence" : 220, "fails" : 3,
 		"retries" : 2, "sample_1" : 7.73,
 		"sample_2" : -8.56, "sample_3" : 10.42,
 		"sample_4" : 0, "node_id" : 5},

	"5:221" : {"timestamp" : 1346182568, "air_time" : 0,
 		"sequence" : 221, "fails" : 0,
 		"retries" : 2, "sample_1" : 8.96,
 		"sample_2" : -9.72, "sample_3" : 9.69,
 		"sample_4" : 0, "node_id" : 5},

	"5:222" : {"timestamp" : 1346182569, "air_time" : 0,
 		"sequence" : 222, "fails" : 3,
 		"retries" : 2, "sample_1" : 10.46,
 		"sample_2" : -9.79, "sample_3" : 9.60,
 		"sample_4" : 0, "node_id" : 5},

	"5:223" : {"timestamp" : 1346182570, "air_time" : 7,
 		"sequence" : 223, "fails" : 1,
 		"retries" : 0, "sample_1" : 10.80,
 		"sample_2" : -9.05, "sample_3" : 7.46,
 		"sample_4" : 0, "node_id" : 5},

	"5:224" : {"timestamp" : 1346182571, "air_time" : 3,
 		"sequence" : 224, "fails" : 0,
 		"retries" : 2, "sample_1" : 10.75,
 		"sample_2" : -7.61, "sample_3" : 6.70,
 		"sample_4" : 0, "node_id" : 5},

	"5:225" : {"timestamp" : 1346182572, "air_time" : 3,
 		"sequence" : 225, "fails" : 3,
 		"retries" : 1, "sample_1" : 10.80,
 		"sample_2" : -6.49, "sample_3" : 5.28,
 		"sample_4" : 0, "node_id" : 5},

	"5:226" : {"timestamp" : 1346182573, "air_time" : 9,
 		"sequence" : 226, "fails" : 3,
 		"retries" : 2, "sample_1" : 11.35,
 		"sample_2" : -6.32, "sample_3" : 2.93,
 		"sample_4" : 0, "node_id" : 5},

	"5:227" : {"timestamp" : 1346182574, "air_time" : 6,
 		"sequence" : 227, "fails" : 1,
 		"retries" : 1, "sample_1" : 9.90,
 		"sample_2" : -5.12, "sample_3" : 2.41,
 		"sample_4" : 0, "node_id" : 5},

	"5:228" : {"timestamp" : 1346182575, "air_time" : 6,
 		"sequence" : 228, "fails" : 1,
 		"retries" : 1, "sample_1" : 10.46,
 		"sample_2" : -3.15, "sample_3" : 0.37,
 		"sample_4" : 0, "node_id" : 5},

	"5:229" : {"timestamp" : 1346182576, "air_time" : 7,
 		"sequence" : 229, "fails" : 0,
 		"retries" : 0, "sample_1" : 7.86,
 		"sample_2" : -1.83, "sample_3" : -1.84,
 		"sample_4" : 0, "node_id" : 5},

	"5:230" : {"timestamp" : 1346182577, "air_time" : 0,
 		"sequence" : 230, "fails" : 3,
 		"retries" : 2, "sample_1" : 6.93,
 		"sample_2" : -0.03, "sample_3" : -2.47,
 		"sample_4" : 0, "node_id" : 5},

	"5:231" : {"timestamp" : 1346182578, "air_time" : 4,
 		"sequence" : 231, "fails" : 1,
 		"retries" : 2, "sample_1" : 6.60,
 		"sample_2" : 2.02, "sample_3" : -5.57,
 		"sample_4" : 0, "node_id" : 5},

	"5:232" : {"timestamp" : 1346182579, "air_time" : 9,
 		"sequence" : 232, "fails" : 2,
 		"retries" : 0, "sample_1" : 3.62,
 		"sample_2" : 3.74, "sample_3" : -6.28,
 		"sample_4" : 0, "node_id" : 5},

	"5:233" : {"timestamp" : 1346182580, "air_time" : 2,
 		"sequence" : 233, "fails" : 2,
 		"retries" : 0, "sample_1" : 1.94,
 		"sample_2" : 5.70, "sample_3" : -6.78,
 		"sample_4" : 0, "node_id" : 5},

	"5:234" : {"timestamp" : 1346182581, "air_time" : 3,
 		"sequence" : 234, "fails" : 2,
 		"retries" : 1, "sample_1" : 1.40,
 		"sample_2" : 6.54, "sample_3" : -7.63,
 		"sample_4" : 0, "node_id" : 5},

	"5:235" : {"timestamp" : 1346182582, "air_time" : 6,
 		"sequence" : 235, "fails" : 0,
 		"retries" : 2, "sample_1" : -1.54,
 		"sample_2" : 7.41, "sample_3" : -9.30,
 		"sample_4" : 0, "node_id" : 5},

	"5:236" : {"timestamp" : 1346182583, "air_time" : 2,
 		"sequence" : 236, "fails" : 3,
 		"retries" : 1, "sample_1" : -3.42,
 		"sample_2" : 8.48, "sample_3" : -9.87,
 		"sample_4" : 0, "node_id" : 5},

	"5:237" : {"timestamp" : 1346182584, "air_time" : 5,
 		"sequence" : 237, "fails" : 3,
 		"retries" : 0, "sample_1" : -4.30,
 		"sample_2" : 10.11, "sample_3" : -8.95,
 		"sample_4" : 0, "node_id" : 5},

	"5:238" : {"timestamp" : 1346182585, "air_time" : 9,
 		"sequence" : 238, "fails" : 0,
 		"retries" : 2, "sample_1" : -6.03,
 		"sample_2" : 10.96, "sample_3" : -8.72,
 		"sample_4" : 0, "node_id" : 5},

	"5:239" : {"timestamp" : 1346182586, "air_time" : 0,
 		"sequence" : 239, "fails" : 2,
 		"retries" : 1, "sample_1" : -7.26,
 		"sample_2" : 10.52, "sample_3" : -8.49,
 		"sample_4" : 0, "node_id" : 5},

	"5:240" : {"timestamp" : 1346182587, "air_time" : 3,
 		"sequence" : 240, "fails" : 2,
 		"retries" : 0, "sample_1" : -7.76,
 		"sample_2" : 10.59, "sample_3" : -8.00,
 		"sample_4" : 0, "node_id" : 5},

	"5:241" : {"timestamp" : 1346182588, "air_time" : 0,
 		"sequence" : 241, "fails" : 3,
 		"retries" : 1, "sample_1" : -7.90,
 		"sample_2" : 10.95, "sample_3" : -5.26,
 		"sample_4" : 0, "node_id" : 5},

	"5:242" : {"timestamp" : 1346182589, "air_time" : 6,
 		"sequence" : 242, "fails" : 3,
 		"retries" : 2, "sample_1" : -9.85,
 		"sample_2" : 9.81, "sample_3" : -5.00,
 		"sample_4" : 0, "node_id" : 5},

	"5:243" : {"timestamp" : 1346182590, "air_time" : 7,
 		"sequence" : 243, "fails" : 0,
 		"retries" : 0, "sample_1" : -9.70,
 		"sample_2" : 9.99, "sample_3" : -3.68,
 		"sample_4" : 0, "node_id" : 5},

	"5:244" : {"timestamp" : 1346182591, "air_time" : 8,
 		"sequence" : 244, "fails" : 2,
 		"retries" : 1, "sample_1" : -8.75,
 		"sample_2" : 9.12, "sample_3" : -1.13,
 		"sample_4" : 0, "node_id" : 5},

	"5:245" : {"timestamp" : 1346182592, "air_time" : 6,
 		"sequence" : 245, "fails" : 3,
 		"retries" : 2, "sample_1" : -8.10,
 		"sample_2" : 7.52, "sample_3" : 1.19,
 		"sample_4" : 0, "node_id" : 5},

	"5:246" : {"timestamp" : 1346182593, "air_time" : 5,
 		"sequence" : 246, "fails" : 0,
 		"retries" : 1, "sample_1" : -6.96,
 		"sample_2" : 4.75, "sample_3" : 2.93,
 		"sample_4" : 0, "node_id" : 5},

	"5:247" : {"timestamp" : 1346182594, "air_time" : 3,
 		"sequence" : 247, "fails" : 2,
 		"retries" : 1, "sample_1" : -7.26,
 		"sample_2" : 4.23, "sample_3" : 2.84,
 		"sample_4" : 0, "node_id" : 5},

	"5:248" : {"timestamp" : 1346182595, "air_time" : 2,
 		"sequence" : 248, "fails" : 1,
 		"retries" : 0, "sample_1" : -5.63,
 		"sample_2" : 2.73, "sample_3" : 5.77,
 		"sample_4" : 0, "node_id" : 5},

	"5:249" : {"timestamp" : 1346182596, "air_time" : 3,
 		"sequence" : 249, "fails" : 0,
 		"retries" : 1, "sample_1" : -4.40,
 		"sample_2" : 1.38, "sample_3" : 6.07,
 		"sample_4" : 0, "node_id" : 5},

	"5:250" : {"timestamp" : 1346182597, "air_time" : 9,
 		"sequence" : 250, "fails" : 0,
 		"retries" : 0, "sample_1" : -1.62,
 		"sample_2" : -0.34, "sample_3" : 7.58,
 		"sample_4" : 0, "node_id" : 5},

	"5:251" : {"timestamp" : 1346182598, "air_time" : 8,
 		"sequence" : 251, "fails" : 1,
 		"retries" : 1, "sample_1" : -1.44,
 		"sample_2" : -2.50, "sample_3" : 8.88,
 		"sample_4" : 0, "node_id" : 5},

	"5:252" : {"timestamp" : 1346182599, "air_time" : 3,
 		"sequence" : 252, "fails" : 0,
 		"retries" : 0, "sample_1" : 0.40,
 		"sample_2" : -5.04, "sample_3" : 10.93,
 		"sample_4" : 0, "node_id" : 5},

	"5:253" : {"timestamp" : 1346182600, "air_time" : 3,
 		"sequence" : 253, "fails" : 0,
 		"retries" : 2, "sample_1" : 1.84,
 		"sample_2" : -5.11, "sample_3" : 10.50,
 		"sample_4" : 0, "node_id" : 5},

	"5:254" : {"timestamp" : 1346182601, "air_time" : 3,
 		"sequence" : 254, "fails" : 1,
 		"retries" : 2, "sample_1" : 3.72,
 		"sample_2" : -6.18, "sample_3" : 10.87,
 		"sample_4" : 0, "node_id" : 5},

	"5:255" : {"timestamp" : 1346182602, "air_time" : 0,
 		"sequence" : 255, "fails" : 2,
 		"retries" : 0, "sample_1" : 6.60,
 		"sample_2" : -8.81, "sample_3" : 11.35,
 		"sample_4" : 0, "node_id" : 5},

	"5:256" : {"timestamp" : 1346182603, "air_time" : 3,
 		"sequence" : 256, "fails" : 0,
 		"retries" : 1, "sample_1" : 6.83,
 		"sample_2" : -9.16, "sample_3" : 10.42,
 		"sample_4" : 0, "node_id" : 5},

	"5:257" : {"timestamp" : 1346182604, "air_time" : 6,
 		"sequence" : 257, "fails" : 3,
 		"retries" : 1, "sample_1" : 8.56,
 		"sample_2" : -9.22, "sample_3" : 10.49,
 		"sample_4" : 0, "node_id" : 5},

	"5:258" : {"timestamp" : 1346182605, "air_time" : 7,
 		"sequence" : 258, "fails" : 1,
 		"retries" : 1, "sample_1" : 10.26,
 		"sample_2" : -8.79, "sample_3" : 9.70,
 		"sample_4" : 0, "node_id" : 5},

	"5:259" : {"timestamp" : 1346182606, "air_time" : 6,
 		"sequence" : 259, "fails" : 3,
 		"retries" : 2, "sample_1" : 11.30,
 		"sample_2" : -8.35, "sample_3" : 8.16,
 		"sample_4" : 0, "node_id" : 5},

	"5:260" : {"timestamp" : 1346182607, "air_time" : 1,
 		"sequence" : 260, "fails" : 2,
 		"retries" : 2, "sample_1" : 11.55,
 		"sample_2" : -8.61, "sample_3" : 6.20,
 		"sample_4" : 0, "node_id" : 5},

	"5:261" : {"timestamp" : 1346182608, "air_time" : 8,
 		"sequence" : 261, "fails" : 3,
 		"retries" : 1, "sample_1" : 10.10,
 		"sample_2" : -6.59, "sample_3" : 5.58,
 		"sample_4" : 0, "node_id" : 5},

	"5:262" : {"timestamp" : 1346182609, "air_time" : 0,
 		"sequence" : 262, "fails" : 1,
 		"retries" : 2, "sample_1" : 11.75,
 		"sample_2" : -5.82, "sample_3" : 3.83,
 		"sample_4" : 0, "node_id" : 5},

	"5:263" : {"timestamp" : 1346182610, "air_time" : 3,
 		"sequence" : 263, "fails" : 3,
 		"retries" : 0, "sample_1" : 10.10,
 		"sample_2" : -5.02, "sample_3" : 1.51,
 		"sample_4" : 0, "node_id" : 5},

	"5:264" : {"timestamp" : 1346182611, "air_time" : 7,
 		"sequence" : 264, "fails" : 2,
 		"retries" : 1, "sample_1" : 8.86,
 		"sample_2" : -3.65, "sample_3" : 0.07,
 		"sample_4" : 0, "node_id" : 5},

	"5:265" : {"timestamp" : 1346182612, "air_time" : 1,
 		"sequence" : 265, "fails" : 2,
 		"retries" : 0, "sample_1" : 9.06,
 		"sample_2" : -2.33, "sample_3" : -2.54,
 		"sample_4" : 0, "node_id" : 5},

	"5:266" : {"timestamp" : 1346182613, "air_time" : 6,
 		"sequence" : 266, "fails" : 3,
 		"retries" : 1, "sample_1" : 7.03,
 		"sample_2" : -0.03, "sample_3" : -2.67,
 		"sample_4" : 0, "node_id" : 5},

	"5:267" : {"timestamp" : 1346182614, "air_time" : 2,
 		"sequence" : 267, "fails" : 3,
 		"retries" : 1, "sample_1" : 6.60,
 		"sample_2" : 1.82, "sample_3" : -4.87,
 		"sample_4" : 0, "node_id" : 5},

	"5:268" : {"timestamp" : 1346182615, "air_time" : 5,
 		"sequence" : 268, "fails" : 1,
 		"retries" : 2, "sample_1" : 4.32,
 		"sample_2" : 2.74, "sample_3" : -5.88,
 		"sample_4" : 0, "node_id" : 5},

	"5:269" : {"timestamp" : 1346182616, "air_time" : 2,
 		"sequence" : 269, "fails" : 3,
 		"retries" : 2, "sample_1" : 3.64,
 		"sample_2" : 5.40, "sample_3" : -6.98,
 		"sample_4" : 0, "node_id" : 5},

	"5:270" : {"timestamp" : 1346182617, "air_time" : 3,
 		"sequence" : 270, "fails" : 0,
 		"retries" : 0, "sample_1" : 0.20,
 		"sample_2" : 6.84, "sample_3" : -8.43,
 		"sample_4" : 0, "node_id" : 5},

	"5:271" : {"timestamp" : 1346182618, "air_time" : 8,
 		"sequence" : 271, "fails" : 3,
 		"retries" : 0, "sample_1" : -0.04,
 		"sample_2" : 7.81, "sample_3" : -8.20,
 		"sample_4" : 0, "node_id" : 5},

	"5:272" : {"timestamp" : 1346182619, "air_time" : 3,
 		"sequence" : 272, "fails" : 3,
 		"retries" : 1, "sample_1" : -2.52,
 		"sample_2" : 9.08, "sample_3" : -8.47,
 		"sample_4" : 0, "node_id" : 5},

	"5:273" : {"timestamp" : 1346182620, "air_time" : 2,
 		"sequence" : 273, "fails" : 1,
 		"retries" : 2, "sample_1" : -4.70,
 		"sample_2" : 9.71, "sample_3" : -8.35,
 		"sample_4" : 0, "node_id" : 5},

	"5:274" : {"timestamp" : 1346182621, "air_time" : 6,
 		"sequence" : 274, "fails" : 1,
 		"retries" : 1, "sample_1" : -4.53,
 		"sample_2" : 10.66, "sample_3" : -9.42,
 		"sample_4" : 0, "node_id" : 5},

	"5:275" : {"timestamp" : 1346182622, "air_time" : 1,
 		"sequence" : 275, "fails" : 1,
 		"retries" : 0, "sample_1" : -7.36,
 		"sample_2" : 11.52, "sample_3" : -8.89,
 		"sample_4" : 0, "node_id" : 5},

	"5:276" : {"timestamp" : 1346182623, "air_time" : 9,
 		"sequence" : 276, "fails" : 0,
 		"retries" : 1, "sample_1" : -8.46,
 		"sample_2" : 11.59, "sample_3" : -6.30,
 		"sample_4" : 0, "node_id" : 5},

	"5:277" : {"timestamp" : 1346182624, "air_time" : 3,
 		"sequence" : 277, "fails" : 1,
 		"retries" : 1, "sample_1" : -8.90,
 		"sample_2" : 11.15, "sample_3" : -5.96,
 		"sample_4" : 0, "node_id" : 5},

	"5:278" : {"timestamp" : 1346182625, "air_time" : 4,
 		"sequence" : 278, "fails" : 0,
 		"retries" : 1, "sample_1" : -7.95,
 		"sample_2" : 9.81, "sample_3" : -5.50,
 		"sample_4" : 0, "node_id" : 5},

	"5:279" : {"timestamp" : 1346182626, "air_time" : 5,
 		"sequence" : 279, "fails" : 1,
 		"retries" : 2, "sample_1" : -8.20,
 		"sample_2" : 9.49, "sample_3" : -2.68,
 		"sample_4" : 0, "node_id" : 5},

	"5:280" : {"timestamp" : 1346182627, "air_time" : 8,
 		"sequence" : 280, "fails" : 1,
 		"retries" : 1, "sample_1" : -8.15,
 		"sample_2" : 8.12, "sample_3" : -1.63,
 		"sample_4" : 0, "node_id" : 5},

	"5:281" : {"timestamp" : 1346182628, "air_time" : 9,
 		"sequence" : 281, "fails" : 0,
 		"retries" : 1, "sample_1" : -9.20,
 		"sample_2" : 6.12, "sample_3" : -0.11,
 		"sample_4" : 0, "node_id" : 5},

	"5:282" : {"timestamp" : 1346182629, "air_time" : 8,
 		"sequence" : 282, "fails" : 1,
 		"retries" : 2, "sample_1" : -8.56,
 		"sample_2" : 6.25, "sample_3" : 1.53,
 		"sample_4" : 0, "node_id" : 5},

	"5:283" : {"timestamp" : 1346182630, "air_time" : 4,
 		"sequence" : 283, "fails" : 2,
 		"retries" : 1, "sample_1" : -6.96,
 		"sample_2" : 3.93, "sample_3" : 4.44,
 		"sample_4" : 0, "node_id" : 5},

	"5:284" : {"timestamp" : 1346182631, "air_time" : 7,
 		"sequence" : 284, "fails" : 3,
 		"retries" : 1, "sample_1" : -6.43,
 		"sample_2" : 2.33, "sample_3" : 5.37,
 		"sample_4" : 0, "node_id" : 5},

	"5:285" : {"timestamp" : 1346182632, "air_time" : 6,
 		"sequence" : 285, "fails" : 1,
 		"retries" : 2, "sample_1" : -4.50,
 		"sample_2" : -0.02, "sample_3" : 6.37,
 		"sample_4" : 0, "node_id" : 5},

	"5:286" : {"timestamp" : 1346182633, "air_time" : 6,
 		"sequence" : 286, "fails" : 0,
 		"retries" : 2, "sample_1" : -3.12,
 		"sample_2" : -0.54, "sample_3" : 7.28,
 		"sample_4" : 0, "node_id" : 5},

	"5:287" : {"timestamp" : 1346182634, "air_time" : 2,
 		"sequence" : 287, "fails" : 3,
 		"retries" : 0, "sample_1" : -0.14,
 		"sample_2" : -3.20, "sample_3" : 9.48,
 		"sample_4" : 0, "node_id" : 5},

	"5:288" : {"timestamp" : 1346182635, "air_time" : 3,
 		"sequence" : 288, "fails" : 0,
 		"retries" : 0, "sample_1" : 0.40,
 		"sample_2" : -3.54, "sample_3" : 9.93,
 		"sample_4" : 0, "node_id" : 5},

	"5:289" : {"timestamp" : 1346182636, "air_time" : 6,
 		"sequence" : 289, "fails" : 0,
 		"retries" : 2, "sample_1" : 1.84,
 		"sample_2" : -4.91, "sample_3" : 10.60,
 		"sample_4" : 0, "node_id" : 5},

	"5:290" : {"timestamp" : 1346182637, "air_time" : 4,
 		"sequence" : 290, "fails" : 0,
 		"retries" : 2, "sample_1" : 4.72,
 		"sample_2" : -6.38, "sample_3" : 10.67,
 		"sample_4" : 0, "node_id" : 5},

	"5:291" : {"timestamp" : 1346182638, "air_time" : 6,
 		"sequence" : 291, "fails" : 1,
 		"retries" : 2, "sample_1" : 6.10,
 		"sample_2" : -7.91, "sample_3" : 11.25,
 		"sample_4" : 0, "node_id" : 5},

	"5:292" : {"timestamp" : 1346182639, "air_time" : 8,
 		"sequence" : 292, "fails" : 3,
 		"retries" : 2, "sample_1" : 7.53,
 		"sample_2" : -8.86, "sample_3" : 10.82,
 		"sample_4" : 0, "node_id" : 5},

	"5:293" : {"timestamp" : 1346182640, "air_time" : 6,
 		"sequence" : 293, "fails" : 3,
 		"retries" : 0, "sample_1" : 9.26,
 		"sample_2" : -8.12, "sample_3" : 9.59,
 		"sample_4" : 0, "node_id" : 5},

	"5:294" : {"timestamp" : 1346182641, "air_time" : 3,
 		"sequence" : 294, "fails" : 1,
 		"retries" : 1, "sample_1" : 9.26,
 		"sample_2" : -9.19, "sample_3" : 9.70,
 		"sample_4" : 0, "node_id" : 5},

	"5:295" : {"timestamp" : 1346182642, "air_time" : 0,
 		"sequence" : 295, "fails" : 0,
 		"retries" : 1, "sample_1" : 10.90,
 		"sample_2" : -9.35, "sample_3" : 7.86,
 		"sample_4" : 0, "node_id" : 5},

	"5:296" : {"timestamp" : 1346182643, "air_time" : 0,
 		"sequence" : 296, "fails" : 3,
 		"retries" : 2, "sample_1" : 10.95,
 		"sample_2" : -8.51, "sample_3" : 5.70,
 		"sample_4" : 0, "node_id" : 5},

	"5:297" : {"timestamp" : 1346182644, "air_time" : 8,
 		"sequence" : 297, "fails" : 1,
 		"retries" : 1, "sample_1" : 10.70,
 		"sample_2" : -6.79, "sample_3" : 5.58,
 		"sample_4" : 0, "node_id" : 5},

	"5:298" : {"timestamp" : 1346182645, "air_time" : 7,
 		"sequence" : 298, "fails" : 1,
 		"retries" : 2, "sample_1" : 11.75,
 		"sample_2" : -7.02, "sample_3" : 4.23,
 		"sample_4" : 0, "node_id" : 5},

	"5:299" : {"timestamp" : 1346182646, "air_time" : 2,
 		"sequence" : 299, "fails" : 0,
 		"retries" : 2, "sample_1" : 10.50,
 		"sample_2" : -5.02, "sample_3" : 0.91,
 		"sample_4" : 0, "node_id" : 5},

	"5:300" : {"timestamp" : 1346182647, "air_time" : 7,
 		"sequence" : 300, "fails" : 3,
 		"retries" : 2, "sample_1" : 8.96,
 		"sample_2" : -3.65, "sample_3" : -0.83,
 		"sample_4" : 0, "node_id" : 5},

	"5:301" : {"timestamp" : 1346182648, "air_time" : 9,
 		"sequence" : 301, "fails" : 2,
 		"retries" : 0, "sample_1" : 8.36,
 		"sample_2" : -2.73, "sample_3" : -2.34,
 		"sample_4" : 0, "node_id" : 5},

	"5:302" : {"timestamp" : 1346182649, "air_time" : 5,
 		"sequence" : 302, "fails" : 3,
 		"retries" : 2, "sample_1" : 7.73,
 		"sample_2" : 0.37, "sample_3" : -3.97,
 		"sample_4" : 0, "node_id" : 5},

	"5:303" : {"timestamp" : 1346182650, "air_time" : 6,
 		"sequence" : 303, "fails" : 2,
 		"retries" : 0, "sample_1" : 5.10,
 		"sample_2" : 2.22, "sample_3" : -5.47,
 		"sample_4" : 0, "node_id" : 5},

	"5:304" : {"timestamp" : 1346182651, "air_time" : 6,
 		"sequence" : 304, "fails" : 1,
 		"retries" : 1, "sample_1" : 3.72,
 		"sample_2" : 3.24, "sample_3" : -5.88,
 		"sample_4" : 0, "node_id" : 5},

	"5:305" : {"timestamp" : 1346182652, "air_time" : 2,
 		"sequence" : 305, "fails" : 3,
 		"retries" : 0, "sample_1" : 2.94,
 		"sample_2" : 4.40, "sample_3" : -6.48,
 		"sample_4" : 0, "node_id" : 5},

	"5:306" : {"timestamp" : 1346182653, "air_time" : 9,
 		"sequence" : 306, "fails" : 2,
 		"retries" : 2, "sample_1" : 0.30,
 		"sample_2" : 6.84, "sample_3" : -8.93,
 		"sample_4" : 0, "node_id" : 5},

	"5:307" : {"timestamp" : 1346182654, "air_time" : 6,
 		"sequence" : 307, "fails" : 3,
 		"retries" : 0, "sample_1" : -1.54,
 		"sample_2" : 7.71, "sample_3" : -8.40,
 		"sample_4" : 0, "node_id" : 5},

	"5:308" : {"timestamp" : 1346182655, "air_time" : 9,
 		"sequence" : 308, "fails" : 3,
 		"retries" : 0, "sample_1" : -2.62,
 		"sample_2" : 9.18, "sample_3" : -9.37,
 		"sample_4" : 0, "node_id" : 5},

	"5:309" : {"timestamp" : 1346182656, "air_time" : 7,
 		"sequence" : 309, "fails" : 3,
 		"retries" : 2, "sample_1" : -3.70,
 		"sample_2" : 9.01, "sample_3" : -9.55,
 		"sample_4" : 0, "node_id" : 5},

	"5:310" : {"timestamp" : 1346182657, "air_time" : 2,
 		"sequence" : 310, "fails" : 2,
 		"retries" : 1, "sample_1" : -5.13,
 		"sample_2" : 10.86, "sample_3" : -9.62,
 		"sample_4" : 0, "node_id" : 5},

	"5:311" : {"timestamp" : 1346182658, "air_time" : 0,
 		"sequence" : 311, "fails" : 1,
 		"retries" : 0, "sample_1" : -7.26,
 		"sample_2" : 10.62, "sample_3" : -8.29,
 		"sample_4" : 0, "node_id" : 5},

	"5:312" : {"timestamp" : 1346182659, "air_time" : 1,
 		"sequence" : 312, "fails" : 2,
 		"retries" : 2, "sample_1" : -7.96,
 		"sample_2" : 11.69, "sample_3" : -7.20,
 		"sample_4" : 0, "node_id" : 5},

	"5:313" : {"timestamp" : 1346182660, "air_time" : 2,
 		"sequence" : 313, "fails" : 2,
 		"retries" : 2, "sample_1" : -7.70,
 		"sample_2" : 9.75, "sample_3" : -5.96,
 		"sample_4" : 0, "node_id" : 5},

	"5:314" : {"timestamp" : 1346182661, "air_time" : 3,
 		"sequence" : 314, "fails" : 3,
 		"retries" : 0, "sample_1" : -9.25,
 		"sample_2" : 9.71, "sample_3" : -5.10,
 		"sample_4" : 0, "node_id" : 5},

	"5:315" : {"timestamp" : 1346182662, "air_time" : 6,
 		"sequence" : 315, "fails" : 0,
 		"retries" : 0, "sample_1" : -9.80,
 		"sample_2" : 9.39, "sample_3" : -2.18,
 		"sample_4" : 0, "node_id" : 5},

	"5:316" : {"timestamp" : 1346182663, "air_time" : 0,
 		"sequence" : 316, "fails" : 2,
 		"retries" : 0, "sample_1" : -9.85,
 		"sample_2" : 8.52, "sample_3" : -0.63,
 		"sample_4" : 0, "node_id" : 5},

	"5:317" : {"timestamp" : 1346182664, "air_time" : 0,
 		"sequence" : 317, "fails" : 2,
 		"retries" : 2, "sample_1" : -8.10,
 		"sample_2" : 7.42, "sample_3" : 1.09,
 		"sample_4" : 0, "node_id" : 5},

	"5:318" : {"timestamp" : 1346182665, "air_time" : 0,
 		"sequence" : 318, "fails" : 0,
 		"retries" : 2, "sample_1" : -7.56,
 		"sample_2" : 5.25, "sample_3" : 2.03,
 		"sample_4" : 0, "node_id" : 5},

	"5:319" : {"timestamp" : 1346182666, "air_time" : 3,
 		"sequence" : 319, "fails" : 1,
 		"retries" : 1, "sample_1" : -6.26,
 		"sample_2" : 3.13, "sample_3" : 3.54,
 		"sample_4" : 0, "node_id" : 5},

	"5:320" : {"timestamp" : 1346182667, "air_time" : 5,
 		"sequence" : 320, "fails" : 2,
 		"retries" : 0, "sample_1" : -6.03,
 		"sample_2" : 1.93, "sample_3" : 5.37,
 		"sample_4" : 0, "node_id" : 5},

	"5:321" : {"timestamp" : 1346182668, "air_time" : 3,
 		"sequence" : 321, "fails" : 0,
 		"retries" : 2, "sample_1" : -4.40,
 		"sample_2" : 1.08, "sample_3" : 7.67,
 		"sample_4" : 0, "node_id" : 5},

	"5:322" : {"timestamp" : 1346182669, "air_time" : 4,
 		"sequence" : 322, "fails" : 1,
 		"retries" : 0, "sample_1" : -1.72,
 		"sample_2" : -1.64, "sample_3" : 7.48,
 		"sample_4" : 0, "node_id" : 5},

	"5:323" : {"timestamp" : 1346182670, "air_time" : 6,
 		"sequence" : 323, "fails" : 2,
 		"retries" : 1, "sample_1" : -0.04,
 		"sample_2" : -2.30, "sample_3" : 10.08,
 		"sample_4" : 0, "node_id" : 5},

	"5:324" : {"timestamp" : 1346182671, "air_time" : 4,
 		"sequence" : 324, "fails" : 0,
 		"retries" : 0, "sample_1" : 1.00,
 		"sample_2" : -4.84, "sample_3" : 9.13,
 		"sample_4" : 0, "node_id" : 5},

	"5:325" : {"timestamp" : 1346182672, "air_time" : 8,
 		"sequence" : 325, "fails" : 0,
 		"retries" : 1, "sample_1" : 3.34,
 		"sample_2" : -5.81, "sample_3" : 10.80,
 		"sample_4" : 0, "node_id" : 5},

	"5:326" : {"timestamp" : 1346182673, "air_time" : 1,
 		"sequence" : 326, "fails" : 0,
 		"retries" : 2, "sample_1" : 4.02,
 		"sample_2" : -7.98, "sample_3" : 11.37,
 		"sample_4" : 0, "node_id" : 5},

	"5:327" : {"timestamp" : 1346182674, "air_time" : 2,
 		"sequence" : 327, "fails" : 0,
 		"retries" : 1, "sample_1" : 5.50,
 		"sample_2" : -8.81, "sample_3" : 11.25,
 		"sample_4" : 0, "node_id" : 5},

	"5:328" : {"timestamp" : 1346182675, "air_time" : 2,
 		"sequence" : 328, "fails" : 0,
 		"retries" : 1, "sample_1" : 6.83,
 		"sample_2" : -9.16, "sample_3" : 11.12,
 		"sample_4" : 0, "node_id" : 5},

	"5:329" : {"timestamp" : 1346182676, "air_time" : 4,
 		"sequence" : 329, "fails" : 3,
 		"retries" : 2, "sample_1" : 8.46,
 		"sample_2" : -8.22, "sample_3" : 10.29,
 		"sample_4" : 0, "node_id" : 5},

	"5:330" : {"timestamp" : 1346182677, "air_time" : 7,
 		"sequence" : 330, "fails" : 2,
 		"retries" : 1, "sample_1" : 9.06,
 		"sample_2" : -8.59, "sample_3" : 9.40,
 		"sample_4" : 0, "node_id" : 5},

	"5:331" : {"timestamp" : 1346182678, "air_time" : 4,
 		"sequence" : 331, "fails" : 0,
 		"retries" : 2, "sample_1" : 10.80,
 		"sample_2" : -9.65, "sample_3" : 7.06,
 		"sample_4" : 0, "node_id" : 5},

	"5:332" : {"timestamp" : 1346182679, "air_time" : 0,
 		"sequence" : 332, "fails" : 2,
 		"retries" : 1, "sample_1" : 9.85,
 		"sample_2" : -8.21, "sample_3" : 5.80,
 		"sample_4" : 0, "node_id" : 5},

	"5:333" : {"timestamp" : 1346182680, "air_time" : 5,
 		"sequence" : 333, "fails" : 0,
 		"retries" : 2, "sample_1" : 10.80,
 		"sample_2" : -6.79, "sample_3" : 4.58,
 		"sample_4" : 0, "node_id" : 5},

	"5:334" : {"timestamp" : 1346182681, "air_time" : 0,
 		"sequence" : 334, "fails" : 1,
 		"retries" : 2, "sample_1" : 10.15,
 		"sample_2" : -7.02, "sample_3" : 2.43,
 		"sample_4" : 0, "node_id" : 5},

	"5:335" : {"timestamp" : 1346182682, "air_time" : 2,
 		"sequence" : 335, "fails" : 1,
 		"retries" : 2, "sample_1" : 9.70,
 		"sample_2" : -4.32, "sample_3" : 0.91,
 		"sample_4" : 0, "node_id" : 5},

	"5:336" : {"timestamp" : 1346182683, "air_time" : 9,
 		"sequence" : 336, "fails" : 1,
 		"retries" : 2, "sample_1" : 10.06,
 		"sample_2" : -3.05, "sample_3" : -0.83,
 		"sample_4" : 0, "node_id" : 5},

	"5:337" : {"timestamp" : 1346182684, "air_time" : 8,
 		"sequence" : 337, "fails" : 3,
 		"retries" : 0, "sample_1" : 8.46,
 		"sample_2" : -1.33, "sample_3" : -2.04,
 		"sample_4" : 0, "node_id" : 5},

	"5:338" : {"timestamp" : 1346182685, "air_time" : 6,
 		"sequence" : 338, "fails" : 3,
 		"retries" : 0, "sample_1" : 7.13,
 		"sample_2" : -1.03, "sample_3" : -2.77,
 		"sample_4" : 0, "node_id" : 5},

	"5:339" : {"timestamp" : 1346182686, "air_time" : 6,
 		"sequence" : 339, "fails" : 1,
 		"retries" : 2, "sample_1" : 5.50,
 		"sample_2" : 0.62, "sample_3" : -5.67,
 		"sample_4" : 0, "node_id" : 5},

	"5:340" : {"timestamp" : 1346182687, "air_time" : 6,
 		"sequence" : 340, "fails" : 0,
 		"retries" : 0, "sample_1" : 4.22,
 		"sample_2" : 3.64, "sample_3" : -6.48,
 		"sample_4" : 0, "node_id" : 5},

	"5:341" : {"timestamp" : 1346182688, "air_time" : 3,
 		"sequence" : 341, "fails" : 2,
 		"retries" : 2, "sample_1" : 1.84,
 		"sample_2" : 5.50, "sample_3" : -6.78,
 		"sample_4" : 0, "node_id" : 5},

	"5:342" : {"timestamp" : 1346182689, "air_time" : 8,
 		"sequence" : 342, "fails" : 2,
 		"retries" : 2, "sample_1" : 1.30,
 		"sample_2" : 6.34, "sample_3" : -8.93,
 		"sample_4" : 0, "node_id" : 5},

	"5:343" : {"timestamp" : 1346182690, "air_time" : 1,
 		"sequence" : 343, "fails" : 1,
 		"retries" : 0, "sample_1" : -0.44,
 		"sample_2" : 8.01, "sample_3" : -9.60,
 		"sample_4" : 0, "node_id" : 5},

	"5:344" : {"timestamp" : 1346182691, "air_time" : 9,
 		"sequence" : 344, "fails" : 0,
 		"retries" : 0, "sample_1" : -1.62,
 		"sample_2" : 9.38, "sample_3" : -8.67,
 		"sample_4" : 0, "node_id" : 5},

	"5:345" : {"timestamp" : 1346182692, "air_time" : 1,
 		"sequence" : 345, "fails" : 0,
 		"retries" : 1, "sample_1" : -3.20,
 		"sample_2" : 8.91, "sample_3" : -8.55,
 		"sample_4" : 0, "node_id" : 5},

	"5:346" : {"timestamp" : 1346182693, "air_time" : 3,
 		"sequence" : 346, "fails" : 3,
 		"retries" : 1, "sample_1" : -5.53,
 		"sample_2" : 10.66, "sample_3" : -9.12,
 		"sample_4" : 0, "node_id" : 5},

	"5:347" : {"timestamp" : 1346182694, "air_time" : 3,
 		"sequence" : 347, "fails" : 0,
 		"retries" : 0, "sample_1" : -6.26,
 		"sample_2" : 10.82, "sample_3" : -7.09,
 		"sample_4" : 0, "node_id" : 5},

	"5:348" : {"timestamp" : 1346182695, "air_time" : 4,
 		"sequence" : 348, "fails" : 3,
 		"retries" : 0, "sample_1" : -7.26,
 		"sample_2" : 10.19, "sample_3" : -7.10,
 		"sample_4" : 0, "node_id" : 5},

	"5:349" : {"timestamp" : 1346182696, "air_time" : 6,
 		"sequence" : 349, "fails" : 1,
 		"retries" : 0, "sample_1" : -8.00,
 		"sample_2" : 10.85, "sample_3" : -5.56,
 		"sample_4" : 0, "node_id" : 5},

	"5:350" : {"timestamp" : 1346182697, "air_time" : 9,
 		"sequence" : 350, "fails" : 0,
 		"retries" : 1, "sample_1" : -8.85,
 		"sample_2" : 9.31, "sample_3" : -3.80,
 		"sample_4" : 0, "node_id" : 5},

	"5:351" : {"timestamp" : 1346182698, "air_time" : 0,
 		"sequence" : 351, "fails" : 3,
 		"retries" : 0, "sample_1" : -9.50,
 		"sample_2" : 10.19, "sample_3" : -3.28,
 		"sample_4" : 0, "node_id" : 5},

	"5:352" : {"timestamp" : 1346182699, "air_time" : 5,
 		"sequence" : 352, "fails" : 0,
 		"retries" : 1, "sample_1" : -9.15,
 		"sample_2" : 8.52, "sample_3" : -1.73,
 		"sample_4" : 0, "node_id" : 5},

	"5:353" : {"timestamp" : 1346182700, "air_time" : 9,
 		"sequence" : 353, "fails" : 1,
 		"retries" : 1, "sample_1" : -8.30,
 		"sample_2" : 6.82, "sample_3" : 1.19,
 		"sample_4" : 0, "node_id" : 5},

	"5:354" : {"timestamp" : 1346182701, "air_time" : 7,
 		"sequence" : 354, "fails" : 0,
 		"retries" : 0, "sample_1" : -7.96,
 		"sample_2" : 5.15, "sample_3" : 1.33,
 		"sample_4" : 0, "node_id" : 5},

	"5:355" : {"timestamp" : 1346182702, "air_time" : 9,
 		"sequence" : 355, "fails" : 3,
 		"retries" : 1, "sample_1" : -7.46,
 		"sample_2" : 3.33, "sample_3" : 3.94,
 		"sample_4" : 0, "node_id" : 5},

	"5:356" : {"timestamp" : 1346182703, "air_time" : 9,
 		"sequence" : 356, "fails" : 1,
 		"retries" : 0, "sample_1" : -5.33,
 		"sample_2" : 2.53, "sample_3" : 5.77,
 		"sample_4" : 0, "node_id" : 5},

	"5:357" : {"timestamp" : 1346182704, "air_time" : 9,
 		"sequence" : 357, "fails" : 1,
 		"retries" : 1, "sample_1" : -4.70,
 		"sample_2" : 0.78, "sample_3" : 6.47,
 		"sample_4" : 0, "node_id" : 5},

	"5:358" : {"timestamp" : 1346182705, "air_time" : 7,
 		"sequence" : 358, "fails" : 0,
 		"retries" : 1, "sample_1" : -3.02,
 		"sample_2" : -1.34, "sample_3" : 8.88,
 		"sample_4" : 0, "node_id" : 5},

	"5:359" : {"timestamp" : 1346182706, "air_time" : 6,
 		"sequence" : 359, "fails" : 1,
 		"retries" : 1, "sample_1" : -0.64,
 		"sample_2" : -2.60, "sample_3" : 9.28,
 		"sample_4" : 0, "node_id" : 5},

	"5:360" : {"timestamp" : 1346182707, "air_time" : 8,
 		"sequence" : 360, "fails" : 3,
 		"retries" : 1, "sample_1" : 1.20,
 		"sample_2" : -3.74, "sample_3" : 9.13,
 		"sample_4" : 0, "node_id" : 5},

	"5:361" : {"timestamp" : 1346182708, "air_time" : 2,
 		"sequence" : 361, "fails" : 0,
 		"retries" : 2, "sample_1" : 2.54,
 		"sample_2" : -5.91, "sample_3" : 9.70,
 		"sample_4" : 0, "node_id" : 5},

	"5:362" : {"timestamp" : 1346182709, "air_time" : 9,
 		"sequence" : 362, "fails" : 0,
 		"retries" : 0, "sample_1" : 3.52,
 		"sample_2" : -6.48, "sample_3" : 10.67,
 		"sample_4" : 0, "node_id" : 5},

	"5:363" : {"timestamp" : 1346182710, "air_time" : 1,
 		"sequence" : 363, "fails" : 3,
 		"retries" : 0, "sample_1" : 5.80,
 		"sample_2" : -7.71, "sample_3" : 11.85,
 		"sample_4" : 0, "node_id" : 5},

	"5:364" : {"timestamp" : 1346182711, "air_time" : 5,
 		"sequence" : 364, "fails" : 3,
 		"retries" : 0, "sample_1" : 7.23,
 		"sample_2" : -7.66, "sample_3" : 11.32,
 		"sample_4" : 0, "node_id" : 5},

	"5:365" : {"timestamp" : 1346182712, "air_time" : 4,
 		"sequence" : 365, "fails" : 0,
 		"retries" : 1, "sample_1" : 9.56,
 		"sample_2" : -8.82, "sample_3" : 9.79,
 		"sample_4" : 0, "node_id" : 5},

	"5:366" : {"timestamp" : 1346182713, "air_time" : 1,
 		"sequence" : 366, "fails" : 0,
 		"retries" : 2, "sample_1" : 8.86,
 		"sample_2" : -9.99, "sample_3" : 9.40,
 		"sample_4" : 0, "node_id" : 5},

	"5:367" : {"timestamp" : 1346182714, "air_time" : 5,
 		"sequence" : 367, "fails" : 0,
 		"retries" : 1, "sample_1" : 10.10,
 		"sample_2" : -8.35, "sample_3" : 7.06,
 		"sample_4" : 0, "node_id" : 5},

	"5:368" : {"timestamp" : 1346182715, "air_time" : 6,
 		"sequence" : 368, "fails" : 2,
 		"retries" : 0, "sample_1" : 10.75,
 		"sample_2" : -8.91, "sample_3" : 6.00,
 		"sample_4" : 0, "node_id" : 5},

	"5:369" : {"timestamp" : 1346182716, "air_time" : 3,
 		"sequence" : 369, "fails" : 1,
 		"retries" : 1, "sample_1" : 10.60,
 		"sample_2" : -7.99, "sample_3" : 4.38,
 		"sample_4" : 0, "node_id" : 5},

	"5:370" : {"timestamp" : 1346182717, "air_time" : 6,
 		"sequence" : 370, "fails" : 2,
 		"retries" : 2, "sample_1" : 10.15,
 		"sample_2" : -7.12, "sample_3" : 4.13,
 		"sample_4" : 0, "node_id" : 5},

	"5:371" : {"timestamp" : 1346182718, "air_time" : 4,
 		"sequence" : 371, "fails" : 0,
 		"retries" : 1, "sample_1" : 10.90,
 		"sample_2" : -6.02, "sample_3" : 0.71,
 		"sample_4" : 0, "node_id" : 5},

	"5:372" : {"timestamp" : 1346182719, "air_time" : 9,
 		"sequence" : 372, "fails" : 2,
 		"retries" : 1, "sample_1" : 10.56,
 		"sample_2" : -2.65, "sample_3" : -0.23,
 		"sample_4" : 0, "node_id" : 5},

	"5:373" : {"timestamp" : 1346182720, "air_time" : 1,
 		"sequence" : 373, "fails" : 3,
 		"retries" : 2, "sample_1" : 9.46,
 		"sample_2" : -2.53, "sample_3" : -2.44,
 		"sample_4" : 0, "node_id" : 5},

	"5:374" : {"timestamp" : 1346182721, "air_time" : 1,
 		"sequence" : 374, "fails" : 1,
 		"retries" : 0, "sample_1" : 6.83,
 		"sample_2" : -0.13, "sample_3" : -3.47,
 		"sample_4" : 0, "node_id" : 5},

	"5:375" : {"timestamp" : 1346182722, "air_time" : 8,
 		"sequence" : 375, "fails" : 3,
 		"retries" : 0, "sample_1" : 6.70,
 		"sample_2" : 2.22, "sample_3" : -4.67,
 		"sample_4" : 0, "node_id" : 5},

	"5:376" : {"timestamp" : 1346182723, "air_time" : 7,
 		"sequence" : 376, "fails" : 0,
 		"retries" : 2, "sample_1" : 4.02,
 		"sample_2" : 3.74, "sample_3" : -6.18,
 		"sample_4" : 0, "node_id" : 5},

	"5:377" : {"timestamp" : 1346182724, "air_time" : 5,
 		"sequence" : 377, "fails" : 3,
 		"retries" : 1, "sample_1" : 1.74,
 		"sample_2" : 5.00, "sample_3" : -7.78,
 		"sample_4" : 0, "node_id" : 5},

	"5:378" : {"timestamp" : 1346182725, "air_time" : 8,
 		"sequence" : 378, "fails" : 3,
 		"retries" : 1, "sample_1" : 0.10,
 		"sample_2" : 5.44, "sample_3" : -8.23,
 		"sample_4" : 0, "node_id" : 5},

	"5:379" : {"timestamp" : 1346182726, "air_time" : 6,
 		"sequence" : 379, "fails" : 1,
 		"retries" : 0, "sample_1" : -1.44,
 		"sample_2" : 7.61, "sample_3" : -8.90,
 		"sample_4" : 0, "node_id" : 5},

	"5:380" : {"timestamp" : 1346182727, "air_time" : 1,
 		"sequence" : 380, "fails" : 2,
 		"retries" : 2, "sample_1" : -3.22,
 		"sample_2" : 8.28, "sample_3" : -8.37,
 		"sample_4" : 0, "node_id" : 5},

	"5:381" : {"timestamp" : 1346182728, "air_time" : 7,
 		"sequence" : 381, "fails" : 1,
 		"retries" : 1, "sample_1" : -3.60,
 		"sample_2" : 9.91, "sample_3" : -8.15,
 		"sample_4" : 0, "node_id" : 5},

	"5:382" : {"timestamp" : 1346182729, "air_time" : 2,
 		"sequence" : 382, "fails" : 1,
 		"retries" : 1, "sample_1" : -6.43,
 		"sample_2" : 10.16, "sample_3" : -7.82,
 		"sample_4" : 0, "node_id" : 5},

	"5:383" : {"timestamp" : 1346182730, "air_time" : 0,
 		"sequence" : 383, "fails" : 3,
 		"retries" : 1, "sample_1" : -7.16,
 		"sample_2" : 11.32, "sample_3" : -7.39,
 		"sample_4" : 0, "node_id" : 5},

	"5:384" : {"timestamp" : 1346182731, "air_time" : 2,
 		"sequence" : 384, "fails" : 2,
 		"retries" : 1, "sample_1" : -7.16,
 		"sample_2" : 10.19, "sample_3" : -7.30,
 		"sample_4" : 0, "node_id" : 5},

	"5:385" : {"timestamp" : 1346182732, "air_time" : 7,
 		"sequence" : 385, "fails" : 0,
 		"retries" : 2, "sample_1" : -8.40,
 		"sample_2" : 10.05, "sample_3" : -5.86,
 		"sample_4" : 0, "node_id" : 5},

	"5:386" : {"timestamp" : 1346182733, "air_time" : 7,
 		"sequence" : 386, "fails" : 2,
 		"retries" : 1, "sample_1" : -9.85,
 		"sample_2" : 9.71, "sample_3" : -4.70,
 		"sample_4" : 0, "node_id" : 5},

	"5:387" : {"timestamp" : 1346182734, "air_time" : 8,
 		"sequence" : 387, "fails" : 2,
 		"retries" : 2, "sample_1" : -8.50,
 		"sample_2" : 9.29, "sample_3" : -2.98,
 		"sample_4" : 0, "node_id" : 5},

	"5:388" : {"timestamp" : 1346182735, "air_time" : 0,
 		"sequence" : 388, "fails" : 2,
 		"retries" : 1, "sample_1" : -9.15,
 		"sample_2" : 7.72, "sample_3" : -1.23,
 		"sample_4" : 0, "node_id" : 5},

	"5:389" : {"timestamp" : 1346182736, "air_time" : 5,
 		"sequence" : 389, "fails" : 3,
 		"retries" : 0, "sample_1" : -8.60,
 		"sample_2" : 7.42, "sample_3" : -0.41,
 		"sample_4" : 0, "node_id" : 5},

	"5:390" : {"timestamp" : 1346182737, "air_time" : 8,
 		"sequence" : 390, "fails" : 0,
 		"retries" : 1, "sample_1" : -7.26,
 		"sample_2" : 6.25, "sample_3" : 1.93,
 		"sample_4" : 0, "node_id" : 5},

	"5:391" : {"timestamp" : 1346182738, "air_time" : 4,
 		"sequence" : 391, "fails" : 0,
 		"retries" : 0, "sample_1" : -5.76,
 		"sample_2" : 4.03, "sample_3" : 4.44,
 		"sample_4" : 0, "node_id" : 5},

	"5:392" : {"timestamp" : 1346182739, "air_time" : 7,
 		"sequence" : 392, "fails" : 0,
 		"retries" : 2, "sample_1" : -4.53,
 		"sample_2" : 1.43, "sample_3" : 5.67,
 		"sample_4" : 0, "node_id" : 5},

	"5:393" : {"timestamp" : 1346182740, "air_time" : 4,
 		"sequence" : 393, "fails" : 1,
 		"retries" : 2, "sample_1" : -4.30,
 		"sample_2" : -0.52, "sample_3" : 7.57,
 		"sample_4" : 0, "node_id" : 5},

	"5:394" : {"timestamp" : 1346182741, "air_time" : 2,
 		"sequence" : 394, "fails" : 2,
 		"retries" : 1, "sample_1" : -2.52,
 		"sample_2" : -0.64, "sample_3" : 7.18,
 		"sample_4" : 0, "node_id" : 5},

	"5:395" : {"timestamp" : 1346182742, "air_time" : 8,
 		"sequence" : 395, "fails" : 0,
 		"retries" : 2, "sample_1" : -0.24,
 		"sample_2" : -2.80, "sample_3" : 9.08,
 		"sample_4" : 0, "node_id" : 5},

	"5:396" : {"timestamp" : 1346182743, "air_time" : 5,
 		"sequence" : 396, "fails" : 2,
 		"retries" : 2, "sample_1" : 1.10,
 		"sample_2" : -4.94, "sample_3" : 10.43,
 		"sample_4" : 0, "node_id" : 5},

	"5:397" : {"timestamp" : 1346182744, "air_time" : 6,
 		"sequence" : 397, "fails" : 3,
 		"retries" : 1, "sample_1" : 3.14,
 		"sample_2" : -5.11, "sample_3" : 10.00,
 		"sample_4" : 0, "node_id" : 5},

	"5:398" : {"timestamp" : 1346182745, "air_time" : 5,
 		"sequence" : 398, "fails" : 0,
 		"retries" : 1, "sample_1" : 5.22,
 		"sample_2" : -6.28, "sample_3" : 10.97,
 		"sample_4" : 0, "node_id" : 5},

	"5:399" : {"timestamp" : 1346182746, "air_time" : 8,
 		"sequence" : 399, "fails" : 3,
 		"retries" : 1, "sample_1" : 5.70,
 		"sample_2" : -7.91, "sample_3" : 11.75,
 		"sample_4" : 0, "node_id" : 5},

	"5:400" : {"timestamp" : 1346182747, "air_time" : 6,
 		"sequence" : 400, "fails" : 2,
 		"retries" : 1, "sample_1" : 8.23,
 		"sample_2" : -7.86, "sample_3" : 11.52,
 		"sample_4" : 0, "node_id" : 5},

	"5:401" : {"timestamp" : 1346182748, "air_time" : 9,
 		"sequence" : 401, "fails" : 3,
 		"retries" : 2, "sample_1" : 7.96,
 		"sample_2" : -9.62, "sample_3" : 9.59,
 		"sample_4" : 0, "node_id" : 5},

	"5:402" : {"timestamp" : 1346182749, "air_time" : 3,
 		"sequence" : 402, "fails" : 3,
 		"retries" : 1, "sample_1" : 9.16,
 		"sample_2" : -9.39, "sample_3" : 9.70,
 		"sample_4" : 0, "node_id" : 5},

	"5:403" : {"timestamp" : 1346182750, "air_time" : 2,
 		"sequence" : 403, "fails" : 1,
 		"retries" : 0, "sample_1" : 11.10,
 		"sample_2" : -9.45, "sample_3" : 7.86,
 		"sample_4" : 0, "node_id" : 5},

	"5:404" : {"timestamp" : 1346182751, "air_time" : 0,
 		"sequence" : 404, "fails" : 3,
 		"retries" : 0, "sample_1" : 11.45,
 		"sample_2" : -7.51, "sample_3" : 6.10,
 		"sample_4" : 0, "node_id" : 5},

	"5:405" : {"timestamp" : 1346182752, "air_time" : 3,
 		"sequence" : 405, "fails" : 3,
 		"retries" : 2, "sample_1" : 11.00,
 		"sample_2" : -7.39, "sample_3" : 5.18,
 		"sample_4" : 0, "node_id" : 5},

	"5:406" : {"timestamp" : 1346182753, "air_time" : 8,
 		"sequence" : 406, "fails" : 2,
 		"retries" : 1, "sample_1" : 11.15,
 		"sample_2" : -5.92, "sample_3" : 3.03,
 		"sample_4" : 0, "node_id" : 5},

	"5:407" : {"timestamp" : 1346182754, "air_time" : 9,
 		"sequence" : 407, "fails" : 1,
 		"retries" : 2, "sample_1" : 10.70,
 		"sample_2" : -4.72, "sample_3" : 1.11,
 		"sample_4" : 0, "node_id" : 5},

	"5:408" : {"timestamp" : 1346182755, "air_time" : 7,
 		"sequence" : 408, "fails" : 1,
 		"retries" : 2, "sample_1" : 9.96,
 		"sample_2" : -3.25, "sample_3" : -0.43,
 		"sample_4" : 0, "node_id" : 5},

	"5:409" : {"timestamp" : 1346182756, "air_time" : 3,
 		"sequence" : 409, "fails" : 1,
 		"retries" : 2, "sample_1" : 9.06,
 		"sample_2" : -2.33, "sample_3" : -2.44,
 		"sample_4" : 0, "node_id" : 5},

	"5:410" : {"timestamp" : 1346182757, "air_time" : 4,
 		"sequence" : 410, "fails" : 2,
 		"retries" : 0, "sample_1" : 7.03,
 		"sample_2" : -0.93, "sample_3" : -3.97,
 		"sample_4" : 0, "node_id" : 5},

	"5:411" : {"timestamp" : 1346182758, "air_time" : 4,
 		"sequence" : 411, "fails" : 0,
 		"retries" : 2, "sample_1" : 5.50,
 		"sample_2" : 2.12, "sample_3" : -5.47,
 		"sample_4" : 0, "node_id" : 5},

	"5:412" : {"timestamp" : 1346182759, "air_time" : 7,
 		"sequence" : 412, "fails" : 0,
 		"retries" : 0, "sample_1" : 4.42,
 		"sample_2" : 3.64, "sample_3" : -6.58,
 		"sample_4" : 0, "node_id" : 5},

	"5:413" : {"timestamp" : 1346182760, "air_time" : 4,
 		"sequence" : 413, "fails" : 2,
 		"retries" : 1, "sample_1" : 3.24,
 		"sample_2" : 4.80, "sample_3" : -7.98,
 		"sample_4" : 0, "node_id" : 5},

	"5:414" : {"timestamp" : 1346182761, "air_time" : 0,
 		"sequence" : 414, "fails" : 0,
 		"retries" : 0, "sample_1" : 1.30,
 		"sample_2" : 7.34, "sample_3" : -8.33,
 		"sample_4" : 0, "node_id" : 5},

	"5:415" : {"timestamp" : 1346182762, "air_time" : 5,
 		"sequence" : 415, "fails" : 0,
 		"retries" : 1, "sample_1" : -0.14,
 		"sample_2" : 6.91, "sample_3" : -8.80,
 		"sample_4" : 0, "node_id" : 5},

	"5:416" : {"timestamp" : 1346182763, "air_time" : 7,
 		"sequence" : 416, "fails" : 1,
 		"retries" : 0, "sample_1" : -2.12,
 		"sample_2" : 8.78, "sample_3" : -8.17,
 		"sample_4" : 0, "node_id" : 5},

	"5:417" : {"timestamp" : 1346182764, "air_time" : 5,
 		"sequence" : 417, "fails" : 1,
 		"retries" : 0, "sample_1" : -3.80,
 		"sample_2" : 9.01, "sample_3" : -9.25,
 		"sample_4" : 0, "node_id" : 5},

	"5:418" : {"timestamp" : 1346182765, "air_time" : 1,
 		"sequence" : 418, "fails" : 1,
 		"retries" : 0, "sample_1" : -5.53,
 		"sample_2" : 10.66, "sample_3" : -9.22,
 		"sample_4" : 0, "node_id" : 5},

	"5:419" : {"timestamp" : 1346182766, "air_time" : 9,
 		"sequence" : 419, "fails" : 1,
 		"retries" : 2, "sample_1" : -5.76,
 		"sample_2" : 10.52, "sample_3" : -8.19,
 		"sample_4" : 0, "node_id" : 5},

	"5:420" : {"timestamp" : 1346182767, "air_time" : 6,
 		"sequence" : 420, "fails" : 0,
 		"retries" : 1, "sample_1" : -8.36,
 		"sample_2" : 11.69, "sample_3" : -6.60,
 		"sample_4" : 0, "node_id" : 5},

	"5:421" : {"timestamp" : 1346182768, "air_time" : 8,
 		"sequence" : 421, "fails" : 0,
 		"retries" : 1, "sample_1" : -8.00,
 		"sample_2" : 9.95, "sample_3" : -5.56,
 		"sample_4" : 0, "node_id" : 5},

	"5:422" : {"timestamp" : 1346182769, "air_time" : 4,
 		"sequence" : 422, "fails" : 2,
 		"retries" : 1, "sample_1" : -8.55,
 		"sample_2" : 9.61, "sample_3" : -5.00,
 		"sample_4" : 0, "node_id" : 5},

	"5:423" : {"timestamp" : 1346182770, "air_time" : 5,
 		"sequence" : 423, "fails" : 1,
 		"retries" : 2, "sample_1" : -8.20,
 		"sample_2" : 8.99, "sample_3" : -3.48,
 		"sample_4" : 0, "node_id" : 5},

	"5:424" : {"timestamp" : 1346182771, "air_time" : 4,
 		"sequence" : 424, "fails" : 3,
 		"retries" : 0, "sample_1" : -9.25,
 		"sample_2" : 8.32, "sample_3" : -0.93,
 		"sample_4" : 0, "node_id" : 5},

	"5:425" : {"timestamp" : 1346182772, "air_time" : 3,
 		"sequence" : 425, "fails" : 3,
 		"retries" : 0, "sample_1" : -9.30,
 		"sample_2" : 6.82, "sample_3" : 0.89,
 		"sample_4" : 0, "node_id" : 5},

	"5:426" : {"timestamp" : 1346182773, "air_time" : 2,
 		"sequence" : 426, "fails" : 0,
 		"retries" : 0, "sample_1" : -7.76,
 		"sample_2" : 5.05, "sample_3" : 1.13,
 		"sample_4" : 0, "node_id" : 5},

	"5:427" : {"timestamp" : 1346182774, "air_time" : 4,
 		"sequence" : 427, "fails" : 3,
 		"retries" : 2, "sample_1" : -6.06,
 		"sample_2" : 3.53, "sample_3" : 4.64,
 		"sample_4" : 0, "node_id" : 5},

	"5:428" : {"timestamp" : 1346182775, "air_time" : 8,
 		"sequence" : 428, "fails" : 3,
 		"retries" : 0, "sample_1" : -5.43,
 		"sample_2" : 1.33, "sample_3" : 5.47,
 		"sample_4" : 0, "node_id" : 5},

	"5:429" : {"timestamp" : 1346182776, "air_time" : 5,
 		"sequence" : 429, "fails" : 3,
 		"retries" : 2, "sample_1" : -4.60,
 		"sample_2" : 0.78, "sample_3" : 6.67,
 		"sample_4" : 0, "node_id" : 5},

	"5:430" : {"timestamp" : 1346182777, "air_time" : 5,
 		"sequence" : 430, "fails" : 3,
 		"retries" : 1, "sample_1" : -3.22,
 		"sample_2" : -1.04, "sample_3" : 7.18,
 		"sample_4" : 0, "node_id" : 5},

	"5:431" : {"timestamp" : 1346182778, "air_time" : 0,
 		"sequence" : 431, "fails" : 0,
 		"retries" : 1, "sample_1" : -0.64,
 		"sample_2" : -3.30, "sample_3" : 9.68,
 		"sample_4" : 0, "node_id" : 5},

	"5:432" : {"timestamp" : 1346182779, "air_time" : 9,
 		"sequence" : 432, "fails" : 3,
 		"retries" : 2, "sample_1" : 1.00,
 		"sample_2" : -4.94, "sample_3" : 9.43,
 		"sample_4" : 0, "node_id" : 5},

	"5:433" : {"timestamp" : 1346182780, "air_time" : 4,
 		"sequence" : 433, "fails" : 2,
 		"retries" : 2, "sample_1" : 3.14,
 		"sample_2" : -5.91, "sample_3" : 11.30,
 		"sample_4" : 0, "node_id" : 5},

	"5:434" : {"timestamp" : 1346182781, "air_time" : 1,
 		"sequence" : 434, "fails" : 0,
 		"retries" : 0, "sample_1" : 4.12,
 		"sample_2" : -6.58, "sample_3" : 10.37,
 		"sample_4" : 0, "node_id" : 5},

	"5:435" : {"timestamp" : 1346182782, "air_time" : 3,
 		"sequence" : 435, "fails" : 3,
 		"retries" : 2, "sample_1" : 6.50,
 		"sample_2" : -7.21, "sample_3" : 11.55,
 		"sample_4" : 0, "node_id" : 5},

	"5:436" : {"timestamp" : 1346182783, "air_time" : 0,
 		"sequence" : 436, "fails" : 1,
 		"retries" : 1, "sample_1" : 8.33,
 		"sample_2" : -9.26, "sample_3" : 11.32,
 		"sample_4" : 0, "node_id" : 5},

	"5:437" : {"timestamp" : 1346182784, "air_time" : 4,
 		"sequence" : 437, "fails" : 2,
 		"retries" : 1, "sample_1" : 7.66,
 		"sample_2" : -9.32, "sample_3" : 10.69,
 		"sample_4" : 0, "node_id" : 5},

	"5:438" : {"timestamp" : 1346182785, "air_time" : 9,
 		"sequence" : 438, "fails" : 2,
 		"retries" : 0, "sample_1" : 8.76,
 		"sample_2" : -8.49, "sample_3" : 8.70,
 		"sample_4" : 0, "node_id" : 5},

	"5:439" : {"timestamp" : 1346182786, "air_time" : 8,
 		"sequence" : 439, "fails" : 0,
 		"retries" : 1, "sample_1" : 11.10,
 		"sample_2" : -8.75, "sample_3" : 7.96,
 		"sample_4" : 0, "node_id" : 5},

	"5:440" : {"timestamp" : 1346182787, "air_time" : 4,
 		"sequence" : 440, "fails" : 1,
 		"retries" : 2, "sample_1" : 11.55,
 		"sample_2" : -8.81, "sample_3" : 7.20,
 		"sample_4" : 0, "node_id" : 5},

	"5:441" : {"timestamp" : 1346182788, "air_time" : 0,
 		"sequence" : 441, "fails" : 1,
 		"retries" : 2, "sample_1" : 11.00,
 		"sample_2" : -7.89, "sample_3" : 4.98,
 		"sample_4" : 0, "node_id" : 5},

	"5:442" : {"timestamp" : 1346182789, "air_time" : 8,
 		"sequence" : 442, "fails" : 3,
 		"retries" : 0, "sample_1" : 11.35,
 		"sample_2" : -7.22, "sample_3" : 4.13,
 		"sample_4" : 0, "node_id" : 5},

	"5:443" : {"timestamp" : 1346182790, "air_time" : 5,
 		"sequence" : 443, "fails" : 1,
 		"retries" : 0, "sample_1" : 9.40,
 		"sample_2" : -5.72, "sample_3" : 2.61,
 		"sample_4" : 0, "node_id" : 5},

	"5:444" : {"timestamp" : 1346182791, "air_time" : 4,
 		"sequence" : 444, "fails" : 1,
 		"retries" : 0, "sample_1" : 10.56,
 		"sample_2" : -4.45, "sample_3" : -0.33,
 		"sample_4" : 0, "node_id" : 5},

	"5:445" : {"timestamp" : 1346182792, "air_time" : 6,
 		"sequence" : 445, "fails" : 0,
 		"retries" : 2, "sample_1" : 8.86,
 		"sample_2" : -1.53, "sample_3" : -1.84,
 		"sample_4" : 0, "node_id" : 5},

	"5:446" : {"timestamp" : 1346182793, "air_time" : 3,
 		"sequence" : 446, "fails" : 3,
 		"retries" : 2, "sample_1" : 7.03,
 		"sample_2" : -0.73, "sample_3" : -3.27,
 		"sample_4" : 0, "node_id" : 5},

	"5:447" : {"timestamp" : 1346182794, "air_time" : 7,
 		"sequence" : 447, "fails" : 1,
 		"retries" : 1, "sample_1" : 5.00,
 		"sample_2" : 2.02, "sample_3" : -4.97,
 		"sample_4" : 0, "node_id" : 5},

	"5:448" : {"timestamp" : 1346182795, "air_time" : 7,
 		"sequence" : 448, "fails" : 1,
 		"retries" : 0, "sample_1" : 5.32,
 		"sample_2" : 3.64, "sample_3" : -6.58,
 		"sample_4" : 0, "node_id" : 5},

	"5:449" : {"timestamp" : 1346182796, "air_time" : 3,
 		"sequence" : 449, "fails" : 2,
 		"retries" : 2, "sample_1" : 1.94,
 		"sample_2" : 4.60, "sample_3" : -7.98,
 		"sample_4" : 0, "node_id" : 5},

	"5:450" : {"timestamp" : 1346182797, "air_time" : 8,
 		"sequence" : 450, "fails" : 3,
 		"retries" : 1, "sample_1" : 1.00,
 		"sample_2" : 7.04, "sample_3" : -8.63,
 		"sample_4" : 0, "node_id" : 5},

	"5:451" : {"timestamp" : 1346182798, "air_time" : 4,
 		"sequence" : 451, "fails" : 1,
 		"retries" : 1, "sample_1" : -1.54,
 		"sample_2" : 7.71, "sample_3" : -8.00,
 		"sample_4" : 0, "node_id" : 5},

	"5:452" : {"timestamp" : 1346182799, "air_time" : 3,
 		"sequence" : 452, "fails" : 1,
 		"retries" : 2, "sample_1" : -2.82,
 		"sample_2" : 8.88, "sample_3" : -9.17,
 		"sample_4" : 0, "node_id" : 5},

	"5:453" : {"timestamp" : 1346182800, "air_time" : 5,
 		"sequence" : 453, "fails" : 0,
 		"retries" : 1, "sample_1" : -3.90,
 		"sample_2" : 10.51, "sample_3" : -9.85,
 		"sample_4" : 0, "node_id" : 5},

	"5:454" : {"timestamp" : 1346182801, "air_time" : 8,
 		"sequence" : 454, "fails" : 0,
 		"retries" : 1, "sample_1" : -4.93,
 		"sample_2" : 11.26, "sample_3" : -8.22,
 		"sample_4" : 0, "node_id" : 5},

	"5:455" : {"timestamp" : 1346182802, "air_time" : 6,
 		"sequence" : 455, "fails" : 2,
 		"retries" : 2, "sample_1" : -6.26,
 		"sample_2" : 11.32, "sample_3" : -7.69,
 		"sample_4" : 0, "node_id" : 5},

	"5:456" : {"timestamp" : 1346182803, "air_time" : 5,
 		"sequence" : 456, "fails" : 0,
 		"retries" : 2, "sample_1" : -6.86,
 		"sample_2" : 11.79, "sample_3" : -7.30,
 		"sample_4" : 0, "node_id" : 5},

	"5:457" : {"timestamp" : 1346182804, "air_time" : 8,
 		"sequence" : 457, "fails" : 3,
 		"retries" : 1, "sample_1" : -8.80,
 		"sample_2" : 10.95, "sample_3" : -6.06,
 		"sample_4" : 0, "node_id" : 5},

	"5:458" : {"timestamp" : 1346182805, "air_time" : 7,
 		"sequence" : 458, "fails" : 0,
 		"retries" : 1, "sample_1" : -8.65,
 		"sample_2" : 9.61, "sample_3" : -5.60,
 		"sample_4" : 0, "node_id" : 5},

	"5:459" : {"timestamp" : 1346182806, "air_time" : 1,
 		"sequence" : 459, "fails" : 3,
 		"retries" : 2, "sample_1" : -8.70,
 		"sample_2" : 9.69, "sample_3" : -2.18,
 		"sample_4" : 0, "node_id" : 5},

	"5:460" : {"timestamp" : 1346182807, "air_time" : 8,
 		"sequence" : 460, "fails" : 1,
 		"retries" : 2, "sample_1" : -8.85,
 		"sample_2" : 9.02, "sample_3" : -1.43,
 		"sample_4" : 0, "node_id" : 5},

	"5:461" : {"timestamp" : 1346182808, "air_time" : 5,
 		"sequence" : 461, "fails" : 3,
 		"retries" : 0, "sample_1" : -9.40,
 		"sample_2" : 7.22, "sample_3" : 0.89,
 		"sample_4" : 0, "node_id" : 5},

	"5:462" : {"timestamp" : 1346182809, "air_time" : 0,
 		"sequence" : 462, "fails" : 2,
 		"retries" : 2, "sample_1" : -7.26,
 		"sample_2" : 6.35, "sample_3" : 2.83,
 		"sample_4" : 0, "node_id" : 5},

	"5:463" : {"timestamp" : 1346182810, "air_time" : 6,
 		"sequence" : 463, "fails" : 1,
 		"retries" : 2, "sample_1" : -7.36,
 		"sample_2" : 4.73, "sample_3" : 2.94,
 		"sample_4" : 0, "node_id" : 5},

	"5:464" : {"timestamp" : 1346182811, "air_time" : 2,
 		"sequence" : 464, "fails" : 3,
 		"retries" : 1, "sample_1" : -5.53,
 		"sample_2" : 2.63, "sample_3" : 5.57,
 		"sample_4" : 0, "node_id" : 5},

	"5:465" : {"timestamp" : 1346182812, "air_time" : 4,
 		"sequence" : 465, "fails" : 0,
 		"retries" : 0, "sample_1" : -3.20,
 		"sample_2" : 1.28, "sample_3" : 7.37,
 		"sample_4" : 0, "node_id" : 5},

	"5:466" : {"timestamp" : 1346182813, "air_time" : 0,
 		"sequence" : 466, "fails" : 0,
 		"retries" : 2, "sample_1" : -3.22,
 		"sample_2" : -0.44, "sample_3" : 8.98,
 		"sample_4" : 0, "node_id" : 5},

	"5:467" : {"timestamp" : 1346182814, "air_time" : 8,
 		"sequence" : 467, "fails" : 3,
 		"retries" : 1, "sample_1" : -1.34,
 		"sample_2" : -2.90, "sample_3" : 9.28,
 		"sample_4" : 0, "node_id" : 5},

	"5:468" : {"timestamp" : 1346182815, "air_time" : 2,
 		"sequence" : 468, "fails" : 3,
 		"retries" : 2, "sample_1" : 1.10,
 		"sample_2" : -5.14, "sample_3" : 9.73,
 		"sample_4" : 0, "node_id" : 5},

	"5:469" : {"timestamp" : 1346182816, "air_time" : 3,
 		"sequence" : 469, "fails" : 1,
 		"retries" : 2, "sample_1" : 2.04,
 		"sample_2" : -5.21, "sample_3" : 9.90,
 		"sample_4" : 0, "node_id" : 5},

	"5:470" : {"timestamp" : 1346182817, "air_time" : 2,
 		"sequence" : 470, "fails" : 3,
 		"retries" : 0, "sample_1" : 4.92,
 		"sample_2" : -6.78, "sample_3" : 11.67,
 		"sample_4" : 0, "node_id" : 5},

	"5:471" : {"timestamp" : 1346182818, "air_time" : 5,
 		"sequence" : 471, "fails" : 3,
 		"retries" : 2, "sample_1" : 5.70,
 		"sample_2" : -8.61, "sample_3" : 11.25,
 		"sample_4" : 0, "node_id" : 5},

	"5:472" : {"timestamp" : 1346182819, "air_time" : 0,
 		"sequence" : 472, "fails" : 3,
 		"retries" : 1, "sample_1" : 8.23,
 		"sample_2" : -8.16, "sample_3" : 11.42,
 		"sample_4" : 0, "node_id" : 5},

	"5:473" : {"timestamp" : 1346182820, "air_time" : 5,
 		"sequence" : 473, "fails" : 1,
 		"retries" : 0, "sample_1" : 8.46,
 		"sample_2" : -9.22, "sample_3" : 10.89,
 		"sample_4" : 0, "node_id" : 5},

	"5:474" : {"timestamp" : 1346182821, "air_time" : 9,
 		"sequence" : 474, "fails" : 3,
 		"retries" : 2, "sample_1" : 9.26,
 		"sample_2" : -8.99, "sample_3" : 9.20,
 		"sample_4" : 0, "node_id" : 5},

	"5:475" : {"timestamp" : 1346182822, "air_time" : 9,
 		"sequence" : 475, "fails" : 1,
 		"retries" : 2, "sample_1" : 10.50,
 		"sample_2" : -9.05, "sample_3" : 8.26,
 		"sample_4" : 0, "node_id" : 5},

	"5:476" : {"timestamp" : 1346182823, "air_time" : 9,
 		"sequence" : 476, "fails" : 1,
 		"retries" : 2, "sample_1" : 11.15,
 		"sample_2" : -8.21, "sample_3" : 7.10,
 		"sample_4" : 0, "node_id" : 5},

	"5:477" : {"timestamp" : 1346182824, "air_time" : 1,
 		"sequence" : 477, "fails" : 0,
 		"retries" : 0, "sample_1" : 11.80,
 		"sample_2" : -6.79, "sample_3" : 5.48,
 		"sample_4" : 0, "node_id" : 5},

	"5:478" : {"timestamp" : 1346182825, "air_time" : 6,
 		"sequence" : 478, "fails" : 1,
 		"retries" : 1, "sample_1" : 9.95,
 		"sample_2" : -7.32, "sample_3" : 3.73,
 		"sample_4" : 0, "node_id" : 5},

	"5:479" : {"timestamp" : 1346182826, "air_time" : 3,
 		"sequence" : 479, "fails" : 3,
 		"retries" : 0, "sample_1" : 9.60,
 		"sample_2" : -5.62, "sample_3" : 2.01,
 		"sample_4" : 0, "node_id" : 5},

	"5:480" : {"timestamp" : 1346182827, "air_time" : 0,
 		"sequence" : 480, "fails" : 2,
 		"retries" : 1, "sample_1" : 9.36,
 		"sample_2" : -2.65, "sample_3" : 0.57,
 		"sample_4" : 0, "node_id" : 5},

	"5:481" : {"timestamp" : 1346182828, "air_time" : 6,
 		"sequence" : 481, "fails" : 3,
 		"retries" : 1, "sample_1" : 8.06,
 		"sample_2" : -1.73, "sample_3" : -1.74,
 		"sample_4" : 0, "node_id" : 5},

	"5:482" : {"timestamp" : 1346182829, "air_time" : 3,
 		"sequence" : 482, "fails" : 3,
 		"retries" : 1, "sample_1" : 8.23,
 		"sample_2" : 0.47, "sample_3" : -4.07,
 		"sample_4" : 0, "node_id" : 5},

	"5:483" : {"timestamp" : 1346182830, "air_time" : 5,
 		"sequence" : 483, "fails" : 0,
 		"retries" : 1, "sample_1" : 5.80,
 		"sample_2" : 1.02, "sample_3" : -5.57,
 		"sample_4" : 0, "node_id" : 5},

	"5:484" : {"timestamp" : 1346182831, "air_time" : 7,
 		"sequence" : 484, "fails" : 3,
 		"retries" : 0, "sample_1" : 5.32,
 		"sample_2" : 3.14, "sample_3" : -5.98,
 		"sample_4" : 0, "node_id" : 5},

	"5:485" : {"timestamp" : 1346182832, "air_time" : 4,
 		"sequence" : 485, "fails" : 2,
 		"retries" : 1, "sample_1" : 3.54,
 		"sample_2" : 3.90, "sample_3" : -7.08,
 		"sample_4" : 0, "node_id" : 5},

	"5:486" : {"timestamp" : 1346182833, "air_time" : 4,
 		"sequence" : 486, "fails" : 3,
 		"retries" : 1, "sample_1" : 0.40,
 		"sample_2" : 6.24, "sample_3" : -8.53,
 		"sample_4" : 0, "node_id" : 5},

	"5:487" : {"timestamp" : 1346182834, "air_time" : 5,
 		"sequence" : 487, "fails" : 0,
 		"retries" : 2, "sample_1" : -1.14,
 		"sample_2" : 8.61, "sample_3" : -8.20,
 		"sample_4" : 0, "node_id" : 5},

	"5:488" : {"timestamp" : 1346182835, "air_time" : 8,
 		"sequence" : 488, "fails" : 1,
 		"retries" : 2, "sample_1" : -1.92,
 		"sample_2" : 8.08, "sample_3" : -8.57,
 		"sample_4" : 0, "node_id" : 5},

	"5:489" : {"timestamp" : 1346182836, "air_time" : 7,
 		"sequence" : 489, "fails" : 3,
 		"retries" : 1, "sample_1" : -4.80,
 		"sample_2" : 9.01, "sample_3" : -8.15,
 		"sample_4" : 0, "node_id" : 5},

	"5:490" : {"timestamp" : 1346182837, "air_time" : 2,
 		"sequence" : 490, "fails" : 1,
 		"retries" : 1, "sample_1" : -5.23,
 		"sample_2" : 10.26, "sample_3" : -8.72,
 		"sample_4" : 0, "node_id" : 5},

	"5:491" : {"timestamp" : 1346182838, "air_time" : 8,
 		"sequence" : 491, "fails" : 0,
 		"retries" : 2, "sample_1" : -6.96,
 		"sample_2" : 10.32, "sample_3" : -8.99,
 		"sample_4" : 0, "node_id" : 5},

	"5:492" : {"timestamp" : 1346182839, "air_time" : 0,
 		"sequence" : 492, "fails" : 1,
 		"retries" : 2, "sample_1" : -7.66,
 		"sample_2" : 11.79, "sample_3" : -7.10,
 		"sample_4" : 0, "node_id" : 5},

	"5:493" : {"timestamp" : 1346182840, "air_time" : 7,
 		"sequence" : 493, "fails" : 0,
 		"retries" : 2, "sample_1" : -7.90,
 		"sample_2" : 11.15, "sample_3" : -6.56,
 		"sample_4" : 0, "node_id" : 5},

	"5:494" : {"timestamp" : 1346182841, "air_time" : 4,
 		"sequence" : 494, "fails" : 1,
 		"retries" : 1, "sample_1" : -9.15,
 		"sample_2" : 9.71, "sample_3" : -4.10,
 		"sample_4" : 0, "node_id" : 5},

	"5:495" : {"timestamp" : 1346182842, "air_time" : 8,
 		"sequence" : 495, "fails" : 2,
 		"retries" : 0, "sample_1" : -9.30,
 		"sample_2" : 9.89, "sample_3" : -3.68,
 		"sample_4" : 0, "node_id" : 5},

	"5:496" : {"timestamp" : 1346182843, "air_time" : 8,
 		"sequence" : 496, "fails" : 3,
 		"retries" : 0, "sample_1" : -8.35,
 		"sample_2" : 7.52, "sample_3" : -1.33,
 		"sample_4" : 0, "node_id" : 5},

	"5:497" : {"timestamp" : 1346182844, "air_time" : 5,
 		"sequence" : 497, "fails" : 2,
 		"retries" : 0, "sample_1" : -7.80,
 		"sample_2" : 6.62, "sample_3" : 0.89,
 		"sample_4" : 0, "node_id" : 5},

	"5:498" : {"timestamp" : 1346182845, "air_time" : 0,
 		"sequence" : 498, "fails" : 1,
 		"retries" : 0, "sample_1" : -6.96,
 		"sample_2" : 5.35, "sample_3" : 2.13,
 		"sample_4" : 0, "node_id" : 5},

	"5:499" : {"timestamp" : 1346182846, "air_time" : 4,
 		"sequence" : 499, "fails" : 0,
 		"retries" : 0, "sample_1" : -6.26,
 		"sample_2" : 3.53, "sample_3" : 2.94,
 		"sample_4" : 0, "node_id" : 5},

	"5:500" : {"timestamp" : 1346182847, "air_time" : 5,
 		"sequence" : 500, "fails" : 0,
 		"retries" : 1, "sample_1" : -4.83,
 		"sample_2" : 2.33, "sample_3" : 5.87,
 		"sample_4" : 0, "node_id" : 5},

	"5:501" : {"timestamp" : 1346182848, "air_time" : 5,
 		"sequence" : 501, "fails" : 3,
 		"retries" : 2, "sample_1" : -4.20,
 		"sample_2" : 0.08, "sample_3" : 7.57,
 		"sample_4" : 0, "node_id" : 5},

	"5:502" : {"timestamp" : 1346182849, "air_time" : 4,
 		"sequence" : 502, "fails" : 0,
 		"retries" : 1, "sample_1" : -1.62,
 		"sample_2" : -2.24, "sample_3" : 8.08,
 		"sample_4" : 0, "node_id" : 5},

	"5:503" : {"timestamp" : 1346182850, "air_time" : 5,
 		"sequence" : 503, "fails" : 1,
 		"retries" : 1, "sample_1" : -0.04,
 		"sample_2" : -3.90, "sample_3" : 9.28,
 		"sample_4" : 0, "node_id" : 5},

	"5:504" : {"timestamp" : 1346182851, "air_time" : 1,
 		"sequence" : 504, "fails" : 0,
 		"retries" : 2, "sample_1" : -0.00,
 		"sample_2" : -4.74, "sample_3" : 9.33,
 		"sample_4" : 0, "node_id" : 5},

	"5:505" : {"timestamp" : 1346182852, "air_time" : 7,
 		"sequence" : 505, "fails" : 0,
 		"retries" : 1, "sample_1" : 3.64,
 		"sample_2" : -6.61, "sample_3" : 11.30,
 		"sample_4" : 0, "node_id" : 5},

	"5:506" : {"timestamp" : 1346182853, "air_time" : 4,
 		"sequence" : 506, "fails" : 0,
 		"retries" : 0, "sample_1" : 4.32,
 		"sample_2" : -7.38, "sample_3" : 10.27,
 		"sample_4" : 0, "node_id" : 5},

	"5:507" : {"timestamp" : 1346182854, "air_time" : 7,
 		"sequence" : 507, "fails" : 0,
 		"retries" : 0, "sample_1" : 5.00,
 		"sample_2" : -8.61, "sample_3" : 10.25,
 		"sample_4" : 0, "node_id" : 5},

	"5:508" : {"timestamp" : 1346182855, "air_time" : 2,
 		"sequence" : 508, "fails" : 1,
 		"retries" : 2, "sample_1" : 8.23,
 		"sample_2" : -9.56, "sample_3" : 10.42,
 		"sample_4" : 0, "node_id" : 5},

	"5:509" : {"timestamp" : 1346182856, "air_time" : 5,
 		"sequence" : 509, "fails" : 0,
 		"retries" : 0, "sample_1" : 8.66,
 		"sample_2" : -8.32, "sample_3" : 8.99,
 		"sample_4" : 0, "node_id" : 5},

	"5:510" : {"timestamp" : 1346182857, "air_time" : 4,
 		"sequence" : 510, "fails" : 1,
 		"retries" : 2, "sample_1" : 8.76,
 		"sample_2" : -9.09, "sample_3" : 9.10,
 		"sample_4" : 0, "node_id" : 5},

	"5:511" : {"timestamp" : 1346182858, "air_time" : 2,
 		"sequence" : 511, "fails" : 3,
 		"retries" : 0, "sample_1" : 11.10,
 		"sample_2" : -8.15, "sample_3" : 7.66,
 		"sample_4" : 0, "node_id" : 5},

	"5:512" : {"timestamp" : 1346182859, "air_time" : 8,
 		"sequence" : 512, "fails" : 0,
 		"retries" : 2, "sample_1" : 10.45,
 		"sample_2" : -8.01, "sample_3" : 6.10,
 		"sample_4" : 0, "node_id" : 5},

	"5:513" : {"timestamp" : 1346182860, "air_time" : 0,
 		"sequence" : 513, "fails" : 2,
 		"retries" : 2, "sample_1" : 11.00,
 		"sample_2" : -7.49, "sample_3" : 4.58,
 		"sample_4" : 0, "node_id" : 5},

	"5:514" : {"timestamp" : 1346182861, "air_time" : 7,
 		"sequence" : 514, "fails" : 3,
 		"retries" : 0, "sample_1" : 11.25,
 		"sample_2" : -6.32, "sample_3" : 4.33,
 		"sample_4" : 0, "node_id" : 5},

	"5:515" : {"timestamp" : 1346182862, "air_time" : 8,
 		"sequence" : 515, "fails" : 3,
 		"retries" : 0, "sample_1" : 9.90,
 		"sample_2" : -5.62, "sample_3" : 1.81,
 		"sample_4" : 0, "node_id" : 5},

	"5:516" : {"timestamp" : 1346182863, "air_time" : 6,
 		"sequence" : 516, "fails" : 0,
 		"retries" : 2, "sample_1" : 8.96,
 		"sample_2" : -4.15, "sample_3" : -0.13,
 		"sample_4" : 0, "node_id" : 5},

	"5:517" : {"timestamp" : 1346182864, "air_time" : 9,
 		"sequence" : 517, "fails" : 0,
 		"retries" : 1, "sample_1" : 7.86,
 		"sample_2" : -1.93, "sample_3" : -1.84,
 		"sample_4" : 0, "node_id" : 5},

	"5:518" : {"timestamp" : 1346182865, "air_time" : 9,
 		"sequence" : 518, "fails" : 1,
 		"retries" : 0, "sample_1" : 6.93,
 		"sample_2" : 0.07, "sample_3" : -4.07,
 		"sample_4" : 0, "node_id" : 5},

	"5:519" : {"timestamp" : 1346182866, "air_time" : 4,
 		"sequence" : 519, "fails" : 0,
 		"retries" : 0, "sample_1" : 5.40,
 		"sample_2" : 2.12, "sample_3" : -5.87,
 		"sample_4" : 0, "node_id" : 5},

	"5:520" : {"timestamp" : 1346182867, "air_time" : 2,
 		"sequence" : 520, "fails" : 0,
 		"retries" : 1, "sample_1" : 3.72,
 		"sample_2" : 2.84, "sample_3" : -6.68,
 		"sample_4" : 0, "node_id" : 5},

	"5:521" : {"timestamp" : 1346182868, "air_time" : 3,
 		"sequence" : 521, "fails" : 2,
 		"retries" : 1, "sample_1" : 2.34,
 		"sample_2" : 4.10, "sample_3" : -7.38,
 		"sample_4" : 0, "node_id" : 5},

	"5:522" : {"timestamp" : 1346182869, "air_time" : 3,
 		"sequence" : 522, "fails" : 3,
 		"retries" : 0, "sample_1" : 0.00,
 		"sample_2" : 6.34, "sample_3" : -7.53,
 		"sample_4" : 0, "node_id" : 5},

	"5:523" : {"timestamp" : 1346182870, "air_time" : 9,
 		"sequence" : 523, "fails" : 0,
 		"retries" : 1, "sample_1" : -0.64,
 		"sample_2" : 7.91, "sample_3" : -8.80,
 		"sample_4" : 0, "node_id" : 5},

	"5:524" : {"timestamp" : 1346182871, "air_time" : 4,
 		"sequence" : 524, "fails" : 2,
 		"retries" : 2, "sample_1" : -1.52,
 		"sample_2" : 8.88, "sample_3" : -8.07,
 		"sample_4" : 0, "node_id" : 5},

	"5:525" : {"timestamp" : 1346182872, "air_time" : 7,
 		"sequence" : 525, "fails" : 0,
 		"retries" : 2, "sample_1" : -4.80,
 		"sample_2" : 9.21, "sample_3" : -9.15,
 		"sample_4" : 0, "node_id" : 5},

	"5:526" : {"timestamp" : 1346182873, "air_time" : 8,
 		"sequence" : 526, "fails" : 3,
 		"retries" : 0, "sample_1" : -6.33,
 		"sample_2" : 10.16, "sample_3" : -9.42,
 		"sample_4" : 0, "node_id" : 5},

	"5:527" : {"timestamp" : 1346182874, "air_time" : 1,
 		"sequence" : 527, "fails" : 2,
 		"retries" : 1, "sample_1" : -7.46,
 		"sample_2" : 10.22, "sample_3" : -7.99,
 		"sample_4" : 0, "node_id" : 5},

	"5:528" : {"timestamp" : 1346182875, "air_time" : 3,
 		"sequence" : 528, "fails" : 2,
 		"retries" : 0, "sample_1" : -6.86,
 		"sample_2" : 9.99, "sample_3" : -7.30,
 		"sample_4" : 0, "node_id" : 5},

	"5:529" : {"timestamp" : 1346182876, "air_time" : 5,
 		"sequence" : 529, "fails" : 3,
 		"retries" : 2, "sample_1" : -7.60,
 		"sample_2" : 11.45, "sample_3" : -6.86,
 		"sample_4" : 0, "node_id" : 5},

	"5:530" : {"timestamp" : 1346182877, "air_time" : 5,
 		"sequence" : 530, "fails" : 3,
 		"retries" : 0, "sample_1" : -8.65,
 		"sample_2" : 9.41, "sample_3" : -4.90,
 		"sample_4" : 0, "node_id" : 5},

	"5:531" : {"timestamp" : 1346182878, "air_time" : 5,
 		"sequence" : 531, "fails" : 3,
 		"retries" : 2, "sample_1" : -8.30,
 		"sample_2" : 8.99, "sample_3" : -2.48,
 		"sample_4" : 0, "node_id" : 5},

	"5:532" : {"timestamp" : 1346182879, "air_time" : 4,
 		"sequence" : 532, "fails" : 1,
 		"retries" : 2, "sample_1" : -8.85,
 		"sample_2" : 7.42, "sample_3" : -1.33,
 		"sample_4" : 0, "node_id" : 5},

	"5:533" : {"timestamp" : 1346182880, "air_time" : 0,
 		"sequence" : 533, "fails" : 3,
 		"retries" : 2, "sample_1" : -7.60,
 		"sample_2" : 7.82, "sample_3" : 0.79,
 		"sample_4" : 0, "node_id" : 5},

	"5:534" : {"timestamp" : 1346182881, "air_time" : 5,
 		"sequence" : 534, "fails" : 2,
 		"retries" : 1, "sample_1" : -8.66,
 		"sample_2" : 6.25, "sample_3" : 2.43,
 		"sample_4" : 0, "node_id" : 5},

	"5:535" : {"timestamp" : 1346182882, "air_time" : 1,
 		"sequence" : 535, "fails" : 0,
 		"retries" : 2, "sample_1" : -6.26,
 		"sample_2" : 4.53, "sample_3" : 4.64,
 		"sample_4" : 0, "node_id" : 5},

	"5:536" : {"timestamp" : 1346182883, "air_time" : 1,
 		"sequence" : 536, "fails" : 2,
 		"retries" : 1, "sample_1" : -6.13,
 		"sample_2" : 3.13, "sample_3" : 4.37,
 		"sample_4" : 0, "node_id" : 5},

	"5:537" : {"timestamp" : 1346182884, "air_time" : 6,
 		"sequence" : 537, "fails" : 1,
 		"retries" : 1, "sample_1" : -4.70,
 		"sample_2" : 0.28, "sample_3" : 6.57,
 		"sample_4" : 0, "node_id" : 5},

	"5:538" : {"timestamp" : 1346182885, "air_time" : 9,
 		"sequence" : 538, "fails" : 2,
 		"retries" : 2, "sample_1" : -2.92,
 		"sample_2" : -0.54, "sample_3" : 7.28,
 		"sample_4" : 0, "node_id" : 5},

	"5:539" : {"timestamp" : 1346182886, "air_time" : 5,
 		"sequence" : 539, "fails" : 2,
 		"retries" : 1, "sample_1" : -0.64,
 		"sample_2" : -2.90, "sample_3" : 9.68,
 		"sample_4" : 0, "node_id" : 5},

	"5:540" : {"timestamp" : 1346182887, "air_time" : 8,
 		"sequence" : 540, "fails" : 0,
 		"retries" : 1, "sample_1" : 1.80,
 		"sample_2" : -4.44, "sample_3" : 10.63,
 		"sample_4" : 0, "node_id" : 5},

	"5:541" : {"timestamp" : 1346182888, "air_time" : 6,
 		"sequence" : 541, "fails" : 1,
 		"retries" : 1, "sample_1" : 3.54,
 		"sample_2" : -5.71, "sample_3" : 10.10,
 		"sample_4" : 0, "node_id" : 5},

	"5:542" : {"timestamp" : 1346182889, "air_time" : 5,
 		"sequence" : 542, "fails" : 0,
 		"retries" : 2, "sample_1" : 4.62,
 		"sample_2" : -7.38, "sample_3" : 11.37,
 		"sample_4" : 0, "node_id" : 5},

	"5:543" : {"timestamp" : 1346182890, "air_time" : 5,
 		"sequence" : 543, "fails" : 3,
 		"retries" : 1, "sample_1" : 6.50,
 		"sample_2" : -8.31, "sample_3" : 10.15,
 		"sample_4" : 0, "node_id" : 5},

	"5:544" : {"timestamp" : 1346182891, "air_time" : 6,
 		"sequence" : 544, "fails" : 2,
 		"retries" : 2, "sample_1" : 7.23,
 		"sample_2" : -8.26, "sample_3" : 11.12,
 		"sample_4" : 0, "node_id" : 5},

	"5:545" : {"timestamp" : 1346182892, "air_time" : 7,
 		"sequence" : 545, "fails" : 3,
 		"retries" : 2, "sample_1" : 8.36,
 		"sample_2" : -9.62, "sample_3" : 9.89,
 		"sample_4" : 0, "node_id" : 5},

	"5:546" : {"timestamp" : 1346182893, "air_time" : 2,
 		"sequence" : 546, "fails" : 1,
 		"retries" : 0, "sample_1" : 8.96,
 		"sample_2" : -8.99, "sample_3" : 9.40,
 		"sample_4" : 0, "node_id" : 5},

	"5:547" : {"timestamp" : 1346182894, "air_time" : 0,
 		"sequence" : 547, "fails" : 0,
 		"retries" : 0, "sample_1" : 9.60,
 		"sample_2" : -9.35, "sample_3" : 7.06,
 		"sample_4" : 0, "node_id" : 5},

	"5:548" : {"timestamp" : 1346182895, "air_time" : 1,
 		"sequence" : 548, "fails" : 1,
 		"retries" : 1, "sample_1" : 10.65,
 		"sample_2" : -7.51, "sample_3" : 6.50,
 		"sample_4" : 0, "node_id" : 5},

	"5:549" : {"timestamp" : 1346182896, "air_time" : 0,
 		"sequence" : 549, "fails" : 0,
 		"retries" : 1, "sample_1" : 11.30,
 		"sample_2" : -7.29, "sample_3" : 5.78,
 		"sample_4" : 0, "node_id" : 5},

	"5:550" : {"timestamp" : 1346182897, "air_time" : 0,
 		"sequence" : 550, "fails" : 0,
 		"retries" : 1, "sample_1" : 11.05,
 		"sample_2" : -6.12, "sample_3" : 2.93,
 		"sample_4" : 0, "node_id" : 5},

	"5:551" : {"timestamp" : 1346182898, "air_time" : 9,
 		"sequence" : 551, "fails" : 1,
 		"retries" : 1, "sample_1" : 9.50,
 		"sample_2" : -5.02, "sample_3" : 1.91,
 		"sample_4" : 0, "node_id" : 5},

	"5:552" : {"timestamp" : 1346182899, "air_time" : 3,
 		"sequence" : 552, "fails" : 0,
 		"retries" : 2, "sample_1" : 9.66,
 		"sample_2" : -4.05, "sample_3" : -0.43,
 		"sample_4" : 0, "node_id" : 5},

	"5:553" : {"timestamp" : 1346182900, "air_time" : 8,
 		"sequence" : 553, "fails" : 2,
 		"retries" : 2, "sample_1" : 7.76,
 		"sample_2" : -1.53, "sample_3" : -1.34,
 		"sample_4" : 0, "node_id" : 5},

	"5:554" : {"timestamp" : 1346182901, "air_time" : 5,
 		"sequence" : 554, "fails" : 0,
 		"retries" : 1, "sample_1" : 7.83,
 		"sample_2" : -0.23, "sample_3" : -3.97,
 		"sample_4" : 0, "node_id" : 5},

	"5:555" : {"timestamp" : 1346182902, "air_time" : 4,
 		"sequence" : 555, "fails" : 0,
 		"retries" : 0, "sample_1" : 6.80,
 		"sample_2" : 2.22, "sample_3" : -5.57,
 		"sample_4" : 0, "node_id" : 5},

	"5:556" : {"timestamp" : 1346182903, "air_time" : 1,
 		"sequence" : 556, "fails" : 3,
 		"retries" : 2, "sample_1" : 4.22,
 		"sample_2" : 2.84, "sample_3" : -6.18,
 		"sample_4" : 0, "node_id" : 5},

	"5:557" : {"timestamp" : 1346182904, "air_time" : 2,
 		"sequence" : 557, "fails" : 1,
 		"retries" : 1, "sample_1" : 3.64,
 		"sample_2" : 5.70, "sample_3" : -6.98,
 		"sample_4" : 0, "node_id" : 5},

	"5:558" : {"timestamp" : 1346182905, "air_time" : 2,
 		"sequence" : 558, "fails" : 3,
 		"retries" : 2, "sample_1" : 1.00,
 		"sample_2" : 6.64, "sample_3" : -7.53,
 		"sample_4" : 0, "node_id" : 5},

	"5:559" : {"timestamp" : 1346182906, "air_time" : 1,
 		"sequence" : 559, "fails" : 2,
 		"retries" : 2, "sample_1" : -1.24,
 		"sample_2" : 7.31, "sample_3" : -9.20,
 		"sample_4" : 0, "node_id" : 5},

	"5:560" : {"timestamp" : 1346182907, "air_time" : 9,
 		"sequence" : 560, "fails" : 0,
 		"retries" : 1, "sample_1" : -2.02,
 		"sample_2" : 8.88, "sample_3" : -8.47,
 		"sample_4" : 0, "node_id" : 5},

	"5:561" : {"timestamp" : 1346182908, "air_time" : 0,
 		"sequence" : 561, "fails" : 1,
 		"retries" : 0, "sample_1" : -4.00,
 		"sample_2" : 9.41, "sample_3" : -9.35,
 		"sample_4" : 0, "node_id" : 5},

	"5:562" : {"timestamp" : 1346182909, "air_time" : 0,
 		"sequence" : 562, "fails" : 3,
 		"retries" : 0, "sample_1" : -5.73,
 		"sample_2" : 10.46, "sample_3" : -9.52,
 		"sample_4" : 0, "node_id" : 5},

	"5:563" : {"timestamp" : 1346182910, "air_time" : 2,
 		"sequence" : 563, "fails" : 2,
 		"retries" : 0, "sample_1" : -7.16,
 		"sample_2" : 11.12, "sample_3" : -7.19,
 		"sample_4" : 0, "node_id" : 5},

	"5:564" : {"timestamp" : 1346182911, "air_time" : 2,
 		"sequence" : 564, "fails" : 1,
 		"retries" : 0, "sample_1" : -8.26,
 		"sample_2" : 11.29, "sample_3" : -6.30,
 		"sample_4" : 0, "node_id" : 5},

	"5:565" : {"timestamp" : 1346182912, "air_time" : 3,
 		"sequence" : 565, "fails" : 2,
 		"retries" : 0, "sample_1" : -8.30,
 		"sample_2" : 11.35, "sample_3" : -5.66,
 		"sample_4" : 0, "node_id" : 5},

	"5:566" : {"timestamp" : 1346182913, "air_time" : 5,
 		"sequence" : 566, "fails" : 0,
 		"retries" : 2, "sample_1" : -8.85,
 		"sample_2" : 9.41, "sample_3" : -4.00,
 		"sample_4" : 0, "node_id" : 5},

	"5:567" : {"timestamp" : 1346182914, "air_time" : 1,
 		"sequence" : 567, "fails" : 0,
 		"retries" : 0, "sample_1" : -8.30,
 		"sample_2" : 8.79, "sample_3" : -3.98,
 		"sample_4" : 0, "node_id" : 5},

	"5:568" : {"timestamp" : 1346182915, "air_time" : 1,
 		"sequence" : 568, "fails" : 1,
 		"retries" : 1, "sample_1" : -8.95,
 		"sample_2" : 8.52, "sample_3" : -1.53,
 		"sample_4" : 0, "node_id" : 5},

	"5:569" : {"timestamp" : 1346182916, "air_time" : 2,
 		"sequence" : 569, "fails" : 2,
 		"retries" : 1, "sample_1" : -7.90,
 		"sample_2" : 7.02, "sample_3" : -0.61,
 		"sample_4" : 0, "node_id" : 5},

	"5:570" : {"timestamp" : 1346182917, "air_time" : 8,
 		"sequence" : 570, "fails" : 0,
 		"retries" : 2, "sample_1" : -7.86,
 		"sample_2" : 4.55, "sample_3" : 2.73,
 		"sample_4" : 0, "node_id" : 5},

	"5:571" : {"timestamp" : 1346182918, "air_time" : 4,
 		"sequence" : 571, "fails" : 3,
 		"retries" : 0, "sample_1" : -7.26,
 		"sample_2" : 4.13, "sample_3" : 3.54,
 		"sample_4" : 0, "node_id" : 5},

	"5:572" : {"timestamp" : 1346182919, "air_time" : 5,
 		"sequence" : 572, "fails" : 2,
 		"retries" : 0, "sample_1" : -6.03,
 		"sample_2" : 2.43, "sample_3" : 5.77,
 		"sample_4" : 0, "node_id" : 5},

	"5:573" : {"timestamp" : 1346182920, "air_time" : 5,
 		"sequence" : 573, "fails" : 0,
 		"retries" : 2, "sample_1" : -3.80,
 		"sample_2" : 0.28, "sample_3" : 7.37,
 		"sample_4" : 0, "node_id" : 5},

	"5:574" : {"timestamp" : 1346182921, "air_time" : 4,
 		"sequence" : 574, "fails" : 0,
 		"retries" : 1, "sample_1" : -1.92,
 		"sample_2" : -1.24, "sample_3" : 7.18,
 		"sample_4" : 0, "node_id" : 5},

	"5:575" : {"timestamp" : 1346182922, "air_time" : 4,
 		"sequence" : 575, "fails" : 1,
 		"retries" : 0, "sample_1" : -1.74,
 		"sample_2" : -3.70, "sample_3" : 9.68,
 		"sample_4" : 0, "node_id" : 5},

	"5:576" : {"timestamp" : 1346182923, "air_time" : 7,
 		"sequence" : 576, "fails" : 2,
 		"retries" : 1, "sample_1" : 1.60,
 		"sample_2" : -4.24, "sample_3" : 9.13,
 		"sample_4" : 0, "node_id" : 5},

	"5:577" : {"timestamp" : 1346182924, "air_time" : 5,
 		"sequence" : 577, "fails" : 1,
 		"retries" : 0, "sample_1" : 3.34,
 		"sample_2" : -5.21, "sample_3" : 10.00,
 		"sample_4" : 0, "node_id" : 5},

	"5:578" : {"timestamp" : 1346182925, "air_time" : 3,
 		"sequence" : 578, "fails" : 1,
 		"retries" : 2, "sample_1" : 4.12,
 		"sample_2" : -7.18, "sample_3" : 10.27,
 		"sample_4" : 0, "node_id" : 5},

	"5:579" : {"timestamp" : 1346182926, "air_time" : 3,
 		"sequence" : 579, "fails" : 0,
 		"retries" : 1, "sample_1" : 5.00,
 		"sample_2" : -7.71, "sample_3" : 10.85,
 		"sample_4" : 0, "node_id" : 5},

	"5:580" : {"timestamp" : 1346182927, "air_time" : 8,
 		"sequence" : 580, "fails" : 3,
 		"retries" : 0, "sample_1" : 7.23,
 		"sample_2" : -7.96, "sample_3" : 9.92,
 		"sample_4" : 0, "node_id" : 5},

	"5:581" : {"timestamp" : 1346182928, "air_time" : 9,
 		"sequence" : 581, "fails" : 1,
 		"retries" : 0, "sample_1" : 8.96,
 		"sample_2" : -9.22, "sample_3" : 9.19,
 		"sample_4" : 0, "node_id" : 5},

	"5:582" : {"timestamp" : 1346182929, "air_time" : 4,
 		"sequence" : 582, "fails" : 0,
 		"retries" : 2, "sample_1" : 10.06,
 		"sample_2" : -9.89, "sample_3" : 9.50,
 		"sample_4" : 0, "node_id" : 5},

	"5:583" : {"timestamp" : 1346182930, "air_time" : 4,
 		"sequence" : 583, "fails" : 1,
 		"retries" : 2, "sample_1" : 10.60,
 		"sample_2" : -8.05, "sample_3" : 7.16,
 		"sample_4" : 0, "node_id" : 5},

	"5:584" : {"timestamp" : 1346182931, "air_time" : 0,
 		"sequence" : 584, "fails" : 1,
 		"retries" : 2, "sample_1" : 10.95,
 		"sample_2" : -8.51, "sample_3" : 6.80,
 		"sample_4" : 0, "node_id" : 5},

	"5:585" : {"timestamp" : 1346182932, "air_time" : 9,
 		"sequence" : 585, "fails" : 1,
 		"retries" : 1, "sample_1" : 11.50,
 		"sample_2" : -7.29, "sample_3" : 5.78,
 		"sample_4" : 0, "node_id" : 5},

	"5:586" : {"timestamp" : 1346182933, "air_time" : 5,
 		"sequence" : 586, "fails" : 1,
 		"retries" : 0, "sample_1" : 10.55,
 		"sample_2" : -5.42, "sample_3" : 3.03,
 		"sample_4" : 0, "node_id" : 5},

	"5:587" : {"timestamp" : 1346182934, "air_time" : 5,
 		"sequence" : 587, "fails" : 1,
 		"retries" : 2, "sample_1" : 11.20,
 		"sample_2" : -4.72, "sample_3" : 2.21,
 		"sample_4" : 0, "node_id" : 5},

	"5:588" : {"timestamp" : 1346182935, "air_time" : 3,
 		"sequence" : 588, "fails" : 1,
 		"retries" : 2, "sample_1" : 8.66,
 		"sample_2" : -3.75, "sample_3" : -0.03,
 		"sample_4" : 0, "node_id" : 5},

	"5:589" : {"timestamp" : 1346182936, "air_time" : 6,
 		"sequence" : 589, "fails" : 1,
 		"retries" : 0, "sample_1" : 9.26,
 		"sample_2" : -1.33, "sample_3" : -1.84,
 		"sample_4" : 0, "node_id" : 5},

	"5:590" : {"timestamp" : 1346182937, "air_time" : 8,
 		"sequence" : 590, "fails" : 1,
 		"retries" : 0, "sample_1" : 7.43,
 		"sample_2" : -0.13, "sample_3" : -4.27,
 		"sample_4" : 0, "node_id" : 5},

	"5:591" : {"timestamp" : 1346182938, "air_time" : 5,
 		"sequence" : 591, "fails" : 2,
 		"retries" : 0, "sample_1" : 5.90,
 		"sample_2" : 0.92, "sample_3" : -5.37,
 		"sample_4" : 0, "node_id" : 5},

	"5:592" : {"timestamp" : 1346182939, "air_time" : 3,
 		"sequence" : 592, "fails" : 1,
 		"retries" : 2, "sample_1" : 4.22,
 		"sample_2" : 3.14, "sample_3" : -5.88,
 		"sample_4" : 0, "node_id" : 5},

	"5:593" : {"timestamp" : 1346182940, "air_time" : 2,
 		"sequence" : 593, "fails" : 2,
 		"retries" : 2, "sample_1" : 3.64,
 		"sample_2" : 5.80, "sample_3" : -7.38,
 		"sample_4" : 0, "node_id" : 5},

	"5:594" : {"timestamp" : 1346182941, "air_time" : 7,
 		"sequence" : 594, "fails" : 0,
 		"retries" : 2, "sample_1" : 1.50,
 		"sample_2" : 6.44, "sample_3" : -7.83,
 		"sample_4" : 0, "node_id" : 5},

	"5:595" : {"timestamp" : 1346182942, "air_time" : 9,
 		"sequence" : 595, "fails" : 2,
 		"retries" : 1, "sample_1" : -0.64,
 		"sample_2" : 7.81, "sample_3" : -9.60,
 		"sample_4" : 0, "node_id" : 5},

	"5:596" : {"timestamp" : 1346182943, "air_time" : 8,
 		"sequence" : 596, "fails" : 2,
 		"retries" : 0, "sample_1" : -2.12,
 		"sample_2" : 8.58, "sample_3" : -8.37,
 		"sample_4" : 0, "node_id" : 5},

	"5:597" : {"timestamp" : 1346182944, "air_time" : 9,
 		"sequence" : 597, "fails" : 1,
 		"retries" : 1, "sample_1" : -5.00,
 		"sample_2" : 9.71, "sample_3" : -8.95,
 		"sample_4" : 0, "node_id" : 5},

	"5:598" : {"timestamp" : 1346182945, "air_time" : 7,
 		"sequence" : 598, "fails" : 3,
 		"retries" : 0, "sample_1" : -4.93,
 		"sample_2" : 11.06, "sample_3" : -8.52,
 		"sample_4" : 0, "node_id" : 5},

	"5:599" : {"timestamp" : 1346182946, "air_time" : 5,
 		"sequence" : 599, "fails" : 1,
 		"retries" : 0, "sample_1" : -5.76,
 		"sample_2" : 11.32, "sample_3" : -7.49,
 		"sample_4" : 0, "node_id" : 5},

	"5:600" : {"timestamp" : 1346182947, "air_time" : 9,
 		"sequence" : 600, "fails" : 2,
 		"retries" : 1, "sample_1" : -7.06,
 		"sample_2" : 10.79, "sample_3" : -6.30,
 		"sample_4" : 0, "node_id" : 5},

	"6:1" : {"timestamp" : 1346182348, "air_time" : 8,
 		"sequence" : 1, "fails" : 3,
 		"retries" : 2, "sample_1" : 3.44,
 		"sample_2" : -5.61, "sample_3" : 10.90,
 		"sample_4" : 0, "node_id" : 6},

	"6:2" : {"timestamp" : 1346182349, "air_time" : 9,
 		"sequence" : 2, "fails" : 3,
 		"retries" : 0, "sample_1" : 4.32,
 		"sample_2" : -7.98, "sample_3" : 10.77,
 		"sample_4" : 0, "node_id" : 6},

	"6:3" : {"timestamp" : 1346182350, "air_time" : 2,
 		"sequence" : 3, "fails" : 3,
 		"retries" : 2, "sample_1" : 5.90,
 		"sample_2" : -8.21, "sample_3" : 10.65,
 		"sample_4" : 0, "node_id" : 6},

	"6:4" : {"timestamp" : 1346182351, "air_time" : 5,
 		"sequence" : 4, "fails" : 2,
 		"retries" : 0, "sample_1" : 6.83,
 		"sample_2" : -9.36, "sample_3" : 10.72,
 		"sample_4" : 0, "node_id" : 6},

	"6:5" : {"timestamp" : 1346182352, "air_time" : 7,
 		"sequence" : 5, "fails" : 2,
 		"retries" : 2, "sample_1" : 8.06,
 		"sample_2" : -9.32, "sample_3" : 8.99,
 		"sample_4" : 0, "node_id" : 6},

	"6:6" : {"timestamp" : 1346182353, "air_time" : 2,
 		"sequence" : 6, "fails" : 0,
 		"retries" : 2, "sample_1" : 9.36,
 		"sample_2" : -8.29, "sample_3" : 9.80,
 		"sample_4" : 0, "node_id" : 6},

	"6:7" : {"timestamp" : 1346182354, "air_time" : 9,
 		"sequence" : 7, "fails" : 0,
 		"retries" : 2, "sample_1" : 9.50,
 		"sample_2" : -8.85, "sample_3" : 7.26,
 		"sample_4" : 0, "node_id" : 6},

	"6:8" : {"timestamp" : 1346182355, "air_time" : 0,
 		"sequence" : 8, "fails" : 1,
 		"retries" : 1, "sample_1" : 10.95,
 		"sample_2" : -7.51, "sample_3" : 6.60,
 		"sample_4" : 0, "node_id" : 6},

	"6:9" : {"timestamp" : 1346182356, "air_time" : 7,
 		"sequence" : 9, "fails" : 3,
 		"retries" : 1, "sample_1" : 10.60,
 		"sample_2" : -6.99, "sample_3" : 4.98,
 		"sample_4" : 0, "node_id" : 6},

	"6:10" : {"timestamp" : 1346182357, "air_time" : 3,
 		"sequence" : 10, "fails" : 0,
 		"retries" : 2, "sample_1" : 11.75,
 		"sample_2" : -6.42, "sample_3" : 2.63,
 		"sample_4" : 0, "node_id" : 6},

	"6:11" : {"timestamp" : 1346182358, "air_time" : 1,
 		"sequence" : 11, "fails" : 3,
 		"retries" : 0, "sample_1" : 10.50,
 		"sample_2" : -4.42, "sample_3" : 2.51,
 		"sample_4" : 0, "node_id" : 6},

	"6:12" : {"timestamp" : 1346182359, "air_time" : 4,
 		"sequence" : 12, "fails" : 3,
 		"retries" : 2, "sample_1" : 10.26,
 		"sample_2" : -3.95, "sample_3" : 0.37,
 		"sample_4" : 0, "node_id" : 6},

	"6:13" : {"timestamp" : 1346182360, "air_time" : 3,
 		"sequence" : 13, "fails" : 3,
 		"retries" : 2, "sample_1" : 8.76,
 		"sample_2" : -1.33, "sample_3" : -2.44,
 		"sample_4" : 0, "node_id" : 6},

	"6:14" : {"timestamp" : 1346182361, "air_time" : 1,
 		"sequence" : 14, "fails" : 0,
 		"retries" : 2, "sample_1" : 7.43,
 		"sample_2" : -0.93, "sample_3" : -3.27,
 		"sample_4" : 0, "node_id" : 6},

	"6:15" : {"timestamp" : 1346182362, "air_time" : 6,
 		"sequence" : 15, "fails" : 0,
 		"retries" : 2, "sample_1" : 6.50,
 		"sample_2" : 1.12, "sample_3" : -3.97,
 		"sample_4" : 0, "node_id" : 6},

	"6:16" : {"timestamp" : 1346182363, "air_time" : 6,
 		"sequence" : 16, "fails" : 0,
 		"retries" : 2, "sample_1" : 5.02,
 		"sample_2" : 3.64, "sample_3" : -6.18,
 		"sample_4" : 0, "node_id" : 6},

	"6:17" : {"timestamp" : 1346182364, "air_time" : 6,
 		"sequence" : 17, "fails" : 3,
 		"retries" : 0, "sample_1" : 1.74,
 		"sample_2" : 4.30, "sample_3" : -7.28,
 		"sample_4" : 0, "node_id" : 6},

	"6:18" : {"timestamp" : 1346182365, "air_time" : 7,
 		"sequence" : 18, "fails" : 0,
 		"retries" : 2, "sample_1" : 0.50,
 		"sample_2" : 6.54, "sample_3" : -8.03,
 		"sample_4" : 0, "node_id" : 6},

	"6:19" : {"timestamp" : 1346182366, "air_time" : 7,
 		"sequence" : 19, "fails" : 3,
 		"retries" : 0, "sample_1" : -0.74,
 		"sample_2" : 7.41, "sample_3" : -7.90,
 		"sample_4" : 0, "node_id" : 6},

	"6:20" : {"timestamp" : 1346182367, "air_time" : 3,
 		"sequence" : 20, "fails" : 0,
 		"retries" : 1, "sample_1" : -2.82,
 		"sample_2" : 9.48, "sample_3" : -9.67,
 		"sample_4" : 0, "node_id" : 6},

	"6:21" : {"timestamp" : 1346182368, "air_time" : 6,
 		"sequence" : 21, "fails" : 2,
 		"retries" : 0, "sample_1" : -4.40,
 		"sample_2" : 10.31, "sample_3" : -8.95,
 		"sample_4" : 0, "node_id" : 6},

	"6:22" : {"timestamp" : 1346182369, "air_time" : 5,
 		"sequence" : 22, "fails" : 0,
 		"retries" : 2, "sample_1" : -4.73,
 		"sample_2" : 9.76, "sample_3" : -9.12,
 		"sample_4" : 0, "node_id" : 6},

	"6:23" : {"timestamp" : 1346182370, "air_time" : 5,
 		"sequence" : 23, "fails" : 3,
 		"retries" : 1, "sample_1" : -5.96,
 		"sample_2" : 11.22, "sample_3" : -7.29,
 		"sample_4" : 0, "node_id" : 6},

	"6:24" : {"timestamp" : 1346182371, "air_time" : 5,
 		"sequence" : 24, "fails" : 1,
 		"retries" : 0, "sample_1" : -8.16,
 		"sample_2" : 11.49, "sample_3" : -7.80,
 		"sample_4" : 0, "node_id" : 6},

	"6:25" : {"timestamp" : 1346182372, "air_time" : 7,
 		"sequence" : 25, "fails" : 1,
 		"retries" : 1, "sample_1" : -8.60,
 		"sample_2" : 11.65, "sample_3" : -6.16,
 		"sample_4" : 0, "node_id" : 6},

	"6:26" : {"timestamp" : 1346182373, "air_time" : 9,
 		"sequence" : 26, "fails" : 1,
 		"retries" : 1, "sample_1" : -8.35,
 		"sample_2" : 10.61, "sample_3" : -4.90,
 		"sample_4" : 0, "node_id" : 6},

	"6:27" : {"timestamp" : 1346182374, "air_time" : 0,
 		"sequence" : 27, "fails" : 0,
 		"retries" : 0, "sample_1" : -8.30,
 		"sample_2" : 8.79, "sample_3" : -3.68,
 		"sample_4" : 0, "node_id" : 6},

	"6:28" : {"timestamp" : 1346182375, "air_time" : 1,
 		"sequence" : 28, "fails" : 2,
 		"retries" : 2, "sample_1" : -9.85,
 		"sample_2" : 7.32, "sample_3" : -1.13,
 		"sample_4" : 0, "node_id" : 6},

	"6:29" : {"timestamp" : 1346182376, "air_time" : 6,
 		"sequence" : 29, "fails" : 2,
 		"retries" : 0, "sample_1" : -8.20,
 		"sample_2" : 6.12, "sample_3" : 0.59,
 		"sample_4" : 0, "node_id" : 6},

	"6:30" : {"timestamp" : 1346182377, "air_time" : 3,
 		"sequence" : 30, "fails" : 1,
 		"retries" : 0, "sample_1" : -6.86,
 		"sample_2" : 4.95, "sample_3" : 1.13,
 		"sample_4" : 0, "node_id" : 6},

	"6:31" : {"timestamp" : 1346182378, "air_time" : 6,
 		"sequence" : 31, "fails" : 1,
 		"retries" : 2, "sample_1" : -5.76,
 		"sample_2" : 2.93, "sample_3" : 4.14,
 		"sample_4" : 0, "node_id" : 6},

	"6:32" : {"timestamp" : 1346182379, "air_time" : 9,
 		"sequence" : 32, "fails" : 2,
 		"retries" : 2, "sample_1" : -5.53,
 		"sample_2" : 2.43, "sample_3" : 5.17,
 		"sample_4" : 0, "node_id" : 6},

	"6:33" : {"timestamp" : 1346182380, "air_time" : 7,
 		"sequence" : 33, "fails" : 3,
 		"retries" : 2, "sample_1" : -3.50,
 		"sample_2" : 0.18, "sample_3" : 7.07,
 		"sample_4" : 0, "node_id" : 6},

	"6:34" : {"timestamp" : 1346182381, "air_time" : 1,
 		"sequence" : 34, "fails" : 2,
 		"retries" : 2, "sample_1" : -2.62,
 		"sample_2" : -2.14, "sample_3" : 8.68,
 		"sample_4" : 0, "node_id" : 6},

	"6:35" : {"timestamp" : 1346182382, "air_time" : 8,
 		"sequence" : 35, "fails" : 2,
 		"retries" : 0, "sample_1" : -1.44,
 		"sample_2" : -2.90, "sample_3" : 8.88,
 		"sample_4" : 0, "node_id" : 6},

	"6:36" : {"timestamp" : 1346182383, "air_time" : 1,
 		"sequence" : 36, "fails" : 0,
 		"retries" : 0, "sample_1" : 1.90,
 		"sample_2" : -5.24, "sample_3" : 9.13,
 		"sample_4" : 0, "node_id" : 6},

	"6:37" : {"timestamp" : 1346182384, "air_time" : 3,
 		"sequence" : 37, "fails" : 2,
 		"retries" : 2, "sample_1" : 2.84,
 		"sample_2" : -5.71, "sample_3" : 10.80,
 		"sample_4" : 0, "node_id" : 6},

	"6:38" : {"timestamp" : 1346182385, "air_time" : 0,
 		"sequence" : 38, "fails" : 0,
 		"retries" : 0, "sample_1" : 4.02,
 		"sample_2" : -6.88, "sample_3" : 10.67,
 		"sample_4" : 0, "node_id" : 6},

	"6:39" : {"timestamp" : 1346182386, "air_time" : 5,
 		"sequence" : 39, "fails" : 0,
 		"retries" : 2, "sample_1" : 6.00,
 		"sample_2" : -7.81, "sample_3" : 10.75,
 		"sample_4" : 0, "node_id" : 6},

	"6:40" : {"timestamp" : 1346182387, "air_time" : 6,
 		"sequence" : 40, "fails" : 0,
 		"retries" : 0, "sample_1" : 7.13,
 		"sample_2" : -9.56, "sample_3" : 11.12,
 		"sample_4" : 0, "node_id" : 6},

	"6:41" : {"timestamp" : 1346182388, "air_time" : 6,
 		"sequence" : 41, "fails" : 2,
 		"retries" : 1, "sample_1" : 8.06,
 		"sample_2" : -8.02, "sample_3" : 10.29,
 		"sample_4" : 0, "node_id" : 6},

	"6:42" : {"timestamp" : 1346182389, "air_time" : 7,
 		"sequence" : 42, "fails" : 1,
 		"retries" : 0, "sample_1" : 9.46,
 		"sample_2" : -8.39, "sample_3" : 8.50,
 		"sample_4" : 0, "node_id" : 6},

	"6:43" : {"timestamp" : 1346182390, "air_time" : 2,
 		"sequence" : 43, "fails" : 2,
 		"retries" : 0, "sample_1" : 9.50,
 		"sample_2" : -8.35, "sample_3" : 8.36,
 		"sample_4" : 0, "node_id" : 6},

	"6:44" : {"timestamp" : 1346182391, "air_time" : 2,
 		"sequence" : 44, "fails" : 3,
 		"retries" : 0, "sample_1" : 11.75,
 		"sample_2" : -8.81, "sample_3" : 6.80,
 		"sample_4" : 0, "node_id" : 6},

	"6:45" : {"timestamp" : 1346182392, "air_time" : 9,
 		"sequence" : 45, "fails" : 0,
 		"retries" : 0, "sample_1" : 11.70,
 		"sample_2" : -8.39, "sample_3" : 4.88,
 		"sample_4" : 0, "node_id" : 6},

	"6:46" : {"timestamp" : 1346182393, "air_time" : 2,
 		"sequence" : 46, "fails" : 3,
 		"retries" : 0, "sample_1" : 11.25,
 		"sample_2" : -7.22, "sample_3" : 3.63,
 		"sample_4" : 0, "node_id" : 6},

	"6:47" : {"timestamp" : 1346182394, "air_time" : 2,
 		"sequence" : 47, "fails" : 0,
 		"retries" : 1, "sample_1" : 10.20,
 		"sample_2" : -4.22, "sample_3" : 2.21,
 		"sample_4" : 0, "node_id" : 6},

	"6:48" : {"timestamp" : 1346182395, "air_time" : 4,
 		"sequence" : 48, "fails" : 0,
 		"retries" : 2, "sample_1" : 9.26,
 		"sample_2" : -3.85, "sample_3" : -1.03,
 		"sample_4" : 0, "node_id" : 6},

	"6:49" : {"timestamp" : 1346182396, "air_time" : 7,
 		"sequence" : 49, "fails" : 2,
 		"retries" : 1, "sample_1" : 8.46,
 		"sample_2" : -2.63, "sample_3" : -1.94,
 		"sample_4" : 0, "node_id" : 6},

	"6:50" : {"timestamp" : 1346182397, "air_time" : 9,
 		"sequence" : 50, "fails" : 3,
 		"retries" : 1, "sample_1" : 7.33,
 		"sample_2" : 0.37, "sample_3" : -2.57,
 		"sample_4" : 0, "node_id" : 6},

	"6:51" : {"timestamp" : 1346182398, "air_time" : 6,
 		"sequence" : 51, "fails" : 1,
 		"retries" : 2, "sample_1" : 6.10,
 		"sample_2" : 2.12, "sample_3" : -5.27,
 		"sample_4" : 0, "node_id" : 6},

	"6:52" : {"timestamp" : 1346182399, "air_time" : 4,
 		"sequence" : 52, "fails" : 1,
 		"retries" : 2, "sample_1" : 4.92,
 		"sample_2" : 2.84, "sample_3" : -6.88,
 		"sample_4" : 0, "node_id" : 6},

	"6:53" : {"timestamp" : 1346182400, "air_time" : 1,
 		"sequence" : 53, "fails" : 2,
 		"retries" : 2, "sample_1" : 3.44,
 		"sample_2" : 4.00, "sample_3" : -7.58,
 		"sample_4" : 0, "node_id" : 6},

	"6:54" : {"timestamp" : 1346182401, "air_time" : 3,
 		"sequence" : 54, "fails" : 3,
 		"retries" : 0, "sample_1" : 0.40,
 		"sample_2" : 6.04, "sample_3" : -8.93,
 		"sample_4" : 0, "node_id" : 6},

	"6:55" : {"timestamp" : 1346182402, "air_time" : 6,
 		"sequence" : 55, "fails" : 0,
 		"retries" : 2, "sample_1" : -0.44,
 		"sample_2" : 7.91, "sample_3" : -8.10,
 		"sample_4" : 0, "node_id" : 6},

	"6:56" : {"timestamp" : 1346182403, "air_time" : 0,
 		"sequence" : 56, "fails" : 1,
 		"retries" : 0, "sample_1" : -3.02,
 		"sample_2" : 9.78, "sample_3" : -9.07,
 		"sample_4" : 0, "node_id" : 6},

	"6:57" : {"timestamp" : 1346182404, "air_time" : 1,
 		"sequence" : 57, "fails" : 2,
 		"retries" : 0, "sample_1" : -4.30,
 		"sample_2" : 9.11, "sample_3" : -8.35,
 		"sample_4" : 0, "node_id" : 6},

	"6:58" : {"timestamp" : 1346182405, "air_time" : 9,
 		"sequence" : 58, "fails" : 0,
 		"retries" : 2, "sample_1" : -5.83,
 		"sample_2" : 10.26, "sample_3" : -8.32,
 		"sample_4" : 0, "node_id" : 6},

	"6:59" : {"timestamp" : 1346182406, "air_time" : 0,
 		"sequence" : 59, "fails" : 2,
 		"retries" : 0, "sample_1" : -6.76,
 		"sample_2" : 10.22, "sample_3" : -8.49,
 		"sample_4" : 0, "node_id" : 6},

	"6:60" : {"timestamp" : 1346182407, "air_time" : 3,
 		"sequence" : 60, "fails" : 1,
 		"retries" : 1, "sample_1" : -6.96,
 		"sample_2" : 11.59, "sample_3" : -6.40,
 		"sample_4" : 0, "node_id" : 6},

	"6:61" : {"timestamp" : 1346182408, "air_time" : 3,
 		"sequence" : 61, "fails" : 2,
 		"retries" : 1, "sample_1" : -8.90,
 		"sample_2" : 11.65, "sample_3" : -6.46,
 		"sample_4" : 0, "node_id" : 6},

	"6:62" : {"timestamp" : 1346182409, "air_time" : 2,
 		"sequence" : 62, "fails" : 1,
 		"retries" : 0, "sample_1" : -8.75,
 		"sample_2" : 10.11, "sample_3" : -3.80,
 		"sample_4" : 0, "node_id" : 6},

	"6:63" : {"timestamp" : 1346182410, "air_time" : 8,
 		"sequence" : 63, "fails" : 1,
 		"retries" : 2, "sample_1" : -9.00,
 		"sample_2" : 8.49, "sample_3" : -3.28,
 		"sample_4" : 0, "node_id" : 6},

	"6:64" : {"timestamp" : 1346182411, "air_time" : 4,
 		"sequence" : 64, "fails" : 1,
 		"retries" : 1, "sample_1" : -9.25,
 		"sample_2" : 7.82, "sample_3" : -2.13,
 		"sample_4" : 0, "node_id" : 6},

	"6:65" : {"timestamp" : 1346182412, "air_time" : 0,
 		"sequence" : 65, "fails" : 0,
 		"retries" : 2, "sample_1" : -9.30,
 		"sample_2" : 6.92, "sample_3" : -0.01,
 		"sample_4" : 0, "node_id" : 6},

	"6:66" : {"timestamp" : 1346182413, "air_time" : 2,
 		"sequence" : 66, "fails" : 2,
 		"retries" : 1, "sample_1" : -8.26,
 		"sample_2" : 5.15, "sample_3" : 1.33,
 		"sample_4" : 0, "node_id" : 6},

	"6:67" : {"timestamp" : 1346182414, "air_time" : 7,
 		"sequence" : 67, "fails" : 3,
 		"retries" : 1, "sample_1" : -5.86,
 		"sample_2" : 3.83, "sample_3" : 4.14,
 		"sample_4" : 0, "node_id" : 6},

	"6:68" : {"timestamp" : 1346182415, "air_time" : 8,
 		"sequence" : 68, "fails" : 0,
 		"retries" : 2, "sample_1" : -5.43,
 		"sample_2" : 1.73, "sample_3" : 4.67,
 		"sample_4" : 0, "node_id" : 6},

	"6:69" : {"timestamp" : 1346182416, "air_time" : 8,
 		"sequence" : 69, "fails" : 2,
 		"retries" : 1, "sample_1" : -4.20,
 		"sample_2" : 1.08, "sample_3" : 7.07,
 		"sample_4" : 0, "node_id" : 6},

	"6:70" : {"timestamp" : 1346182417, "air_time" : 1,
 		"sequence" : 70, "fails" : 3,
 		"retries" : 2, "sample_1" : -2.82,
 		"sample_2" : -0.54, "sample_3" : 8.58,
 		"sample_4" : 0, "node_id" : 6},

	"6:71" : {"timestamp" : 1346182418, "air_time" : 9,
 		"sequence" : 71, "fails" : 2,
 		"retries" : 2, "sample_1" : -1.44,
 		"sample_2" : -2.20, "sample_3" : 8.68,
 		"sample_4" : 0, "node_id" : 6},

	"6:72" : {"timestamp" : 1346182419, "air_time" : 1,
 		"sequence" : 72, "fails" : 0,
 		"retries" : 2, "sample_1" : 1.60,
 		"sample_2" : -5.24, "sample_3" : 9.13,
 		"sample_4" : 0, "node_id" : 6},

	"6:73" : {"timestamp" : 1346182420, "air_time" : 2,
 		"sequence" : 73, "fails" : 0,
 		"retries" : 2, "sample_1" : 3.44,
 		"sample_2" : -5.41, "sample_3" : 10.60,
 		"sample_4" : 0, "node_id" : 6},

	"6:74" : {"timestamp" : 1346182421, "air_time" : 1,
 		"sequence" : 74, "fails" : 2,
 		"retries" : 2, "sample_1" : 4.12,
 		"sample_2" : -6.08, "sample_3" : 11.27,
 		"sample_4" : 0, "node_id" : 6},

	"6:75" : {"timestamp" : 1346182422, "air_time" : 0,
 		"sequence" : 75, "fails" : 2,
 		"retries" : 2, "sample_1" : 5.60,
 		"sample_2" : -7.41, "sample_3" : 11.65,
 		"sample_4" : 0, "node_id" : 6},

	"6:76" : {"timestamp" : 1346182423, "air_time" : 2,
 		"sequence" : 76, "fails" : 0,
 		"retries" : 2, "sample_1" : 7.53,
 		"sample_2" : -8.16, "sample_3" : 11.22,
 		"sample_4" : 0, "node_id" : 6},

	"6:77" : {"timestamp" : 1346182424, "air_time" : 6,
 		"sequence" : 77, "fails" : 1,
 		"retries" : 1, "sample_1" : 9.56,
 		"sample_2" : -9.72, "sample_3" : 9.59,
 		"sample_4" : 0, "node_id" : 6},

	"6:78" : {"timestamp" : 1346182425, "air_time" : 1,
 		"sequence" : 78, "fails" : 0,
 		"retries" : 2, "sample_1" : 8.66,
 		"sample_2" : -8.29, "sample_3" : 9.70,
 		"sample_4" : 0, "node_id" : 6},

	"6:79" : {"timestamp" : 1346182426, "air_time" : 9,
 		"sequence" : 79, "fails" : 3,
 		"retries" : 1, "sample_1" : 10.50,
 		"sample_2" : -8.75, "sample_3" : 8.76,
 		"sample_4" : 0, "node_id" : 6},

	"6:80" : {"timestamp" : 1346182427, "air_time" : 9,
 		"sequence" : 80, "fails" : 2,
 		"retries" : 0, "sample_1" : 10.85,
 		"sample_2" : -8.81, "sample_3" : 5.80,
 		"sample_4" : 0, "node_id" : 6},

	"6:81" : {"timestamp" : 1346182428, "air_time" : 8,
 		"sequence" : 81, "fails" : 0,
 		"retries" : 0, "sample_1" : 10.40,
 		"sample_2" : -7.29, "sample_3" : 5.18,
 		"sample_4" : 0, "node_id" : 6},

	"6:82" : {"timestamp" : 1346182429, "air_time" : 5,
 		"sequence" : 82, "fails" : 2,
 		"retries" : 2, "sample_1" : 11.55,
 		"sample_2" : -5.52, "sample_3" : 4.23,
 		"sample_4" : 0, "node_id" : 6},

	"6:83" : {"timestamp" : 1346182430, "air_time" : 3,
 		"sequence" : 83, "fails" : 2,
 		"retries" : 0, "sample_1" : 11.00,
 		"sample_2" : -4.42, "sample_3" : 0.91,
 		"sample_4" : 0, "node_id" : 6},

	"6:84" : {"timestamp" : 1346182431, "air_time" : 5,
 		"sequence" : 84, "fails" : 1,
 		"retries" : 1, "sample_1" : 10.56,
 		"sample_2" : -4.05, "sample_3" : 0.67,
 		"sample_4" : 0, "node_id" : 6},

	"6:85" : {"timestamp" : 1346182432, "air_time" : 4,
 		"sequence" : 85, "fails" : 2,
 		"retries" : 2, "sample_1" : 7.76,
 		"sample_2" : -2.23, "sample_3" : -1.04,
 		"sample_4" : 0, "node_id" : 6},

	"6:86" : {"timestamp" : 1346182433, "air_time" : 4,
 		"sequence" : 86, "fails" : 2,
 		"retries" : 0, "sample_1" : 6.63,
 		"sample_2" : 0.47, "sample_3" : -3.87,
 		"sample_4" : 0, "node_id" : 6},

	"6:87" : {"timestamp" : 1346182434, "air_time" : 6,
 		"sequence" : 87, "fails" : 1,
 		"retries" : 0, "sample_1" : 5.10,
 		"sample_2" : 0.62, "sample_3" : -4.97,
 		"sample_4" : 0, "node_id" : 6},

	"6:88" : {"timestamp" : 1346182435, "air_time" : 8,
 		"sequence" : 88, "fails" : 0,
 		"retries" : 2, "sample_1" : 5.32,
 		"sample_2" : 3.34, "sample_3" : -6.38,
 		"sample_4" : 0, "node_id" : 6},

	"6:89" : {"timestamp" : 1346182436, "air_time" : 9,
 		"sequence" : 89, "fails" : 3,
 		"retries" : 2, "sample_1" : 2.34,
 		"sample_2" : 4.60, "sample_3" : -7.78,
 		"sample_4" : 0, "node_id" : 6},

	"6:90" : {"timestamp" : 1346182437, "air_time" : 9,
 		"sequence" : 90, "fails" : 0,
 		"retries" : 2, "sample_1" : 0.50,
 		"sample_2" : 5.74, "sample_3" : -8.03,
 		"sample_4" : 0, "node_id" : 6},

	"6:91" : {"timestamp" : 1346182438, "air_time" : 5,
 		"sequence" : 91, "fails" : 0,
 		"retries" : 0, "sample_1" : -0.74,
 		"sample_2" : 7.21, "sample_3" : -9.40,
 		"sample_4" : 0, "node_id" : 6},

	"6:92" : {"timestamp" : 1346182439, "air_time" : 1,
 		"sequence" : 92, "fails" : 1,
 		"retries" : 0, "sample_1" : -1.72,
 		"sample_2" : 8.78, "sample_3" : -9.07,
 		"sample_4" : 0, "node_id" : 6},

	"6:93" : {"timestamp" : 1346182440, "air_time" : 1,
 		"sequence" : 93, "fails" : 3,
 		"retries" : 1, "sample_1" : -3.60,
 		"sample_2" : 9.71, "sample_3" : -9.45,
 		"sample_4" : 0, "node_id" : 6},

	"6:94" : {"timestamp" : 1346182441, "air_time" : 5,
 		"sequence" : 94, "fails" : 3,
 		"retries" : 2, "sample_1" : -5.13,
 		"sample_2" : 10.76, "sample_3" : -9.22,
 		"sample_4" : 0, "node_id" : 6},

	"6:95" : {"timestamp" : 1346182442, "air_time" : 5,
 		"sequence" : 95, "fails" : 2,
 		"retries" : 0, "sample_1" : -7.16,
 		"sample_2" : 10.82, "sample_3" : -7.99,
 		"sample_4" : 0, "node_id" : 6},

	"6:96" : {"timestamp" : 1346182443, "air_time" : 7,
 		"sequence" : 96, "fails" : 2,
 		"retries" : 0, "sample_1" : -7.06,
 		"sample_2" : 10.39, "sample_3" : -7.40,
 		"sample_4" : 0, "node_id" : 6},

	"6:97" : {"timestamp" : 1346182444, "air_time" : 3,
 		"sequence" : 97, "fails" : 2,
 		"retries" : 2, "sample_1" : -8.30,
 		"sample_2" : 10.45, "sample_3" : -6.96,
 		"sample_4" : 0, "node_id" : 6},

	"6:98" : {"timestamp" : 1346182445, "air_time" : 0,
 		"sequence" : 98, "fails" : 1,
 		"retries" : 2, "sample_1" : -8.65,
 		"sample_2" : 11.11, "sample_3" : -5.40,
 		"sample_4" : 0, "node_id" : 6},

	"6:99" : {"timestamp" : 1346182446, "air_time" : 1,
 		"sequence" : 99, "fails" : 1,
 		"retries" : 1, "sample_1" : -9.10,
 		"sample_2" : 9.29, "sample_3" : -2.68,
 		"sample_4" : 0, "node_id" : 6},

	"6:100" : {"timestamp" : 1346182447, "air_time" : 9,
 		"sequence" : 100, "fails" : 0,
 		"retries" : 0, "sample_1" : -9.45,
 		"sample_2" : 9.02, "sample_3" : -2.03,
 		"sample_4" : 0, "node_id" : 6},

	"6:101" : {"timestamp" : 1346182448, "air_time" : 5,
 		"sequence" : 101, "fails" : 0,
 		"retries" : 1, "sample_1" : -8.50,
 		"sample_2" : 6.62, "sample_3" : 0.69,
 		"sample_4" : 0, "node_id" : 6},

	"6:102" : {"timestamp" : 1346182449, "air_time" : 5,
 		"sequence" : 102, "fails" : 0,
 		"retries" : 1, "sample_1" : -7.46,
 		"sample_2" : 5.05, "sample_3" : 2.03,
 		"sample_4" : 0, "node_id" : 6},

	"6:103" : {"timestamp" : 1346182450, "air_time" : 0,
 		"sequence" : 103, "fails" : 2,
 		"retries" : 0, "sample_1" : -6.96,
 		"sample_2" : 4.83, "sample_3" : 3.94,
 		"sample_4" : 0, "node_id" : 6},

	"6:104" : {"timestamp" : 1346182451, "air_time" : 0,
 		"sequence" : 104, "fails" : 2,
 		"retries" : 2, "sample_1" : -5.23,
 		"sample_2" : 1.33, "sample_3" : 6.07,
 		"sample_4" : 0, "node_id" : 6},

	"6:105" : {"timestamp" : 1346182452, "air_time" : 5,
 		"sequence" : 105, "fails" : 2,
 		"retries" : 1, "sample_1" : -4.50,
 		"sample_2" : 1.38, "sample_3" : 5.97,
 		"sample_4" : 0, "node_id" : 6},

	"6:106" : {"timestamp" : 1346182453, "air_time" : 1,
 		"sequence" : 106, "fails" : 2,
 		"retries" : 1, "sample_1" : -1.62,
 		"sample_2" : -0.54, "sample_3" : 8.88,
 		"sample_4" : 0, "node_id" : 6},

	"6:107" : {"timestamp" : 1346182454, "air_time" : 3,
 		"sequence" : 107, "fails" : 1,
 		"retries" : 1, "sample_1" : -0.34,
 		"sample_2" : -3.50, "sample_3" : 9.68,
 		"sample_4" : 0, "node_id" : 6},

	"6:108" : {"timestamp" : 1346182455, "air_time" : 9,
 		"sequence" : 108, "fails" : 3,
 		"retries" : 0, "sample_1" : 0.70,
 		"sample_2" : -3.54, "sample_3" : 10.63,
 		"sample_4" : 0, "node_id" : 6},

	"6:109" : {"timestamp" : 1346182456, "air_time" : 5,
 		"sequence" : 109, "fails" : 0,
 		"retries" : 2, "sample_1" : 2.84,
 		"sample_2" : -6.11, "sample_3" : 10.80,
 		"sample_4" : 0, "node_id" : 6},

	"6:110" : {"timestamp" : 1346182457, "air_time" : 1,
 		"sequence" : 110, "fails" : 2,
 		"retries" : 1, "sample_1" : 4.22,
 		"sample_2" : -6.28, "sample_3" : 10.47,
 		"sample_4" : 0, "node_id" : 6},

	"6:111" : {"timestamp" : 1346182458, "air_time" : 8,
 		"sequence" : 111, "fails" : 0,
 		"retries" : 1, "sample_1" : 5.30,
 		"sample_2" : -8.91, "sample_3" : 10.15,
 		"sample_4" : 0, "node_id" : 6},

	"6:112" : {"timestamp" : 1346182459, "air_time" : 8,
 		"sequence" : 112, "fails" : 1,
 		"retries" : 0, "sample_1" : 7.73,
 		"sample_2" : -7.66, "sample_3" : 10.52,
 		"sample_4" : 0, "node_id" : 6},

	"6:113" : {"timestamp" : 1346182460, "air_time" : 5,
 		"sequence" : 113, "fails" : 2,
 		"retries" : 2, "sample_1" : 8.56,
 		"sample_2" : -8.12, "sample_3" : 10.89,
 		"sample_4" : 0, "node_id" : 6},

	"6:114" : {"timestamp" : 1346182461, "air_time" : 0,
 		"sequence" : 114, "fails" : 0,
 		"retries" : 1, "sample_1" : 8.76,
 		"sample_2" : -9.29, "sample_3" : 8.20,
 		"sample_4" : 0, "node_id" : 6},

	"6:115" : {"timestamp" : 1346182462, "air_time" : 0,
 		"sequence" : 115, "fails" : 1,
 		"retries" : 0, "sample_1" : 9.40,
 		"sample_2" : -9.55, "sample_3" : 8.66,
 		"sample_4" : 0, "node_id" : 6},

	"6:116" : {"timestamp" : 1346182463, "air_time" : 6,
 		"sequence" : 116, "fails" : 3,
 		"retries" : 2, "sample_1" : 11.25,
 		"sample_2" : -8.91, "sample_3" : 7.20,
 		"sample_4" : 0, "node_id" : 6},

	"6:117" : {"timestamp" : 1346182464, "air_time" : 1,
 		"sequence" : 117, "fails" : 3,
 		"retries" : 0, "sample_1" : 11.60,
 		"sample_2" : -6.59, "sample_3" : 4.48,
 		"sample_4" : 0, "node_id" : 6},

	"6:118" : {"timestamp" : 1346182465, "air_time" : 7,
 		"sequence" : 118, "fails" : 3,
 		"retries" : 2, "sample_1" : 11.75,
 		"sample_2" : -5.72, "sample_3" : 2.43,
 		"sample_4" : 0, "node_id" : 6},

	"6:119" : {"timestamp" : 1346182466, "air_time" : 8,
 		"sequence" : 119, "fails" : 0,
 		"retries" : 0, "sample_1" : 10.90,
 		"sample_2" : -4.32, "sample_3" : 0.71,
 		"sample_4" : 0, "node_id" : 6},

	"6:120" : {"timestamp" : 1346182467, "air_time" : 2,
 		"sequence" : 120, "fails" : 1,
 		"retries" : 1, "sample_1" : 10.16,
 		"sample_2" : -4.35, "sample_3" : -1.03,
 		"sample_4" : 0, "node_id" : 6},

	"6:121" : {"timestamp" : 1346182468, "air_time" : 8,
 		"sequence" : 121, "fails" : 1,
 		"retries" : 0, "sample_1" : 7.96,
 		"sample_2" : -1.63, "sample_3" : -1.44,
 		"sample_4" : 0, "node_id" : 6},

	"6:122" : {"timestamp" : 1346182469, "air_time" : 4,
 		"sequence" : 122, "fails" : 1,
 		"retries" : 1, "sample_1" : 7.63,
 		"sample_2" : 0.57, "sample_3" : -2.57,
 		"sample_4" : 0, "node_id" : 6},

	"6:123" : {"timestamp" : 1346182470, "air_time" : 5,
 		"sequence" : 123, "fails" : 0,
 		"retries" : 2, "sample_1" : 5.00,
 		"sample_2" : 1.02, "sample_3" : -4.57,
 		"sample_4" : 0, "node_id" : 6},

	"6:124" : {"timestamp" : 1346182471, "air_time" : 5,
 		"sequence" : 124, "fails" : 0,
 		"retries" : 1, "sample_1" : 3.72,
 		"sample_2" : 2.54, "sample_3" : -5.78,
 		"sample_4" : 0, "node_id" : 6},

	"6:125" : {"timestamp" : 1346182472, "air_time" : 0,
 		"sequence" : 125, "fails" : 1,
 		"retries" : 0, "sample_1" : 3.54,
 		"sample_2" : 5.60, "sample_3" : -6.38,
 		"sample_4" : 0, "node_id" : 6},

	"6:126" : {"timestamp" : 1346182473, "air_time" : 5,
 		"sequence" : 126, "fails" : 2,
 		"retries" : 0, "sample_1" : 0.10,
 		"sample_2" : 6.34, "sample_3" : -8.53,
 		"sample_4" : 0, "node_id" : 6},

	"6:127" : {"timestamp" : 1346182474, "air_time" : 5,
 		"sequence" : 127, "fails" : 0,
 		"retries" : 0, "sample_1" : 0.06,
 		"sample_2" : 7.21, "sample_3" : -8.10,
 		"sample_4" : 0, "node_id" : 6},

	"6:128" : {"timestamp" : 1346182475, "air_time" : 6,
 		"sequence" : 128, "fails" : 3,
 		"retries" : 1, "sample_1" : -2.42,
 		"sample_2" : 9.88, "sample_3" : -8.97,
 		"sample_4" : 0, "node_id" : 6},

	"6:129" : {"timestamp" : 1346182476, "air_time" : 9,
 		"sequence" : 129, "fails" : 0,
 		"retries" : 1, "sample_1" : -3.50,
 		"sample_2" : 10.31, "sample_3" : -8.05,
 		"sample_4" : 0, "node_id" : 6},

	"6:130" : {"timestamp" : 1346182477, "air_time" : 6,
 		"sequence" : 130, "fails" : 1,
 		"retries" : 1, "sample_1" : -5.83,
 		"sample_2" : 10.46, "sample_3" : -7.82,
 		"sample_4" : 0, "node_id" : 6},

	"6:131" : {"timestamp" : 1346182478, "air_time" : 3,
 		"sequence" : 131, "fails" : 3,
 		"retries" : 0, "sample_1" : -6.16,
 		"sample_2" : 11.12, "sample_3" : -7.99,
 		"sample_4" : 0, "node_id" : 6},

	"6:132" : {"timestamp" : 1346182479, "air_time" : 9,
 		"sequence" : 132, "fails" : 1,
 		"retries" : 1, "sample_1" : -7.46,
 		"sample_2" : 11.29, "sample_3" : -6.80,
 		"sample_4" : 0, "node_id" : 6},

	"6:133" : {"timestamp" : 1346182480, "air_time" : 1,
 		"sequence" : 133, "fails" : 1,
 		"retries" : 1, "sample_1" : -7.80,
 		"sample_2" : 10.05, "sample_3" : -5.96,
 		"sample_4" : 0, "node_id" : 6},

	"6:134" : {"timestamp" : 1346182481, "air_time" : 0,
 		"sequence" : 134, "fails" : 3,
 		"retries" : 2, "sample_1" : -9.85,
 		"sample_2" : 10.61, "sample_3" : -4.00,
 		"sample_4" : 0, "node_id" : 6},

	"6:135" : {"timestamp" : 1346182482, "air_time" : 9,
 		"sequence" : 135, "fails" : 0,
 		"retries" : 1, "sample_1" : -9.70,
 		"sample_2" : 8.69, "sample_3" : -2.98,
 		"sample_4" : 0, "node_id" : 6},

	"6:136" : {"timestamp" : 1346182483, "air_time" : 4,
 		"sequence" : 136, "fails" : 3,
 		"retries" : 2, "sample_1" : -9.55,
 		"sample_2" : 9.02, "sample_3" : -2.03,
 		"sample_4" : 0, "node_id" : 6},

	"6:137" : {"timestamp" : 1346182484, "air_time" : 6,
 		"sequence" : 137, "fails" : 3,
 		"retries" : 2, "sample_1" : -7.90,
 		"sample_2" : 7.22, "sample_3" : 0.19,
 		"sample_4" : 0, "node_id" : 6},

	"6:138" : {"timestamp" : 1346182485, "air_time" : 2,
 		"sequence" : 138, "fails" : 2,
 		"retries" : 1, "sample_1" : -8.16,
 		"sample_2" : 5.95, "sample_3" : 2.83,
 		"sample_4" : 0, "node_id" : 6},

	"6:139" : {"timestamp" : 1346182486, "air_time" : 8,
 		"sequence" : 139, "fails" : 1,
 		"retries" : 0, "sample_1" : -6.06,
 		"sample_2" : 3.33, "sample_3" : 4.44,
 		"sample_4" : 0, "node_id" : 6},

	"6:140" : {"timestamp" : 1346182487, "air_time" : 6,
 		"sequence" : 140, "fails" : 3,
 		"retries" : 0, "sample_1" : -4.83,
 		"sample_2" : 1.53, "sample_3" : 4.37,
 		"sample_4" : 0, "node_id" : 6},

	"6:141" : {"timestamp" : 1346182488, "air_time" : 1,
 		"sequence" : 141, "fails" : 0,
 		"retries" : 2, "sample_1" : -5.00,
 		"sample_2" : -0.02, "sample_3" : 7.37,
 		"sample_4" : 0, "node_id" : 6},

	"6:142" : {"timestamp" : 1346182489, "air_time" : 7,
 		"sequence" : 142, "fails" : 2,
 		"retries" : 2, "sample_1" : -1.82,
 		"sample_2" : -0.44, "sample_3" : 8.18,
 		"sample_4" : 0, "node_id" : 6},

	"6:143" : {"timestamp" : 1346182490, "air_time" : 1,
 		"sequence" : 143, "fails" : 1,
 		"retries" : 0, "sample_1" : 0.06,
 		"sample_2" : -3.20, "sample_3" : 9.18,
 		"sample_4" : 0, "node_id" : 6},

	"6:144" : {"timestamp" : 1346182491, "air_time" : 6,
 		"sequence" : 144, "fails" : 2,
 		"retries" : 2, "sample_1" : 0.60,
 		"sample_2" : -4.24, "sample_3" : 9.23,
 		"sample_4" : 0, "node_id" : 6},

	"6:145" : {"timestamp" : 1346182492, "air_time" : 5,
 		"sequence" : 145, "fails" : 2,
 		"retries" : 0, "sample_1" : 2.54,
 		"sample_2" : -6.31, "sample_3" : 10.60,
 		"sample_4" : 0, "node_id" : 6},

	"6:146" : {"timestamp" : 1346182493, "air_time" : 6,
 		"sequence" : 146, "fails" : 1,
 		"retries" : 1, "sample_1" : 3.62,
 		"sample_2" : -6.58, "sample_3" : 10.77,
 		"sample_4" : 0, "node_id" : 6},

	"6:147" : {"timestamp" : 1346182494, "air_time" : 6,
 		"sequence" : 147, "fails" : 1,
 		"retries" : 1, "sample_1" : 6.00,
 		"sample_2" : -7.41, "sample_3" : 10.85,
 		"sample_4" : 0, "node_id" : 6},

	"6:148" : {"timestamp" : 1346182495, "air_time" : 6,
 		"sequence" : 148, "fails" : 0,
 		"retries" : 2, "sample_1" : 6.83,
 		"sample_2" : -8.56, "sample_3" : 10.82,
 		"sample_4" : 0, "node_id" : 6},

	"6:149" : {"timestamp" : 1346182496, "air_time" : 1,
 		"sequence" : 149, "fails" : 1,
 		"retries" : 2, "sample_1" : 9.26,
 		"sample_2" : -9.52, "sample_3" : 9.69,
 		"sample_4" : 0, "node_id" : 6},

	"6:150" : {"timestamp" : 1346182497, "air_time" : 3,
 		"sequence" : 150, "fails" : 1,
 		"retries" : 2, "sample_1" : 9.76,
 		"sample_2" : -9.79, "sample_3" : 9.50,
 		"sample_4" : 0, "node_id" : 6},

	"6:151" : {"timestamp" : 1346182498, "air_time" : 9,
 		"sequence" : 151, "fails" : 2,
 		"retries" : 1, "sample_1" : 9.70,
 		"sample_2" : -8.35, "sample_3" : 8.86,
 		"sample_4" : 0, "node_id" : 6},

	"6:152" : {"timestamp" : 1346182499, "air_time" : 3,
 		"sequence" : 152, "fails" : 2,
 		"retries" : 0, "sample_1" : 11.15,
 		"sample_2" : -8.01, "sample_3" : 5.70,
 		"sample_4" : 0, "node_id" : 6},

	"6:153" : {"timestamp" : 1346182500, "air_time" : 7,
 		"sequence" : 153, "fails" : 3,
 		"retries" : 2, "sample_1" : 10.30,
 		"sample_2" : -6.89, "sample_3" : 5.38,
 		"sample_4" : 0, "node_id" : 6},

	"6:154" : {"timestamp" : 1346182501, "air_time" : 6,
 		"sequence" : 154, "fails" : 3,
 		"retries" : 1, "sample_1" : 10.95,
 		"sample_2" : -7.02, "sample_3" : 3.23,
 		"sample_4" : 0, "node_id" : 6},

	"6:155" : {"timestamp" : 1346182502, "air_time" : 6,
 		"sequence" : 155, "fails" : 2,
 		"retries" : 2, "sample_1" : 11.20,
 		"sample_2" : -4.82, "sample_3" : 1.81,
 		"sample_4" : 0, "node_id" : 6},

	"6:156" : {"timestamp" : 1346182503, "air_time" : 6,
 		"sequence" : 156, "fails" : 3,
 		"retries" : 1, "sample_1" : 10.56,
 		"sample_2" : -3.65, "sample_3" : 0.37,
 		"sample_4" : 0, "node_id" : 6},

	"6:157" : {"timestamp" : 1346182504, "air_time" : 6,
 		"sequence" : 157, "fails" : 1,
 		"retries" : 1, "sample_1" : 8.26,
 		"sample_2" : -2.73, "sample_3" : -2.34,
 		"sample_4" : 0, "node_id" : 6},

	"6:158" : {"timestamp" : 1346182505, "air_time" : 5,
 		"sequence" : 158, "fails" : 1,
 		"retries" : 2, "sample_1" : 8.33,
 		"sample_2" : -1.03, "sample_3" : -3.27,
 		"sample_4" : 0, "node_id" : 6},

	"6:159" : {"timestamp" : 1346182506, "air_time" : 9,
 		"sequence" : 159, "fails" : 1,
 		"retries" : 0, "sample_1" : 5.40,
 		"sample_2" : 1.52, "sample_3" : -5.07,
 		"sample_4" : 0, "node_id" : 6},

	"6:160" : {"timestamp" : 1346182507, "air_time" : 3,
 		"sequence" : 160, "fails" : 3,
 		"retries" : 0, "sample_1" : 5.12,
 		"sample_2" : 2.34, "sample_3" : -7.18,
 		"sample_4" : 0, "node_id" : 6},

	"6:161" : {"timestamp" : 1346182508, "air_time" : 5,
 		"sequence" : 161, "fails" : 0,
 		"retries" : 2, "sample_1" : 2.54,
 		"sample_2" : 4.10, "sample_3" : -7.68,
 		"sample_4" : 0, "node_id" : 6},

	"6:162" : {"timestamp" : 1346182509, "air_time" : 6,
 		"sequence" : 162, "fails" : 3,
 		"retries" : 2, "sample_1" : 0.80,
 		"sample_2" : 5.84, "sample_3" : -7.93,
 		"sample_4" : 0, "node_id" : 6},

	"6:163" : {"timestamp" : 1346182510, "air_time" : 2,
 		"sequence" : 163, "fails" : 3,
 		"retries" : 1, "sample_1" : -0.54,
 		"sample_2" : 7.71, "sample_3" : -8.90,
 		"sample_4" : 0, "node_id" : 6},

	"6:164" : {"timestamp" : 1346182511, "air_time" : 0,
 		"sequence" : 164, "fails" : 0,
 		"retries" : 2, "sample_1" : -1.92,
 		"sample_2" : 9.48, "sample_3" : -9.17,
 		"sample_4" : 0, "node_id" : 6},

	"6:165" : {"timestamp" : 1346182512, "air_time" : 1,
 		"sequence" : 165, "fails" : 3,
 		"retries" : 1, "sample_1" : -3.20,
 		"sample_2" : 10.41, "sample_3" : -8.55,
 		"sample_4" : 0, "node_id" : 6},

	"6:166" : {"timestamp" : 1346182513, "air_time" : 6,
 		"sequence" : 166, "fails" : 0,
 		"retries" : 1, "sample_1" : -5.33,
 		"sample_2" : 10.86, "sample_3" : -8.12,
 		"sample_4" : 0, "node_id" : 6},

	"6:167" : {"timestamp" : 1346182514, "air_time" : 2,
 		"sequence" : 167, "fails" : 3,
 		"retries" : 0, "sample_1" : -7.66,
 		"sample_2" : 10.32, "sample_3" : -8.29,
 		"sample_4" : 0, "node_id" : 6},

	"6:168" : {"timestamp" : 1346182515, "air_time" : 7,
 		"sequence" : 168, "fails" : 1,
 		"retries" : 1, "sample_1" : -8.66,
 		"sample_2" : 11.59, "sample_3" : -7.90,
 		"sample_4" : 0, "node_id" : 6},

	"6:169" : {"timestamp" : 1346182516, "air_time" : 1,
 		"sequence" : 169, "fails" : 0,
 		"retries" : 0, "sample_1" : -8.00,
 		"sample_2" : 11.25, "sample_3" : -6.06,
 		"sample_4" : 0, "node_id" : 6},

	"6:170" : {"timestamp" : 1346182517, "air_time" : 9,
 		"sequence" : 170, "fails" : 0,
 		"retries" : 0, "sample_1" : -8.35,
 		"sample_2" : 9.21, "sample_3" : -4.70,
 		"sample_4" : 0, "node_id" : 6},

	"6:171" : {"timestamp" : 1346182518, "air_time" : 4,
 		"sequence" : 171, "fails" : 2,
 		"retries" : 2, "sample_1" : -9.20,
 		"sample_2" : 8.69, "sample_3" : -3.88,
 		"sample_4" : 0, "node_id" : 6},

	"6:172" : {"timestamp" : 1346182519, "air_time" : 4,
 		"sequence" : 172, "fails" : 3,
 		"retries" : 1, "sample_1" : -9.55,
 		"sample_2" : 7.32, "sample_3" : -1.93,
 		"sample_4" : 0, "node_id" : 6},

	"6:173" : {"timestamp" : 1346182520, "air_time" : 6,
 		"sequence" : 173, "fails" : 1,
 		"retries" : 0, "sample_1" : -8.70,
 		"sample_2" : 6.52, "sample_3" : -0.71,
 		"sample_4" : 0, "node_id" : 6},

	"6:174" : {"timestamp" : 1346182521, "air_time" : 7,
 		"sequence" : 174, "fails" : 2,
 		"retries" : 1, "sample_1" : -6.96,
 		"sample_2" : 4.85, "sample_3" : 2.23,
 		"sample_4" : 0, "node_id" : 6},

	"6:175" : {"timestamp" : 1346182522, "air_time" : 4,
 		"sequence" : 175, "fails" : 2,
 		"retries" : 2, "sample_1" : -5.86,
 		"sample_2" : 4.03, "sample_3" : 4.34,
 		"sample_4" : 0, "node_id" : 6},

	"6:176" : {"timestamp" : 1346182523, "air_time" : 5,
 		"sequence" : 176, "fails" : 3,
 		"retries" : 0, "sample_1" : -5.63,
 		"sample_2" : 1.83, "sample_3" : 5.27,
 		"sample_4" : 0, "node_id" : 6},

	"6:177" : {"timestamp" : 1346182524, "air_time" : 3,
 		"sequence" : 177, "fails" : 1,
 		"retries" : 2, "sample_1" : -3.20,
 		"sample_2" : 0.28, "sample_3" : 7.67,
 		"sample_4" : 0, "node_id" : 6},

	"6:178" : {"timestamp" : 1346182525, "air_time" : 4,
 		"sequence" : 178, "fails" : 3,
 		"retries" : 0, "sample_1" : -1.92,
 		"sample_2" : -1.54, "sample_3" : 8.78,
 		"sample_4" : 0, "node_id" : 6},

	"6:179" : {"timestamp" : 1346182526, "air_time" : 6,
 		"sequence" : 179, "fails" : 0,
 		"retries" : 2, "sample_1" : -1.74,
 		"sample_2" : -2.70, "sample_3" : 8.38,
 		"sample_4" : 0, "node_id" : 6},

	"6:180" : {"timestamp" : 1346182527, "air_time" : 5,
 		"sequence" : 180, "fails" : 2,
 		"retries" : 0, "sample_1" : 1.40,
 		"sample_2" : -3.54, "sample_3" : 10.03,
 		"sample_4" : 0, "node_id" : 6},

	"6:181" : {"timestamp" : 1346182528, "air_time" : 4,
 		"sequence" : 181, "fails" : 3,
 		"retries" : 1, "sample_1" : 1.94,
 		"sample_2" : -6.01, "sample_3" : 10.80,
 		"sample_4" : 0, "node_id" : 6},

	"6:182" : {"timestamp" : 1346182529, "air_time" : 7,
 		"sequence" : 182, "fails" : 1,
 		"retries" : 0, "sample_1" : 4.02,
 		"sample_2" : -7.08, "sample_3" : 9.97,
 		"sample_4" : 0, "node_id" : 6},

	"6:183" : {"timestamp" : 1346182530, "air_time" : 5,
 		"sequence" : 183, "fails" : 3,
 		"retries" : 0, "sample_1" : 5.90,
 		"sample_2" : -7.61, "sample_3" : 10.15,
 		"sample_4" : 0, "node_id" : 6},

	"6:184" : {"timestamp" : 1346182531, "air_time" : 6,
 		"sequence" : 184, "fails" : 3,
 		"retries" : 0, "sample_1" : 7.33,
 		"sample_2" : -7.76, "sample_3" : 10.12,
 		"sample_4" : 0, "node_id" : 6},

	"6:185" : {"timestamp" : 1346182532, "air_time" : 7,
 		"sequence" : 185, "fails" : 2,
 		"retries" : 0, "sample_1" : 9.16,
 		"sample_2" : -9.12, "sample_3" : 9.89,
 		"sample_4" : 0, "node_id" : 6},

	"6:186" : {"timestamp" : 1346182533, "air_time" : 7,
 		"sequence" : 186, "fails" : 1,
 		"retries" : 0, "sample_1" : 10.06,
 		"sample_2" : -9.89, "sample_3" : 8.20,
 		"sample_4" : 0, "node_id" : 6},

	"6:187" : {"timestamp" : 1346182534, "air_time" : 0,
 		"sequence" : 187, "fails" : 2,
 		"retries" : 0, "sample_1" : 10.30,
 		"sample_2" : -8.15, "sample_3" : 8.56,
 		"sample_4" : 0, "node_id" : 6},

	"6:188" : {"timestamp" : 1346182535, "air_time" : 4,
 		"sequence" : 188, "fails" : 2,
 		"retries" : 0, "sample_1" : 10.65,
 		"sample_2" : -8.71, "sample_3" : 5.70,
 		"sample_4" : 0, "node_id" : 6},

	"6:189" : {"timestamp" : 1346182536, "air_time" : 8,
 		"sequence" : 189, "fails" : 3,
 		"retries" : 1, "sample_1" : 10.60,
 		"sample_2" : -8.29, "sample_3" : 4.58,
 		"sample_4" : 0, "node_id" : 6},

	"6:190" : {"timestamp" : 1346182537, "air_time" : 0,
 		"sequence" : 190, "fails" : 1,
 		"retries" : 2, "sample_1" : 11.15,
 		"sample_2" : -6.22, "sample_3" : 4.33,
 		"sample_4" : 0, "node_id" : 6},

	"6:191" : {"timestamp" : 1346182538, "air_time" : 8,
 		"sequence" : 191, "fails" : 1,
 		"retries" : 0, "sample_1" : 10.20,
 		"sample_2" : -5.02, "sample_3" : 2.41,
 		"sample_4" : 0, "node_id" : 6},

	"6:192" : {"timestamp" : 1346182539, "air_time" : 0,
 		"sequence" : 192, "fails" : 3,
 		"retries" : 2, "sample_1" : 10.46,
 		"sample_2" : -2.65, "sample_3" : 0.77,
 		"sample_4" : 0, "node_id" : 6},

	"6:193" : {"timestamp" : 1346182540, "air_time" : 0,
 		"sequence" : 193, "fails" : 0,
 		"retries" : 1, "sample_1" : 8.36,
 		"sample_2" : -2.43, "sample_3" : -2.34,
 		"sample_4" : 0, "node_id" : 6},

	"6:194" : {"timestamp" : 1346182541, "air_time" : 3,
 		"sequence" : 194, "fails" : 2,
 		"retries" : 1, "sample_1" : 8.23,
 		"sample_2" : -0.93, "sample_3" : -3.47,
 		"sample_4" : 0, "node_id" : 6},

	"6:195" : {"timestamp" : 1346182542, "air_time" : 7,
 		"sequence" : 195, "fails" : 2,
 		"retries" : 1, "sample_1" : 5.20,
 		"sample_2" : 2.22, "sample_3" : -4.57,
 		"sample_4" : 0, "node_id" : 6},

	"6:196" : {"timestamp" : 1346182543, "air_time" : 1,
 		"sequence" : 196, "fails" : 1,
 		"retries" : 0, "sample_1" : 3.92,
 		"sample_2" : 3.54, "sample_3" : -5.38,
 		"sample_4" : 0, "node_id" : 6},

	"6:197" : {"timestamp" : 1346182544, "air_time" : 4,
 		"sequence" : 197, "fails" : 3,
 		"retries" : 0, "sample_1" : 1.84,
 		"sample_2" : 5.40, "sample_3" : -7.38,
 		"sample_4" : 0, "node_id" : 6},

	"6:198" : {"timestamp" : 1346182545, "air_time" : 6,
 		"sequence" : 198, "fails" : 0,
 		"retries" : 0, "sample_1" : 1.70,
 		"sample_2" : 7.34, "sample_3" : -8.03,
 		"sample_4" : 0, "node_id" : 6},

	"6:199" : {"timestamp" : 1346182546, "air_time" : 2,
 		"sequence" : 199, "fails" : 1,
 		"retries" : 0, "sample_1" : -0.04,
 		"sample_2" : 7.81, "sample_3" : -7.80,
 		"sample_4" : 0, "node_id" : 6},

	"6:200" : {"timestamp" : 1346182547, "air_time" : 3,
 		"sequence" : 200, "fails" : 3,
 		"retries" : 0, "sample_1" : -3.12,
 		"sample_2" : 7.98, "sample_3" : -9.17,
 		"sample_4" : 0, "node_id" : 6},

	"6:201" : {"timestamp" : 1346182548, "air_time" : 5,
 		"sequence" : 201, "fails" : 3,
 		"retries" : 1, "sample_1" : -3.40,
 		"sample_2" : 9.91, "sample_3" : -8.45,
 		"sample_4" : 0, "node_id" : 6},

	"6:202" : {"timestamp" : 1346182549, "air_time" : 3,
 		"sequence" : 202, "fails" : 0,
 		"retries" : 1, "sample_1" : -6.03,
 		"sample_2" : 10.16, "sample_3" : -8.92,
 		"sample_4" : 0, "node_id" : 6},

	"6:203" : {"timestamp" : 1346182550, "air_time" : 0,
 		"sequence" : 203, "fails" : 0,
 		"retries" : 0, "sample_1" : -6.76,
 		"sample_2" : 11.12, "sample_3" : -7.79,
 		"sample_4" : 0, "node_id" : 6},

	"6:204" : {"timestamp" : 1346182551, "air_time" : 6,
 		"sequence" : 204, "fails" : 1,
 		"retries" : 2, "sample_1" : -6.86,
 		"sample_2" : 10.39, "sample_3" : -7.90,
 		"sample_4" : 0, "node_id" : 6},

	"6:205" : {"timestamp" : 1346182552, "air_time" : 8,
 		"sequence" : 205, "fails" : 1,
 		"retries" : 0, "sample_1" : -8.00,
 		"sample_2" : 9.95, "sample_3" : -5.86,
 		"sample_4" : 0, "node_id" : 6},

	"6:206" : {"timestamp" : 1346182553, "air_time" : 0,
 		"sequence" : 206, "fails" : 0,
 		"retries" : 2, "sample_1" : -8.15,
 		"sample_2" : 10.61, "sample_3" : -4.80,
 		"sample_4" : 0, "node_id" : 6},

	"6:207" : {"timestamp" : 1346182554, "air_time" : 6,
 		"sequence" : 207, "fails" : 1,
 		"retries" : 2, "sample_1" : -8.30,
 		"sample_2" : 9.49, "sample_3" : -3.18,
 		"sample_4" : 0, "node_id" : 6},

	"6:208" : {"timestamp" : 1346182555, "air_time" : 7,
 		"sequence" : 208, "fails" : 2,
 		"retries" : 1, "sample_1" : -9.25,
 		"sample_2" : 9.22, "sample_3" : -1.53,
 		"sample_4" : 0, "node_id" : 6},

	"6:209" : {"timestamp" : 1346182556, "air_time" : 6,
 		"sequence" : 209, "fails" : 2,
 		"retries" : 2, "sample_1" : -8.20,
 		"sample_2" : 6.72, "sample_3" : -0.01,
 		"sample_4" : 0, "node_id" : 6},

	"6:210" : {"timestamp" : 1346182557, "air_time" : 1,
 		"sequence" : 210, "fails" : 2,
 		"retries" : 0, "sample_1" : -7.36,
 		"sample_2" : 6.25, "sample_3" : 1.93,
 		"sample_4" : 0, "node_id" : 6},

	"6:211" : {"timestamp" : 1346182558, "air_time" : 9,
 		"sequence" : 211, "fails" : 2,
 		"retries" : 0, "sample_1" : -7.06,
 		"sample_2" : 3.53, "sample_3" : 3.34,
 		"sample_4" : 0, "node_id" : 6},

	"6:212" : {"timestamp" : 1346182559, "air_time" : 4,
 		"sequence" : 212, "fails" : 0,
 		"retries" : 0, "sample_1" : -5.93,
 		"sample_2" : 1.53, "sample_3" : 4.57,
 		"sample_4" : 0, "node_id" : 6},

	"6:213" : {"timestamp" : 1346182560, "air_time" : 8,
 		"sequence" : 213, "fails" : 3,
 		"retries" : 1, "sample_1" : -3.40,
 		"sample_2" : 0.58, "sample_3" : 7.07,
 		"sample_4" : 0, "node_id" : 6},

	"6:214" : {"timestamp" : 1346182561, "air_time" : 1,
 		"sequence" : 214, "fails" : 1,
 		"retries" : 2, "sample_1" : -1.72,
 		"sample_2" : -1.74, "sample_3" : 7.78,
 		"sample_4" : 0, "node_id" : 6},

	"6:215" : {"timestamp" : 1346182562, "air_time" : 7,
 		"sequence" : 215, "fails" : 2,
 		"retries" : 1, "sample_1" : -1.64,
 		"sample_2" : -2.50, "sample_3" : 9.68,
 		"sample_4" : 0, "node_id" : 6},

	"6:216" : {"timestamp" : 1346182563, "air_time" : 4,
 		"sequence" : 216, "fails" : 3,
 		"retries" : 0, "sample_1" : 1.70,
 		"sample_2" : -5.24, "sample_3" : 9.13,
 		"sample_4" : 0, "node_id" : 6},

	"6:217" : {"timestamp" : 1346182564, "air_time" : 4,
 		"sequence" : 217, "fails" : 0,
 		"retries" : 0, "sample_1" : 3.44,
 		"sample_2" : -5.11, "sample_3" : 11.00,
 		"sample_4" : 0, "node_id" : 6},

	"6:218" : {"timestamp" : 1346182565, "air_time" : 2,
 		"sequence" : 218, "fails" : 1,
 		"retries" : 1, "sample_1" : 3.62,
 		"sample_2" : -6.58, "sample_3" : 11.37,
 		"sample_4" : 0, "node_id" : 6},

	"6:219" : {"timestamp" : 1346182566, "air_time" : 7,
 		"sequence" : 219, "fails" : 1,
 		"retries" : 2, "sample_1" : 6.30,
 		"sample_2" : -8.91, "sample_3" : 10.35,
 		"sample_4" : 0, "node_id" : 6},

	"6:220" : {"timestamp" : 1346182567, "air_time" : 0,
 		"sequence" : 220, "fails" : 1,
 		"retries" : 2, "sample_1" : 8.13,
 		"sample_2" : -9.26, "sample_3" : 9.82,
 		"sample_4" : 0, "node_id" : 6},

	"6:221" : {"timestamp" : 1346182568, "air_time" : 3,
 		"sequence" : 221, "fails" : 2,
 		"retries" : 0, "sample_1" : 9.36,
 		"sample_2" : -9.22, "sample_3" : 10.79,
 		"sample_4" : 0, "node_id" : 6},

	"6:222" : {"timestamp" : 1346182569, "air_time" : 4,
 		"sequence" : 222, "fails" : 3,
 		"retries" : 2, "sample_1" : 9.76,
 		"sample_2" : -8.09, "sample_3" : 8.50,
 		"sample_4" : 0, "node_id" : 6},

	"6:223" : {"timestamp" : 1346182570, "air_time" : 8,
 		"sequence" : 223, "fails" : 1,
 		"retries" : 1, "sample_1" : 9.40,
 		"sample_2" : -9.05, "sample_3" : 8.16,
 		"sample_4" : 0, "node_id" : 6},

	"6:224" : {"timestamp" : 1346182571, "air_time" : 3,
 		"sequence" : 224, "fails" : 3,
 		"retries" : 2, "sample_1" : 10.95,
 		"sample_2" : -9.01, "sample_3" : 6.10,
 		"sample_4" : 0, "node_id" : 6},

	"6:225" : {"timestamp" : 1346182572, "air_time" : 9,
 		"sequence" : 225, "fails" : 2,
 		"retries" : 2, "sample_1" : 10.50,
 		"sample_2" : -8.09, "sample_3" : 4.38,
 		"sample_4" : 0, "node_id" : 6},

	"6:226" : {"timestamp" : 1346182573, "air_time" : 7,
 		"sequence" : 226, "fails" : 0,
 		"retries" : 2, "sample_1" : 11.35,
 		"sample_2" : -6.52, "sample_3" : 2.43,
 		"sample_4" : 0, "node_id" : 6},

	"6:227" : {"timestamp" : 1346182574, "air_time" : 4,
 		"sequence" : 227, "fails" : 2,
 		"retries" : 1, "sample_1" : 11.10,
 		"sample_2" : -4.52, "sample_3" : 2.61,
 		"sample_4" : 0, "node_id" : 6},

	"6:228" : {"timestamp" : 1346182575, "air_time" : 0,
 		"sequence" : 228, "fails" : 1,
 		"retries" : 1, "sample_1" : 9.06,
 		"sample_2" : -2.85, "sample_3" : 0.77,
 		"sample_4" : 0, "node_id" : 6},

	"6:229" : {"timestamp" : 1346182576, "air_time" : 0,
 		"sequence" : 229, "fails" : 3,
 		"retries" : 0, "sample_1" : 8.16,
 		"sample_2" : -2.13, "sample_3" : -0.94,
 		"sample_4" : 0, "node_id" : 6},

	"6:230" : {"timestamp" : 1346182577, "air_time" : 2,
 		"sequence" : 230, "fails" : 3,
 		"retries" : 2, "sample_1" : 6.73,
 		"sample_2" : -0.53, "sample_3" : -3.07,
 		"sample_4" : 0, "node_id" : 6},

	"6:231" : {"timestamp" : 1346182578, "air_time" : 3,
 		"sequence" : 231, "fails" : 2,
 		"retries" : 2, "sample_1" : 6.60,
 		"sample_2" : 2.02, "sample_3" : -5.67,
 		"sample_4" : 0, "node_id" : 6},

	"6:232" : {"timestamp" : 1346182579, "air_time" : 1,
 		"sequence" : 232, "fails" : 0,
 		"retries" : 1, "sample_1" : 4.32,
 		"sample_2" : 3.64, "sample_3" : -6.38,
 		"sample_4" : 0, "node_id" : 6},

	"6:233" : {"timestamp" : 1346182580, "air_time" : 2,
 		"sequence" : 233, "fails" : 0,
 		"retries" : 2, "sample_1" : 3.34,
 		"sample_2" : 5.20, "sample_3" : -6.98,
 		"sample_4" : 0, "node_id" : 6},

	"6:234" : {"timestamp" : 1346182581, "air_time" : 9,
 		"sequence" : 234, "fails" : 3,
 		"retries" : 2, "sample_1" : 1.40,
 		"sample_2" : 7.24, "sample_3" : -7.43,
 		"sample_4" : 0, "node_id" : 6},

	"6:235" : {"timestamp" : 1346182582, "air_time" : 4,
 		"sequence" : 235, "fails" : 3,
 		"retries" : 0, "sample_1" : -0.04,
 		"sample_2" : 8.61, "sample_3" : -8.70,
 		"sample_4" : 0, "node_id" : 6},

	"6:236" : {"timestamp" : 1346182583, "air_time" : 1,
 		"sequence" : 236, "fails" : 3,
 		"retries" : 0, "sample_1" : -2.42,
 		"sample_2" : 8.48, "sample_3" : -8.57,
 		"sample_4" : 0, "node_id" : 6},

	"6:237" : {"timestamp" : 1346182584, "air_time" : 7,
 		"sequence" : 237, "fails" : 3,
 		"retries" : 0, "sample_1" : -5.00,
 		"sample_2" : 8.91, "sample_3" : -8.65,
 		"sample_4" : 0, "node_id" : 6},

	"6:238" : {"timestamp" : 1346182585, "air_time" : 0,
 		"sequence" : 238, "fails" : 3,
 		"retries" : 2, "sample_1" : -5.23,
 		"sample_2" : 10.26, "sample_3" : -8.82,
 		"sample_4" : 0, "node_id" : 6},

	"6:239" : {"timestamp" : 1346182586, "air_time" : 8,
 		"sequence" : 239, "fails" : 1,
 		"retries" : 0, "sample_1" : -6.56,
 		"sample_2" : 11.12, "sample_3" : -7.49,
 		"sample_4" : 0, "node_id" : 6},

	"6:240" : {"timestamp" : 1346182587, "air_time" : 6,
 		"sequence" : 240, "fails" : 1,
 		"retries" : 0, "sample_1" : -7.36,
 		"sample_2" : 10.69, "sample_3" : -7.00,
 		"sample_4" : 0, "node_id" : 6},

	"6:241" : {"timestamp" : 1346182588, "air_time" : 2,
 		"sequence" : 241, "fails" : 3,
 		"retries" : 1, "sample_1" : -7.80,
 		"sample_2" : 9.85, "sample_3" : -5.16,
 		"sample_4" : 0, "node_id" : 6},

	"6:242" : {"timestamp" : 1346182589, "air_time" : 3,
 		"sequence" : 242, "fails" : 1,
 		"retries" : 0, "sample_1" : -8.25,
 		"sample_2" : 9.31, "sample_3" : -4.70,
 		"sample_4" : 0, "node_id" : 6},

	"6:243" : {"timestamp" : 1346182590, "air_time" : 5,
 		"sequence" : 243, "fails" : 3,
 		"retries" : 2, "sample_1" : -9.10,
 		"sample_2" : 10.29, "sample_3" : -3.68,
 		"sample_4" : 0, "node_id" : 6},

	"6:244" : {"timestamp" : 1346182591, "air_time" : 2,
 		"sequence" : 244, "fails" : 1,
 		"retries" : 1, "sample_1" : -8.45,
 		"sample_2" : 8.92, "sample_3" : -1.43,
 		"sample_4" : 0, "node_id" : 6},

	"6:245" : {"timestamp" : 1346182592, "air_time" : 9,
 		"sequence" : 245, "fails" : 1,
 		"retries" : 2, "sample_1" : -8.70,
 		"sample_2" : 7.62, "sample_3" : 0.19,
 		"sample_4" : 0, "node_id" : 6},

	"6:246" : {"timestamp" : 1346182593, "air_time" : 9,
 		"sequence" : 246, "fails" : 3,
 		"retries" : 1, "sample_1" : -8.16,
 		"sample_2" : 5.15, "sample_3" : 2.33,
 		"sample_4" : 0, "node_id" : 6},

	"6:247" : {"timestamp" : 1346182594, "air_time" : 0,
 		"sequence" : 247, "fails" : 1,
 		"retries" : 0, "sample_1" : -6.06,
 		"sample_2" : 4.43, "sample_3" : 3.74,
 		"sample_4" : 0, "node_id" : 6},

	"6:248" : {"timestamp" : 1346182595, "air_time" : 6,
 		"sequence" : 248, "fails" : 1,
 		"retries" : 1, "sample_1" : -6.33,
 		"sample_2" : 1.73, "sample_3" : 5.77,
 		"sample_4" : 0, "node_id" : 6},

	"6:249" : {"timestamp" : 1346182596, "air_time" : 5,
 		"sequence" : 249, "fails" : 3,
 		"retries" : 2, "sample_1" : -3.20,
 		"sample_2" : -0.42, "sample_3" : 6.17,
 		"sample_4" : 0, "node_id" : 6},

	"6:250" : {"timestamp" : 1346182597, "air_time" : 9,
 		"sequence" : 250, "fails" : 1,
 		"retries" : 2, "sample_1" : -2.52,
 		"sample_2" : -2.14, "sample_3" : 7.68,
 		"sample_4" : 0, "node_id" : 6},

	"6:251" : {"timestamp" : 1346182598, "air_time" : 1,
 		"sequence" : 251, "fails" : 1,
 		"retries" : 1, "sample_1" : -0.44,
 		"sample_2" : -2.90, "sample_3" : 8.78,
 		"sample_4" : 0, "node_id" : 6},

	"6:252" : {"timestamp" : 1346182599, "air_time" : 6,
 		"sequence" : 252, "fails" : 2,
 		"retries" : 2, "sample_1" : 0.70,
 		"sample_2" : -4.64, "sample_3" : 9.53,
 		"sample_4" : 0, "node_id" : 6},

	"6:253" : {"timestamp" : 1346182600, "air_time" : 7,
 		"sequence" : 253, "fails" : 1,
 		"retries" : 1, "sample_1" : 3.54,
 		"sample_2" : -5.51, "sample_3" : 11.50,
 		"sample_4" : 0, "node_id" : 6},

	"6:254" : {"timestamp" : 1346182601, "air_time" : 8,
 		"sequence" : 254, "fails" : 2,
 		"retries" : 2, "sample_1" : 5.22,
 		"sample_2" : -7.58, "sample_3" : 11.07,
 		"sample_4" : 0, "node_id" : 6},

	"6:255" : {"timestamp" : 1346182602, "air_time" : 0,
 		"sequence" : 255, "fails" : 3,
 		"retries" : 2, "sample_1" : 5.00,
 		"sample_2" : -7.61, "sample_3" : 11.35,
 		"sample_4" : 0, "node_id" : 6},

	"6:256" : {"timestamp" : 1346182603, "air_time" : 2,
 		"sequence" : 256, "fails" : 3,
 		"retries" : 0, "sample_1" : 7.93,
 		"sample_2" : -9.36, "sample_3" : 10.42,
 		"sample_4" : 0, "node_id" : 6},

	"6:257" : {"timestamp" : 1346182604, "air_time" : 1,
 		"sequence" : 257, "fails" : 2,
 		"retries" : 1, "sample_1" : 7.76,
 		"sample_2" : -8.22, "sample_3" : 9.39,
 		"sample_4" : 0, "node_id" : 6},

	"6:258" : {"timestamp" : 1346182605, "air_time" : 8,
 		"sequence" : 258, "fails" : 1,
 		"retries" : 0, "sample_1" : 9.86,
 		"sample_2" : -8.39, "sample_3" : 8.50,
 		"sample_4" : 0, "node_id" : 6},

	"6:259" : {"timestamp" : 1346182606, "air_time" : 6,
 		"sequence" : 259, "fails" : 1,
 		"retries" : 2, "sample_1" : 9.90,
 		"sample_2" : -8.95, "sample_3" : 7.96,
 		"sample_4" : 0, "node_id" : 6},

	"6:260" : {"timestamp" : 1346182607, "air_time" : 8,
 		"sequence" : 260, "fails" : 0,
 		"retries" : 1, "sample_1" : 10.05,
 		"sample_2" : -7.31, "sample_3" : 6.30,
 		"sample_4" : 0, "node_id" : 6},

	"6:261" : {"timestamp" : 1346182608, "air_time" : 8,
 		"sequence" : 261, "fails" : 3,
 		"retries" : 1, "sample_1" : 10.30,
 		"sample_2" : -8.29, "sample_3" : 4.28,
 		"sample_4" : 0, "node_id" : 6},

	"6:262" : {"timestamp" : 1346182609, "air_time" : 9,
 		"sequence" : 262, "fails" : 0,
 		"retries" : 1, "sample_1" : 11.55,
 		"sample_2" : -6.72, "sample_3" : 3.23,
 		"sample_4" : 0, "node_id" : 6},

	"6:263" : {"timestamp" : 1346182610, "air_time" : 9,
 		"sequence" : 263, "fails" : 2,
 		"retries" : 1, "sample_1" : 10.10,
 		"sample_2" : -4.92, "sample_3" : 0.71,
 		"sample_4" : 0, "node_id" : 6},

	"6:264" : {"timestamp" : 1346182611, "air_time" : 2,
 		"sequence" : 264, "fails" : 1,
 		"retries" : 1, "sample_1" : 8.76,
 		"sample_2" : -3.15, "sample_3" : -0.13,
 		"sample_4" : 0, "node_id" : 6},

	"6:265" : {"timestamp" : 1346182612, "air_time" : 0,
 		"sequence" : 265, "fails" : 1,
 		"retries" : 0, "sample_1" : 9.36,
 		"sample_2" : -1.83, "sample_3" : -1.64,
 		"sample_4" : 0, "node_id" : 6},

	"6:266" : {"timestamp" : 1346182613, "air_time" : 4,
 		"sequence" : 266, "fails" : 2,
 		"retries" : 2, "sample_1" : 8.33,
 		"sample_2" : -0.63, "sample_3" : -2.67,
 		"sample_4" : 0, "node_id" : 6},

	"6:267" : {"timestamp" : 1346182614, "air_time" : 8,
 		"sequence" : 267, "fails" : 0,
 		"retries" : 0, "sample_1" : 5.70,
 		"sample_2" : 0.82, "sample_3" : -5.17,
 		"sample_4" : 0, "node_id" : 6},

	"6:268" : {"timestamp" : 1346182615, "air_time" : 2,
 		"sequence" : 268, "fails" : 0,
 		"retries" : 0, "sample_1" : 3.62,
 		"sample_2" : 3.14, "sample_3" : -5.68,
 		"sample_4" : 0, "node_id" : 6},

	"6:269" : {"timestamp" : 1346182616, "air_time" : 1,
 		"sequence" : 269, "fails" : 1,
 		"retries" : 2, "sample_1" : 2.04,
 		"sample_2" : 5.00, "sample_3" : -7.08,
 		"sample_4" : 0, "node_id" : 6},

	"6:270" : {"timestamp" : 1346182617, "air_time" : 0,
 		"sequence" : 270, "fails" : 1,
 		"retries" : 0, "sample_1" : 1.80,
 		"sample_2" : 5.64, "sample_3" : -8.73,
 		"sample_4" : 0, "node_id" : 6},

	"6:271" : {"timestamp" : 1346182618, "air_time" : 7,
 		"sequence" : 271, "fails" : 1,
 		"retries" : 2, "sample_1" : -1.34,
 		"sample_2" : 8.71, "sample_3" : -8.30,
 		"sample_4" : 0, "node_id" : 6},

	"6:272" : {"timestamp" : 1346182619, "air_time" : 1,
 		"sequence" : 272, "fails" : 3,
 		"retries" : 1, "sample_1" : -1.72,
 		"sample_2" : 8.38, "sample_3" : -9.57,
 		"sample_4" : 0, "node_id" : 6},

	"6:273" : {"timestamp" : 1346182620, "air_time" : 2,
 		"sequence" : 273, "fails" : 3,
 		"retries" : 0, "sample_1" : -3.60,
 		"sample_2" : 10.61, "sample_3" : -9.25,
 		"sample_4" : 0, "node_id" : 6},

	"6:274" : {"timestamp" : 1346182621, "air_time" : 8,
 		"sequence" : 274, "fails" : 0,
 		"retries" : 2, "sample_1" : -5.53,
 		"sample_2" : 11.26, "sample_3" : -8.52,
 		"sample_4" : 0, "node_id" : 6},

	"6:275" : {"timestamp" : 1346182622, "air_time" : 6,
 		"sequence" : 275, "fails" : 3,
 		"retries" : 2, "sample_1" : -6.96,
 		"sample_2" : 10.52, "sample_3" : -8.59,
 		"sample_4" : 0, "node_id" : 6},

	"6:276" : {"timestamp" : 1346182623, "air_time" : 3,
 		"sequence" : 276, "fails" : 3,
 		"retries" : 2, "sample_1" : -8.36,
 		"sample_2" : 11.89, "sample_3" : -6.60,
 		"sample_4" : 0, "node_id" : 6},

	"6:277" : {"timestamp" : 1346182624, "air_time" : 3,
 		"sequence" : 277, "fails" : 3,
 		"retries" : 2, "sample_1" : -8.90,
 		"sample_2" : 10.95, "sample_3" : -5.26,
 		"sample_4" : 0, "node_id" : 6},

	"6:278" : {"timestamp" : 1346182625, "air_time" : 2,
 		"sequence" : 278, "fails" : 3,
 		"retries" : 1, "sample_1" : -9.85,
 		"sample_2" : 11.01, "sample_3" : -5.20,
 		"sample_4" : 0, "node_id" : 6},

	"6:279" : {"timestamp" : 1346182626, "air_time" : 2,
 		"sequence" : 279, "fails" : 1,
 		"retries" : 0, "sample_1" : -8.40,
 		"sample_2" : 8.59, "sample_3" : -2.38,
 		"sample_4" : 0, "node_id" : 6},

	"6:280" : {"timestamp" : 1346182627, "air_time" : 3,
 		"sequence" : 280, "fails" : 1,
 		"retries" : 2, "sample_1" : -8.25,
 		"sample_2" : 8.92, "sample_3" : -1.73,
 		"sample_4" : 0, "node_id" : 6},

	"6:281" : {"timestamp" : 1346182628, "air_time" : 7,
 		"sequence" : 281, "fails" : 3,
 		"retries" : 2, "sample_1" : -9.30,
 		"sample_2" : 6.32, "sample_3" : 0.49,
 		"sample_4" : 0, "node_id" : 6},

	"6:282" : {"timestamp" : 1346182629, "air_time" : 9,
 		"sequence" : 282, "fails" : 0,
 		"retries" : 2, "sample_1" : -6.96,
 		"sample_2" : 4.85, "sample_3" : 1.23,
 		"sample_4" : 0, "node_id" : 6},

	"6:283" : {"timestamp" : 1346182630, "air_time" : 8,
 		"sequence" : 283, "fails" : 3,
 		"retries" : 1, "sample_1" : -6.36,
 		"sample_2" : 3.93, "sample_3" : 3.94,
 		"sample_4" : 0, "node_id" : 6},

	"6:284" : {"timestamp" : 1346182631, "air_time" : 9,
 		"sequence" : 284, "fails" : 0,
 		"retries" : 1, "sample_1" : -4.83,
 		"sample_2" : 2.53, "sample_3" : 5.37,
 		"sample_4" : 0, "node_id" : 6},

	"6:285" : {"timestamp" : 1346182632, "air_time" : 6,
 		"sequence" : 285, "fails" : 1,
 		"retries" : 0, "sample_1" : -4.10,
 		"sample_2" : -0.52, "sample_3" : 5.97,
 		"sample_4" : 0, "node_id" : 6},

	"6:286" : {"timestamp" : 1346182633, "air_time" : 7,
 		"sequence" : 286, "fails" : 0,
 		"retries" : 1, "sample_1" : -2.52,
 		"sample_2" : -1.94, "sample_3" : 7.38,
 		"sample_4" : 0, "node_id" : 6},

	"6:287" : {"timestamp" : 1346182634, "air_time" : 0,
 		"sequence" : 287, "fails" : 2,
 		"retries" : 1, "sample_1" : -0.04,
 		"sample_2" : -3.50, "sample_3" : 8.28,
 		"sample_4" : 0, "node_id" : 6},

	"6:288" : {"timestamp" : 1346182635, "air_time" : 1,
 		"sequence" : 288, "fails" : 0,
 		"retries" : 2, "sample_1" : 1.10,
 		"sample_2" : -5.44, "sample_3" : 9.23,
 		"sample_4" : 0, "node_id" : 6},

	"6:289" : {"timestamp" : 1346182636, "air_time" : 1,
 		"sequence" : 289, "fails" : 0,
 		"retries" : 1, "sample_1" : 3.14,
 		"sample_2" : -5.31, "sample_3" : 11.60,
 		"sample_4" : 0, "node_id" : 6},

	"6:290" : {"timestamp" : 1346182637, "air_time" : 8,
 		"sequence" : 290, "fails" : 1,
 		"retries" : 0, "sample_1" : 4.22,
 		"sample_2" : -7.38, "sample_3" : 11.27,
 		"sample_4" : 0, "node_id" : 6},

	"6:291" : {"timestamp" : 1346182638, "air_time" : 3,
 		"sequence" : 291, "fails" : 0,
 		"retries" : 2, "sample_1" : 6.50,
 		"sample_2" : -8.01, "sample_3" : 11.65,
 		"sample_4" : 0, "node_id" : 6},

	"6:292" : {"timestamp" : 1346182639, "air_time" : 2,
 		"sequence" : 292, "fails" : 1,
 		"retries" : 2, "sample_1" : 7.43,
 		"sample_2" : -8.96, "sample_3" : 11.12,
 		"sample_4" : 0, "node_id" : 6},

	"6:293" : {"timestamp" : 1346182640, "air_time" : 5,
 		"sequence" : 293, "fails" : 3,
 		"retries" : 1, "sample_1" : 7.96,
 		"sample_2" : -9.82, "sample_3" : 9.89,
 		"sample_4" : 0, "node_id" : 6},

	"6:294" : {"timestamp" : 1346182641, "air_time" : 0,
 		"sequence" : 294, "fails" : 0,
 		"retries" : 2, "sample_1" : 8.86,
 		"sample_2" : -9.79, "sample_3" : 9.70,
 		"sample_4" : 0, "node_id" : 6},

	"6:295" : {"timestamp" : 1346182642, "air_time" : 1,
 		"sequence" : 295, "fails" : 0,
 		"retries" : 0, "sample_1" : 10.90,
 		"sample_2" : -8.05, "sample_3" : 7.56,
 		"sample_4" : 0, "node_id" : 6},

	"6:296" : {"timestamp" : 1346182643, "air_time" : 0,
 		"sequence" : 296, "fails" : 0,
 		"retries" : 1, "sample_1" : 10.45,
 		"sample_2" : -8.51, "sample_3" : 7.30,
 		"sample_4" : 0, "node_id" : 6},

	"6:297" : {"timestamp" : 1346182644, "air_time" : 8,
 		"sequence" : 297, "fails" : 2,
 		"retries" : 0, "sample_1" : 10.70,
 		"sample_2" : -7.19, "sample_3" : 4.48,
 		"sample_4" : 0, "node_id" : 6},

	"6:298" : {"timestamp" : 1346182645, "air_time" : 5,
 		"sequence" : 298, "fails" : 0,
 		"retries" : 0, "sample_1" : 9.85,
 		"sample_2" : -7.02, "sample_3" : 3.03,
 		"sample_4" : 0, "node_id" : 6},

	"6:299" : {"timestamp" : 1346182646, "air_time" : 0,
 		"sequence" : 299, "fails" : 3,
 		"retries" : 2, "sample_1" : 10.30,
 		"sample_2" : -4.12, "sample_3" : 2.21,
 		"sample_4" : 0, "node_id" : 6},

	"6:300" : {"timestamp" : 1346182647, "air_time" : 0,
 		"sequence" : 300, "fails" : 2,
 		"retries" : 2, "sample_1" : 10.16,
 		"sample_2" : -3.05, "sample_3" : 0.87,
 		"sample_4" : 0, "node_id" : 6},

	"6:301" : {"timestamp" : 1346182648, "air_time" : 0,
 		"sequence" : 301, "fails" : 1,
 		"retries" : 0, "sample_1" : 9.36,
 		"sample_2" : -1.13, "sample_3" : -1.94,
 		"sample_4" : 0, "node_id" : 6},

	"6:302" : {"timestamp" : 1346182649, "air_time" : 3,
 		"sequence" : 302, "fails" : 1,
 		"retries" : 1, "sample_1" : 6.43,
 		"sample_2" : -0.93, "sample_3" : -3.47,
 		"sample_4" : 0, "node_id" : 6},

	"6:303" : {"timestamp" : 1346182650, "air_time" : 6,
 		"sequence" : 303, "fails" : 3,
 		"retries" : 1, "sample_1" : 6.30,
 		"sample_2" : 1.62, "sample_3" : -3.97,
 		"sample_4" : 0, "node_id" : 6},

	"6:304" : {"timestamp" : 1346182651, "air_time" : 6,
 		"sequence" : 304, "fails" : 2,
 		"retries" : 1, "sample_1" : 3.92,
 		"sample_2" : 2.54, "sample_3" : -7.08,
 		"sample_4" : 0, "node_id" : 6},

	"6:305" : {"timestamp" : 1346182652, "air_time" : 1,
 		"sequence" : 305, "fails" : 0,
 		"retries" : 1, "sample_1" : 2.44,
 		"sample_2" : 3.90, "sample_3" : -7.88,
 		"sample_4" : 0, "node_id" : 6},

	"6:306" : {"timestamp" : 1346182653, "air_time" : 2,
 		"sequence" : 306, "fails" : 1,
 		"retries" : 1, "sample_1" : 0.00,
 		"sample_2" : 6.74, "sample_3" : -7.93,
 		"sample_4" : 0, "node_id" : 6},

	"6:307" : {"timestamp" : 1346182654, "air_time" : 2,
 		"sequence" : 307, "fails" : 1,
 		"retries" : 0, "sample_1" : -1.54,
 		"sample_2" : 7.31, "sample_3" : -8.90,
 		"sample_4" : 0, "node_id" : 6},

	"6:308" : {"timestamp" : 1346182655, "air_time" : 5,
 		"sequence" : 308, "fails" : 3,
 		"retries" : 0, "sample_1" : -1.52,
 		"sample_2" : 8.28, "sample_3" : -8.47,
 		"sample_4" : 0, "node_id" : 6},

	"6:309" : {"timestamp" : 1346182656, "air_time" : 8,
 		"sequence" : 309, "fails" : 2,
 		"retries" : 0, "sample_1" : -3.30,
 		"sample_2" : 10.61, "sample_3" : -8.85,
 		"sample_4" : 0, "node_id" : 6},

	"6:310" : {"timestamp" : 1346182657, "air_time" : 6,
 		"sequence" : 310, "fails" : 2,
 		"retries" : 2, "sample_1" : -5.73,
 		"sample_2" : 10.96, "sample_3" : -8.22,
 		"sample_4" : 0, "node_id" : 6},

	"6:311" : {"timestamp" : 1346182658, "air_time" : 0,
 		"sequence" : 311, "fails" : 0,
 		"retries" : 2, "sample_1" : -6.26,
 		"sample_2" : 11.32, "sample_3" : -7.39,
 		"sample_4" : 0, "node_id" : 6},

	"6:312" : {"timestamp" : 1346182659, "air_time" : 9,
 		"sequence" : 312, "fails" : 2,
 		"retries" : 1, "sample_1" : -8.46,
 		"sample_2" : 11.69, "sample_3" : -7.40,
 		"sample_4" : 0, "node_id" : 6},

	"6:313" : {"timestamp" : 1346182660, "air_time" : 0,
 		"sequence" : 313, "fails" : 3,
 		"retries" : 1, "sample_1" : -9.40,
 		"sample_2" : 9.85, "sample_3" : -5.96,
 		"sample_4" : 0, "node_id" : 6},

	"6:314" : {"timestamp" : 1346182661, "air_time" : 7,
 		"sequence" : 314, "fails" : 1,
 		"retries" : 0, "sample_1" : -9.35,
 		"sample_2" : 10.31, "sample_3" : -3.70,
 		"sample_4" : 0, "node_id" : 6},

	"6:315" : {"timestamp" : 1346182662, "air_time" : 8,
 		"sequence" : 315, "fails" : 2,
 		"retries" : 1, "sample_1" : -8.70,
 		"sample_2" : 9.79, "sample_3" : -2.58,
 		"sample_4" : 0, "node_id" : 6},

	"6:316" : {"timestamp" : 1346182663, "air_time" : 9,
 		"sequence" : 316, "fails" : 2,
 		"retries" : 0, "sample_1" : -9.15,
 		"sample_2" : 8.72, "sample_3" : -2.43,
 		"sample_4" : 0, "node_id" : 6},

	"6:317" : {"timestamp" : 1346182664, "air_time" : 4,
 		"sequence" : 317, "fails" : 2,
 		"retries" : 0, "sample_1" : -9.10,
 		"sample_2" : 6.12, "sample_3" : 0.79,
 		"sample_4" : 0, "node_id" : 6},

	"6:318" : {"timestamp" : 1346182665, "air_time" : 2,
 		"sequence" : 318, "fails" : 1,
 		"retries" : 1, "sample_1" : -7.56,
 		"sample_2" : 4.95, "sample_3" : 1.33,
 		"sample_4" : 0, "node_id" : 6},

	"6:319" : {"timestamp" : 1346182666, "air_time" : 1,
 		"sequence" : 319, "fails" : 2,
 		"retries" : 0, "sample_1" : -5.96,
 		"sample_2" : 4.13, "sample_3" : 2.74,
 		"sample_4" : 0, "node_id" : 6},

	"6:320" : {"timestamp" : 1346182667, "air_time" : 7,
 		"sequence" : 320, "fails" : 1,
 		"retries" : 1, "sample_1" : -5.23,
 		"sample_2" : 2.73, "sample_3" : 4.57,
 		"sample_4" : 0, "node_id" : 6},

	"6:321" : {"timestamp" : 1346182668, "air_time" : 9,
 		"sequence" : 321, "fails" : 1,
 		"retries" : 1, "sample_1" : -3.30,
 		"sample_2" : 0.98, "sample_3" : 6.97,
 		"sample_4" : 0, "node_id" : 6},

	"6:322" : {"timestamp" : 1346182669, "air_time" : 1,
 		"sequence" : 322, "fails" : 3,
 		"retries" : 1, "sample_1" : -2.12,
 		"sample_2" : -0.74, "sample_3" : 7.28,
 		"sample_4" : 0, "node_id" : 6},

	"6:323" : {"timestamp" : 1346182670, "air_time" : 5,
 		"sequence" : 323, "fails" : 2,
 		"retries" : 1, "sample_1" : -1.44,
 		"sample_2" : -2.50, "sample_3" : 8.68,
 		"sample_4" : 0, "node_id" : 6},

	"6:324" : {"timestamp" : 1346182671, "air_time" : 0,
 		"sequence" : 324, "fails" : 2,
 		"retries" : 2, "sample_1" : 1.50,
 		"sample_2" : -4.94, "sample_3" : 10.13,
 		"sample_4" : 0, "node_id" : 6},

	"6:325" : {"timestamp" : 1346182672, "air_time" : 7,
 		"sequence" : 325, "fails" : 3,
 		"retries" : 2, "sample_1" : 3.24,
 		"sample_2" : -5.71, "sample_3" : 11.50,
 		"sample_4" : 0, "node_id" : 6},

	"6:326" : {"timestamp" : 1346182673, "air_time" : 7,
 		"sequence" : 326, "fails" : 0,
 		"retries" : 1, "sample_1" : 4.52,
 		"sample_2" : -7.68, "sample_3" : 10.67,
 		"sample_4" : 0, "node_id" : 6},

	"6:327" : {"timestamp" : 1346182674, "air_time" : 1,
 		"sequence" : 327, "fails" : 1,
 		"retries" : 2, "sample_1" : 6.70,
 		"sample_2" : -8.21, "sample_3" : 11.35,
 		"sample_4" : 0, "node_id" : 6},

	"6:328" : {"timestamp" : 1346182675, "air_time" : 8,
 		"sequence" : 328, "fails" : 2,
 		"retries" : 2, "sample_1" : 7.63,
 		"sample_2" : -8.06, "sample_3" : 11.52,
 		"sample_4" : 0, "node_id" : 6},

	"6:329" : {"timestamp" : 1346182676, "air_time" : 2,
 		"sequence" : 329, "fails" : 1,
 		"retries" : 0, "sample_1" : 8.86,
 		"sample_2" : -9.12, "sample_3" : 10.39,
 		"sample_4" : 0, "node_id" : 6},

	"6:330" : {"timestamp" : 1346182677, "air_time" : 1,
 		"sequence" : 330, "fails" : 3,
 		"retries" : 1, "sample_1" : 8.66,
 		"sample_2" : -9.09, "sample_3" : 9.90,
 		"sample_4" : 0, "node_id" : 6},

	"6:331" : {"timestamp" : 1346182678, "air_time" : 9,
 		"sequence" : 331, "fails" : 1,
 		"retries" : 0, "sample_1" : 11.10,
 		"sample_2" : -7.95, "sample_3" : 8.16,
 		"sample_4" : 0, "node_id" : 6},

	"6:332" : {"timestamp" : 1346182679, "air_time" : 9,
 		"sequence" : 332, "fails" : 1,
 		"retries" : 2, "sample_1" : 10.85,
 		"sample_2" : -7.71, "sample_3" : 6.00,
 		"sample_4" : 0, "node_id" : 6},

	"6:333" : {"timestamp" : 1346182680, "air_time" : 1,
 		"sequence" : 333, "fails" : 2,
 		"retries" : 2, "sample_1" : 11.00,
 		"sample_2" : -7.89, "sample_3" : 5.88,
 		"sample_4" : 0, "node_id" : 6},

	"6:334" : {"timestamp" : 1346182681, "air_time" : 1,
 		"sequence" : 334, "fails" : 2,
 		"retries" : 2, "sample_1" : 10.65,
 		"sample_2" : -5.82, "sample_3" : 3.83,
 		"sample_4" : 0, "node_id" : 6},

	"6:335" : {"timestamp" : 1346182682, "air_time" : 4,
 		"sequence" : 335, "fails" : 2,
 		"retries" : 2, "sample_1" : 11.30,
 		"sample_2" : -4.62, "sample_3" : 1.81,
 		"sample_4" : 0, "node_id" : 6},

	"6:336" : {"timestamp" : 1346182683, "air_time" : 0,
 		"sequence" : 336, "fails" : 2,
 		"retries" : 1, "sample_1" : 9.66,
 		"sample_2" : -4.55, "sample_3" : 0.27,
 		"sample_4" : 0, "node_id" : 6},

	"6:337" : {"timestamp" : 1346182684, "air_time" : 9,
 		"sequence" : 337, "fails" : 2,
 		"retries" : 0, "sample_1" : 8.06,
 		"sample_2" : -1.93, "sample_3" : -1.24,
 		"sample_4" : 0, "node_id" : 6},

	"6:338" : {"timestamp" : 1346182685, "air_time" : 6,
 		"sequence" : 338, "fails" : 2,
 		"retries" : 0, "sample_1" : 6.83,
 		"sample_2" : -0.73, "sample_3" : -2.77,
 		"sample_4" : 0, "node_id" : 6},

	"6:339" : {"timestamp" : 1346182686, "air_time" : 5,
 		"sequence" : 339, "fails" : 0,
 		"retries" : 1, "sample_1" : 5.00,
 		"sample_2" : 2.42, "sample_3" : -4.77,
 		"sample_4" : 0, "node_id" : 6},

	"6:340" : {"timestamp" : 1346182687, "air_time" : 5,
 		"sequence" : 340, "fails" : 3,
 		"retries" : 1, "sample_1" : 4.82,
 		"sample_2" : 3.24, "sample_3" : -6.78,
 		"sample_4" : 0, "node_id" : 6},

	"6:341" : {"timestamp" : 1346182688, "air_time" : 0,
 		"sequence" : 341, "fails" : 2,
 		"retries" : 2, "sample_1" : 3.14,
 		"sample_2" : 5.70, "sample_3" : -6.78,
 		"sample_4" : 0, "node_id" : 6},

	"6:342" : {"timestamp" : 1346182689, "air_time" : 1,
 		"sequence" : 342, "fails" : 0,
 		"retries" : 1, "sample_1" : 1.80,
 		"sample_2" : 7.24, "sample_3" : -9.03,
 		"sample_4" : 0, "node_id" : 6},

	"6:343" : {"timestamp" : 1346182690, "air_time" : 5,
 		"sequence" : 343, "fails" : 0,
 		"retries" : 2, "sample_1" : -0.34,
 		"sample_2" : 8.61, "sample_3" : -9.00,
 		"sample_4" : 0, "node_id" : 6},

	"6:344" : {"timestamp" : 1346182691, "air_time" : 3,
 		"sequence" : 344, "fails" : 3,
 		"retries" : 1, "sample_1" : -1.72,
 		"sample_2" : 9.78, "sample_3" : -8.27,
 		"sample_4" : 0, "node_id" : 6},

	"6:345" : {"timestamp" : 1346182692, "air_time" : 5,
 		"sequence" : 345, "fails" : 0,
 		"retries" : 1, "sample_1" : -3.10,
 		"sample_2" : 10.01, "sample_3" : -8.55,
 		"sample_4" : 0, "node_id" : 6},

	"6:346" : {"timestamp" : 1346182693, "air_time" : 1,
 		"sequence" : 346, "fails" : 2,
 		"retries" : 0, "sample_1" : -6.33,
 		"sample_2" : 9.86, "sample_3" : -9.52,
 		"sample_4" : 0, "node_id" : 6},

	"6:347" : {"timestamp" : 1346182694, "air_time" : 6,
 		"sequence" : 347, "fails" : 1,
 		"retries" : 0, "sample_1" : -5.86,
 		"sample_2" : 11.12, "sample_3" : -7.99,
 		"sample_4" : 0, "node_id" : 6},

	"6:348" : {"timestamp" : 1346182695, "air_time" : 7,
 		"sequence" : 348, "fails" : 3,
 		"retries" : 1, "sample_1" : -7.76,
 		"sample_2" : 11.29, "sample_3" : -6.70,
 		"sample_4" : 0, "node_id" : 6},

	"6:349" : {"timestamp" : 1346182696, "air_time" : 5,
 		"sequence" : 349, "fails" : 0,
 		"retries" : 2, "sample_1" : -8.50,
 		"sample_2" : 11.25, "sample_3" : -6.36,
 		"sample_4" : 0, "node_id" : 6},

	"6:350" : {"timestamp" : 1346182697, "air_time" : 1,
 		"sequence" : 350, "fails" : 1,
 		"retries" : 2, "sample_1" : -9.45,
 		"sample_2" : 10.01, "sample_3" : -5.50,
 		"sample_4" : 0, "node_id" : 6},

	"6:351" : {"timestamp" : 1346182698, "air_time" : 0,
 		"sequence" : 351, "fails" : 1,
 		"retries" : 1, "sample_1" : -9.30,
 		"sample_2" : 9.89, "sample_3" : -3.98,
 		"sample_4" : 0, "node_id" : 6},

	"6:352" : {"timestamp" : 1346182699, "air_time" : 7,
 		"sequence" : 352, "fails" : 3,
 		"retries" : 0, "sample_1" : -9.05,
 		"sample_2" : 7.82, "sample_3" : -1.53,
 		"sample_4" : 0, "node_id" : 6},

	"6:353" : {"timestamp" : 1346182700, "air_time" : 6,
 		"sequence" : 353, "fails" : 0,
 		"retries" : 0, "sample_1" : -7.70,
 		"sample_2" : 6.52, "sample_3" : 1.09,
 		"sample_4" : 0, "node_id" : 6},

	"6:354" : {"timestamp" : 1346182701, "air_time" : 5,
 		"sequence" : 354, "fails" : 0,
 		"retries" : 0, "sample_1" : -8.66,
 		"sample_2" : 5.85, "sample_3" : 2.53,
 		"sample_4" : 0, "node_id" : 6},

	"6:355" : {"timestamp" : 1346182702, "air_time" : 3,
 		"sequence" : 355, "fails" : 3,
 		"retries" : 1, "sample_1" : -6.26,
 		"sample_2" : 3.93, "sample_3" : 3.74,
 		"sample_4" : 0, "node_id" : 6},

	"6:356" : {"timestamp" : 1346182703, "air_time" : 4,
 		"sequence" : 356, "fails" : 2,
 		"retries" : 2, "sample_1" : -4.63,
 		"sample_2" : 2.13, "sample_3" : 6.17,
 		"sample_4" : 0, "node_id" : 6},

	"6:357" : {"timestamp" : 1346182704, "air_time" : 2,
 		"sequence" : 357, "fails" : 2,
 		"retries" : 0, "sample_1" : -3.10,
 		"sample_2" : -0.02, "sample_3" : 7.57,
 		"sample_4" : 0, "node_id" : 6},

	"6:358" : {"timestamp" : 1346182705, "air_time" : 2,
 		"sequence" : 358, "fails" : 2,
 		"retries" : 1, "sample_1" : -2.92,
 		"sample_2" : -1.44, "sample_3" : 8.58,
 		"sample_4" : 0, "node_id" : 6},

	"6:359" : {"timestamp" : 1346182706, "air_time" : 3,
 		"sequence" : 359, "fails" : 2,
 		"retries" : 1, "sample_1" : -1.64,
 		"sample_2" : -3.90, "sample_3" : 9.18,
 		"sample_4" : 0, "node_id" : 6},

	"6:360" : {"timestamp" : 1346182707, "air_time" : 9,
 		"sequence" : 360, "fails" : 1,
 		"retries" : 2, "sample_1" : 1.20,
 		"sample_2" : -5.44, "sample_3" : 9.53,
 		"sample_4" : 0, "node_id" : 6},

	"6:361" : {"timestamp" : 1346182708, "air_time" : 4,
 		"sequence" : 361, "fails" : 2,
 		"retries" : 1, "sample_1" : 2.54,
 		"sample_2" : -4.91, "sample_3" : 10.60,
 		"sample_4" : 0, "node_id" : 6},

	"6:362" : {"timestamp" : 1346182709, "air_time" : 0,
 		"sequence" : 362, "fails" : 1,
 		"retries" : 2, "sample_1" : 4.22,
 		"sample_2" : -7.58, "sample_3" : 10.77,
 		"sample_4" : 0, "node_id" : 6},

	"6:363" : {"timestamp" : 1346182710, "air_time" : 4,
 		"sequence" : 363, "fails" : 3,
 		"retries" : 1, "sample_1" : 6.20,
 		"sample_2" : -8.81, "sample_3" : 11.55,
 		"sample_4" : 0, "node_id" : 6},

	"6:364" : {"timestamp" : 1346182711, "air_time" : 7,
 		"sequence" : 364, "fails" : 3,
 		"retries" : 1, "sample_1" : 7.43,
 		"sample_2" : -8.76, "sample_3" : 9.62,
 		"sample_4" : 0, "node_id" : 6},

	"6:365" : {"timestamp" : 1346182712, "air_time" : 4,
 		"sequence" : 365, "fails" : 3,
 		"retries" : 1, "sample_1" : 9.36,
 		"sample_2" : -9.92, "sample_3" : 10.49,
 		"sample_4" : 0, "node_id" : 6},

	"6:366" : {"timestamp" : 1346182713, "air_time" : 4,
 		"sequence" : 366, "fails" : 0,
 		"retries" : 1, "sample_1" : 9.06,
 		"sample_2" : -9.19, "sample_3" : 8.20,
 		"sample_4" : 0, "node_id" : 6},

	"6:367" : {"timestamp" : 1346182714, "air_time" : 2,
 		"sequence" : 367, "fails" : 0,
 		"retries" : 2, "sample_1" : 9.80,
 		"sample_2" : -9.05, "sample_3" : 8.56,
 		"sample_4" : 0, "node_id" : 6},

	"6:368" : {"timestamp" : 1346182715, "air_time" : 2,
 		"sequence" : 368, "fails" : 2,
 		"retries" : 2, "sample_1" : 11.75,
 		"sample_2" : -8.31, "sample_3" : 7.40,
 		"sample_4" : 0, "node_id" : 6},

	"6:369" : {"timestamp" : 1346182716, "air_time" : 1,
 		"sequence" : 369, "fails" : 2,
 		"retries" : 0, "sample_1" : 11.10,
 		"sample_2" : -6.89, "sample_3" : 4.68,
 		"sample_4" : 0, "node_id" : 6},

	"6:370" : {"timestamp" : 1346182717, "air_time" : 2,
 		"sequence" : 370, "fails" : 2,
 		"retries" : 2, "sample_1" : 11.15,
 		"sample_2" : -6.82, "sample_3" : 3.23,
 		"sample_4" : 0, "node_id" : 6},

	"6:371" : {"timestamp" : 1346182718, "air_time" : 8,
 		"sequence" : 371, "fails" : 2,
 		"retries" : 1, "sample_1" : 9.40,
 		"sample_2" : -4.92, "sample_3" : 2.11,
 		"sample_4" : 0, "node_id" : 6},

	"6:372" : {"timestamp" : 1346182719, "air_time" : 7,
 		"sequence" : 372, "fails" : 0,
 		"retries" : 0, "sample_1" : 8.76,
 		"sample_2" : -2.75, "sample_3" : 0.37,
 		"sample_4" : 0, "node_id" : 6},

	"6:373" : {"timestamp" : 1346182720, "air_time" : 5,
 		"sequence" : 373, "fails" : 1,
 		"retries" : 2, "sample_1" : 8.06,
 		"sample_2" : -2.83, "sample_3" : -1.94,
 		"sample_4" : 0, "node_id" : 6},

	"6:374" : {"timestamp" : 1346182721, "air_time" : 0,
 		"sequence" : 374, "fails" : 2,
 		"retries" : 2, "sample_1" : 7.13,
 		"sample_2" : 0.37, "sample_3" : -3.97,
 		"sample_4" : 0, "node_id" : 6},

	"6:375" : {"timestamp" : 1346182722, "air_time" : 2,
 		"sequence" : 375, "fails" : 0,
 		"retries" : 1, "sample_1" : 5.60,
 		"sample_2" : 0.72, "sample_3" : -4.47,
 		"sample_4" : 0, "node_id" : 6},

	"6:376" : {"timestamp" : 1346182723, "air_time" : 9,
 		"sequence" : 376, "fails" : 0,
 		"retries" : 1, "sample_1" : 4.82,
 		"sample_2" : 2.54, "sample_3" : -7.18,
 		"sample_4" : 0, "node_id" : 6},

	"6:377" : {"timestamp" : 1346182724, "air_time" : 8,
 		"sequence" : 377, "fails" : 0,
 		"retries" : 0, "sample_1" : 2.94,
 		"sample_2" : 5.30, "sample_3" : -7.08,
 		"sample_4" : 0, "node_id" : 6},

	"6:378" : {"timestamp" : 1346182725, "air_time" : 8,
 		"sequence" : 378, "fails" : 2,
 		"retries" : 1, "sample_1" : 1.70,
 		"sample_2" : 6.04, "sample_3" : -7.73,
 		"sample_4" : 0, "node_id" : 6},

	"6:379" : {"timestamp" : 1346182726, "air_time" : 3,
 		"sequence" : 379, "fails" : 1,
 		"retries" : 1, "sample_1" : -0.74,
 		"sample_2" : 7.21, "sample_3" : -8.70,
 		"sample_4" : 0, "node_id" : 6},

	"6:380" : {"timestamp" : 1346182727, "air_time" : 0,
 		"sequence" : 380, "fails" : 1,
 		"retries" : 2, "sample_1" : -2.12,
 		"sample_2" : 8.88, "sample_3" : -9.27,
 		"sample_4" : 0, "node_id" : 6},

	"6:381" : {"timestamp" : 1346182728, "air_time" : 6,
 		"sequence" : 381, "fails" : 3,
 		"retries" : 0, "sample_1" : -3.50,
 		"sample_2" : 9.51, "sample_3" : -9.15,
 		"sample_4" : 0, "node_id" : 6},

	"6:382" : {"timestamp" : 1346182729, "air_time" : 1,
 		"sequence" : 382, "fails" : 3,
 		"retries" : 2, "sample_1" : -4.63,
 		"sample_2" : 10.56, "sample_3" : -8.82,
 		"sample_4" : 0, "node_id" : 6},

	"6:383" : {"timestamp" : 1346182730, "air_time" : 6,
 		"sequence" : 383, "fails" : 2,
 		"retries" : 2, "sample_1" : -7.26,
 		"sample_2" : 10.22, "sample_3" : -8.69,
 		"sample_4" : 0, "node_id" : 6},

	"6:384" : {"timestamp" : 1346182731, "air_time" : 8,
 		"sequence" : 384, "fails" : 0,
 		"retries" : 2, "sample_1" : -7.26,
 		"sample_2" : 10.09, "sample_3" : -7.00,
 		"sample_4" : 0, "node_id" : 6},

	"6:385" : {"timestamp" : 1346182732, "air_time" : 4,
 		"sequence" : 385, "fails" : 2,
 		"retries" : 2, "sample_1" : -8.10,
 		"sample_2" : 10.45, "sample_3" : -5.46,
 		"sample_4" : 0, "node_id" : 6},

	"6:386" : {"timestamp" : 1346182733, "air_time" : 3,
 		"sequence" : 386, "fails" : 3,
 		"retries" : 2, "sample_1" : -8.65,
 		"sample_2" : 11.11, "sample_3" : -5.30,
 		"sample_4" : 0, "node_id" : 6},

	"6:387" : {"timestamp" : 1346182734, "air_time" : 7,
 		"sequence" : 387, "fails" : 3,
 		"retries" : 1, "sample_1" : -9.40,
 		"sample_2" : 8.59, "sample_3" : -2.88,
 		"sample_4" : 0, "node_id" : 6},

	"6:388" : {"timestamp" : 1346182735, "air_time" : 6,
 		"sequence" : 388, "fails" : 2,
 		"retries" : 1, "sample_1" : -9.55,
 		"sample_2" : 7.92, "sample_3" : -0.63,
 		"sample_4" : 0, "node_id" : 6},

	"6:389" : {"timestamp" : 1346182736, "air_time" : 2,
 		"sequence" : 389, "fails" : 3,
 		"retries" : 1, "sample_1" : -7.90,
 		"sample_2" : 7.92, "sample_3" : -0.61,
 		"sample_4" : 0, "node_id" : 6},

	"6:390" : {"timestamp" : 1346182737, "air_time" : 1,
 		"sequence" : 390, "fails" : 3,
 		"retries" : 1, "sample_1" : -6.76,
 		"sample_2" : 5.15, "sample_3" : 1.53,
 		"sample_4" : 0, "node_id" : 6},

	"6:391" : {"timestamp" : 1346182738, "air_time" : 8,
 		"sequence" : 391, "fails" : 1,
 		"retries" : 2, "sample_1" : -6.06,
 		"sample_2" : 3.63, "sample_3" : 4.44,
 		"sample_4" : 0, "node_id" : 6},

	"6:392" : {"timestamp" : 1346182739, "air_time" : 4,
 		"sequence" : 392, "fails" : 2,
 		"retries" : 2, "sample_1" : -5.13,
 		"sample_2" : 2.23, "sample_3" : 4.77,
 		"sample_4" : 0, "node_id" : 6},

	"6:393" : {"timestamp" : 1346182740, "air_time" : 3,
 		"sequence" : 393, "fails" : 3,
 		"retries" : 1, "sample_1" : -4.40,
 		"sample_2" : 0.18, "sample_3" : 6.27,
 		"sample_4" : 0, "node_id" : 6},

	"6:394" : {"timestamp" : 1346182741, "air_time" : 3,
 		"sequence" : 394, "fails" : 3,
 		"retries" : 2, "sample_1" : -3.42,
 		"sample_2" : -1.54, "sample_3" : 9.08,
 		"sample_4" : 0, "node_id" : 6},

	"6:395" : {"timestamp" : 1346182742, "air_time" : 5,
 		"sequence" : 395, "fails" : 2,
 		"retries" : 1, "sample_1" : -0.54,
 		"sample_2" : -2.20, "sample_3" : 9.08,
 		"sample_4" : 0, "node_id" : 6},

	"6:396" : {"timestamp" : 1346182743, "air_time" : 8,
 		"sequence" : 396, "fails" : 1,
 		"retries" : 1, "sample_1" : 0.40,
 		"sample_2" : -5.04, "sample_3" : 10.53,
 		"sample_4" : 0, "node_id" : 6},

	"6:397" : {"timestamp" : 1346182744, "air_time" : 4,
 		"sequence" : 397, "fails" : 3,
 		"retries" : 2, "sample_1" : 2.94,
 		"sample_2" : -5.31, "sample_3" : 10.10,
 		"sample_4" : 0, "node_id" : 6},

	"6:398" : {"timestamp" : 1346182745, "air_time" : 7,
 		"sequence" : 398, "fails" : 1,
 		"retries" : 2, "sample_1" : 5.12,
 		"sample_2" : -7.48, "sample_3" : 10.17,
 		"sample_4" : 0, "node_id" : 6},

	"6:399" : {"timestamp" : 1346182746, "air_time" : 7,
 		"sequence" : 399, "fails" : 2,
 		"retries" : 0, "sample_1" : 6.90,
 		"sample_2" : -8.91, "sample_3" : 11.15,
 		"sample_4" : 0, "node_id" : 6},

	"6:400" : {"timestamp" : 1346182747, "air_time" : 0,
 		"sequence" : 400, "fails" : 0,
 		"retries" : 1, "sample_1" : 6.93,
 		"sample_2" : -8.76, "sample_3" : 11.42,
 		"sample_4" : 0, "node_id" : 6},

	"6:401" : {"timestamp" : 1346182748, "air_time" : 8,
 		"sequence" : 401, "fails" : 2,
 		"retries" : 0, "sample_1" : 8.86,
 		"sample_2" : -9.62, "sample_3" : 9.59,
 		"sample_4" : 0, "node_id" : 6},

	"6:402" : {"timestamp" : 1346182749, "air_time" : 0,
 		"sequence" : 402, "fails" : 3,
 		"retries" : 0, "sample_1" : 10.26,
 		"sample_2" : -9.49, "sample_3" : 8.60,
 		"sample_4" : 0, "node_id" : 6},

	"6:403" : {"timestamp" : 1346182750, "air_time" : 1,
 		"sequence" : 403, "fails" : 1,
 		"retries" : 0, "sample_1" : 9.90,
 		"sample_2" : -8.75, "sample_3" : 7.56,
 		"sample_4" : 0, "node_id" : 6},

	"6:404" : {"timestamp" : 1346182751, "air_time" : 8,
 		"sequence" : 404, "fails" : 0,
 		"retries" : 1, "sample_1" : 10.55,
 		"sample_2" : -8.91, "sample_3" : 6.70,
 		"sample_4" : 0, "node_id" : 6},

	"6:405" : {"timestamp" : 1346182752, "air_time" : 2,
 		"sequence" : 405, "fails" : 0,
 		"retries" : 0, "sample_1" : 11.90,
 		"sample_2" : -7.59, "sample_3" : 5.28,
 		"sample_4" : 0, "node_id" : 6},

	"6:406" : {"timestamp" : 1346182753, "air_time" : 7,
 		"sequence" : 406, "fails" : 1,
 		"retries" : 1, "sample_1" : 11.55,
 		"sample_2" : -5.92, "sample_3" : 3.73,
 		"sample_4" : 0, "node_id" : 6},

	"6:407" : {"timestamp" : 1346182754, "air_time" : 7,
 		"sequence" : 407, "fails" : 1,
 		"retries" : 2, "sample_1" : 9.50,
 		"sample_2" : -4.32, "sample_3" : 2.41,
 		"sample_4" : 0, "node_id" : 6},

	"6:408" : {"timestamp" : 1346182755, "air_time" : 9,
 		"sequence" : 408, "fails" : 1,
 		"retries" : 2, "sample_1" : 10.46,
 		"sample_2" : -3.85, "sample_3" : -0.73,
 		"sample_4" : 0, "node_id" : 6},

	"6:409" : {"timestamp" : 1346182756, "air_time" : 5,
 		"sequence" : 409, "fails" : 3,
 		"retries" : 1, "sample_1" : 9.16,
 		"sample_2" : -1.33, "sample_3" : -2.14,
 		"sample_4" : 0, "node_id" : 6},

	"6:410" : {"timestamp" : 1346182757, "air_time" : 5,
 		"sequence" : 410, "fails" : 0,
 		"retries" : 1, "sample_1" : 7.73,
 		"sample_2" : 0.57, "sample_3" : -3.07,
 		"sample_4" : 0, "node_id" : 6},

	"6:411" : {"timestamp" : 1346182758, "air_time" : 0,
 		"sequence" : 411, "fails" : 1,
 		"retries" : 0, "sample_1" : 6.60,
 		"sample_2" : 1.02, "sample_3" : -5.87,
 		"sample_4" : 0, "node_id" : 6},

	"6:412" : {"timestamp" : 1346182759, "air_time" : 6,
 		"sequence" : 412, "fails" : 2,
 		"retries" : 2, "sample_1" : 4.82,
 		"sample_2" : 3.14, "sample_3" : -5.88,
 		"sample_4" : 0, "node_id" : 6},

	"6:413" : {"timestamp" : 1346182760, "air_time" : 2,
 		"sequence" : 413, "fails" : 2,
 		"retries" : 2, "sample_1" : 3.34,
 		"sample_2" : 4.80, "sample_3" : -6.38,
 		"sample_4" : 0, "node_id" : 6},

	"6:414" : {"timestamp" : 1346182761, "air_time" : 3,
 		"sequence" : 414, "fails" : 1,
 		"retries" : 2, "sample_1" : 0.20,
 		"sample_2" : 5.64, "sample_3" : -7.53,
 		"sample_4" : 0, "node_id" : 6},

	"6:415" : {"timestamp" : 1346182762, "air_time" : 5,
 		"sequence" : 415, "fails" : 1,
 		"retries" : 2, "sample_1" : -1.44,
 		"sample_2" : 7.91, "sample_3" : -9.10,
 		"sample_4" : 0, "node_id" : 6},

	"6:416" : {"timestamp" : 1346182763, "air_time" : 3,
 		"sequence" : 416, "fails" : 0,
 		"retries" : 2, "sample_1" : -1.62,
 		"sample_2" : 9.78, "sample_3" : -8.87,
 		"sample_4" : 0, "node_id" : 6},

	"6:417" : {"timestamp" : 1346182764, "air_time" : 2,
 		"sequence" : 417, "fails" : 0,
 		"retries" : 2, "sample_1" : -3.70,
 		"sample_2" : 10.31, "sample_3" : -9.55,
 		"sample_4" : 0, "node_id" : 6},

	"6:418" : {"timestamp" : 1346182765, "air_time" : 7,
 		"sequence" : 418, "fails" : 1,
 		"retries" : 2, "sample_1" : -6.43,
 		"sample_2" : 9.66, "sample_3" : -8.02,
 		"sample_4" : 0, "node_id" : 6},

	"6:419" : {"timestamp" : 1346182766, "air_time" : 4,
 		"sequence" : 419, "fails" : 1,
 		"retries" : 2, "sample_1" : -5.76,
 		"sample_2" : 10.02, "sample_3" : -8.99,
 		"sample_4" : 0, "node_id" : 6},

	"6:420" : {"timestamp" : 1346182767, "air_time" : 4,
 		"sequence" : 420, "fails" : 1,
 		"retries" : 2, "sample_1" : -7.86,
 		"sample_2" : 11.39, "sample_3" : -6.20,
 		"sample_4" : 0, "node_id" : 6},

	"6:421" : {"timestamp" : 1346182768, "air_time" : 2,
 		"sequence" : 421, "fails" : 1,
 		"retries" : 0, "sample_1" : -9.10,
 		"sample_2" : 10.15, "sample_3" : -5.06,
 		"sample_4" : 0, "node_id" : 6},

	"6:422" : {"timestamp" : 1346182769, "air_time" : 8,
 		"sequence" : 422, "fails" : 1,
 		"retries" : 0, "sample_1" : -9.35,
 		"sample_2" : 9.81, "sample_3" : -5.30,
 		"sample_4" : 0, "node_id" : 6},

	"6:423" : {"timestamp" : 1346182770, "air_time" : 8,
 		"sequence" : 423, "fails" : 3,
 		"retries" : 2, "sample_1" : -8.10,
 		"sample_2" : 10.29, "sample_3" : -3.08,
 		"sample_4" : 0, "node_id" : 6},

	"6:424" : {"timestamp" : 1346182771, "air_time" : 3,
 		"sequence" : 424, "fails" : 0,
 		"retries" : 0, "sample_1" : -8.65,
 		"sample_2" : 7.32, "sample_3" : -0.53,
 		"sample_4" : 0, "node_id" : 6},

	"6:425" : {"timestamp" : 1346182772, "air_time" : 5,
 		"sequence" : 425, "fails" : 3,
 		"retries" : 0, "sample_1" : -9.30,
 		"sample_2" : 7.82, "sample_3" : 1.19,
 		"sample_4" : 0, "node_id" : 6},

	"6:426" : {"timestamp" : 1346182773, "air_time" : 3,
 		"sequence" : 426, "fails" : 3,
 		"retries" : 2, "sample_1" : -6.76,
 		"sample_2" : 6.45, "sample_3" : 1.43,
 		"sample_4" : 0, "node_id" : 6},

	"6:427" : {"timestamp" : 1346182774, "air_time" : 1,
 		"sequence" : 427, "fails" : 3,
 		"retries" : 0, "sample_1" : -6.26,
 		"sample_2" : 4.43, "sample_3" : 4.54,
 		"sample_4" : 0, "node_id" : 6},

	"6:428" : {"timestamp" : 1346182775, "air_time" : 7,
 		"sequence" : 428, "fails" : 2,
 		"retries" : 1, "sample_1" : -6.33,
 		"sample_2" : 1.83, "sample_3" : 6.07,
 		"sample_4" : 0, "node_id" : 6},

	"6:429" : {"timestamp" : 1346182776, "air_time" : 9,
 		"sequence" : 429, "fails" : 1,
 		"retries" : 1, "sample_1" : -3.70,
 		"sample_2" : 0.08, "sample_3" : 6.27,
 		"sample_4" : 0, "node_id" : 6},

	"6:430" : {"timestamp" : 1346182777, "air_time" : 2,
 		"sequence" : 430, "fails" : 3,
 		"retries" : 2, "sample_1" : -2.82,
 		"sample_2" : -1.24, "sample_3" : 7.18,
 		"sample_4" : 0, "node_id" : 6},

	"6:431" : {"timestamp" : 1346182778, "air_time" : 5,
 		"sequence" : 431, "fails" : 1,
 		"retries" : 0, "sample_1" : -1.54,
 		"sample_2" : -2.60, "sample_3" : 9.58,
 		"sample_4" : 0, "node_id" : 6},

	"6:432" : {"timestamp" : 1346182779, "air_time" : 4,
 		"sequence" : 432, "fails" : 0,
 		"retries" : 0, "sample_1" : 0.60,
 		"sample_2" : -4.84, "sample_3" : 10.03,
 		"sample_4" : 0, "node_id" : 6},

	"6:433" : {"timestamp" : 1346182780, "air_time" : 3,
 		"sequence" : 433, "fails" : 1,
 		"retries" : 0, "sample_1" : 3.54,
 		"sample_2" : -5.31, "sample_3" : 10.00,
 		"sample_4" : 0, "node_id" : 6},

	"6:434" : {"timestamp" : 1346182781, "air_time" : 6,
 		"sequence" : 434, "fails" : 1,
 		"retries" : 2, "sample_1" : 4.82,
 		"sample_2" : -6.28, "sample_3" : 10.27,
 		"sample_4" : 0, "node_id" : 6},

	"6:435" : {"timestamp" : 1346182782, "air_time" : 7,
 		"sequence" : 435, "fails" : 0,
 		"retries" : 2, "sample_1" : 6.80,
 		"sample_2" : -8.71, "sample_3" : 9.95,
 		"sample_4" : 0, "node_id" : 6},

	"6:436" : {"timestamp" : 1346182783, "air_time" : 7,
 		"sequence" : 436, "fails" : 2,
 		"retries" : 0, "sample_1" : 7.03,
 		"sample_2" : -9.06, "sample_3" : 10.92,
 		"sample_4" : 0, "node_id" : 6},

	"6:437" : {"timestamp" : 1346182784, "air_time" : 7,
 		"sequence" : 437, "fails" : 1,
 		"retries" : 2, "sample_1" : 9.56,
 		"sample_2" : -8.52, "sample_3" : 9.89,
 		"sample_4" : 0, "node_id" : 6},

	"6:438" : {"timestamp" : 1346182785, "air_time" : 1,
 		"sequence" : 438, "fails" : 1,
 		"retries" : 2, "sample_1" : 9.86,
 		"sample_2" : -8.19, "sample_3" : 8.10,
 		"sample_4" : 0, "node_id" : 6},

	"6:439" : {"timestamp" : 1346182786, "air_time" : 0,
 		"sequence" : 439, "fails" : 3,
 		"retries" : 0, "sample_1" : 9.50,
 		"sample_2" : -9.55, "sample_3" : 8.26,
 		"sample_4" : 0, "node_id" : 6},

	"6:440" : {"timestamp" : 1346182787, "air_time" : 4,
 		"sequence" : 440, "fails" : 1,
 		"retries" : 0, "sample_1" : 10.15,
 		"sample_2" : -8.71, "sample_3" : 6.90,
 		"sample_4" : 0, "node_id" : 6},

	"6:441" : {"timestamp" : 1346182788, "air_time" : 8,
 		"sequence" : 441, "fails" : 3,
 		"retries" : 0, "sample_1" : 10.00,
 		"sample_2" : -7.39, "sample_3" : 4.28,
 		"sample_4" : 0, "node_id" : 6},

	"6:442" : {"timestamp" : 1346182789, "air_time" : 7,
 		"sequence" : 442, "fails" : 1,
 		"retries" : 2, "sample_1" : 10.95,
 		"sample_2" : -6.72, "sample_3" : 3.33,
 		"sample_4" : 0, "node_id" : 6},

	"6:443" : {"timestamp" : 1346182790, "air_time" : 4,
 		"sequence" : 443, "fails" : 1,
 		"retries" : 2, "sample_1" : 10.50,
 		"sample_2" : -5.12, "sample_3" : 1.41,
 		"sample_4" : 0, "node_id" : 6},

	"6:444" : {"timestamp" : 1346182791, "air_time" : 0,
 		"sequence" : 444, "fails" : 1,
 		"retries" : 2, "sample_1" : 9.66,
 		"sample_2" : -2.65, "sample_3" : -0.83,
 		"sample_4" : 0, "node_id" : 6},

	"6:445" : {"timestamp" : 1346182792, "air_time" : 8,
 		"sequence" : 445, "fails" : 1,
 		"retries" : 1, "sample_1" : 8.66,
 		"sample_2" : -1.53, "sample_3" : -1.34,
 		"sample_4" : 0, "node_id" : 6},

	"6:446" : {"timestamp" : 1346182793, "air_time" : 6,
 		"sequence" : 446, "fails" : 0,
 		"retries" : 2, "sample_1" : 7.23,
 		"sample_2" : 0.57, "sample_3" : -2.87,
 		"sample_4" : 0, "node_id" : 6},

	"6:447" : {"timestamp" : 1346182794, "air_time" : 2,
 		"sequence" : 447, "fails" : 1,
 		"retries" : 0, "sample_1" : 6.70,
 		"sample_2" : 1.02, "sample_3" : -4.67,
 		"sample_4" : 0, "node_id" : 6},

	"6:448" : {"timestamp" : 1346182795, "air_time" : 3,
 		"sequence" : 448, "fails" : 1,
 		"retries" : 0, "sample_1" : 5.12,
 		"sample_2" : 3.34, "sample_3" : -6.78,
 		"sample_4" : 0, "node_id" : 6},

	"6:449" : {"timestamp" : 1346182796, "air_time" : 3,
 		"sequence" : 449, "fails" : 2,
 		"retries" : 1, "sample_1" : 2.44,
 		"sample_2" : 4.60, "sample_3" : -6.48,
 		"sample_4" : 0, "node_id" : 6},

	"6:450" : {"timestamp" : 1346182797, "air_time" : 5,
 		"sequence" : 450, "fails" : 0,
 		"retries" : 2, "sample_1" : 0.00,
 		"sample_2" : 7.04, "sample_3" : -7.83,
 		"sample_4" : 0, "node_id" : 6},

	"6:451" : {"timestamp" : 1346182798, "air_time" : 4,
 		"sequence" : 451, "fails" : 2,
 		"retries" : 1, "sample_1" : -0.44,
 		"sample_2" : 8.41, "sample_3" : -8.60,
 		"sample_4" : 0, "node_id" : 6},

	"6:452" : {"timestamp" : 1346182799, "air_time" : 0,
 		"sequence" : 452, "fails" : 2,
 		"retries" : 1, "sample_1" : -1.82,
 		"sample_2" : 8.78, "sample_3" : -9.67,
 		"sample_4" : 0, "node_id" : 6},

	"6:453" : {"timestamp" : 1346182800, "air_time" : 0,
 		"sequence" : 453, "fails" : 2,
 		"retries" : 0, "sample_1" : -3.70,
 		"sample_2" : 10.21, "sample_3" : -8.25,
 		"sample_4" : 0, "node_id" : 6},

	"6:454" : {"timestamp" : 1346182801, "air_time" : 5,
 		"sequence" : 454, "fails" : 0,
 		"retries" : 2, "sample_1" : -5.93,
 		"sample_2" : 10.46, "sample_3" : -8.52,
 		"sample_4" : 0, "node_id" : 6},

	"6:455" : {"timestamp" : 1346182802, "air_time" : 1,
 		"sequence" : 455, "fails" : 2,
 		"retries" : 2, "sample_1" : -6.16,
 		"sample_2" : 11.62, "sample_3" : -8.59,
 		"sample_4" : 0, "node_id" : 6},

	"6:456" : {"timestamp" : 1346182803, "air_time" : 3,
 		"sequence" : 456, "fails" : 0,
 		"retries" : 0, "sample_1" : -8.46,
 		"sample_2" : 10.19, "sample_3" : -7.80,
 		"sample_4" : 0, "node_id" : 6},

	"6:457" : {"timestamp" : 1346182804, "air_time" : 3,
 		"sequence" : 457, "fails" : 2,
 		"retries" : 2, "sample_1" : -8.40,
 		"sample_2" : 10.35, "sample_3" : -6.16,
 		"sample_4" : 0, "node_id" : 6},

	"6:458" : {"timestamp" : 1346182805, "air_time" : 3,
 		"sequence" : 458, "fails" : 3,
 		"retries" : 2, "sample_1" : -9.65,
 		"sample_2" : 10.41, "sample_3" : -4.20,
 		"sample_4" : 0, "node_id" : 6},

	"6:459" : {"timestamp" : 1346182806, "air_time" : 2,
 		"sequence" : 459, "fails" : 2,
 		"retries" : 2, "sample_1" : -8.20,
 		"sample_2" : 9.19, "sample_3" : -2.38,
 		"sample_4" : 0, "node_id" : 6},

	"6:460" : {"timestamp" : 1346182807, "air_time" : 4,
 		"sequence" : 460, "fails" : 2,
 		"retries" : 1, "sample_1" : -9.85,
 		"sample_2" : 8.32, "sample_3" : -1.93,
 		"sample_4" : 0, "node_id" : 6},

	"6:461" : {"timestamp" : 1346182808, "air_time" : 2,
 		"sequence" : 461, "fails" : 0,
 		"retries" : 1, "sample_1" : -8.20,
 		"sample_2" : 6.72, "sample_3" : 0.49,
 		"sample_4" : 0, "node_id" : 6},

	"6:462" : {"timestamp" : 1346182809, "air_time" : 2,
 		"sequence" : 462, "fails" : 2,
 		"retries" : 1, "sample_1" : -8.16,
 		"sample_2" : 4.85, "sample_3" : 1.53,
 		"sample_4" : 0, "node_id" : 6},

	"6:463" : {"timestamp" : 1346182810, "air_time" : 9,
 		"sequence" : 463, "fails" : 0,
 		"retries" : 2, "sample_1" : -5.76,
 		"sample_2" : 4.23, "sample_3" : 3.74,
 		"sample_4" : 0, "node_id" : 6},

	"6:464" : {"timestamp" : 1346182811, "air_time" : 8,
 		"sequence" : 464, "fails" : 2,
 		"retries" : 1, "sample_1" : -5.03,
 		"sample_2" : 2.73, "sample_3" : 5.97,
 		"sample_4" : 0, "node_id" : 6},

	"6:465" : {"timestamp" : 1346182812, "air_time" : 6,
 		"sequence" : 465, "fails" : 0,
 		"retries" : 1, "sample_1" : -3.80,
 		"sample_2" : 0.18, "sample_3" : 6.27,
 		"sample_4" : 0, "node_id" : 6},

	"6:466" : {"timestamp" : 1346182813, "air_time" : 7,
 		"sequence" : 466, "fails" : 0,
 		"retries" : 1, "sample_1" : -2.62,
 		"sample_2" : -1.54, "sample_3" : 8.68,
 		"sample_4" : 0, "node_id" : 6},

	"6:467" : {"timestamp" : 1346182814, "air_time" : 8,
 		"sequence" : 467, "fails" : 0,
 		"retries" : 0, "sample_1" : -1.14,
 		"sample_2" : -2.90, "sample_3" : 9.38,
 		"sample_4" : 0, "node_id" : 6},

	"6:468" : {"timestamp" : 1346182815, "air_time" : 0,
 		"sequence" : 468, "fails" : 3,
 		"retries" : 2, "sample_1" : 0.70,
 		"sample_2" : -5.44, "sample_3" : 9.33,
 		"sample_4" : 0, "node_id" : 6},

	"6:469" : {"timestamp" : 1346182816, "air_time" : 5,
 		"sequence" : 469, "fails" : 0,
 		"retries" : 0, "sample_1" : 3.44,
 		"sample_2" : -6.31, "sample_3" : 10.70,
 		"sample_4" : 0, "node_id" : 6},

	"6:470" : {"timestamp" : 1346182817, "air_time" : 3,
 		"sequence" : 470, "fails" : 1,
 		"retries" : 1, "sample_1" : 4.62,
 		"sample_2" : -6.78, "sample_3" : 10.27,
 		"sample_4" : 0, "node_id" : 6},

	"6:471" : {"timestamp" : 1346182818, "air_time" : 3,
 		"sequence" : 471, "fails" : 3,
 		"retries" : 1, "sample_1" : 6.80,
 		"sample_2" : -8.31, "sample_3" : 11.25,
 		"sample_4" : 0, "node_id" : 6},

	"6:472" : {"timestamp" : 1346182819, "air_time" : 7,
 		"sequence" : 472, "fails" : 2,
 		"retries" : 1, "sample_1" : 8.03,
 		"sample_2" : -8.66, "sample_3" : 10.02,
 		"sample_4" : 0, "node_id" : 6},

	"6:473" : {"timestamp" : 1346182820, "air_time" : 9,
 		"sequence" : 473, "fails" : 0,
 		"retries" : 0, "sample_1" : 7.86,
 		"sample_2" : -8.22, "sample_3" : 9.19,
 		"sample_4" : 0, "node_id" : 6},

	"6:474" : {"timestamp" : 1346182821, "air_time" : 6,
 		"sequence" : 474, "fails" : 1,
 		"retries" : 2, "sample_1" : 8.66,
 		"sample_2" : -8.89, "sample_3" : 8.80,
 		"sample_4" : 0, "node_id" : 6},

	"6:475" : {"timestamp" : 1346182822, "air_time" : 6,
 		"sequence" : 475, "fails" : 3,
 		"retries" : 0, "sample_1" : 10.00,
 		"sample_2" : -8.75, "sample_3" : 8.56,
 		"sample_4" : 0, "node_id" : 6},

	"6:476" : {"timestamp" : 1346182823, "air_time" : 8,
 		"sequence" : 476, "fails" : 0,
 		"retries" : 1, "sample_1" : 10.35,
 		"sample_2" : -7.51, "sample_3" : 6.90,
 		"sample_4" : 0, "node_id" : 6},

	"6:477" : {"timestamp" : 1346182824, "air_time" : 6,
 		"sequence" : 477, "fails" : 2,
 		"retries" : 1, "sample_1" : 10.90,
 		"sample_2" : -7.89, "sample_3" : 5.88,
 		"sample_4" : 0, "node_id" : 6},

	"6:478" : {"timestamp" : 1346182825, "air_time" : 4,
 		"sequence" : 478, "fails" : 3,
 		"retries" : 2, "sample_1" : 11.55,
 		"sample_2" : -5.52, "sample_3" : 4.33,
 		"sample_4" : 0, "node_id" : 6},

	"6:479" : {"timestamp" : 1346182826, "air_time" : 2,
 		"sequence" : 479, "fails" : 2,
 		"retries" : 0, "sample_1" : 10.40,
 		"sample_2" : -4.52, "sample_3" : 2.21,
 		"sample_4" : 0, "node_id" : 6},

	"6:480" : {"timestamp" : 1346182827, "air_time" : 5,
 		"sequence" : 480, "fails" : 1,
 		"retries" : 2, "sample_1" : 10.16,
 		"sample_2" : -4.55, "sample_3" : -0.13,
 		"sample_4" : 0, "node_id" : 6},

	"6:481" : {"timestamp" : 1346182828, "air_time" : 4,
 		"sequence" : 481, "fails" : 2,
 		"retries" : 2, "sample_1" : 9.46,
 		"sample_2" : -1.93, "sample_3" : -2.44,
 		"sample_4" : 0, "node_id" : 6},

	"6:482" : {"timestamp" : 1346182829, "air_time" : 9,
 		"sequence" : 482, "fails" : 0,
 		"retries" : 2, "sample_1" : 6.83,
 		"sample_2" : -0.13, "sample_3" : -3.27,
 		"sample_4" : 0, "node_id" : 6},

	"6:483" : {"timestamp" : 1346182830, "air_time" : 0,
 		"sequence" : 483, "fails" : 3,
 		"retries" : 0, "sample_1" : 6.50,
 		"sample_2" : 1.82, "sample_3" : -4.47,
 		"sample_4" : 0, "node_id" : 6},

	"6:484" : {"timestamp" : 1346182831, "air_time" : 4,
 		"sequence" : 484, "fails" : 1,
 		"retries" : 0, "sample_1" : 3.42,
 		"sample_2" : 2.64, "sample_3" : -6.98,
 		"sample_4" : 0, "node_id" : 6},

	"6:485" : {"timestamp" : 1346182832, "air_time" : 7,
 		"sequence" : 485, "fails" : 3,
 		"retries" : 0, "sample_1" : 2.04,
 		"sample_2" : 4.30, "sample_3" : -7.38,
 		"sample_4" : 0, "node_id" : 6},

	"6:486" : {"timestamp" : 1346182833, "air_time" : 9,
 		"sequence" : 486, "fails" : 3,
 		"retries" : 0, "sample_1" : 0.00,
 		"sample_2" : 5.94, "sample_3" : -9.03,
 		"sample_4" : 0, "node_id" : 6},

	"6:487" : {"timestamp" : 1346182834, "air_time" : 3,
 		"sequence" : 487, "fails" : 2,
 		"retries" : 1, "sample_1" : -1.74,
 		"sample_2" : 7.51, "sample_3" : -9.50,
 		"sample_4" : 0, "node_id" : 6},

	"6:488" : {"timestamp" : 1346182835, "air_time" : 5,
 		"sequence" : 488, "fails" : 1,
 		"retries" : 2, "sample_1" : -1.82,
 		"sample_2" : 8.28, "sample_3" : -8.87,
 		"sample_4" : 0, "node_id" : 6},

	"6:489" : {"timestamp" : 1346182836, "air_time" : 0,
 		"sequence" : 489, "fails" : 3,
 		"retries" : 2, "sample_1" : -3.30,
 		"sample_2" : 9.31, "sample_3" : -8.05,
 		"sample_4" : 0, "node_id" : 6},

	"6:490" : {"timestamp" : 1346182837, "air_time" : 4,
 		"sequence" : 490, "fails" : 2,
 		"retries" : 0, "sample_1" : -4.63,
 		"sample_2" : 11.46, "sample_3" : -9.22,
 		"sample_4" : 0, "node_id" : 6},

	"6:491" : {"timestamp" : 1346182838, "air_time" : 8,
 		"sequence" : 491, "fails" : 1,
 		"retries" : 2, "sample_1" : -7.06,
 		"sample_2" : 10.22, "sample_3" : -7.19,
 		"sample_4" : 0, "node_id" : 6},

	"6:492" : {"timestamp" : 1346182839, "air_time" : 9,
 		"sequence" : 492, "fails" : 3,
 		"retries" : 2, "sample_1" : -7.46,
 		"sample_2" : 11.09, "sample_3" : -7.00,
 		"sample_4" : 0, "node_id" : 6},

	"6:493" : {"timestamp" : 1346182840, "air_time" : 1,
 		"sequence" : 493, "fails" : 0,
 		"retries" : 1, "sample_1" : -8.30,
 		"sample_2" : 9.85, "sample_3" : -5.66,
 		"sample_4" : 0, "node_id" : 6},

	"6:494" : {"timestamp" : 1346182841, "air_time" : 6,
 		"sequence" : 494, "fails" : 2,
 		"retries" : 1, "sample_1" : -8.25,
 		"sample_2" : 9.31, "sample_3" : -5.50,
 		"sample_4" : 0, "node_id" : 6},

	"6:495" : {"timestamp" : 1346182842, "air_time" : 4,
 		"sequence" : 495, "fails" : 0,
 		"retries" : 1, "sample_1" : -9.90,
 		"sample_2" : 8.89, "sample_3" : -2.38,
 		"sample_4" : 0, "node_id" : 6},

	"6:496" : {"timestamp" : 1346182843, "air_time" : 0,
 		"sequence" : 496, "fails" : 0,
 		"retries" : 2, "sample_1" : -9.15,
 		"sample_2" : 7.72, "sample_3" : -1.33,
 		"sample_4" : 0, "node_id" : 6},

	"6:497" : {"timestamp" : 1346182844, "air_time" : 5,
 		"sequence" : 497, "fails" : 2,
 		"retries" : 2, "sample_1" : -7.70,
 		"sample_2" : 7.42, "sample_3" : -0.31,
 		"sample_4" : 0, "node_id" : 6},

	"6:498" : {"timestamp" : 1346182845, "air_time" : 8,
 		"sequence" : 498, "fails" : 2,
 		"retries" : 2, "sample_1" : -7.06,
 		"sample_2" : 4.65, "sample_3" : 1.03,
 		"sample_4" : 0, "node_id" : 6},

	"6:499" : {"timestamp" : 1346182846, "air_time" : 6,
 		"sequence" : 499, "fails" : 1,
 		"retries" : 0, "sample_1" : -7.36,
 		"sample_2" : 4.63, "sample_3" : 3.54,
 		"sample_4" : 0, "node_id" : 6},

	"6:500" : {"timestamp" : 1346182847, "air_time" : 9,
 		"sequence" : 500, "fails" : 1,
 		"retries" : 2, "sample_1" : -5.53,
 		"sample_2" : 1.23, "sample_3" : 5.47,
 		"sample_4" : 0, "node_id" : 6},

	"6:501" : {"timestamp" : 1346182848, "air_time" : 9,
 		"sequence" : 501, "fails" : 3,
 		"retries" : 0, "sample_1" : -4.00,
 		"sample_2" : 0.28, "sample_3" : 7.47,
 		"sample_4" : 0, "node_id" : 6},

	"6:502" : {"timestamp" : 1346182849, "air_time" : 7,
 		"sequence" : 502, "fails" : 1,
 		"retries" : 1, "sample_1" : -2.62,
 		"sample_2" : -0.84, "sample_3" : 8.78,
 		"sample_4" : 0, "node_id" : 6},

	"6:503" : {"timestamp" : 1346182850, "air_time" : 4,
 		"sequence" : 503, "fails" : 0,
 		"retries" : 1, "sample_1" : -1.14,
 		"sample_2" : -3.20, "sample_3" : 8.88,
 		"sample_4" : 0, "node_id" : 6},

	"6:504" : {"timestamp" : 1346182851, "air_time" : 5,
 		"sequence" : 504, "fails" : 3,
 		"retries" : 0, "sample_1" : 1.30,
 		"sample_2" : -3.64, "sample_3" : 10.73,
 		"sample_4" : 0, "node_id" : 6},

	"6:505" : {"timestamp" : 1346182852, "air_time" : 8,
 		"sequence" : 505, "fails" : 3,
 		"retries" : 1, "sample_1" : 3.34,
 		"sample_2" : -6.31, "sample_3" : 10.30,
 		"sample_4" : 0, "node_id" : 6},

	"6:506" : {"timestamp" : 1346182853, "air_time" : 5,
 		"sequence" : 506, "fails" : 1,
 		"retries" : 1, "sample_1" : 5.22,
 		"sample_2" : -6.28, "sample_3" : 11.67,
 		"sample_4" : 0, "node_id" : 6},

	"6:507" : {"timestamp" : 1346182854, "air_time" : 7,
 		"sequence" : 507, "fails" : 0,
 		"retries" : 0, "sample_1" : 5.80,
 		"sample_2" : -7.91, "sample_3" : 10.95,
 		"sample_4" : 0, "node_id" : 6},

	"6:508" : {"timestamp" : 1346182855, "air_time" : 1,
 		"sequence" : 508, "fails" : 3,
 		"retries" : 1, "sample_1" : 7.03,
 		"sample_2" : -8.76, "sample_3" : 11.42,
 		"sample_4" : 0, "node_id" : 6},

	"6:509" : {"timestamp" : 1346182856, "air_time" : 9,
 		"sequence" : 509, "fails" : 2,
 		"retries" : 0, "sample_1" : 7.86,
 		"sample_2" : -8.62, "sample_3" : 9.19,
 		"sample_4" : 0, "node_id" : 6},

	"6:510" : {"timestamp" : 1346182857, "air_time" : 2,
 		"sequence" : 510, "fails" : 1,
 		"retries" : 0, "sample_1" : 9.26,
 		"sample_2" : -8.99, "sample_3" : 8.60,
 		"sample_4" : 0, "node_id" : 6},

	"6:511" : {"timestamp" : 1346182858, "air_time" : 8,
 		"sequence" : 511, "fails" : 2,
 		"retries" : 0, "sample_1" : 9.70,
 		"sample_2" : -8.55, "sample_3" : 8.26,
 		"sample_4" : 0, "node_id" : 6},

	"6:512" : {"timestamp" : 1346182859, "air_time" : 8,
 		"sequence" : 512, "fails" : 3,
 		"retries" : 0, "sample_1" : 11.15,
 		"sample_2" : -8.51, "sample_3" : 6.60,
 		"sample_4" : 0, "node_id" : 6},

	"6:513" : {"timestamp" : 1346182860, "air_time" : 9,
 		"sequence" : 513, "fails" : 1,
 		"retries" : 0, "sample_1" : 10.90,
 		"sample_2" : -7.59, "sample_3" : 4.18,
 		"sample_4" : 0, "node_id" : 6},

	"6:514" : {"timestamp" : 1346182861, "air_time" : 4,
 		"sequence" : 514, "fails" : 3,
 		"retries" : 1, "sample_1" : 10.35,
 		"sample_2" : -6.62, "sample_3" : 3.33,
 		"sample_4" : 0, "node_id" : 6},

	"6:515" : {"timestamp" : 1346182862, "air_time" : 4,
 		"sequence" : 515, "fails" : 2,
 		"retries" : 2, "sample_1" : 9.90,
 		"sample_2" : -5.42, "sample_3" : 1.91,
 		"sample_4" : 0, "node_id" : 6},

	"6:516" : {"timestamp" : 1346182863, "air_time" : 4,
 		"sequence" : 516, "fails" : 2,
 		"retries" : 2, "sample_1" : 8.96,
 		"sample_2" : -2.75, "sample_3" : 0.67,
 		"sample_4" : 0, "node_id" : 6},

	"6:517" : {"timestamp" : 1346182864, "air_time" : 4,
 		"sequence" : 517, "fails" : 2,
 		"retries" : 2, "sample_1" : 7.66,
 		"sample_2" : -1.73, "sample_3" : -1.04,
 		"sample_4" : 0, "node_id" : 6},

	"6:518" : {"timestamp" : 1346182865, "air_time" : 8,
 		"sequence" : 518, "fails" : 0,
 		"retries" : 2, "sample_1" : 7.03,
 		"sample_2" : -1.13, "sample_3" : -3.67,
 		"sample_4" : 0, "node_id" : 6},

	"6:519" : {"timestamp" : 1346182866, "air_time" : 1,
 		"sequence" : 519, "fails" : 2,
 		"retries" : 0, "sample_1" : 6.60,
 		"sample_2" : 1.72, "sample_3" : -4.77,
 		"sample_4" : 0, "node_id" : 6},

	"6:520" : {"timestamp" : 1346182867, "air_time" : 1,
 		"sequence" : 520, "fails" : 3,
 		"retries" : 1, "sample_1" : 3.82,
 		"sample_2" : 3.24, "sample_3" : -6.28,
 		"sample_4" : 0, "node_id" : 6},

	"6:521" : {"timestamp" : 1346182868, "air_time" : 8,
 		"sequence" : 521, "fails" : 3,
 		"retries" : 2, "sample_1" : 2.74,
 		"sample_2" : 5.00, "sample_3" : -7.08,
 		"sample_4" : 0, "node_id" : 6},

	"6:522" : {"timestamp" : 1346182869, "air_time" : 2,
 		"sequence" : 522, "fails" : 1,
 		"retries" : 1, "sample_1" : 1.60,
 		"sample_2" : 6.14, "sample_3" : -7.33,
 		"sample_4" : 0, "node_id" : 6},

	"6:523" : {"timestamp" : 1346182870, "air_time" : 9,
 		"sequence" : 523, "fails" : 3,
 		"retries" : 0, "sample_1" : -0.84,
 		"sample_2" : 7.51, "sample_3" : -9.20,
 		"sample_4" : 0, "node_id" : 6},

	"6:524" : {"timestamp" : 1346182871, "air_time" : 6,
 		"sequence" : 524, "fails" : 1,
 		"retries" : 2, "sample_1" : -3.12,
 		"sample_2" : 8.38, "sample_3" : -9.57,
 		"sample_4" : 0, "node_id" : 6},

	"6:525" : {"timestamp" : 1346182872, "air_time" : 1,
 		"sequence" : 525, "fails" : 0,
 		"retries" : 0, "sample_1" : -4.60,
 		"sample_2" : 9.21, "sample_3" : -9.35,
 		"sample_4" : 0, "node_id" : 6},

	"6:526" : {"timestamp" : 1346182873, "air_time" : 4,
 		"sequence" : 526, "fails" : 2,
 		"retries" : 2, "sample_1" : -4.73,
 		"sample_2" : 11.16, "sample_3" : -9.52,
 		"sample_4" : 0, "node_id" : 6},

	"6:527" : {"timestamp" : 1346182874, "air_time" : 2,
 		"sequence" : 527, "fails" : 2,
 		"retries" : 0, "sample_1" : -6.96,
 		"sample_2" : 10.12, "sample_3" : -7.19,
 		"sample_4" : 0, "node_id" : 6},

	"6:528" : {"timestamp" : 1346182875, "air_time" : 9,
 		"sequence" : 528, "fails" : 3,
 		"retries" : 0, "sample_1" : -7.16,
 		"sample_2" : 11.29, "sample_3" : -7.50,
 		"sample_4" : 0, "node_id" : 6},

	"6:529" : {"timestamp" : 1346182876, "air_time" : 7,
 		"sequence" : 529, "fails" : 1,
 		"retries" : 0, "sample_1" : -9.20,
 		"sample_2" : 11.35, "sample_3" : -6.66,
 		"sample_4" : 0, "node_id" : 6},

	"6:530" : {"timestamp" : 1346182877, "air_time" : 7,
 		"sequence" : 530, "fails" : 2,
 		"retries" : 0, "sample_1" : -8.65,
 		"sample_2" : 9.31, "sample_3" : -5.20,
 		"sample_4" : 0, "node_id" : 6},

	"6:531" : {"timestamp" : 1346182878, "air_time" : 1,
 		"sequence" : 531, "fails" : 0,
 		"retries" : 0, "sample_1" : -8.60,
 		"sample_2" : 9.89, "sample_3" : -3.68,
 		"sample_4" : 0, "node_id" : 6},

	"6:532" : {"timestamp" : 1346182879, "air_time" : 7,
 		"sequence" : 532, "fails" : 3,
 		"retries" : 1, "sample_1" : -9.05,
 		"sample_2" : 7.72, "sample_3" : -0.53,
 		"sample_4" : 0, "node_id" : 6},

	"6:533" : {"timestamp" : 1346182880, "air_time" : 8,
 		"sequence" : 533, "fails" : 0,
 		"retries" : 2, "sample_1" : -9.40,
 		"sample_2" : 7.72, "sample_3" : 0.69,
 		"sample_4" : 0, "node_id" : 6},

	"6:534" : {"timestamp" : 1346182881, "air_time" : 7,
 		"sequence" : 534, "fails" : 1,
 		"retries" : 1, "sample_1" : -8.26,
 		"sample_2" : 4.75, "sample_3" : 1.43,
 		"sample_4" : 0, "node_id" : 6},

	"6:535" : {"timestamp" : 1346182882, "air_time" : 9,
 		"sequence" : 535, "fails" : 0,
 		"retries" : 1, "sample_1" : -6.66,
 		"sample_2" : 3.53, "sample_3" : 3.94,
 		"sample_4" : 0, "node_id" : 6},

	"6:536" : {"timestamp" : 1346182883, "air_time" : 8,
 		"sequence" : 536, "fails" : 1,
 		"retries" : 0, "sample_1" : -4.83,
 		"sample_2" : 1.53, "sample_3" : 4.37,
 		"sample_4" : 0, "node_id" : 6},

	"6:537" : {"timestamp" : 1346182884, "air_time" : 7,
 		"sequence" : 537, "fails" : 1,
 		"retries" : 0, "sample_1" : -4.10,
 		"sample_2" : -0.22, "sample_3" : 7.77,
 		"sample_4" : 0, "node_id" : 6},

	"6:538" : {"timestamp" : 1346182885, "air_time" : 7,
 		"sequence" : 538, "fails" : 3,
 		"retries" : 2, "sample_1" : -2.22,
 		"sample_2" : -0.74, "sample_3" : 7.38,
 		"sample_4" : 0, "node_id" : 6},

	"6:539" : {"timestamp" : 1346182886, "air_time" : 6,
 		"sequence" : 539, "fails" : 3,
 		"retries" : 0, "sample_1" : 0.06,
 		"sample_2" : -3.00, "sample_3" : 9.38,
 		"sample_4" : 0, "node_id" : 6},

	"6:540" : {"timestamp" : 1346182887, "air_time" : 8,
 		"sequence" : 540, "fails" : 3,
 		"retries" : 2, "sample_1" : 1.80,
 		"sample_2" : -3.94, "sample_3" : 9.93,
 		"sample_4" : 0, "node_id" : 6},

	"6:541" : {"timestamp" : 1346182888, "air_time" : 8,
 		"sequence" : 541, "fails" : 2,
 		"retries" : 2, "sample_1" : 3.04,
 		"sample_2" : -6.61, "sample_3" : 10.00,
 		"sample_4" : 0, "node_id" : 6},

	"6:542" : {"timestamp" : 1346182889, "air_time" : 7,
 		"sequence" : 542, "fails" : 1,
 		"retries" : 0, "sample_1" : 5.12,
 		"sample_2" : -7.78, "sample_3" : 10.57,
 		"sample_4" : 0, "node_id" : 6},

	"6:543" : {"timestamp" : 1346182890, "air_time" : 8,
 		"sequence" : 543, "fails" : 0,
 		"retries" : 1, "sample_1" : 6.50,
 		"sample_2" : -7.71, "sample_3" : 10.85,
 		"sample_4" : 0, "node_id" : 6},

	"6:544" : {"timestamp" : 1346182891, "air_time" : 0,
 		"sequence" : 544, "fails" : 3,
 		"retries" : 0, "sample_1" : 6.93,
 		"sample_2" : -9.46, "sample_3" : 10.32,
 		"sample_4" : 0, "node_id" : 6},

	"6:545" : {"timestamp" : 1346182892, "air_time" : 5,
 		"sequence" : 545, "fails" : 1,
 		"retries" : 1, "sample_1" : 7.96,
 		"sample_2" : -8.42, "sample_3" : 8.99,
 		"sample_4" : 0, "node_id" : 6},

	"6:546" : {"timestamp" : 1346182893, "air_time" : 5,
 		"sequence" : 546, "fails" : 2,
 		"retries" : 0, "sample_1" : 9.96,
 		"sample_2" : -8.69, "sample_3" : 8.80,
 		"sample_4" : 0, "node_id" : 6},

	"6:547" : {"timestamp" : 1346182894, "air_time" : 7,
 		"sequence" : 547, "fails" : 1,
 		"retries" : 0, "sample_1" : 9.90,
 		"sample_2" : -8.75, "sample_3" : 7.46,
 		"sample_4" : 0, "node_id" : 6},

	"6:548" : {"timestamp" : 1346182895, "air_time" : 2,
 		"sequence" : 548, "fails" : 2,
 		"retries" : 0, "sample_1" : 10.15,
 		"sample_2" : -9.11, "sample_3" : 6.40,
 		"sample_4" : 0, "node_id" : 6},

	"6:549" : {"timestamp" : 1346182896, "air_time" : 2,
 		"sequence" : 549, "fails" : 3,
 		"retries" : 0, "sample_1" : 10.40,
 		"sample_2" : -7.79, "sample_3" : 4.98,
 		"sample_4" : 0, "node_id" : 6},

	"6:550" : {"timestamp" : 1346182897, "air_time" : 4,
 		"sequence" : 550, "fails" : 3,
 		"retries" : 2, "sample_1" : 10.05,
 		"sample_2" : -6.82, "sample_3" : 3.93,
 		"sample_4" : 0, "node_id" : 6},

	"6:551" : {"timestamp" : 1346182898, "air_time" : 6,
 		"sequence" : 551, "fails" : 2,
 		"retries" : 1, "sample_1" : 9.50,
 		"sample_2" : -4.42, "sample_3" : 2.41,
 		"sample_4" : 0, "node_id" : 6},

	"6:552" : {"timestamp" : 1346182899, "air_time" : 1,
 		"sequence" : 552, "fails" : 0,
 		"retries" : 1, "sample_1" : 9.06,
 		"sample_2" : -3.75, "sample_3" : 0.57,
 		"sample_4" : 0, "node_id" : 6},

	"6:553" : {"timestamp" : 1346182900, "air_time" : 4,
 		"sequence" : 553, "fails" : 2,
 		"retries" : 0, "sample_1" : 8.36,
 		"sample_2" : -2.53, "sample_3" : -2.24,
 		"sample_4" : 0, "node_id" : 6},

	"6:554" : {"timestamp" : 1346182901, "air_time" : 9,
 		"sequence" : 554, "fails" : 1,
 		"retries" : 1, "sample_1" : 7.03,
 		"sample_2" : -0.83, "sample_3" : -4.07,
 		"sample_4" : 0, "node_id" : 6},

	"6:555" : {"timestamp" : 1346182902, "air_time" : 0,
 		"sequence" : 555, "fails" : 3,
 		"retries" : 1, "sample_1" : 5.90,
 		"sample_2" : 1.22, "sample_3" : -5.37,
 		"sample_4" : 0, "node_id" : 6},

	"6:556" : {"timestamp" : 1346182903, "air_time" : 1,
 		"sequence" : 556, "fails" : 2,
 		"retries" : 1, "sample_1" : 4.22,
 		"sample_2" : 3.64, "sample_3" : -6.58,
 		"sample_4" : 0, "node_id" : 6},

	"6:557" : {"timestamp" : 1346182904, "air_time" : 2,
 		"sequence" : 557, "fails" : 2,
 		"retries" : 1, "sample_1" : 3.34,
 		"sample_2" : 4.90, "sample_3" : -7.98,
 		"sample_4" : 0, "node_id" : 6},

	"6:558" : {"timestamp" : 1346182905, "air_time" : 5,
 		"sequence" : 558, "fails" : 1,
 		"retries" : 1, "sample_1" : 0.40,
 		"sample_2" : 7.14, "sample_3" : -9.03,
 		"sample_4" : 0, "node_id" : 6},

	"6:559" : {"timestamp" : 1346182906, "air_time" : 3,
 		"sequence" : 559, "fails" : 1,
 		"retries" : 1, "sample_1" : -1.54,
 		"sample_2" : 8.51, "sample_3" : -9.30,
 		"sample_4" : 0, "node_id" : 6},

	"6:560" : {"timestamp" : 1346182907, "air_time" : 6,
 		"sequence" : 560, "fails" : 0,
 		"retries" : 1, "sample_1" : -3.12,
 		"sample_2" : 9.28, "sample_3" : -9.87,
 		"sample_4" : 0, "node_id" : 6},

	"6:561" : {"timestamp" : 1346182908, "air_time" : 2,
 		"sequence" : 561, "fails" : 3,
 		"retries" : 0, "sample_1" : -3.90,
 		"sample_2" : 9.81, "sample_3" : -9.25,
 		"sample_4" : 0, "node_id" : 6},

	"6:562" : {"timestamp" : 1346182909, "air_time" : 2,
 		"sequence" : 562, "fails" : 1,
 		"retries" : 1, "sample_1" : -5.33,
 		"sample_2" : 10.76, "sample_3" : -8.82,
 		"sample_4" : 0, "node_id" : 6},

	"6:563" : {"timestamp" : 1346182910, "air_time" : 8,
 		"sequence" : 563, "fails" : 2,
 		"retries" : 2, "sample_1" : -5.86,
 		"sample_2" : 9.92, "sample_3" : -7.09,
 		"sample_4" : 0, "node_id" : 6},

	"6:564" : {"timestamp" : 1346182911, "air_time" : 0,
 		"sequence" : 564, "fails" : 1,
 		"retries" : 0, "sample_1" : -7.66,
 		"sample_2" : 11.59, "sample_3" : -6.60,
 		"sample_4" : 0, "node_id" : 6},

	"6:565" : {"timestamp" : 1346182912, "air_time" : 3,
 		"sequence" : 565, "fails" : 3,
 		"retries" : 0, "sample_1" : -8.60,
 		"sample_2" : 10.05, "sample_3" : -5.96,
 		"sample_4" : 0, "node_id" : 6},

	"6:566" : {"timestamp" : 1346182913, "air_time" : 7,
 		"sequence" : 566, "fails" : 1,
 		"retries" : 0, "sample_1" : -8.95,
 		"sample_2" : 9.21, "sample_3" : -4.40,
 		"sample_4" : 0, "node_id" : 6},

	"6:567" : {"timestamp" : 1346182914, "air_time" : 7,
 		"sequence" : 567, "fails" : 1,
 		"retries" : 1, "sample_1" : -9.70,
 		"sample_2" : 9.39, "sample_3" : -3.38,
 		"sample_4" : 0, "node_id" : 6},

	"6:568" : {"timestamp" : 1346182915, "air_time" : 9,
 		"sequence" : 568, "fails" : 1,
 		"retries" : 2, "sample_1" : -8.05,
 		"sample_2" : 7.92, "sample_3" : -2.33,
 		"sample_4" : 0, "node_id" : 6},

	"6:569" : {"timestamp" : 1346182916, "air_time" : 0,
 		"sequence" : 569, "fails" : 3,
 		"retries" : 2, "sample_1" : -8.90,
 		"sample_2" : 7.12, "sample_3" : -0.11,
 		"sample_4" : 0, "node_id" : 6},

	"6:570" : {"timestamp" : 1346182917, "air_time" : 4,
 		"sequence" : 570, "fails" : 3,
 		"retries" : 0, "sample_1" : -8.16,
 		"sample_2" : 5.95, "sample_3" : 2.13,
 		"sample_4" : 0, "node_id" : 6},

	"6:571" : {"timestamp" : 1346182918, "air_time" : 0,
 		"sequence" : 571, "fails" : 0,
 		"retries" : 2, "sample_1" : -5.86,
 		"sample_2" : 3.33, "sample_3" : 4.24,
 		"sample_4" : 0, "node_id" : 6},

	"6:572" : {"timestamp" : 1346182919, "air_time" : 0,
 		"sequence" : 572, "fails" : 1,
 		"retries" : 1, "sample_1" : -5.83,
 		"sample_2" : 1.33, "sample_3" : 5.17,
 		"sample_4" : 0, "node_id" : 6},

	"6:573" : {"timestamp" : 1346182920, "air_time" : 1,
 		"sequence" : 573, "fails" : 1,
 		"retries" : 0, "sample_1" : -4.50,
 		"sample_2" : 0.28, "sample_3" : 7.07,
 		"sample_4" : 0, "node_id" : 6},

	"6:574" : {"timestamp" : 1346182921, "air_time" : 9,
 		"sequence" : 574, "fails" : 0,
 		"retries" : 2, "sample_1" : -2.22,
 		"sample_2" : -2.24, "sample_3" : 7.98,
 		"sample_4" : 0, "node_id" : 6},

	"6:575" : {"timestamp" : 1346182922, "air_time" : 3,
 		"sequence" : 575, "fails" : 2,
 		"retries" : 0, "sample_1" : -0.54,
 		"sample_2" : -2.50, "sample_3" : 8.78,
 		"sample_4" : 0, "node_id" : 6},

	"6:576" : {"timestamp" : 1346182923, "air_time" : 8,
 		"sequence" : 576, "fails" : 3,
 		"retries" : 2, "sample_1" : 1.60,
 		"sample_2" : -3.94, "sample_3" : 10.23,
 		"sample_4" : 0, "node_id" : 6},

	"6:577" : {"timestamp" : 1346182924, "air_time" : 2,
 		"sequence" : 577, "fails" : 1,
 		"retries" : 2, "sample_1" : 1.94,
 		"sample_2" : -6.81, "sample_3" : 10.00,
 		"sample_4" : 0, "node_id" : 6},

	"6:578" : {"timestamp" : 1346182925, "air_time" : 1,
 		"sequence" : 578, "fails" : 2,
 		"retries" : 0, "sample_1" : 3.92,
 		"sample_2" : -6.78, "sample_3" : 10.07,
 		"sample_4" : 0, "node_id" : 6},

	"6:579" : {"timestamp" : 1346182926, "air_time" : 8,
 		"sequence" : 579, "fails" : 0,
 		"retries" : 0, "sample_1" : 6.00,
 		"sample_2" : -8.81, "sample_3" : 11.75,
 		"sample_4" : 0, "node_id" : 6},

	"6:580" : {"timestamp" : 1346182927, "air_time" : 7,
 		"sequence" : 580, "fails" : 3,
 		"retries" : 1, "sample_1" : 8.03,
 		"sample_2" : -8.26, "sample_3" : 9.92,
 		"sample_4" : 0, "node_id" : 6},

	"6:581" : {"timestamp" : 1346182928, "air_time" : 0,
 		"sequence" : 581, "fails" : 3,
 		"retries" : 0, "sample_1" : 9.06,
 		"sample_2" : -8.72, "sample_3" : 9.69,
 		"sample_4" : 0, "node_id" : 6},

	"6:582" : {"timestamp" : 1346182929, "air_time" : 0,
 		"sequence" : 582, "fails" : 2,
 		"retries" : 1, "sample_1" : 8.76,
 		"sample_2" : -8.19, "sample_3" : 8.10,
 		"sample_4" : 0, "node_id" : 6},

	"6:583" : {"timestamp" : 1346182930, "air_time" : 5,
 		"sequence" : 583, "fails" : 0,
 		"retries" : 1, "sample_1" : 10.00,
 		"sample_2" : -9.45, "sample_3" : 8.06,
 		"sample_4" : 0, "node_id" : 6},

	"6:584" : {"timestamp" : 1346182931, "air_time" : 3,
 		"sequence" : 584, "fails" : 2,
 		"retries" : 0, "sample_1" : 9.95,
 		"sample_2" : -7.41, "sample_3" : 7.40,
 		"sample_4" : 0, "node_id" : 6},

	"6:585" : {"timestamp" : 1346182932, "air_time" : 4,
 		"sequence" : 585, "fails" : 0,
 		"retries" : 2, "sample_1" : 11.40,
 		"sample_2" : -6.49, "sample_3" : 4.18,
 		"sample_4" : 0, "node_id" : 6},

	"6:586" : {"timestamp" : 1346182933, "air_time" : 2,
 		"sequence" : 586, "fails" : 1,
 		"retries" : 0, "sample_1" : 11.55,
 		"sample_2" : -5.92, "sample_3" : 3.83,
 		"sample_4" : 0, "node_id" : 6},

	"6:587" : {"timestamp" : 1346182934, "air_time" : 7,
 		"sequence" : 587, "fails" : 0,
 		"retries" : 2, "sample_1" : 9.60,
 		"sample_2" : -4.72, "sample_3" : 1.41,
 		"sample_4" : 0, "node_id" : 6},

	"6:588" : {"timestamp" : 1346182935, "air_time" : 8,
 		"sequence" : 588, "fails" : 2,
 		"retries" : 2, "sample_1" : 10.36,
 		"sample_2" : -4.35, "sample_3" : -0.53,
 		"sample_4" : 0, "node_id" : 6},

	"6:589" : {"timestamp" : 1346182936, "air_time" : 1,
 		"sequence" : 589, "fails" : 2,
 		"retries" : 2, "sample_1" : 9.36,
 		"sample_2" : -1.03, "sample_3" : -2.74,
 		"sample_4" : 0, "node_id" : 6},

	"6:590" : {"timestamp" : 1346182937, "air_time" : 5,
 		"sequence" : 590, "fails" : 0,
 		"retries" : 2, "sample_1" : 7.63,
 		"sample_2" : -0.73, "sample_3" : -4.07,
 		"sample_4" : 0, "node_id" : 6},

	"6:591" : {"timestamp" : 1346182938, "air_time" : 9,
 		"sequence" : 591, "fails" : 2,
 		"retries" : 1, "sample_1" : 5.20,
 		"sample_2" : 1.72, "sample_3" : -4.27,
 		"sample_4" : 0, "node_id" : 6},

	"6:592" : {"timestamp" : 1346182939, "air_time" : 9,
 		"sequence" : 592, "fails" : 3,
 		"retries" : 2, "sample_1" : 3.72,
 		"sample_2" : 2.24, "sample_3" : -5.58,
 		"sample_4" : 0, "node_id" : 6},

	"6:593" : {"timestamp" : 1346182940, "air_time" : 0,
 		"sequence" : 593, "fails" : 3,
 		"retries" : 2, "sample_1" : 1.74,
 		"sample_2" : 5.80, "sample_3" : -6.78,
 		"sample_4" : 0, "node_id" : 6},

	"6:594" : {"timestamp" : 1346182941, "air_time" : 3,
 		"sequence" : 594, "fails" : 0,
 		"retries" : 2, "sample_1" : 1.00,
 		"sample_2" : 6.24, "sample_3" : -7.53,
 		"sample_4" : 0, "node_id" : 6},

	"6:595" : {"timestamp" : 1346182942, "air_time" : 5,
 		"sequence" : 595, "fails" : 3,
 		"retries" : 1, "sample_1" : -0.54,
 		"sample_2" : 8.31, "sample_3" : -7.80,
 		"sample_4" : 0, "node_id" : 6},

	"6:596" : {"timestamp" : 1346182943, "air_time" : 9,
 		"sequence" : 596, "fails" : 3,
 		"retries" : 2, "sample_1" : -2.82,
 		"sample_2" : 9.78, "sample_3" : -9.07,
 		"sample_4" : 0, "node_id" : 6},

	"6:597" : {"timestamp" : 1346182944, "air_time" : 8,
 		"sequence" : 597, "fails" : 0,
 		"retries" : 2, "sample_1" : -3.10,
 		"sample_2" : 9.61, "sample_3" : -9.55,
 		"sample_4" : 0, "node_id" : 6},

	"6:598" : {"timestamp" : 1346182945, "air_time" : 6,
 		"sequence" : 598, "fails" : 1,
 		"retries" : 0, "sample_1" : -5.53,
 		"sample_2" : 11.26, "sample_3" : -8.02,
 		"sample_4" : 0, "node_id" : 6},

	"6:599" : {"timestamp" : 1346182946, "air_time" : 8,
 		"sequence" : 599, "fails" : 3,
 		"retries" : 2, "sample_1" : -6.96,
 		"sample_2" : 11.52, "sample_3" : -8.39,
 		"sample_4" : 0, "node_id" : 6},

	"6:600" : {"timestamp" : 1346182947, "air_time" : 7,
 		"sequence" : 600, "fails" : 1,
 		"retries" : 2, "sample_1" : -7.96,
 		"sample_2" : 10.69, "sample_3" : -6.30,
 		"sample_4" : 0, "node_id" : 6},

	"7:1" : {"timestamp" : 1346182348, "air_time" : 7,
 		"sequence" : 1, "fails" : 3,
 		"retries" : 1, "sample_1" : 2.34,
 		"sample_2" : -6.41, "sample_3" : 9.70,
 		"sample_4" : 0, "node_id" : 7},

	"7:2" : {"timestamp" : 1346182349, "air_time" : 5,
 		"sequence" : 2, "fails" : 2,
 		"retries" : 0, "sample_1" : 4.52,
 		"sample_2" : -6.58, "sample_3" : 11.77,
 		"sample_4" : 0, "node_id" : 7},

	"7:3" : {"timestamp" : 1346182350, "air_time" : 4,
 		"sequence" : 3, "fails" : 3,
 		"retries" : 1, "sample_1" : 6.70,
 		"sample_2" : -7.01, "sample_3" : 11.05,
 		"sample_4" : 0, "node_id" : 7},

	"7:4" : {"timestamp" : 1346182351, "air_time" : 0,
 		"sequence" : 4, "fails" : 2,
 		"retries" : 2, "sample_1" : 7.43,
 		"sample_2" : -7.86, "sample_3" : 9.82,
 		"sample_4" : 0, "node_id" : 7},

	"7:5" : {"timestamp" : 1346182352, "air_time" : 8,
 		"sequence" : 5, "fails" : 0,
 		"retries" : 2, "sample_1" : 8.46,
 		"sample_2" : -9.02, "sample_3" : 9.79,
 		"sample_4" : 0, "node_id" : 7},

	"7:6" : {"timestamp" : 1346182353, "air_time" : 1,
 		"sequence" : 6, "fails" : 3,
 		"retries" : 0, "sample_1" : 9.66,
 		"sample_2" : -8.49, "sample_3" : 10.00,
 		"sample_4" : 0, "node_id" : 7},

	"7:7" : {"timestamp" : 1346182354, "air_time" : 2,
 		"sequence" : 7, "fails" : 0,
 		"retries" : 2, "sample_1" : 10.10,
 		"sample_2" : -9.65, "sample_3" : 8.76,
 		"sample_4" : 0, "node_id" : 7},

	"7:8" : {"timestamp" : 1346182355, "air_time" : 8,
 		"sequence" : 8, "fails" : 3,
 		"retries" : 1, "sample_1" : 9.85,
 		"sample_2" : -8.71, "sample_3" : 6.20,
 		"sample_4" : 0, "node_id" : 7},

	"7:9" : {"timestamp" : 1346182356, "air_time" : 4,
 		"sequence" : 9, "fails" : 2,
 		"retries" : 1, "sample_1" : 11.30,
 		"sample_2" : -7.49, "sample_3" : 4.28,
 		"sample_4" : 0, "node_id" : 7},

	"7:10" : {"timestamp" : 1346182357, "air_time" : 8,
 		"sequence" : 10, "fails" : 2,
 		"retries" : 1, "sample_1" : 10.25,
 		"sample_2" : -6.62, "sample_3" : 4.33,
 		"sample_4" : 0, "node_id" : 7},

	"7:11" : {"timestamp" : 1346182358, "air_time" : 1,
 		"sequence" : 11, "fails" : 2,
 		"retries" : 0, "sample_1" : 11.00,
 		"sample_2" : -5.02, "sample_3" : 1.61,
 		"sample_4" : 0, "node_id" : 7},

	"7:12" : {"timestamp" : 1346182359, "air_time" : 7,
 		"sequence" : 12, "fails" : 1,
 		"retries" : 0, "sample_1" : 10.16,
 		"sample_2" : -3.25, "sample_3" : 0.17,
 		"sample_4" : 0, "node_id" : 7},

	"7:13" : {"timestamp" : 1346182360, "air_time" : 8,
 		"sequence" : 13, "fails" : 3,
 		"retries" : 1, "sample_1" : 9.46,
 		"sample_2" : -1.73, "sample_3" : -2.34,
 		"sample_4" : 0, "node_id" : 7},

	"7:14" : {"timestamp" : 1346182361, "air_time" : 2,
 		"sequence" : 14, "fails" : 1,
 		"retries" : 1, "sample_1" : 7.63,
 		"sample_2" : -0.23, "sample_3" : -3.97,
 		"sample_4" : 0, "node_id" : 7},

	"7:15" : {"timestamp" : 1346182362, "air_time" : 7,
 		"sequence" : 15, "fails" : 1,
 		"retries" : 1, "sample_1" : 5.30,
 		"sample_2" : 1.72, "sample_3" : -3.97,
 		"sample_4" : 0, "node_id" : 7},

	"7:16" : {"timestamp" : 1346182363, "air_time" : 1,
 		"sequence" : 16, "fails" : 2,
 		"retries" : 0, "sample_1" : 4.82,
 		"sample_2" : 3.14, "sample_3" : -6.78,
 		"sample_4" : 0, "node_id" : 7},

	"7:17" : {"timestamp" : 1346182364, "air_time" : 4,
 		"sequence" : 17, "fails" : 2,
 		"retries" : 2, "sample_1" : 2.44,
 		"sample_2" : 5.40, "sample_3" : -7.48,
 		"sample_4" : 0, "node_id" : 7},

	"7:18" : {"timestamp" : 1346182365, "air_time" : 7,
 		"sequence" : 18, "fails" : 1,
 		"retries" : 0, "sample_1" : 0.40,
 		"sample_2" : 7.34, "sample_3" : -8.43,
 		"sample_4" : 0, "node_id" : 7},

	"7:19" : {"timestamp" : 1346182366, "air_time" : 3,
 		"sequence" : 19, "fails" : 1,
 		"retries" : 0, "sample_1" : -0.84,
 		"sample_2" : 7.31, "sample_3" : -7.90,
 		"sample_4" : 0, "node_id" : 7},

	"7:20" : {"timestamp" : 1346182367, "air_time" : 4,
 		"sequence" : 20, "fails" : 3,
 		"retries" : 0, "sample_1" : -3.32,
 		"sample_2" : 8.68, "sample_3" : -8.37,
 		"sample_4" : 0, "node_id" : 7},

	"7:21" : {"timestamp" : 1346182368, "air_time" : 1,
 		"sequence" : 21, "fails" : 2,
 		"retries" : 1, "sample_1" : -3.20,
 		"sample_2" : 9.51, "sample_3" : -9.65,
 		"sample_4" : 0, "node_id" : 7},

	"7:22" : {"timestamp" : 1346182369, "air_time" : 1,
 		"sequence" : 22, "fails" : 2,
 		"retries" : 0, "sample_1" : -6.03,
 		"sample_2" : 10.46, "sample_3" : -9.32,
 		"sample_4" : 0, "node_id" : 7},

	"7:23" : {"timestamp" : 1346182370, "air_time" : 6,
 		"sequence" : 23, "fails" : 2,
 		"retries" : 1, "sample_1" : -7.46,
 		"sample_2" : 11.52, "sample_3" : -7.39,
 		"sample_4" : 0, "node_id" : 7},

	"7:24" : {"timestamp" : 1346182371, "air_time" : 7,
 		"sequence" : 24, "fails" : 3,
 		"retries" : 1, "sample_1" : -8.26,
 		"sample_2" : 11.79, "sample_3" : -7.20,
 		"sample_4" : 0, "node_id" : 7},

	"7:25" : {"timestamp" : 1346182372, "air_time" : 3,
 		"sequence" : 25, "fails" : 2,
 		"retries" : 0, "sample_1" : -9.10,
 		"sample_2" : 9.85, "sample_3" : -6.06,
 		"sample_4" : 0, "node_id" : 7},

	"7:26" : {"timestamp" : 1346182373, "air_time" : 7,
 		"sequence" : 26, "fails" : 0,
 		"retries" : 2, "sample_1" : -8.15,
 		"sample_2" : 10.31, "sample_3" : -5.20,
 		"sample_4" : 0, "node_id" : 7},

	"7:27" : {"timestamp" : 1346182374, "air_time" : 1,
 		"sequence" : 27, "fails" : 0,
 		"retries" : 1, "sample_1" : -9.10,
 		"sample_2" : 10.09, "sample_3" : -2.78,
 		"sample_4" : 0, "node_id" : 7},

	"7:28" : {"timestamp" : 1346182375, "air_time" : 4,
 		"sequence" : 28, "fails" : 0,
 		"retries" : 0, "sample_1" : -9.65,
 		"sample_2" : 7.92, "sample_3" : -0.63,
 		"sample_4" : 0, "node_id" : 7},

	"7:29" : {"timestamp" : 1346182376, "air_time" : 5,
 		"sequence" : 29, "fails" : 2,
 		"retries" : 1, "sample_1" : -9.40,
 		"sample_2" : 6.52, "sample_3" : -0.61,
 		"sample_4" : 0, "node_id" : 7},

	"7:30" : {"timestamp" : 1346182377, "air_time" : 2,
 		"sequence" : 30, "fails" : 2,
 		"retries" : 0, "sample_1" : -6.86,
 		"sample_2" : 5.35, "sample_3" : 2.03,
 		"sample_4" : 0, "node_id" : 7},

	"7:31" : {"timestamp" : 1346182378, "air_time" : 5,
 		"sequence" : 31, "fails" : 3,
 		"retries" : 2, "sample_1" : -7.26,
 		"sample_2" : 4.33, "sample_3" : 3.64,
 		"sample_4" : 0, "node_id" : 7},

	"7:32" : {"timestamp" : 1346182379, "air_time" : 8,
 		"sequence" : 32, "fails" : 0,
 		"retries" : 2, "sample_1" : -6.43,
 		"sample_2" : 1.63, "sample_3" : 5.07,
 		"sample_4" : 0, "node_id" : 7},

	"7:33" : {"timestamp" : 1346182380, "air_time" : 1,
 		"sequence" : 33, "fails" : 1,
 		"retries" : 0, "sample_1" : -3.70,
 		"sample_2" : 0.18, "sample_3" : 7.37,
 		"sample_4" : 0, "node_id" : 7},

	"7:34" : {"timestamp" : 1346182381, "air_time" : 3,
 		"sequence" : 34, "fails" : 2,
 		"retries" : 2, "sample_1" : -2.12,
 		"sample_2" : -0.54, "sample_3" : 8.48,
 		"sample_4" : 0, "node_id" : 7},

	"7:35" : {"timestamp" : 1346182382, "air_time" : 3,
 		"sequence" : 35, "fails" : 3,
 		"retries" : 0, "sample_1" : -1.64,
 		"sample_2" : -2.30, "sample_3" : 8.78,
 		"sample_4" : 0, "node_id" : 7},

	"7:36" : {"timestamp" : 1346182383, "air_time" : 2,
 		"sequence" : 36, "fails" : 2,
 		"retries" : 1, "sample_1" : 0.40,
 		"sample_2" : -4.24, "sample_3" : 9.63,
 		"sample_4" : 0, "node_id" : 7},

	"7:37" : {"timestamp" : 1346182384, "air_time" : 2,
 		"sequence" : 37, "fails" : 3,
 		"retries" : 2, "sample_1" : 2.44,
 		"sample_2" : -6.71, "sample_3" : 10.40,
 		"sample_4" : 0, "node_id" : 7},

	"7:38" : {"timestamp" : 1346182385, "air_time" : 9,
 		"sequence" : 38, "fails" : 0,
 		"retries" : 1, "sample_1" : 3.62,
 		"sample_2" : -6.58, "sample_3" : 10.07,
 		"sample_4" : 0, "node_id" : 7},

	"7:39" : {"timestamp" : 1346182386, "air_time" : 4,
 		"sequence" : 39, "fails" : 1,
 		"retries" : 1, "sample_1" : 6.80,
 		"sample_2" : -8.01, "sample_3" : 11.45,
 		"sample_4" : 0, "node_id" : 7},

	"7:40" : {"timestamp" : 1346182387, "air_time" : 1,
 		"sequence" : 40, "fails" : 0,
 		"retries" : 2, "sample_1" : 7.13,
 		"sample_2" : -9.06, "sample_3" : 10.42,
 		"sample_4" : 0, "node_id" : 7},

	"7:41" : {"timestamp" : 1346182388, "air_time" : 4,
 		"sequence" : 41, "fails" : 2,
 		"retries" : 0, "sample_1" : 9.06,
 		"sample_2" : -8.12, "sample_3" : 10.49,
 		"sample_4" : 0, "node_id" : 7},

	"7:42" : {"timestamp" : 1346182389, "air_time" : 7,
 		"sequence" : 42, "fails" : 0,
 		"retries" : 1, "sample_1" : 9.06,
 		"sample_2" : -8.59, "sample_3" : 8.20,
 		"sample_4" : 0, "node_id" : 7},

	"7:43" : {"timestamp" : 1346182390, "air_time" : 9,
 		"sequence" : 43, "fails" : 1,
 		"retries" : 2, "sample_1" : 9.60,
 		"sample_2" : -9.45, "sample_3" : 7.56,
 		"sample_4" : 0, "node_id" : 7},

	"7:44" : {"timestamp" : 1346182391, "air_time" : 0,
 		"sequence" : 44, "fails" : 2,
 		"retries" : 2, "sample_1" : 9.85,
 		"sample_2" : -7.81, "sample_3" : 5.70,
 		"sample_4" : 0, "node_id" : 7},

	"7:45" : {"timestamp" : 1346182392, "air_time" : 3,
 		"sequence" : 45, "fails" : 1,
 		"retries" : 0, "sample_1" : 10.60,
 		"sample_2" : -6.99, "sample_3" : 4.58,
 		"sample_4" : 0, "node_id" : 7},

	"7:46" : {"timestamp" : 1346182393, "air_time" : 8,
 		"sequence" : 46, "fails" : 2,
 		"retries" : 0, "sample_1" : 11.35,
 		"sample_2" : -6.32, "sample_3" : 2.83,
 		"sample_4" : 0, "node_id" : 7},

	"7:47" : {"timestamp" : 1346182394, "air_time" : 6,
 		"sequence" : 47, "fails" : 2,
 		"retries" : 2, "sample_1" : 11.30,
 		"sample_2" : -5.02, "sample_3" : 2.11,
 		"sample_4" : 0, "node_id" : 7},

	"7:48" : {"timestamp" : 1346182395, "air_time" : 3,
 		"sequence" : 48, "fails" : 3,
 		"retries" : 2, "sample_1" : 9.86,
 		"sample_2" : -3.85, "sample_3" : 0.67,
 		"sample_4" : 0, "node_id" : 7},

	"7:49" : {"timestamp" : 1346182396, "air_time" : 1,
 		"sequence" : 49, "fails" : 1,
 		"retries" : 2, "sample_1" : 8.66,
 		"sample_2" : -1.63, "sample_3" : -2.24,
 		"sample_4" : 0, "node_id" : 7},

	"7:50" : {"timestamp" : 1346182397, "air_time" : 3,
 		"sequence" : 50, "fails" : 1,
 		"retries" : 0, "sample_1" : 7.13,
 		"sample_2" : -0.13, "sample_3" : -4.27,
 		"sample_4" : 0, "node_id" : 7},

	"7:51" : {"timestamp" : 1346182398, "air_time" : 3,
 		"sequence" : 51, "fails" : 0,
 		"retries" : 0, "sample_1" : 6.70,
 		"sample_2" : 0.72, "sample_3" : -4.47,
 		"sample_4" : 0, "node_id" : 7},

	"7:52" : {"timestamp" : 1346182399, "air_time" : 5,
 		"sequence" : 52, "fails" : 1,
 		"retries" : 2, "sample_1" : 3.62,
 		"sample_2" : 3.04, "sample_3" : -6.78,
 		"sample_4" : 0, "node_id" : 7},

	"7:53" : {"timestamp" : 1346182400, "air_time" : 0,
 		"sequence" : 53, "fails" : 2,
 		"retries" : 1, "sample_1" : 2.04,
 		"sample_2" : 4.10, "sample_3" : -8.28,
 		"sample_4" : 0, "node_id" : 7},

	"7:54" : {"timestamp" : 1346182401, "air_time" : 7,
 		"sequence" : 54, "fails" : 0,
 		"retries" : 1, "sample_1" : 0.80,
 		"sample_2" : 6.74, "sample_3" : -8.93,
 		"sample_4" : 0, "node_id" : 7},

	"7:55" : {"timestamp" : 1346182402, "air_time" : 0,
 		"sequence" : 55, "fails" : 0,
 		"retries" : 2, "sample_1" : 0.16,
 		"sample_2" : 7.91, "sample_3" : -8.40,
 		"sample_4" : 0, "node_id" : 7},

	"7:56" : {"timestamp" : 1346182403, "air_time" : 6,
 		"sequence" : 56, "fails" : 1,
 		"retries" : 2, "sample_1" : -2.32,
 		"sample_2" : 9.58, "sample_3" : -8.77,
 		"sample_4" : 0, "node_id" : 7},

	"7:57" : {"timestamp" : 1346182404, "air_time" : 8,
 		"sequence" : 57, "fails" : 3,
 		"retries" : 1, "sample_1" : -3.80,
 		"sample_2" : 9.71, "sample_3" : -9.25,
 		"sample_4" : 0, "node_id" : 7},

	"7:58" : {"timestamp" : 1346182405, "air_time" : 5,
 		"sequence" : 58, "fails" : 2,
 		"retries" : 0, "sample_1" : -4.73,
 		"sample_2" : 10.66, "sample_3" : -9.32,
 		"sample_4" : 0, "node_id" : 7},

	"7:59" : {"timestamp" : 1346182406, "air_time" : 4,
 		"sequence" : 59, "fails" : 1,
 		"retries" : 2, "sample_1" : -5.76,
 		"sample_2" : 11.32, "sample_3" : -8.59,
 		"sample_4" : 0, "node_id" : 7},

	"7:60" : {"timestamp" : 1346182407, "air_time" : 2,
 		"sequence" : 60, "fails" : 0,
 		"retries" : 1, "sample_1" : -6.86,
 		"sample_2" : 10.39, "sample_3" : -6.70,
 		"sample_4" : 0, "node_id" : 7},

	"7:61" : {"timestamp" : 1346182408, "air_time" : 7,
 		"sequence" : 61, "fails" : 3,
 		"retries" : 0, "sample_1" : -8.10,
 		"sample_2" : 11.15, "sample_3" : -6.76,
 		"sample_4" : 0, "node_id" : 7},

	"7:62" : {"timestamp" : 1346182409, "air_time" : 7,
 		"sequence" : 62, "fails" : 0,
 		"retries" : 2, "sample_1" : -7.95,
 		"sample_2" : 9.61, "sample_3" : -4.90,
 		"sample_4" : 0, "node_id" : 7},

	"7:63" : {"timestamp" : 1346182410, "air_time" : 3,
 		"sequence" : 63, "fails" : 3,
 		"retries" : 0, "sample_1" : -9.00,
 		"sample_2" : 9.09, "sample_3" : -3.98,
 		"sample_4" : 0, "node_id" : 7},

	"7:64" : {"timestamp" : 1346182411, "air_time" : 0,
 		"sequence" : 64, "fails" : 0,
 		"retries" : 1, "sample_1" : -8.65,
 		"sample_2" : 7.32, "sample_3" : -1.93,
 		"sample_4" : 0, "node_id" : 7},

	"7:65" : {"timestamp" : 1346182412, "air_time" : 3,
 		"sequence" : 65, "fails" : 3,
 		"retries" : 2, "sample_1" : -7.90,
 		"sample_2" : 7.22, "sample_3" : -0.11,
 		"sample_4" : 0, "node_id" : 7},

	"7:66" : {"timestamp" : 1346182413, "air_time" : 5,
 		"sequence" : 66, "fails" : 1,
 		"retries" : 1, "sample_1" : -7.46,
 		"sample_2" : 5.25, "sample_3" : 2.93,
 		"sample_4" : 0, "node_id" : 7},

	"7:67" : {"timestamp" : 1346182414, "air_time" : 3,
 		"sequence" : 67, "fails" : 2,
 		"retries" : 1, "sample_1" : -7.06,
 		"sample_2" : 4.53, "sample_3" : 3.94,
 		"sample_4" : 0, "node_id" : 7},

	"7:68" : {"timestamp" : 1346182415, "air_time" : 6,
 		"sequence" : 68, "fails" : 2,
 		"retries" : 0, "sample_1" : -5.23,
 		"sample_2" : 2.13, "sample_3" : 5.87,
 		"sample_4" : 0, "node_id" : 7},

	"7:69" : {"timestamp" : 1346182416, "air_time" : 7,
 		"sequence" : 69, "fails" : 0,
 		"retries" : 1, "sample_1" : -4.20,
 		"sample_2" : 0.68, "sample_3" : 6.07,
 		"sample_4" : 0, "node_id" : 7},

	"7:70" : {"timestamp" : 1346182417, "air_time" : 3,
 		"sequence" : 70, "fails" : 3,
 		"retries" : 0, "sample_1" : -2.72,
 		"sample_2" : -1.94, "sample_3" : 8.58,
 		"sample_4" : 0, "node_id" : 7},

	"7:71" : {"timestamp" : 1346182418, "air_time" : 6,
 		"sequence" : 71, "fails" : 1,
 		"retries" : 0, "sample_1" : -1.64,
 		"sample_2" : -2.70, "sample_3" : 9.28,
 		"sample_4" : 0, "node_id" : 7},

	"7:72" : {"timestamp" : 1346182419, "air_time" : 1,
 		"sequence" : 72, "fails" : 3,
 		"retries" : 0, "sample_1" : 1.50,
 		"sample_2" : -3.84, "sample_3" : 11.03,
 		"sample_4" : 0, "node_id" : 7},

	"7:73" : {"timestamp" : 1346182420, "air_time" : 8,
 		"sequence" : 73, "fails" : 3,
 		"retries" : 0, "sample_1" : 3.24,
 		"sample_2" : -6.71, "sample_3" : 9.80,
 		"sample_4" : 0, "node_id" : 7},

	"7:74" : {"timestamp" : 1346182421, "air_time" : 6,
 		"sequence" : 74, "fails" : 2,
 		"retries" : 1, "sample_1" : 3.92,
 		"sample_2" : -7.08, "sample_3" : 11.67,
 		"sample_4" : 0, "node_id" : 7},

	"7:75" : {"timestamp" : 1346182422, "air_time" : 6,
 		"sequence" : 75, "fails" : 1,
 		"retries" : 1, "sample_1" : 6.80,
 		"sample_2" : -8.51, "sample_3" : 10.15,
 		"sample_4" : 0, "node_id" : 7},

	"7:76" : {"timestamp" : 1346182423, "air_time" : 3,
 		"sequence" : 76, "fails" : 1,
 		"retries" : 2, "sample_1" : 7.23,
 		"sample_2" : -9.16, "sample_3" : 10.22,
 		"sample_4" : 0, "node_id" : 7},

	"7:77" : {"timestamp" : 1346182424, "air_time" : 9,
 		"sequence" : 77, "fails" : 3,
 		"retries" : 0, "sample_1" : 9.16,
 		"sample_2" : -8.82, "sample_3" : 10.39,
 		"sample_4" : 0, "node_id" : 7},

	"7:78" : {"timestamp" : 1346182425, "air_time" : 5,
 		"sequence" : 78, "fails" : 2,
 		"retries" : 0, "sample_1" : 9.96,
 		"sample_2" : -9.69, "sample_3" : 9.10,
 		"sample_4" : 0, "node_id" : 7},

	"7:79" : {"timestamp" : 1346182426, "air_time" : 1,
 		"sequence" : 79, "fails" : 3,
 		"retries" : 0, "sample_1" : 9.60,
 		"sample_2" : -8.15, "sample_3" : 8.76,
 		"sample_4" : 0, "node_id" : 7},

	"7:80" : {"timestamp" : 1346182427, "air_time" : 6,
 		"sequence" : 80, "fails" : 1,
 		"retries" : 1, "sample_1" : 10.05,
 		"sample_2" : -7.41, "sample_3" : 6.90,
 		"sample_4" : 0, "node_id" : 7},

	"7:81" : {"timestamp" : 1346182428, "air_time" : 5,
 		"sequence" : 81, "fails" : 3,
 		"retries" : 0, "sample_1" : 11.20,
 		"sample_2" : -7.69, "sample_3" : 5.48,
 		"sample_4" : 0, "node_id" : 7},

	"7:82" : {"timestamp" : 1346182429, "air_time" : 0,
 		"sequence" : 82, "fails" : 2,
 		"retries" : 1, "sample_1" : 9.85,
 		"sample_2" : -6.92, "sample_3" : 3.63,
 		"sample_4" : 0, "node_id" : 7},

	"7:83" : {"timestamp" : 1346182430, "air_time" : 8,
 		"sequence" : 83, "fails" : 1,
 		"retries" : 0, "sample_1" : 9.70,
 		"sample_2" : -6.02, "sample_3" : 1.71,
 		"sample_4" : 0, "node_id" : 7},

	"7:84" : {"timestamp" : 1346182431, "air_time" : 0,
 		"sequence" : 84, "fails" : 0,
 		"retries" : 2, "sample_1" : 10.06,
 		"sample_2" : -2.65, "sample_3" : 0.37,
 		"sample_4" : 0, "node_id" : 7},

	"7:85" : {"timestamp" : 1346182432, "air_time" : 1,
 		"sequence" : 85, "fails" : 0,
 		"retries" : 1, "sample_1" : 9.26,
 		"sample_2" : -2.23, "sample_3" : -2.54,
 		"sample_4" : 0, "node_id" : 7},

	"7:86" : {"timestamp" : 1346182433, "air_time" : 5,
 		"sequence" : 86, "fails" : 1,
 		"retries" : 2, "sample_1" : 6.43,
 		"sample_2" : 0.47, "sample_3" : -3.37,
 		"sample_4" : 0, "node_id" : 7},

	"7:87" : {"timestamp" : 1346182434, "air_time" : 1,
 		"sequence" : 87, "fails" : 0,
 		"retries" : 0, "sample_1" : 5.70,
 		"sample_2" : 1.82, "sample_3" : -4.97,
 		"sample_4" : 0, "node_id" : 7},

	"7:88" : {"timestamp" : 1346182435, "air_time" : 6,
 		"sequence" : 88, "fails" : 2,
 		"retries" : 1, "sample_1" : 4.92,
 		"sample_2" : 3.44, "sample_3" : -6.28,
 		"sample_4" : 0, "node_id" : 7},

	"7:89" : {"timestamp" : 1346182436, "air_time" : 2,
 		"sequence" : 89, "fails" : 2,
 		"retries" : 2, "sample_1" : 1.74,
 		"sample_2" : 5.30, "sample_3" : -7.48,
 		"sample_4" : 0, "node_id" : 7},

	"7:90" : {"timestamp" : 1346182437, "air_time" : 3,
 		"sequence" : 90, "fails" : 2,
 		"retries" : 1, "sample_1" : 0.60,
 		"sample_2" : 6.14, "sample_3" : -8.73,
 		"sample_4" : 0, "node_id" : 7},

	"7:91" : {"timestamp" : 1346182438, "air_time" : 7,
 		"sequence" : 91, "fails" : 3,
 		"retries" : 1, "sample_1" : -1.04,
 		"sample_2" : 6.91, "sample_3" : -8.20,
 		"sample_4" : 0, "node_id" : 7},

	"7:92" : {"timestamp" : 1346182439, "air_time" : 5,
 		"sequence" : 92, "fails" : 1,
 		"retries" : 1, "sample_1" : -2.02,
 		"sample_2" : 8.48, "sample_3" : -9.47,
 		"sample_4" : 0, "node_id" : 7},

	"7:93" : {"timestamp" : 1346182440, "air_time" : 1,
 		"sequence" : 93, "fails" : 0,
 		"retries" : 1, "sample_1" : -3.80,
 		"sample_2" : 10.61, "sample_3" : -9.65,
 		"sample_4" : 0, "node_id" : 7},

	"7:94" : {"timestamp" : 1346182441, "air_time" : 5,
 		"sequence" : 94, "fails" : 3,
 		"retries" : 0, "sample_1" : -5.63,
 		"sample_2" : 10.56, "sample_3" : -9.42,
 		"sample_4" : 0, "node_id" : 7},

	"7:95" : {"timestamp" : 1346182442, "air_time" : 5,
 		"sequence" : 95, "fails" : 1,
 		"retries" : 1, "sample_1" : -7.36,
 		"sample_2" : 10.42, "sample_3" : -7.29,
 		"sample_4" : 0, "node_id" : 7},

	"7:96" : {"timestamp" : 1346182443, "air_time" : 9,
 		"sequence" : 96, "fails" : 2,
 		"retries" : 1, "sample_1" : -8.66,
 		"sample_2" : 10.59, "sample_3" : -7.60,
 		"sample_4" : 0, "node_id" : 7},

	"7:97" : {"timestamp" : 1346182444, "air_time" : 3,
 		"sequence" : 97, "fails" : 0,
 		"retries" : 0, "sample_1" : -7.80,
 		"sample_2" : 9.85, "sample_3" : -5.56,
 		"sample_4" : 0, "node_id" : 7},

	"7:98" : {"timestamp" : 1346182445, "air_time" : 7,
 		"sequence" : 98, "fails" : 0,
 		"retries" : 2, "sample_1" : -9.05,
 		"sample_2" : 9.51, "sample_3" : -4.40,
 		"sample_4" : 0, "node_id" : 7},

	"7:99" : {"timestamp" : 1346182446, "air_time" : 1,
 		"sequence" : 99, "fails" : 3,
 		"retries" : 1, "sample_1" : -8.70,
 		"sample_2" : 9.29, "sample_3" : -3.28,
 		"sample_4" : 0, "node_id" : 7},

	"7:100" : {"timestamp" : 1346182447, "air_time" : 1,
 		"sequence" : 100, "fails" : 1,
 		"retries" : 2, "sample_1" : -8.75,
 		"sample_2" : 7.42, "sample_3" : -1.53,
 		"sample_4" : 0, "node_id" : 7},

	"7:101" : {"timestamp" : 1346182448, "air_time" : 3,
 		"sequence" : 101, "fails" : 3,
 		"retries" : 2, "sample_1" : -8.30,
 		"sample_2" : 6.02, "sample_3" : -0.51,
 		"sample_4" : 0, "node_id" : 7},

	"7:102" : {"timestamp" : 1346182449, "air_time" : 9,
 		"sequence" : 102, "fails" : 1,
 		"retries" : 0, "sample_1" : -8.16,
 		"sample_2" : 6.15, "sample_3" : 2.93,
 		"sample_4" : 0, "node_id" : 7},

	"7:103" : {"timestamp" : 1346182450, "air_time" : 1,
 		"sequence" : 103, "fails" : 1,
 		"retries" : 2, "sample_1" : -6.96,
 		"sample_2" : 3.63, "sample_3" : 2.74,
 		"sample_4" : 0, "node_id" : 7},

	"7:104" : {"timestamp" : 1346182451, "air_time" : 7,
 		"sequence" : 104, "fails" : 1,
 		"retries" : 1, "sample_1" : -5.23,
 		"sample_2" : 2.63, "sample_3" : 5.07,
 		"sample_4" : 0, "node_id" : 7},

	"7:105" : {"timestamp" : 1346182452, "air_time" : 5,
 		"sequence" : 105, "fails" : 1,
 		"retries" : 2, "sample_1" : -4.10,
 		"sample_2" : 0.18, "sample_3" : 7.57,
 		"sample_4" : 0, "node_id" : 7},

	"7:106" : {"timestamp" : 1346182453, "air_time" : 0,
 		"sequence" : 106, "fails" : 2,
 		"retries" : 0, "sample_1" : -2.52,
 		"sample_2" : -2.04, "sample_3" : 7.98,
 		"sample_4" : 0, "node_id" : 7},

	"7:107" : {"timestamp" : 1346182454, "air_time" : 9,
 		"sequence" : 107, "fails" : 1,
 		"retries" : 0, "sample_1" : -0.34,
 		"sample_2" : -3.90, "sample_3" : 9.08,
 		"sample_4" : 0, "node_id" : 7},

	"7:108" : {"timestamp" : 1346182455, "air_time" : 8,
 		"sequence" : 108, "fails" : 0,
 		"retries" : 2, "sample_1" : 0.90,
 		"sample_2" : -3.64, "sample_3" : 9.83,
 		"sample_4" : 0, "node_id" : 7},

	"7:109" : {"timestamp" : 1346182456, "air_time" : 7,
 		"sequence" : 109, "fails" : 0,
 		"retries" : 1, "sample_1" : 3.54,
 		"sample_2" : -6.61, "sample_3" : 10.30,
 		"sample_4" : 0, "node_id" : 7},

	"7:110" : {"timestamp" : 1346182457, "air_time" : 4,
 		"sequence" : 110, "fails" : 3,
 		"retries" : 2, "sample_1" : 3.62,
 		"sample_2" : -6.78, "sample_3" : 10.17,
 		"sample_4" : 0, "node_id" : 7},

	"7:111" : {"timestamp" : 1346182458, "air_time" : 6,
 		"sequence" : 111, "fails" : 2,
 		"retries" : 0, "sample_1" : 5.30,
 		"sample_2" : -7.71, "sample_3" : 11.45,
 		"sample_4" : 0, "node_id" : 7},

	"7:112" : {"timestamp" : 1346182459, "air_time" : 8,
 		"sequence" : 112, "fails" : 2,
 		"retries" : 0, "sample_1" : 7.63,
 		"sample_2" : -9.26, "sample_3" : 10.32,
 		"sample_4" : 0, "node_id" : 7},

	"7:113" : {"timestamp" : 1346182460, "air_time" : 3,
 		"sequence" : 113, "fails" : 2,
 		"retries" : 0, "sample_1" : 9.26,
 		"sample_2" : -9.32, "sample_3" : 10.59,
 		"sample_4" : 0, "node_id" : 7},

	"7:114" : {"timestamp" : 1346182461, "air_time" : 7,
 		"sequence" : 114, "fails" : 3,
 		"retries" : 2, "sample_1" : 9.96,
 		"sample_2" : -8.39, "sample_3" : 9.80,
 		"sample_4" : 0, "node_id" : 7},

	"7:115" : {"timestamp" : 1346182462, "air_time" : 0,
 		"sequence" : 115, "fails" : 3,
 		"retries" : 1, "sample_1" : 10.90,
 		"sample_2" : -9.25, "sample_3" : 7.16,
 		"sample_4" : 0, "node_id" : 7},

	"7:116" : {"timestamp" : 1346182463, "air_time" : 4,
 		"sequence" : 116, "fails" : 1,
 		"retries" : 1, "sample_1" : 11.35,
 		"sample_2" : -8.81, "sample_3" : 7.20,
 		"sample_4" : 0, "node_id" : 7},

	"7:117" : {"timestamp" : 1346182464, "air_time" : 6,
 		"sequence" : 117, "fails" : 3,
 		"retries" : 2, "sample_1" : 11.20,
 		"sample_2" : -6.59, "sample_3" : 4.78,
 		"sample_4" : 0, "node_id" : 7},

	"7:118" : {"timestamp" : 1346182465, "air_time" : 9,
 		"sequence" : 118, "fails" : 3,
 		"retries" : 1, "sample_1" : 11.45,
 		"sample_2" : -6.22, "sample_3" : 3.53,
 		"sample_4" : 0, "node_id" : 7},

	"7:119" : {"timestamp" : 1346182466, "air_time" : 8,
 		"sequence" : 119, "fails" : 0,
 		"retries" : 2, "sample_1" : 9.50,
 		"sample_2" : -5.22, "sample_3" : 2.21,
 		"sample_4" : 0, "node_id" : 7},

	"7:120" : {"timestamp" : 1346182467, "air_time" : 3,
 		"sequence" : 120, "fails" : 0,
 		"retries" : 1, "sample_1" : 9.66,
 		"sample_2" : -2.85, "sample_3" : -0.73,
 		"sample_4" : 0, "node_id" : 7},

	"7:121" : {"timestamp" : 1346182468, "air_time" : 8,
 		"sequence" : 121, "fails" : 2,
 		"retries" : 2, "sample_1" : 9.16,
 		"sample_2" : -2.43, "sample_3" : -1.14,
 		"sample_4" : 0, "node_id" : 7},

	"7:122" : {"timestamp" : 1346182469, "air_time" : 4,
 		"sequence" : 122, "fails" : 0,
 		"retries" : 2, "sample_1" : 6.93,
 		"sample_2" : -1.23, "sample_3" : -3.67,
 		"sample_4" : 0, "node_id" : 7},

	"7:123" : {"timestamp" : 1346182470, "air_time" : 8,
 		"sequence" : 123, "fails" : 3,
 		"retries" : 2, "sample_1" : 5.40,
 		"sample_2" : 2.42, "sample_3" : -4.77,
 		"sample_4" : 0, "node_id" : 7},

	"7:124" : {"timestamp" : 1346182471, "air_time" : 1,
 		"sequence" : 124, "fails" : 1,
 		"retries" : 1, "sample_1" : 4.62,
 		"sample_2" : 4.14, "sample_3" : -6.68,
 		"sample_4" : 0, "node_id" : 7},

	"7:125" : {"timestamp" : 1346182472, "air_time" : 0,
 		"sequence" : 125, "fails" : 0,
 		"retries" : 0, "sample_1" : 3.24,
 		"sample_2" : 4.80, "sample_3" : -6.68,
 		"sample_4" : 0, "node_id" : 7},

	"7:126" : {"timestamp" : 1346182473, "air_time" : 4,
 		"sequence" : 126, "fails" : 0,
 		"retries" : 1, "sample_1" : 1.60,
 		"sample_2" : 6.74, "sample_3" : -8.03,
 		"sample_4" : 0, "node_id" : 7},

	"7:127" : {"timestamp" : 1346182474, "air_time" : 9,
 		"sequence" : 127, "fails" : 3,
 		"retries" : 0, "sample_1" : -1.44,
 		"sample_2" : 7.01, "sample_3" : -9.20,
 		"sample_4" : 0, "node_id" : 7},

	"7:128" : {"timestamp" : 1346182475, "air_time" : 3,
 		"sequence" : 128, "fails" : 3,
 		"retries" : 0, "sample_1" : -3.12,
 		"sample_2" : 9.58, "sample_3" : -9.07,
 		"sample_4" : 0, "node_id" : 7},

	"7:129" : {"timestamp" : 1346182476, "air_time" : 8,
 		"sequence" : 129, "fails" : 2,
 		"retries" : 0, "sample_1" : -4.80,
 		"sample_2" : 9.41, "sample_3" : -8.05,
 		"sample_4" : 0, "node_id" : 7},

	"7:130" : {"timestamp" : 1346182477, "air_time" : 0,
 		"sequence" : 130, "fails" : 1,
 		"retries" : 0, "sample_1" : -4.73,
 		"sample_2" : 11.36, "sample_3" : -8.92,
 		"sample_4" : 0, "node_id" : 7},

	"7:131" : {"timestamp" : 1346182478, "air_time" : 4,
 		"sequence" : 131, "fails" : 2,
 		"retries" : 0, "sample_1" : -7.06,
 		"sample_2" : 10.42, "sample_3" : -8.39,
 		"sample_4" : 0, "node_id" : 7},

	"7:132" : {"timestamp" : 1346182479, "air_time" : 3,
 		"sequence" : 132, "fails" : 0,
 		"retries" : 0, "sample_1" : -8.26,
 		"sample_2" : 10.29, "sample_3" : -6.60,
 		"sample_4" : 0, "node_id" : 7},

	"7:133" : {"timestamp" : 1346182480, "air_time" : 9,
 		"sequence" : 133, "fails" : 3,
 		"retries" : 1, "sample_1" : -8.90,
 		"sample_2" : 10.15, "sample_3" : -5.56,
 		"sample_4" : 0, "node_id" : 7},

	"7:134" : {"timestamp" : 1346182481, "air_time" : 8,
 		"sequence" : 134, "fails" : 3,
 		"retries" : 2, "sample_1" : -8.05,
 		"sample_2" : 10.61, "sample_3" : -3.70,
 		"sample_4" : 0, "node_id" : 7},

	"7:135" : {"timestamp" : 1346182482, "air_time" : 2,
 		"sequence" : 135, "fails" : 2,
 		"retries" : 1, "sample_1" : -9.80,
 		"sample_2" : 8.49, "sample_3" : -2.68,
 		"sample_4" : 0, "node_id" : 7},

	"7:136" : {"timestamp" : 1346182483, "air_time" : 2,
 		"sequence" : 136, "fails" : 1,
 		"retries" : 1, "sample_1" : -9.45,
 		"sample_2" : 8.02, "sample_3" : -0.93,
 		"sample_4" : 0, "node_id" : 7},

	"7:137" : {"timestamp" : 1346182484, "air_time" : 0,
 		"sequence" : 137, "fails" : 1,
 		"retries" : 0, "sample_1" : -8.50,
 		"sample_2" : 7.22, "sample_3" : 0.39,
 		"sample_4" : 0, "node_id" : 7},

	"7:138" : {"timestamp" : 1346182485, "air_time" : 4,
 		"sequence" : 138, "fails" : 0,
 		"retries" : 1, "sample_1" : -7.36,
 		"sample_2" : 6.05, "sample_3" : 1.93,
 		"sample_4" : 0, "node_id" : 7},

	"7:139" : {"timestamp" : 1346182486, "air_time" : 5,
 		"sequence" : 139, "fails" : 3,
 		"retries" : 0, "sample_1" : -7.06,
 		"sample_2" : 2.93, "sample_3" : 3.14,
 		"sample_4" : 0, "node_id" : 7},

	"7:140" : {"timestamp" : 1346182487, "air_time" : 3,
 		"sequence" : 140, "fails" : 0,
 		"retries" : 0, "sample_1" : -5.23,
 		"sample_2" : 2.23, "sample_3" : 4.67,
 		"sample_4" : 0, "node_id" : 7},

	"7:141" : {"timestamp" : 1346182488, "air_time" : 0,
 		"sequence" : 141, "fails" : 0,
 		"retries" : 0, "sample_1" : -5.00,
 		"sample_2" : 0.48, "sample_3" : 6.37,
 		"sample_4" : 0, "node_id" : 7},

	"7:142" : {"timestamp" : 1346182489, "air_time" : 5,
 		"sequence" : 142, "fails" : 0,
 		"retries" : 2, "sample_1" : -1.62,
 		"sample_2" : -0.94, "sample_3" : 8.88,
 		"sample_4" : 0, "node_id" : 7},

	"7:143" : {"timestamp" : 1346182490, "air_time" : 0,
 		"sequence" : 143, "fails" : 0,
 		"retries" : 2, "sample_1" : -0.94,
 		"sample_2" : -3.30, "sample_3" : 8.68,
 		"sample_4" : 0, "node_id" : 7},

	"7:144" : {"timestamp" : 1346182491, "air_time" : 1,
 		"sequence" : 144, "fails" : 0,
 		"retries" : 0, "sample_1" : 1.50,
 		"sample_2" : -5.14, "sample_3" : 10.43,
 		"sample_4" : 0, "node_id" : 7},

	"7:145" : {"timestamp" : 1346182492, "air_time" : 9,
 		"sequence" : 145, "fails" : 2,
 		"retries" : 0, "sample_1" : 3.44,
 		"sample_2" : -6.31, "sample_3" : 9.80,
 		"sample_4" : 0, "node_id" : 7},

	"7:146" : {"timestamp" : 1346182493, "air_time" : 7,
 		"sequence" : 146, "fails" : 2,
 		"retries" : 0, "sample_1" : 4.02,
 		"sample_2" : -7.28, "sample_3" : 10.57,
 		"sample_4" : 0, "node_id" : 7},

	"7:147" : {"timestamp" : 1346182494, "air_time" : 1,
 		"sequence" : 147, "fails" : 1,
 		"retries" : 0, "sample_1" : 5.60,
 		"sample_2" : -7.31, "sample_3" : 10.55,
 		"sample_4" : 0, "node_id" : 7},

	"7:148" : {"timestamp" : 1346182495, "air_time" : 6,
 		"sequence" : 148, "fails" : 3,
 		"retries" : 0, "sample_1" : 6.93,
 		"sample_2" : -8.76, "sample_3" : 10.02,
 		"sample_4" : 0, "node_id" : 7},

	"7:149" : {"timestamp" : 1346182496, "air_time" : 3,
 		"sequence" : 149, "fails" : 0,
 		"retries" : 1, "sample_1" : 7.96,
 		"sample_2" : -8.22, "sample_3" : 10.39,
 		"sample_4" : 0, "node_id" : 7},

	"7:150" : {"timestamp" : 1346182497, "air_time" : 0,
 		"sequence" : 150, "fails" : 0,
 		"retries" : 2, "sample_1" : 8.96,
 		"sample_2" : -8.79, "sample_3" : 10.00,
 		"sample_4" : 0, "node_id" : 7},

	"7:151" : {"timestamp" : 1346182498, "air_time" : 3,
 		"sequence" : 151, "fails" : 0,
 		"retries" : 0, "sample_1" : 9.70,
 		"sample_2" : -9.35, "sample_3" : 7.86,
 		"sample_4" : 0, "node_id" : 7},

	"7:152" : {"timestamp" : 1346182499, "air_time" : 9,
 		"sequence" : 152, "fails" : 2,
 		"retries" : 0, "sample_1" : 11.55,
 		"sample_2" : -8.11, "sample_3" : 5.70,
 		"sample_4" : 0, "node_id" : 7},

	"7:153" : {"timestamp" : 1346182500, "air_time" : 7,
 		"sequence" : 153, "fails" : 1,
 		"retries" : 2, "sample_1" : 11.20,
 		"sample_2" : -6.69, "sample_3" : 5.28,
 		"sample_4" : 0, "node_id" : 7},

	"7:154" : {"timestamp" : 1346182501, "air_time" : 1,
 		"sequence" : 154, "fails" : 0,
 		"retries" : 1, "sample_1" : 10.85,
 		"sample_2" : -5.92, "sample_3" : 3.93,
 		"sample_4" : 0, "node_id" : 7},

	"7:155" : {"timestamp" : 1346182502, "air_time" : 2,
 		"sequence" : 155, "fails" : 2,
 		"retries" : 0, "sample_1" : 10.80,
 		"sample_2" : -4.62, "sample_3" : 1.21,
 		"sample_4" : 0, "node_id" : 7},

	"7:156" : {"timestamp" : 1346182503, "air_time" : 8,
 		"sequence" : 156, "fails" : 3,
 		"retries" : 2, "sample_1" : 9.16,
 		"sample_2" : -3.55, "sample_3" : 0.37,
 		"sample_4" : 0, "node_id" : 7},

	"7:157" : {"timestamp" : 1346182504, "air_time" : 3,
 		"sequence" : 157, "fails" : 2,
 		"retries" : 2, "sample_1" : 9.46,
 		"sample_2" : -1.43, "sample_3" : -2.14,
 		"sample_4" : 0, "node_id" : 7},

	"7:158" : {"timestamp" : 1346182505, "air_time" : 1,
 		"sequence" : 158, "fails" : 1,
 		"retries" : 0, "sample_1" : 6.93,
 		"sample_2" : -1.23, "sample_3" : -2.67,
 		"sample_4" : 0, "node_id" : 7},

	"7:159" : {"timestamp" : 1346182506, "air_time" : 9,
 		"sequence" : 159, "fails" : 0,
 		"retries" : 1, "sample_1" : 6.00,
 		"sample_2" : 2.12, "sample_3" : -4.47,
 		"sample_4" : 0, "node_id" : 7},

	"7:160" : {"timestamp" : 1346182507, "air_time" : 6,
 		"sequence" : 160, "fails" : 2,
 		"retries" : 2, "sample_1" : 5.32,
 		"sample_2" : 3.64, "sample_3" : -6.18,
 		"sample_4" : 0, "node_id" : 7},

	"7:161" : {"timestamp" : 1346182508, "air_time" : 2,
 		"sequence" : 161, "fails" : 3,
 		"retries" : 1, "sample_1" : 2.64,
 		"sample_2" : 4.40, "sample_3" : -7.28,
 		"sample_4" : 0, "node_id" : 7},

	"7:162" : {"timestamp" : 1346182509, "air_time" : 7,
 		"sequence" : 162, "fails" : 2,
 		"retries" : 1, "sample_1" : 0.10,
 		"sample_2" : 6.24, "sample_3" : -7.53,
 		"sample_4" : 0, "node_id" : 7},

	"7:163" : {"timestamp" : 1346182510, "air_time" : 4,
 		"sequence" : 163, "fails" : 3,
 		"retries" : 2, "sample_1" : -0.64,
 		"sample_2" : 7.21, "sample_3" : -9.20,
 		"sample_4" : 0, "node_id" : 7},

	"7:164" : {"timestamp" : 1346182511, "air_time" : 0,
 		"sequence" : 164, "fails" : 1,
 		"retries" : 0, "sample_1" : -2.32,
 		"sample_2" : 9.08, "sample_3" : -8.57,
 		"sample_4" : 0, "node_id" : 7},

	"7:165" : {"timestamp" : 1346182512, "air_time" : 7,
 		"sequence" : 165, "fails" : 1,
 		"retries" : 1, "sample_1" : -4.30,
 		"sample_2" : 10.71, "sample_3" : -9.75,
 		"sample_4" : 0, "node_id" : 7},

	"7:166" : {"timestamp" : 1346182513, "air_time" : 0,
 		"sequence" : 166, "fails" : 3,
 		"retries" : 0, "sample_1" : -6.23,
 		"sample_2" : 11.46, "sample_3" : -7.92,
 		"sample_4" : 0, "node_id" : 7},

	"7:167" : {"timestamp" : 1346182514, "air_time" : 2,
 		"sequence" : 167, "fails" : 1,
 		"retries" : 2, "sample_1" : -5.76,
 		"sample_2" : 10.82, "sample_3" : -8.39,
 		"sample_4" : 0, "node_id" : 7},

	"7:168" : {"timestamp" : 1346182515, "air_time" : 0,
 		"sequence" : 168, "fails" : 0,
 		"retries" : 0, "sample_1" : -6.86,
 		"sample_2" : 10.59, "sample_3" : -7.60,
 		"sample_4" : 0, "node_id" : 7},

	"7:169" : {"timestamp" : 1346182516, "air_time" : 5,
 		"sequence" : 169, "fails" : 0,
 		"retries" : 2, "sample_1" : -8.00,
 		"sample_2" : 10.45, "sample_3" : -6.76,
 		"sample_4" : 0, "node_id" : 7},

	"7:170" : {"timestamp" : 1346182517, "air_time" : 9,
 		"sequence" : 170, "fails" : 0,
 		"retries" : 1, "sample_1" : -8.15,
 		"sample_2" : 9.91, "sample_3" : -5.30,
 		"sample_4" : 0, "node_id" : 7},

	"7:171" : {"timestamp" : 1346182518, "air_time" : 1,
 		"sequence" : 171, "fails" : 3,
 		"retries" : 1, "sample_1" : -8.20,
 		"sample_2" : 10.19, "sample_3" : -3.58,
 		"sample_4" : 0, "node_id" : 7},

	"7:172" : {"timestamp" : 1346182519, "air_time" : 5,
 		"sequence" : 172, "fails" : 3,
 		"retries" : 0, "sample_1" : -8.85,
 		"sample_2" : 9.02, "sample_3" : -1.83,
 		"sample_4" : 0, "node_id" : 7},

	"7:173" : {"timestamp" : 1346182520, "air_time" : 2,
 		"sequence" : 173, "fails" : 2,
 		"retries" : 0, "sample_1" : -8.10,
 		"sample_2" : 7.22, "sample_3" : 0.69,
 		"sample_4" : 0, "node_id" : 7},

	"7:174" : {"timestamp" : 1346182521, "air_time" : 6,
 		"sequence" : 174, "fails" : 1,
 		"retries" : 2, "sample_1" : -7.76,
 		"sample_2" : 5.45, "sample_3" : 2.03,
 		"sample_4" : 0, "node_id" : 7},

	"7:175" : {"timestamp" : 1346182522, "air_time" : 5,
 		"sequence" : 175, "fails" : 3,
 		"retries" : 0, "sample_1" : -7.16,
 		"sample_2" : 4.43, "sample_3" : 3.54,
 		"sample_4" : 0, "node_id" : 7},

	"7:176" : {"timestamp" : 1346182523, "air_time" : 3,
 		"sequence" : 176, "fails" : 1,
 		"retries" : 1, "sample_1" : -5.73,
 		"sample_2" : 2.13, "sample_3" : 5.47,
 		"sample_4" : 0, "node_id" : 7},

	"7:177" : {"timestamp" : 1346182524, "air_time" : 6,
 		"sequence" : 177, "fails" : 0,
 		"retries" : 2, "sample_1" : -4.20,
 		"sample_2" : 0.98, "sample_3" : 7.27,
 		"sample_4" : 0, "node_id" : 7},

	"7:178" : {"timestamp" : 1346182525, "air_time" : 4,
 		"sequence" : 178, "fails" : 3,
 		"retries" : 0, "sample_1" : -3.42,
 		"sample_2" : -0.54, "sample_3" : 8.98,
 		"sample_4" : 0, "node_id" : 7},

	"7:179" : {"timestamp" : 1346182526, "air_time" : 2,
 		"sequence" : 179, "fails" : 1,
 		"retries" : 0, "sample_1" : 0.16,
 		"sample_2" : -3.50, "sample_3" : 9.58,
 		"sample_4" : 0, "node_id" : 7},

	"7:180" : {"timestamp" : 1346182527, "air_time" : 5,
 		"sequence" : 180, "fails" : 1,
 		"retries" : 1, "sample_1" : 1.40,
 		"sample_2" : -5.24, "sample_3" : 9.83,
 		"sample_4" : 0, "node_id" : 7},

	"7:181" : {"timestamp" : 1346182528, "air_time" : 4,
 		"sequence" : 181, "fails" : 1,
 		"retries" : 2, "sample_1" : 2.74,
 		"sample_2" : -6.41, "sample_3" : 11.30,
 		"sample_4" : 0, "node_id" : 7},

	"7:182" : {"timestamp" : 1346182529, "air_time" : 5,
 		"sequence" : 182, "fails" : 2,
 		"retries" : 2, "sample_1" : 4.02,
 		"sample_2" : -6.38, "sample_3" : 11.27,
 		"sample_4" : 0, "node_id" : 7},

	"7:183" : {"timestamp" : 1346182530, "air_time" : 5,
 		"sequence" : 183, "fails" : 2,
 		"retries" : 1, "sample_1" : 5.30,
 		"sample_2" : -8.41, "sample_3" : 10.65,
 		"sample_4" : 0, "node_id" : 7},

	"7:184" : {"timestamp" : 1346182531, "air_time" : 3,
 		"sequence" : 184, "fails" : 1,
 		"retries" : 0, "sample_1" : 7.43,
 		"sample_2" : -7.76, "sample_3" : 10.22,
 		"sample_4" : 0, "node_id" : 7},

	"7:185" : {"timestamp" : 1346182532, "air_time" : 0,
 		"sequence" : 185, "fails" : 1,
 		"retries" : 1, "sample_1" : 9.26,
 		"sample_2" : -8.62, "sample_3" : 9.59,
 		"sample_4" : 0, "node_id" : 7},

	"7:186" : {"timestamp" : 1346182533, "air_time" : 0,
 		"sequence" : 186, "fails" : 2,
 		"retries" : 2, "sample_1" : 8.86,
 		"sample_2" : -8.79, "sample_3" : 8.10,
 		"sample_4" : 0, "node_id" : 7},

	"7:187" : {"timestamp" : 1346182534, "air_time" : 4,
 		"sequence" : 187, "fails" : 2,
 		"retries" : 2, "sample_1" : 9.70,
 		"sample_2" : -8.25, "sample_3" : 7.26,
 		"sample_4" : 0, "node_id" : 7},

	"7:188" : {"timestamp" : 1346182535, "air_time" : 1,
 		"sequence" : 188, "fails" : 3,
 		"retries" : 1, "sample_1" : 10.85,
 		"sample_2" : -8.01, "sample_3" : 5.90,
 		"sample_4" : 0, "node_id" : 7},

	"7:189" : {"timestamp" : 1346182536, "air_time" : 7,
 		"sequence" : 189, "fails" : 3,
 		"retries" : 2, "sample_1" : 11.80,
 		"sample_2" : -6.49, "sample_3" : 5.98,
 		"sample_4" : 0, "node_id" : 7},

	"7:190" : {"timestamp" : 1346182537, "air_time" : 2,
 		"sequence" : 190, "fails" : 0,
 		"retries" : 0, "sample_1" : 9.85,
 		"sample_2" : -6.22, "sample_3" : 2.63,
 		"sample_4" : 0, "node_id" : 7},

	"7:191" : {"timestamp" : 1346182538, "air_time" : 5,
 		"sequence" : 191, "fails" : 2,
 		"retries" : 1, "sample_1" : 10.20,
 		"sample_2" : -6.02, "sample_3" : 0.81,
 		"sample_4" : 0, "node_id" : 7},

	"7:192" : {"timestamp" : 1346182539, "air_time" : 7,
 		"sequence" : 192, "fails" : 3,
 		"retries" : 1, "sample_1" : 9.96,
 		"sample_2" : -3.75, "sample_3" : -0.33,
 		"sample_4" : 0, "node_id" : 7},

	"7:193" : {"timestamp" : 1346182540, "air_time" : 2,
 		"sequence" : 193, "fails" : 1,
 		"retries" : 0, "sample_1" : 9.36,
 		"sample_2" : -2.43, "sample_3" : -2.14,
 		"sample_4" : 0, "node_id" : 7},

	"7:194" : {"timestamp" : 1346182541, "air_time" : 0,
 		"sequence" : 194, "fails" : 3,
 		"retries" : 0, "sample_1" : 7.23,
 		"sample_2" : 0.27, "sample_3" : -2.57,
 		"sample_4" : 0, "node_id" : 7},

	"7:195" : {"timestamp" : 1346182542, "air_time" : 9,
 		"sequence" : 195, "fails" : 0,
 		"retries" : 2, "sample_1" : 5.60,
 		"sample_2" : 2.02, "sample_3" : -5.67,
 		"sample_4" : 0, "node_id" : 7},

	"7:196" : {"timestamp" : 1346182543, "air_time" : 0,
 		"sequence" : 196, "fails" : 2,
 		"retries" : 0, "sample_1" : 4.52,
 		"sample_2" : 3.54, "sample_3" : -6.68,
 		"sample_4" : 0, "node_id" : 7},

	"7:197" : {"timestamp" : 1346182544, "air_time" : 5,
 		"sequence" : 197, "fails" : 1,
 		"retries" : 0, "sample_1" : 2.14,
 		"sample_2" : 4.50, "sample_3" : -6.48,
 		"sample_4" : 0, "node_id" : 7},

	"7:198" : {"timestamp" : 1346182545, "air_time" : 5,
 		"sequence" : 198, "fails" : 0,
 		"retries" : 0, "sample_1" : 1.80,
 		"sample_2" : 6.24, "sample_3" : -8.73,
 		"sample_4" : 0, "node_id" : 7},

	"7:199" : {"timestamp" : 1346182546, "air_time" : 4,
 		"sequence" : 199, "fails" : 1,
 		"retries" : 2, "sample_1" : -0.64,
 		"sample_2" : 8.61, "sample_3" : -7.80,
 		"sample_4" : 0, "node_id" : 7},

	"7:200" : {"timestamp" : 1346182547, "air_time" : 3,
 		"sequence" : 200, "fails" : 2,
 		"retries" : 2, "sample_1" : -2.22,
 		"sample_2" : 8.68, "sample_3" : -8.97,
 		"sample_4" : 0, "node_id" : 7},

	"7:201" : {"timestamp" : 1346182548, "air_time" : 5,
 		"sequence" : 201, "fails" : 1,
 		"retries" : 1, "sample_1" : -3.40,
 		"sample_2" : 10.31, "sample_3" : -9.25,
 		"sample_4" : 0, "node_id" : 7},

	"7:202" : {"timestamp" : 1346182549, "air_time" : 0,
 		"sequence" : 202, "fails" : 2,
 		"retries" : 2, "sample_1" : -4.53,
 		"sample_2" : 10.06, "sample_3" : -8.22,
 		"sample_4" : 0, "node_id" : 7},

	"7:203" : {"timestamp" : 1346182550, "air_time" : 0,
 		"sequence" : 203, "fails" : 2,
 		"retries" : 2, "sample_1" : -6.16,
 		"sample_2" : 11.22, "sample_3" : -8.09,
 		"sample_4" : 0, "node_id" : 7},

	"7:204" : {"timestamp" : 1346182551, "air_time" : 7,
 		"sequence" : 204, "fails" : 3,
 		"retries" : 0, "sample_1" : -8.36,
 		"sample_2" : 11.79, "sample_3" : -8.10,
 		"sample_4" : 0, "node_id" : 7},

	"7:205" : {"timestamp" : 1346182552, "air_time" : 7,
 		"sequence" : 205, "fails" : 2,
 		"retries" : 2, "sample_1" : -8.40,
 		"sample_2" : 10.45, "sample_3" : -5.96,
 		"sample_4" : 0, "node_id" : 7},

	"7:206" : {"timestamp" : 1346182553, "air_time" : 0,
 		"sequence" : 206, "fails" : 0,
 		"retries" : 2, "sample_1" : -9.15,
 		"sample_2" : 9.91, "sample_3" : -5.50,
 		"sample_4" : 0, "node_id" : 7},

	"7:207" : {"timestamp" : 1346182554, "air_time" : 0,
 		"sequence" : 207, "fails" : 3,
 		"retries" : 0, "sample_1" : -8.70,
 		"sample_2" : 8.79, "sample_3" : -3.28,
 		"sample_4" : 0, "node_id" : 7},

	"7:208" : {"timestamp" : 1346182555, "air_time" : 4,
 		"sequence" : 208, "fails" : 3,
 		"retries" : 0, "sample_1" : -8.05,
 		"sample_2" : 9.12, "sample_3" : -0.53,
 		"sample_4" : 0, "node_id" : 7},

	"7:209" : {"timestamp" : 1346182556, "air_time" : 0,
 		"sequence" : 209, "fails" : 0,
 		"retries" : 0, "sample_1" : -9.10,
 		"sample_2" : 6.72, "sample_3" : 1.09,
 		"sample_4" : 0, "node_id" : 7},

	"7:210" : {"timestamp" : 1346182557, "air_time" : 0,
 		"sequence" : 210, "fails" : 0,
 		"retries" : 1, "sample_1" : -7.26,
 		"sample_2" : 4.85, "sample_3" : 2.43,
 		"sample_4" : 0, "node_id" : 7},

	"7:211" : {"timestamp" : 1346182558, "air_time" : 8,
 		"sequence" : 211, "fails" : 3,
 		"retries" : 1, "sample_1" : -6.56,
 		"sample_2" : 4.73, "sample_3" : 2.94,
 		"sample_4" : 0, "node_id" : 7},

	"7:212" : {"timestamp" : 1346182559, "air_time" : 4,
 		"sequence" : 212, "fails" : 2,
 		"retries" : 2, "sample_1" : -5.33,
 		"sample_2" : 2.33, "sample_3" : 6.07,
 		"sample_4" : 0, "node_id" : 7},

	"7:213" : {"timestamp" : 1346182560, "air_time" : 8,
 		"sequence" : 213, "fails" : 1,
 		"retries" : 0, "sample_1" : -4.40,
 		"sample_2" : 0.68, "sample_3" : 6.37,
 		"sample_4" : 0, "node_id" : 7},

	"7:214" : {"timestamp" : 1346182561, "air_time" : 0,
 		"sequence" : 214, "fails" : 0,
 		"retries" : 1, "sample_1" : -2.52,
 		"sample_2" : -1.54, "sample_3" : 7.78,
 		"sample_4" : 0, "node_id" : 7},

	"7:215" : {"timestamp" : 1346182562, "air_time" : 8,
 		"sequence" : 215, "fails" : 1,
 		"retries" : 2, "sample_1" : -0.94,
 		"sample_2" : -3.90, "sample_3" : 9.18,
 		"sample_4" : 0, "node_id" : 7},

	"7:216" : {"timestamp" : 1346182563, "air_time" : 7,
 		"sequence" : 216, "fails" : 1,
 		"retries" : 1, "sample_1" : 0.50,
 		"sample_2" : -4.54, "sample_3" : 9.33,
 		"sample_4" : 0, "node_id" : 7},

	"7:217" : {"timestamp" : 1346182564, "air_time" : 2,
 		"sequence" : 217, "fails" : 1,
 		"retries" : 2, "sample_1" : 2.74,
 		"sample_2" : -5.11, "sample_3" : 10.20,
 		"sample_4" : 0, "node_id" : 7},

	"7:218" : {"timestamp" : 1346182565, "air_time" : 3,
 		"sequence" : 218, "fails" : 0,
 		"retries" : 1, "sample_1" : 3.42,
 		"sample_2" : -7.28, "sample_3" : 11.77,
 		"sample_4" : 0, "node_id" : 7},

	"7:219" : {"timestamp" : 1346182566, "air_time" : 5,
 		"sequence" : 219, "fails" : 3,
 		"retries" : 2, "sample_1" : 6.20,
 		"sample_2" : -8.61, "sample_3" : 10.45,
 		"sample_4" : 0, "node_id" : 7},

	"7:220" : {"timestamp" : 1346182567, "air_time" : 0,
 		"sequence" : 220, "fails" : 3,
 		"retries" : 2, "sample_1" : 7.93,
 		"sample_2" : -8.86, "sample_3" : 10.72,
 		"sample_4" : 0, "node_id" : 7},

	"7:221" : {"timestamp" : 1346182568, "air_time" : 6,
 		"sequence" : 221, "fails" : 2,
 		"retries" : 0, "sample_1" : 8.76,
 		"sample_2" : -8.42, "sample_3" : 8.99,
 		"sample_4" : 0, "node_id" : 7},

	"7:222" : {"timestamp" : 1346182569, "air_time" : 1,
 		"sequence" : 222, "fails" : 1,
 		"retries" : 0, "sample_1" : 8.96,
 		"sample_2" : -8.89, "sample_3" : 9.40,
 		"sample_4" : 0, "node_id" : 7},

	"7:223" : {"timestamp" : 1346182570, "air_time" : 3,
 		"sequence" : 223, "fails" : 2,
 		"retries" : 2, "sample_1" : 10.40,
 		"sample_2" : -9.05, "sample_3" : 7.36,
 		"sample_4" : 0, "node_id" : 7},

	"7:224" : {"timestamp" : 1346182571, "air_time" : 7,
 		"sequence" : 224, "fails" : 2,
 		"retries" : 2, "sample_1" : 10.75,
 		"sample_2" : -8.11, "sample_3" : 7.30,
 		"sample_4" : 0, "node_id" : 7},

	"7:225" : {"timestamp" : 1346182572, "air_time" : 4,
 		"sequence" : 225, "fails" : 3,
 		"retries" : 1, "sample_1" : 11.50,
 		"sample_2" : -8.29, "sample_3" : 4.08,
 		"sample_4" : 0, "node_id" : 7},

	"7:226" : {"timestamp" : 1346182573, "air_time" : 6,
 		"sequence" : 226, "fails" : 1,
 		"retries" : 2, "sample_1" : 11.35,
 		"sample_2" : -5.72, "sample_3" : 3.53,
 		"sample_4" : 0, "node_id" : 7},

	"7:227" : {"timestamp" : 1346182574, "air_time" : 4,
 		"sequence" : 227, "fails" : 3,
 		"retries" : 2, "sample_1" : 9.60,
 		"sample_2" : -5.52, "sample_3" : 0.71,
 		"sample_4" : 0, "node_id" : 7},

	"7:228" : {"timestamp" : 1346182575, "air_time" : 8,
 		"sequence" : 228, "fails" : 2,
 		"retries" : 2, "sample_1" : 9.66,
 		"sample_2" : -4.55, "sample_3" : 0.87,
 		"sample_4" : 0, "node_id" : 7},

	"7:229" : {"timestamp" : 1346182576, "air_time" : 9,
 		"sequence" : 229, "fails" : 1,
 		"retries" : 2, "sample_1" : 9.06,
 		"sample_2" : -2.83, "sample_3" : -1.44,
 		"sample_4" : 0, "node_id" : 7},

	"7:230" : {"timestamp" : 1346182577, "air_time" : 9,
 		"sequence" : 230, "fails" : 1,
 		"retries" : 0, "sample_1" : 7.43,
 		"sample_2" : -0.73, "sample_3" : -2.57,
 		"sample_4" : 0, "node_id" : 7},

	"7:231" : {"timestamp" : 1346182578, "air_time" : 0,
 		"sequence" : 231, "fails" : 0,
 		"retries" : 2, "sample_1" : 6.60,
 		"sample_2" : 0.92, "sample_3" : -4.77,
 		"sample_4" : 0, "node_id" : 7},

	"7:232" : {"timestamp" : 1346182579, "air_time" : 7,
 		"sequence" : 232, "fails" : 1,
 		"retries" : 1, "sample_1" : 3.72,
 		"sample_2" : 3.94, "sample_3" : -7.08,
 		"sample_4" : 0, "node_id" : 7},

	"7:233" : {"timestamp" : 1346182580, "air_time" : 6,
 		"sequence" : 233, "fails" : 0,
 		"retries" : 0, "sample_1" : 2.24,
 		"sample_2" : 5.00, "sample_3" : -6.68,
 		"sample_4" : 0, "node_id" : 7},

	"7:234" : {"timestamp" : 1346182581, "air_time" : 9,
 		"sequence" : 234, "fails" : 1,
 		"retries" : 1, "sample_1" : 1.30,
 		"sample_2" : 6.94, "sample_3" : -8.23,
 		"sample_4" : 0, "node_id" : 7},

	"7:235" : {"timestamp" : 1346182582, "air_time" : 2,
 		"sequence" : 235, "fails" : 1,
 		"retries" : 1, "sample_1" : -0.74,
 		"sample_2" : 7.41, "sample_3" : -8.80,
 		"sample_4" : 0, "node_id" : 7},

	"7:236" : {"timestamp" : 1346182583, "air_time" : 6,
 		"sequence" : 236, "fails" : 0,
 		"retries" : 0, "sample_1" : -2.42,
 		"sample_2" : 8.68, "sample_3" : -8.57,
 		"sample_4" : 0, "node_id" : 7},

	"7:237" : {"timestamp" : 1346182584, "air_time" : 7,
 		"sequence" : 237, "fails" : 1,
 		"retries" : 2, "sample_1" : -3.10,
 		"sample_2" : 10.71, "sample_3" : -9.05,
 		"sample_4" : 0, "node_id" : 7},

	"7:238" : {"timestamp" : 1346182585, "air_time" : 5,
 		"sequence" : 238, "fails" : 3,
 		"retries" : 0, "sample_1" : -5.93,
 		"sample_2" : 11.26, "sample_3" : -8.42,
 		"sample_4" : 0, "node_id" : 7},

	"7:239" : {"timestamp" : 1346182586, "air_time" : 8,
 		"sequence" : 239, "fails" : 2,
 		"retries" : 0, "sample_1" : -6.86,
 		"sample_2" : 10.22, "sample_3" : -8.39,
 		"sample_4" : 0, "node_id" : 7},

	"7:240" : {"timestamp" : 1346182587, "air_time" : 5,
 		"sequence" : 240, "fails" : 0,
 		"retries" : 1, "sample_1" : -7.36,
 		"sample_2" : 10.49, "sample_3" : -6.50,
 		"sample_4" : 0, "node_id" : 7},

	"7:241" : {"timestamp" : 1346182588, "air_time" : 0,
 		"sequence" : 241, "fails" : 3,
 		"retries" : 1, "sample_1" : -7.60,
 		"sample_2" : 10.35, "sample_3" : -5.46,
 		"sample_4" : 0, "node_id" : 7},

	"7:242" : {"timestamp" : 1346182589, "air_time" : 8,
 		"sequence" : 242, "fails" : 0,
 		"retries" : 1, "sample_1" : -8.95,
 		"sample_2" : 10.41, "sample_3" : -3.80,
 		"sample_4" : 0, "node_id" : 7},

	"7:243" : {"timestamp" : 1346182590, "air_time" : 7,
 		"sequence" : 243, "fails" : 0,
 		"retries" : 2, "sample_1" : -8.40,
 		"sample_2" : 9.09, "sample_3" : -2.78,
 		"sample_4" : 0, "node_id" : 7},

	"7:244" : {"timestamp" : 1346182591, "air_time" : 4,
 		"sequence" : 244, "fails" : 2,
 		"retries" : 1, "sample_1" : -9.05,
 		"sample_2" : 8.92, "sample_3" : -1.43,
 		"sample_4" : 0, "node_id" : 7},

	"7:245" : {"timestamp" : 1346182592, "air_time" : 5,
 		"sequence" : 245, "fails" : 3,
 		"retries" : 0, "sample_1" : -8.10,
 		"sample_2" : 6.02, "sample_3" : -0.71,
 		"sample_4" : 0, "node_id" : 7},

	"7:246" : {"timestamp" : 1346182593, "air_time" : 4,
 		"sequence" : 246, "fails" : 1,
 		"retries" : 1, "sample_1" : -6.76,
 		"sample_2" : 5.75, "sample_3" : 2.83,
 		"sample_4" : 0, "node_id" : 7},

	"7:247" : {"timestamp" : 1346182594, "air_time" : 7,
 		"sequence" : 247, "fails" : 2,
 		"retries" : 2, "sample_1" : -7.26,
 		"sample_2" : 3.43, "sample_3" : 3.14,
 		"sample_4" : 0, "node_id" : 7},

	"7:248" : {"timestamp" : 1346182595, "air_time" : 8,
 		"sequence" : 248, "fails" : 0,
 		"retries" : 2, "sample_1" : -5.33,
 		"sample_2" : 2.33, "sample_3" : 4.77,
 		"sample_4" : 0, "node_id" : 7},

	"7:249" : {"timestamp" : 1346182596, "air_time" : 8,
 		"sequence" : 249, "fails" : 1,
 		"retries" : 0, "sample_1" : -4.30,
 		"sample_2" : 1.08, "sample_3" : 7.67,
 		"sample_4" : 0, "node_id" : 7},

	"7:250" : {"timestamp" : 1346182597, "air_time" : 1,
 		"sequence" : 250, "fails" : 3,
 		"retries" : 0, "sample_1" : -2.92,
 		"sample_2" : -2.04, "sample_3" : 7.38,
 		"sample_4" : 0, "node_id" : 7},

	"7:251" : {"timestamp" : 1346182598, "air_time" : 7,
 		"sequence" : 251, "fails" : 3,
 		"retries" : 2, "sample_1" : -0.64,
 		"sample_2" : -3.40, "sample_3" : 9.58,
 		"sample_4" : 0, "node_id" : 7},

	"7:252" : {"timestamp" : 1346182599, "air_time" : 4,
 		"sequence" : 252, "fails" : 3,
 		"retries" : 2, "sample_1" : 0.40,
 		"sample_2" : -5.04, "sample_3" : 9.13,
 		"sample_4" : 0, "node_id" : 7},

	"7:253" : {"timestamp" : 1346182600, "air_time" : 5,
 		"sequence" : 253, "fails" : 1,
 		"retries" : 1, "sample_1" : 2.94,
 		"sample_2" : -4.91, "sample_3" : 11.00,
 		"sample_4" : 0, "node_id" : 7},

	"7:254" : {"timestamp" : 1346182601, "air_time" : 6,
 		"sequence" : 254, "fails" : 1,
 		"retries" : 0, "sample_1" : 4.42,
 		"sample_2" : -7.78, "sample_3" : 11.17,
 		"sample_4" : 0, "node_id" : 7},

	"7:255" : {"timestamp" : 1346182602, "air_time" : 3,
 		"sequence" : 255, "fails" : 3,
 		"retries" : 2, "sample_1" : 6.80,
 		"sample_2" : -7.81, "sample_3" : 9.95,
 		"sample_4" : 0, "node_id" : 7},

	"7:256" : {"timestamp" : 1346182603, "air_time" : 4,
 		"sequence" : 256, "fails" : 2,
 		"retries" : 2, "sample_1" : 7.53,
 		"sample_2" : -9.06, "sample_3" : 10.92,
 		"sample_4" : 0, "node_id" : 7},

	"7:257" : {"timestamp" : 1346182604, "air_time" : 7,
 		"sequence" : 257, "fails" : 1,
 		"retries" : 0, "sample_1" : 9.56,
 		"sample_2" : -9.72, "sample_3" : 10.09,
 		"sample_4" : 0, "node_id" : 7},

	"7:258" : {"timestamp" : 1346182605, "air_time" : 9,
 		"sequence" : 258, "fails" : 2,
 		"retries" : 2, "sample_1" : 8.66,
 		"sample_2" : -9.39, "sample_3" : 8.50,
 		"sample_4" : 0, "node_id" : 7},

	"7:259" : {"timestamp" : 1346182606, "air_time" : 0,
 		"sequence" : 259, "fails" : 3,
 		"retries" : 2, "sample_1" : 10.90,
 		"sample_2" : -9.05, "sample_3" : 8.66,
 		"sample_4" : 0, "node_id" : 7},

	"7:260" : {"timestamp" : 1346182607, "air_time" : 8,
 		"sequence" : 260, "fails" : 1,
 		"retries" : 0, "sample_1" : 11.65,
 		"sample_2" : -8.51, "sample_3" : 6.90,
 		"sample_4" : 0, "node_id" : 7},

	"7:261" : {"timestamp" : 1346182608, "air_time" : 6,
 		"sequence" : 261, "fails" : 1,
 		"retries" : 0, "sample_1" : 11.00,
 		"sample_2" : -8.29, "sample_3" : 4.28,
 		"sample_4" : 0, "node_id" : 7},

	"7:262" : {"timestamp" : 1346182609, "air_time" : 3,
 		"sequence" : 262, "fails" : 3,
 		"retries" : 0, "sample_1" : 11.55,
 		"sample_2" : -6.52, "sample_3" : 2.73,
 		"sample_4" : 0, "node_id" : 7},

	"7:263" : {"timestamp" : 1346182610, "air_time" : 2,
 		"sequence" : 263, "fails" : 0,
 		"retries" : 0, "sample_1" : 10.40,
 		"sample_2" : -5.82, "sample_3" : 1.81,
 		"sample_4" : 0, "node_id" : 7},

	"7:264" : {"timestamp" : 1346182611, "air_time" : 4,
 		"sequence" : 264, "fails" : 3,
 		"retries" : 1, "sample_1" : 9.16,
 		"sample_2" : -2.85, "sample_3" : -0.33,
 		"sample_4" : 0, "node_id" : 7},

	"7:265" : {"timestamp" : 1346182612, "air_time" : 9,
 		"sequence" : 265, "fails" : 2,
 		"retries" : 0, "sample_1" : 7.66,
 		"sample_2" : -2.13, "sample_3" : -1.44,
 		"sample_4" : 0, "node_id" : 7},

	"7:266" : {"timestamp" : 1346182613, "air_time" : 6,
 		"sequence" : 266, "fails" : 2,
 		"retries" : 1, "sample_1" : 7.33,
 		"sample_2" : 0.67, "sample_3" : -2.67,
 		"sample_4" : 0, "node_id" : 7},

	"7:267" : {"timestamp" : 1346182614, "air_time" : 7,
 		"sequence" : 267, "fails" : 3,
 		"retries" : 2, "sample_1" : 6.10,
 		"sample_2" : 0.72, "sample_3" : -4.27,
 		"sample_4" : 0, "node_id" : 7},

	"7:268" : {"timestamp" : 1346182615, "air_time" : 0,
 		"sequence" : 268, "fails" : 0,
 		"retries" : 1, "sample_1" : 5.12,
 		"sample_2" : 2.84, "sample_3" : -5.78,
 		"sample_4" : 0, "node_id" : 7},

	"7:269" : {"timestamp" : 1346182616, "air_time" : 0,
 		"sequence" : 269, "fails" : 0,
 		"retries" : 2, "sample_1" : 2.34,
 		"sample_2" : 4.60, "sample_3" : -7.08,
 		"sample_4" : 0, "node_id" : 7},

	"7:270" : {"timestamp" : 1346182617, "air_time" : 0,
 		"sequence" : 270, "fails" : 0,
 		"retries" : 0, "sample_1" : 1.00,
 		"sample_2" : 7.14, "sample_3" : -8.63,
 		"sample_4" : 0, "node_id" : 7},

	"7:271" : {"timestamp" : 1346182618, "air_time" : 4,
 		"sequence" : 271, "fails" : 2,
 		"retries" : 1, "sample_1" : -1.64,
 		"sample_2" : 7.71, "sample_3" : -8.90,
 		"sample_4" : 0, "node_id" : 7},

	"7:272" : {"timestamp" : 1346182619, "air_time" : 4,
 		"sequence" : 272, "fails" : 1,
 		"retries" : 0, "sample_1" : -2.42,
 		"sample_2" : 8.38, "sample_3" : -8.87,
 		"sample_4" : 0, "node_id" : 7},

	"7:273" : {"timestamp" : 1346182620, "air_time" : 2,
 		"sequence" : 273, "fails" : 0,
 		"retries" : 1, "sample_1" : -4.70,
 		"sample_2" : 9.71, "sample_3" : -8.55,
 		"sample_4" : 0, "node_id" : 7},

	"7:274" : {"timestamp" : 1346182621, "air_time" : 7,
 		"sequence" : 274, "fails" : 2,
 		"retries" : 1, "sample_1" : -5.83,
 		"sample_2" : 11.26, "sample_3" : -7.72,
 		"sample_4" : 0, "node_id" : 7},

	"7:275" : {"timestamp" : 1346182622, "air_time" : 3,
 		"sequence" : 275, "fails" : 1,
 		"retries" : 0, "sample_1" : -5.86,
 		"sample_2" : 10.62, "sample_3" : -8.89,
 		"sample_4" : 0, "node_id" : 7},

	"7:276" : {"timestamp" : 1346182623, "air_time" : 9,
 		"sequence" : 276, "fails" : 0,
 		"retries" : 1, "sample_1" : -8.46,
 		"sample_2" : 11.39, "sample_3" : -7.70,
 		"sample_4" : 0, "node_id" : 7},

	"7:277" : {"timestamp" : 1346182624, "air_time" : 7,
 		"sequence" : 277, "fails" : 2,
 		"retries" : 2, "sample_1" : -7.50,
 		"sample_2" : 9.85, "sample_3" : -6.36,
 		"sample_4" : 0, "node_id" : 7},

	"7:278" : {"timestamp" : 1346182625, "air_time" : 4,
 		"sequence" : 278, "fails" : 1,
 		"retries" : 2, "sample_1" : -9.35,
 		"sample_2" : 9.51, "sample_3" : -4.40,
 		"sample_4" : 0, "node_id" : 7},

	"7:279" : {"timestamp" : 1346182626, "air_time" : 4,
 		"sequence" : 279, "fails" : 3,
 		"retries" : 0, "sample_1" : -9.60,
 		"sample_2" : 8.79, "sample_3" : -3.98,
 		"sample_4" : 0, "node_id" : 7},

	"7:280" : {"timestamp" : 1346182627, "air_time" : 0,
 		"sequence" : 280, "fails" : 3,
 		"retries" : 1, "sample_1" : -8.65,
 		"sample_2" : 7.32, "sample_3" : -0.73,
 		"sample_4" : 0, "node_id" : 7},

	"7:281" : {"timestamp" : 1346182628, "air_time" : 8,
 		"sequence" : 281, "fails" : 2,
 		"retries" : 2, "sample_1" : -7.80,
 		"sample_2" : 7.02, "sample_3" : -0.11,
 		"sample_4" : 0, "node_id" : 7},

	"7:282" : {"timestamp" : 1346182629, "air_time" : 0,
 		"sequence" : 282, "fails" : 3,
 		"retries" : 0, "sample_1" : -8.06,
 		"sample_2" : 5.05, "sample_3" : 2.73,
 		"sample_4" : 0, "node_id" : 7},

	"7:283" : {"timestamp" : 1346182630, "air_time" : 4,
 		"sequence" : 283, "fails" : 1,
 		"retries" : 1, "sample_1" : -6.36,
 		"sample_2" : 3.73, "sample_3" : 3.94,
 		"sample_4" : 0, "node_id" : 7},

	"7:284" : {"timestamp" : 1346182631, "air_time" : 5,
 		"sequence" : 284, "fails" : 2,
 		"retries" : 0, "sample_1" : -5.83,
 		"sample_2" : 2.53, "sample_3" : 4.87,
 		"sample_4" : 0, "node_id" : 7},

	"7:285" : {"timestamp" : 1346182632, "air_time" : 4,
 		"sequence" : 285, "fails" : 0,
 		"retries" : 0, "sample_1" : -4.00,
 		"sample_2" : -0.52, "sample_3" : 7.37,
 		"sample_4" : 0, "node_id" : 7},

	"7:286" : {"timestamp" : 1346182633, "air_time" : 5,
 		"sequence" : 286, "fails" : 2,
 		"retries" : 1, "sample_1" : -2.02,
 		"sample_2" : -0.64, "sample_3" : 7.28,
 		"sample_4" : 0, "node_id" : 7},

	"7:287" : {"timestamp" : 1346182634, "air_time" : 5,
 		"sequence" : 287, "fails" : 0,
 		"retries" : 2, "sample_1" : -1.34,
 		"sample_2" : -3.40, "sample_3" : 9.78,
 		"sample_4" : 0, "node_id" : 7},

	"7:288" : {"timestamp" : 1346182635, "air_time" : 8,
 		"sequence" : 288, "fails" : 3,
 		"retries" : 2, "sample_1" : 0.60,
 		"sample_2" : -4.14, "sample_3" : 11.03,
 		"sample_4" : 0, "node_id" : 7},

	"7:289" : {"timestamp" : 1346182636, "air_time" : 1,
 		"sequence" : 289, "fails" : 1,
 		"retries" : 0, "sample_1" : 2.74,
 		"sample_2" : -6.01, "sample_3" : 10.40,
 		"sample_4" : 0, "node_id" : 7},

	"7:290" : {"timestamp" : 1346182637, "air_time" : 9,
 		"sequence" : 290, "fails" : 1,
 		"retries" : 2, "sample_1" : 4.12,
 		"sample_2" : -6.98, "sample_3" : 11.37,
 		"sample_4" : 0, "node_id" : 7},

	"7:291" : {"timestamp" : 1346182638, "air_time" : 5,
 		"sequence" : 291, "fails" : 0,
 		"retries" : 1, "sample_1" : 5.90,
 		"sample_2" : -7.81, "sample_3" : 10.25,
 		"sample_4" : 0, "node_id" : 7},

	"7:292" : {"timestamp" : 1346182639, "air_time" : 2,
 		"sequence" : 292, "fails" : 2,
 		"retries" : 2, "sample_1" : 7.43,
 		"sample_2" : -8.36, "sample_3" : 10.22,
 		"sample_4" : 0, "node_id" : 7},

	"7:293" : {"timestamp" : 1346182640, "air_time" : 8,
 		"sequence" : 293, "fails" : 1,
 		"retries" : 2, "sample_1" : 9.16,
 		"sample_2" : -8.72, "sample_3" : 10.49,
 		"sample_4" : 0, "node_id" : 7},

	"7:294" : {"timestamp" : 1346182641, "air_time" : 2,
 		"sequence" : 294, "fails" : 0,
 		"retries" : 0, "sample_1" : 9.66,
 		"sample_2" : -8.59, "sample_3" : 9.10,
 		"sample_4" : 0, "node_id" : 7},

	"7:295" : {"timestamp" : 1346182642, "air_time" : 9,
 		"sequence" : 295, "fails" : 0,
 		"retries" : 2, "sample_1" : 9.40,
 		"sample_2" : -8.15, "sample_3" : 7.76,
 		"sample_4" : 0, "node_id" : 7},

	"7:296" : {"timestamp" : 1346182643, "air_time" : 8,
 		"sequence" : 296, "fails" : 2,
 		"retries" : 0, "sample_1" : 10.15,
 		"sample_2" : -8.71, "sample_3" : 5.90,
 		"sample_4" : 0, "node_id" : 7},

	"7:297" : {"timestamp" : 1346182644, "air_time" : 6,
 		"sequence" : 297, "fails" : 3,
 		"retries" : 0, "sample_1" : 11.30,
 		"sample_2" : -7.99, "sample_3" : 4.08,
 		"sample_4" : 0, "node_id" : 7},

	"7:298" : {"timestamp" : 1346182645, "air_time" : 2,
 		"sequence" : 298, "fails" : 2,
 		"retries" : 1, "sample_1" : 10.15,
 		"sample_2" : -7.22, "sample_3" : 3.03,
 		"sample_4" : 0, "node_id" : 7},

	"7:299" : {"timestamp" : 1346182646, "air_time" : 3,
 		"sequence" : 299, "fails" : 1,
 		"retries" : 2, "sample_1" : 9.70,
 		"sample_2" : -5.22, "sample_3" : 1.01,
 		"sample_4" : 0, "node_id" : 7},

	"7:300" : {"timestamp" : 1346182647, "air_time" : 2,
 		"sequence" : 300, "fails" : 2,
 		"retries" : 0, "sample_1" : 9.96,
 		"sample_2" : -2.85, "sample_3" : -0.73,
 		"sample_4" : 0, "node_id" : 7},

	"7:301" : {"timestamp" : 1346182648, "air_time" : 2,
 		"sequence" : 301, "fails" : 0,
 		"retries" : 0, "sample_1" : 8.16,
 		"sample_2" : -2.93, "sample_3" : -2.14,
 		"sample_4" : 0, "node_id" : 7},

	"7:302" : {"timestamp" : 1346182649, "air_time" : 3,
 		"sequence" : 302, "fails" : 3,
 		"retries" : 0, "sample_1" : 6.73,
 		"sample_2" : -0.03, "sample_3" : -2.97,
 		"sample_4" : 0, "node_id" : 7},

	"7:303" : {"timestamp" : 1346182650, "air_time" : 6,
 		"sequence" : 303, "fails" : 1,
 		"retries" : 2, "sample_1" : 5.80,
 		"sample_2" : 0.62, "sample_3" : -5.07,
 		"sample_4" : 0, "node_id" : 7},

	"7:304" : {"timestamp" : 1346182651, "air_time" : 3,
 		"sequence" : 304, "fails" : 2,
 		"retries" : 0, "sample_1" : 3.82,
 		"sample_2" : 3.94, "sample_3" : -6.18,
 		"sample_4" : 0, "node_id" : 7},

	"7:305" : {"timestamp" : 1346182652, "air_time" : 1,
 		"sequence" : 305, "fails" : 0,
 		"retries" : 0, "sample_1" : 2.74,
 		"sample_2" : 4.40, "sample_3" : -8.18,
 		"sample_4" : 0, "node_id" : 7},

	"7:306" : {"timestamp" : 1346182653, "air_time" : 3,
 		"sequence" : 306, "fails" : 0,
 		"retries" : 0, "sample_1" : 0.20,
 		"sample_2" : 6.74, "sample_3" : -8.93,
 		"sample_4" : 0, "node_id" : 7},

	"7:307" : {"timestamp" : 1346182654, "air_time" : 0,
 		"sequence" : 307, "fails" : 2,
 		"retries" : 1, "sample_1" : -0.64,
 		"sample_2" : 8.21, "sample_3" : -8.30,
 		"sample_4" : 0, "node_id" : 7},

	"7:308" : {"timestamp" : 1346182655, "air_time" : 7,
 		"sequence" : 308, "fails" : 0,
 		"retries" : 1, "sample_1" : -1.72,
 		"sample_2" : 9.88, "sample_3" : -8.27,
 		"sample_4" : 0, "node_id" : 7},

	"7:309" : {"timestamp" : 1346182656, "air_time" : 9,
 		"sequence" : 309, "fails" : 3,
 		"retries" : 0, "sample_1" : -4.70,
 		"sample_2" : 9.11, "sample_3" : -8.25,
 		"sample_4" : 0, "node_id" : 7},

	"7:310" : {"timestamp" : 1346182657, "air_time" : 5,
 		"sequence" : 310, "fails" : 2,
 		"retries" : 0, "sample_1" : -5.93,
 		"sample_2" : 10.96, "sample_3" : -8.72,
 		"sample_4" : 0, "node_id" : 7},

	"7:311" : {"timestamp" : 1346182658, "air_time" : 8,
 		"sequence" : 311, "fails" : 3,
 		"retries" : 2, "sample_1" : -6.86,
 		"sample_2" : 11.22, "sample_3" : -8.59,
 		"sample_4" : 0, "node_id" : 7},

	"7:312" : {"timestamp" : 1346182659, "air_time" : 7,
 		"sequence" : 312, "fails" : 1,
 		"retries" : 2, "sample_1" : -7.36,
 		"sample_2" : 11.39, "sample_3" : -6.20,
 		"sample_4" : 0, "node_id" : 7},

	"7:313" : {"timestamp" : 1346182660, "air_time" : 8,
 		"sequence" : 313, "fails" : 3,
 		"retries" : 0, "sample_1" : -8.90,
 		"sample_2" : 10.25, "sample_3" : -5.56,
 		"sample_4" : 0, "node_id" : 7},

	"7:314" : {"timestamp" : 1346182661, "air_time" : 7,
 		"sequence" : 314, "fails" : 2,
 		"retries" : 0, "sample_1" : -9.15,
 		"sample_2" : 10.01, "sample_3" : -5.20,
 		"sample_4" : 0, "node_id" : 7},

	"7:315" : {"timestamp" : 1346182662, "air_time" : 0,
 		"sequence" : 315, "fails" : 0,
 		"retries" : 1, "sample_1" : -9.30,
 		"sample_2" : 9.09, "sample_3" : -2.18,
 		"sample_4" : 0, "node_id" : 7},

	"7:316" : {"timestamp" : 1346182663, "air_time" : 2,
 		"sequence" : 316, "fails" : 0,
 		"retries" : 1, "sample_1" : -8.85,
 		"sample_2" : 7.72, "sample_3" : -2.43,
 		"sample_4" : 0, "node_id" : 7},

	"7:317" : {"timestamp" : 1346182664, "air_time" : 3,
 		"sequence" : 317, "fails" : 1,
 		"retries" : 0, "sample_1" : -8.90,
 		"sample_2" : 6.92, "sample_3" : -0.51,
 		"sample_4" : 0, "node_id" : 7},

	"7:318" : {"timestamp" : 1346182665, "air_time" : 6,
 		"sequence" : 318, "fails" : 2,
 		"retries" : 0, "sample_1" : -8.66,
 		"sample_2" : 6.45, "sample_3" : 1.23,
 		"sample_4" : 0, "node_id" : 7},

	"7:319" : {"timestamp" : 1346182666, "air_time" : 6,
 		"sequence" : 319, "fails" : 2,
 		"retries" : 1, "sample_1" : -7.46,
 		"sample_2" : 3.33, "sample_3" : 4.64,
 		"sample_4" : 0, "node_id" : 7},

	"7:320" : {"timestamp" : 1346182667, "air_time" : 9,
 		"sequence" : 320, "fails" : 1,
 		"retries" : 1, "sample_1" : -6.03,
 		"sample_2" : 1.33, "sample_3" : 5.77,
 		"sample_4" : 0, "node_id" : 7},

	"7:321" : {"timestamp" : 1346182668, "air_time" : 4,
 		"sequence" : 321, "fails" : 0,
 		"retries" : 2, "sample_1" : -4.80,
 		"sample_2" : 1.18, "sample_3" : 6.27,
 		"sample_4" : 0, "node_id" : 7},

	"7:322" : {"timestamp" : 1346182669, "air_time" : 9,
 		"sequence" : 322, "fails" : 2,
 		"retries" : 1, "sample_1" : -2.52,
 		"sample_2" : -2.04, "sample_3" : 7.28,
 		"sample_4" : 0, "node_id" : 7},

	"7:323" : {"timestamp" : 1346182670, "air_time" : 5,
 		"sequence" : 323, "fails" : 3,
 		"retries" : 2, "sample_1" : -1.54,
 		"sample_2" : -2.30, "sample_3" : 9.78,
 		"sample_4" : 0, "node_id" : 7},

	"7:324" : {"timestamp" : 1346182671, "air_time" : 7,
 		"sequence" : 324, "fails" : 2,
 		"retries" : 1, "sample_1" : 1.60,
 		"sample_2" : -5.24, "sample_3" : 9.23,
 		"sample_4" : 0, "node_id" : 7},

	"7:325" : {"timestamp" : 1346182672, "air_time" : 4,
 		"sequence" : 325, "fails" : 2,
 		"retries" : 1, "sample_1" : 1.84,
 		"sample_2" : -6.11, "sample_3" : 10.50,
 		"sample_4" : 0, "node_id" : 7},

	"7:326" : {"timestamp" : 1346182673, "air_time" : 3,
 		"sequence" : 326, "fails" : 3,
 		"retries" : 1, "sample_1" : 4.12,
 		"sample_2" : -7.18, "sample_3" : 10.37,
 		"sample_4" : 0, "node_id" : 7},

	"7:327" : {"timestamp" : 1346182674, "air_time" : 7,
 		"sequence" : 327, "fails" : 3,
 		"retries" : 0, "sample_1" : 5.70,
 		"sample_2" : -7.21, "sample_3" : 11.45,
 		"sample_4" : 0, "node_id" : 7},

	"7:328" : {"timestamp" : 1346182675, "air_time" : 9,
 		"sequence" : 328, "fails" : 1,
 		"retries" : 0, "sample_1" : 7.13,
 		"sample_2" : -8.96, "sample_3" : 10.22,
 		"sample_4" : 0, "node_id" : 7},

	"7:329" : {"timestamp" : 1346182676, "air_time" : 6,
 		"sequence" : 329, "fails" : 0,
 		"retries" : 2, "sample_1" : 8.76,
 		"sample_2" : -9.52, "sample_3" : 10.19,
 		"sample_4" : 0, "node_id" : 7},

	"7:330" : {"timestamp" : 1346182677, "air_time" : 1,
 		"sequence" : 330, "fails" : 0,
 		"retries" : 2, "sample_1" : 9.56,
 		"sample_2" : -9.79, "sample_3" : 9.30,
 		"sample_4" : 0, "node_id" : 7},

	"7:331" : {"timestamp" : 1346182678, "air_time" : 2,
 		"sequence" : 331, "fails" : 0,
 		"retries" : 0, "sample_1" : 11.30,
 		"sample_2" : -7.95, "sample_3" : 7.26,
 		"sample_4" : 0, "node_id" : 7},

	"7:332" : {"timestamp" : 1346182679, "air_time" : 5,
 		"sequence" : 332, "fails" : 0,
 		"retries" : 0, "sample_1" : 11.15,
 		"sample_2" : -8.61, "sample_3" : 6.80,
 		"sample_4" : 0, "node_id" : 7},

	"7:333" : {"timestamp" : 1346182680, "air_time" : 4,
 		"sequence" : 333, "fails" : 0,
 		"retries" : 2, "sample_1" : 11.60,
 		"sample_2" : -8.09, "sample_3" : 5.58,
 		"sample_4" : 0, "node_id" : 7},

	"7:334" : {"timestamp" : 1346182681, "air_time" : 4,
 		"sequence" : 334, "fails" : 0,
 		"retries" : 2, "sample_1" : 11.35,
 		"sample_2" : -6.12, "sample_3" : 2.93,
 		"sample_4" : 0, "node_id" : 7},

	"7:335" : {"timestamp" : 1346182682, "air_time" : 9,
 		"sequence" : 335, "fails" : 1,
 		"retries" : 1, "sample_1" : 11.00,
 		"sample_2" : -4.22, "sample_3" : 0.91,
 		"sample_4" : 0, "node_id" : 7},

	"7:336" : {"timestamp" : 1346182683, "air_time" : 0,
 		"sequence" : 336, "fails" : 1,
 		"retries" : 0, "sample_1" : 10.46,
 		"sample_2" : -4.55, "sample_3" : 0.07,
 		"sample_4" : 0, "node_id" : 7},

	"7:337" : {"timestamp" : 1346182684, "air_time" : 7,
 		"sequence" : 337, "fails" : 0,
 		"retries" : 2, "sample_1" : 8.06,
 		"sample_2" : -2.23, "sample_3" : -1.94,
 		"sample_4" : 0, "node_id" : 7},

	"7:338" : {"timestamp" : 1346182685, "air_time" : 4,
 		"sequence" : 338, "fails" : 0,
 		"retries" : 0, "sample_1" : 6.83,
 		"sample_2" : -0.43, "sample_3" : -3.37,
 		"sample_4" : 0, "node_id" : 7},

	"7:339" : {"timestamp" : 1346182686, "air_time" : 5,
 		"sequence" : 339, "fails" : 1,
 		"retries" : 1, "sample_1" : 5.50,
 		"sample_2" : 1.92, "sample_3" : -5.37,
 		"sample_4" : 0, "node_id" : 7},

	"7:340" : {"timestamp" : 1346182687, "air_time" : 7,
 		"sequence" : 340, "fails" : 2,
 		"retries" : 1, "sample_1" : 4.92,
 		"sample_2" : 3.84, "sample_3" : -6.38,
 		"sample_4" : 0, "node_id" : 7},

	"7:341" : {"timestamp" : 1346182688, "air_time" : 4,
 		"sequence" : 341, "fails" : 2,
 		"retries" : 0, "sample_1" : 3.14,
 		"sample_2" : 4.70, "sample_3" : -7.18,
 		"sample_4" : 0, "node_id" : 7},

	"7:342" : {"timestamp" : 1346182689, "air_time" : 9,
 		"sequence" : 342, "fails" : 2,
 		"retries" : 2, "sample_1" : 1.00,
 		"sample_2" : 6.64, "sample_3" : -9.03,
 		"sample_4" : 0, "node_id" : 7},

	"7:343" : {"timestamp" : 1346182690, "air_time" : 0,
 		"sequence" : 343, "fails" : 2,
 		"retries" : 1, "sample_1" : 0.06,
 		"sample_2" : 8.61, "sample_3" : -9.00,
 		"sample_4" : 0, "node_id" : 7},

	"7:344" : {"timestamp" : 1346182691, "air_time" : 6,
 		"sequence" : 344, "fails" : 0,
 		"retries" : 2, "sample_1" : -2.42,
 		"sample_2" : 7.98, "sample_3" : -8.27,
 		"sample_4" : 0, "node_id" : 7},

	"7:345" : {"timestamp" : 1346182692, "air_time" : 7,
 		"sequence" : 345, "fails" : 1,
 		"retries" : 0, "sample_1" : -3.50,
 		"sample_2" : 10.11, "sample_3" : -9.15,
 		"sample_4" : 0, "node_id" : 7},

	"7:346" : {"timestamp" : 1346182693, "air_time" : 8,
 		"sequence" : 346, "fails" : 2,
 		"retries" : 2, "sample_1" : -4.73,
 		"sample_2" : 10.16, "sample_3" : -9.02,
 		"sample_4" : 0, "node_id" : 7},

	"7:347" : {"timestamp" : 1346182694, "air_time" : 1,
 		"sequence" : 347, "fails" : 2,
 		"retries" : 0, "sample_1" : -7.46,
 		"sample_2" : 10.42, "sample_3" : -8.79,
 		"sample_4" : 0, "node_id" : 7},

	"7:348" : {"timestamp" : 1346182695, "air_time" : 9,
 		"sequence" : 348, "fails" : 2,
 		"retries" : 2, "sample_1" : -6.76,
 		"sample_2" : 10.79, "sample_3" : -6.60,
 		"sample_4" : 0, "node_id" : 7},

	"7:349" : {"timestamp" : 1346182696, "air_time" : 7,
 		"sequence" : 349, "fails" : 0,
 		"retries" : 1, "sample_1" : -8.30,
 		"sample_2" : 11.55, "sample_3" : -5.96,
 		"sample_4" : 0, "node_id" : 7},

	"7:350" : {"timestamp" : 1346182697, "air_time" : 5,
 		"sequence" : 350, "fails" : 0,
 		"retries" : 0, "sample_1" : -8.85,
 		"sample_2" : 10.61, "sample_3" : -5.30,
 		"sample_4" : 0, "node_id" : 7},

	"7:351" : {"timestamp" : 1346182698, "air_time" : 5,
 		"sequence" : 351, "fails" : 0,
 		"retries" : 1, "sample_1" : -9.60,
 		"sample_2" : 8.89, "sample_3" : -3.78,
 		"sample_4" : 0, "node_id" : 7},

	"7:352" : {"timestamp" : 1346182699, "air_time" : 5,
 		"sequence" : 352, "fails" : 0,
 		"retries" : 1, "sample_1" : -8.85,
 		"sample_2" : 8.12, "sample_3" : -2.03,
 		"sample_4" : 0, "node_id" : 7},

	"7:353" : {"timestamp" : 1346182700, "air_time" : 8,
 		"sequence" : 353, "fails" : 3,
 		"retries" : 2, "sample_1" : -9.30,
 		"sample_2" : 6.22, "sample_3" : -0.01,
 		"sample_4" : 0, "node_id" : 7},

	"7:354" : {"timestamp" : 1346182701, "air_time" : 5,
 		"sequence" : 354, "fails" : 0,
 		"retries" : 0, "sample_1" : -8.26,
 		"sample_2" : 6.45, "sample_3" : 2.33,
 		"sample_4" : 0, "node_id" : 7},

	"7:355" : {"timestamp" : 1346182702, "air_time" : 0,
 		"sequence" : 355, "fails" : 1,
 		"retries" : 0, "sample_1" : -7.66,
 		"sample_2" : 3.33, "sample_3" : 2.84,
 		"sample_4" : 0, "node_id" : 7},

	"7:356" : {"timestamp" : 1346182703, "air_time" : 6,
 		"sequence" : 356, "fails" : 0,
 		"retries" : 0, "sample_1" : -5.23,
 		"sample_2" : 2.13, "sample_3" : 6.17,
 		"sample_4" : 0, "node_id" : 7},

	"7:357" : {"timestamp" : 1346182704, "air_time" : 5,
 		"sequence" : 357, "fails" : 0,
 		"retries" : 2, "sample_1" : -3.80,
 		"sample_2" : 1.28, "sample_3" : 7.37,
 		"sample_4" : 0, "node_id" : 7},

	"7:358" : {"timestamp" : 1346182705, "air_time" : 9,
 		"sequence" : 358, "fails" : 3,
 		"retries" : 1, "sample_1" : -1.92,
 		"sample_2" : -0.44, "sample_3" : 8.78,
 		"sample_4" : 0, "node_id" : 7},

	"7:359" : {"timestamp" : 1346182706, "air_time" : 9,
 		"sequence" : 359, "fails" : 1,
 		"retries" : 2, "sample_1" : -1.24,
 		"sample_2" : -2.30, "sample_3" : 8.98,
 		"sample_4" : 0, "node_id" : 7},

	"7:360" : {"timestamp" : 1346182707, "air_time" : 7,
 		"sequence" : 360, "fails" : 0,
 		"retries" : 1, "sample_1" : 0.90,
 		"sample_2" : -4.04, "sample_3" : 10.43,
 		"sample_4" : 0, "node_id" : 7},

	"7:361" : {"timestamp" : 1346182708, "air_time" : 3,
 		"sequence" : 361, "fails" : 0,
 		"retries" : 0, "sample_1" : 2.74,
 		"sample_2" : -6.21, "sample_3" : 10.80,
 		"sample_4" : 0, "node_id" : 7},

	"7:362" : {"timestamp" : 1346182709, "air_time" : 7,
 		"sequence" : 362, "fails" : 1,
 		"retries" : 0, "sample_1" : 3.72,
 		"sample_2" : -6.28, "sample_3" : 11.57,
 		"sample_4" : 0, "node_id" : 7},

	"7:363" : {"timestamp" : 1346182710, "air_time" : 1,
 		"sequence" : 363, "fails" : 3,
 		"retries" : 2, "sample_1" : 6.90,
 		"sample_2" : -7.81, "sample_3" : 11.85,
 		"sample_4" : 0, "node_id" : 7},

	"7:364" : {"timestamp" : 1346182711, "air_time" : 4,
 		"sequence" : 364, "fails" : 2,
 		"retries" : 2, "sample_1" : 7.93,
 		"sample_2" : -8.66, "sample_3" : 9.92,
 		"sample_4" : 0, "node_id" : 7},

	"7:365" : {"timestamp" : 1346182712, "air_time" : 9,
 		"sequence" : 365, "fails" : 1,
 		"retries" : 2, "sample_1" : 8.76,
 		"sample_2" : -8.12, "sample_3" : 8.99,
 		"sample_4" : 0, "node_id" : 7},

	"7:366" : {"timestamp" : 1346182713, "air_time" : 6,
 		"sequence" : 366, "fails" : 1,
 		"retries" : 1, "sample_1" : 10.26,
 		"sample_2" : -9.89, "sample_3" : 9.00,
 		"sample_4" : 0, "node_id" : 7},

	"7:367" : {"timestamp" : 1346182714, "air_time" : 9,
 		"sequence" : 367, "fails" : 3,
 		"retries" : 2, "sample_1" : 9.80,
 		"sample_2" : -9.55, "sample_3" : 8.06,
 		"sample_4" : 0, "node_id" : 7},

	"7:368" : {"timestamp" : 1346182715, "air_time" : 4,
 		"sequence" : 368, "fails" : 3,
 		"retries" : 0, "sample_1" : 10.45,
 		"sample_2" : -9.11, "sample_3" : 6.80,
 		"sample_4" : 0, "node_id" : 7},

	"7:369" : {"timestamp" : 1346182716, "air_time" : 7,
 		"sequence" : 369, "fails" : 0,
 		"retries" : 0, "sample_1" : 11.80,
 		"sample_2" : -7.79, "sample_3" : 5.38,
 		"sample_4" : 0, "node_id" : 7},

	"7:370" : {"timestamp" : 1346182717, "air_time" : 2,
 		"sequence" : 370, "fails" : 2,
 		"retries" : 1, "sample_1" : 11.55,
 		"sample_2" : -7.02, "sample_3" : 2.83,
 		"sample_4" : 0, "node_id" : 7},

	"7:371" : {"timestamp" : 1346182718, "air_time" : 4,
 		"sequence" : 371, "fails" : 0,
 		"retries" : 2, "sample_1" : 11.30,
 		"sample_2" : -5.92, "sample_3" : 1.91,
 		"sample_4" : 0, "node_id" : 7},

	"7:372" : {"timestamp" : 1346182719, "air_time" : 3,
 		"sequence" : 372, "fails" : 3,
 		"retries" : 1, "sample_1" : 10.56,
 		"sample_2" : -3.75, "sample_3" : -0.83,
 		"sample_4" : 0, "node_id" : 7},

	"7:373" : {"timestamp" : 1346182720, "air_time" : 0,
 		"sequence" : 373, "fails" : 3,
 		"retries" : 0, "sample_1" : 9.56,
 		"sample_2" : -1.23, "sample_3" : -2.54,
 		"sample_4" : 0, "node_id" : 7},

	"7:374" : {"timestamp" : 1346182721, "air_time" : 9,
 		"sequence" : 374, "fails" : 0,
 		"retries" : 1, "sample_1" : 7.93,
 		"sample_2" : -0.93, "sample_3" : -3.47,
 		"sample_4" : 0, "node_id" : 7},

	"7:375" : {"timestamp" : 1346182722, "air_time" : 9,
 		"sequence" : 375, "fails" : 2,
 		"retries" : 0, "sample_1" : 6.80,
 		"sample_2" : 2.02, "sample_3" : -5.77,
 		"sample_4" : 0, "node_id" : 7},

	"7:376" : {"timestamp" : 1346182723, "air_time" : 5,
 		"sequence" : 376, "fails" : 3,
 		"retries" : 1, "sample_1" : 4.92,
 		"sample_2" : 3.74, "sample_3" : -5.58,
 		"sample_4" : 0, "node_id" : 7},

	"7:377" : {"timestamp" : 1346182724, "air_time" : 4,
 		"sequence" : 377, "fails" : 2,
 		"retries" : 1, "sample_1" : 2.94,
 		"sample_2" : 4.20, "sample_3" : -7.58,
 		"sample_4" : 0, "node_id" : 7},

	"7:378" : {"timestamp" : 1346182725, "air_time" : 9,
 		"sequence" : 378, "fails" : 0,
 		"retries" : 1, "sample_1" : 0.20,
 		"sample_2" : 6.04, "sample_3" : -8.03,
 		"sample_4" : 0, "node_id" : 7},

	"7:379" : {"timestamp" : 1346182726, "air_time" : 5,
 		"sequence" : 379, "fails" : 0,
 		"retries" : 1, "sample_1" : -1.54,
 		"sample_2" : 7.11, "sample_3" : -9.40,
 		"sample_4" : 0, "node_id" : 7},

	"7:380" : {"timestamp" : 1346182727, "air_time" : 6,
 		"sequence" : 380, "fails" : 3,
 		"retries" : 0, "sample_1" : -2.22,
 		"sample_2" : 9.68, "sample_3" : -9.77,
 		"sample_4" : 0, "node_id" : 7},

	"7:381" : {"timestamp" : 1346182728, "air_time" : 7,
 		"sequence" : 381, "fails" : 1,
 		"retries" : 2, "sample_1" : -4.50,
 		"sample_2" : 10.41, "sample_3" : -9.65,
 		"sample_4" : 0, "node_id" : 7},

	"7:382" : {"timestamp" : 1346182729, "air_time" : 6,
 		"sequence" : 382, "fails" : 3,
 		"retries" : 1, "sample_1" : -5.03,
 		"sample_2" : 10.66, "sample_3" : -8.62,
 		"sample_4" : 0, "node_id" : 7},

	"7:383" : {"timestamp" : 1346182730, "air_time" : 7,
 		"sequence" : 383, "fails" : 3,
 		"retries" : 1, "sample_1" : -7.16,
 		"sample_2" : 10.62, "sample_3" : -8.39,
 		"sample_4" : 0, "node_id" : 7},

	"7:384" : {"timestamp" : 1346182731, "air_time" : 7,
 		"sequence" : 384, "fails" : 3,
 		"retries" : 2, "sample_1" : -6.76,
 		"sample_2" : 10.99, "sample_3" : -7.40,
 		"sample_4" : 0, "node_id" : 7},

	"7:385" : {"timestamp" : 1346182732, "air_time" : 7,
 		"sequence" : 385, "fails" : 1,
 		"retries" : 2, "sample_1" : -9.30,
 		"sample_2" : 10.55, "sample_3" : -6.86,
 		"sample_4" : 0, "node_id" : 7},

	"7:386" : {"timestamp" : 1346182733, "air_time" : 5,
 		"sequence" : 386, "fails" : 0,
 		"retries" : 1, "sample_1" : -9.25,
 		"sample_2" : 10.21, "sample_3" : -4.40,
 		"sample_4" : 0, "node_id" : 7},

	"7:387" : {"timestamp" : 1346182734, "air_time" : 2,
 		"sequence" : 387, "fails" : 2,
 		"retries" : 0, "sample_1" : -8.10,
 		"sample_2" : 8.39, "sample_3" : -2.78,
 		"sample_4" : 0, "node_id" : 7},

	"7:388" : {"timestamp" : 1346182735, "air_time" : 1,
 		"sequence" : 388, "fails" : 2,
 		"retries" : 2, "sample_1" : -8.15,
 		"sample_2" : 8.62, "sample_3" : -0.53,
 		"sample_4" : 0, "node_id" : 7},

	"7:389" : {"timestamp" : 1346182736, "air_time" : 4,
 		"sequence" : 389, "fails" : 1,
 		"retries" : 2, "sample_1" : -8.00,
 		"sample_2" : 6.72, "sample_3" : 1.19,
 		"sample_4" : 0, "node_id" : 7},

	"7:390" : {"timestamp" : 1346182737, "air_time" : 3,
 		"sequence" : 390, "fails" : 3,
 		"retries" : 0, "sample_1" : -8.66,
 		"sample_2" : 6.05, "sample_3" : 1.73,
 		"sample_4" : 0, "node_id" : 7},

	"7:391" : {"timestamp" : 1346182738, "air_time" : 1,
 		"sequence" : 391, "fails" : 1,
 		"retries" : 0, "sample_1" : -7.36,
 		"sample_2" : 3.83, "sample_3" : 3.24,
 		"sample_4" : 0, "node_id" : 7},

	"7:392" : {"timestamp" : 1346182739, "air_time" : 6,
 		"sequence" : 392, "fails" : 3,
 		"retries" : 0, "sample_1" : -5.03,
 		"sample_2" : 1.73, "sample_3" : 5.37,
 		"sample_4" : 0, "node_id" : 7},

	"7:393" : {"timestamp" : 1346182740, "air_time" : 0,
 		"sequence" : 393, "fails" : 0,
 		"retries" : 2, "sample_1" : -4.40,
 		"sample_2" : 0.28, "sample_3" : 6.77,
 		"sample_4" : 0, "node_id" : 7},

	"7:394" : {"timestamp" : 1346182741, "air_time" : 6,
 		"sequence" : 394, "fails" : 2,
 		"retries" : 2, "sample_1" : -2.92,
 		"sample_2" : -0.54, "sample_3" : 8.78,
 		"sample_4" : 0, "node_id" : 7},

	"7:395" : {"timestamp" : 1346182742, "air_time" : 2,
 		"sequence" : 395, "fails" : 1,
 		"retries" : 0, "sample_1" : 0.06,
 		"sample_2" : -2.00, "sample_3" : 9.68,
 		"sample_4" : 0, "node_id" : 7},

	"7:396" : {"timestamp" : 1346182743, "air_time" : 3,
 		"sequence" : 396, "fails" : 0,
 		"retries" : 1, "sample_1" : 1.60,
 		"sample_2" : -4.34, "sample_3" : 9.43,
 		"sample_4" : 0, "node_id" : 7},

	"7:397" : {"timestamp" : 1346182744, "air_time" : 2,
 		"sequence" : 397, "fails" : 2,
 		"retries" : 1, "sample_1" : 3.64,
 		"sample_2" : -5.01, "sample_3" : 9.70,
 		"sample_4" : 0, "node_id" : 7},

	"7:398" : {"timestamp" : 1346182745, "air_time" : 3,
 		"sequence" : 398, "fails" : 3,
 		"retries" : 0, "sample_1" : 3.42,
 		"sample_2" : -7.28, "sample_3" : 11.77,
 		"sample_4" : 0, "node_id" : 7},

	"7:399" : {"timestamp" : 1346182746, "air_time" : 6,
 		"sequence" : 399, "fails" : 2,
 		"retries" : 2, "sample_1" : 5.70,
 		"sample_2" : -7.51, "sample_3" : 10.75,
 		"sample_4" : 0, "node_id" : 7},

	"7:400" : {"timestamp" : 1346182747, "air_time" : 8,
 		"sequence" : 400, "fails" : 1,
 		"retries" : 2, "sample_1" : 7.53,
 		"sample_2" : -9.56, "sample_3" : 10.62,
 		"sample_4" : 0, "node_id" : 7},

	"7:401" : {"timestamp" : 1346182748, "air_time" : 6,
 		"sequence" : 401, "fails" : 2,
 		"retries" : 2, "sample_1" : 9.56,
 		"sample_2" : -9.22, "sample_3" : 9.59,
 		"sample_4" : 0, "node_id" : 7},

	"7:402" : {"timestamp" : 1346182749, "air_time" : 3,
 		"sequence" : 402, "fails" : 0,
 		"retries" : 1, "sample_1" : 10.16,
 		"sample_2" : -9.49, "sample_3" : 8.40,
 		"sample_4" : 0, "node_id" : 7},

	"7:403" : {"timestamp" : 1346182750, "air_time" : 1,
 		"sequence" : 403, "fails" : 1,
 		"retries" : 0, "sample_1" : 11.30,
 		"sample_2" : -8.45, "sample_3" : 8.56,
 		"sample_4" : 0, "node_id" : 7},

	"7:404" : {"timestamp" : 1346182751, "air_time" : 1,
 		"sequence" : 404, "fails" : 3,
 		"retries" : 0, "sample_1" : 10.25,
 		"sample_2" : -9.01, "sample_3" : 7.40,
 		"sample_4" : 0, "node_id" : 7},

	"7:405" : {"timestamp" : 1346182752, "air_time" : 2,
 		"sequence" : 405, "fails" : 3,
 		"retries" : 1, "sample_1" : 10.10,
 		"sample_2" : -7.29, "sample_3" : 5.08,
 		"sample_4" : 0, "node_id" : 7},

	"7:406" : {"timestamp" : 1346182753, "air_time" : 4,
 		"sequence" : 406, "fails" : 2,
 		"retries" : 2, "sample_1" : 9.85,
 		"sample_2" : -6.52, "sample_3" : 2.83,
 		"sample_4" : 0, "node_id" : 7},

	"7:407" : {"timestamp" : 1346182754, "air_time" : 6,
 		"sequence" : 407, "fails" : 1,
 		"retries" : 1, "sample_1" : 11.20,
 		"sample_2" : -5.92, "sample_3" : 1.21,
 		"sample_4" : 0, "node_id" : 7},

	"7:408" : {"timestamp" : 1346182755, "air_time" : 7,
 		"sequence" : 408, "fails" : 1,
 		"retries" : 0, "sample_1" : 9.66,
 		"sample_2" : -2.75, "sample_3" : -0.93,
 		"sample_4" : 0, "node_id" : 7},

	"7:409" : {"timestamp" : 1346182756, "air_time" : 1,
 		"sequence" : 409, "fails" : 1,
 		"retries" : 0, "sample_1" : 9.16,
 		"sample_2" : -2.23, "sample_3" : -1.54,
 		"sample_4" : 0, "node_id" : 7},

	"7:410" : {"timestamp" : 1346182757, "air_time" : 8,
 		"sequence" : 410, "fails" : 1,
 		"retries" : 0, "sample_1" : 7.03,
 		"sample_2" : -0.13, "sample_3" : -4.37,
 		"sample_4" : 0, "node_id" : 7},

	"7:411" : {"timestamp" : 1346182758, "air_time" : 9,
 		"sequence" : 411, "fails" : 0,
 		"retries" : 0, "sample_1" : 5.10,
 		"sample_2" : 0.92, "sample_3" : -4.47,
 		"sample_4" : 0, "node_id" : 7},

	"7:412" : {"timestamp" : 1346182759, "air_time" : 7,
 		"sequence" : 412, "fails" : 3,
 		"retries" : 1, "sample_1" : 4.82,
 		"sample_2" : 4.14, "sample_3" : -5.58,
 		"sample_4" : 0, "node_id" : 7},

	"7:413" : {"timestamp" : 1346182760, "air_time" : 7,
 		"sequence" : 413, "fails" : 0,
 		"retries" : 2, "sample_1" : 2.44,
 		"sample_2" : 5.20, "sample_3" : -8.18,
 		"sample_4" : 0, "node_id" : 7},

	"7:414" : {"timestamp" : 1346182761, "air_time" : 4,
 		"sequence" : 414, "fails" : 3,
 		"retries" : 1, "sample_1" : 1.10,
 		"sample_2" : 5.44, "sample_3" : -7.73,
 		"sample_4" : 0, "node_id" : 7},

	"7:415" : {"timestamp" : 1346182762, "air_time" : 8,
 		"sequence" : 415, "fails" : 3,
 		"retries" : 2, "sample_1" : 0.06,
 		"sample_2" : 7.61, "sample_3" : -8.80,
 		"sample_4" : 0, "node_id" : 7},

	"7:416" : {"timestamp" : 1346182763, "air_time" : 0,
 		"sequence" : 416, "fails" : 1,
 		"retries" : 0, "sample_1" : -2.32,
 		"sample_2" : 9.38, "sample_3" : -8.87,
 		"sample_4" : 0, "node_id" : 7},

	"7:417" : {"timestamp" : 1346182764, "air_time" : 5,
 		"sequence" : 417, "fails" : 0,
 		"retries" : 0, "sample_1" : -4.10,
 		"sample_2" : 10.61, "sample_3" : -9.35,
 		"sample_4" : 0, "node_id" : 7},

	"7:418" : {"timestamp" : 1346182765, "air_time" : 1,
 		"sequence" : 418, "fails" : 1,
 		"retries" : 1, "sample_1" : -5.53,
 		"sample_2" : 10.76, "sample_3" : -8.22,
 		"sample_4" : 0, "node_id" : 7},

	"7:419" : {"timestamp" : 1346182766, "air_time" : 2,
 		"sequence" : 419, "fails" : 0,
 		"retries" : 2, "sample_1" : -5.76,
 		"sample_2" : 11.02, "sample_3" : -7.69,
 		"sample_4" : 0, "node_id" : 7},

	"7:420" : {"timestamp" : 1346182767, "air_time" : 1,
 		"sequence" : 420, "fails" : 2,
 		"retries" : 2, "sample_1" : -8.16,
 		"sample_2" : 10.79, "sample_3" : -7.90,
 		"sample_4" : 0, "node_id" : 7},

	"7:421" : {"timestamp" : 1346182768, "air_time" : 7,
 		"sequence" : 421, "fails" : 2,
 		"retries" : 1, "sample_1" : -7.60,
 		"sample_2" : 10.65, "sample_3" : -5.46,
 		"sample_4" : 0, "node_id" : 7},

	"7:422" : {"timestamp" : 1346182769, "air_time" : 0,
 		"sequence" : 422, "fails" : 1,
 		"retries" : 1, "sample_1" : -9.35,
 		"sample_2" : 9.21, "sample_3" : -5.00,
 		"sample_4" : 0, "node_id" : 7},

	"7:423" : {"timestamp" : 1346182770, "air_time" : 3,
 		"sequence" : 423, "fails" : 0,
 		"retries" : 0, "sample_1" : -8.10,
 		"sample_2" : 8.89, "sample_3" : -3.48,
 		"sample_4" : 0, "node_id" : 7},

	"7:424" : {"timestamp" : 1346182771, "air_time" : 3,
 		"sequence" : 424, "fails" : 1,
 		"retries" : 0, "sample_1" : -9.75,
 		"sample_2" : 7.72, "sample_3" : -0.73,
 		"sample_4" : 0, "node_id" : 7},

	"7:425" : {"timestamp" : 1346182772, "air_time" : 0,
 		"sequence" : 425, "fails" : 1,
 		"retries" : 2, "sample_1" : -9.30,
 		"sample_2" : 7.42, "sample_3" : -0.71,
 		"sample_4" : 0, "node_id" : 7},

	"7:426" : {"timestamp" : 1346182773, "air_time" : 6,
 		"sequence" : 426, "fails" : 2,
 		"retries" : 2, "sample_1" : -8.56,
 		"sample_2" : 5.25, "sample_3" : 1.63,
 		"sample_4" : 0, "node_id" : 7},

	"7:427" : {"timestamp" : 1346182774, "air_time" : 9,
 		"sequence" : 427, "fails" : 2,
 		"retries" : 0, "sample_1" : -6.46,
 		"sample_2" : 3.53, "sample_3" : 4.14,
 		"sample_4" : 0, "node_id" : 7},

	"7:428" : {"timestamp" : 1346182775, "air_time" : 7,
 		"sequence" : 428, "fails" : 1,
 		"retries" : 0, "sample_1" : -6.43,
 		"sample_2" : 1.93, "sample_3" : 5.07,
 		"sample_4" : 0, "node_id" : 7},

	"7:429" : {"timestamp" : 1346182776, "air_time" : 5,
 		"sequence" : 429, "fails" : 1,
 		"retries" : 2, "sample_1" : -3.70,
 		"sample_2" : 0.38, "sample_3" : 6.07,
 		"sample_4" : 0, "node_id" : 7},

	"7:430" : {"timestamp" : 1346182777, "air_time" : 4,
 		"sequence" : 430, "fails" : 2,
 		"retries" : 0, "sample_1" : -2.42,
 		"sample_2" : -1.44, "sample_3" : 8.28,
 		"sample_4" : 0, "node_id" : 7},

	"7:431" : {"timestamp" : 1346182778, "air_time" : 7,
 		"sequence" : 431, "fails" : 3,
 		"retries" : 1, "sample_1" : -0.84,
 		"sample_2" : -2.10, "sample_3" : 9.48,
 		"sample_4" : 0, "node_id" : 7},

	"7:432" : {"timestamp" : 1346182779, "air_time" : 3,
 		"sequence" : 432, "fails" : 3,
 		"retries" : 1, "sample_1" : 0.30,
 		"sample_2" : -4.14, "sample_3" : 10.13,
 		"sample_4" : 0, "node_id" : 7},

	"7:433" : {"timestamp" : 1346182780, "air_time" : 2,
 		"sequence" : 433, "fails" : 1,
 		"retries" : 0, "sample_1" : 2.54,
 		"sample_2" : -6.31, "sample_3" : 10.20,
 		"sample_4" : 0, "node_id" : 7},

	"7:434" : {"timestamp" : 1346182781, "air_time" : 0,
 		"sequence" : 434, "fails" : 1,
 		"retries" : 2, "sample_1" : 3.82,
 		"sample_2" : -6.88, "sample_3" : 10.87,
 		"sample_4" : 0, "node_id" : 7},

	"7:435" : {"timestamp" : 1346182782, "air_time" : 0,
 		"sequence" : 435, "fails" : 3,
 		"retries" : 0, "sample_1" : 6.10,
 		"sample_2" : -8.61, "sample_3" : 11.45,
 		"sample_4" : 0, "node_id" : 7},

	"7:436" : {"timestamp" : 1346182783, "air_time" : 0,
 		"sequence" : 436, "fails" : 3,
 		"retries" : 2, "sample_1" : 7.43,
 		"sample_2" : -8.06, "sample_3" : 10.42,
 		"sample_4" : 0, "node_id" : 7},

	"7:437" : {"timestamp" : 1346182784, "air_time" : 2,
 		"sequence" : 437, "fails" : 2,
 		"retries" : 1, "sample_1" : 7.66,
 		"sample_2" : -9.42, "sample_3" : 10.69,
 		"sample_4" : 0, "node_id" : 7},

	"7:438" : {"timestamp" : 1346182785, "air_time" : 7,
 		"sequence" : 438, "fails" : 3,
 		"retries" : 0, "sample_1" : 10.16,
 		"sample_2" : -8.69, "sample_3" : 9.80,
 		"sample_4" : 0, "node_id" : 7},

	"7:439" : {"timestamp" : 1346182786, "air_time" : 2,
 		"sequence" : 439, "fails" : 1,
 		"retries" : 0, "sample_1" : 10.20,
 		"sample_2" : -7.85, "sample_3" : 8.36,
 		"sample_4" : 0, "node_id" : 7},

	"7:440" : {"timestamp" : 1346182787, "air_time" : 4,
 		"sequence" : 440, "fails" : 0,
 		"retries" : 0, "sample_1" : 11.15,
 		"sample_2" : -8.81, "sample_3" : 6.20,
 		"sample_4" : 0, "node_id" : 7},

	"7:441" : {"timestamp" : 1346182788, "air_time" : 4,
 		"sequence" : 441, "fails" : 1,
 		"retries" : 0, "sample_1" : 11.40,
 		"sample_2" : -6.89, "sample_3" : 4.98,
 		"sample_4" : 0, "node_id" : 7},

	"7:442" : {"timestamp" : 1346182789, "air_time" : 2,
 		"sequence" : 442, "fails" : 0,
 		"retries" : 2, "sample_1" : 10.55,
 		"sample_2" : -6.82, "sample_3" : 2.83,
 		"sample_4" : 0, "node_id" : 7},

	"7:443" : {"timestamp" : 1346182790, "air_time" : 0,
 		"sequence" : 443, "fails" : 1,
 		"retries" : 0, "sample_1" : 10.80,
 		"sample_2" : -5.52, "sample_3" : 2.31,
 		"sample_4" : 0, "node_id" : 7},

	"7:444" : {"timestamp" : 1346182791, "air_time" : 5,
 		"sequence" : 444, "fails" : 2,
 		"retries" : 2, "sample_1" : 10.06,
 		"sample_2" : -4.25, "sample_3" : 0.07,
 		"sample_4" : 0, "node_id" : 7},

	"7:445" : {"timestamp" : 1346182792, "air_time" : 1,
 		"sequence" : 445, "fails" : 1,
 		"retries" : 2, "sample_1" : 8.46,
 		"sample_2" : -2.73, "sample_3" : -1.44,
 		"sample_4" : 0, "node_id" : 7},

	"7:446" : {"timestamp" : 1346182793, "air_time" : 1,
 		"sequence" : 446, "fails" : 2,
 		"retries" : 2, "sample_1" : 7.13,
 		"sample_2" : 0.27, "sample_3" : -4.07,
 		"sample_4" : 0, "node_id" : 7},

	"7:447" : {"timestamp" : 1346182794, "air_time" : 4,
 		"sequence" : 447, "fails" : 0,
 		"retries" : 0, "sample_1" : 6.50,
 		"sample_2" : 1.52, "sample_3" : -4.37,
 		"sample_4" : 0, "node_id" : 7},

	"7:448" : {"timestamp" : 1346182795, "air_time" : 6,
 		"sequence" : 448, "fails" : 2,
 		"retries" : 0, "sample_1" : 4.92,
 		"sample_2" : 3.44, "sample_3" : -6.58,
 		"sample_4" : 0, "node_id" : 7},

	"7:449" : {"timestamp" : 1346182796, "air_time" : 6,
 		"sequence" : 449, "fails" : 2,
 		"retries" : 1, "sample_1" : 3.04,
 		"sample_2" : 4.60, "sample_3" : -7.58,
 		"sample_4" : 0, "node_id" : 7},

	"7:450" : {"timestamp" : 1346182797, "air_time" : 2,
 		"sequence" : 450, "fails" : 3,
 		"retries" : 1, "sample_1" : 1.30,
 		"sample_2" : 7.14, "sample_3" : -8.63,
 		"sample_4" : 0, "node_id" : 7},

	"7:451" : {"timestamp" : 1346182798, "air_time" : 8,
 		"sequence" : 451, "fails" : 0,
 		"retries" : 1, "sample_1" : -1.54,
 		"sample_2" : 8.71, "sample_3" : -8.00,
 		"sample_4" : 0, "node_id" : 7},

	"7:452" : {"timestamp" : 1346182799, "air_time" : 6,
 		"sequence" : 452, "fails" : 1,
 		"retries" : 2, "sample_1" : -2.42,
 		"sample_2" : 7.98, "sample_3" : -8.47,
 		"sample_4" : 0, "node_id" : 7},

	"7:453" : {"timestamp" : 1346182800, "air_time" : 1,
 		"sequence" : 453, "fails" : 1,
 		"retries" : 0, "sample_1" : -4.00,
 		"sample_2" : 9.91, "sample_3" : -9.85,
 		"sample_4" : 0, "node_id" : 7},

	"7:454" : {"timestamp" : 1346182801, "air_time" : 9,
 		"sequence" : 454, "fails" : 1,
 		"retries" : 1, "sample_1" : -5.93,
 		"sample_2" : 10.06, "sample_3" : -8.12,
 		"sample_4" : 0, "node_id" : 7},

	"7:455" : {"timestamp" : 1346182802, "air_time" : 5,
 		"sequence" : 455, "fails" : 0,
 		"retries" : 1, "sample_1" : -5.86,
 		"sample_2" : 11.72, "sample_3" : -8.59,
 		"sample_4" : 0, "node_id" : 7},

	"7:456" : {"timestamp" : 1346182803, "air_time" : 7,
 		"sequence" : 456, "fails" : 0,
 		"retries" : 0, "sample_1" : -6.96,
 		"sample_2" : 10.99, "sample_3" : -6.20,
 		"sample_4" : 0, "node_id" : 7},

	"7:457" : {"timestamp" : 1346182804, "air_time" : 4,
 		"sequence" : 457, "fails" : 3,
 		"retries" : 0, "sample_1" : -8.90,
 		"sample_2" : 9.75, "sample_3" : -5.66,
 		"sample_4" : 0, "node_id" : 7},

	"7:458" : {"timestamp" : 1346182805, "air_time" : 4,
 		"sequence" : 458, "fails" : 1,
 		"retries" : 1, "sample_1" : -8.15,
 		"sample_2" : 10.81, "sample_3" : -3.90,
 		"sample_4" : 0, "node_id" : 7},

	"7:459" : {"timestamp" : 1346182806, "air_time" : 0,
 		"sequence" : 459, "fails" : 3,
 		"retries" : 1, "sample_1" : -8.80,
 		"sample_2" : 8.69, "sample_3" : -3.68,
 		"sample_4" : 0, "node_id" : 7},

	"7:460" : {"timestamp" : 1346182807, "air_time" : 2,
 		"sequence" : 460, "fails" : 3,
 		"retries" : 2, "sample_1" : -8.65,
 		"sample_2" : 8.82, "sample_3" : -0.53,
 		"sample_4" : 0, "node_id" : 7},

	"7:461" : {"timestamp" : 1346182808, "air_time" : 6,
 		"sequence" : 461, "fails" : 3,
 		"retries" : 1, "sample_1" : -7.50,
 		"sample_2" : 6.92, "sample_3" : 0.69,
 		"sample_4" : 0, "node_id" : 7},

	"7:462" : {"timestamp" : 1346182809, "air_time" : 1,
 		"sequence" : 462, "fails" : 1,
 		"retries" : 1, "sample_1" : -6.96,
 		"sample_2" : 5.75, "sample_3" : 2.73,
 		"sample_4" : 0, "node_id" : 7},

	"7:463" : {"timestamp" : 1346182810, "air_time" : 0,
 		"sequence" : 463, "fails" : 1,
 		"retries" : 1, "sample_1" : -7.06,
 		"sample_2" : 3.33, "sample_3" : 2.94,
 		"sample_4" : 0, "node_id" : 7},

	"7:464" : {"timestamp" : 1346182811, "air_time" : 1,
 		"sequence" : 464, "fails" : 0,
 		"retries" : 1, "sample_1" : -5.63,
 		"sample_2" : 2.13, "sample_3" : 5.87,
 		"sample_4" : 0, "node_id" : 7},

	"7:465" : {"timestamp" : 1346182812, "air_time" : 8,
 		"sequence" : 465, "fails" : 3,
 		"retries" : 1, "sample_1" : -4.10,
 		"sample_2" : -0.42, "sample_3" : 6.67,
 		"sample_4" : 0, "node_id" : 7},

	"7:466" : {"timestamp" : 1346182813, "air_time" : 5,
 		"sequence" : 466, "fails" : 0,
 		"retries" : 0, "sample_1" : -1.62,
 		"sample_2" : -1.84, "sample_3" : 7.68,
 		"sample_4" : 0, "node_id" : 7},

	"7:467" : {"timestamp" : 1346182814, "air_time" : 8,
 		"sequence" : 467, "fails" : 3,
 		"retries" : 0, "sample_1" : -1.74,
 		"sample_2" : -2.60, "sample_3" : 8.48,
 		"sample_4" : 0, "node_id" : 7},

	"7:468" : {"timestamp" : 1346182815, "air_time" : 0,
 		"sequence" : 468, "fails" : 0,
 		"retries" : 2, "sample_1" : 0.30,
 		"sample_2" : -4.54, "sample_3" : 10.83,
 		"sample_4" : 0, "node_id" : 7},

	"7:469" : {"timestamp" : 1346182816, "air_time" : 6,
 		"sequence" : 469, "fails" : 0,
 		"retries" : 0, "sample_1" : 3.64,
 		"sample_2" : -4.91, "sample_3" : 9.80,
 		"sample_4" : 0, "node_id" : 7},

	"7:470" : {"timestamp" : 1346182817, "air_time" : 1,
 		"sequence" : 470, "fails" : 2,
 		"retries" : 2, "sample_1" : 3.62,
 		"sample_2" : -7.28, "sample_3" : 11.37,
 		"sample_4" : 0, "node_id" : 7},

	"7:471" : {"timestamp" : 1346182818, "air_time" : 3,
 		"sequence" : 471, "fails" : 2,
 		"retries" : 0, "sample_1" : 5.10,
 		"sample_2" : -8.51, "sample_3" : 11.35,
 		"sample_4" : 0, "node_id" : 7},

	"7:472" : {"timestamp" : 1346182819, "air_time" : 9,
 		"sequence" : 472, "fails" : 2,
 		"retries" : 2, "sample_1" : 6.53,
 		"sample_2" : -7.66, "sample_3" : 10.12,
 		"sample_4" : 0, "node_id" : 7},

	"7:473" : {"timestamp" : 1346182820, "air_time" : 5,
 		"sequence" : 473, "fails" : 1,
 		"retries" : 2, "sample_1" : 9.16,
 		"sample_2" : -9.22, "sample_3" : 10.49,
 		"sample_4" : 0, "node_id" : 7},

	"7:474" : {"timestamp" : 1346182821, "air_time" : 5,
 		"sequence" : 474, "fails" : 2,
 		"retries" : 2, "sample_1" : 10.36,
 		"sample_2" : -8.99, "sample_3" : 9.90,
 		"sample_4" : 0, "node_id" : 7},

	"7:475" : {"timestamp" : 1346182822, "air_time" : 0,
 		"sequence" : 475, "fails" : 1,
 		"retries" : 0, "sample_1" : 9.80,
 		"sample_2" : -8.45, "sample_3" : 8.66,
 		"sample_4" : 0, "node_id" : 7},

	"7:476" : {"timestamp" : 1346182823, "air_time" : 4,
 		"sequence" : 476, "fails" : 0,
 		"retries" : 0, "sample_1" : 11.75,
 		"sample_2" : -8.41, "sample_3" : 5.70,
 		"sample_4" : 0, "node_id" : 7},

	"7:477" : {"timestamp" : 1346182824, "air_time" : 1,
 		"sequence" : 477, "fails" : 1,
 		"retries" : 2, "sample_1" : 10.40,
 		"sample_2" : -7.69, "sample_3" : 4.08,
 		"sample_4" : 0, "node_id" : 7},

	"7:478" : {"timestamp" : 1346182825, "air_time" : 4,
 		"sequence" : 478, "fails" : 3,
 		"retries" : 1, "sample_1" : 9.95,
 		"sample_2" : -5.52, "sample_3" : 3.83,
 		"sample_4" : 0, "node_id" : 7},

	"7:479" : {"timestamp" : 1346182826, "air_time" : 1,
 		"sequence" : 479, "fails" : 0,
 		"retries" : 0, "sample_1" : 9.40,
 		"sample_2" : -5.82, "sample_3" : 1.91,
 		"sample_4" : 0, "node_id" : 7},

	"7:480" : {"timestamp" : 1346182827, "air_time" : 2,
 		"sequence" : 480, "fails" : 3,
 		"retries" : 2, "sample_1" : 10.16,
 		"sample_2" : -4.45, "sample_3" : 0.67,
 		"sample_4" : 0, "node_id" : 7},

	"7:481" : {"timestamp" : 1346182828, "air_time" : 8,
 		"sequence" : 481, "fails" : 3,
 		"retries" : 2, "sample_1" : 8.76,
 		"sample_2" : -1.23, "sample_3" : -1.14,
 		"sample_4" : 0, "node_id" : 7},

	"7:482" : {"timestamp" : 1346182829, "air_time" : 2,
 		"sequence" : 482, "fails" : 1,
 		"retries" : 2, "sample_1" : 7.63,
 		"sample_2" : 0.07, "sample_3" : -3.37,
 		"sample_4" : 0, "node_id" : 7},

	"7:483" : {"timestamp" : 1346182830, "air_time" : 0,
 		"sequence" : 483, "fails" : 1,
 		"retries" : 2, "sample_1" : 6.40,
 		"sample_2" : 0.62, "sample_3" : -5.77,
 		"sample_4" : 0, "node_id" : 7},

	"7:484" : {"timestamp" : 1346182831, "air_time" : 8,
 		"sequence" : 484, "fails" : 1,
 		"retries" : 0, "sample_1" : 4.52,
 		"sample_2" : 3.54, "sample_3" : -5.88,
 		"sample_4" : 0, "node_id" : 7},

	"7:485" : {"timestamp" : 1346182832, "air_time" : 9,
 		"sequence" : 485, "fails" : 3,
 		"retries" : 0, "sample_1" : 2.94,
 		"sample_2" : 5.70, "sample_3" : -6.78,
 		"sample_4" : 0, "node_id" : 7},

	"7:486" : {"timestamp" : 1346182833, "air_time" : 2,
 		"sequence" : 486, "fails" : 0,
 		"retries" : 2, "sample_1" : 0.10,
 		"sample_2" : 6.44, "sample_3" : -8.63,
 		"sample_4" : 0, "node_id" : 7},

	"7:487" : {"timestamp" : 1346182834, "air_time" : 7,
 		"sequence" : 487, "fails" : 1,
 		"retries" : 1, "sample_1" : -1.34,
 		"sample_2" : 8.71, "sample_3" : -9.50,
 		"sample_4" : 0, "node_id" : 7},

	"7:488" : {"timestamp" : 1346182835, "air_time" : 7,
 		"sequence" : 488, "fails" : 1,
 		"retries" : 1, "sample_1" : -3.32,
 		"sample_2" : 8.88, "sample_3" : -9.37,
 		"sample_4" : 0, "node_id" : 7},

	"7:489" : {"timestamp" : 1346182836, "air_time" : 6,
 		"sequence" : 489, "fails" : 3,
 		"retries" : 0, "sample_1" : -3.50,
 		"sample_2" : 9.71, "sample_3" : -9.45,
 		"sample_4" : 0, "node_id" : 7},

	"7:490" : {"timestamp" : 1346182837, "air_time" : 4,
 		"sequence" : 490, "fails" : 0,
 		"retries" : 0, "sample_1" : -6.13,
 		"sample_2" : 9.66, "sample_3" : -8.02,
 		"sample_4" : 0, "node_id" : 7},

	"7:491" : {"timestamp" : 1346182838, "air_time" : 9,
 		"sequence" : 491, "fails" : 2,
 		"retries" : 1, "sample_1" : -6.36,
 		"sample_2" : 9.92, "sample_3" : -8.29,
 		"sample_4" : 0, "node_id" : 7},

	"7:492" : {"timestamp" : 1346182839, "air_time" : 9,
 		"sequence" : 492, "fails" : 2,
 		"retries" : 2, "sample_1" : -8.16,
 		"sample_2" : 10.79, "sample_3" : -6.60,
 		"sample_4" : 0, "node_id" : 7},

	"7:493" : {"timestamp" : 1346182840, "air_time" : 2,
 		"sequence" : 493, "fails" : 1,
 		"retries" : 2, "sample_1" : -7.50,
 		"sample_2" : 10.05, "sample_3" : -5.96,
 		"sample_4" : 0, "node_id" : 7},

	"7:494" : {"timestamp" : 1346182841, "air_time" : 7,
 		"sequence" : 494, "fails" : 3,
 		"retries" : 2, "sample_1" : -8.05,
 		"sample_2" : 10.51, "sample_3" : -4.30,
 		"sample_4" : 0, "node_id" : 7},

	"7:495" : {"timestamp" : 1346182842, "air_time" : 2,
 		"sequence" : 495, "fails" : 3,
 		"retries" : 1, "sample_1" : -8.60,
 		"sample_2" : 9.39, "sample_3" : -3.38,
 		"sample_4" : 0, "node_id" : 7},

	"7:496" : {"timestamp" : 1346182843, "air_time" : 7,
 		"sequence" : 496, "fails" : 0,
 		"retries" : 2, "sample_1" : -7.95,
 		"sample_2" : 8.52, "sample_3" : -1.13,
 		"sample_4" : 0, "node_id" : 7},

	"7:497" : {"timestamp" : 1346182844, "air_time" : 3,
 		"sequence" : 497, "fails" : 1,
 		"retries" : 2, "sample_1" : -7.60,
 		"sample_2" : 6.72, "sample_3" : 0.69,
 		"sample_4" : 0, "node_id" : 7},

	"7:498" : {"timestamp" : 1346182845, "air_time" : 0,
 		"sequence" : 498, "fails" : 0,
 		"retries" : 1, "sample_1" : -7.66,
 		"sample_2" : 5.05, "sample_3" : 1.43,
 		"sample_4" : 0, "node_id" : 7},

	"7:499" : {"timestamp" : 1346182846, "air_time" : 1,
 		"sequence" : 499, "fails" : 0,
 		"retries" : 2, "sample_1" : -7.06,
 		"sample_2" : 3.43, "sample_3" : 4.34,
 		"sample_4" : 0, "node_id" : 7},

	"7:500" : {"timestamp" : 1346182847, "air_time" : 9,
 		"sequence" : 500, "fails" : 0,
 		"retries" : 0, "sample_1" : -5.73,
 		"sample_2" : 2.13, "sample_3" : 4.37,
 		"sample_4" : 0, "node_id" : 7},

	"7:501" : {"timestamp" : 1346182848, "air_time" : 6,
 		"sequence" : 501, "fails" : 3,
 		"retries" : 1, "sample_1" : -3.40,
 		"sample_2" : 0.28, "sample_3" : 7.77,
 		"sample_4" : 0, "node_id" : 7},

	"7:502" : {"timestamp" : 1346182849, "air_time" : 7,
 		"sequence" : 502, "fails" : 0,
 		"retries" : 2, "sample_1" : -3.22,
 		"sample_2" : -1.64, "sample_3" : 8.08,
 		"sample_4" : 0, "node_id" : 7},

	"7:503" : {"timestamp" : 1346182850, "air_time" : 5,
 		"sequence" : 503, "fails" : 2,
 		"retries" : 2, "sample_1" : -0.04,
 		"sample_2" : -2.10, "sample_3" : 9.48,
 		"sample_4" : 0, "node_id" : 7},

	"7:504" : {"timestamp" : 1346182851, "air_time" : 7,
 		"sequence" : 504, "fails" : 1,
 		"retries" : 2, "sample_1" : 1.50,
 		"sample_2" : -5.44, "sample_3" : 9.93,
 		"sample_4" : 0, "node_id" : 7},

	"7:505" : {"timestamp" : 1346182852, "air_time" : 3,
 		"sequence" : 505, "fails" : 1,
 		"retries" : 2, "sample_1" : 2.74,
 		"sample_2" : -6.61, "sample_3" : 11.20,
 		"sample_4" : 0, "node_id" : 7},

	"7:506" : {"timestamp" : 1346182853, "air_time" : 4,
 		"sequence" : 506, "fails" : 1,
 		"retries" : 0, "sample_1" : 4.82,
 		"sample_2" : -7.28, "sample_3" : 11.07,
 		"sample_4" : 0, "node_id" : 7},

	"7:507" : {"timestamp" : 1346182854, "air_time" : 2,
 		"sequence" : 507, "fails" : 1,
 		"retries" : 1, "sample_1" : 5.60,
 		"sample_2" : -8.71, "sample_3" : 10.85,
 		"sample_4" : 0, "node_id" : 7},

	"7:508" : {"timestamp" : 1346182855, "air_time" : 8,
 		"sequence" : 508, "fails" : 2,
 		"retries" : 2, "sample_1" : 7.13,
 		"sample_2" : -8.76, "sample_3" : 11.42,
 		"sample_4" : 0, "node_id" : 7},

	"7:509" : {"timestamp" : 1346182856, "air_time" : 2,
 		"sequence" : 509, "fails" : 2,
 		"retries" : 0, "sample_1" : 8.66,
 		"sample_2" : -8.32, "sample_3" : 9.89,
 		"sample_4" : 0, "node_id" : 7},

	"7:510" : {"timestamp" : 1346182857, "air_time" : 1,
 		"sequence" : 510, "fails" : 0,
 		"retries" : 1, "sample_1" : 10.06,
 		"sample_2" : -8.79, "sample_3" : 9.50,
 		"sample_4" : 0, "node_id" : 7},

	"7:511" : {"timestamp" : 1346182858, "air_time" : 2,
 		"sequence" : 511, "fails" : 2,
 		"retries" : 2, "sample_1" : 9.80,
 		"sample_2" : -7.85, "sample_3" : 7.76,
 		"sample_4" : 0, "node_id" : 7},

	"7:512" : {"timestamp" : 1346182859, "air_time" : 9,
 		"sequence" : 512, "fails" : 2,
 		"retries" : 1, "sample_1" : 11.45,
 		"sample_2" : -8.31, "sample_3" : 6.40,
 		"sample_4" : 0, "node_id" : 7},

	"7:513" : {"timestamp" : 1346182860, "air_time" : 1,
 		"sequence" : 513, "fails" : 0,
 		"retries" : 1, "sample_1" : 10.80,
 		"sample_2" : -7.59, "sample_3" : 5.68,
 		"sample_4" : 0, "node_id" : 7},

	"7:514" : {"timestamp" : 1346182861, "air_time" : 0,
 		"sequence" : 514, "fails" : 0,
 		"retries" : 1, "sample_1" : 11.55,
 		"sample_2" : -6.62, "sample_3" : 3.23,
 		"sample_4" : 0, "node_id" : 7},

	"7:515" : {"timestamp" : 1346182862, "air_time" : 5,
 		"sequence" : 515, "fails" : 2,
 		"retries" : 1, "sample_1" : 11.00,
 		"sample_2" : -4.82, "sample_3" : 1.11,
 		"sample_4" : 0, "node_id" : 7},

	"7:516" : {"timestamp" : 1346182863, "air_time" : 5,
 		"sequence" : 516, "fails" : 2,
 		"retries" : 1, "sample_1" : 9.36,
 		"sample_2" : -3.85, "sample_3" : 0.57,
 		"sample_4" : 0, "node_id" : 7},

	"7:517" : {"timestamp" : 1346182864, "air_time" : 2,
 		"sequence" : 517, "fails" : 3,
 		"retries" : 2, "sample_1" : 7.86,
 		"sample_2" : -1.13, "sample_3" : -1.54,
 		"sample_4" : 0, "node_id" : 7},

	"7:518" : {"timestamp" : 1346182865, "air_time" : 3,
 		"sequence" : 518, "fails" : 0,
 		"retries" : 2, "sample_1" : 7.43,
 		"sample_2" : 0.07, "sample_3" : -3.07,
 		"sample_4" : 0, "node_id" : 7},

	"7:519" : {"timestamp" : 1346182866, "air_time" : 3,
 		"sequence" : 519, "fails" : 0,
 		"retries" : 2, "sample_1" : 5.70,
 		"sample_2" : 0.72, "sample_3" : -3.97,
 		"sample_4" : 0, "node_id" : 7},

	"7:520" : {"timestamp" : 1346182867, "air_time" : 9,
 		"sequence" : 520, "fails" : 3,
 		"retries" : 1, "sample_1" : 3.82,
 		"sample_2" : 3.74, "sample_3" : -6.38,
 		"sample_4" : 0, "node_id" : 7},

	"7:521" : {"timestamp" : 1346182868, "air_time" : 9,
 		"sequence" : 521, "fails" : 3,
 		"retries" : 0, "sample_1" : 2.14,
 		"sample_2" : 4.00, "sample_3" : -7.58,
 		"sample_4" : 0, "node_id" : 7},

	"7:522" : {"timestamp" : 1346182869, "air_time" : 1,
 		"sequence" : 522, "fails" : 3,
 		"retries" : 1, "sample_1" : 1.40,
 		"sample_2" : 7.04, "sample_3" : -8.13,
 		"sample_4" : 0, "node_id" : 7},

	"7:523" : {"timestamp" : 1346182870, "air_time" : 3,
 		"sequence" : 523, "fails" : 0,
 		"retries" : 0, "sample_1" : -1.14,
 		"sample_2" : 7.31, "sample_3" : -8.80,
 		"sample_4" : 0, "node_id" : 7},

	"7:524" : {"timestamp" : 1346182871, "air_time" : 8,
 		"sequence" : 524, "fails" : 0,
 		"retries" : 0, "sample_1" : -1.82,
 		"sample_2" : 9.78, "sample_3" : -8.37,
 		"sample_4" : 0, "node_id" : 7},

	"7:525" : {"timestamp" : 1346182872, "air_time" : 9,
 		"sequence" : 525, "fails" : 0,
 		"retries" : 1, "sample_1" : -4.30,
 		"sample_2" : 9.21, "sample_3" : -9.65,
 		"sample_4" : 0, "node_id" : 7},

	"7:526" : {"timestamp" : 1346182873, "air_time" : 8,
 		"sequence" : 526, "fails" : 1,
 		"retries" : 2, "sample_1" : -5.73,
 		"sample_2" : 11.06, "sample_3" : -8.02,
 		"sample_4" : 0, "node_id" : 7},

	"7:527" : {"timestamp" : 1346182874, "air_time" : 3,
 		"sequence" : 527, "fails" : 0,
 		"retries" : 2, "sample_1" : -7.46,
 		"sample_2" : 10.42, "sample_3" : -7.69,
 		"sample_4" : 0, "node_id" : 7},

	"7:528" : {"timestamp" : 1346182875, "air_time" : 1,
 		"sequence" : 528, "fails" : 3,
 		"retries" : 0, "sample_1" : -8.46,
 		"sample_2" : 10.59, "sample_3" : -7.80,
 		"sample_4" : 0, "node_id" : 7},

	"7:529" : {"timestamp" : 1346182876, "air_time" : 7,
 		"sequence" : 529, "fails" : 3,
 		"retries" : 1, "sample_1" : -9.40,
 		"sample_2" : 11.25, "sample_3" : -5.26,
 		"sample_4" : 0, "node_id" : 7},

	"7:530" : {"timestamp" : 1346182877, "air_time" : 8,
 		"sequence" : 530, "fails" : 3,
 		"retries" : 0, "sample_1" : -9.15,
 		"sample_2" : 10.81, "sample_3" : -5.40,
 		"sample_4" : 0, "node_id" : 7},

	"7:531" : {"timestamp" : 1346182878, "air_time" : 4,
 		"sequence" : 531, "fails" : 3,
 		"retries" : 2, "sample_1" : -9.00,
 		"sample_2" : 9.79, "sample_3" : -2.18,
 		"sample_4" : 0, "node_id" : 7},

	"7:532" : {"timestamp" : 1346182879, "air_time" : 1,
 		"sequence" : 532, "fails" : 2,
 		"retries" : 1, "sample_1" : -8.55,
 		"sample_2" : 9.22, "sample_3" : -0.73,
 		"sample_4" : 0, "node_id" : 7},

	"7:533" : {"timestamp" : 1346182880, "air_time" : 1,
 		"sequence" : 533, "fails" : 1,
 		"retries" : 0, "sample_1" : -8.50,
 		"sample_2" : 7.72, "sample_3" : 1.09,
 		"sample_4" : 0, "node_id" : 7},

	"7:534" : {"timestamp" : 1346182881, "air_time" : 0,
 		"sequence" : 534, "fails" : 2,
 		"retries" : 2, "sample_1" : -7.26,
 		"sample_2" : 6.45, "sample_3" : 1.43,
 		"sample_4" : 0, "node_id" : 7},

	"7:535" : {"timestamp" : 1346182882, "air_time" : 1,
 		"sequence" : 535, "fails" : 0,
 		"retries" : 1, "sample_1" : -6.86,
 		"sample_2" : 3.13, "sample_3" : 4.14,
 		"sample_4" : 0, "node_id" : 7},

	"7:536" : {"timestamp" : 1346182883, "air_time" : 8,
 		"sequence" : 536, "fails" : 1,
 		"retries" : 0, "sample_1" : -4.73,
 		"sample_2" : 1.53, "sample_3" : 4.37,
 		"sample_4" : 0, "node_id" : 7},

	"7:537" : {"timestamp" : 1346182884, "air_time" : 0,
 		"sequence" : 537, "fails" : 1,
 		"retries" : 2, "sample_1" : -3.30,
 		"sample_2" : 0.18, "sample_3" : 7.27,
 		"sample_4" : 0, "node_id" : 7},

	"7:538" : {"timestamp" : 1346182885, "air_time" : 3,
 		"sequence" : 538, "fails" : 2,
 		"retries" : 1, "sample_1" : -3.02,
 		"sample_2" : -1.04, "sample_3" : 7.38,
 		"sample_4" : 0, "node_id" : 7},

	"7:539" : {"timestamp" : 1346182886, "air_time" : 4,
 		"sequence" : 539, "fails" : 3,
 		"retries" : 1, "sample_1" : -0.14,
 		"sample_2" : -3.60, "sample_3" : 9.18,
 		"sample_4" : 0, "node_id" : 7},

	"7:540" : {"timestamp" : 1346182887, "air_time" : 2,
 		"sequence" : 540, "fails" : 3,
 		"retries" : 2, "sample_1" : 1.70,
 		"sample_2" : -5.44, "sample_3" : 9.43,
 		"sample_4" : 0, "node_id" : 7},

	"7:541" : {"timestamp" : 1346182888, "air_time" : 8,
 		"sequence" : 541, "fails" : 0,
 		"retries" : 1, "sample_1" : 3.04,
 		"sample_2" : -5.01, "sample_3" : 10.60,
 		"sample_4" : 0, "node_id" : 7},

	"7:542" : {"timestamp" : 1346182889, "air_time" : 7,
 		"sequence" : 542, "fails" : 2,
 		"retries" : 2, "sample_1" : 4.22,
 		"sample_2" : -6.38, "sample_3" : 11.57,
 		"sample_4" : 0, "node_id" : 7},

	"7:543" : {"timestamp" : 1346182890, "air_time" : 8,
 		"sequence" : 543, "fails" : 2,
 		"retries" : 0, "sample_1" : 5.80,
 		"sample_2" : -8.21, "sample_3" : 11.85,
 		"sample_4" : 0, "node_id" : 7},

	"7:544" : {"timestamp" : 1346182891, "air_time" : 4,
 		"sequence" : 544, "fails" : 1,
 		"retries" : 1, "sample_1" : 6.83,
 		"sample_2" : -8.06, "sample_3" : 11.12,
 		"sample_4" : 0, "node_id" : 7},

	"7:545" : {"timestamp" : 1346182892, "air_time" : 2,
 		"sequence" : 545, "fails" : 1,
 		"retries" : 1, "sample_1" : 8.66,
 		"sample_2" : -8.72, "sample_3" : 10.09,
 		"sample_4" : 0, "node_id" : 7},

	"7:546" : {"timestamp" : 1346182893, "air_time" : 8,
 		"sequence" : 546, "fails" : 3,
 		"retries" : 0, "sample_1" : 9.26,
 		"sample_2" : -9.29, "sample_3" : 8.50,
 		"sample_4" : 0, "node_id" : 7},

	"7:547" : {"timestamp" : 1346182894, "air_time" : 5,
 		"sequence" : 547, "fails" : 3,
 		"retries" : 1, "sample_1" : 10.20,
 		"sample_2" : -9.55, "sample_3" : 7.36,
 		"sample_4" : 0, "node_id" : 7},

	"7:548" : {"timestamp" : 1346182895, "air_time" : 3,
 		"sequence" : 548, "fails" : 0,
 		"retries" : 2, "sample_1" : 10.45,
 		"sample_2" : -8.81, "sample_3" : 7.10,
 		"sample_4" : 0, "node_id" : 7},

	"7:549" : {"timestamp" : 1346182896, "air_time" : 3,
 		"sequence" : 549, "fails" : 1,
 		"retries" : 1, "sample_1" : 11.50,
 		"sample_2" : -7.59, "sample_3" : 4.58,
 		"sample_4" : 0, "node_id" : 7},

	"7:550" : {"timestamp" : 1346182897, "air_time" : 4,
 		"sequence" : 550, "fails" : 2,
 		"retries" : 2, "sample_1" : 9.85,
 		"sample_2" : -6.12, "sample_3" : 3.23,
 		"sample_4" : 0, "node_id" : 7},

	"7:551" : {"timestamp" : 1346182898, "air_time" : 1,
 		"sequence" : 551, "fails" : 0,
 		"retries" : 0, "sample_1" : 10.40,
 		"sample_2" : -5.52, "sample_3" : 1.51,
 		"sample_4" : 0, "node_id" : 7},

	"7:552" : {"timestamp" : 1346182899, "air_time" : 2,
 		"sequence" : 552, "fails" : 2,
 		"retries" : 1, "sample_1" : 10.36,
 		"sample_2" : -3.25, "sample_3" : 0.87,
 		"sample_4" : 0, "node_id" : 7},

	"7:553" : {"timestamp" : 1346182900, "air_time" : 6,
 		"sequence" : 553, "fails" : 1,
 		"retries" : 1, "sample_1" : 8.36,
 		"sample_2" : -1.43, "sample_3" : -1.24,
 		"sample_4" : 0, "node_id" : 7},

	"7:554" : {"timestamp" : 1346182901, "air_time" : 7,
 		"sequence" : 554, "fails" : 1,
 		"retries" : 0, "sample_1" : 8.23,
 		"sample_2" : -0.23, "sample_3" : -3.27,
 		"sample_4" : 0, "node_id" : 7},

	"7:555" : {"timestamp" : 1346182902, "air_time" : 6,
 		"sequence" : 555, "fails" : 0,
 		"retries" : 0, "sample_1" : 6.80,
 		"sample_2" : 2.32, "sample_3" : -5.27,
 		"sample_4" : 0, "node_id" : 7},

	"7:556" : {"timestamp" : 1346182903, "air_time" : 3,
 		"sequence" : 556, "fails" : 0,
 		"retries" : 0, "sample_1" : 4.42,
 		"sample_2" : 3.64, "sample_3" : -5.58,
 		"sample_4" : 0, "node_id" : 7},

	"7:557" : {"timestamp" : 1346182904, "air_time" : 0,
 		"sequence" : 557, "fails" : 3,
 		"retries" : 1, "sample_1" : 1.94,
 		"sample_2" : 5.40, "sample_3" : -6.68,
 		"sample_4" : 0, "node_id" : 7},

	"7:558" : {"timestamp" : 1346182905, "air_time" : 3,
 		"sequence" : 558, "fails" : 0,
 		"retries" : 1, "sample_1" : 1.40,
 		"sample_2" : 6.34, "sample_3" : -9.13,
 		"sample_4" : 0, "node_id" : 7},

	"7:559" : {"timestamp" : 1346182906, "air_time" : 8,
 		"sequence" : 559, "fails" : 1,
 		"retries" : 1, "sample_1" : -1.24,
 		"sample_2" : 6.81, "sample_3" : -8.80,
 		"sample_4" : 0, "node_id" : 7},

	"7:560" : {"timestamp" : 1346182907, "air_time" : 0,
 		"sequence" : 560, "fails" : 3,
 		"retries" : 0, "sample_1" : -2.82,
 		"sample_2" : 9.68, "sample_3" : -8.87,
 		"sample_4" : 0, "node_id" : 7},

	"7:561" : {"timestamp" : 1346182908, "air_time" : 4,
 		"sequence" : 561, "fails" : 0,
 		"retries" : 1, "sample_1" : -4.20,
 		"sample_2" : 10.81, "sample_3" : -9.35,
 		"sample_4" : 0, "node_id" : 7},

	"7:562" : {"timestamp" : 1346182909, "air_time" : 2,
 		"sequence" : 562, "fails" : 3,
 		"retries" : 1, "sample_1" : -4.53,
 		"sample_2" : 9.76, "sample_3" : -9.02,
 		"sample_4" : 0, "node_id" : 7},

	"7:563" : {"timestamp" : 1346182910, "air_time" : 9,
 		"sequence" : 563, "fails" : 0,
 		"retries" : 2, "sample_1" : -7.26,
 		"sample_2" : 11.72, "sample_3" : -8.39,
 		"sample_4" : 0, "node_id" : 7},

	"7:564" : {"timestamp" : 1346182911, "air_time" : 9,
 		"sequence" : 564, "fails" : 3,
 		"retries" : 0, "sample_1" : -7.26,
 		"sample_2" : 11.39, "sample_3" : -7.80,
 		"sample_4" : 0, "node_id" : 7},

	"7:565" : {"timestamp" : 1346182912, "air_time" : 9,
 		"sequence" : 565, "fails" : 3,
 		"retries" : 2, "sample_1" : -9.00,
 		"sample_2" : 10.35, "sample_3" : -5.96,
 		"sample_4" : 0, "node_id" : 7},

	"7:566" : {"timestamp" : 1346182913, "air_time" : 1,
 		"sequence" : 566, "fails" : 1,
 		"retries" : 1, "sample_1" : -7.95,
 		"sample_2" : 10.51, "sample_3" : -4.90,
 		"sample_4" : 0, "node_id" : 7},

	"7:567" : {"timestamp" : 1346182914, "air_time" : 4,
 		"sequence" : 567, "fails" : 1,
 		"retries" : 2, "sample_1" : -8.50,
 		"sample_2" : 9.09, "sample_3" : -3.68,
 		"sample_4" : 0, "node_id" : 7},

	"7:568" : {"timestamp" : 1346182915, "air_time" : 1,
 		"sequence" : 568, "fails" : 1,
 		"retries" : 2, "sample_1" : -9.85,
 		"sample_2" : 7.82, "sample_3" : -1.93,
 		"sample_4" : 0, "node_id" : 7},

	"7:569" : {"timestamp" : 1346182916, "air_time" : 6,
 		"sequence" : 569, "fails" : 1,
 		"retries" : 2, "sample_1" : -8.30,
 		"sample_2" : 7.52, "sample_3" : 0.29,
 		"sample_4" : 0, "node_id" : 7},

	"7:570" : {"timestamp" : 1346182917, "air_time" : 1,
 		"sequence" : 570, "fails" : 0,
 		"retries" : 1, "sample_1" : -8.26,
 		"sample_2" : 6.15, "sample_3" : 1.73,
 		"sample_4" : 0, "node_id" : 7},

	"7:571" : {"timestamp" : 1346182918, "air_time" : 9,
 		"sequence" : 571, "fails" : 1,
 		"retries" : 2, "sample_1" : -6.26,
 		"sample_2" : 4.53, "sample_3" : 4.54,
 		"sample_4" : 0, "node_id" : 7},

	"7:572" : {"timestamp" : 1346182919, "air_time" : 9,
 		"sequence" : 572, "fails" : 3,
 		"retries" : 2, "sample_1" : -5.23,
 		"sample_2" : 1.93, "sample_3" : 5.67,
 		"sample_4" : 0, "node_id" : 7},

	"7:573" : {"timestamp" : 1346182920, "air_time" : 9,
 		"sequence" : 573, "fails" : 2,
 		"retries" : 0, "sample_1" : -3.80,
 		"sample_2" : -0.12, "sample_3" : 6.77,
 		"sample_4" : 0, "node_id" : 7},

	"7:574" : {"timestamp" : 1346182921, "air_time" : 0,
 		"sequence" : 574, "fails" : 2,
 		"retries" : 1, "sample_1" : -1.82,
 		"sample_2" : -1.34, "sample_3" : 8.08,
 		"sample_4" : 0, "node_id" : 7},

	"7:575" : {"timestamp" : 1346182922, "air_time" : 9,
 		"sequence" : 575, "fails" : 2,
 		"retries" : 2, "sample_1" : -0.54,
 		"sample_2" : -3.50, "sample_3" : 8.38,
 		"sample_4" : 0, "node_id" : 7},

	"7:576" : {"timestamp" : 1346182923, "air_time" : 4,
 		"sequence" : 576, "fails" : 1,
 		"retries" : 0, "sample_1" : 0.90,
 		"sample_2" : -4.14, "sample_3" : 9.73,
 		"sample_4" : 0, "node_id" : 7},

	"7:577" : {"timestamp" : 1346182924, "air_time" : 5,
 		"sequence" : 577, "fails" : 0,
 		"retries" : 2, "sample_1" : 1.84,
 		"sample_2" : -5.51, "sample_3" : 10.40,
 		"sample_4" : 0, "node_id" : 7},

	"7:578" : {"timestamp" : 1346182925, "air_time" : 6,
 		"sequence" : 578, "fails" : 2,
 		"retries" : 0, "sample_1" : 5.02,
 		"sample_2" : -6.08, "sample_3" : 10.47,
 		"sample_4" : 0, "node_id" : 7},

	"7:579" : {"timestamp" : 1346182926, "air_time" : 1,
 		"sequence" : 579, "fails" : 3,
 		"retries" : 2, "sample_1" : 5.20,
 		"sample_2" : -8.21, "sample_3" : 11.85,
 		"sample_4" : 0, "node_id" : 7},

	"7:580" : {"timestamp" : 1346182927, "air_time" : 3,
 		"sequence" : 580, "fails" : 1,
 		"retries" : 0, "sample_1" : 6.93,
 		"sample_2" : -8.26, "sample_3" : 10.92,
 		"sample_4" : 0, "node_id" : 7},

	"7:581" : {"timestamp" : 1346182928, "air_time" : 8,
 		"sequence" : 581, "fails" : 0,
 		"retries" : 2, "sample_1" : 8.16,
 		"sample_2" : -9.82, "sample_3" : 10.19,
 		"sample_4" : 0, "node_id" : 7},

	"7:582" : {"timestamp" : 1346182929, "air_time" : 4,
 		"sequence" : 582, "fails" : 3,
 		"retries" : 0, "sample_1" : 9.66,
 		"sample_2" : -8.29, "sample_3" : 10.00,
 		"sample_4" : 0, "node_id" : 7},

	"7:583" : {"timestamp" : 1346182930, "air_time" : 2,
 		"sequence" : 583, "fails" : 0,
 		"retries" : 1, "sample_1" : 10.10,
 		"sample_2" : -9.55, "sample_3" : 7.46,
 		"sample_4" : 0, "node_id" : 7},

	"7:584" : {"timestamp" : 1346182931, "air_time" : 3,
 		"sequence" : 584, "fails" : 0,
 		"retries" : 2, "sample_1" : 11.15,
 		"sample_2" : -7.31, "sample_3" : 6.10,
 		"sample_4" : 0, "node_id" : 7},

	"7:585" : {"timestamp" : 1346182932, "air_time" : 8,
 		"sequence" : 585, "fails" : 2,
 		"retries" : 1, "sample_1" : 10.40,
 		"sample_2" : -8.19, "sample_3" : 5.98,
 		"sample_4" : 0, "node_id" : 7},

	"7:586" : {"timestamp" : 1346182933, "air_time" : 7,
 		"sequence" : 586, "fails" : 2,
 		"retries" : 0, "sample_1" : 10.85,
 		"sample_2" : -6.62, "sample_3" : 3.23,
 		"sample_4" : 0, "node_id" : 7},

	"7:587" : {"timestamp" : 1346182934, "air_time" : 0,
 		"sequence" : 587, "fails" : 1,
 		"retries" : 2, "sample_1" : 11.30,
 		"sample_2" : -5.62, "sample_3" : 1.91,
 		"sample_4" : 0, "node_id" : 7},

	"7:588" : {"timestamp" : 1346182935, "air_time" : 0,
 		"sequence" : 588, "fails" : 0,
 		"retries" : 0, "sample_1" : 8.96,
 		"sample_2" : -3.65, "sample_3" : 0.17,
 		"sample_4" : 0, "node_id" : 7},

	"7:589" : {"timestamp" : 1346182936, "air_time" : 4,
 		"sequence" : 589, "fails" : 1,
 		"retries" : 1, "sample_1" : 9.56,
 		"sample_2" : -2.43, "sample_3" : -2.04,
 		"sample_4" : 0, "node_id" : 7},

	"7:590" : {"timestamp" : 1346182937, "air_time" : 7,
 		"sequence" : 590, "fails" : 2,
 		"retries" : 0, "sample_1" : 7.13,
 		"sample_2" : 0.37, "sample_3" : -3.07,
 		"sample_4" : 0, "node_id" : 7},

	"7:591" : {"timestamp" : 1346182938, "air_time" : 3,
 		"sequence" : 591, "fails" : 1,
 		"retries" : 0, "sample_1" : 6.00,
 		"sample_2" : 1.52, "sample_3" : -5.57,
 		"sample_4" : 0, "node_id" : 7},

	"7:592" : {"timestamp" : 1346182939, "air_time" : 5,
 		"sequence" : 592, "fails" : 1,
 		"retries" : 1, "sample_1" : 4.32,
 		"sample_2" : 3.14, "sample_3" : -6.38,
 		"sample_4" : 0, "node_id" : 7},

	"7:593" : {"timestamp" : 1346182940, "air_time" : 0,
 		"sequence" : 593, "fails" : 2,
 		"retries" : 1, "sample_1" : 1.94,
 		"sample_2" : 4.00, "sample_3" : -7.48,
 		"sample_4" : 0, "node_id" : 7},

	"7:594" : {"timestamp" : 1346182941, "air_time" : 6,
 		"sequence" : 594, "fails" : 3,
 		"retries" : 1, "sample_1" : 1.30,
 		"sample_2" : 5.44, "sample_3" : -7.73,
 		"sample_4" : 0, "node_id" : 7},

	"7:595" : {"timestamp" : 1346182942, "air_time" : 6,
 		"sequence" : 595, "fails" : 1,
 		"retries" : 0, "sample_1" : -0.24,
 		"sample_2" : 8.01, "sample_3" : -8.70,
 		"sample_4" : 0, "node_id" : 7},

	"7:596" : {"timestamp" : 1346182943, "air_time" : 5,
 		"sequence" : 596, "fails" : 0,
 		"retries" : 1, "sample_1" : -2.12,
 		"sample_2" : 8.98, "sample_3" : -9.37,
 		"sample_4" : 0, "node_id" : 7},

	"7:597" : {"timestamp" : 1346182944, "air_time" : 3,
 		"sequence" : 597, "fails" : 2,
 		"retries" : 1, "sample_1" : -3.20,
 		"sample_2" : 9.81, "sample_3" : -8.45,
 		"sample_4" : 0, "node_id" : 7},

	"7:598" : {"timestamp" : 1346182945, "air_time" : 1,
 		"sequence" : 598, "fails" : 1,
 		"retries" : 0, "sample_1" : -5.43,
 		"sample_2" : 9.56, "sample_3" : -7.72,
 		"sample_4" : 0, "node_id" : 7},

	"7:599" : {"timestamp" : 1346182946, "air_time" : 9,
 		"sequence" : 599, "fails" : 0,
 		"retries" : 1, "sample_1" : -7.26,
 		"sample_2" : 10.42, "sample_3" : -8.09,
 		"sample_4" : 0, "node_id" : 7},

	"7:600" : {"timestamp" : 1346182947, "air_time" : 2,
 		"sequence" : 600, "fails" : 2,
 		"retries" : 0, "sample_1" : -7.06,
 		"sample_2" : 11.19, "sample_3" : -8.10,
 		"sample_4" : 0, "node_id" : 7},

	"8:1" : {"timestamp" : 1346182348, "air_time" : 5,
 		"sequence" : 1, "fails" : 2,
 		"retries" : 0, "sample_1" : 1.84,
 		"sample_2" : -4.91, "sample_3" : 9.90,
 		"sample_4" : 0, "node_id" : 8},

	"8:2" : {"timestamp" : 1346182349, "air_time" : 0,
 		"sequence" : 2, "fails" : 1,
 		"retries" : 0, "sample_1" : 3.92,
 		"sample_2" : -6.18, "sample_3" : 10.57,
 		"sample_4" : 0, "node_id" : 8},

	"8:3" : {"timestamp" : 1346182350, "air_time" : 9,
 		"sequence" : 3, "fails" : 2,
 		"retries" : 2, "sample_1" : 6.10,
 		"sample_2" : -8.31, "sample_3" : 10.25,
 		"sample_4" : 0, "node_id" : 8},

	"8:4" : {"timestamp" : 1346182351, "air_time" : 8,
 		"sequence" : 4, "fails" : 0,
 		"retries" : 2, "sample_1" : 7.53,
 		"sample_2" : -7.66, "sample_3" : 11.22,
 		"sample_4" : 0, "node_id" : 8},

	"8:5" : {"timestamp" : 1346182352, "air_time" : 3,
 		"sequence" : 5, "fails" : 0,
 		"retries" : 2, "sample_1" : 7.66,
 		"sample_2" : -9.52, "sample_3" : 9.59,
 		"sample_4" : 0, "node_id" : 8},

	"8:6" : {"timestamp" : 1346182353, "air_time" : 7,
 		"sequence" : 6, "fails" : 3,
 		"retries" : 1, "sample_1" : 10.56,
 		"sample_2" : -8.49, "sample_3" : 9.30,
 		"sample_4" : 0, "node_id" : 8},

	"8:7" : {"timestamp" : 1346182354, "air_time" : 0,
 		"sequence" : 7, "fails" : 3,
 		"retries" : 1, "sample_1" : 9.50,
 		"sample_2" : -8.25, "sample_3" : 7.76,
 		"sample_4" : 0, "node_id" : 8},

	"8:8" : {"timestamp" : 1346182355, "air_time" : 7,
 		"sequence" : 8, "fails" : 3,
 		"retries" : 0, "sample_1" : 10.65,
 		"sample_2" : -9.21, "sample_3" : 6.80,
 		"sample_4" : 0, "node_id" : 8},

	"8:9" : {"timestamp" : 1346182356, "air_time" : 5,
 		"sequence" : 9, "fails" : 3,
 		"retries" : 0, "sample_1" : 11.10,
 		"sample_2" : -6.69, "sample_3" : 4.38,
 		"sample_4" : 0, "node_id" : 8},

	"8:10" : {"timestamp" : 1346182357, "air_time" : 6,
 		"sequence" : 10, "fails" : 0,
 		"retries" : 0, "sample_1" : 11.65,
 		"sample_2" : -7.02, "sample_3" : 2.63,
 		"sample_4" : 0, "node_id" : 8},

	"8:11" : {"timestamp" : 1346182358, "air_time" : 1,
 		"sequence" : 11, "fails" : 0,
 		"retries" : 0, "sample_1" : 9.40,
 		"sample_2" : -6.02, "sample_3" : 1.21,
 		"sample_4" : 0, "node_id" : 8},

	"8:12" : {"timestamp" : 1346182359, "air_time" : 4,
 		"sequence" : 12, "fails" : 0,
 		"retries" : 2, "sample_1" : 9.26,
 		"sample_2" : -3.65, "sample_3" : 0.77,
 		"sample_4" : 0, "node_id" : 8},

	"8:13" : {"timestamp" : 1346182360, "air_time" : 5,
 		"sequence" : 13, "fails" : 2,
 		"retries" : 2, "sample_1" : 7.96,
 		"sample_2" : -2.23, "sample_3" : -1.44,
 		"sample_4" : 0, "node_id" : 8},

	"8:14" : {"timestamp" : 1346182361, "air_time" : 6,
 		"sequence" : 14, "fails" : 2,
 		"retries" : 1, "sample_1" : 6.93,
 		"sample_2" : -0.03, "sample_3" : -2.47,
 		"sample_4" : 0, "node_id" : 8},

	"8:15" : {"timestamp" : 1346182362, "air_time" : 9,
 		"sequence" : 15, "fails" : 1,
 		"retries" : 2, "sample_1" : 5.20,
 		"sample_2" : 2.42, "sample_3" : -4.77,
 		"sample_4" : 0, "node_id" : 8},

	"8:16" : {"timestamp" : 1346182363, "air_time" : 7,
 		"sequence" : 16, "fails" : 3,
 		"retries" : 1, "sample_1" : 4.22,
 		"sample_2" : 3.34, "sample_3" : -6.08,
 		"sample_4" : 0, "node_id" : 8},

	"8:17" : {"timestamp" : 1346182364, "air_time" : 2,
 		"sequence" : 17, "fails" : 2,
 		"retries" : 1, "sample_1" : 3.34,
 		"sample_2" : 5.80, "sample_3" : -8.18,
 		"sample_4" : 0, "node_id" : 8},

	"8:18" : {"timestamp" : 1346182365, "air_time" : 7,
 		"sequence" : 18, "fails" : 0,
 		"retries" : 1, "sample_1" : 0.80,
 		"sample_2" : 6.64, "sample_3" : -7.43,
 		"sample_4" : 0, "node_id" : 8},

	"8:19" : {"timestamp" : 1346182366, "air_time" : 0,
 		"sequence" : 19, "fails" : 0,
 		"retries" : 2, "sample_1" : -0.34,
 		"sample_2" : 8.11, "sample_3" : -7.80,
 		"sample_4" : 0, "node_id" : 8},

	"8:20" : {"timestamp" : 1346182367, "air_time" : 6,
 		"sequence" : 20, "fails" : 3,
 		"retries" : 2, "sample_1" : -1.62,
 		"sample_2" : 8.58, "sample_3" : -9.87,
 		"sample_4" : 0, "node_id" : 8},

	"8:21" : {"timestamp" : 1346182368, "air_time" : 7,
 		"sequence" : 21, "fails" : 2,
 		"retries" : 1, "sample_1" : -3.90,
 		"sample_2" : 9.21, "sample_3" : -9.15,
 		"sample_4" : 0, "node_id" : 8},

	"8:22" : {"timestamp" : 1346182369, "air_time" : 1,
 		"sequence" : 22, "fails" : 1,
 		"retries" : 2, "sample_1" : -5.33,
 		"sample_2" : 10.86, "sample_3" : -8.62,
 		"sample_4" : 0, "node_id" : 8},

	"8:23" : {"timestamp" : 1346182370, "air_time" : 4,
 		"sequence" : 23, "fails" : 2,
 		"retries" : 1, "sample_1" : -5.86,
 		"sample_2" : 11.22, "sample_3" : -7.69,
 		"sample_4" : 0, "node_id" : 8},

	"8:24" : {"timestamp" : 1346182371, "air_time" : 9,
 		"sequence" : 24, "fails" : 2,
 		"retries" : 0, "sample_1" : -8.66,
 		"sample_2" : 11.79, "sample_3" : -7.90,
 		"sample_4" : 0, "node_id" : 8},

	"8:25" : {"timestamp" : 1346182372, "air_time" : 1,
 		"sequence" : 25, "fails" : 1,
 		"retries" : 1, "sample_1" : -8.00,
 		"sample_2" : 10.75, "sample_3" : -5.06,
 		"sample_4" : 0, "node_id" : 8},

	"8:26" : {"timestamp" : 1346182373, "air_time" : 1,
 		"sequence" : 26, "fails" : 2,
 		"retries" : 1, "sample_1" : -9.85,
 		"sample_2" : 11.01, "sample_3" : -5.00,
 		"sample_4" : 0, "node_id" : 8},

	"8:27" : {"timestamp" : 1346182374, "air_time" : 9,
 		"sequence" : 27, "fails" : 1,
 		"retries" : 1, "sample_1" : -10.00,
 		"sample_2" : 9.39, "sample_3" : -3.98,
 		"sample_4" : 0, "node_id" : 8},

	"8:28" : {"timestamp" : 1346182375, "air_time" : 3,
 		"sequence" : 28, "fails" : 1,
 		"retries" : 1, "sample_1" : -8.55,
 		"sample_2" : 8.32, "sample_3" : -1.53,
 		"sample_4" : 0, "node_id" : 8},

	"8:29" : {"timestamp" : 1346182376, "air_time" : 4,
 		"sequence" : 29, "fails" : 2,
 		"retries" : 0, "sample_1" : -8.70,
 		"sample_2" : 6.12, "sample_3" : -0.71,
 		"sample_4" : 0, "node_id" : 8},

	"8:30" : {"timestamp" : 1346182377, "air_time" : 8,
 		"sequence" : 30, "fails" : 3,
 		"retries" : 1, "sample_1" : -7.46,
 		"sample_2" : 6.25, "sample_3" : 2.63,
 		"sample_4" : 0, "node_id" : 8},

	"8:31" : {"timestamp" : 1346182378, "air_time" : 3,
 		"sequence" : 31, "fails" : 3,
 		"retries" : 1, "sample_1" : -7.26,
 		"sample_2" : 3.13, "sample_3" : 3.94,
 		"sample_4" : 0, "node_id" : 8},

	"8:32" : {"timestamp" : 1346182379, "air_time" : 8,
 		"sequence" : 32, "fails" : 1,
 		"retries" : 1, "sample_1" : -6.03,
 		"sample_2" : 2.33, "sample_3" : 5.17,
 		"sample_4" : 0, "node_id" : 8},

	"8:33" : {"timestamp" : 1346182380, "air_time" : 4,
 		"sequence" : 33, "fails" : 2,
 		"retries" : 0, "sample_1" : -3.10,
 		"sample_2" : 1.08, "sample_3" : 6.47,
 		"sample_4" : 0, "node_id" : 8},

	"8:34" : {"timestamp" : 1346182381, "air_time" : 1,
 		"sequence" : 34, "fails" : 2,
 		"retries" : 1, "sample_1" : -2.52,
 		"sample_2" : -0.34, "sample_3" : 7.28,
 		"sample_4" : 0, "node_id" : 8},

	"8:35" : {"timestamp" : 1346182382, "air_time" : 6,
 		"sequence" : 35, "fails" : 2,
 		"retries" : 2, "sample_1" : -1.74,
 		"sample_2" : -3.30, "sample_3" : 9.68,
 		"sample_4" : 0, "node_id" : 8},

	"8:36" : {"timestamp" : 1346182383, "air_time" : 7,
 		"sequence" : 36, "fails" : 3,
 		"retries" : 1, "sample_1" : 0.40,
 		"sample_2" : -4.44, "sample_3" : 10.63,
 		"sample_4" : 0, "node_id" : 8},

	"8:37" : {"timestamp" : 1346182384, "air_time" : 8,
 		"sequence" : 37, "fails" : 3,
 		"retries" : 2, "sample_1" : 3.04,
 		"sample_2" : -6.51, "sample_3" : 11.10,
 		"sample_4" : 0, "node_id" : 8},

	"8:38" : {"timestamp" : 1346182385, "air_time" : 6,
 		"sequence" : 38, "fails" : 1,
 		"retries" : 0, "sample_1" : 4.82,
 		"sample_2" : -6.58, "sample_3" : 11.07,
 		"sample_4" : 0, "node_id" : 8},

	"8:39" : {"timestamp" : 1346182386, "air_time" : 0,
 		"sequence" : 39, "fails" : 1,
 		"retries" : 1, "sample_1" : 6.90,
 		"sample_2" : -8.11, "sample_3" : 10.35,
 		"sample_4" : 0, "node_id" : 8},

	"8:40" : {"timestamp" : 1346182387, "air_time" : 2,
 		"sequence" : 40, "fails" : 1,
 		"retries" : 0, "sample_1" : 7.93,
 		"sample_2" : -8.86, "sample_3" : 11.02,
 		"sample_4" : 0, "node_id" : 8},

	"8:41" : {"timestamp" : 1346182388, "air_time" : 4,
 		"sequence" : 41, "fails" : 3,
 		"retries" : 0, "sample_1" : 8.66,
 		"sample_2" : -8.72, "sample_3" : 9.29,
 		"sample_4" : 0, "node_id" : 8},

	"8:42" : {"timestamp" : 1346182389, "air_time" : 3,
 		"sequence" : 42, "fails" : 0,
 		"retries" : 2, "sample_1" : 9.66,
 		"sample_2" : -9.89, "sample_3" : 9.10,
 		"sample_4" : 0, "node_id" : 8},

	"8:43" : {"timestamp" : 1346182390, "air_time" : 9,
 		"sequence" : 43, "fails" : 2,
 		"retries" : 1, "sample_1" : 11.10,
 		"sample_2" : -9.05, "sample_3" : 7.16,
 		"sample_4" : 0, "node_id" : 8},

	"8:44" : {"timestamp" : 1346182391, "air_time" : 6,
 		"sequence" : 44, "fails" : 0,
 		"retries" : 0, "sample_1" : 10.45,
 		"sample_2" : -9.01, "sample_3" : 6.40,
 		"sample_4" : 0, "node_id" : 8},

	"8:45" : {"timestamp" : 1346182392, "air_time" : 3,
 		"sequence" : 45, "fails" : 0,
 		"retries" : 1, "sample_1" : 11.50,
 		"sample_2" : -7.59, "sample_3" : 4.68,
 		"sample_4" : 0, "node_id" : 8},

	"8:46" : {"timestamp" : 1346182393, "air_time" : 0,
 		"sequence" : 46, "fails" : 2,
 		"retries" : 0, "sample_1" : 11.05,
 		"sample_2" : -5.82, "sample_3" : 3.13,
 		"sample_4" : 0, "node_id" : 8},

	"8:47" : {"timestamp" : 1346182394, "air_time" : 5,
 		"sequence" : 47, "fails" : 0,
 		"retries" : 2, "sample_1" : 10.60,
 		"sample_2" : -5.22, "sample_3" : 0.81,
 		"sample_4" : 0, "node_id" : 8},

	"8:48" : {"timestamp" : 1346182395, "air_time" : 4,
 		"sequence" : 48, "fails" : 1,
 		"retries" : 1, "sample_1" : 9.36,
 		"sample_2" : -3.65, "sample_3" : -0.53,
 		"sample_4" : 0, "node_id" : 8},

	"8:49" : {"timestamp" : 1346182396, "air_time" : 4,
 		"sequence" : 49, "fails" : 1,
 		"retries" : 0, "sample_1" : 7.86,
 		"sample_2" : -1.63, "sample_3" : -2.64,
 		"sample_4" : 0, "node_id" : 8},

	"8:50" : {"timestamp" : 1346182397, "air_time" : 2,
 		"sequence" : 50, "fails" : 0,
 		"retries" : 1, "sample_1" : 8.13,
 		"sample_2" : 0.07, "sample_3" : -3.07,
 		"sample_4" : 0, "node_id" : 8},

	"8:51" : {"timestamp" : 1346182398, "air_time" : 3,
 		"sequence" : 51, "fails" : 0,
 		"retries" : 0, "sample_1" : 5.00,
 		"sample_2" : 1.92, "sample_3" : -4.07,
 		"sample_4" : 0, "node_id" : 8},

	"8:52" : {"timestamp" : 1346182399, "air_time" : 5,
 		"sequence" : 52, "fails" : 2,
 		"retries" : 2, "sample_1" : 3.62,
 		"sample_2" : 3.74, "sample_3" : -5.38,
 		"sample_4" : 0, "node_id" : 8},

	"8:53" : {"timestamp" : 1346182400, "air_time" : 8,
 		"sequence" : 53, "fails" : 2,
 		"retries" : 0, "sample_1" : 2.54,
 		"sample_2" : 4.60, "sample_3" : -8.18,
 		"sample_4" : 0, "node_id" : 8},

	"8:54" : {"timestamp" : 1346182401, "air_time" : 0,
 		"sequence" : 54, "fails" : 0,
 		"retries" : 2, "sample_1" : 0.40,
 		"sample_2" : 5.84, "sample_3" : -7.93,
 		"sample_4" : 0, "node_id" : 8},

	"8:55" : {"timestamp" : 1346182402, "air_time" : 7,
 		"sequence" : 55, "fails" : 0,
 		"retries" : 2, "sample_1" : 0.06,
 		"sample_2" : 8.71, "sample_3" : -8.10,
 		"sample_4" : 0, "node_id" : 8},

	"8:56" : {"timestamp" : 1346182403, "air_time" : 0,
 		"sequence" : 56, "fails" : 2,
 		"retries" : 2, "sample_1" : -2.82,
 		"sample_2" : 8.68, "sample_3" : -8.07,
 		"sample_4" : 0, "node_id" : 8},

	"8:57" : {"timestamp" : 1346182404, "air_time" : 1,
 		"sequence" : 57, "fails" : 1,
 		"retries" : 2, "sample_1" : -3.10,
 		"sample_2" : 10.81, "sample_3" : -9.55,
 		"sample_4" : 0, "node_id" : 8},

	"8:58" : {"timestamp" : 1346182405, "air_time" : 8,
 		"sequence" : 58, "fails" : 2,
 		"retries" : 2, "sample_1" : -4.53,
 		"sample_2" : 11.36, "sample_3" : -7.82,
 		"sample_4" : 0, "node_id" : 8},

	"8:59" : {"timestamp" : 1346182406, "air_time" : 8,
 		"sequence" : 59, "fails" : 1,
 		"retries" : 2, "sample_1" : -6.76,
 		"sample_2" : 10.72, "sample_3" : -8.49,
 		"sample_4" : 0, "node_id" : 8},

	"8:60" : {"timestamp" : 1346182407, "air_time" : 1,
 		"sequence" : 60, "fails" : 1,
 		"retries" : 2, "sample_1" : -7.26,
 		"sample_2" : 10.79, "sample_3" : -6.20,
 		"sample_4" : 0, "node_id" : 8},

	"8:61" : {"timestamp" : 1346182408, "air_time" : 9,
 		"sequence" : 61, "fails" : 0,
 		"retries" : 2, "sample_1" : -8.40,
 		"sample_2" : 10.35, "sample_3" : -6.86,
 		"sample_4" : 0, "node_id" : 8},

	"8:62" : {"timestamp" : 1346182409, "air_time" : 6,
 		"sequence" : 62, "fails" : 3,
 		"retries" : 0, "sample_1" : -9.65,
 		"sample_2" : 10.61, "sample_3" : -4.70,
 		"sample_4" : 0, "node_id" : 8},

	"8:63" : {"timestamp" : 1346182410, "air_time" : 4,
 		"sequence" : 63, "fails" : 2,
 		"retries" : 0, "sample_1" : -9.10,
 		"sample_2" : 9.69, "sample_3" : -3.58,
 		"sample_4" : 0, "node_id" : 8},

	"8:64" : {"timestamp" : 1346182411, "air_time" : 0,
 		"sequence" : 64, "fails" : 0,
 		"retries" : 0, "sample_1" : -9.85,
 		"sample_2" : 8.02, "sample_3" : -0.93,
 		"sample_4" : 0, "node_id" : 8},

	"8:65" : {"timestamp" : 1346182412, "air_time" : 9,
 		"sequence" : 65, "fails" : 3,
 		"retries" : 1, "sample_1" : -8.70,
 		"sample_2" : 7.22, "sample_3" : 0.79,
 		"sample_4" : 0, "node_id" : 8},

	"8:66" : {"timestamp" : 1346182413, "air_time" : 9,
 		"sequence" : 66, "fails" : 3,
 		"retries" : 2, "sample_1" : -7.66,
 		"sample_2" : 6.25, "sample_3" : 1.03,
 		"sample_4" : 0, "node_id" : 8},

	"8:67" : {"timestamp" : 1346182414, "air_time" : 7,
 		"sequence" : 67, "fails" : 3,
 		"retries" : 2, "sample_1" : -7.26,
 		"sample_2" : 3.93, "sample_3" : 4.44,
 		"sample_4" : 0, "node_id" : 8},

	"8:68" : {"timestamp" : 1346182415, "air_time" : 9,
 		"sequence" : 68, "fails" : 0,
 		"retries" : 1, "sample_1" : -4.53,
 		"sample_2" : 2.83, "sample_3" : 6.17,
 		"sample_4" : 0, "node_id" : 8},

	"8:69" : {"timestamp" : 1346182416, "air_time" : 7,
 		"sequence" : 69, "fails" : 3,
 		"retries" : 1, "sample_1" : -3.50,
 		"sample_2" : 1.28, "sample_3" : 7.27,
 		"sample_4" : 0, "node_id" : 8},

	"8:70" : {"timestamp" : 1346182417, "air_time" : 1,
 		"sequence" : 70, "fails" : 2,
 		"retries" : 1, "sample_1" : -1.72,
 		"sample_2" : -0.74, "sample_3" : 8.58,
 		"sample_4" : 0, "node_id" : 8},

	"8:71" : {"timestamp" : 1346182418, "air_time" : 5,
 		"sequence" : 71, "fails" : 2,
 		"retries" : 2, "sample_1" : -0.74,
 		"sample_2" : -3.50, "sample_3" : 9.28,
 		"sample_4" : 0, "node_id" : 8},

	"8:72" : {"timestamp" : 1346182419, "air_time" : 2,
 		"sequence" : 72, "fails" : 1,
 		"retries" : 1, "sample_1" : 0.80,
 		"sample_2" : -4.94, "sample_3" : 9.13,
 		"sample_4" : 0, "node_id" : 8},

	"8:73" : {"timestamp" : 1346182420, "air_time" : 7,
 		"sequence" : 73, "fails" : 1,
 		"retries" : 2, "sample_1" : 2.14,
 		"sample_2" : -6.61, "sample_3" : 11.00,
 		"sample_4" : 0, "node_id" : 8},

	"8:74" : {"timestamp" : 1346182421, "air_time" : 7,
 		"sequence" : 74, "fails" : 3,
 		"retries" : 1, "sample_1" : 4.62,
 		"sample_2" : -7.58, "sample_3" : 11.07,
 		"sample_4" : 0, "node_id" : 8},

	"8:75" : {"timestamp" : 1346182422, "air_time" : 6,
 		"sequence" : 75, "fails" : 3,
 		"retries" : 1, "sample_1" : 6.30,
 		"sample_2" : -8.61, "sample_3" : 10.05,
 		"sample_4" : 0, "node_id" : 8},

	"8:76" : {"timestamp" : 1346182423, "air_time" : 6,
 		"sequence" : 76, "fails" : 0,
 		"retries" : 1, "sample_1" : 7.83,
 		"sample_2" : -8.16, "sample_3" : 10.72,
 		"sample_4" : 0, "node_id" : 8},

	"8:77" : {"timestamp" : 1346182424, "air_time" : 4,
 		"sequence" : 77, "fails" : 3,
 		"retries" : 0, "sample_1" : 9.26,
 		"sample_2" : -9.52, "sample_3" : 9.89,
 		"sample_4" : 0, "node_id" : 8},

	"8:78" : {"timestamp" : 1346182425, "air_time" : 3,
 		"sequence" : 78, "fails" : 0,
 		"retries" : 0, "sample_1" : 10.36,
 		"sample_2" : -8.89, "sample_3" : 8.50,
 		"sample_4" : 0, "node_id" : 8},

	"8:79" : {"timestamp" : 1346182426, "air_time" : 9,
 		"sequence" : 79, "fails" : 3,
 		"retries" : 0, "sample_1" : 9.60,
 		"sample_2" : -8.95, "sample_3" : 7.96,
 		"sample_4" : 0, "node_id" : 8},

	"8:80" : {"timestamp" : 1346182427, "air_time" : 2,
 		"sequence" : 80, "fails" : 0,
 		"retries" : 1, "sample_1" : 11.75,
 		"sample_2" : -8.71, "sample_3" : 6.70,
 		"sample_4" : 0, "node_id" : 8},

	"8:81" : {"timestamp" : 1346182428, "air_time" : 1,
 		"sequence" : 81, "fails" : 1,
 		"retries" : 1, "sample_1" : 11.00,
 		"sample_2" : -6.69, "sample_3" : 5.18,
 		"sample_4" : 0, "node_id" : 8},

	"8:82" : {"timestamp" : 1346182429, "air_time" : 6,
 		"sequence" : 82, "fails" : 2,
 		"retries" : 1, "sample_1" : 10.05,
 		"sample_2" : -5.42, "sample_3" : 3.13,
 		"sample_4" : 0, "node_id" : 8},

	"8:83" : {"timestamp" : 1346182430, "air_time" : 7,
 		"sequence" : 83, "fails" : 3,
 		"retries" : 1, "sample_1" : 9.90,
 		"sample_2" : -5.42, "sample_3" : 2.21,
 		"sample_4" : 0, "node_id" : 8},

	"8:84" : {"timestamp" : 1346182431, "air_time" : 6,
 		"sequence" : 84, "fails" : 2,
 		"retries" : 1, "sample_1" : 8.96,
 		"sample_2" : -3.45, "sample_3" : -0.23,
 		"sample_4" : 0, "node_id" : 8},

	"8:85" : {"timestamp" : 1346182432, "air_time" : 4,
 		"sequence" : 85, "fails" : 0,
 		"retries" : 1, "sample_1" : 9.06,
 		"sample_2" : -2.73, "sample_3" : -2.04,
 		"sample_4" : 0, "node_id" : 8},

	"8:86" : {"timestamp" : 1346182433, "air_time" : 4,
 		"sequence" : 86, "fails" : 2,
 		"retries" : 2, "sample_1" : 6.83,
 		"sample_2" : -1.23, "sample_3" : -2.87,
 		"sample_4" : 0, "node_id" : 8},

	"8:87" : {"timestamp" : 1346182434, "air_time" : 0,
 		"sequence" : 87, "fails" : 1,
 		"retries" : 2, "sample_1" : 5.30,
 		"sample_2" : 0.62, "sample_3" : -4.77,
 		"sample_4" : 0, "node_id" : 8},

	"8:88" : {"timestamp" : 1346182435, "air_time" : 7,
 		"sequence" : 88, "fails" : 2,
 		"retries" : 1, "sample_1" : 4.62,
 		"sample_2" : 4.14, "sample_3" : -6.58,
 		"sample_4" : 0, "node_id" : 8},

	"8:89" : {"timestamp" : 1346182436, "air_time" : 5,
 		"sequence" : 89, "fails" : 2,
 		"retries" : 1, "sample_1" : 2.44,
 		"sample_2" : 5.60, "sample_3" : -6.88,
 		"sample_4" : 0, "node_id" : 8},

	"8:90" : {"timestamp" : 1346182437, "air_time" : 5,
 		"sequence" : 90, "fails" : 3,
 		"retries" : 2, "sample_1" : 0.70,
 		"sample_2" : 5.84, "sample_3" : -7.33,
 		"sample_4" : 0, "node_id" : 8},

	"8:91" : {"timestamp" : 1346182438, "air_time" : 9,
 		"sequence" : 91, "fails" : 2,
 		"retries" : 0, "sample_1" : -1.04,
 		"sample_2" : 7.51, "sample_3" : -7.80,
 		"sample_4" : 0, "node_id" : 8},

	"8:92" : {"timestamp" : 1346182439, "air_time" : 7,
 		"sequence" : 92, "fails" : 1,
 		"retries" : 0, "sample_1" : -2.42,
 		"sample_2" : 8.18, "sample_3" : -9.87,
 		"sample_4" : 0, "node_id" : 8},

	"8:93" : {"timestamp" : 1346182440, "air_time" : 8,
 		"sequence" : 93, "fails" : 0,
 		"retries" : 0, "sample_1" : -4.70,
 		"sample_2" : 10.11, "sample_3" : -9.85,
 		"sample_4" : 0, "node_id" : 8},

	"8:94" : {"timestamp" : 1346182441, "air_time" : 2,
 		"sequence" : 94, "fails" : 3,
 		"retries" : 1, "sample_1" : -5.53,
 		"sample_2" : 10.36, "sample_3" : -8.42,
 		"sample_4" : 0, "node_id" : 8},

	"8:95" : {"timestamp" : 1346182442, "air_time" : 6,
 		"sequence" : 95, "fails" : 2,
 		"retries" : 2, "sample_1" : -7.66,
 		"sample_2" : 10.82, "sample_3" : -8.39,
 		"sample_4" : 0, "node_id" : 8},

	"8:96" : {"timestamp" : 1346182443, "air_time" : 5,
 		"sequence" : 96, "fails" : 3,
 		"retries" : 0, "sample_1" : -6.86,
 		"sample_2" : 11.59, "sample_3" : -7.90,
 		"sample_4" : 0, "node_id" : 8},

	"8:97" : {"timestamp" : 1346182444, "air_time" : 3,
 		"sequence" : 97, "fails" : 0,
 		"retries" : 0, "sample_1" : -9.20,
 		"sample_2" : 10.25, "sample_3" : -6.46,
 		"sample_4" : 0, "node_id" : 8},

	"8:98" : {"timestamp" : 1346182445, "air_time" : 3,
 		"sequence" : 98, "fails" : 2,
 		"retries" : 0, "sample_1" : -9.55,
 		"sample_2" : 10.01, "sample_3" : -4.70,
 		"sample_4" : 0, "node_id" : 8},

	"8:99" : {"timestamp" : 1346182446, "air_time" : 8,
 		"sequence" : 99, "fails" : 1,
 		"retries" : 1, "sample_1" : -8.60,
 		"sample_2" : 8.49, "sample_3" : -3.48,
 		"sample_4" : 0, "node_id" : 8},

	"8:100" : {"timestamp" : 1346182447, "air_time" : 4,
 		"sequence" : 100, "fails" : 0,
 		"retries" : 2, "sample_1" : -9.05,
 		"sample_2" : 8.62, "sample_3" : -1.33,
 		"sample_4" : 0, "node_id" : 8},

	"8:101" : {"timestamp" : 1346182448, "air_time" : 8,
 		"sequence" : 101, "fails" : 1,
 		"retries" : 2, "sample_1" : -8.60,
 		"sample_2" : 7.32, "sample_3" : 0.79,
 		"sample_4" : 0, "node_id" : 8},

	"8:102" : {"timestamp" : 1346182449, "air_time" : 4,
 		"sequence" : 102, "fails" : 1,
 		"retries" : 0, "sample_1" : -7.96,
 		"sample_2" : 5.45, "sample_3" : 2.33,
 		"sample_4" : 0, "node_id" : 8},

	"8:103" : {"timestamp" : 1346182450, "air_time" : 4,
 		"sequence" : 103, "fails" : 0,
 		"retries" : 2, "sample_1" : -6.76,
 		"sample_2" : 4.73, "sample_3" : 4.24,
 		"sample_4" : 0, "node_id" : 8},

	"8:104" : {"timestamp" : 1346182451, "air_time" : 5,
 		"sequence" : 104, "fails" : 2,
 		"retries" : 0, "sample_1" : -5.33,
 		"sample_2" : 2.63, "sample_3" : 4.67,
 		"sample_4" : 0, "node_id" : 8},

	"8:105" : {"timestamp" : 1346182452, "air_time" : 4,
 		"sequence" : 105, "fails" : 1,
 		"retries" : 0, "sample_1" : -3.40,
 		"sample_2" : 0.08, "sample_3" : 6.47,
 		"sample_4" : 0, "node_id" : 8},

	"8:106" : {"timestamp" : 1346182453, "air_time" : 0,
 		"sequence" : 106, "fails" : 1,
 		"retries" : 1, "sample_1" : -3.12,
 		"sample_2" : -1.54, "sample_3" : 8.98,
 		"sample_4" : 0, "node_id" : 8},

	"8:107" : {"timestamp" : 1346182454, "air_time" : 8,
 		"sequence" : 107, "fails" : 2,
 		"retries" : 1, "sample_1" : -0.54,
 		"sample_2" : -3.90, "sample_3" : 8.48,
 		"sample_4" : 0, "node_id" : 8},

	"8:108" : {"timestamp" : 1346182455, "air_time" : 4,
 		"sequence" : 108, "fails" : 1,
 		"retries" : 2, "sample_1" : 0.70,
 		"sample_2" : -4.14, "sample_3" : 10.13,
 		"sample_4" : 0, "node_id" : 8},

	"8:109" : {"timestamp" : 1346182456, "air_time" : 8,
 		"sequence" : 109, "fails" : 0,
 		"retries" : 1, "sample_1" : 1.84,
 		"sample_2" : -6.61, "sample_3" : 10.30,
 		"sample_4" : 0, "node_id" : 8},

	"8:110" : {"timestamp" : 1346182457, "air_time" : 6,
 		"sequence" : 110, "fails" : 2,
 		"retries" : 0, "sample_1" : 3.82,
 		"sample_2" : -7.88, "sample_3" : 11.77,
 		"sample_4" : 0, "node_id" : 8},

	"8:111" : {"timestamp" : 1346182458, "air_time" : 1,
 		"sequence" : 111, "fails" : 2,
 		"retries" : 2, "sample_1" : 5.80,
 		"sample_2" : -7.01, "sample_3" : 10.15,
 		"sample_4" : 0, "node_id" : 8},

	"8:112" : {"timestamp" : 1346182459, "air_time" : 1,
 		"sequence" : 112, "fails" : 2,
 		"retries" : 2, "sample_1" : 7.23,
 		"sample_2" : -7.96, "sample_3" : 10.82,
 		"sample_4" : 0, "node_id" : 8},

	"8:113" : {"timestamp" : 1346182460, "air_time" : 5,
 		"sequence" : 113, "fails" : 2,
 		"retries" : 2, "sample_1" : 8.56,
 		"sample_2" : -9.82, "sample_3" : 9.69,
 		"sample_4" : 0, "node_id" : 8},

	"8:114" : {"timestamp" : 1346182461, "air_time" : 4,
 		"sequence" : 114, "fails" : 0,
 		"retries" : 0, "sample_1" : 9.46,
 		"sample_2" : -9.29, "sample_3" : 9.80,
 		"sample_4" : 0, "node_id" : 8},

	"8:115" : {"timestamp" : 1346182462, "air_time" : 3,
 		"sequence" : 115, "fails" : 0,
 		"retries" : 2, "sample_1" : 11.00,
 		"sample_2" : -8.35, "sample_3" : 8.16,
 		"sample_4" : 0, "node_id" : 8},

	"8:116" : {"timestamp" : 1346182463, "air_time" : 5,
 		"sequence" : 116, "fails" : 1,
 		"retries" : 0, "sample_1" : 10.55,
 		"sample_2" : -9.11, "sample_3" : 7.20,
 		"sample_4" : 0, "node_id" : 8},

	"8:117" : {"timestamp" : 1346182464, "air_time" : 9,
 		"sequence" : 117, "fails" : 0,
 		"retries" : 2, "sample_1" : 11.90,
 		"sample_2" : -6.99, "sample_3" : 4.58,
 		"sample_4" : 0, "node_id" : 8},

	"8:118" : {"timestamp" : 1346182465, "air_time" : 5,
 		"sequence" : 118, "fails" : 3,
 		"retries" : 0, "sample_1" : 9.95,
 		"sample_2" : -7.22, "sample_3" : 2.93,
 		"sample_4" : 0, "node_id" : 8},

	"8:119" : {"timestamp" : 1346182466, "air_time" : 6,
 		"sequence" : 119, "fails" : 2,
 		"retries" : 0, "sample_1" : 11.20,
 		"sample_2" : -5.72, "sample_3" : 1.91,
 		"sample_4" : 0, "node_id" : 8},

	"8:120" : {"timestamp" : 1346182467, "air_time" : 6,
 		"sequence" : 120, "fails" : 2,
 		"retries" : 1, "sample_1" : 9.96,
 		"sample_2" : -2.75, "sample_3" : -0.33,
 		"sample_4" : 0, "node_id" : 8},

	"8:121" : {"timestamp" : 1346182468, "air_time" : 1,
 		"sequence" : 121, "fails" : 1,
 		"retries" : 1, "sample_1" : 9.46,
 		"sample_2" : -1.13, "sample_3" : -1.34,
 		"sample_4" : 0, "node_id" : 8},

	"8:122" : {"timestamp" : 1346182469, "air_time" : 5,
 		"sequence" : 122, "fails" : 3,
 		"retries" : 2, "sample_1" : 7.33,
 		"sample_2" : 0.67, "sample_3" : -3.87,
 		"sample_4" : 0, "node_id" : 8},

	"8:123" : {"timestamp" : 1346182470, "air_time" : 1,
 		"sequence" : 123, "fails" : 0,
 		"retries" : 1, "sample_1" : 6.70,
 		"sample_2" : 1.52, "sample_3" : -4.97,
 		"sample_4" : 0, "node_id" : 8},

	"8:124" : {"timestamp" : 1346182471, "air_time" : 2,
 		"sequence" : 124, "fails" : 1,
 		"retries" : 0, "sample_1" : 4.12,
 		"sample_2" : 3.54, "sample_3" : -5.88,
 		"sample_4" : 0, "node_id" : 8},

	"8:125" : {"timestamp" : 1346182472, "air_time" : 4,
 		"sequence" : 125, "fails" : 0,
 		"retries" : 1, "sample_1" : 2.54,
 		"sample_2" : 4.50, "sample_3" : -6.98,
 		"sample_4" : 0, "node_id" : 8},

	"8:126" : {"timestamp" : 1346182473, "air_time" : 2,
 		"sequence" : 126, "fails" : 3,
 		"retries" : 2, "sample_1" : 1.90,
 		"sample_2" : 6.74, "sample_3" : -7.53,
 		"sample_4" : 0, "node_id" : 8},

	"8:127" : {"timestamp" : 1346182474, "air_time" : 6,
 		"sequence" : 127, "fails" : 1,
 		"retries" : 2, "sample_1" : 0.16,
 		"sample_2" : 7.21, "sample_3" : -9.40,
 		"sample_4" : 0, "node_id" : 8},

	"8:128" : {"timestamp" : 1346182475, "air_time" : 7,
 		"sequence" : 128, "fails" : 2,
 		"retries" : 0, "sample_1" : -1.52,
 		"sample_2" : 9.58, "sample_3" : -8.97,
 		"sample_4" : 0, "node_id" : 8},

	"8:129" : {"timestamp" : 1346182476, "air_time" : 1,
 		"sequence" : 129, "fails" : 2,
 		"retries" : 0, "sample_1" : -4.00,
 		"sample_2" : 9.61, "sample_3" : -8.15,
 		"sample_4" : 0, "node_id" : 8},

	"8:130" : {"timestamp" : 1346182477, "air_time" : 6,
 		"sequence" : 130, "fails" : 1,
 		"retries" : 1, "sample_1" : -4.63,
 		"sample_2" : 10.76, "sample_3" : -8.22,
 		"sample_4" : 0, "node_id" : 8},

	"8:131" : {"timestamp" : 1346182478, "air_time" : 5,
 		"sequence" : 131, "fails" : 0,
 		"retries" : 1, "sample_1" : -6.86,
 		"sample_2" : 10.22, "sample_3" : -7.49,
 		"sample_4" : 0, "node_id" : 8},

	"8:132" : {"timestamp" : 1346182479, "air_time" : 7,
 		"sequence" : 132, "fails" : 2,
 		"retries" : 0, "sample_1" : -8.16,
 		"sample_2" : 11.59, "sample_3" : -7.40,
 		"sample_4" : 0, "node_id" : 8},

	"8:133" : {"timestamp" : 1346182480, "air_time" : 3,
 		"sequence" : 133, "fails" : 2,
 		"retries" : 2, "sample_1" : -7.60,
 		"sample_2" : 10.45, "sample_3" : -5.36,
 		"sample_4" : 0, "node_id" : 8},

	"8:134" : {"timestamp" : 1346182481, "air_time" : 8,
 		"sequence" : 134, "fails" : 2,
 		"retries" : 0, "sample_1" : -8.15,
 		"sample_2" : 9.71, "sample_3" : -4.70,
 		"sample_4" : 0, "node_id" : 8},

	"8:135" : {"timestamp" : 1346182482, "air_time" : 5,
 		"sequence" : 135, "fails" : 1,
 		"retries" : 1, "sample_1" : -9.50,
 		"sample_2" : 8.69, "sample_3" : -2.78,
 		"sample_4" : 0, "node_id" : 8},

	"8:136" : {"timestamp" : 1346182483, "air_time" : 2,
 		"sequence" : 136, "fails" : 2,
 		"retries" : 1, "sample_1" : -8.25,
 		"sample_2" : 7.82, "sample_3" : -1.13,
 		"sample_4" : 0, "node_id" : 8},

	"8:137" : {"timestamp" : 1346182484, "air_time" : 7,
 		"sequence" : 137, "fails" : 3,
 		"retries" : 2, "sample_1" : -7.60,
 		"sample_2" : 7.12, "sample_3" : 0.59,
 		"sample_4" : 0, "node_id" : 8},

	"8:138" : {"timestamp" : 1346182485, "air_time" : 4,
 		"sequence" : 138, "fails" : 0,
 		"retries" : 1, "sample_1" : -8.66,
 		"sample_2" : 4.95, "sample_3" : 1.23,
 		"sample_4" : 0, "node_id" : 8},

	"8:139" : {"timestamp" : 1346182486, "air_time" : 0,
 		"sequence" : 139, "fails" : 0,
 		"retries" : 2, "sample_1" : -6.66,
 		"sample_2" : 3.63, "sample_3" : 4.34,
 		"sample_4" : 0, "node_id" : 8},

	"8:140" : {"timestamp" : 1346182487, "air_time" : 6,
 		"sequence" : 140, "fails" : 0,
 		"retries" : 1, "sample_1" : -5.33,
 		"sample_2" : 2.83, "sample_3" : 5.67,
 		"sample_4" : 0, "node_id" : 8},

	"8:141" : {"timestamp" : 1346182488, "air_time" : 6,
 		"sequence" : 141, "fails" : 2,
 		"retries" : 1, "sample_1" : -4.90,
 		"sample_2" : 0.18, "sample_3" : 6.07,
 		"sample_4" : 0, "node_id" : 8},

	"8:142" : {"timestamp" : 1346182489, "air_time" : 8,
 		"sequence" : 142, "fails" : 0,
 		"retries" : 1, "sample_1" : -3.12,
 		"sample_2" : -1.74, "sample_3" : 8.68,
 		"sample_4" : 0, "node_id" : 8},

	"8:143" : {"timestamp" : 1346182490, "air_time" : 4,
 		"sequence" : 143, "fails" : 3,
 		"retries" : 1, "sample_1" : -1.44,
 		"sample_2" : -2.20, "sample_3" : 9.38,
 		"sample_4" : 0, "node_id" : 8},

	"8:144" : {"timestamp" : 1346182491, "air_time" : 4,
 		"sequence" : 144, "fails" : 2,
 		"retries" : 0, "sample_1" : 0.30,
 		"sample_2" : -4.74, "sample_3" : 10.63,
 		"sample_4" : 0, "node_id" : 8},

	"8:145" : {"timestamp" : 1346182492, "air_time" : 5,
 		"sequence" : 145, "fails" : 1,
 		"retries" : 0, "sample_1" : 3.24,
 		"sample_2" : -5.21, "sample_3" : 10.40,
 		"sample_4" : 0, "node_id" : 8},

	"8:146" : {"timestamp" : 1346182493, "air_time" : 1,
 		"sequence" : 146, "fails" : 3,
 		"retries" : 0, "sample_1" : 5.22,
 		"sample_2" : -7.48, "sample_3" : 10.87,
 		"sample_4" : 0, "node_id" : 8},

	"8:147" : {"timestamp" : 1346182494, "air_time" : 2,
 		"sequence" : 147, "fails" : 2,
 		"retries" : 2, "sample_1" : 5.50,
 		"sample_2" : -7.61, "sample_3" : 10.95,
 		"sample_4" : 0, "node_id" : 8},

	"8:148" : {"timestamp" : 1346182495, "air_time" : 2,
 		"sequence" : 148, "fails" : 0,
 		"retries" : 2, "sample_1" : 6.63,
 		"sample_2" : -8.06, "sample_3" : 10.82,
 		"sample_4" : 0, "node_id" : 8},

	"8:149" : {"timestamp" : 1346182496, "air_time" : 2,
 		"sequence" : 149, "fails" : 2,
 		"retries" : 1, "sample_1" : 9.26,
 		"sample_2" : -8.62, "sample_3" : 10.39,
 		"sample_4" : 0, "node_id" : 8},

	"8:150" : {"timestamp" : 1346182497, "air_time" : 5,
 		"sequence" : 150, "fails" : 2,
 		"retries" : 1, "sample_1" : 9.86,
 		"sample_2" : -8.69, "sample_3" : 8.50,
 		"sample_4" : 0, "node_id" : 8},

	"8:151" : {"timestamp" : 1346182498, "air_time" : 2,
 		"sequence" : 151, "fails" : 3,
 		"retries" : 2, "sample_1" : 10.00,
 		"sample_2" : -8.05, "sample_3" : 8.86,
 		"sample_4" : 0, "node_id" : 8},

	"8:152" : {"timestamp" : 1346182499, "air_time" : 2,
 		"sequence" : 152, "fails" : 1,
 		"retries" : 1, "sample_1" : 11.45,
 		"sample_2" : -8.81, "sample_3" : 6.90,
 		"sample_4" : 0, "node_id" : 8},

	"8:153" : {"timestamp" : 1346182500, "air_time" : 9,
 		"sequence" : 153, "fails" : 1,
 		"retries" : 1, "sample_1" : 11.50,
 		"sample_2" : -7.99, "sample_3" : 5.68,
 		"sample_4" : 0, "node_id" : 8},

	"8:154" : {"timestamp" : 1346182501, "air_time" : 1,
 		"sequence" : 154, "fails" : 3,
 		"retries" : 2, "sample_1" : 9.85,
 		"sample_2" : -6.22, "sample_3" : 3.43,
 		"sample_4" : 0, "node_id" : 8},

	"8:155" : {"timestamp" : 1346182502, "air_time" : 1,
 		"sequence" : 155, "fails" : 1,
 		"retries" : 0, "sample_1" : 9.90,
 		"sample_2" : -5.12, "sample_3" : 1.71,
 		"sample_4" : 0, "node_id" : 8},

	"8:156" : {"timestamp" : 1346182503, "air_time" : 0,
 		"sequence" : 156, "fails" : 0,
 		"retries" : 0, "sample_1" : 8.86,
 		"sample_2" : -2.95, "sample_3" : -0.33,
 		"sample_4" : 0, "node_id" : 8},

	"8:157" : {"timestamp" : 1346182504, "air_time" : 9,
 		"sequence" : 157, "fails" : 2,
 		"retries" : 2, "sample_1" : 8.46,
 		"sample_2" : -2.53, "sample_3" : -2.44,
 		"sample_4" : 0, "node_id" : 8},

	"8:158" : {"timestamp" : 1346182505, "air_time" : 8,
 		"sequence" : 158, "fails" : 2,
 		"retries" : 0, "sample_1" : 8.23,
 		"sample_2" : -1.03, "sample_3" : -3.97,
 		"sample_4" : 0, "node_id" : 8},

	"8:159" : {"timestamp" : 1346182506, "air_time" : 2,
 		"sequence" : 159, "fails" : 0,
 		"retries" : 2, "sample_1" : 5.40,
 		"sample_2" : 1.62, "sample_3" : -4.17,
 		"sample_4" : 0, "node_id" : 8},

	"8:160" : {"timestamp" : 1346182507, "air_time" : 0,
 		"sequence" : 160, "fails" : 2,
 		"retries" : 0, "sample_1" : 4.52,
 		"sample_2" : 2.34, "sample_3" : -6.68,
 		"sample_4" : 0, "node_id" : 8},

	"8:161" : {"timestamp" : 1346182508, "air_time" : 9,
 		"sequence" : 161, "fails" : 2,
 		"retries" : 1, "sample_1" : 2.04,
 		"sample_2" : 5.80, "sample_3" : -6.48,
 		"sample_4" : 0, "node_id" : 8},

	"8:162" : {"timestamp" : 1346182509, "air_time" : 8,
 		"sequence" : 162, "fails" : 0,
 		"retries" : 1, "sample_1" : 0.20,
 		"sample_2" : 7.04, "sample_3" : -9.03,
 		"sample_4" : 0, "node_id" : 8},

	"8:163" : {"timestamp" : 1346182510, "air_time" : 8,
 		"sequence" : 163, "fails" : 3,
 		"retries" : 2, "sample_1" : -1.74,
 		"sample_2" : 7.81, "sample_3" : -8.80,
 		"sample_4" : 0, "node_id" : 8},

	"8:164" : {"timestamp" : 1346182511, "air_time" : 3,
 		"sequence" : 164, "fails" : 0,
 		"retries" : 2, "sample_1" : -2.02,
 		"sample_2" : 8.18, "sample_3" : -8.37,
 		"sample_4" : 0, "node_id" : 8},

	"8:165" : {"timestamp" : 1346182512, "air_time" : 1,
 		"sequence" : 165, "fails" : 2,
 		"retries" : 0, "sample_1" : -3.60,
 		"sample_2" : 9.11, "sample_3" : -8.95,
 		"sample_4" : 0, "node_id" : 8},

	"8:166" : {"timestamp" : 1346182513, "air_time" : 6,
 		"sequence" : 166, "fails" : 0,
 		"retries" : 2, "sample_1" : -4.83,
 		"sample_2" : 11.06, "sample_3" : -9.52,
 		"sample_4" : 0, "node_id" : 8},

	"8:167" : {"timestamp" : 1346182514, "air_time" : 0,
 		"sequence" : 167, "fails" : 2,
 		"retries" : 0, "sample_1" : -7.66,
 		"sample_2" : 11.22, "sample_3" : -7.79,
 		"sample_4" : 0, "node_id" : 8},

	"8:168" : {"timestamp" : 1346182515, "air_time" : 9,
 		"sequence" : 168, "fails" : 1,
 		"retries" : 0, "sample_1" : -6.76,
 		"sample_2" : 11.89, "sample_3" : -6.60,
 		"sample_4" : 0, "node_id" : 8},

	"8:169" : {"timestamp" : 1346182516, "air_time" : 2,
 		"sequence" : 169, "fails" : 1,
 		"retries" : 1, "sample_1" : -8.00,
 		"sample_2" : 10.65, "sample_3" : -6.26,
 		"sample_4" : 0, "node_id" : 8},

	"8:170" : {"timestamp" : 1346182517, "air_time" : 6,
 		"sequence" : 170, "fails" : 1,
 		"retries" : 2, "sample_1" : -9.25,
 		"sample_2" : 10.61, "sample_3" : -3.70,
 		"sample_4" : 0, "node_id" : 8},

	"8:171" : {"timestamp" : 1346182518, "air_time" : 2,
 		"sequence" : 171, "fails" : 0,
 		"retries" : 1, "sample_1" : -8.30,
 		"sample_2" : 9.49, "sample_3" : -3.08,
 		"sample_4" : 0, "node_id" : 8},

	"8:172" : {"timestamp" : 1346182519, "air_time" : 4,
 		"sequence" : 172, "fails" : 1,
 		"retries" : 2, "sample_1" : -8.15,
 		"sample_2" : 8.52, "sample_3" : -2.23,
 		"sample_4" : 0, "node_id" : 8},

	"8:173" : {"timestamp" : 1346182520, "air_time" : 2,
 		"sequence" : 173, "fails" : 3,
 		"retries" : 2, "sample_1" : -8.50,
 		"sample_2" : 6.82, "sample_3" : -0.31,
 		"sample_4" : 0, "node_id" : 8},

	"8:174" : {"timestamp" : 1346182521, "air_time" : 3,
 		"sequence" : 174, "fails" : 2,
 		"retries" : 2, "sample_1" : -6.96,
 		"sample_2" : 6.35, "sample_3" : 1.33,
 		"sample_4" : 0, "node_id" : 8},

	"8:175" : {"timestamp" : 1346182522, "air_time" : 5,
 		"sequence" : 175, "fails" : 3,
 		"retries" : 2, "sample_1" : -7.36,
 		"sample_2" : 4.73, "sample_3" : 4.44,
 		"sample_4" : 0, "node_id" : 8},

	"8:176" : {"timestamp" : 1346182523, "air_time" : 3,
 		"sequence" : 176, "fails" : 0,
 		"retries" : 0, "sample_1" : -5.33,
 		"sample_2" : 1.23, "sample_3" : 5.97,
 		"sample_4" : 0, "node_id" : 8},

	"8:177" : {"timestamp" : 1346182524, "air_time" : 4,
 		"sequence" : 177, "fails" : 0,
 		"retries" : 2, "sample_1" : -4.50,
 		"sample_2" : -0.22, "sample_3" : 6.57,
 		"sample_4" : 0, "node_id" : 8},

	"8:178" : {"timestamp" : 1346182525, "air_time" : 0,
 		"sequence" : 178, "fails" : 2,
 		"retries" : 2, "sample_1" : -2.72,
 		"sample_2" : -1.14, "sample_3" : 8.48,
 		"sample_4" : 0, "node_id" : 8},

	"8:179" : {"timestamp" : 1346182526, "air_time" : 1,
 		"sequence" : 179, "fails" : 2,
 		"retries" : 1, "sample_1" : -1.64,
 		"sample_2" : -3.50, "sample_3" : 9.58,
 		"sample_4" : 0, "node_id" : 8},

	"8:180" : {"timestamp" : 1346182527, "air_time" : 1,
 		"sequence" : 180, "fails" : 1,
 		"retries" : 1, "sample_1" : 0.70,
 		"sample_2" : -4.64, "sample_3" : 10.23,
 		"sample_4" : 0, "node_id" : 8},

	"8:181" : {"timestamp" : 1346182528, "air_time" : 4,
 		"sequence" : 181, "fails" : 0,
 		"retries" : 1, "sample_1" : 2.34,
 		"sample_2" : -6.31, "sample_3" : 10.60,
 		"sample_4" : 0, "node_id" : 8},

	"8:182" : {"timestamp" : 1346182529, "air_time" : 9,
 		"sequence" : 182, "fails" : 3,
 		"retries" : 2, "sample_1" : 3.92,
 		"sample_2" : -6.88, "sample_3" : 11.77,
 		"sample_4" : 0, "node_id" : 8},

	"8:183" : {"timestamp" : 1346182530, "air_time" : 6,
 		"sequence" : 183, "fails" : 0,
 		"retries" : 2, "sample_1" : 6.20,
 		"sample_2" : -8.51, "sample_3" : 11.55,
 		"sample_4" : 0, "node_id" : 8},

	"8:184" : {"timestamp" : 1346182531, "air_time" : 6,
 		"sequence" : 184, "fails" : 3,
 		"retries" : 2, "sample_1" : 6.93,
 		"sample_2" : -9.06, "sample_3" : 11.52,
 		"sample_4" : 0, "node_id" : 8},

	"8:185" : {"timestamp" : 1346182532, "air_time" : 5,
 		"sequence" : 185, "fails" : 0,
 		"retries" : 0, "sample_1" : 8.56,
 		"sample_2" : -9.72, "sample_3" : 10.09,
 		"sample_4" : 0, "node_id" : 8},

	"8:186" : {"timestamp" : 1346182533, "air_time" : 7,
 		"sequence" : 186, "fails" : 0,
 		"retries" : 2, "sample_1" : 9.56,
 		"sample_2" : -9.29, "sample_3" : 9.40,
 		"sample_4" : 0, "node_id" : 8},

	"8:187" : {"timestamp" : 1346182534, "air_time" : 6,
 		"sequence" : 187, "fails" : 0,
 		"retries" : 1, "sample_1" : 10.00,
 		"sample_2" : -8.75, "sample_3" : 8.16,
 		"sample_4" : 0, "node_id" : 8},

	"8:188" : {"timestamp" : 1346182535, "air_time" : 2,
 		"sequence" : 188, "fails" : 2,
 		"retries" : 1, "sample_1" : 11.15,
 		"sample_2" : -7.31, "sample_3" : 6.40,
 		"sample_4" : 0, "node_id" : 8},

	"8:189" : {"timestamp" : 1346182536, "air_time" : 2,
 		"sequence" : 189, "fails" : 1,
 		"retries" : 2, "sample_1" : 10.90,
 		"sample_2" : -7.09, "sample_3" : 5.48,
 		"sample_4" : 0, "node_id" : 8},

	"8:190" : {"timestamp" : 1346182537, "air_time" : 2,
 		"sequence" : 190, "fails" : 0,
 		"retries" : 0, "sample_1" : 10.65,
 		"sample_2" : -5.52, "sample_3" : 2.93,
 		"sample_4" : 0, "node_id" : 8},

	"8:191" : {"timestamp" : 1346182538, "air_time" : 6,
 		"sequence" : 191, "fails" : 2,
 		"retries" : 1, "sample_1" : 10.10,
 		"sample_2" : -5.92, "sample_3" : 2.61,
 		"sample_4" : 0, "node_id" : 8},

	"8:192" : {"timestamp" : 1346182539, "air_time" : 4,
 		"sequence" : 192, "fails" : 3,
 		"retries" : 1, "sample_1" : 9.46,
 		"sample_2" : -2.75, "sample_3" : 0.57,
 		"sample_4" : 0, "node_id" : 8},

	"8:193" : {"timestamp" : 1346182540, "air_time" : 6,
 		"sequence" : 193, "fails" : 2,
 		"retries" : 0, "sample_1" : 8.16,
 		"sample_2" : -2.53, "sample_3" : -1.64,
 		"sample_4" : 0, "node_id" : 8},

	"8:194" : {"timestamp" : 1346182541, "air_time" : 4,
 		"sequence" : 194, "fails" : 2,
 		"retries" : 0, "sample_1" : 7.33,
 		"sample_2" : -0.83, "sample_3" : -4.07,
 		"sample_4" : 0, "node_id" : 8},

	"8:195" : {"timestamp" : 1346182542, "air_time" : 0,
 		"sequence" : 195, "fails" : 3,
 		"retries" : 2, "sample_1" : 5.10,
 		"sample_2" : 0.52, "sample_3" : -4.67,
 		"sample_4" : 0, "node_id" : 8},

	"8:196" : {"timestamp" : 1346182543, "air_time" : 7,
 		"sequence" : 196, "fails" : 1,
 		"retries" : 0, "sample_1" : 4.62,
 		"sample_2" : 3.74, "sample_3" : -5.48,
 		"sample_4" : 0, "node_id" : 8},

	"8:197" : {"timestamp" : 1346182544, "air_time" : 8,
 		"sequence" : 197, "fails" : 1,
 		"retries" : 0, "sample_1" : 2.54,
 		"sample_2" : 4.60, "sample_3" : -7.88,
 		"sample_4" : 0, "node_id" : 8},

	"8:198" : {"timestamp" : 1346182545, "air_time" : 4,
 		"sequence" : 198, "fails" : 2,
 		"retries" : 2, "sample_1" : 1.80,
 		"sample_2" : 6.84, "sample_3" : -7.63,
 		"sample_4" : 0, "node_id" : 8},

	"8:199" : {"timestamp" : 1346182546, "air_time" : 4,
 		"sequence" : 199, "fails" : 0,
 		"retries" : 0, "sample_1" : -1.14,
 		"sample_2" : 7.51, "sample_3" : -9.60,
 		"sample_4" : 0, "node_id" : 8},

	"8:200" : {"timestamp" : 1346182547, "air_time" : 8,
 		"sequence" : 200, "fails" : 2,
 		"retries" : 0, "sample_1" : -1.72,
 		"sample_2" : 9.48, "sample_3" : -9.57,
 		"sample_4" : 0, "node_id" : 8},

	"8:201" : {"timestamp" : 1346182548, "air_time" : 2,
 		"sequence" : 201, "fails" : 2,
 		"retries" : 1, "sample_1" : -3.30,
 		"sample_2" : 9.61, "sample_3" : -8.25,
 		"sample_4" : 0, "node_id" : 8},

	"8:202" : {"timestamp" : 1346182549, "air_time" : 6,
 		"sequence" : 202, "fails" : 1,
 		"retries" : 0, "sample_1" : -5.23,
 		"sample_2" : 10.26, "sample_3" : -8.72,
 		"sample_4" : 0, "node_id" : 8},

	"8:203" : {"timestamp" : 1346182550, "air_time" : 1,
 		"sequence" : 203, "fails" : 1,
 		"retries" : 2, "sample_1" : -7.06,
 		"sample_2" : 10.82, "sample_3" : -8.29,
 		"sample_4" : 0, "node_id" : 8},

	"8:204" : {"timestamp" : 1346182551, "air_time" : 9,
 		"sequence" : 204, "fails" : 1,
 		"retries" : 0, "sample_1" : -7.06,
 		"sample_2" : 11.19, "sample_3" : -7.40,
 		"sample_4" : 0, "node_id" : 8},

	"8:205" : {"timestamp" : 1346182552, "air_time" : 5,
 		"sequence" : 205, "fails" : 2,
 		"retries" : 1, "sample_1" : -7.70,
 		"sample_2" : 10.85, "sample_3" : -6.26,
 		"sample_4" : 0, "node_id" : 8},

	"8:206" : {"timestamp" : 1346182553, "air_time" : 3,
 		"sequence" : 206, "fails" : 1,
 		"retries" : 1, "sample_1" : -8.05,
 		"sample_2" : 10.11, "sample_3" : -4.60,
 		"sample_4" : 0, "node_id" : 8},

	"8:207" : {"timestamp" : 1346182554, "air_time" : 6,
 		"sequence" : 207, "fails" : 0,
 		"retries" : 2, "sample_1" : -8.80,
 		"sample_2" : 9.09, "sample_3" : -3.68,
 		"sample_4" : 0, "node_id" : 8},

	"8:208" : {"timestamp" : 1346182555, "air_time" : 6,
 		"sequence" : 208, "fails" : 3,
 		"retries" : 0, "sample_1" : -8.05,
 		"sample_2" : 8.92, "sample_3" : -1.43,
 		"sample_4" : 0, "node_id" : 8},

	"8:209" : {"timestamp" : 1346182556, "air_time" : 2,
 		"sequence" : 209, "fails" : 1,
 		"retries" : 2, "sample_1" : -9.20,
 		"sample_2" : 6.12, "sample_3" : 0.39,
 		"sample_4" : 0, "node_id" : 8},

	"8:210" : {"timestamp" : 1346182557, "air_time" : 9,
 		"sequence" : 210, "fails" : 0,
 		"retries" : 2, "sample_1" : -7.46,
 		"sample_2" : 5.05, "sample_3" : 1.33,
 		"sample_4" : 0, "node_id" : 8},

	"8:211" : {"timestamp" : 1346182558, "air_time" : 1,
 		"sequence" : 211, "fails" : 2,
 		"retries" : 1, "sample_1" : -5.96,
 		"sample_2" : 4.63, "sample_3" : 2.94,
 		"sample_4" : 0, "node_id" : 8},

	"8:212" : {"timestamp" : 1346182559, "air_time" : 8,
 		"sequence" : 212, "fails" : 1,
 		"retries" : 1, "sample_1" : -5.53,
 		"sample_2" : 2.63, "sample_3" : 5.27,
 		"sample_4" : 0, "node_id" : 8},

	"8:213" : {"timestamp" : 1346182560, "air_time" : 4,
 		"sequence" : 213, "fails" : 1,
 		"retries" : 1, "sample_1" : -4.90,
 		"sample_2" : 0.48, "sample_3" : 6.77,
 		"sample_4" : 0, "node_id" : 8},

	"8:214" : {"timestamp" : 1346182561, "air_time" : 1,
 		"sequence" : 214, "fails" : 2,
 		"retries" : 0, "sample_1" : -3.32,
 		"sample_2" : -0.44, "sample_3" : 7.58,
 		"sample_4" : 0, "node_id" : 8},

	"8:215" : {"timestamp" : 1346182562, "air_time" : 6,
 		"sequence" : 215, "fails" : 0,
 		"retries" : 2, "sample_1" : -0.24,
 		"sample_2" : -2.30, "sample_3" : 8.28,
 		"sample_4" : 0, "node_id" : 8},

	"8:216" : {"timestamp" : 1346182563, "air_time" : 9,
 		"sequence" : 216, "fails" : 1,
 		"retries" : 2, "sample_1" : 1.10,
 		"sample_2" : -3.84, "sample_3" : 9.93,
 		"sample_4" : 0, "node_id" : 8},

	"8:217" : {"timestamp" : 1346182564, "air_time" : 9,
 		"sequence" : 217, "fails" : 1,
 		"retries" : 0, "sample_1" : 3.44,
 		"sample_2" : -5.61, "sample_3" : 11.20,
 		"sample_4" : 0, "node_id" : 8},

	"8:218" : {"timestamp" : 1346182565, "air_time" : 5,
 		"sequence" : 218, "fails" : 1,
 		"retries" : 2, "sample_1" : 3.82,
 		"sample_2" : -6.58, "sample_3" : 11.77,
 		"sample_4" : 0, "node_id" : 8},

	"8:219" : {"timestamp" : 1346182566, "air_time" : 7,
 		"sequence" : 219, "fails" : 0,
 		"retries" : 0, "sample_1" : 5.60,
 		"sample_2" : -7.71, "sample_3" : 10.45,
 		"sample_4" : 0, "node_id" : 8},

	"8:220" : {"timestamp" : 1346182567, "air_time" : 9,
 		"sequence" : 220, "fails" : 1,
 		"retries" : 0, "sample_1" : 7.03,
 		"sample_2" : -9.06, "sample_3" : 11.32,
 		"sample_4" : 0, "node_id" : 8},

	"8:221" : {"timestamp" : 1346182568, "air_time" : 6,
 		"sequence" : 221, "fails" : 0,
 		"retries" : 1, "sample_1" : 8.96,
 		"sample_2" : -9.62, "sample_3" : 10.59,
 		"sample_4" : 0, "node_id" : 8},

	"8:222" : {"timestamp" : 1346182569, "air_time" : 7,
 		"sequence" : 222, "fails" : 3,
 		"retries" : 2, "sample_1" : 9.56,
 		"sample_2" : -9.39, "sample_3" : 9.50,
 		"sample_4" : 0, "node_id" : 8},

	"8:223" : {"timestamp" : 1346182570, "air_time" : 1,
 		"sequence" : 223, "fails" : 3,
 		"retries" : 1, "sample_1" : 10.60,
 		"sample_2" : -8.95, "sample_3" : 8.36,
 		"sample_4" : 0, "node_id" : 8},

	"8:224" : {"timestamp" : 1346182571, "air_time" : 8,
 		"sequence" : 224, "fails" : 1,
 		"retries" : 0, "sample_1" : 10.95,
 		"sample_2" : -9.21, "sample_3" : 6.90,
 		"sample_4" : 0, "node_id" : 8},

	"8:225" : {"timestamp" : 1346182572, "air_time" : 5,
 		"sequence" : 225, "fails" : 1,
 		"retries" : 0, "sample_1" : 10.60,
 		"sample_2" : -6.49, "sample_3" : 5.18,
 		"sample_4" : 0, "node_id" : 8},

	"8:226" : {"timestamp" : 1346182573, "air_time" : 0,
 		"sequence" : 226, "fails" : 1,
 		"retries" : 2, "sample_1" : 10.85,
 		"sample_2" : -6.12, "sample_3" : 3.63,
 		"sample_4" : 0, "node_id" : 8},

	"8:227" : {"timestamp" : 1346182574, "air_time" : 5,
 		"sequence" : 227, "fails" : 1,
 		"retries" : 1, "sample_1" : 10.10,
 		"sample_2" : -4.62, "sample_3" : 2.51,
 		"sample_4" : 0, "node_id" : 8},

	"8:228" : {"timestamp" : 1346182575, "air_time" : 5,
 		"sequence" : 228, "fails" : 3,
 		"retries" : 1, "sample_1" : 8.96,
 		"sample_2" : -3.55, "sample_3" : -0.43,
 		"sample_4" : 0, "node_id" : 8},

	"8:229" : {"timestamp" : 1346182576, "air_time" : 7,
 		"sequence" : 229, "fails" : 3,
 		"retries" : 0, "sample_1" : 8.26,
 		"sample_2" : -2.73, "sample_3" : -1.64,
 		"sample_4" : 0, "node_id" : 8},

	"8:230" : {"timestamp" : 1346182577, "air_time" : 8,
 		"sequence" : 230, "fails" : 2,
 		"retries" : 1, "sample_1" : 7.33,
 		"sample_2" : -0.03, "sample_3" : -2.77,
 		"sample_4" : 0, "node_id" : 8},

	"8:231" : {"timestamp" : 1346182578, "air_time" : 0,
 		"sequence" : 231, "fails" : 1,
 		"retries" : 0, "sample_1" : 5.90,
 		"sample_2" : 0.82, "sample_3" : -4.57,
 		"sample_4" : 0, "node_id" : 8},

	"8:232" : {"timestamp" : 1346182579, "air_time" : 7,
 		"sequence" : 232, "fails" : 2,
 		"retries" : 2, "sample_1" : 4.22,
 		"sample_2" : 2.24, "sample_3" : -6.18,
 		"sample_4" : 0, "node_id" : 8},

	"8:233" : {"timestamp" : 1346182580, "air_time" : 6,
 		"sequence" : 233, "fails" : 3,
 		"retries" : 2, "sample_1" : 2.64,
 		"sample_2" : 5.50, "sample_3" : -7.88,
 		"sample_4" : 0, "node_id" : 8},

	"8:234" : {"timestamp" : 1346182581, "air_time" : 6,
 		"sequence" : 234, "fails" : 2,
 		"retries" : 2, "sample_1" : 1.30,
 		"sample_2" : 6.44, "sample_3" : -8.83,
 		"sample_4" : 0, "node_id" : 8},

	"8:235" : {"timestamp" : 1346182582, "air_time" : 1,
 		"sequence" : 235, "fails" : 2,
 		"retries" : 0, "sample_1" : -0.24,
 		"sample_2" : 6.91, "sample_3" : -9.70,
 		"sample_4" : 0, "node_id" : 8},

	"8:236" : {"timestamp" : 1346182583, "air_time" : 6,
 		"sequence" : 236, "fails" : 2,
 		"retries" : 2, "sample_1" : -2.52,
 		"sample_2" : 9.88, "sample_3" : -8.07,
 		"sample_4" : 0, "node_id" : 8},

	"8:237" : {"timestamp" : 1346182584, "air_time" : 7,
 		"sequence" : 237, "fails" : 2,
 		"retries" : 0, "sample_1" : -4.80,
 		"sample_2" : 9.11, "sample_3" : -8.65,
 		"sample_4" : 0, "node_id" : 8},

	"8:238" : {"timestamp" : 1346182585, "air_time" : 6,
 		"sequence" : 238, "fails" : 1,
 		"retries" : 0, "sample_1" : -6.43,
 		"sample_2" : 10.96, "sample_3" : -9.22,
 		"sample_4" : 0, "node_id" : 8},

	"8:239" : {"timestamp" : 1346182586, "air_time" : 7,
 		"sequence" : 239, "fails" : 1,
 		"retries" : 0, "sample_1" : -5.76,
 		"sample_2" : 11.82, "sample_3" : -7.99,
 		"sample_4" : 0, "node_id" : 8},

	"8:240" : {"timestamp" : 1346182587, "air_time" : 8,
 		"sequence" : 240, "fails" : 0,
 		"retries" : 0, "sample_1" : -7.76,
 		"sample_2" : 11.79, "sample_3" : -7.50,
 		"sample_4" : 0, "node_id" : 8},

	"8:241" : {"timestamp" : 1346182588, "air_time" : 2,
 		"sequence" : 241, "fails" : 2,
 		"retries" : 1, "sample_1" : -7.80,
 		"sample_2" : 9.75, "sample_3" : -5.76,
 		"sample_4" : 0, "node_id" : 8},

	"8:242" : {"timestamp" : 1346182589, "air_time" : 2,
 		"sequence" : 242, "fails" : 3,
 		"retries" : 2, "sample_1" : -8.85,
 		"sample_2" : 10.71, "sample_3" : -3.80,
 		"sample_4" : 0, "node_id" : 8},

	"8:243" : {"timestamp" : 1346182590, "air_time" : 2,
 		"sequence" : 243, "fails" : 1,
 		"retries" : 2, "sample_1" : -8.10,
 		"sample_2" : 10.19, "sample_3" : -2.98,
 		"sample_4" : 0, "node_id" : 8},

	"8:244" : {"timestamp" : 1346182591, "air_time" : 9,
 		"sequence" : 244, "fails" : 3,
 		"retries" : 2, "sample_1" : -9.15,
 		"sample_2" : 7.42, "sample_3" : -1.13,
 		"sample_4" : 0, "node_id" : 8},

	"8:245" : {"timestamp" : 1346182592, "air_time" : 8,
 		"sequence" : 245, "fails" : 3,
 		"retries" : 0, "sample_1" : -9.40,
 		"sample_2" : 6.92, "sample_3" : -0.41,
 		"sample_4" : 0, "node_id" : 8},

	"8:246" : {"timestamp" : 1346182593, "air_time" : 5,
 		"sequence" : 246, "fails" : 3,
 		"retries" : 0, "sample_1" : -8.36,
 		"sample_2" : 4.85, "sample_3" : 2.63,
 		"sample_4" : 0, "node_id" : 8},

	"8:247" : {"timestamp" : 1346182594, "air_time" : 3,
 		"sequence" : 247, "fails" : 2,
 		"retries" : 1, "sample_1" : -6.26,
 		"sample_2" : 4.53, "sample_3" : 2.74,
 		"sample_4" : 0, "node_id" : 8},

	"8:248" : {"timestamp" : 1346182595, "air_time" : 9,
 		"sequence" : 248, "fails" : 3,
 		"retries" : 2, "sample_1" : -4.63,
 		"sample_2" : 2.03, "sample_3" : 4.57,
 		"sample_4" : 0, "node_id" : 8},

	"8:249" : {"timestamp" : 1346182596, "air_time" : 5,
 		"sequence" : 249, "fails" : 3,
 		"retries" : 1, "sample_1" : -3.60,
 		"sample_2" : 1.08, "sample_3" : 5.87,
 		"sample_4" : 0, "node_id" : 8},

	"8:250" : {"timestamp" : 1346182597, "air_time" : 0,
 		"sequence" : 250, "fails" : 3,
 		"retries" : 2, "sample_1" : -2.02,
 		"sample_2" : -0.54, "sample_3" : 8.98,
 		"sample_4" : 0, "node_id" : 8},

	"8:251" : {"timestamp" : 1346182598, "air_time" : 9,
 		"sequence" : 251, "fails" : 0,
 		"retries" : 1, "sample_1" : -0.54,
 		"sample_2" : -2.90, "sample_3" : 9.08,
 		"sample_4" : 0, "node_id" : 8},

	"8:252" : {"timestamp" : 1346182599, "air_time" : 0,
 		"sequence" : 252, "fails" : 0,
 		"retries" : 1, "sample_1" : 0.50,
 		"sample_2" : -3.64, "sample_3" : 9.23,
 		"sample_4" : 0, "node_id" : 8},

	"8:253" : {"timestamp" : 1346182600, "air_time" : 7,
 		"sequence" : 253, "fails" : 0,
 		"retries" : 0, "sample_1" : 3.54,
 		"sample_2" : -5.81, "sample_3" : 9.70,
 		"sample_4" : 0, "node_id" : 8},

	"8:254" : {"timestamp" : 1346182601, "air_time" : 9,
 		"sequence" : 254, "fails" : 2,
 		"retries" : 2, "sample_1" : 4.72,
 		"sample_2" : -6.58, "sample_3" : 11.67,
 		"sample_4" : 0, "node_id" : 8},

	"8:255" : {"timestamp" : 1346182602, "air_time" : 5,
 		"sequence" : 255, "fails" : 3,
 		"retries" : 1, "sample_1" : 5.70,
 		"sample_2" : -7.11, "sample_3" : 11.75,
 		"sample_4" : 0, "node_id" : 8},

	"8:256" : {"timestamp" : 1346182603, "air_time" : 6,
 		"sequence" : 256, "fails" : 0,
 		"retries" : 0, "sample_1" : 7.53,
 		"sample_2" : -9.06, "sample_3" : 10.42,
 		"sample_4" : 0, "node_id" : 8},

	"8:257" : {"timestamp" : 1346182604, "air_time" : 0,
 		"sequence" : 257, "fails" : 3,
 		"retries" : 1, "sample_1" : 7.96,
 		"sample_2" : -8.62, "sample_3" : 9.09,
 		"sample_4" : 0, "node_id" : 8},

	"8:258" : {"timestamp" : 1346182605, "air_time" : 7,
 		"sequence" : 258, "fails" : 2,
 		"retries" : 1, "sample_1" : 9.96,
 		"sample_2" : -8.49, "sample_3" : 10.00,
 		"sample_4" : 0, "node_id" : 8},

	"8:259" : {"timestamp" : 1346182606, "air_time" : 2,
 		"sequence" : 259, "fails" : 3,
 		"retries" : 2, "sample_1" : 9.90,
 		"sample_2" : -8.15, "sample_3" : 8.86,
 		"sample_4" : 0, "node_id" : 8},

	"8:260" : {"timestamp" : 1346182607, "air_time" : 1,
 		"sequence" : 260, "fails" : 0,
 		"retries" : 2, "sample_1" : 11.45,
 		"sample_2" : -8.71, "sample_3" : 7.40,
 		"sample_4" : 0, "node_id" : 8},

	"8:261" : {"timestamp" : 1346182608, "air_time" : 6,
 		"sequence" : 261, "fails" : 2,
 		"retries" : 1, "sample_1" : 10.30,
 		"sample_2" : -7.89, "sample_3" : 5.38,
 		"sample_4" : 0, "node_id" : 8},

	"8:262" : {"timestamp" : 1346182609, "air_time" : 1,
 		"sequence" : 262, "fails" : 3,
 		"retries" : 2, "sample_1" : 11.45,
 		"sample_2" : -5.82, "sample_3" : 2.63,
 		"sample_4" : 0, "node_id" : 8},

	"8:263" : {"timestamp" : 1346182610, "air_time" : 9,
 		"sequence" : 263, "fails" : 2,
 		"retries" : 1, "sample_1" : 11.00,
 		"sample_2" : -4.12, "sample_3" : 1.91,
 		"sample_4" : 0, "node_id" : 8},

	"8:264" : {"timestamp" : 1346182611, "air_time" : 5,
 		"sequence" : 264, "fails" : 3,
 		"retries" : 2, "sample_1" : 9.66,
 		"sample_2" : -3.25, "sample_3" : -1.03,
 		"sample_4" : 0, "node_id" : 8},

	"8:265" : {"timestamp" : 1346182612, "air_time" : 8,
 		"sequence" : 265, "fails" : 0,
 		"retries" : 1, "sample_1" : 8.16,
 		"sample_2" : -1.93, "sample_3" : -2.54,
 		"sample_4" : 0, "node_id" : 8},

	"8:266" : {"timestamp" : 1346182613, "air_time" : 7,
 		"sequence" : 266, "fails" : 1,
 		"retries" : 1, "sample_1" : 7.43,
 		"sample_2" : -1.03, "sample_3" : -4.37,
 		"sample_4" : 0, "node_id" : 8},

	"8:267" : {"timestamp" : 1346182614, "air_time" : 0,
 		"sequence" : 267, "fails" : 0,
 		"retries" : 1, "sample_1" : 6.10,
 		"sample_2" : 1.92, "sample_3" : -5.27,
 		"sample_4" : 0, "node_id" : 8},

	"8:268" : {"timestamp" : 1346182615, "air_time" : 6,
 		"sequence" : 268, "fails" : 1,
 		"retries" : 2, "sample_1" : 4.12,
 		"sample_2" : 3.34, "sample_3" : -7.08,
 		"sample_4" : 0, "node_id" : 8},

	"8:269" : {"timestamp" : 1346182616, "air_time" : 4,
 		"sequence" : 269, "fails" : 1,
 		"retries" : 0, "sample_1" : 1.94,
 		"sample_2" : 4.20, "sample_3" : -7.38,
 		"sample_4" : 0, "node_id" : 8},

	"8:270" : {"timestamp" : 1346182617, "air_time" : 0,
 		"sequence" : 270, "fails" : 3,
 		"retries" : 1, "sample_1" : 1.60,
 		"sample_2" : 7.24, "sample_3" : -8.93,
 		"sample_4" : 0, "node_id" : 8},

	"8:271" : {"timestamp" : 1346182618, "air_time" : 8,
 		"sequence" : 271, "fails" : 3,
 		"retries" : 1, "sample_1" : -1.64,
 		"sample_2" : 7.81, "sample_3" : -7.90,
 		"sample_4" : 0, "node_id" : 8},

	"8:272" : {"timestamp" : 1346182619, "air_time" : 8,
 		"sequence" : 272, "fails" : 0,
 		"retries" : 2, "sample_1" : -3.42,
 		"sample_2" : 9.58, "sample_3" : -9.97,
 		"sample_4" : 0, "node_id" : 8},

	"8:273" : {"timestamp" : 1346182620, "air_time" : 1,
 		"sequence" : 273, "fails" : 0,
 		"retries" : 0, "sample_1" : -3.10,
 		"sample_2" : 9.11, "sample_3" : -9.05,
 		"sample_4" : 0, "node_id" : 8},

	"8:274" : {"timestamp" : 1346182621, "air_time" : 4,
 		"sequence" : 274, "fails" : 3,
 		"retries" : 1, "sample_1" : -6.23,
 		"sample_2" : 10.46, "sample_3" : -8.72,
 		"sample_4" : 0, "node_id" : 8},

	"8:275" : {"timestamp" : 1346182622, "air_time" : 3,
 		"sequence" : 275, "fails" : 0,
 		"retries" : 0, "sample_1" : -6.26,
 		"sample_2" : 11.32, "sample_3" : -7.39,
 		"sample_4" : 0, "node_id" : 8},

	"8:276" : {"timestamp" : 1346182623, "air_time" : 3,
 		"sequence" : 276, "fails" : 0,
 		"retries" : 1, "sample_1" : -7.56,
 		"sample_2" : 10.59, "sample_3" : -7.80,
 		"sample_4" : 0, "node_id" : 8},

	"8:277" : {"timestamp" : 1346182624, "air_time" : 9,
 		"sequence" : 277, "fails" : 2,
 		"retries" : 1, "sample_1" : -9.40,
 		"sample_2" : 10.65, "sample_3" : -5.16,
 		"sample_4" : 0, "node_id" : 8},

	"8:278" : {"timestamp" : 1346182625, "air_time" : 5,
 		"sequence" : 278, "fails" : 0,
 		"retries" : 2, "sample_1" : -9.25,
 		"sample_2" : 9.81, "sample_3" : -4.80,
 		"sample_4" : 0, "node_id" : 8},

	"8:279" : {"timestamp" : 1346182626, "air_time" : 9,
 		"sequence" : 279, "fails" : 3,
 		"retries" : 0, "sample_1" : -9.30,
 		"sample_2" : 8.79, "sample_3" : -2.28,
 		"sample_4" : 0, "node_id" : 8},

	"8:280" : {"timestamp" : 1346182627, "air_time" : 0,
 		"sequence" : 280, "fails" : 2,
 		"retries" : 0, "sample_1" : -8.95,
 		"sample_2" : 8.12, "sample_3" : -1.03,
 		"sample_4" : 0, "node_id" : 8},

	"8:281" : {"timestamp" : 1346182628, "air_time" : 5,
 		"sequence" : 281, "fails" : 2,
 		"retries" : 2, "sample_1" : -8.00,
 		"sample_2" : 6.52, "sample_3" : 1.09,
 		"sample_4" : 0, "node_id" : 8},

	"8:282" : {"timestamp" : 1346182629, "air_time" : 9,
 		"sequence" : 282, "fails" : 0,
 		"retries" : 2, "sample_1" : -8.26,
 		"sample_2" : 4.95, "sample_3" : 1.63,
 		"sample_4" : 0, "node_id" : 8},

	"8:283" : {"timestamp" : 1346182630, "air_time" : 7,
 		"sequence" : 283, "fails" : 0,
 		"retries" : 0, "sample_1" : -5.76,
 		"sample_2" : 3.73, "sample_3" : 3.24,
 		"sample_4" : 0, "node_id" : 8},

	"8:284" : {"timestamp" : 1346182631, "air_time" : 6,
 		"sequence" : 284, "fails" : 0,
 		"retries" : 2, "sample_1" : -6.03,
 		"sample_2" : 1.43, "sample_3" : 4.47,
 		"sample_4" : 0, "node_id" : 8},

	"8:285" : {"timestamp" : 1346182632, "air_time" : 2,
 		"sequence" : 285, "fails" : 0,
 		"retries" : 1, "sample_1" : -3.30,
 		"sample_2" : 1.18, "sample_3" : 6.87,
 		"sample_4" : 0, "node_id" : 8},

	"8:286" : {"timestamp" : 1346182633, "air_time" : 2,
 		"sequence" : 286, "fails" : 3,
 		"retries" : 0, "sample_1" : -1.82,
 		"sample_2" : -1.64, "sample_3" : 8.18,
 		"sample_4" : 0, "node_id" : 8},

	"8:287" : {"timestamp" : 1346182634, "air_time" : 2,
 		"sequence" : 287, "fails" : 1,
 		"retries" : 1, "sample_1" : -1.74,
 		"sample_2" : -3.30, "sample_3" : 8.98,
 		"sample_4" : 0, "node_id" : 8},

	"8:288" : {"timestamp" : 1346182635, "air_time" : 9,
 		"sequence" : 288, "fails" : 0,
 		"retries" : 0, "sample_1" : 1.00,
 		"sample_2" : -4.14, "sample_3" : 10.43,
 		"sample_4" : 0, "node_id" : 8},

	"8:289" : {"timestamp" : 1346182636, "air_time" : 7,
 		"sequence" : 289, "fails" : 1,
 		"retries" : 0, "sample_1" : 2.64,
 		"sample_2" : -5.91, "sample_3" : 11.30,
 		"sample_4" : 0, "node_id" : 8},

	"8:290" : {"timestamp" : 1346182637, "air_time" : 6,
 		"sequence" : 290, "fails" : 0,
 		"retries" : 2, "sample_1" : 5.12,
 		"sample_2" : -6.78, "sample_3" : 11.67,
 		"sample_4" : 0, "node_id" : 8},

	"8:291" : {"timestamp" : 1346182638, "air_time" : 8,
 		"sequence" : 291, "fails" : 3,
 		"retries" : 2, "sample_1" : 5.40,
 		"sample_2" : -8.81, "sample_3" : 11.85,
 		"sample_4" : 0, "node_id" : 8},

	"8:292" : {"timestamp" : 1346182639, "air_time" : 0,
 		"sequence" : 292, "fails" : 0,
 		"retries" : 1, "sample_1" : 7.93,
 		"sample_2" : -8.66, "sample_3" : 10.92,
 		"sample_4" : 0, "node_id" : 8},

	"8:293" : {"timestamp" : 1346182640, "air_time" : 2,
 		"sequence" : 293, "fails" : 3,
 		"retries" : 0, "sample_1" : 7.96,
 		"sample_2" : -8.22, "sample_3" : 10.29,
 		"sample_4" : 0, "node_id" : 8},

	"8:294" : {"timestamp" : 1346182641, "air_time" : 6,
 		"sequence" : 294, "fails" : 3,
 		"retries" : 2, "sample_1" : 9.96,
 		"sample_2" : -8.99, "sample_3" : 8.40,
 		"sample_4" : 0, "node_id" : 8},

	"8:295" : {"timestamp" : 1346182642, "air_time" : 8,
 		"sequence" : 295, "fails" : 2,
 		"retries" : 1, "sample_1" : 11.30,
 		"sample_2" : -9.55, "sample_3" : 6.96,
 		"sample_4" : 0, "node_id" : 8},

	"8:296" : {"timestamp" : 1346182643, "air_time" : 5,
 		"sequence" : 296, "fails" : 3,
 		"retries" : 2, "sample_1" : 10.45,
 		"sample_2" : -8.01, "sample_3" : 7.40,
 		"sample_4" : 0, "node_id" : 8},

	"8:297" : {"timestamp" : 1346182644, "air_time" : 9,
 		"sequence" : 297, "fails" : 1,
 		"retries" : 0, "sample_1" : 10.80,
 		"sample_2" : -8.19, "sample_3" : 4.28,
 		"sample_4" : 0, "node_id" : 8},

	"8:298" : {"timestamp" : 1346182645, "air_time" : 9,
 		"sequence" : 298, "fails" : 3,
 		"retries" : 1, "sample_1" : 10.55,
 		"sample_2" : -6.02, "sample_3" : 3.13,
 		"sample_4" : 0, "node_id" : 8},

	"8:299" : {"timestamp" : 1346182646, "air_time" : 9,
 		"sequence" : 299, "fails" : 0,
 		"retries" : 1, "sample_1" : 10.40,
 		"sample_2" : -5.22, "sample_3" : 1.41,
 		"sample_4" : 0, "node_id" : 8},

	"8:300" : {"timestamp" : 1346182647, "air_time" : 8,
 		"sequence" : 300, "fails" : 2,
 		"retries" : 2, "sample_1" : 10.56,
 		"sample_2" : -4.55, "sample_3" : -0.53,
 		"sample_4" : 0, "node_id" : 8},

	"8:301" : {"timestamp" : 1346182648, "air_time" : 9,
 		"sequence" : 301, "fails" : 2,
 		"retries" : 2, "sample_1" : 9.46,
 		"sample_2" : -1.13, "sample_3" : -2.04,
 		"sample_4" : 0, "node_id" : 8},

	"8:302" : {"timestamp" : 1346182649, "air_time" : 8,
 		"sequence" : 302, "fails" : 1,
 		"retries" : 0, "sample_1" : 6.53,
 		"sample_2" : 0.37, "sample_3" : -2.97,
 		"sample_4" : 0, "node_id" : 8},

	"8:303" : {"timestamp" : 1346182650, "air_time" : 8,
 		"sequence" : 303, "fails" : 3,
 		"retries" : 0, "sample_1" : 6.90,
 		"sample_2" : 2.02, "sample_3" : -4.77,
 		"sample_4" : 0, "node_id" : 8},

	"8:304" : {"timestamp" : 1346182651, "air_time" : 6,
 		"sequence" : 304, "fails" : 3,
 		"retries" : 1, "sample_1" : 4.62,
 		"sample_2" : 2.54, "sample_3" : -5.68,
 		"sample_4" : 0, "node_id" : 8},

	"8:305" : {"timestamp" : 1346182652, "air_time" : 1,
 		"sequence" : 305, "fails" : 1,
 		"retries" : 2, "sample_1" : 2.94,
 		"sample_2" : 4.50, "sample_3" : -7.38,
 		"sample_4" : 0, "node_id" : 8},

	"8:306" : {"timestamp" : 1346182653, "air_time" : 9,
 		"sequence" : 306, "fails" : 1,
 		"retries" : 1, "sample_1" : 1.10,
 		"sample_2" : 5.74, "sample_3" : -7.63,
 		"sample_4" : 0, "node_id" : 8},

	"8:307" : {"timestamp" : 1346182654, "air_time" : 2,
 		"sequence" : 307, "fails" : 2,
 		"retries" : 0, "sample_1" : -0.84,
 		"sample_2" : 8.11, "sample_3" : -8.50,
 		"sample_4" : 0, "node_id" : 8},

	"8:308" : {"timestamp" : 1346182655, "air_time" : 5,
 		"sequence" : 308, "fails" : 3,
 		"retries" : 0, "sample_1" : -2.32,
 		"sample_2" : 8.28, "sample_3" : -9.87,
 		"sample_4" : 0, "node_id" : 8},

	"8:309" : {"timestamp" : 1346182656, "air_time" : 9,
 		"sequence" : 309, "fails" : 1,
 		"retries" : 0, "sample_1" : -4.40,
 		"sample_2" : 9.51, "sample_3" : -9.85,
 		"sample_4" : 0, "node_id" : 8},

	"8:310" : {"timestamp" : 1346182657, "air_time" : 7,
 		"sequence" : 310, "fails" : 1,
 		"retries" : 0, "sample_1" : -5.43,
 		"sample_2" : 10.36, "sample_3" : -8.72,
 		"sample_4" : 0, "node_id" : 8},

	"8:311" : {"timestamp" : 1346182658, "air_time" : 6,
 		"sequence" : 311, "fails" : 1,
 		"retries" : 0, "sample_1" : -6.66,
 		"sample_2" : 10.12, "sample_3" : -7.89,
 		"sample_4" : 0, "node_id" : 8},

	"8:312" : {"timestamp" : 1346182659, "air_time" : 1,
 		"sequence" : 312, "fails" : 3,
 		"retries" : 2, "sample_1" : -7.06,
 		"sample_2" : 11.19, "sample_3" : -6.70,
 		"sample_4" : 0, "node_id" : 8},

	"8:313" : {"timestamp" : 1346182660, "air_time" : 2,
 		"sequence" : 313, "fails" : 3,
 		"retries" : 1, "sample_1" : -7.80,
 		"sample_2" : 10.65, "sample_3" : -5.26,
 		"sample_4" : 0, "node_id" : 8},

	"8:314" : {"timestamp" : 1346182661, "air_time" : 9,
 		"sequence" : 314, "fails" : 2,
 		"retries" : 0, "sample_1" : -9.85,
 		"sample_2" : 10.71, "sample_3" : -4.70,
 		"sample_4" : 0, "node_id" : 8},

	"8:315" : {"timestamp" : 1346182662, "air_time" : 1,
 		"sequence" : 315, "fails" : 0,
 		"retries" : 2, "sample_1" : -9.50,
 		"sample_2" : 9.89, "sample_3" : -2.18,
 		"sample_4" : 0, "node_id" : 8},

	"8:316" : {"timestamp" : 1346182663, "air_time" : 6,
 		"sequence" : 316, "fails" : 3,
 		"retries" : 2, "sample_1" : -8.45,
 		"sample_2" : 7.62, "sample_3" : -1.23,
 		"sample_4" : 0, "node_id" : 8},

	"8:317" : {"timestamp" : 1346182664, "air_time" : 9,
 		"sequence" : 317, "fails" : 0,
 		"retries" : 2, "sample_1" : -7.80,
 		"sample_2" : 7.92, "sample_3" : 0.39,
 		"sample_4" : 0, "node_id" : 8},

	"8:318" : {"timestamp" : 1346182665, "air_time" : 9,
 		"sequence" : 318, "fails" : 1,
 		"retries" : 2, "sample_1" : -8.56,
 		"sample_2" : 4.95, "sample_3" : 1.53,
 		"sample_4" : 0, "node_id" : 8},

	"8:319" : {"timestamp" : 1346182666, "air_time" : 9,
 		"sequence" : 319, "fails" : 0,
 		"retries" : 2, "sample_1" : -7.66,
 		"sample_2" : 4.53, "sample_3" : 4.54,
 		"sample_4" : 0, "node_id" : 8},

	"8:320" : {"timestamp" : 1346182667, "air_time" : 1,
 		"sequence" : 320, "fails" : 1,
 		"retries" : 2, "sample_1" : -6.33,
 		"sample_2" : 2.13, "sample_3" : 5.37,
 		"sample_4" : 0, "node_id" : 8},

	"8:321" : {"timestamp" : 1346182668, "air_time" : 9,
 		"sequence" : 321, "fails" : 1,
 		"retries" : 0, "sample_1" : -3.60,
 		"sample_2" : 0.88, "sample_3" : 6.27,
 		"sample_4" : 0, "node_id" : 8},

	"8:322" : {"timestamp" : 1346182669, "air_time" : 0,
 		"sequence" : 322, "fails" : 0,
 		"retries" : 1, "sample_1" : -3.22,
 		"sample_2" : -0.34, "sample_3" : 7.38,
 		"sample_4" : 0, "node_id" : 8},

	"8:323" : {"timestamp" : 1346182670, "air_time" : 1,
 		"sequence" : 323, "fails" : 3,
 		"retries" : 0, "sample_1" : -1.24,
 		"sample_2" : -2.70, "sample_3" : 8.48,
 		"sample_4" : 0, "node_id" : 8},

	"8:324" : {"timestamp" : 1346182671, "air_time" : 5,
 		"sequence" : 324, "fails" : 1,
 		"retries" : 1, "sample_1" : 1.80,
 		"sample_2" : -4.54, "sample_3" : 10.93,
 		"sample_4" : 0, "node_id" : 8},

	"8:325" : {"timestamp" : 1346182672, "air_time" : 1,
 		"sequence" : 325, "fails" : 3,
 		"retries" : 0, "sample_1" : 3.44,
 		"sample_2" : -6.71, "sample_3" : 10.70,
 		"sample_4" : 0, "node_id" : 8},

	"8:326" : {"timestamp" : 1346182673, "air_time" : 2,
 		"sequence" : 326, "fails" : 3,
 		"retries" : 2, "sample_1" : 3.72,
 		"sample_2" : -6.78, "sample_3" : 11.37,
 		"sample_4" : 0, "node_id" : 8},

	"8:327" : {"timestamp" : 1346182674, "air_time" : 8,
 		"sequence" : 327, "fails" : 1,
 		"retries" : 2, "sample_1" : 5.30,
 		"sample_2" : -7.71, "sample_3" : 11.35,
 		"sample_4" : 0, "node_id" : 8},

	"8:328" : {"timestamp" : 1346182675, "air_time" : 6,
 		"sequence" : 328, "fails" : 3,
 		"retries" : 1, "sample_1" : 6.83,
 		"sample_2" : -9.36, "sample_3" : 10.62,
 		"sample_4" : 0, "node_id" : 8},

	"8:329" : {"timestamp" : 1346182676, "air_time" : 1,
 		"sequence" : 329, "fails" : 3,
 		"retries" : 1, "sample_1" : 7.96,
 		"sample_2" : -9.62, "sample_3" : 9.49,
 		"sample_4" : 0, "node_id" : 8},

	"8:330" : {"timestamp" : 1346182677, "air_time" : 7,
 		"sequence" : 330, "fails" : 2,
 		"retries" : 1, "sample_1" : 8.66,
 		"sample_2" : -9.79, "sample_3" : 8.90,
 		"sample_4" : 0, "node_id" : 8},

	"8:331" : {"timestamp" : 1346182678, "air_time" : 3,
 		"sequence" : 331, "fails" : 1,
 		"retries" : 0, "sample_1" : 9.40,
 		"sample_2" : -8.95, "sample_3" : 8.36,
 		"sample_4" : 0, "node_id" : 8},

	"8:332" : {"timestamp" : 1346182679, "air_time" : 7,
 		"sequence" : 332, "fails" : 2,
 		"retries" : 0, "sample_1" : 11.05,
 		"sample_2" : -8.61, "sample_3" : 5.90,
 		"sample_4" : 0, "node_id" : 8},

	"8:333" : {"timestamp" : 1346182680, "air_time" : 5,
 		"sequence" : 333, "fails" : 3,
 		"retries" : 2, "sample_1" : 10.70,
 		"sample_2" : -7.69, "sample_3" : 4.58,
 		"sample_4" : 0, "node_id" : 8},

	"8:334" : {"timestamp" : 1346182681, "air_time" : 9,
 		"sequence" : 334, "fails" : 1,
 		"retries" : 2, "sample_1" : 11.25,
 		"sample_2" : -6.72, "sample_3" : 3.73,
 		"sample_4" : 0, "node_id" : 8},

	"8:335" : {"timestamp" : 1346182682, "air_time" : 8,
 		"sequence" : 335, "fails" : 1,
 		"retries" : 2, "sample_1" : 11.00,
 		"sample_2" : -4.22, "sample_3" : 1.61,
 		"sample_4" : 0, "node_id" : 8},

	"8:336" : {"timestamp" : 1346182683, "air_time" : 0,
 		"sequence" : 336, "fails" : 2,
 		"retries" : 1, "sample_1" : 9.36,
 		"sample_2" : -3.85, "sample_3" : -0.53,
 		"sample_4" : 0, "node_id" : 8},

	"8:337" : {"timestamp" : 1346182684, "air_time" : 3,
 		"sequence" : 337, "fails" : 3,
 		"retries" : 2, "sample_1" : 8.06,
 		"sample_2" : -1.93, "sample_3" : -1.14,
 		"sample_4" : 0, "node_id" : 8},

	"8:338" : {"timestamp" : 1346182685, "air_time" : 8,
 		"sequence" : 338, "fails" : 3,
 		"retries" : 0, "sample_1" : 7.93,
 		"sample_2" : 0.37, "sample_3" : -4.37,
 		"sample_4" : 0, "node_id" : 8},

	"8:339" : {"timestamp" : 1346182686, "air_time" : 8,
 		"sequence" : 339, "fails" : 1,
 		"retries" : 0, "sample_1" : 5.30,
 		"sample_2" : 2.32, "sample_3" : -5.17,
 		"sample_4" : 0, "node_id" : 8},

	"8:340" : {"timestamp" : 1346182687, "air_time" : 3,
 		"sequence" : 340, "fails" : 1,
 		"retries" : 2, "sample_1" : 3.42,
 		"sample_2" : 2.74, "sample_3" : -6.38,
 		"sample_4" : 0, "node_id" : 8},

	"8:341" : {"timestamp" : 1346182688, "air_time" : 0,
 		"sequence" : 341, "fails" : 1,
 		"retries" : 0, "sample_1" : 3.64,
 		"sample_2" : 5.20, "sample_3" : -6.48,
 		"sample_4" : 0, "node_id" : 8},

	"8:342" : {"timestamp" : 1346182689, "air_time" : 6,
 		"sequence" : 342, "fails" : 0,
 		"retries" : 1, "sample_1" : 1.10,
 		"sample_2" : 6.04, "sample_3" : -8.23,
 		"sample_4" : 0, "node_id" : 8},

	"8:343" : {"timestamp" : 1346182690, "air_time" : 4,
 		"sequence" : 343, "fails" : 2,
 		"retries" : 0, "sample_1" : -0.44,
 		"sample_2" : 7.41, "sample_3" : -8.40,
 		"sample_4" : 0, "node_id" : 8},

	"8:344" : {"timestamp" : 1346182691, "air_time" : 1,
 		"sequence" : 344, "fails" : 3,
 		"retries" : 2, "sample_1" : -3.02,
 		"sample_2" : 8.48, "sample_3" : -9.07,
 		"sample_4" : 0, "node_id" : 8},

	"8:345" : {"timestamp" : 1346182692, "air_time" : 7,
 		"sequence" : 345, "fails" : 3,
 		"retries" : 0, "sample_1" : -3.70,
 		"sample_2" : 10.71, "sample_3" : -9.15,
 		"sample_4" : 0, "node_id" : 8},

	"8:346" : {"timestamp" : 1346182693, "air_time" : 8,
 		"sequence" : 346, "fails" : 2,
 		"retries" : 2, "sample_1" : -5.93,
 		"sample_2" : 9.66, "sample_3" : -7.72,
 		"sample_4" : 0, "node_id" : 8},

	"8:347" : {"timestamp" : 1346182694, "air_time" : 1,
 		"sequence" : 347, "fails" : 3,
 		"retries" : 1, "sample_1" : -7.46,
 		"sample_2" : 11.12, "sample_3" : -8.29,
 		"sample_4" : 0, "node_id" : 8},

	"8:348" : {"timestamp" : 1346182695, "air_time" : 3,
 		"sequence" : 348, "fails" : 1,
 		"retries" : 0, "sample_1" : -7.66,
 		"sample_2" : 11.09, "sample_3" : -6.30,
 		"sample_4" : 0, "node_id" : 8},

	"8:349" : {"timestamp" : 1346182696, "air_time" : 7,
 		"sequence" : 349, "fails" : 3,
 		"retries" : 0, "sample_1" : -8.10,
 		"sample_2" : 11.65, "sample_3" : -6.66,
 		"sample_4" : 0, "node_id" : 8},

	"8:350" : {"timestamp" : 1346182697, "air_time" : 4,
 		"sequence" : 350, "fails" : 0,
 		"retries" : 2, "sample_1" : -9.85,
 		"sample_2" : 10.21, "sample_3" : -4.00,
 		"sample_4" : 0, "node_id" : 8},

	"8:351" : {"timestamp" : 1346182698, "air_time" : 7,
 		"sequence" : 351, "fails" : 2,
 		"retries" : 2, "sample_1" : -8.70,
 		"sample_2" : 9.99, "sample_3" : -2.78,
 		"sample_4" : 0, "node_id" : 8},

	"8:352" : {"timestamp" : 1346182699, "air_time" : 2,
 		"sequence" : 352, "fails" : 2,
 		"retries" : 1, "sample_1" : -9.35,
 		"sample_2" : 7.82, "sample_3" : -2.03,
 		"sample_4" : 0, "node_id" : 8},

	"8:353" : {"timestamp" : 1346182700, "air_time" : 7,
 		"sequence" : 353, "fails" : 0,
 		"retries" : 0, "sample_1" : -8.30,
 		"sample_2" : 6.82, "sample_3" : -0.21,
 		"sample_4" : 0, "node_id" : 8},

	"8:354" : {"timestamp" : 1346182701, "air_time" : 4,
 		"sequence" : 354, "fails" : 0,
 		"retries" : 2, "sample_1" : -8.26,
 		"sample_2" : 5.15, "sample_3" : 2.23,
 		"sample_4" : 0, "node_id" : 8},

	"8:355" : {"timestamp" : 1346182702, "air_time" : 0,
 		"sequence" : 355, "fails" : 1,
 		"retries" : 0, "sample_1" : -6.06,
 		"sample_2" : 3.53, "sample_3" : 4.14,
 		"sample_4" : 0, "node_id" : 8},

	"8:356" : {"timestamp" : 1346182703, "air_time" : 9,
 		"sequence" : 356, "fails" : 3,
 		"retries" : 0, "sample_1" : -5.03,
 		"sample_2" : 2.53, "sample_3" : 5.67,
 		"sample_4" : 0, "node_id" : 8},

	"8:357" : {"timestamp" : 1346182704, "air_time" : 7,
 		"sequence" : 357, "fails" : 2,
 		"retries" : 2, "sample_1" : -3.40,
 		"sample_2" : -0.42, "sample_3" : 6.17,
 		"sample_4" : 0, "node_id" : 8},

	"8:358" : {"timestamp" : 1346182705, "air_time" : 1,
 		"sequence" : 358, "fails" : 2,
 		"retries" : 0, "sample_1" : -2.62,
 		"sample_2" : -2.04, "sample_3" : 8.88,
 		"sample_4" : 0, "node_id" : 8},

	"8:359" : {"timestamp" : 1346182706, "air_time" : 0,
 		"sequence" : 359, "fails" : 0,
 		"retries" : 1, "sample_1" : -1.34,
 		"sample_2" : -2.30, "sample_3" : 8.68,
 		"sample_4" : 0, "node_id" : 8},

	"8:360" : {"timestamp" : 1346182707, "air_time" : 3,
 		"sequence" : 360, "fails" : 2,
 		"retries" : 1, "sample_1" : 0.20,
 		"sample_2" : -3.84, "sample_3" : 9.83,
 		"sample_4" : 0, "node_id" : 8},

	"8:361" : {"timestamp" : 1346182708, "air_time" : 0,
 		"sequence" : 361, "fails" : 2,
 		"retries" : 1, "sample_1" : 3.04,
 		"sample_2" : -6.31, "sample_3" : 10.90,
 		"sample_4" : 0, "node_id" : 8},

	"8:362" : {"timestamp" : 1346182709, "air_time" : 5,
 		"sequence" : 362, "fails" : 1,
 		"retries" : 0, "sample_1" : 3.92,
 		"sample_2" : -7.78, "sample_3" : 11.67,
 		"sample_4" : 0, "node_id" : 8},

	"8:363" : {"timestamp" : 1346182710, "air_time" : 6,
 		"sequence" : 363, "fails" : 2,
 		"retries" : 0, "sample_1" : 5.00,
 		"sample_2" : -8.21, "sample_3" : 10.35,
 		"sample_4" : 0, "node_id" : 8},

	"8:364" : {"timestamp" : 1346182711, "air_time" : 9,
 		"sequence" : 364, "fails" : 3,
 		"retries" : 1, "sample_1" : 7.73,
 		"sample_2" : -9.36, "sample_3" : 9.82,
 		"sample_4" : 0, "node_id" : 8},

	"8:365" : {"timestamp" : 1346182712, "air_time" : 0,
 		"sequence" : 365, "fails" : 1,
 		"retries" : 2, "sample_1" : 8.46,
 		"sample_2" : -8.52, "sample_3" : 10.39,
 		"sample_4" : 0, "node_id" : 8},

	"8:366" : {"timestamp" : 1346182713, "air_time" : 5,
 		"sequence" : 366, "fails" : 2,
 		"retries" : 2, "sample_1" : 9.66,
 		"sample_2" : -9.39, "sample_3" : 10.00,
 		"sample_4" : 0, "node_id" : 8},

	"8:367" : {"timestamp" : 1346182714, "air_time" : 6,
 		"sequence" : 367, "fails" : 3,
 		"retries" : 2, "sample_1" : 10.30,
 		"sample_2" : -9.25, "sample_3" : 6.96,
 		"sample_4" : 0, "node_id" : 8},

	"8:368" : {"timestamp" : 1346182715, "air_time" : 7,
 		"sequence" : 368, "fails" : 3,
 		"retries" : 1, "sample_1" : 11.25,
 		"sample_2" : -8.51, "sample_3" : 7.30,
 		"sample_4" : 0, "node_id" : 8},

	"8:369" : {"timestamp" : 1346182716, "air_time" : 6,
 		"sequence" : 369, "fails" : 0,
 		"retries" : 0, "sample_1" : 11.30,
 		"sample_2" : -8.19, "sample_3" : 4.38,
 		"sample_4" : 0, "node_id" : 8},

	"8:370" : {"timestamp" : 1346182717, "air_time" : 8,
 		"sequence" : 370, "fails" : 0,
 		"retries" : 0, "sample_1" : 10.35,
 		"sample_2" : -6.02, "sample_3" : 3.53,
 		"sample_4" : 0, "node_id" : 8},

	"8:371" : {"timestamp" : 1346182718, "air_time" : 6,
 		"sequence" : 371, "fails" : 1,
 		"retries" : 2, "sample_1" : 11.20,
 		"sample_2" : -5.82, "sample_3" : 1.81,
 		"sample_4" : 0, "node_id" : 8},

	"8:372" : {"timestamp" : 1346182719, "air_time" : 9,
 		"sequence" : 372, "fails" : 1,
 		"retries" : 1, "sample_1" : 9.46,
 		"sample_2" : -3.05, "sample_3" : -0.13,
 		"sample_4" : 0, "node_id" : 8},

	"8:373" : {"timestamp" : 1346182720, "air_time" : 8,
 		"sequence" : 373, "fails" : 1,
 		"retries" : 0, "sample_1" : 8.96,
 		"sample_2" : -1.43, "sample_3" : -2.74,
 		"sample_4" : 0, "node_id" : 8},

	"8:374" : {"timestamp" : 1346182721, "air_time" : 1,
 		"sequence" : 374, "fails" : 2,
 		"retries" : 2, "sample_1" : 7.33,
 		"sample_2" : 0.07, "sample_3" : -3.07,
 		"sample_4" : 0, "node_id" : 8},

	"8:375" : {"timestamp" : 1346182722, "air_time" : 5,
 		"sequence" : 375, "fails" : 1,
 		"retries" : 2, "sample_1" : 5.50,
 		"sample_2" : 1.72, "sample_3" : -5.07,
 		"sample_4" : 0, "node_id" : 8},

	"8:376" : {"timestamp" : 1346182723, "air_time" : 1,
 		"sequence" : 376, "fails" : 2,
 		"retries" : 0, "sample_1" : 4.22,
 		"sample_2" : 3.84, "sample_3" : -5.78,
 		"sample_4" : 0, "node_id" : 8},

	"8:377" : {"timestamp" : 1346182724, "air_time" : 7,
 		"sequence" : 377, "fails" : 2,
 		"retries" : 0, "sample_1" : 3.34,
 		"sample_2" : 4.00, "sample_3" : -6.48,
 		"sample_4" : 0, "node_id" : 8},

	"8:378" : {"timestamp" : 1346182725, "air_time" : 9,
 		"sequence" : 378, "fails" : 0,
 		"retries" : 0, "sample_1" : 0.30,
 		"sample_2" : 7.14, "sample_3" : -9.03,
 		"sample_4" : 0, "node_id" : 8},

	"8:379" : {"timestamp" : 1346182726, "air_time" : 2,
 		"sequence" : 379, "fails" : 1,
 		"retries" : 0, "sample_1" : -0.34,
 		"sample_2" : 7.81, "sample_3" : -9.00,
 		"sample_4" : 0, "node_id" : 8},

	"8:380" : {"timestamp" : 1346182727, "air_time" : 2,
 		"sequence" : 380, "fails" : 2,
 		"retries" : 2, "sample_1" : -3.02,
 		"sample_2" : 8.08, "sample_3" : -9.87,
 		"sample_4" : 0, "node_id" : 8},

	"8:381" : {"timestamp" : 1346182728, "air_time" : 6,
 		"sequence" : 381, "fails" : 1,
 		"retries" : 2, "sample_1" : -4.20,
 		"sample_2" : 10.21, "sample_3" : -9.05,
 		"sample_4" : 0, "node_id" : 8},

	"8:382" : {"timestamp" : 1346182729, "air_time" : 3,
 		"sequence" : 382, "fails" : 3,
 		"retries" : 2, "sample_1" : -5.33,
 		"sample_2" : 9.86, "sample_3" : -8.12,
 		"sample_4" : 0, "node_id" : 8},

	"8:383" : {"timestamp" : 1346182730, "air_time" : 3,
 		"sequence" : 383, "fails" : 1,
 		"retries" : 1, "sample_1" : -6.46,
 		"sample_2" : 11.42, "sample_3" : -7.89,
 		"sample_4" : 0, "node_id" : 8},

	"8:384" : {"timestamp" : 1346182731, "air_time" : 7,
 		"sequence" : 384, "fails" : 0,
 		"retries" : 2, "sample_1" : -7.26,
 		"sample_2" : 11.69, "sample_3" : -6.30,
 		"sample_4" : 0, "node_id" : 8},

	"8:385" : {"timestamp" : 1346182732, "air_time" : 3,
 		"sequence" : 385, "fails" : 3,
 		"retries" : 0, "sample_1" : -9.10,
 		"sample_2" : 10.35, "sample_3" : -5.16,
 		"sample_4" : 0, "node_id" : 8},

	"8:386" : {"timestamp" : 1346182733, "air_time" : 5,
 		"sequence" : 386, "fails" : 3,
 		"retries" : 0, "sample_1" : -9.15,
 		"sample_2" : 10.71, "sample_3" : -5.10,
 		"sample_4" : 0, "node_id" : 8},

	"8:387" : {"timestamp" : 1346182734, "air_time" : 2,
 		"sequence" : 387, "fails" : 2,
 		"retries" : 1, "sample_1" : -8.20,
 		"sample_2" : 9.89, "sample_3" : -2.38,
 		"sample_4" : 0, "node_id" : 8},

	"8:388" : {"timestamp" : 1346182735, "air_time" : 0,
 		"sequence" : 388, "fails" : 0,
 		"retries" : 0, "sample_1" : -9.15,
 		"sample_2" : 8.52, "sample_3" : -2.23,
 		"sample_4" : 0, "node_id" : 8},

	"8:389" : {"timestamp" : 1346182736, "air_time" : 7,
 		"sequence" : 389, "fails" : 3,
 		"retries" : 2, "sample_1" : -9.30,
 		"sample_2" : 7.92, "sample_3" : 0.59,
 		"sample_4" : 0, "node_id" : 8},

	"8:390" : {"timestamp" : 1346182737, "air_time" : 5,
 		"sequence" : 390, "fails" : 2,
 		"retries" : 1, "sample_1" : -8.26,
 		"sample_2" : 5.05, "sample_3" : 1.63,
 		"sample_4" : 0, "node_id" : 8},

	"8:391" : {"timestamp" : 1346182738, "air_time" : 0,
 		"sequence" : 391, "fails" : 2,
 		"retries" : 2, "sample_1" : -5.86,
 		"sample_2" : 4.73, "sample_3" : 2.84,
 		"sample_4" : 0, "node_id" : 8},

	"8:392" : {"timestamp" : 1346182739, "air_time" : 1,
 		"sequence" : 392, "fails" : 0,
 		"retries" : 2, "sample_1" : -5.33,
 		"sample_2" : 1.43, "sample_3" : 4.97,
 		"sample_4" : 0, "node_id" : 8},

	"8:393" : {"timestamp" : 1346182740, "air_time" : 7,
 		"sequence" : 393, "fails" : 2,
 		"retries" : 0, "sample_1" : -4.00,
 		"sample_2" : -0.42, "sample_3" : 7.27,
 		"sample_4" : 0, "node_id" : 8},

	"8:394" : {"timestamp" : 1346182741, "air_time" : 7,
 		"sequence" : 394, "fails" : 2,
 		"retries" : 1, "sample_1" : -1.52,
 		"sample_2" : -1.14, "sample_3" : 7.88,
 		"sample_4" : 0, "node_id" : 8},

	"8:395" : {"timestamp" : 1346182742, "air_time" : 7,
 		"sequence" : 395, "fails" : 0,
 		"retries" : 0, "sample_1" : -0.14,
 		"sample_2" : -2.70, "sample_3" : 9.68,
 		"sample_4" : 0, "node_id" : 8},

	"8:396" : {"timestamp" : 1346182743, "air_time" : 4,
 		"sequence" : 396, "fails" : 3,
 		"retries" : 2, "sample_1" : 1.30,
 		"sample_2" : -4.44, "sample_3" : 10.43,
 		"sample_4" : 0, "node_id" : 8},

	"8:397" : {"timestamp" : 1346182744, "air_time" : 5,
 		"sequence" : 397, "fails" : 0,
 		"retries" : 0, "sample_1" : 2.54,
 		"sample_2" : -6.71, "sample_3" : 11.50,
 		"sample_4" : 0, "node_id" : 8},

	"8:398" : {"timestamp" : 1346182745, "air_time" : 6,
 		"sequence" : 398, "fails" : 2,
 		"retries" : 1, "sample_1" : 3.52,
 		"sample_2" : -6.88, "sample_3" : 10.67,
 		"sample_4" : 0, "node_id" : 8},

	"8:399" : {"timestamp" : 1346182746, "air_time" : 4,
 		"sequence" : 399, "fails" : 1,
 		"retries" : 0, "sample_1" : 5.70,
 		"sample_2" : -8.61, "sample_3" : 11.35,
 		"sample_4" : 0, "node_id" : 8},

	"8:400" : {"timestamp" : 1346182747, "air_time" : 9,
 		"sequence" : 400, "fails" : 2,
 		"retries" : 0, "sample_1" : 7.03,
 		"sample_2" : -9.46, "sample_3" : 11.12,
 		"sample_4" : 0, "node_id" : 8},

	"8:401" : {"timestamp" : 1346182748, "air_time" : 3,
 		"sequence" : 401, "fails" : 1,
 		"retries" : 2, "sample_1" : 8.86,
 		"sample_2" : -9.22, "sample_3" : 10.09,
 		"sample_4" : 0, "node_id" : 8},

	"8:402" : {"timestamp" : 1346182749, "air_time" : 7,
 		"sequence" : 402, "fails" : 3,
 		"retries" : 0, "sample_1" : 8.96,
 		"sample_2" : -8.29, "sample_3" : 10.00,
 		"sample_4" : 0, "node_id" : 8},

	"8:403" : {"timestamp" : 1346182750, "air_time" : 4,
 		"sequence" : 403, "fails" : 1,
 		"retries" : 2, "sample_1" : 10.10,
 		"sample_2" : -8.35, "sample_3" : 8.26,
 		"sample_4" : 0, "node_id" : 8},

	"8:404" : {"timestamp" : 1346182751, "air_time" : 3,
 		"sequence" : 404, "fails" : 2,
 		"retries" : 1, "sample_1" : 11.65,
 		"sample_2" : -8.21, "sample_3" : 6.80,
 		"sample_4" : 0, "node_id" : 8},

	"8:405" : {"timestamp" : 1346182752, "air_time" : 7,
 		"sequence" : 405, "fails" : 3,
 		"retries" : 1, "sample_1" : 10.80,
 		"sample_2" : -8.39, "sample_3" : 4.08,
 		"sample_4" : 0, "node_id" : 8},

	"8:406" : {"timestamp" : 1346182753, "air_time" : 4,
 		"sequence" : 406, "fails" : 1,
 		"retries" : 1, "sample_1" : 11.45,
 		"sample_2" : -6.72, "sample_3" : 2.73,
 		"sample_4" : 0, "node_id" : 8},

	"8:407" : {"timestamp" : 1346182754, "air_time" : 6,
 		"sequence" : 407, "fails" : 2,
 		"retries" : 1, "sample_1" : 9.80,
 		"sample_2" : -5.82, "sample_3" : 1.01,
 		"sample_4" : 0, "node_id" : 8},

	"8:408" : {"timestamp" : 1346182755, "air_time" : 4,
 		"sequence" : 408, "fails" : 1,
 		"retries" : 2, "sample_1" : 9.56,
 		"sample_2" : -3.35, "sample_3" : -0.43,
 		"sample_4" : 0, "node_id" : 8},

	"8:409" : {"timestamp" : 1346182756, "air_time" : 7,
 		"sequence" : 409, "fails" : 2,
 		"retries" : 0, "sample_1" : 7.86,
 		"sample_2" : -2.33, "sample_3" : -2.74,
 		"sample_4" : 0, "node_id" : 8},

	"8:410" : {"timestamp" : 1346182757, "air_time" : 4,
 		"sequence" : 410, "fails" : 1,
 		"retries" : 0, "sample_1" : 7.23,
 		"sample_2" : -0.93, "sample_3" : -4.17,
 		"sample_4" : 0, "node_id" : 8},

	"8:411" : {"timestamp" : 1346182758, "air_time" : 0,
 		"sequence" : 411, "fails" : 0,
 		"retries" : 1, "sample_1" : 6.10,
 		"sample_2" : 1.52, "sample_3" : -5.67,
 		"sample_4" : 0, "node_id" : 8},

	"8:412" : {"timestamp" : 1346182759, "air_time" : 5,
 		"sequence" : 412, "fails" : 3,
 		"retries" : 0, "sample_1" : 4.82,
 		"sample_2" : 2.44, "sample_3" : -6.78,
 		"sample_4" : 0, "node_id" : 8},

	"8:413" : {"timestamp" : 1346182760, "air_time" : 5,
 		"sequence" : 413, "fails" : 0,
 		"retries" : 2, "sample_1" : 2.54,
 		"sample_2" : 4.20, "sample_3" : -7.68,
 		"sample_4" : 0, "node_id" : 8},

	"8:414" : {"timestamp" : 1346182761, "air_time" : 1,
 		"sequence" : 414, "fails" : 3,
 		"retries" : 2, "sample_1" : 0.40,
 		"sample_2" : 6.64, "sample_3" : -8.73,
 		"sample_4" : 0, "node_id" : 8},

	"8:415" : {"timestamp" : 1346182762, "air_time" : 5,
 		"sequence" : 415, "fails" : 0,
 		"retries" : 0, "sample_1" : -0.14,
 		"sample_2" : 6.91, "sample_3" : -8.20,
 		"sample_4" : 0, "node_id" : 8},

	"8:416" : {"timestamp" : 1346182763, "air_time" : 0,
 		"sequence" : 416, "fails" : 0,
 		"retries" : 0, "sample_1" : -2.42,
 		"sample_2" : 9.58, "sample_3" : -9.67,
 		"sample_4" : 0, "node_id" : 8},

	"8:417" : {"timestamp" : 1346182764, "air_time" : 0,
 		"sequence" : 417, "fails" : 0,
 		"retries" : 1, "sample_1" : -4.70,
 		"sample_2" : 9.81, "sample_3" : -9.05,
 		"sample_4" : 0, "node_id" : 8},

	"8:418" : {"timestamp" : 1346182765, "air_time" : 0,
 		"sequence" : 418, "fails" : 2,
 		"retries" : 1, "sample_1" : -5.43,
 		"sample_2" : 10.66, "sample_3" : -8.62,
 		"sample_4" : 0, "node_id" : 8},

	"8:419" : {"timestamp" : 1346182766, "air_time" : 4,
 		"sequence" : 419, "fails" : 2,
 		"retries" : 0, "sample_1" : -5.76,
 		"sample_2" : 11.12, "sample_3" : -7.99,
 		"sample_4" : 0, "node_id" : 8},

	"8:420" : {"timestamp" : 1346182767, "air_time" : 8,
 		"sequence" : 420, "fails" : 0,
 		"retries" : 0, "sample_1" : -8.16,
 		"sample_2" : 11.49, "sample_3" : -7.40,
 		"sample_4" : 0, "node_id" : 8},

	"8:421" : {"timestamp" : 1346182768, "air_time" : 4,
 		"sequence" : 421, "fails" : 0,
 		"retries" : 2, "sample_1" : -7.60,
 		"sample_2" : 11.65, "sample_3" : -5.26,
 		"sample_4" : 0, "node_id" : 8},

	"8:422" : {"timestamp" : 1346182769, "air_time" : 4,
 		"sequence" : 422, "fails" : 0,
 		"retries" : 1, "sample_1" : -9.25,
 		"sample_2" : 9.81, "sample_3" : -5.10,
 		"sample_4" : 0, "node_id" : 8},

	"8:423" : {"timestamp" : 1346182770, "air_time" : 8,
 		"sequence" : 423, "fails" : 1,
 		"retries" : 2, "sample_1" : -8.10,
 		"sample_2" : 9.59, "sample_3" : -3.98,
 		"sample_4" : 0, "node_id" : 8},

	"8:424" : {"timestamp" : 1346182771, "air_time" : 4,
 		"sequence" : 424, "fails" : 2,
 		"retries" : 1, "sample_1" : -8.65,
 		"sample_2" : 8.92, "sample_3" : -2.23,
 		"sample_4" : 0, "node_id" : 8},

	"8:425" : {"timestamp" : 1346182772, "air_time" : 9,
 		"sequence" : 425, "fails" : 2,
 		"retries" : 0, "sample_1" : -8.10,
 		"sample_2" : 6.12, "sample_3" : 0.09,
 		"sample_4" : 0, "node_id" : 8},

	"8:426" : {"timestamp" : 1346182773, "air_time" : 1,
 		"sequence" : 426, "fails" : 1,
 		"retries" : 1, "sample_1" : -6.96,
 		"sample_2" : 5.95, "sample_3" : 1.03,
 		"sample_4" : 0, "node_id" : 8},

	"8:427" : {"timestamp" : 1346182774, "air_time" : 9,
 		"sequence" : 427, "fails" : 1,
 		"retries" : 0, "sample_1" : -7.56,
 		"sample_2" : 4.83, "sample_3" : 3.14,
 		"sample_4" : 0, "node_id" : 8},

	"8:428" : {"timestamp" : 1346182775, "air_time" : 8,
 		"sequence" : 428, "fails" : 0,
 		"retries" : 0, "sample_1" : -5.03,
 		"sample_2" : 2.43, "sample_3" : 4.47,
 		"sample_4" : 0, "node_id" : 8},

	"8:429" : {"timestamp" : 1346182776, "air_time" : 2,
 		"sequence" : 429, "fails" : 2,
 		"retries" : 2, "sample_1" : -4.70,
 		"sample_2" : 1.18, "sample_3" : 6.27,
 		"sample_4" : 0, "node_id" : 8},

	"8:430" : {"timestamp" : 1346182777, "air_time" : 8,
 		"sequence" : 430, "fails" : 1,
 		"retries" : 1, "sample_1" : -3.32,
 		"sample_2" : -0.94, "sample_3" : 7.88,
 		"sample_4" : 0, "node_id" : 8},

	"8:431" : {"timestamp" : 1346182778, "air_time" : 1,
 		"sequence" : 431, "fails" : 3,
 		"retries" : 0, "sample_1" : -1.64,
 		"sample_2" : -3.10, "sample_3" : 10.08,
 		"sample_4" : 0, "node_id" : 8},

	"8:432" : {"timestamp" : 1346182779, "air_time" : 8,
 		"sequence" : 432, "fails" : 0,
 		"retries" : 0, "sample_1" : 1.80,
 		"sample_2" : -4.54, "sample_3" : 9.53,
 		"sample_4" : 0, "node_id" : 8},

	"8:433" : {"timestamp" : 1346182780, "air_time" : 2,
 		"sequence" : 433, "fails" : 3,
 		"retries" : 2, "sample_1" : 2.74,
 		"sample_2" : -6.51, "sample_3" : 11.20,
 		"sample_4" : 0, "node_id" : 8},

	"8:434" : {"timestamp" : 1346182781, "air_time" : 2,
 		"sequence" : 434, "fails" : 2,
 		"retries" : 0, "sample_1" : 4.82,
 		"sample_2" : -6.78, "sample_3" : 11.67,
 		"sample_4" : 0, "node_id" : 8},

	"8:435" : {"timestamp" : 1346182782, "air_time" : 5,
 		"sequence" : 435, "fails" : 0,
 		"retries" : 0, "sample_1" : 5.00,
 		"sample_2" : -7.21, "sample_3" : 11.75,
 		"sample_4" : 0, "node_id" : 8},

	"8:436" : {"timestamp" : 1346182783, "air_time" : 1,
 		"sequence" : 436, "fails" : 1,
 		"retries" : 2, "sample_1" : 7.13,
 		"sample_2" : -8.26, "sample_3" : 9.62,
 		"sample_4" : 0, "node_id" : 8},

	"8:437" : {"timestamp" : 1346182784, "air_time" : 2,
 		"sequence" : 437, "fails" : 0,
 		"retries" : 2, "sample_1" : 9.16,
 		"sample_2" : -9.02, "sample_3" : 10.69,
 		"sample_4" : 0, "node_id" : 8},

	"8:438" : {"timestamp" : 1346182785, "air_time" : 3,
 		"sequence" : 438, "fails" : 2,
 		"retries" : 2, "sample_1" : 10.06,
 		"sample_2" : -8.39, "sample_3" : 9.70,
 		"sample_4" : 0, "node_id" : 8},

	"8:439" : {"timestamp" : 1346182786, "air_time" : 5,
 		"sequence" : 439, "fails" : 0,
 		"retries" : 1, "sample_1" : 11.20,
 		"sample_2" : -8.85, "sample_3" : 8.26,
 		"sample_4" : 0, "node_id" : 8},

	"8:440" : {"timestamp" : 1346182787, "air_time" : 5,
 		"sequence" : 440, "fails" : 1,
 		"retries" : 2, "sample_1" : 11.55,
 		"sample_2" : -8.81, "sample_3" : 6.60,
 		"sample_4" : 0, "node_id" : 8},

	"8:441" : {"timestamp" : 1346182788, "air_time" : 0,
 		"sequence" : 441, "fails" : 2,
 		"retries" : 2, "sample_1" : 11.90,
 		"sample_2" : -7.59, "sample_3" : 4.68,
 		"sample_4" : 0, "node_id" : 8},

	"8:442" : {"timestamp" : 1346182789, "air_time" : 2,
 		"sequence" : 442, "fails" : 0,
 		"retries" : 0, "sample_1" : 10.75,
 		"sample_2" : -6.52, "sample_3" : 4.13,
 		"sample_4" : 0, "node_id" : 8},

	"8:443" : {"timestamp" : 1346182790, "air_time" : 5,
 		"sequence" : 443, "fails" : 2,
 		"retries" : 1, "sample_1" : 11.20,
 		"sample_2" : -5.32, "sample_3" : 2.41,
 		"sample_4" : 0, "node_id" : 8},

	"8:444" : {"timestamp" : 1346182791, "air_time" : 8,
 		"sequence" : 444, "fails" : 1,
 		"retries" : 0, "sample_1" : 9.96,
 		"sample_2" : -3.35, "sample_3" : -0.93,
 		"sample_4" : 0, "node_id" : 8},

	"8:445" : {"timestamp" : 1346182792, "air_time" : 2,
 		"sequence" : 445, "fails" : 3,
 		"retries" : 0, "sample_1" : 8.26,
 		"sample_2" : -2.93, "sample_3" : -2.74,
 		"sample_4" : 0, "node_id" : 8},

	"8:446" : {"timestamp" : 1346182793, "air_time" : 4,
 		"sequence" : 446, "fails" : 1,
 		"retries" : 2, "sample_1" : 7.63,
 		"sample_2" : 0.57, "sample_3" : -3.27,
 		"sample_4" : 0, "node_id" : 8},

	"8:447" : {"timestamp" : 1346182794, "air_time" : 4,
 		"sequence" : 447, "fails" : 2,
 		"retries" : 0, "sample_1" : 6.30,
 		"sample_2" : 2.22, "sample_3" : -5.17,
 		"sample_4" : 0, "node_id" : 8},

	"8:448" : {"timestamp" : 1346182795, "air_time" : 5,
 		"sequence" : 448, "fails" : 2,
 		"retries" : 1, "sample_1" : 4.42,
 		"sample_2" : 4.04, "sample_3" : -6.08,
 		"sample_4" : 0, "node_id" : 8},

	"8:449" : {"timestamp" : 1346182796, "air_time" : 4,
 		"sequence" : 449, "fails" : 3,
 		"retries" : 1, "sample_1" : 1.94,
 		"sample_2" : 4.50, "sample_3" : -6.98,
 		"sample_4" : 0, "node_id" : 8},

	"8:450" : {"timestamp" : 1346182797, "air_time" : 9,
 		"sequence" : 450, "fails" : 1,
 		"retries" : 2, "sample_1" : 1.20,
 		"sample_2" : 6.34, "sample_3" : -8.33,
 		"sample_4" : 0, "node_id" : 8},

	"8:451" : {"timestamp" : 1346182798, "air_time" : 5,
 		"sequence" : 451, "fails" : 1,
 		"retries" : 2, "sample_1" : -1.74,
 		"sample_2" : 8.21, "sample_3" : -9.10,
 		"sample_4" : 0, "node_id" : 8},

	"8:452" : {"timestamp" : 1346182799, "air_time" : 3,
 		"sequence" : 452, "fails" : 1,
 		"retries" : 1, "sample_1" : -2.12,
 		"sample_2" : 9.88, "sample_3" : -9.37,
 		"sample_4" : 0, "node_id" : 8},

	"8:453" : {"timestamp" : 1346182800, "air_time" : 1,
 		"sequence" : 453, "fails" : 3,
 		"retries" : 1, "sample_1" : -3.60,
 		"sample_2" : 10.51, "sample_3" : -8.85,
 		"sample_4" : 0, "node_id" : 8},

	"8:454" : {"timestamp" : 1346182801, "air_time" : 3,
 		"sequence" : 454, "fails" : 2,
 		"retries" : 1, "sample_1" : -5.53,
 		"sample_2" : 11.26, "sample_3" : -9.32,
 		"sample_4" : 0, "node_id" : 8},

	"8:455" : {"timestamp" : 1346182802, "air_time" : 6,
 		"sequence" : 455, "fails" : 2,
 		"retries" : 2, "sample_1" : -5.96,
 		"sample_2" : 10.12, "sample_3" : -7.59,
 		"sample_4" : 0, "node_id" : 8},

	"8:456" : {"timestamp" : 1346182803, "air_time" : 2,
 		"sequence" : 456, "fails" : 2,
 		"retries" : 0, "sample_1" : -8.46,
 		"sample_2" : 10.49, "sample_3" : -7.20,
 		"sample_4" : 0, "node_id" : 8},

	"8:457" : {"timestamp" : 1346182804, "air_time" : 3,
 		"sequence" : 457, "fails" : 2,
 		"retries" : 0, "sample_1" : -8.00,
 		"sample_2" : 10.65, "sample_3" : -5.86,
 		"sample_4" : 0, "node_id" : 8},

	"8:458" : {"timestamp" : 1346182805, "air_time" : 8,
 		"sequence" : 458, "fails" : 0,
 		"retries" : 2, "sample_1" : -8.55,
 		"sample_2" : 10.51, "sample_3" : -4.70,
 		"sample_4" : 0, "node_id" : 8},

	"8:459" : {"timestamp" : 1346182806, "air_time" : 0,
 		"sequence" : 459, "fails" : 3,
 		"retries" : 2, "sample_1" : -9.00,
 		"sample_2" : 8.39, "sample_3" : -3.08,
 		"sample_4" : 0, "node_id" : 8},

	"8:460" : {"timestamp" : 1346182807, "air_time" : 9,
 		"sequence" : 460, "fails" : 1,
 		"retries" : 0, "sample_1" : -9.35,
 		"sample_2" : 8.42, "sample_3" : -0.93,
 		"sample_4" : 0, "node_id" : 8},

	"8:461" : {"timestamp" : 1346182808, "air_time" : 1,
 		"sequence" : 461, "fails" : 2,
 		"retries" : 2, "sample_1" : -8.90,
 		"sample_2" : 6.32, "sample_3" : 1.19,
 		"sample_4" : 0, "node_id" : 8},

	"8:462" : {"timestamp" : 1346182809, "air_time" : 4,
 		"sequence" : 462, "fails" : 0,
 		"retries" : 1, "sample_1" : -8.16,
 		"sample_2" : 4.95, "sample_3" : 1.83,
 		"sample_4" : 0, "node_id" : 8},

	"8:463" : {"timestamp" : 1346182810, "air_time" : 2,
 		"sequence" : 463, "fails" : 1,
 		"retries" : 1, "sample_1" : -7.06,
 		"sample_2" : 4.83, "sample_3" : 3.04,
 		"sample_4" : 0, "node_id" : 8},

	"8:464" : {"timestamp" : 1346182811, "air_time" : 8,
 		"sequence" : 464, "fails" : 0,
 		"retries" : 2, "sample_1" : -6.23,
 		"sample_2" : 2.23, "sample_3" : 5.17,
 		"sample_4" : 0, "node_id" : 8},

	"8:465" : {"timestamp" : 1346182812, "air_time" : 1,
 		"sequence" : 465, "fails" : 2,
 		"retries" : 2, "sample_1" : -3.10,
 		"sample_2" : 0.88, "sample_3" : 7.27,
 		"sample_4" : 0, "node_id" : 8},

	"8:466" : {"timestamp" : 1346182813, "air_time" : 7,
 		"sequence" : 466, "fails" : 1,
 		"retries" : 0, "sample_1" : -1.92,
 		"sample_2" : -0.64, "sample_3" : 8.58,
 		"sample_4" : 0, "node_id" : 8},

	"8:467" : {"timestamp" : 1346182814, "air_time" : 2,
 		"sequence" : 467, "fails" : 2,
 		"retries" : 1, "sample_1" : 0.16,
 		"sample_2" : -2.00, "sample_3" : 9.38,
 		"sample_4" : 0, "node_id" : 8},

	"8:468" : {"timestamp" : 1346182815, "air_time" : 9,
 		"sequence" : 468, "fails" : 1,
 		"retries" : 2, "sample_1" : 0.10,
 		"sample_2" : -5.14, "sample_3" : 9.53,
 		"sample_4" : 0, "node_id" : 8},

	"8:469" : {"timestamp" : 1346182816, "air_time" : 5,
 		"sequence" : 469, "fails" : 0,
 		"retries" : 2, "sample_1" : 2.94,
 		"sample_2" : -5.51, "sample_3" : 10.00,
 		"sample_4" : 0, "node_id" : 8},

	"8:470" : {"timestamp" : 1346182817, "air_time" : 5,
 		"sequence" : 470, "fails" : 0,
 		"retries" : 1, "sample_1" : 3.52,
 		"sample_2" : -7.48, "sample_3" : 10.17,
 		"sample_4" : 0, "node_id" : 8},

	"8:471" : {"timestamp" : 1346182818, "air_time" : 2,
 		"sequence" : 471, "fails" : 0,
 		"retries" : 1, "sample_1" : 6.20,
 		"sample_2" : -8.71, "sample_3" : 10.55,
 		"sample_4" : 0, "node_id" : 8},

	"8:472" : {"timestamp" : 1346182819, "air_time" : 2,
 		"sequence" : 472, "fails" : 0,
 		"retries" : 2, "sample_1" : 8.23,
 		"sample_2" : -9.46, "sample_3" : 10.42,
 		"sample_4" : 0, "node_id" : 8},

	"8:473" : {"timestamp" : 1346182820, "air_time" : 6,
 		"sequence" : 473, "fails" : 2,
 		"retries" : 0, "sample_1" : 9.46,
 		"sample_2" : -8.02, "sample_3" : 8.99,
 		"sample_4" : 0, "node_id" : 8},

	"8:474" : {"timestamp" : 1346182821, "air_time" : 3,
 		"sequence" : 474, "fails" : 1,
 		"retries" : 0, "sample_1" : 9.66,
 		"sample_2" : -8.09, "sample_3" : 8.60,
 		"sample_4" : 0, "node_id" : 8},

	"8:475" : {"timestamp" : 1346182822, "air_time" : 4,
 		"sequence" : 475, "fails" : 2,
 		"retries" : 2, "sample_1" : 9.50,
 		"sample_2" : -9.45, "sample_3" : 7.76,
 		"sample_4" : 0, "node_id" : 8},

	"8:476" : {"timestamp" : 1346182823, "air_time" : 8,
 		"sequence" : 476, "fails" : 1,
 		"retries" : 1, "sample_1" : 10.25,
 		"sample_2" : -8.71, "sample_3" : 7.20,
 		"sample_4" : 0, "node_id" : 8},

	"8:477" : {"timestamp" : 1346182824, "air_time" : 7,
 		"sequence" : 477, "fails" : 0,
 		"retries" : 1, "sample_1" : 11.40,
 		"sample_2" : -7.49, "sample_3" : 4.48,
 		"sample_4" : 0, "node_id" : 8},

	"8:478" : {"timestamp" : 1346182825, "air_time" : 6,
 		"sequence" : 478, "fails" : 0,
 		"retries" : 1, "sample_1" : 11.45,
 		"sample_2" : -6.42, "sample_3" : 4.33,
 		"sample_4" : 0, "node_id" : 8},

	"8:479" : {"timestamp" : 1346182826, "air_time" : 2,
 		"sequence" : 479, "fails" : 2,
 		"retries" : 1, "sample_1" : 10.50,
 		"sample_2" : -5.02, "sample_3" : 0.91,
 		"sample_4" : 0, "node_id" : 8},

	"8:480" : {"timestamp" : 1346182827, "air_time" : 4,
 		"sequence" : 480, "fails" : 2,
 		"retries" : 0, "sample_1" : 9.56,
 		"sample_2" : -4.35, "sample_3" : -0.63,
 		"sample_4" : 0, "node_id" : 8},

	"8:481" : {"timestamp" : 1346182828, "air_time" : 9,
 		"sequence" : 481, "fails" : 1,
 		"retries" : 2, "sample_1" : 9.06,
 		"sample_2" : -2.93, "sample_3" : -2.24,
 		"sample_4" : 0, "node_id" : 8},

	"8:482" : {"timestamp" : 1346182829, "air_time" : 1,
 		"sequence" : 482, "fails" : 0,
 		"retries" : 0, "sample_1" : 7.53,
 		"sample_2" : -0.73, "sample_3" : -4.07,
 		"sample_4" : 0, "node_id" : 8},

	"8:483" : {"timestamp" : 1346182830, "air_time" : 0,
 		"sequence" : 483, "fails" : 1,
 		"retries" : 1, "sample_1" : 5.40,
 		"sample_2" : 2.42, "sample_3" : -4.57,
 		"sample_4" : 0, "node_id" : 8},

	"8:484" : {"timestamp" : 1346182831, "air_time" : 8,
 		"sequence" : 484, "fails" : 3,
 		"retries" : 0, "sample_1" : 3.92,
 		"sample_2" : 3.24, "sample_3" : -6.28,
 		"sample_4" : 0, "node_id" : 8},

	"8:485" : {"timestamp" : 1346182832, "air_time" : 4,
 		"sequence" : 485, "fails" : 0,
 		"retries" : 0, "sample_1" : 1.94,
 		"sample_2" : 5.80, "sample_3" : -8.28,
 		"sample_4" : 0, "node_id" : 8},

	"8:486" : {"timestamp" : 1346182833, "air_time" : 0,
 		"sequence" : 486, "fails" : 1,
 		"retries" : 2, "sample_1" : 1.40,
 		"sample_2" : 6.94, "sample_3" : -8.83,
 		"sample_4" : 0, "node_id" : 8},

	"8:487" : {"timestamp" : 1346182834, "air_time" : 5,
 		"sequence" : 487, "fails" : 3,
 		"retries" : 0, "sample_1" : -1.34,
 		"sample_2" : 7.01, "sample_3" : -8.00,
 		"sample_4" : 0, "node_id" : 8},

	"8:488" : {"timestamp" : 1346182835, "air_time" : 0,
 		"sequence" : 488, "fails" : 3,
 		"retries" : 0, "sample_1" : -1.92,
 		"sample_2" : 7.98, "sample_3" : -9.57,
 		"sample_4" : 0, "node_id" : 8},

	"8:489" : {"timestamp" : 1346182836, "air_time" : 9,
 		"sequence" : 489, "fails" : 0,
 		"retries" : 1, "sample_1" : -4.20,
 		"sample_2" : 8.91, "sample_3" : -9.35,
 		"sample_4" : 0, "node_id" : 8},

	"8:490" : {"timestamp" : 1346182837, "air_time" : 7,
 		"sequence" : 490, "fails" : 2,
 		"retries" : 0, "sample_1" : -4.53,
 		"sample_2" : 10.16, "sample_3" : -8.82,
 		"sample_4" : 0, "node_id" : 8},

	"8:491" : {"timestamp" : 1346182838, "air_time" : 5,
 		"sequence" : 491, "fails" : 1,
 		"retries" : 0, "sample_1" : -7.26,
 		"sample_2" : 10.12, "sample_3" : -7.69,
 		"sample_4" : 0, "node_id" : 8},

	"8:492" : {"timestamp" : 1346182839, "air_time" : 6,
 		"sequence" : 492, "fails" : 1,
 		"retries" : 0, "sample_1" : -8.36,
 		"sample_2" : 10.89, "sample_3" : -7.10,
 		"sample_4" : 0, "node_id" : 8},

	"8:493" : {"timestamp" : 1346182840, "air_time" : 6,
 		"sequence" : 493, "fails" : 3,
 		"retries" : 2, "sample_1" : -9.40,
 		"sample_2" : 10.75, "sample_3" : -6.86,
 		"sample_4" : 0, "node_id" : 8},

	"8:494" : {"timestamp" : 1346182841, "air_time" : 7,
 		"sequence" : 494, "fails" : 2,
 		"retries" : 1, "sample_1" : -8.45,
 		"sample_2" : 10.01, "sample_3" : -5.30,
 		"sample_4" : 0, "node_id" : 8},

	"8:495" : {"timestamp" : 1346182842, "air_time" : 4,
 		"sequence" : 495, "fails" : 3,
 		"retries" : 1, "sample_1" : -8.50,
 		"sample_2" : 10.09, "sample_3" : -3.88,
 		"sample_4" : 0, "node_id" : 8},

	"8:496" : {"timestamp" : 1346182843, "air_time" : 3,
 		"sequence" : 496, "fails" : 3,
 		"retries" : 1, "sample_1" : -8.55,
 		"sample_2" : 9.22, "sample_3" : -1.63,
 		"sample_4" : 0, "node_id" : 8},

	"8:497" : {"timestamp" : 1346182844, "air_time" : 8,
 		"sequence" : 497, "fails" : 2,
 		"retries" : 2, "sample_1" : -8.30,
 		"sample_2" : 7.52, "sample_3" : 1.19,
 		"sample_4" : 0, "node_id" : 8},

	"8:498" : {"timestamp" : 1346182845, "air_time" : 5,
 		"sequence" : 498, "fails" : 2,
 		"retries" : 0, "sample_1" : -8.46,
 		"sample_2" : 5.55, "sample_3" : 1.33,
 		"sample_4" : 0, "node_id" : 8},

	"8:499" : {"timestamp" : 1346182846, "air_time" : 2,
 		"sequence" : 499, "fails" : 0,
 		"retries" : 2, "sample_1" : -6.56,
 		"sample_2" : 4.33, "sample_3" : 4.64,
 		"sample_4" : 0, "node_id" : 8},

	"8:500" : {"timestamp" : 1346182847, "air_time" : 5,
 		"sequence" : 500, "fails" : 0,
 		"retries" : 2, "sample_1" : -6.43,
 		"sample_2" : 2.73, "sample_3" : 5.27,
 		"sample_4" : 0, "node_id" : 8},

	"8:501" : {"timestamp" : 1346182848, "air_time" : 4,
 		"sequence" : 501, "fails" : 0,
 		"retries" : 2, "sample_1" : -4.10,
 		"sample_2" : -0.22, "sample_3" : 7.07,
 		"sample_4" : 0, "node_id" : 8},

	"8:502" : {"timestamp" : 1346182849, "air_time" : 1,
 		"sequence" : 502, "fails" : 2,
 		"retries" : 2, "sample_1" : -3.02,
 		"sample_2" : -1.34, "sample_3" : 8.08,
 		"sample_4" : 0, "node_id" : 8},

	"8:503" : {"timestamp" : 1346182850, "air_time" : 7,
 		"sequence" : 503, "fails" : 0,
 		"retries" : 2, "sample_1" : -1.34,
 		"sample_2" : -3.20, "sample_3" : 10.18,
 		"sample_4" : 0, "node_id" : 8},

	"8:504" : {"timestamp" : 1346182851, "air_time" : 9,
 		"sequence" : 504, "fails" : 3,
 		"retries" : 2, "sample_1" : 1.10,
 		"sample_2" : -4.74, "sample_3" : 10.43,
 		"sample_4" : 0, "node_id" : 8},

	"8:505" : {"timestamp" : 1346182852, "air_time" : 5,
 		"sequence" : 505, "fails" : 0,
 		"retries" : 0, "sample_1" : 3.14,
 		"sample_2" : -6.01, "sample_3" : 10.90,
 		"sample_4" : 0, "node_id" : 8},

	"8:506" : {"timestamp" : 1346182853, "air_time" : 3,
 		"sequence" : 506, "fails" : 1,
 		"retries" : 1, "sample_1" : 5.12,
 		"sample_2" : -7.38, "sample_3" : 11.37,
 		"sample_4" : 0, "node_id" : 8},

	"8:507" : {"timestamp" : 1346182854, "air_time" : 1,
 		"sequence" : 507, "fails" : 2,
 		"retries" : 0, "sample_1" : 5.50,
 		"sample_2" : -8.51, "sample_3" : 11.05,
 		"sample_4" : 0, "node_id" : 8},

	"8:508" : {"timestamp" : 1346182855, "air_time" : 9,
 		"sequence" : 508, "fails" : 2,
 		"retries" : 1, "sample_1" : 6.93,
 		"sample_2" : -8.36, "sample_3" : 11.12,
 		"sample_4" : 0, "node_id" : 8},

	"8:509" : {"timestamp" : 1346182856, "air_time" : 6,
 		"sequence" : 509, "fails" : 2,
 		"retries" : 0, "sample_1" : 9.06,
 		"sample_2" : -8.22, "sample_3" : 9.69,
 		"sample_4" : 0, "node_id" : 8},

	"8:510" : {"timestamp" : 1346182857, "air_time" : 4,
 		"sequence" : 510, "fails" : 2,
 		"retries" : 1, "sample_1" : 10.06,
 		"sample_2" : -8.79, "sample_3" : 9.20,
 		"sample_4" : 0, "node_id" : 8},

	"8:511" : {"timestamp" : 1346182858, "air_time" : 0,
 		"sequence" : 511, "fails" : 3,
 		"retries" : 0, "sample_1" : 11.30,
 		"sample_2" : -9.55, "sample_3" : 7.26,
 		"sample_4" : 0, "node_id" : 8},

	"8:512" : {"timestamp" : 1346182859, "air_time" : 3,
 		"sequence" : 512, "fails" : 2,
 		"retries" : 0, "sample_1" : 11.15,
 		"sample_2" : -7.51, "sample_3" : 5.70,
 		"sample_4" : 0, "node_id" : 8},

	"8:513" : {"timestamp" : 1346182860, "air_time" : 0,
 		"sequence" : 513, "fails" : 2,
 		"retries" : 1, "sample_1" : 10.90,
 		"sample_2" : -7.59, "sample_3" : 5.68,
 		"sample_4" : 0, "node_id" : 8},

	"8:514" : {"timestamp" : 1346182861, "air_time" : 1,
 		"sequence" : 514, "fails" : 0,
 		"retries" : 2, "sample_1" : 10.05,
 		"sample_2" : -7.22, "sample_3" : 3.53,
 		"sample_4" : 0, "node_id" : 8},

	"8:515" : {"timestamp" : 1346182862, "air_time" : 5,
 		"sequence" : 515, "fails" : 1,
 		"retries" : 0, "sample_1" : 10.50,
 		"sample_2" : -5.02, "sample_3" : 1.61,
 		"sample_4" : 0, "node_id" : 8},

	"8:516" : {"timestamp" : 1346182863, "air_time" : 1,
 		"sequence" : 516, "fails" : 3,
 		"retries" : 2, "sample_1" : 10.16,
 		"sample_2" : -4.05, "sample_3" : 0.57,
 		"sample_4" : 0, "node_id" : 8},

	"8:517" : {"timestamp" : 1346182864, "air_time" : 2,
 		"sequence" : 517, "fails" : 3,
 		"retries" : 1, "sample_1" : 8.96,
 		"sample_2" : -2.93, "sample_3" : -2.24,
 		"sample_4" : 0, "node_id" : 8},

	"8:518" : {"timestamp" : 1346182865, "air_time" : 0,
 		"sequence" : 518, "fails" : 2,
 		"retries" : 1, "sample_1" : 7.53,
 		"sample_2" : 0.37, "sample_3" : -3.57,
 		"sample_4" : 0, "node_id" : 8},

	"8:519" : {"timestamp" : 1346182866, "air_time" : 4,
 		"sequence" : 519, "fails" : 2,
 		"retries" : 1, "sample_1" : 6.90,
 		"sample_2" : 1.92, "sample_3" : -4.27,
 		"sample_4" : 0, "node_id" : 8},

	"8:520" : {"timestamp" : 1346182867, "air_time" : 9,
 		"sequence" : 520, "fails" : 3,
 		"retries" : 0, "sample_1" : 4.52,
 		"sample_2" : 3.44, "sample_3" : -6.38,
 		"sample_4" : 0, "node_id" : 8},

	"8:521" : {"timestamp" : 1346182868, "air_time" : 1,
 		"sequence" : 521, "fails" : 1,
 		"retries" : 0, "sample_1" : 2.84,
 		"sample_2" : 5.40, "sample_3" : -7.68,
 		"sample_4" : 0, "node_id" : 8},

	"8:522" : {"timestamp" : 1346182869, "air_time" : 7,
 		"sequence" : 522, "fails" : 0,
 		"retries" : 1, "sample_1" : 0.50,
 		"sample_2" : 6.14, "sample_3" : -8.33,
 		"sample_4" : 0, "node_id" : 8},

	"8:523" : {"timestamp" : 1346182870, "air_time" : 0,
 		"sequence" : 523, "fails" : 2,
 		"retries" : 0, "sample_1" : -0.24,
 		"sample_2" : 8.71, "sample_3" : -9.40,
 		"sample_4" : 0, "node_id" : 8},

	"8:524" : {"timestamp" : 1346182871, "air_time" : 9,
 		"sequence" : 524, "fails" : 2,
 		"retries" : 2, "sample_1" : -2.22,
 		"sample_2" : 8.98, "sample_3" : -9.67,
 		"sample_4" : 0, "node_id" : 8},

	"8:525" : {"timestamp" : 1346182872, "air_time" : 8,
 		"sequence" : 525, "fails" : 2,
 		"retries" : 1, "sample_1" : -3.20,
 		"sample_2" : 9.41, "sample_3" : -9.95,
 		"sample_4" : 0, "node_id" : 8},

	"8:526" : {"timestamp" : 1346182873, "air_time" : 2,
 		"sequence" : 526, "fails" : 2,
 		"retries" : 0, "sample_1" : -4.63,
 		"sample_2" : 11.46, "sample_3" : -8.72,
 		"sample_4" : 0, "node_id" : 8},

	"8:527" : {"timestamp" : 1346182874, "air_time" : 6,
 		"sequence" : 527, "fails" : 0,
 		"retries" : 2, "sample_1" : -7.26,
 		"sample_2" : 10.82, "sample_3" : -7.89,
 		"sample_4" : 0, "node_id" : 8},

	"8:528" : {"timestamp" : 1346182875, "air_time" : 2,
 		"sequence" : 528, "fails" : 2,
 		"retries" : 1, "sample_1" : -7.36,
 		"sample_2" : 11.79, "sample_3" : -6.30,
 		"sample_4" : 0, "node_id" : 8},

	"8:529" : {"timestamp" : 1346182876, "air_time" : 1,
 		"sequence" : 529, "fails" : 3,
 		"retries" : 2, "sample_1" : -8.70,
 		"sample_2" : 9.75, "sample_3" : -6.56,
 		"sample_4" : 0, "node_id" : 8},

	"8:530" : {"timestamp" : 1346182877, "air_time" : 9,
 		"sequence" : 530, "fails" : 1,
 		"retries" : 2, "sample_1" : -8.75,
 		"sample_2" : 10.31, "sample_3" : -4.70,
 		"sample_4" : 0, "node_id" : 8},

	"8:531" : {"timestamp" : 1346182878, "air_time" : 7,
 		"sequence" : 531, "fails" : 2,
 		"retries" : 2, "sample_1" : -8.80,
 		"sample_2" : 8.69, "sample_3" : -3.38,
 		"sample_4" : 0, "node_id" : 8},

	"8:532" : {"timestamp" : 1346182879, "air_time" : 6,
 		"sequence" : 532, "fails" : 3,
 		"retries" : 2, "sample_1" : -8.05,
 		"sample_2" : 8.12, "sample_3" : -2.23,
 		"sample_4" : 0, "node_id" : 8},

	"8:533" : {"timestamp" : 1346182880, "air_time" : 7,
 		"sequence" : 533, "fails" : 3,
 		"retries" : 0, "sample_1" : -7.60,
 		"sample_2" : 7.92, "sample_3" : -0.71,
 		"sample_4" : 0, "node_id" : 8},

	"8:534" : {"timestamp" : 1346182881, "air_time" : 7,
 		"sequence" : 534, "fails" : 3,
 		"retries" : 2, "sample_1" : -7.56,
 		"sample_2" : 6.25, "sample_3" : 1.43,
 		"sample_4" : 0, "node_id" : 8},

	"8:535" : {"timestamp" : 1346182882, "air_time" : 6,
 		"sequence" : 535, "fails" : 1,
 		"retries" : 0, "sample_1" : -7.36,
 		"sample_2" : 4.13, "sample_3" : 3.14,
 		"sample_4" : 0, "node_id" : 8},

	"8:536" : {"timestamp" : 1346182883, "air_time" : 2,
 		"sequence" : 536, "fails" : 1,
 		"retries" : 0, "sample_1" : -4.53,
 		"sample_2" : 2.43, "sample_3" : 6.17,
 		"sample_4" : 0, "node_id" : 8},

	"8:537" : {"timestamp" : 1346182884, "air_time" : 2,
 		"sequence" : 537, "fails" : 1,
 		"retries" : 1, "sample_1" : -4.30,
 		"sample_2" : 0.98, "sample_3" : 6.47,
 		"sample_4" : 0, "node_id" : 8},

	"8:538" : {"timestamp" : 1346182885, "air_time" : 1,
 		"sequence" : 538, "fails" : 0,
 		"retries" : 0, "sample_1" : -2.52,
 		"sample_2" : -2.04, "sample_3" : 7.98,
 		"sample_4" : 0, "node_id" : 8},

	"8:539" : {"timestamp" : 1346182886, "air_time" : 3,
 		"sequence" : 539, "fails" : 0,
 		"retries" : 2, "sample_1" : -0.34,
 		"sample_2" : -2.60, "sample_3" : 8.88,
 		"sample_4" : 0, "node_id" : 8},

	"8:540" : {"timestamp" : 1346182887, "air_time" : 2,
 		"sequence" : 540, "fails" : 2,
 		"retries" : 0, "sample_1" : 0.90,
 		"sample_2" : -5.04, "sample_3" : 9.13,
 		"sample_4" : 0, "node_id" : 8},

	"8:541" : {"timestamp" : 1346182888, "air_time" : 9,
 		"sequence" : 541, "fails" : 2,
 		"retries" : 1, "sample_1" : 3.14,
 		"sample_2" : -5.11, "sample_3" : 10.60,
 		"sample_4" : 0, "node_id" : 8},

	"8:542" : {"timestamp" : 1346182889, "air_time" : 0,
 		"sequence" : 542, "fails" : 3,
 		"retries" : 1, "sample_1" : 4.62,
 		"sample_2" : -6.38, "sample_3" : 11.27,
 		"sample_4" : 0, "node_id" : 8},

	"8:543" : {"timestamp" : 1346182890, "air_time" : 4,
 		"sequence" : 543, "fails" : 3,
 		"retries" : 2, "sample_1" : 6.00,
 		"sample_2" : -8.01, "sample_3" : 11.05,
 		"sample_4" : 0, "node_id" : 8},

	"8:544" : {"timestamp" : 1346182891, "air_time" : 3,
 		"sequence" : 544, "fails" : 2,
 		"retries" : 0, "sample_1" : 6.63,
 		"sample_2" : -7.66, "sample_3" : 9.82,
 		"sample_4" : 0, "node_id" : 8},

	"8:545" : {"timestamp" : 1346182892, "air_time" : 7,
 		"sequence" : 545, "fails" : 2,
 		"retries" : 1, "sample_1" : 9.06,
 		"sample_2" : -8.72, "sample_3" : 10.19,
 		"sample_4" : 0, "node_id" : 8},

	"8:546" : {"timestamp" : 1346182893, "air_time" : 8,
 		"sequence" : 546, "fails" : 1,
 		"retries" : 0, "sample_1" : 10.16,
 		"sample_2" : -9.19, "sample_3" : 9.70,
 		"sample_4" : 0, "node_id" : 8},

	"8:547" : {"timestamp" : 1346182894, "air_time" : 0,
 		"sequence" : 547, "fails" : 0,
 		"retries" : 0, "sample_1" : 10.70,
 		"sample_2" : -8.85, "sample_3" : 8.66,
 		"sample_4" : 0, "node_id" : 8},

	"8:548" : {"timestamp" : 1346182895, "air_time" : 8,
 		"sequence" : 548, "fails" : 3,
 		"retries" : 0, "sample_1" : 10.75,
 		"sample_2" : -9.01, "sample_3" : 6.80,
 		"sample_4" : 0, "node_id" : 8},

	"8:549" : {"timestamp" : 1346182896, "air_time" : 0,
 		"sequence" : 549, "fails" : 2,
 		"retries" : 2, "sample_1" : 11.60,
 		"sample_2" : -6.99, "sample_3" : 4.08,
 		"sample_4" : 0, "node_id" : 8},

	"8:550" : {"timestamp" : 1346182897, "air_time" : 0,
 		"sequence" : 550, "fails" : 2,
 		"retries" : 1, "sample_1" : 11.25,
 		"sample_2" : -5.52, "sample_3" : 3.73,
 		"sample_4" : 0, "node_id" : 8},

	"8:551" : {"timestamp" : 1346182898, "air_time" : 1,
 		"sequence" : 551, "fails" : 3,
 		"retries" : 1, "sample_1" : 11.30,
 		"sample_2" : -5.62, "sample_3" : 1.91,
 		"sample_4" : 0, "node_id" : 8},

	"8:552" : {"timestamp" : 1346182899, "air_time" : 1,
 		"sequence" : 552, "fails" : 1,
 		"retries" : 2, "sample_1" : 9.16,
 		"sample_2" : -2.75, "sample_3" : -0.03,
 		"sample_4" : 0, "node_id" : 8},

	"8:553" : {"timestamp" : 1346182900, "air_time" : 5,
 		"sequence" : 553, "fails" : 3,
 		"retries" : 2, "sample_1" : 8.36,
 		"sample_2" : -1.33, "sample_3" : -2.24,
 		"sample_4" : 0, "node_id" : 8},

	"8:554" : {"timestamp" : 1346182901, "air_time" : 1,
 		"sequence" : 554, "fails" : 1,
 		"retries" : 2, "sample_1" : 7.33,
 		"sample_2" : 0.67, "sample_3" : -2.97,
 		"sample_4" : 0, "node_id" : 8},

	"8:555" : {"timestamp" : 1346182902, "air_time" : 3,
 		"sequence" : 555, "fails" : 3,
 		"retries" : 0, "sample_1" : 5.80,
 		"sample_2" : 1.52, "sample_3" : -5.37,
 		"sample_4" : 0, "node_id" : 8},

	"8:556" : {"timestamp" : 1346182903, "air_time" : 6,
 		"sequence" : 556, "fails" : 3,
 		"retries" : 0, "sample_1" : 4.62,
 		"sample_2" : 3.94, "sample_3" : -6.58,
 		"sample_4" : 0, "node_id" : 8},

	"8:557" : {"timestamp" : 1346182904, "air_time" : 3,
 		"sequence" : 557, "fails" : 1,
 		"retries" : 1, "sample_1" : 3.34,
 		"sample_2" : 4.50, "sample_3" : -7.48,
 		"sample_4" : 0, "node_id" : 8},

	"8:558" : {"timestamp" : 1346182905, "air_time" : 1,
 		"sequence" : 558, "fails" : 1,
 		"retries" : 1, "sample_1" : 0.80,
 		"sample_2" : 7.14, "sample_3" : -7.63,
 		"sample_4" : 0, "node_id" : 8},

	"8:559" : {"timestamp" : 1346182906, "air_time" : 8,
 		"sequence" : 559, "fails" : 2,
 		"retries" : 0, "sample_1" : -1.24,
 		"sample_2" : 8.71, "sample_3" : -7.90,
 		"sample_4" : 0, "node_id" : 8},

	"8:560" : {"timestamp" : 1346182907, "air_time" : 4,
 		"sequence" : 560, "fails" : 0,
 		"retries" : 1, "sample_1" : -2.62,
 		"sample_2" : 9.58, "sample_3" : -9.07,
 		"sample_4" : 0, "node_id" : 8},

	"8:561" : {"timestamp" : 1346182908, "air_time" : 7,
 		"sequence" : 561, "fails" : 0,
 		"retries" : 0, "sample_1" : -3.10,
 		"sample_2" : 10.71, "sample_3" : -9.15,
 		"sample_4" : 0, "node_id" : 8},

	"8:562" : {"timestamp" : 1346182909, "air_time" : 8,
 		"sequence" : 562, "fails" : 1,
 		"retries" : 1, "sample_1" : -5.83,
 		"sample_2" : 9.56, "sample_3" : -8.92,
 		"sample_4" : 0, "node_id" : 8},

	"8:563" : {"timestamp" : 1346182910, "air_time" : 7,
 		"sequence" : 563, "fails" : 2,
 		"retries" : 2, "sample_1" : -6.76,
 		"sample_2" : 10.92, "sample_3" : -8.19,
 		"sample_4" : 0, "node_id" : 8},

	"8:564" : {"timestamp" : 1346182911, "air_time" : 6,
 		"sequence" : 564, "fails" : 3,
 		"retries" : 2, "sample_1" : -8.56,
 		"sample_2" : 11.29, "sample_3" : -6.60,
 		"sample_4" : 0, "node_id" : 8},

	"8:565" : {"timestamp" : 1346182912, "air_time" : 4,
 		"sequence" : 565, "fails" : 3,
 		"retries" : 0, "sample_1" : -8.30,
 		"sample_2" : 11.45, "sample_3" : -5.76,
 		"sample_4" : 0, "node_id" : 8},

	"8:566" : {"timestamp" : 1346182913, "air_time" : 4,
 		"sequence" : 566, "fails" : 3,
 		"retries" : 1, "sample_1" : -8.55,
 		"sample_2" : 9.61, "sample_3" : -3.80,
 		"sample_4" : 0, "node_id" : 8},

	"8:567" : {"timestamp" : 1346182914, "air_time" : 4,
 		"sequence" : 567, "fails" : 2,
 		"retries" : 1, "sample_1" : -9.00,
 		"sample_2" : 8.89, "sample_3" : -2.18,
 		"sample_4" : 0, "node_id" : 8},

	"8:568" : {"timestamp" : 1346182915, "air_time" : 2,
 		"sequence" : 568, "fails" : 1,
 		"retries" : 0, "sample_1" : -8.45,
 		"sample_2" : 7.52, "sample_3" : -2.13,
 		"sample_4" : 0, "node_id" : 8},

	"8:569" : {"timestamp" : 1346182916, "air_time" : 6,
 		"sequence" : 569, "fails" : 0,
 		"retries" : 2, "sample_1" : -7.50,
 		"sample_2" : 7.12, "sample_3" : 0.89,
 		"sample_4" : 0, "node_id" : 8},

	"8:570" : {"timestamp" : 1346182917, "air_time" : 9,
 		"sequence" : 570, "fails" : 2,
 		"retries" : 1, "sample_1" : -8.66,
 		"sample_2" : 5.65, "sample_3" : 1.33,
 		"sample_4" : 0, "node_id" : 8},

	"8:571" : {"timestamp" : 1346182918, "air_time" : 7,
 		"sequence" : 571, "fails" : 1,
 		"retries" : 0, "sample_1" : -7.06,
 		"sample_2" : 3.53, "sample_3" : 4.44,
 		"sample_4" : 0, "node_id" : 8},

	"8:572" : {"timestamp" : 1346182919, "air_time" : 2,
 		"sequence" : 572, "fails" : 3,
 		"retries" : 2, "sample_1" : -6.23,
 		"sample_2" : 1.43, "sample_3" : 4.47,
 		"sample_4" : 0, "node_id" : 8},

	"8:573" : {"timestamp" : 1346182920, "air_time" : 7,
 		"sequence" : 573, "fails" : 3,
 		"retries" : 0, "sample_1" : -3.20,
 		"sample_2" : -0.42, "sample_3" : 7.07,
 		"sample_4" : 0, "node_id" : 8},

	"8:574" : {"timestamp" : 1346182921, "air_time" : 7,
 		"sequence" : 574, "fails" : 0,
 		"retries" : 2, "sample_1" : -3.12,
 		"sample_2" : -1.24, "sample_3" : 8.78,
 		"sample_4" : 0, "node_id" : 8},

	"8:575" : {"timestamp" : 1346182922, "air_time" : 0,
 		"sequence" : 575, "fails" : 3,
 		"retries" : 1, "sample_1" : -0.84,
 		"sample_2" : -3.40, "sample_3" : 9.18,
 		"sample_4" : 0, "node_id" : 8},

	"8:576" : {"timestamp" : 1346182923, "air_time" : 8,
 		"sequence" : 576, "fails" : 3,
 		"retries" : 1, "sample_1" : 1.20,
 		"sample_2" : -5.14, "sample_3" : 9.53,
 		"sample_4" : 0, "node_id" : 8},

	"8:577" : {"timestamp" : 1346182924, "air_time" : 5,
 		"sequence" : 577, "fails" : 3,
 		"retries" : 1, "sample_1" : 3.44,
 		"sample_2" : -6.71, "sample_3" : 10.40,
 		"sample_4" : 0, "node_id" : 8},

	"8:578" : {"timestamp" : 1346182925, "air_time" : 4,
 		"sequence" : 578, "fails" : 1,
 		"retries" : 2, "sample_1" : 5.32,
 		"sample_2" : -6.58, "sample_3" : 10.77,
 		"sample_4" : 0, "node_id" : 8},

	"8:579" : {"timestamp" : 1346182926, "air_time" : 6,
 		"sequence" : 579, "fails" : 2,
 		"retries" : 1, "sample_1" : 5.50,
 		"sample_2" : -8.41, "sample_3" : 11.55,
 		"sample_4" : 0, "node_id" : 8},

	"8:580" : {"timestamp" : 1346182927, "air_time" : 2,
 		"sequence" : 580, "fails" : 0,
 		"retries" : 0, "sample_1" : 6.73,
 		"sample_2" : -8.16, "sample_3" : 10.22,
 		"sample_4" : 0, "node_id" : 8},

	"8:581" : {"timestamp" : 1346182928, "air_time" : 9,
 		"sequence" : 581, "fails" : 3,
 		"retries" : 0, "sample_1" : 9.56,
 		"sample_2" : -8.72, "sample_3" : 10.69,
 		"sample_4" : 0, "node_id" : 8},

	"8:582" : {"timestamp" : 1346182929, "air_time" : 1,
 		"sequence" : 582, "fails" : 1,
 		"retries" : 2, "sample_1" : 9.76,
 		"sample_2" : -9.19, "sample_3" : 8.70,
 		"sample_4" : 0, "node_id" : 8},

	"8:583" : {"timestamp" : 1346182930, "air_time" : 6,
 		"sequence" : 583, "fails" : 0,
 		"retries" : 2, "sample_1" : 10.50,
 		"sample_2" : -9.65, "sample_3" : 7.56,
 		"sample_4" : 0, "node_id" : 8},

	"8:584" : {"timestamp" : 1346182931, "air_time" : 6,
 		"sequence" : 584, "fails" : 0,
 		"retries" : 0, "sample_1" : 10.05,
 		"sample_2" : -9.21, "sample_3" : 7.00,
 		"sample_4" : 0, "node_id" : 8},

	"8:585" : {"timestamp" : 1346182932, "air_time" : 5,
 		"sequence" : 585, "fails" : 2,
 		"retries" : 1, "sample_1" : 11.00,
 		"sample_2" : -8.19, "sample_3" : 4.68,
 		"sample_4" : 0, "node_id" : 8},

	"8:586" : {"timestamp" : 1346182933, "air_time" : 3,
 		"sequence" : 586, "fails" : 1,
 		"retries" : 0, "sample_1" : 10.95,
 		"sample_2" : -7.32, "sample_3" : 4.03,
 		"sample_4" : 0, "node_id" : 8},

	"8:587" : {"timestamp" : 1346182934, "air_time" : 1,
 		"sequence" : 587, "fails" : 2,
 		"retries" : 2, "sample_1" : 11.10,
 		"sample_2" : -5.52, "sample_3" : 2.51,
 		"sample_4" : 0, "node_id" : 8},

	"8:588" : {"timestamp" : 1346182935, "air_time" : 0,
 		"sequence" : 588, "fails" : 3,
 		"retries" : 1, "sample_1" : 10.46,
 		"sample_2" : -2.75, "sample_3" : -0.53,
 		"sample_4" : 0, "node_id" : 8},

	"8:589" : {"timestamp" : 1346182936, "air_time" : 9,
 		"sequence" : 589, "fails" : 1,
 		"retries" : 0, "sample_1" : 9.26,
 		"sample_2" : -2.33, "sample_3" : -1.24,
 		"sample_4" : 0, "node_id" : 8},

	"8:590" : {"timestamp" : 1346182937, "air_time" : 4,
 		"sequence" : 590, "fails" : 3,
 		"retries" : 0, "sample_1" : 7.73,
 		"sample_2" : -0.13, "sample_3" : -3.47,
 		"sample_4" : 0, "node_id" : 8},

	"8:591" : {"timestamp" : 1346182938, "air_time" : 4,
 		"sequence" : 591, "fails" : 3,
 		"retries" : 1, "sample_1" : 6.20,
 		"sample_2" : 1.62, "sample_3" : -4.37,
 		"sample_4" : 0, "node_id" : 8},

	"8:592" : {"timestamp" : 1346182939, "air_time" : 2,
 		"sequence" : 592, "fails" : 1,
 		"retries" : 2, "sample_1" : 4.62,
 		"sample_2" : 2.74, "sample_3" : -6.58,
 		"sample_4" : 0, "node_id" : 8},

	"8:593" : {"timestamp" : 1346182940, "air_time" : 4,
 		"sequence" : 593, "fails" : 3,
 		"retries" : 2, "sample_1" : 2.94,
 		"sample_2" : 4.10, "sample_3" : -7.28,
 		"sample_4" : 0, "node_id" : 8},

	"8:594" : {"timestamp" : 1346182941, "air_time" : 6,
 		"sequence" : 594, "fails" : 0,
 		"retries" : 2, "sample_1" : 0.30,
 		"sample_2" : 6.34, "sample_3" : -7.93,
 		"sample_4" : 0, "node_id" : 8},

	"8:595" : {"timestamp" : 1346182942, "air_time" : 4,
 		"sequence" : 595, "fails" : 2,
 		"retries" : 2, "sample_1" : -1.54,
 		"sample_2" : 6.81, "sample_3" : -7.80,
 		"sample_4" : 0, "node_id" : 8},

	"8:596" : {"timestamp" : 1346182943, "air_time" : 3,
 		"sequence" : 596, "fails" : 3,
 		"retries" : 1, "sample_1" : -2.62,
 		"sample_2" : 8.38, "sample_3" : -8.47,
 		"sample_4" : 0, "node_id" : 8},

	"8:597" : {"timestamp" : 1346182944, "air_time" : 8,
 		"sequence" : 597, "fails" : 0,
 		"retries" : 0, "sample_1" : -4.60,
 		"sample_2" : 9.01, "sample_3" : -9.05,
 		"sample_4" : 0, "node_id" : 8},

	"8:598" : {"timestamp" : 1346182945, "air_time" : 2,
 		"sequence" : 598, "fails" : 1,
 		"retries" : 1, "sample_1" : -4.63,
 		"sample_2" : 11.26, "sample_3" : -8.52,
 		"sample_4" : 0, "node_id" : 8},

	"8:599" : {"timestamp" : 1346182946, "air_time" : 0,
 		"sequence" : 599, "fails" : 0,
 		"retries" : 0, "sample_1" : -5.86,
 		"sample_2" : 10.02, "sample_3" : -8.79,
 		"sample_4" : 0, "node_id" : 8},

	"8:600" : {"timestamp" : 1346182947, "air_time" : 0,
 		"sequence" : 600, "fails" : 3,
 		"retries" : 2, "sample_1" : -6.86,
 		"sample_2" : 11.49, "sample_3" : -6.60,
 		"sample_4" : 0, "node_id" : 8},

	"9:1" : {"timestamp" : 1346182348, "air_time" : 0,
 		"sequence" : 1, "fails" : 0,
 		"retries" : 0, "sample_1" : 1.84,
 		"sample_2" : -5.11, "sample_3" : 10.00,
 		"sample_4" : 0, "node_id" : 9},

	"9:2" : {"timestamp" : 1346182349, "air_time" : 3,
 		"sequence" : 2, "fails" : 1,
 		"retries" : 0, "sample_1" : 3.62,
 		"sample_2" : -7.38, "sample_3" : 10.67,
 		"sample_4" : 0, "node_id" : 9},

	"9:3" : {"timestamp" : 1346182350, "air_time" : 2,
 		"sequence" : 3, "fails" : 2,
 		"retries" : 1, "sample_1" : 6.90,
 		"sample_2" : -7.61, "sample_3" : 10.65,
 		"sample_4" : 0, "node_id" : 9},

	"9:4" : {"timestamp" : 1346182351, "air_time" : 1,
 		"sequence" : 4, "fails" : 3,
 		"retries" : 1, "sample_1" : 7.33,
 		"sample_2" : -8.96, "sample_3" : 11.42,
 		"sample_4" : 0, "node_id" : 9},

	"9:5" : {"timestamp" : 1346182352, "air_time" : 8,
 		"sequence" : 5, "fails" : 1,
 		"retries" : 2, "sample_1" : 7.66,
 		"sample_2" : -8.22, "sample_3" : 9.79,
 		"sample_4" : 0, "node_id" : 9},

	"9:6" : {"timestamp" : 1346182353, "air_time" : 0,
 		"sequence" : 6, "fails" : 0,
 		"retries" : 0, "sample_1" : 10.56,
 		"sample_2" : -8.49, "sample_3" : 9.50,
 		"sample_4" : 0, "node_id" : 9},

	"9:7" : {"timestamp" : 1346182354, "air_time" : 1,
 		"sequence" : 7, "fails" : 3,
 		"retries" : 1, "sample_1" : 10.10,
 		"sample_2" : -8.95, "sample_3" : 8.56,
 		"sample_4" : 0, "node_id" : 9},

	"9:8" : {"timestamp" : 1346182355, "air_time" : 5,
 		"sequence" : 8, "fails" : 1,
 		"retries" : 2, "sample_1" : 11.45,
 		"sample_2" : -7.41, "sample_3" : 5.60,
 		"sample_4" : 0, "node_id" : 9},

	"9:9" : {"timestamp" : 1346182356, "air_time" : 3,
 		"sequence" : 9, "fails" : 1,
 		"retries" : 1, "sample_1" : 11.70,
 		"sample_2" : -6.79, "sample_3" : 4.88,
 		"sample_4" : 0, "node_id" : 9},

	"9:10" : {"timestamp" : 1346182357, "air_time" : 6,
 		"sequence" : 10, "fails" : 1,
 		"retries" : 2, "sample_1" : 11.05,
 		"sample_2" : -7.32, "sample_3" : 2.73,
 		"sample_4" : 0, "node_id" : 9},

	"9:11" : {"timestamp" : 1346182358, "air_time" : 2,
 		"sequence" : 11, "fails" : 3,
 		"retries" : 0, "sample_1" : 9.60,
 		"sample_2" : -5.82, "sample_3" : 1.61,
 		"sample_4" : 0, "node_id" : 9},

	"9:12" : {"timestamp" : 1346182359, "air_time" : 6,
 		"sequence" : 12, "fails" : 2,
 		"retries" : 2, "sample_1" : 9.86,
 		"sample_2" : -4.55, "sample_3" : 0.07,
 		"sample_4" : 0, "node_id" : 9},

	"9:13" : {"timestamp" : 1346182360, "air_time" : 0,
 		"sequence" : 13, "fails" : 2,
 		"retries" : 2, "sample_1" : 8.36,
 		"sample_2" : -1.83, "sample_3" : -2.44,
 		"sample_4" : 0, "node_id" : 9},

	"9:14" : {"timestamp" : 1346182361, "air_time" : 5,
 		"sequence" : 14, "fails" : 1,
 		"retries" : 1, "sample_1" : 8.23,
 		"sample_2" : -1.23, "sample_3" : -3.17,
 		"sample_4" : 0, "node_id" : 9},

	"9:15" : {"timestamp" : 1346182362, "air_time" : 2,
 		"sequence" : 15, "fails" : 0,
 		"retries" : 2, "sample_1" : 6.70,
 		"sample_2" : 1.52, "sample_3" : -3.97,
 		"sample_4" : 0, "node_id" : 9},

	"9:16" : {"timestamp" : 1346182363, "air_time" : 5,
 		"sequence" : 16, "fails" : 2,
 		"retries" : 2, "sample_1" : 4.92,
 		"sample_2" : 3.64, "sample_3" : -6.68,
 		"sample_4" : 0, "node_id" : 9},

	"9:17" : {"timestamp" : 1346182364, "air_time" : 3,
 		"sequence" : 17, "fails" : 0,
 		"retries" : 2, "sample_1" : 2.74,
 		"sample_2" : 4.00, "sample_3" : -7.78,
 		"sample_4" : 0, "node_id" : 9},

	"9:18" : {"timestamp" : 1346182365, "air_time" : 0,
 		"sequence" : 18, "fails" : 1,
 		"retries" : 1, "sample_1" : 1.60,
 		"sample_2" : 6.64, "sample_3" : -9.13,
 		"sample_4" : 0, "node_id" : 9},

	"9:19" : {"timestamp" : 1346182366, "air_time" : 9,
 		"sequence" : 19, "fails" : 0,
 		"retries" : 0, "sample_1" : -1.64,
 		"sample_2" : 7.21, "sample_3" : -9.70,
 		"sample_4" : 0, "node_id" : 9},

	"9:20" : {"timestamp" : 1346182367, "air_time" : 8,
 		"sequence" : 20, "fails" : 0,
 		"retries" : 1, "sample_1" : -2.62,
 		"sample_2" : 9.38, "sample_3" : -9.97,
 		"sample_4" : 0, "node_id" : 9},

	"9:21" : {"timestamp" : 1346182368, "air_time" : 6,
 		"sequence" : 21, "fails" : 0,
 		"retries" : 1, "sample_1" : -3.20,
 		"sample_2" : 8.91, "sample_3" : -8.85,
 		"sample_4" : 0, "node_id" : 9},

	"9:22" : {"timestamp" : 1346182369, "air_time" : 7,
 		"sequence" : 22, "fails" : 1,
 		"retries" : 0, "sample_1" : -6.03,
 		"sample_2" : 10.56, "sample_3" : -9.52,
 		"sample_4" : 0, "node_id" : 9},

	"9:23" : {"timestamp" : 1346182370, "air_time" : 3,
 		"sequence" : 23, "fails" : 2,
 		"retries" : 1, "sample_1" : -5.76,
 		"sample_2" : 11.32, "sample_3" : -7.99,
 		"sample_4" : 0, "node_id" : 9},

	"9:24" : {"timestamp" : 1346182371, "air_time" : 0,
 		"sequence" : 24, "fails" : 3,
 		"retries" : 1, "sample_1" : -7.26,
 		"sample_2" : 10.69, "sample_3" : -6.90,
 		"sample_4" : 0, "node_id" : 9},

	"9:25" : {"timestamp" : 1346182372, "air_time" : 0,
 		"sequence" : 25, "fails" : 0,
 		"retries" : 0, "sample_1" : -7.50,
 		"sample_2" : 9.85, "sample_3" : -6.16,
 		"sample_4" : 0, "node_id" : 9},

	"9:26" : {"timestamp" : 1346182373, "air_time" : 4,
 		"sequence" : 26, "fails" : 3,
 		"retries" : 1, "sample_1" : -8.85,
 		"sample_2" : 9.91, "sample_3" : -4.80,
 		"sample_4" : 0, "node_id" : 9},

	"9:27" : {"timestamp" : 1346182374, "air_time" : 7,
 		"sequence" : 27, "fails" : 1,
 		"retries" : 1, "sample_1" : -9.30,
 		"sample_2" : 9.39, "sample_3" : -3.18,
 		"sample_4" : 0, "node_id" : 9},

	"9:28" : {"timestamp" : 1346182375, "air_time" : 3,
 		"sequence" : 28, "fails" : 2,
 		"retries" : 0, "sample_1" : -9.05,
 		"sample_2" : 7.42, "sample_3" : -1.13,
 		"sample_4" : 0, "node_id" : 9},

	"9:29" : {"timestamp" : 1346182376, "air_time" : 3,
 		"sequence" : 29, "fails" : 3,
 		"retries" : 0, "sample_1" : -9.20,
 		"sample_2" : 7.02, "sample_3" : 0.19,
 		"sample_4" : 0, "node_id" : 9},

	"9:30" : {"timestamp" : 1346182377, "air_time" : 6,
 		"sequence" : 30, "fails" : 2,
 		"retries" : 1, "sample_1" : -7.46,
 		"sample_2" : 5.95, "sample_3" : 2.33,
 		"sample_4" : 0, "node_id" : 9},

	"9:31" : {"timestamp" : 1346182378, "air_time" : 7,
 		"sequence" : 31, "fails" : 1,
 		"retries" : 0, "sample_1" : -6.56,
 		"sample_2" : 2.93, "sample_3" : 3.24,
 		"sample_4" : 0, "node_id" : 9},

	"9:32" : {"timestamp" : 1346182379, "air_time" : 2,
 		"sequence" : 32, "fails" : 2,
 		"retries" : 2, "sample_1" : -6.33,
 		"sample_2" : 2.13, "sample_3" : 5.37,
 		"sample_4" : 0, "node_id" : 9},

	"9:33" : {"timestamp" : 1346182380, "air_time" : 1,
 		"sequence" : 33, "fails" : 1,
 		"retries" : 0, "sample_1" : -4.10,
 		"sample_2" : 0.18, "sample_3" : 6.37,
 		"sample_4" : 0, "node_id" : 9},

	"9:34" : {"timestamp" : 1346182381, "air_time" : 3,
 		"sequence" : 34, "fails" : 2,
 		"retries" : 1, "sample_1" : -2.12,
 		"sample_2" : -1.14, "sample_3" : 7.38,
 		"sample_4" : 0, "node_id" : 9},

	"9:35" : {"timestamp" : 1346182382, "air_time" : 4,
 		"sequence" : 35, "fails" : 1,
 		"retries" : 2, "sample_1" : -0.24,
 		"sample_2" : -2.80, "sample_3" : 9.38,
 		"sample_4" : 0, "node_id" : 9},

	"9:36" : {"timestamp" : 1346182383, "air_time" : 8,
 		"sequence" : 36, "fails" : 1,
 		"retries" : 2, "sample_1" : 0.60,
 		"sample_2" : -4.94, "sample_3" : 11.03,
 		"sample_4" : 0, "node_id" : 9},

	"9:37" : {"timestamp" : 1346182384, "air_time" : 0,
 		"sequence" : 37, "fails" : 1,
 		"retries" : 0, "sample_1" : 2.64,
 		"sample_2" : -6.01, "sample_3" : 10.80,
 		"sample_4" : 0, "node_id" : 9},

	"9:38" : {"timestamp" : 1346182385, "air_time" : 2,
 		"sequence" : 38, "fails" : 0,
 		"retries" : 2, "sample_1" : 4.22,
 		"sample_2" : -7.98, "sample_3" : 10.07,
 		"sample_4" : 0, "node_id" : 9},

	"9:39" : {"timestamp" : 1346182386, "air_time" : 0,
 		"sequence" : 39, "fails" : 1,
 		"retries" : 2, "sample_1" : 6.90,
 		"sample_2" : -7.61, "sample_3" : 11.65,
 		"sample_4" : 0, "node_id" : 9},

	"9:40" : {"timestamp" : 1346182387, "air_time" : 0,
 		"sequence" : 40, "fails" : 3,
 		"retries" : 0, "sample_1" : 6.63,
 		"sample_2" : -9.36, "sample_3" : 10.22,
 		"sample_4" : 0, "node_id" : 9},

	"9:41" : {"timestamp" : 1346182388, "air_time" : 8,
 		"sequence" : 41, "fails" : 3,
 		"retries" : 1, "sample_1" : 8.36,
 		"sample_2" : -8.32, "sample_3" : 8.99,
 		"sample_4" : 0, "node_id" : 9},

	"9:42" : {"timestamp" : 1346182389, "air_time" : 2,
 		"sequence" : 42, "fails" : 1,
 		"retries" : 2, "sample_1" : 9.36,
 		"sample_2" : -9.39, "sample_3" : 9.90,
 		"sample_4" : 0, "node_id" : 9},

	"9:43" : {"timestamp" : 1346182390, "air_time" : 3,
 		"sequence" : 43, "fails" : 2,
 		"retries" : 2, "sample_1" : 10.50,
 		"sample_2" : -7.85, "sample_3" : 6.96,
 		"sample_4" : 0, "node_id" : 9},

	"9:44" : {"timestamp" : 1346182391, "air_time" : 9,
 		"sequence" : 44, "fails" : 0,
 		"retries" : 1, "sample_1" : 10.85,
 		"sample_2" : -7.61, "sample_3" : 6.80,
 		"sample_4" : 0, "node_id" : 9},

	"9:45" : {"timestamp" : 1346182392, "air_time" : 9,
 		"sequence" : 45, "fails" : 2,
 		"retries" : 2, "sample_1" : 11.70,
 		"sample_2" : -7.99, "sample_3" : 5.98,
 		"sample_4" : 0, "node_id" : 9},

	"9:46" : {"timestamp" : 1346182393, "air_time" : 0,
 		"sequence" : 46, "fails" : 0,
 		"retries" : 1, "sample_1" : 10.25,
 		"sample_2" : -5.72, "sample_3" : 4.03,
 		"sample_4" : 0, "node_id" : 9},

	"9:47" : {"timestamp" : 1346182394, "air_time" : 7,
 		"sequence" : 47, "fails" : 0,
 		"retries" : 2, "sample_1" : 9.60,
 		"sample_2" : -4.22, "sample_3" : 1.81,
 		"sample_4" : 0, "node_id" : 9},

	"9:48" : {"timestamp" : 1346182395, "air_time" : 5,
 		"sequence" : 48, "fails" : 2,
 		"retries" : 1, "sample_1" : 9.66,
 		"sample_2" : -4.55, "sample_3" : 0.67,
 		"sample_4" : 0, "node_id" : 9},

	"9:49" : {"timestamp" : 1346182396, "air_time" : 2,
 		"sequence" : 49, "fails" : 0,
 		"retries" : 2, "sample_1" : 7.76,
 		"sample_2" : -2.43, "sample_3" : -2.74,
 		"sample_4" : 0, "node_id" : 9},

	"9:50" : {"timestamp" : 1346182397, "air_time" : 6,
 		"sequence" : 50, "fails" : 1,
 		"retries" : 1, "sample_1" : 7.93,
 		"sample_2" : -0.53, "sample_3" : -3.67,
 		"sample_4" : 0, "node_id" : 9},

	"9:51" : {"timestamp" : 1346182398, "air_time" : 2,
 		"sequence" : 51, "fails" : 1,
 		"retries" : 0, "sample_1" : 6.80,
 		"sample_2" : 1.42, "sample_3" : -5.37,
 		"sample_4" : 0, "node_id" : 9},

	"9:52" : {"timestamp" : 1346182399, "air_time" : 6,
 		"sequence" : 52, "fails" : 0,
 		"retries" : 1, "sample_1" : 4.02,
 		"sample_2" : 4.14, "sample_3" : -5.38,
 		"sample_4" : 0, "node_id" : 9},

	"9:53" : {"timestamp" : 1346182400, "air_time" : 5,
 		"sequence" : 53, "fails" : 0,
 		"retries" : 1, "sample_1" : 2.74,
 		"sample_2" : 4.90, "sample_3" : -7.78,
 		"sample_4" : 0, "node_id" : 9},

	"9:54" : {"timestamp" : 1346182401, "air_time" : 5,
 		"sequence" : 54, "fails" : 2,
 		"retries" : 1, "sample_1" : 1.10,
 		"sample_2" : 5.44, "sample_3" : -8.43,
 		"sample_4" : 0, "node_id" : 9},

	"9:55" : {"timestamp" : 1346182402, "air_time" : 0,
 		"sequence" : 55, "fails" : 3,
 		"retries" : 2, "sample_1" : -1.34,
 		"sample_2" : 8.01, "sample_3" : -8.00,
 		"sample_4" : 0, "node_id" : 9},

	"9:56" : {"timestamp" : 1346182403, "air_time" : 5,
 		"sequence" : 56, "fails" : 1,
 		"retries" : 0, "sample_1" : -1.62,
 		"sample_2" : 9.88, "sample_3" : -9.27,
 		"sample_4" : 0, "node_id" : 9},

	"9:57" : {"timestamp" : 1346182404, "air_time" : 9,
 		"sequence" : 57, "fails" : 1,
 		"retries" : 0, "sample_1" : -3.50,
 		"sample_2" : 9.51, "sample_3" : -8.35,
 		"sample_4" : 0, "node_id" : 9},

	"9:58" : {"timestamp" : 1346182405, "air_time" : 0,
 		"sequence" : 58, "fails" : 3,
 		"retries" : 0, "sample_1" : -6.33,
 		"sample_2" : 10.86, "sample_3" : -9.42,
 		"sample_4" : 0, "node_id" : 9},

	"9:59" : {"timestamp" : 1346182406, "air_time" : 5,
 		"sequence" : 59, "fails" : 3,
 		"retries" : 0, "sample_1" : -6.06,
 		"sample_2" : 11.02, "sample_3" : -7.99,
 		"sample_4" : 0, "node_id" : 9},

	"9:60" : {"timestamp" : 1346182407, "air_time" : 0,
 		"sequence" : 60, "fails" : 2,
 		"retries" : 2, "sample_1" : -7.26,
 		"sample_2" : 11.69, "sample_3" : -6.80,
 		"sample_4" : 0, "node_id" : 9},

	"9:61" : {"timestamp" : 1346182408, "air_time" : 8,
 		"sequence" : 61, "fails" : 3,
 		"retries" : 2, "sample_1" : -8.20,
 		"sample_2" : 11.25, "sample_3" : -6.36,
 		"sample_4" : 0, "node_id" : 9},

	"9:62" : {"timestamp" : 1346182409, "air_time" : 1,
 		"sequence" : 62, "fails" : 1,
 		"retries" : 0, "sample_1" : -9.35,
 		"sample_2" : 9.71, "sample_3" : -5.10,
 		"sample_4" : 0, "node_id" : 9},

	"9:63" : {"timestamp" : 1346182410, "air_time" : 7,
 		"sequence" : 63, "fails" : 3,
 		"retries" : 1, "sample_1" : -8.50,
 		"sample_2" : 9.79, "sample_3" : -3.98,
 		"sample_4" : 0, "node_id" : 9},

	"9:64" : {"timestamp" : 1346182411, "air_time" : 2,
 		"sequence" : 64, "fails" : 1,
 		"retries" : 1, "sample_1" : -9.15,
 		"sample_2" : 8.52, "sample_3" : -0.73,
 		"sample_4" : 0, "node_id" : 9},

	"9:65" : {"timestamp" : 1346182412, "air_time" : 2,
 		"sequence" : 65, "fails" : 3,
 		"retries" : 2, "sample_1" : -8.60,
 		"sample_2" : 7.22, "sample_3" : 0.79,
 		"sample_4" : 0, "node_id" : 9},

	"9:66" : {"timestamp" : 1346182413, "air_time" : 4,
 		"sequence" : 66, "fails" : 1,
 		"retries" : 0, "sample_1" : -8.16,
 		"sample_2" : 4.95, "sample_3" : 2.13,
 		"sample_4" : 0, "node_id" : 9},

	"9:67" : {"timestamp" : 1346182414, "air_time" : 4,
 		"sequence" : 67, "fails" : 0,
 		"retries" : 1, "sample_1" : -5.76,
 		"sample_2" : 4.53, "sample_3" : 4.14,
 		"sample_4" : 0, "node_id" : 9},

	"9:68" : {"timestamp" : 1346182415, "air_time" : 0,
 		"sequence" : 68, "fails" : 2,
 		"retries" : 2, "sample_1" : -6.13,
 		"sample_2" : 1.53, "sample_3" : 5.97,
 		"sample_4" : 0, "node_id" : 9},

	"9:69" : {"timestamp" : 1346182416, "air_time" : 2,
 		"sequence" : 69, "fails" : 0,
 		"retries" : 2, "sample_1" : -4.10,
 		"sample_2" : 0.08, "sample_3" : 7.17,
 		"sample_4" : 0, "node_id" : 9},

	"9:70" : {"timestamp" : 1346182417, "air_time" : 8,
 		"sequence" : 70, "fails" : 2,
 		"retries" : 1, "sample_1" : -1.82,
 		"sample_2" : -0.54, "sample_3" : 7.38,
 		"sample_4" : 0, "node_id" : 9},

	"9:71" : {"timestamp" : 1346182418, "air_time" : 8,
 		"sequence" : 71, "fails" : 2,
 		"retries" : 1, "sample_1" : -0.14,
 		"sample_2" : -3.40, "sample_3" : 9.48,
 		"sample_4" : 0, "node_id" : 9},

	"9:72" : {"timestamp" : 1346182419, "air_time" : 5,
 		"sequence" : 72, "fails" : 3,
 		"retries" : 1, "sample_1" : 0.80,
 		"sample_2" : -4.74, "sample_3" : 9.23,
 		"sample_4" : 0, "node_id" : 9},

	"9:73" : {"timestamp" : 1346182420, "air_time" : 6,
 		"sequence" : 73, "fails" : 3,
 		"retries" : 2, "sample_1" : 1.74,
 		"sample_2" : -5.81, "sample_3" : 10.90,
 		"sample_4" : 0, "node_id" : 9},

	"9:74" : {"timestamp" : 1346182421, "air_time" : 8,
 		"sequence" : 74, "fails" : 2,
 		"retries" : 0, "sample_1" : 4.62,
 		"sample_2" : -6.08, "sample_3" : 11.47,
 		"sample_4" : 0, "node_id" : 9},

	"9:75" : {"timestamp" : 1346182422, "air_time" : 1,
 		"sequence" : 75, "fails" : 3,
 		"retries" : 1, "sample_1" : 5.10,
 		"sample_2" : -8.21, "sample_3" : 11.65,
 		"sample_4" : 0, "node_id" : 9},

	"9:76" : {"timestamp" : 1346182423, "air_time" : 2,
 		"sequence" : 76, "fails" : 3,
 		"retries" : 1, "sample_1" : 6.43,
 		"sample_2" : -8.06, "sample_3" : 10.52,
 		"sample_4" : 0, "node_id" : 9},

	"9:77" : {"timestamp" : 1346182424, "air_time" : 2,
 		"sequence" : 77, "fails" : 0,
 		"retries" : 0, "sample_1" : 9.16,
 		"sample_2" : -9.52, "sample_3" : 10.59,
 		"sample_4" : 0, "node_id" : 9},

	"9:78" : {"timestamp" : 1346182425, "air_time" : 8,
 		"sequence" : 78, "fails" : 2,
 		"retries" : 0, "sample_1" : 9.16,
 		"sample_2" : -8.79, "sample_3" : 9.20,
 		"sample_4" : 0, "node_id" : 9},

	"9:79" : {"timestamp" : 1346182426, "air_time" : 4,
 		"sequence" : 79, "fails" : 3,
 		"retries" : 1, "sample_1" : 10.90,
 		"sample_2" : -8.45, "sample_3" : 8.86,
 		"sample_4" : 0, "node_id" : 9},

	"9:80" : {"timestamp" : 1346182427, "air_time" : 6,
 		"sequence" : 80, "fails" : 0,
 		"retries" : 1, "sample_1" : 11.05,
 		"sample_2" : -8.21, "sample_3" : 6.50,
 		"sample_4" : 0, "node_id" : 9},

	"9:81" : {"timestamp" : 1346182428, "air_time" : 0,
 		"sequence" : 81, "fails" : 2,
 		"retries" : 1, "sample_1" : 11.80,
 		"sample_2" : -7.59, "sample_3" : 5.08,
 		"sample_4" : 0, "node_id" : 9},

	"9:82" : {"timestamp" : 1346182429, "air_time" : 3,
 		"sequence" : 82, "fails" : 0,
 		"retries" : 2, "sample_1" : 10.55,
 		"sample_2" : -6.22, "sample_3" : 2.53,
 		"sample_4" : 0, "node_id" : 9},

	"9:83" : {"timestamp" : 1346182430, "air_time" : 4,
 		"sequence" : 83, "fails" : 3,
 		"retries" : 2, "sample_1" : 9.90,
 		"sample_2" : -5.02, "sample_3" : 2.31,
 		"sample_4" : 0, "node_id" : 9},

	"9:84" : {"timestamp" : 1346182431, "air_time" : 3,
 		"sequence" : 84, "fails" : 3,
 		"retries" : 2, "sample_1" : 10.46,
 		"sample_2" : -4.55, "sample_3" : -0.23,
 		"sample_4" : 0, "node_id" : 9},

	"9:85" : {"timestamp" : 1346182432, "air_time" : 3,
 		"sequence" : 85, "fails" : 0,
 		"retries" : 2, "sample_1" : 8.66,
 		"sample_2" : -1.43, "sample_3" : -1.34,
 		"sample_4" : 0, "node_id" : 9},

	"9:86" : {"timestamp" : 1346182433, "air_time" : 2,
 		"sequence" : 86, "fails" : 2,
 		"retries" : 2, "sample_1" : 7.73,
 		"sample_2" : -1.23, "sample_3" : -2.67,
 		"sample_4" : 0, "node_id" : 9},

	"9:87" : {"timestamp" : 1346182434, "air_time" : 8,
 		"sequence" : 87, "fails" : 3,
 		"retries" : 2, "sample_1" : 6.10,
 		"sample_2" : 1.52, "sample_3" : -4.07,
 		"sample_4" : 0, "node_id" : 9},

	"9:88" : {"timestamp" : 1346182435, "air_time" : 2,
 		"sequence" : 88, "fails" : 3,
 		"retries" : 1, "sample_1" : 4.62,
 		"sample_2" : 2.24, "sample_3" : -6.58,
 		"sample_4" : 0, "node_id" : 9},

	"9:89" : {"timestamp" : 1346182436, "air_time" : 4,
 		"sequence" : 89, "fails" : 0,
 		"retries" : 1, "sample_1" : 3.54,
 		"sample_2" : 3.90, "sample_3" : -7.88,
 		"sample_4" : 0, "node_id" : 9},

	"9:90" : {"timestamp" : 1346182437, "air_time" : 9,
 		"sequence" : 90, "fails" : 1,
 		"retries" : 2, "sample_1" : 1.50,
 		"sample_2" : 6.04, "sample_3" : -7.83,
 		"sample_4" : 0, "node_id" : 9},

	"9:91" : {"timestamp" : 1346182438, "air_time" : 8,
 		"sequence" : 91, "fails" : 1,
 		"retries" : 1, "sample_1" : 0.06,
 		"sample_2" : 8.21, "sample_3" : -7.80,
 		"sample_4" : 0, "node_id" : 9},

	"9:92" : {"timestamp" : 1346182439, "air_time" : 3,
 		"sequence" : 92, "fails" : 2,
 		"retries" : 1, "sample_1" : -3.22,
 		"sample_2" : 7.98, "sample_3" : -8.47,
 		"sample_4" : 0, "node_id" : 9},

	"9:93" : {"timestamp" : 1346182440, "air_time" : 6,
 		"sequence" : 93, "fails" : 0,
 		"retries" : 2, "sample_1" : -4.90,
 		"sample_2" : 10.61, "sample_3" : -8.65,
 		"sample_4" : 0, "node_id" : 9},

	"9:94" : {"timestamp" : 1346182441, "air_time" : 4,
 		"sequence" : 94, "fails" : 3,
 		"retries" : 1, "sample_1" : -5.13,
 		"sample_2" : 9.66, "sample_3" : -7.72,
 		"sample_4" : 0, "node_id" : 9},

	"9:95" : {"timestamp" : 1346182442, "air_time" : 8,
 		"sequence" : 95, "fails" : 3,
 		"retries" : 0, "sample_1" : -7.66,
 		"sample_2" : 9.92, "sample_3" : -8.69,
 		"sample_4" : 0, "node_id" : 9},

	"9:96" : {"timestamp" : 1346182443, "air_time" : 5,
 		"sequence" : 96, "fails" : 2,
 		"retries" : 0, "sample_1" : -7.36,
 		"sample_2" : 11.49, "sample_3" : -6.90,
 		"sample_4" : 0, "node_id" : 9},

	"9:97" : {"timestamp" : 1346182444, "air_time" : 5,
 		"sequence" : 97, "fails" : 2,
 		"retries" : 2, "sample_1" : -8.10,
 		"sample_2" : 11.15, "sample_3" : -6.76,
 		"sample_4" : 0, "node_id" : 9},

	"9:98" : {"timestamp" : 1346182445, "air_time" : 9,
 		"sequence" : 98, "fails" : 0,
 		"retries" : 1, "sample_1" : -8.85,
 		"sample_2" : 10.81, "sample_3" : -4.00,
 		"sample_4" : 0, "node_id" : 9},

	"9:99" : {"timestamp" : 1346182446, "air_time" : 9,
 		"sequence" : 99, "fails" : 2,
 		"retries" : 2, "sample_1" : -9.70,
 		"sample_2" : 8.39, "sample_3" : -2.38,
 		"sample_4" : 0, "node_id" : 9},

	"9:100" : {"timestamp" : 1346182447, "air_time" : 5,
 		"sequence" : 100, "fails" : 0,
 		"retries" : 0, "sample_1" : -9.85,
 		"sample_2" : 8.72, "sample_3" : -2.13,
 		"sample_4" : 0, "node_id" : 9},

	"9:101" : {"timestamp" : 1346182448, "air_time" : 0,
 		"sequence" : 101, "fails" : 2,
 		"retries" : 1, "sample_1" : -8.70,
 		"sample_2" : 7.32, "sample_3" : 0.29,
 		"sample_4" : 0, "node_id" : 9},

	"9:102" : {"timestamp" : 1346182449, "air_time" : 2,
 		"sequence" : 102, "fails" : 2,
 		"retries" : 0, "sample_1" : -8.16,
 		"sample_2" : 6.05, "sample_3" : 1.83,
 		"sample_4" : 0, "node_id" : 9},

	"9:103" : {"timestamp" : 1346182450, "air_time" : 0,
 		"sequence" : 103, "fails" : 2,
 		"retries" : 1, "sample_1" : -5.96,
 		"sample_2" : 4.03, "sample_3" : 3.04,
 		"sample_4" : 0, "node_id" : 9},

	"9:104" : {"timestamp" : 1346182451, "air_time" : 9,
 		"sequence" : 104, "fails" : 2,
 		"retries" : 0, "sample_1" : -5.43,
 		"sample_2" : 2.93, "sample_3" : 5.37,
 		"sample_4" : 0, "node_id" : 9},

	"9:105" : {"timestamp" : 1346182452, "air_time" : 9,
 		"sequence" : 105, "fails" : 0,
 		"retries" : 0, "sample_1" : -4.00,
 		"sample_2" : 0.38, "sample_3" : 6.17,
 		"sample_4" : 0, "node_id" : 9},

	"9:106" : {"timestamp" : 1346182453, "air_time" : 7,
 		"sequence" : 106, "fails" : 1,
 		"retries" : 1, "sample_1" : -1.92,
 		"sample_2" : -2.24, "sample_3" : 8.68,
 		"sample_4" : 0, "node_id" : 9},

	"9:107" : {"timestamp" : 1346182454, "air_time" : 1,
 		"sequence" : 107, "fails" : 0,
 		"retries" : 0, "sample_1" : -1.64,
 		"sample_2" : -2.40, "sample_3" : 10.08,
 		"sample_4" : 0, "node_id" : 9},

	"9:108" : {"timestamp" : 1346182455, "air_time" : 0,
 		"sequence" : 108, "fails" : 0,
 		"retries" : 1, "sample_1" : 0.10,
 		"sample_2" : -4.54, "sample_3" : 9.93,
 		"sample_4" : 0, "node_id" : 9},

	"9:109" : {"timestamp" : 1346182456, "air_time" : 7,
 		"sequence" : 109, "fails" : 0,
 		"retries" : 1, "sample_1" : 3.24,
 		"sample_2" : -6.81, "sample_3" : 11.60,
 		"sample_4" : 0, "node_id" : 9},

	"9:110" : {"timestamp" : 1346182457, "air_time" : 7,
 		"sequence" : 110, "fails" : 2,
 		"retries" : 2, "sample_1" : 4.82,
 		"sample_2" : -7.98, "sample_3" : 10.97,
 		"sample_4" : 0, "node_id" : 9},

	"9:111" : {"timestamp" : 1346182458, "air_time" : 1,
 		"sequence" : 111, "fails" : 0,
 		"retries" : 2, "sample_1" : 5.80,
 		"sample_2" : -7.31, "sample_3" : 10.55,
 		"sample_4" : 0, "node_id" : 9},

	"9:112" : {"timestamp" : 1346182459, "air_time" : 4,
 		"sequence" : 112, "fails" : 0,
 		"retries" : 2, "sample_1" : 7.33,
 		"sample_2" : -8.66, "sample_3" : 9.82,
 		"sample_4" : 0, "node_id" : 9},

	"9:113" : {"timestamp" : 1346182460, "air_time" : 0,
 		"sequence" : 113, "fails" : 0,
 		"retries" : 2, "sample_1" : 9.06,
 		"sample_2" : -9.42, "sample_3" : 9.29,
 		"sample_4" : 0, "node_id" : 9},

	"9:114" : {"timestamp" : 1346182461, "air_time" : 9,
 		"sequence" : 114, "fails" : 0,
 		"retries" : 2, "sample_1" : 10.26,
 		"sample_2" : -8.29, "sample_3" : 9.20,
 		"sample_4" : 0, "node_id" : 9},

	"9:115" : {"timestamp" : 1346182462, "air_time" : 3,
 		"sequence" : 115, "fails" : 0,
 		"retries" : 0, "sample_1" : 10.20,
 		"sample_2" : -8.25, "sample_3" : 6.96,
 		"sample_4" : 0, "node_id" : 9},

	"9:116" : {"timestamp" : 1346182463, "air_time" : 7,
 		"sequence" : 116, "fails" : 0,
 		"retries" : 1, "sample_1" : 10.15,
 		"sample_2" : -7.51, "sample_3" : 7.00,
 		"sample_4" : 0, "node_id" : 9},

	"9:117" : {"timestamp" : 1346182464, "air_time" : 4,
 		"sequence" : 117, "fails" : 0,
 		"retries" : 1, "sample_1" : 10.50,
 		"sample_2" : -6.69, "sample_3" : 4.08,
 		"sample_4" : 0, "node_id" : 9},

	"9:118" : {"timestamp" : 1346182465, "air_time" : 2,
 		"sequence" : 118, "fails" : 3,
 		"retries" : 1, "sample_1" : 10.15,
 		"sample_2" : -7.22, "sample_3" : 2.53,
 		"sample_4" : 0, "node_id" : 9},

	"9:119" : {"timestamp" : 1346182466, "air_time" : 1,
 		"sequence" : 119, "fails" : 3,
 		"retries" : 2, "sample_1" : 10.10,
 		"sample_2" : -5.22, "sample_3" : 2.61,
 		"sample_4" : 0, "node_id" : 9},

	"9:120" : {"timestamp" : 1346182467, "air_time" : 6,
 		"sequence" : 120, "fails" : 0,
 		"retries" : 0, "sample_1" : 9.86,
 		"sample_2" : -4.45, "sample_3" : -0.23,
 		"sample_4" : 0, "node_id" : 9},

	"9:121" : {"timestamp" : 1346182468, "air_time" : 1,
 		"sequence" : 121, "fails" : 3,
 		"retries" : 2, "sample_1" : 8.86,
 		"sample_2" : -1.03, "sample_3" : -1.34,
 		"sample_4" : 0, "node_id" : 9},

	"9:122" : {"timestamp" : 1346182469, "air_time" : 6,
 		"sequence" : 122, "fails" : 1,
 		"retries" : 2, "sample_1" : 7.33,
 		"sample_2" : 0.47, "sample_3" : -4.37,
 		"sample_4" : 0, "node_id" : 9},

	"9:123" : {"timestamp" : 1346182470, "air_time" : 1,
 		"sequence" : 123, "fails" : 2,
 		"retries" : 1, "sample_1" : 5.80,
 		"sample_2" : 1.72, "sample_3" : -4.57,
 		"sample_4" : 0, "node_id" : 9},

	"9:124" : {"timestamp" : 1346182471, "air_time" : 4,
 		"sequence" : 124, "fails" : 2,
 		"retries" : 1, "sample_1" : 5.02,
 		"sample_2" : 2.84, "sample_3" : -5.78,
 		"sample_4" : 0, "node_id" : 9},

	"9:125" : {"timestamp" : 1346182472, "air_time" : 4,
 		"sequence" : 125, "fails" : 2,
 		"retries" : 0, "sample_1" : 3.14,
 		"sample_2" : 4.00, "sample_3" : -6.58,
 		"sample_4" : 0, "node_id" : 9},

	"9:126" : {"timestamp" : 1346182473, "air_time" : 9,
 		"sequence" : 126, "fails" : 3,
 		"retries" : 0, "sample_1" : 0.00,
 		"sample_2" : 6.74, "sample_3" : -7.53,
 		"sample_4" : 0, "node_id" : 9},

	"9:127" : {"timestamp" : 1346182474, "air_time" : 9,
 		"sequence" : 127, "fails" : 3,
 		"retries" : 1, "sample_1" : -0.94,
 		"sample_2" : 7.81, "sample_3" : -8.00,
 		"sample_4" : 0, "node_id" : 9},

	"9:128" : {"timestamp" : 1346182475, "air_time" : 9,
 		"sequence" : 128, "fails" : 3,
 		"retries" : 0, "sample_1" : -2.52,
 		"sample_2" : 8.28, "sample_3" : -8.97,
 		"sample_4" : 0, "node_id" : 9},

	"9:129" : {"timestamp" : 1346182476, "air_time" : 6,
 		"sequence" : 129, "fails" : 2,
 		"retries" : 0, "sample_1" : -4.00,
 		"sample_2" : 9.81, "sample_3" : -8.35,
 		"sample_4" : 0, "node_id" : 9},

	"9:130" : {"timestamp" : 1346182477, "air_time" : 9,
 		"sequence" : 130, "fails" : 3,
 		"retries" : 1, "sample_1" : -4.53,
 		"sample_2" : 9.86, "sample_3" : -9.42,
 		"sample_4" : 0, "node_id" : 9},

	"9:131" : {"timestamp" : 1346182478, "air_time" : 6,
 		"sequence" : 131, "fails" : 2,
 		"retries" : 1, "sample_1" : -6.06,
 		"sample_2" : 11.42, "sample_3" : -7.09,
 		"sample_4" : 0, "node_id" : 9},

	"9:132" : {"timestamp" : 1346182479, "air_time" : 2,
 		"sequence" : 132, "fails" : 0,
 		"retries" : 2, "sample_1" : -8.16,
 		"sample_2" : 10.99, "sample_3" : -6.50,
 		"sample_4" : 0, "node_id" : 9},

	"9:133" : {"timestamp" : 1346182480, "air_time" : 0,
 		"sequence" : 133, "fails" : 2,
 		"retries" : 0, "sample_1" : -8.60,
 		"sample_2" : 10.15, "sample_3" : -5.06,
 		"sample_4" : 0, "node_id" : 9},

	"9:134" : {"timestamp" : 1346182481, "air_time" : 2,
 		"sequence" : 134, "fails" : 3,
 		"retries" : 0, "sample_1" : -8.75,
 		"sample_2" : 10.51, "sample_3" : -4.80,
 		"sample_4" : 0, "node_id" : 9},

	"9:135" : {"timestamp" : 1346182482, "air_time" : 6,
 		"sequence" : 135, "fails" : 0,
 		"retries" : 0, "sample_1" : -9.10,
 		"sample_2" : 9.29, "sample_3" : -2.88,
 		"sample_4" : 0, "node_id" : 9},

	"9:136" : {"timestamp" : 1346182483, "air_time" : 1,
 		"sequence" : 136, "fails" : 0,
 		"retries" : 0, "sample_1" : -9.45,
 		"sample_2" : 7.72, "sample_3" : -0.63,
 		"sample_4" : 0, "node_id" : 9},

	"9:137" : {"timestamp" : 1346182484, "air_time" : 9,
 		"sequence" : 137, "fails" : 2,
 		"retries" : 1, "sample_1" : -7.50,
 		"sample_2" : 6.22, "sample_3" : 1.19,
 		"sample_4" : 0, "node_id" : 9},

	"9:138" : {"timestamp" : 1346182485, "air_time" : 2,
 		"sequence" : 138, "fails" : 0,
 		"retries" : 1, "sample_1" : -7.46,
 		"sample_2" : 4.95, "sample_3" : 2.73,
 		"sample_4" : 0, "node_id" : 9},

	"9:139" : {"timestamp" : 1346182486, "air_time" : 3,
 		"sequence" : 139, "fails" : 0,
 		"retries" : 0, "sample_1" : -6.66,
 		"sample_2" : 3.13, "sample_3" : 3.54,
 		"sample_4" : 0, "node_id" : 9},

	"9:140" : {"timestamp" : 1346182487, "air_time" : 7,
 		"sequence" : 140, "fails" : 3,
 		"retries" : 2, "sample_1" : -5.93,
 		"sample_2" : 3.03, "sample_3" : 6.27,
 		"sample_4" : 0, "node_id" : 9},

	"9:141" : {"timestamp" : 1346182488, "air_time" : 0,
 		"sequence" : 141, "fails" : 0,
 		"retries" : 0, "sample_1" : -4.30,
 		"sample_2" : 0.68, "sample_3" : 6.17,
 		"sample_4" : 0, "node_id" : 9},

	"9:142" : {"timestamp" : 1346182489, "air_time" : 3,
 		"sequence" : 142, "fails" : 1,
 		"retries" : 0, "sample_1" : -2.52,
 		"sample_2" : -1.94, "sample_3" : 8.68,
 		"sample_4" : 0, "node_id" : 9},

	"9:143" : {"timestamp" : 1346182490, "air_time" : 5,
 		"sequence" : 143, "fails" : 0,
 		"retries" : 0, "sample_1" : -0.24,
 		"sample_2" : -2.70, "sample_3" : 9.98,
 		"sample_4" : 0, "node_id" : 9},

	"9:144" : {"timestamp" : 1346182491, "air_time" : 6,
 		"sequence" : 144, "fails" : 2,
 		"retries" : 1, "sample_1" : 0.80,
 		"sample_2" : -4.24, "sample_3" : 9.23,
 		"sample_4" : 0, "node_id" : 9},

	"9:145" : {"timestamp" : 1346182492, "air_time" : 6,
 		"sequence" : 145, "fails" : 0,
 		"retries" : 0, "sample_1" : 2.64,
 		"sample_2" : -5.11, "sample_3" : 10.40,
 		"sample_4" : 0, "node_id" : 9},

	"9:146" : {"timestamp" : 1346182493, "air_time" : 0,
 		"sequence" : 146, "fails" : 2,
 		"retries" : 0, "sample_1" : 4.82,
 		"sample_2" : -7.48, "sample_3" : 10.37,
 		"sample_4" : 0, "node_id" : 9},

	"9:147" : {"timestamp" : 1346182494, "air_time" : 6,
 		"sequence" : 147, "fails" : 1,
 		"retries" : 2, "sample_1" : 6.80,
 		"sample_2" : -8.11, "sample_3" : 11.15,
 		"sample_4" : 0, "node_id" : 9},

	"9:148" : {"timestamp" : 1346182495, "air_time" : 3,
 		"sequence" : 148, "fails" : 3,
 		"retries" : 1, "sample_1" : 6.93,
 		"sample_2" : -8.36, "sample_3" : 10.32,
 		"sample_4" : 0, "node_id" : 9},

	"9:149" : {"timestamp" : 1346182496, "air_time" : 2,
 		"sequence" : 149, "fails" : 2,
 		"retries" : 0, "sample_1" : 7.66,
 		"sample_2" : -8.02, "sample_3" : 9.69,
 		"sample_4" : 0, "node_id" : 9},

	"9:150" : {"timestamp" : 1346182497, "air_time" : 3,
 		"sequence" : 150, "fails" : 2,
 		"retries" : 0, "sample_1" : 9.86,
 		"sample_2" : -9.19, "sample_3" : 9.20,
 		"sample_4" : 0, "node_id" : 9},

	"9:151" : {"timestamp" : 1346182498, "air_time" : 5,
 		"sequence" : 151, "fails" : 1,
 		"retries" : 0, "sample_1" : 10.80,
 		"sample_2" : -7.85, "sample_3" : 7.56,
 		"sample_4" : 0, "node_id" : 9},

	"9:152" : {"timestamp" : 1346182499, "air_time" : 5,
 		"sequence" : 152, "fails" : 2,
 		"retries" : 0, "sample_1" : 9.85,
 		"sample_2" : -8.71, "sample_3" : 7.00,
 		"sample_4" : 0, "node_id" : 9},

	"9:153" : {"timestamp" : 1346182500, "air_time" : 4,
 		"sequence" : 153, "fails" : 0,
 		"retries" : 2, "sample_1" : 10.00,
 		"sample_2" : -7.09, "sample_3" : 5.78,
 		"sample_4" : 0, "node_id" : 9},

	"9:154" : {"timestamp" : 1346182501, "air_time" : 5,
 		"sequence" : 154, "fails" : 0,
 		"retries" : 1, "sample_1" : 10.45,
 		"sample_2" : -6.92, "sample_3" : 2.83,
 		"sample_4" : 0, "node_id" : 9},

	"9:155" : {"timestamp" : 1346182502, "air_time" : 1,
 		"sequence" : 155, "fails" : 2,
 		"retries" : 1, "sample_1" : 10.70,
 		"sample_2" : -5.92, "sample_3" : 2.21,
 		"sample_4" : 0, "node_id" : 9},

	"9:156" : {"timestamp" : 1346182503, "air_time" : 7,
 		"sequence" : 156, "fails" : 2,
 		"retries" : 0, "sample_1" : 10.26,
 		"sample_2" : -3.75, "sample_3" : -0.33,
 		"sample_4" : 0, "node_id" : 9},

	"9:157" : {"timestamp" : 1346182504, "air_time" : 1,
 		"sequence" : 157, "fails" : 3,
 		"retries" : 2, "sample_1" : 8.86,
 		"sample_2" : -1.63, "sample_3" : -1.54,
 		"sample_4" : 0, "node_id" : 9},

	"9:158" : {"timestamp" : 1346182505, "air_time" : 7,
 		"sequence" : 158, "fails" : 3,
 		"retries" : 1, "sample_1" : 7.73,
 		"sample_2" : -0.13, "sample_3" : -4.17,
 		"sample_4" : 0, "node_id" : 9},

	"9:159" : {"timestamp" : 1346182506, "air_time" : 0,
 		"sequence" : 159, "fails" : 3,
 		"retries" : 2, "sample_1" : 5.90,
 		"sample_2" : 1.22, "sample_3" : -5.27,
 		"sample_4" : 0, "node_id" : 9},

	"9:160" : {"timestamp" : 1346182507, "air_time" : 8,
 		"sequence" : 160, "fails" : 2,
 		"retries" : 0, "sample_1" : 3.72,
 		"sample_2" : 3.14, "sample_3" : -6.68,
 		"sample_4" : 0, "node_id" : 9},

	"9:161" : {"timestamp" : 1346182508, "air_time" : 5,
 		"sequence" : 161, "fails" : 1,
 		"retries" : 0, "sample_1" : 1.94,
 		"sample_2" : 5.80, "sample_3" : -7.98,
 		"sample_4" : 0, "node_id" : 9},

	"9:162" : {"timestamp" : 1346182509, "air_time" : 0,
 		"sequence" : 162, "fails" : 0,
 		"retries" : 2, "sample_1" : 0.10,
 		"sample_2" : 5.74, "sample_3" : -8.33,
 		"sample_4" : 0, "node_id" : 9},

	"9:163" : {"timestamp" : 1346182510, "air_time" : 3,
 		"sequence" : 163, "fails" : 2,
 		"retries" : 2, "sample_1" : -1.54,
 		"sample_2" : 8.51, "sample_3" : -9.70,
 		"sample_4" : 0, "node_id" : 9},

	"9:164" : {"timestamp" : 1346182511, "air_time" : 7,
 		"sequence" : 164, "fails" : 2,
 		"retries" : 2, "sample_1" : -1.62,
 		"sample_2" : 8.08, "sample_3" : -8.97,
 		"sample_4" : 0, "node_id" : 9},

	"9:165" : {"timestamp" : 1346182512, "air_time" : 0,
 		"sequence" : 165, "fails" : 1,
 		"retries" : 1, "sample_1" : -3.50,
 		"sample_2" : 9.31, "sample_3" : -9.15,
 		"sample_4" : 0, "node_id" : 9},

	"9:166" : {"timestamp" : 1346182513, "air_time" : 7,
 		"sequence" : 166, "fails" : 1,
 		"retries" : 1, "sample_1" : -6.33,
 		"sample_2" : 11.26, "sample_3" : -8.52,
 		"sample_4" : 0, "node_id" : 9},

	"9:167" : {"timestamp" : 1346182514, "air_time" : 4,
 		"sequence" : 167, "fails" : 0,
 		"retries" : 2, "sample_1" : -6.66,
 		"sample_2" : 10.12, "sample_3" : -8.49,
 		"sample_4" : 0, "node_id" : 9},

	"9:168" : {"timestamp" : 1346182515, "air_time" : 1,
 		"sequence" : 168, "fails" : 1,
 		"retries" : 2, "sample_1" : -7.36,
 		"sample_2" : 10.69, "sample_3" : -8.10,
 		"sample_4" : 0, "node_id" : 9},

	"9:169" : {"timestamp" : 1346182516, "air_time" : 6,
 		"sequence" : 169, "fails" : 3,
 		"retries" : 0, "sample_1" : -7.60,
 		"sample_2" : 11.65, "sample_3" : -6.16,
 		"sample_4" : 0, "node_id" : 9},

	"9:170" : {"timestamp" : 1346182517, "air_time" : 2,
 		"sequence" : 170, "fails" : 3,
 		"retries" : 2, "sample_1" : -8.05,
 		"sample_2" : 9.31, "sample_3" : -4.70,
 		"sample_4" : 0, "node_id" : 9},

	"9:171" : {"timestamp" : 1346182518, "air_time" : 8,
 		"sequence" : 171, "fails" : 2,
 		"retries" : 2, "sample_1" : -9.60,
 		"sample_2" : 9.59, "sample_3" : -3.28,
 		"sample_4" : 0, "node_id" : 9},

	"9:172" : {"timestamp" : 1346182519, "air_time" : 9,
 		"sequence" : 172, "fails" : 2,
 		"retries" : 2, "sample_1" : -9.55,
 		"sample_2" : 8.32, "sample_3" : -1.43,
 		"sample_4" : 0, "node_id" : 9},

	"9:173" : {"timestamp" : 1346182520, "air_time" : 0,
 		"sequence" : 173, "fails" : 3,
 		"retries" : 1, "sample_1" : -8.10,
 		"sample_2" : 6.82, "sample_3" : -0.01,
 		"sample_4" : 0, "node_id" : 9},

	"9:174" : {"timestamp" : 1346182521, "air_time" : 8,
 		"sequence" : 174, "fails" : 0,
 		"retries" : 1, "sample_1" : -6.86,
 		"sample_2" : 5.55, "sample_3" : 1.33,
 		"sample_4" : 0, "node_id" : 9},

	"9:175" : {"timestamp" : 1346182522, "air_time" : 6,
 		"sequence" : 175, "fails" : 1,
 		"retries" : 0, "sample_1" : -7.36,
 		"sample_2" : 3.63, "sample_3" : 3.14,
 		"sample_4" : 0, "node_id" : 9},

	"9:176" : {"timestamp" : 1346182523, "air_time" : 0,
 		"sequence" : 176, "fails" : 2,
 		"retries" : 0, "sample_1" : -5.53,
 		"sample_2" : 1.33, "sample_3" : 5.47,
 		"sample_4" : 0, "node_id" : 9},

	"9:177" : {"timestamp" : 1346182524, "air_time" : 3,
 		"sequence" : 177, "fails" : 0,
 		"retries" : 1, "sample_1" : -3.40,
 		"sample_2" : -0.12, "sample_3" : 6.47,
 		"sample_4" : 0, "node_id" : 9},

	"9:178" : {"timestamp" : 1346182525, "air_time" : 8,
 		"sequence" : 178, "fails" : 2,
 		"retries" : 0, "sample_1" : -2.32,
 		"sample_2" : -0.64, "sample_3" : 9.08,
 		"sample_4" : 0, "node_id" : 9},

	"9:179" : {"timestamp" : 1346182526, "air_time" : 9,
 		"sequence" : 179, "fails" : 2,
 		"retries" : 2, "sample_1" : -0.14,
 		"sample_2" : -3.10, "sample_3" : 9.58,
 		"sample_4" : 0, "node_id" : 9},

	"9:180" : {"timestamp" : 1346182527, "air_time" : 4,
 		"sequence" : 180, "fails" : 0,
 		"retries" : 2, "sample_1" : 1.30,
 		"sample_2" : -4.24, "sample_3" : 9.33,
 		"sample_4" : 0, "node_id" : 9},

	"9:181" : {"timestamp" : 1346182528, "air_time" : 5,
 		"sequence" : 181, "fails" : 1,
 		"retries" : 0, "sample_1" : 3.14,
 		"sample_2" : -6.31, "sample_3" : 9.70,
 		"sample_4" : 0, "node_id" : 9},

	"9:182" : {"timestamp" : 1346182529, "air_time" : 1,
 		"sequence" : 182, "fails" : 1,
 		"retries" : 2, "sample_1" : 4.82,
 		"sample_2" : -6.28, "sample_3" : 11.87,
 		"sample_4" : 0, "node_id" : 9},

	"9:183" : {"timestamp" : 1346182530, "air_time" : 7,
 		"sequence" : 183, "fails" : 1,
 		"retries" : 0, "sample_1" : 5.40,
 		"sample_2" : -7.81, "sample_3" : 10.75,
 		"sample_4" : 0, "node_id" : 9},

	"9:184" : {"timestamp" : 1346182531, "air_time" : 4,
 		"sequence" : 184, "fails" : 3,
 		"retries" : 1, "sample_1" : 6.43,
 		"sample_2" : -8.66, "sample_3" : 9.92,
 		"sample_4" : 0, "node_id" : 9},

	"9:185" : {"timestamp" : 1346182532, "air_time" : 9,
 		"sequence" : 185, "fails" : 2,
 		"retries" : 2, "sample_1" : 8.86,
 		"sample_2" : -8.12, "sample_3" : 9.49,
 		"sample_4" : 0, "node_id" : 9},

	"9:186" : {"timestamp" : 1346182533, "air_time" : 8,
 		"sequence" : 186, "fails" : 2,
 		"retries" : 2, "sample_1" : 8.86,
 		"sample_2" : -9.49, "sample_3" : 8.80,
 		"sample_4" : 0, "node_id" : 9},

	"9:187" : {"timestamp" : 1346182534, "air_time" : 9,
 		"sequence" : 187, "fails" : 1,
 		"retries" : 2, "sample_1" : 11.20,
 		"sample_2" : -8.65, "sample_3" : 8.46,
 		"sample_4" : 0, "node_id" : 9},

	"9:188" : {"timestamp" : 1346182535, "air_time" : 2,
 		"sequence" : 188, "fails" : 3,
 		"retries" : 2, "sample_1" : 9.95,
 		"sample_2" : -7.91, "sample_3" : 6.70,
 		"sample_4" : 0, "node_id" : 9},

	"9:189" : {"timestamp" : 1346182536, "air_time" : 4,
 		"sequence" : 189, "fails" : 3,
 		"retries" : 0, "sample_1" : 10.80,
 		"sample_2" : -7.79, "sample_3" : 4.68,
 		"sample_4" : 0, "node_id" : 9},

	"9:190" : {"timestamp" : 1346182537, "air_time" : 9,
 		"sequence" : 190, "fails" : 1,
 		"retries" : 2, "sample_1" : 11.35,
 		"sample_2" : -6.52, "sample_3" : 2.93,
 		"sample_4" : 0, "node_id" : 9},

	"9:191" : {"timestamp" : 1346182538, "air_time" : 0,
 		"sequence" : 191, "fails" : 3,
 		"retries" : 1, "sample_1" : 10.90,
 		"sample_2" : -5.42, "sample_3" : 2.51,
 		"sample_4" : 0, "node_id" : 9},

	"9:192" : {"timestamp" : 1346182539, "air_time" : 3,
 		"sequence" : 192, "fails" : 0,
 		"retries" : 2, "sample_1" : 9.26,
 		"sample_2" : -4.05, "sample_3" : 0.17,
 		"sample_4" : 0, "node_id" : 9},

	"9:193" : {"timestamp" : 1346182540, "air_time" : 9,
 		"sequence" : 193, "fails" : 1,
 		"retries" : 0, "sample_1" : 8.06,
 		"sample_2" : -2.03, "sample_3" : -1.74,
 		"sample_4" : 0, "node_id" : 9},

	"9:194" : {"timestamp" : 1346182541, "air_time" : 1,
 		"sequence" : 194, "fails" : 0,
 		"retries" : 2, "sample_1" : 7.73,
 		"sample_2" : -0.23, "sample_3" : -3.47,
 		"sample_4" : 0, "node_id" : 9},

	"9:195" : {"timestamp" : 1346182542, "air_time" : 9,
 		"sequence" : 195, "fails" : 2,
 		"retries" : 2, "sample_1" : 6.30,
 		"sample_2" : 1.42, "sample_3" : -5.27,
 		"sample_4" : 0, "node_id" : 9},

	"9:196" : {"timestamp" : 1346182543, "air_time" : 5,
 		"sequence" : 196, "fails" : 0,
 		"retries" : 2, "sample_1" : 4.12,
 		"sample_2" : 4.14, "sample_3" : -6.68,
 		"sample_4" : 0, "node_id" : 9},

	"9:197" : {"timestamp" : 1346182544, "air_time" : 6,
 		"sequence" : 197, "fails" : 3,
 		"retries" : 1, "sample_1" : 1.84,
 		"sample_2" : 4.70, "sample_3" : -7.28,
 		"sample_4" : 0, "node_id" : 9},

	"9:198" : {"timestamp" : 1346182545, "air_time" : 4,
 		"sequence" : 198, "fails" : 1,
 		"retries" : 2, "sample_1" : 0.80,
 		"sample_2" : 5.54, "sample_3" : -7.53,
 		"sample_4" : 0, "node_id" : 9},

	"9:199" : {"timestamp" : 1346182546, "air_time" : 5,
 		"sequence" : 199, "fails" : 3,
 		"retries" : 2, "sample_1" : -0.24,
 		"sample_2" : 7.31, "sample_3" : -9.20,
 		"sample_4" : 0, "node_id" : 9},

	"9:200" : {"timestamp" : 1346182547, "air_time" : 0,
 		"sequence" : 200, "fails" : 1,
 		"retries" : 2, "sample_1" : -2.32,
 		"sample_2" : 8.68, "sample_3" : -8.37,
 		"sample_4" : 0, "node_id" : 9},

	"9:201" : {"timestamp" : 1346182548, "air_time" : 5,
 		"sequence" : 201, "fails" : 1,
 		"retries" : 1, "sample_1" : -3.60,
 		"sample_2" : 10.51, "sample_3" : -8.15,
 		"sample_4" : 0, "node_id" : 9},

	"9:202" : {"timestamp" : 1346182549, "air_time" : 9,
 		"sequence" : 202, "fails" : 1,
 		"retries" : 0, "sample_1" : -5.93,
 		"sample_2" : 10.86, "sample_3" : -9.02,
 		"sample_4" : 0, "node_id" : 9},

	"9:203" : {"timestamp" : 1346182550, "air_time" : 8,
 		"sequence" : 203, "fails" : 0,
 		"retries" : 1, "sample_1" : -6.66,
 		"sample_2" : 10.42, "sample_3" : -7.29,
 		"sample_4" : 0, "node_id" : 9},

	"9:204" : {"timestamp" : 1346182551, "air_time" : 0,
 		"sequence" : 204, "fails" : 2,
 		"retries" : 1, "sample_1" : -7.86,
 		"sample_2" : 10.59, "sample_3" : -6.20,
 		"sample_4" : 0, "node_id" : 9},

	"9:205" : {"timestamp" : 1346182552, "air_time" : 5,
 		"sequence" : 205, "fails" : 0,
 		"retries" : 2, "sample_1" : -8.10,
 		"sample_2" : 9.95, "sample_3" : -5.96,
 		"sample_4" : 0, "node_id" : 9},

	"9:206" : {"timestamp" : 1346182553, "air_time" : 2,
 		"sequence" : 206, "fails" : 1,
 		"retries" : 0, "sample_1" : -8.85,
 		"sample_2" : 10.11, "sample_3" : -4.80,
 		"sample_4" : 0, "node_id" : 9},

	"9:207" : {"timestamp" : 1346182554, "air_time" : 6,
 		"sequence" : 207, "fails" : 0,
 		"retries" : 2, "sample_1" : -8.40,
 		"sample_2" : 9.19, "sample_3" : -2.48,
 		"sample_4" : 0, "node_id" : 9},

	"9:208" : {"timestamp" : 1346182555, "air_time" : 6,
 		"sequence" : 208, "fails" : 0,
 		"retries" : 1, "sample_1" : -8.35,
 		"sample_2" : 7.82, "sample_3" : -1.33,
 		"sample_4" : 0, "node_id" : 9},

	"9:209" : {"timestamp" : 1346182556, "air_time" : 5,
 		"sequence" : 209, "fails" : 0,
 		"retries" : 2, "sample_1" : -7.90,
 		"sample_2" : 7.72, "sample_3" : 0.29,
 		"sample_4" : 0, "node_id" : 9},

	"9:210" : {"timestamp" : 1346182557, "air_time" : 1,
 		"sequence" : 210, "fails" : 0,
 		"retries" : 1, "sample_1" : -8.16,
 		"sample_2" : 4.65, "sample_3" : 2.33,
 		"sample_4" : 0, "node_id" : 9},

	"9:211" : {"timestamp" : 1346182558, "air_time" : 7,
 		"sequence" : 211, "fails" : 0,
 		"retries" : 0, "sample_1" : -7.06,
 		"sample_2" : 4.83, "sample_3" : 3.04,
 		"sample_4" : 0, "node_id" : 9},

	"9:212" : {"timestamp" : 1346182559, "air_time" : 8,
 		"sequence" : 212, "fails" : 0,
 		"retries" : 2, "sample_1" : -4.63,
 		"sample_2" : 1.53, "sample_3" : 4.57,
 		"sample_4" : 0, "node_id" : 9},

	"9:213" : {"timestamp" : 1346182560, "air_time" : 7,
 		"sequence" : 213, "fails" : 0,
 		"retries" : 1, "sample_1" : -4.40,
 		"sample_2" : -0.42, "sample_3" : 6.77,
 		"sample_4" : 0, "node_id" : 9},

	"9:214" : {"timestamp" : 1346182561, "air_time" : 4,
 		"sequence" : 214, "fails" : 1,
 		"retries" : 0, "sample_1" : -2.62,
 		"sample_2" : -2.14, "sample_3" : 7.88,
 		"sample_4" : 0, "node_id" : 9},

	"9:215" : {"timestamp" : 1346182562, "air_time" : 0,
 		"sequence" : 215, "fails" : 1,
 		"retries" : 2, "sample_1" : -0.74,
 		"sample_2" : -3.30, "sample_3" : 8.88,
 		"sample_4" : 0, "node_id" : 9},

	"9:216" : {"timestamp" : 1346182563, "air_time" : 1,
 		"sequence" : 216, "fails" : 1,
 		"retries" : 2, "sample_1" : -0.00,
 		"sample_2" : -5.04, "sample_3" : 10.53,
 		"sample_4" : 0, "node_id" : 9},

	"9:217" : {"timestamp" : 1346182564, "air_time" : 5,
 		"sequence" : 217, "fails" : 1,
 		"retries" : 1, "sample_1" : 2.74,
 		"sample_2" : -5.41, "sample_3" : 11.10,
 		"sample_4" : 0, "node_id" : 9},

	"9:218" : {"timestamp" : 1346182565, "air_time" : 4,
 		"sequence" : 218, "fails" : 2,
 		"retries" : 1, "sample_1" : 3.42,
 		"sample_2" : -7.38, "sample_3" : 10.17,
 		"sample_4" : 0, "node_id" : 9},

	"9:219" : {"timestamp" : 1346182566, "air_time" : 9,
 		"sequence" : 219, "fails" : 1,
 		"retries" : 0, "sample_1" : 5.50,
 		"sample_2" : -8.81, "sample_3" : 11.25,
 		"sample_4" : 0, "node_id" : 9},

	"9:220" : {"timestamp" : 1346182567, "air_time" : 6,
 		"sequence" : 220, "fails" : 1,
 		"retries" : 1, "sample_1" : 6.63,
 		"sample_2" : -9.26, "sample_3" : 9.82,
 		"sample_4" : 0, "node_id" : 9},

	"9:221" : {"timestamp" : 1346182568, "air_time" : 5,
 		"sequence" : 221, "fails" : 1,
 		"retries" : 2, "sample_1" : 8.16,
 		"sample_2" : -9.42, "sample_3" : 10.79,
 		"sample_4" : 0, "node_id" : 9},

	"9:222" : {"timestamp" : 1346182569, "air_time" : 0,
 		"sequence" : 222, "fails" : 1,
 		"retries" : 2, "sample_1" : 9.56,
 		"sample_2" : -8.29, "sample_3" : 8.30,
 		"sample_4" : 0, "node_id" : 9},

	"9:223" : {"timestamp" : 1346182570, "air_time" : 9,
 		"sequence" : 223, "fails" : 1,
 		"retries" : 1, "sample_1" : 9.40,
 		"sample_2" : -8.25, "sample_3" : 7.56,
 		"sample_4" : 0, "node_id" : 9},

	"9:224" : {"timestamp" : 1346182571, "air_time" : 4,
 		"sequence" : 224, "fails" : 1,
 		"retries" : 2, "sample_1" : 11.75,
 		"sample_2" : -8.01, "sample_3" : 5.80,
 		"sample_4" : 0, "node_id" : 9},

	"9:225" : {"timestamp" : 1346182572, "air_time" : 0,
 		"sequence" : 225, "fails" : 0,
 		"retries" : 0, "sample_1" : 10.60,
 		"sample_2" : -6.89, "sample_3" : 5.98,
 		"sample_4" : 0, "node_id" : 9},

	"9:226" : {"timestamp" : 1346182573, "air_time" : 3,
 		"sequence" : 226, "fails" : 3,
 		"retries" : 1, "sample_1" : 11.05,
 		"sample_2" : -7.02, "sample_3" : 3.83,
 		"sample_4" : 0, "node_id" : 9},

	"9:227" : {"timestamp" : 1346182574, "air_time" : 1,
 		"sequence" : 227, "fails" : 0,
 		"retries" : 1, "sample_1" : 10.50,
 		"sample_2" : -4.42, "sample_3" : 2.21,
 		"sample_4" : 0, "node_id" : 9},

	"9:228" : {"timestamp" : 1346182575, "air_time" : 0,
 		"sequence" : 228, "fails" : 0,
 		"retries" : 0, "sample_1" : 8.66,
 		"sample_2" : -2.65, "sample_3" : -0.33,
 		"sample_4" : 0, "node_id" : 9},

	"9:229" : {"timestamp" : 1346182576, "air_time" : 7,
 		"sequence" : 229, "fails" : 2,
 		"retries" : 0, "sample_1" : 8.26,
 		"sample_2" : -1.23, "sample_3" : -2.44,
 		"sample_4" : 0, "node_id" : 9},

	"9:230" : {"timestamp" : 1346182577, "air_time" : 7,
 		"sequence" : 230, "fails" : 1,
 		"retries" : 0, "sample_1" : 8.23,
 		"sample_2" : 0.17, "sample_3" : -4.17,
 		"sample_4" : 0, "node_id" : 9},

	"9:231" : {"timestamp" : 1346182578, "air_time" : 8,
 		"sequence" : 231, "fails" : 1,
 		"retries" : 1, "sample_1" : 6.00,
 		"sample_2" : 1.72, "sample_3" : -5.17,
 		"sample_4" : 0, "node_id" : 9},

	"9:232" : {"timestamp" : 1346182579, "air_time" : 1,
 		"sequence" : 232, "fails" : 0,
 		"retries" : 2, "sample_1" : 5.32,
 		"sample_2" : 2.24, "sample_3" : -6.28,
 		"sample_4" : 0, "node_id" : 9},

	"9:233" : {"timestamp" : 1346182580, "air_time" : 7,
 		"sequence" : 233, "fails" : 0,
 		"retries" : 0, "sample_1" : 2.54,
 		"sample_2" : 5.30, "sample_3" : -8.28,
 		"sample_4" : 0, "node_id" : 9},

	"9:234" : {"timestamp" : 1346182581, "air_time" : 9,
 		"sequence" : 234, "fails" : 1,
 		"retries" : 0, "sample_1" : 0.00,
 		"sample_2" : 5.64, "sample_3" : -7.43,
 		"sample_4" : 0, "node_id" : 9},

	"9:235" : {"timestamp" : 1346182582, "air_time" : 9,
 		"sequence" : 235, "fails" : 0,
 		"retries" : 1, "sample_1" : -1.24,
 		"sample_2" : 7.91, "sample_3" : -9.00,
 		"sample_4" : 0, "node_id" : 9},

	"9:236" : {"timestamp" : 1346182583, "air_time" : 4,
 		"sequence" : 236, "fails" : 1,
 		"retries" : 1, "sample_1" : -2.42,
 		"sample_2" : 8.38, "sample_3" : -8.27,
 		"sample_4" : 0, "node_id" : 9},

	"9:237" : {"timestamp" : 1346182584, "air_time" : 7,
 		"sequence" : 237, "fails" : 1,
 		"retries" : 0, "sample_1" : -4.70,
 		"sample_2" : 9.91, "sample_3" : -8.75,
 		"sample_4" : 0, "node_id" : 9},

	"9:238" : {"timestamp" : 1346182585, "air_time" : 4,
 		"sequence" : 238, "fails" : 3,
 		"retries" : 2, "sample_1" : -4.93,
 		"sample_2" : 10.86, "sample_3" : -7.72,
 		"sample_4" : 0, "node_id" : 9},

	"9:239" : {"timestamp" : 1346182586, "air_time" : 7,
 		"sequence" : 239, "fails" : 3,
 		"retries" : 2, "sample_1" : -6.36,
 		"sample_2" : 10.82, "sample_3" : -7.09,
 		"sample_4" : 0, "node_id" : 9},

	"9:240" : {"timestamp" : 1346182587, "air_time" : 9,
 		"sequence" : 240, "fails" : 0,
 		"retries" : 1, "sample_1" : -6.86,
 		"sample_2" : 11.09, "sample_3" : -7.70,
 		"sample_4" : 0, "node_id" : 9},

	"9:241" : {"timestamp" : 1346182588, "air_time" : 1,
 		"sequence" : 241, "fails" : 1,
 		"retries" : 2, "sample_1" : -8.40,
 		"sample_2" : 10.55, "sample_3" : -6.66,
 		"sample_4" : 0, "node_id" : 9},

	"9:242" : {"timestamp" : 1346182589, "air_time" : 0,
 		"sequence" : 242, "fails" : 3,
 		"retries" : 0, "sample_1" : -8.35,
 		"sample_2" : 9.91, "sample_3" : -4.10,
 		"sample_4" : 0, "node_id" : 9},

	"9:243" : {"timestamp" : 1346182590, "air_time" : 0,
 		"sequence" : 243, "fails" : 0,
 		"retries" : 0, "sample_1" : -10.00,
 		"sample_2" : 8.69, "sample_3" : -2.28,
 		"sample_4" : 0, "node_id" : 9},

	"9:244" : {"timestamp" : 1346182591, "air_time" : 6,
 		"sequence" : 244, "fails" : 2,
 		"retries" : 1, "sample_1" : -8.25,
 		"sample_2" : 7.72, "sample_3" : -0.53,
 		"sample_4" : 0, "node_id" : 9},

	"9:245" : {"timestamp" : 1346182592, "air_time" : 5,
 		"sequence" : 245, "fails" : 1,
 		"retries" : 2, "sample_1" : -8.30,
 		"sample_2" : 7.52, "sample_3" : 1.09,
 		"sample_4" : 0, "node_id" : 9},

	"9:246" : {"timestamp" : 1346182593, "air_time" : 7,
 		"sequence" : 246, "fails" : 2,
 		"retries" : 2, "sample_1" : -7.36,
 		"sample_2" : 5.65, "sample_3" : 1.63,
 		"sample_4" : 0, "node_id" : 9},

	"9:247" : {"timestamp" : 1346182594, "air_time" : 5,
 		"sequence" : 247, "fails" : 2,
 		"retries" : 1, "sample_1" : -5.86,
 		"sample_2" : 4.73, "sample_3" : 4.54,
 		"sample_4" : 0, "node_id" : 9},

	"9:248" : {"timestamp" : 1346182595, "air_time" : 2,
 		"sequence" : 248, "fails" : 1,
 		"retries" : 2, "sample_1" : -5.63,
 		"sample_2" : 1.23, "sample_3" : 5.07,
 		"sample_4" : 0, "node_id" : 9},

	"9:249" : {"timestamp" : 1346182596, "air_time" : 3,
 		"sequence" : 249, "fails" : 2,
 		"retries" : 0, "sample_1" : -3.50,
 		"sample_2" : -0.22, "sample_3" : 6.57,
 		"sample_4" : 0, "node_id" : 9},

	"9:250" : {"timestamp" : 1346182597, "air_time" : 6,
 		"sequence" : 250, "fails" : 1,
 		"retries" : 2, "sample_1" : -3.12,
 		"sample_2" : -0.44, "sample_3" : 8.68,
 		"sample_4" : 0, "node_id" : 9},

	"9:251" : {"timestamp" : 1346182598, "air_time" : 8,
 		"sequence" : 251, "fails" : 3,
 		"retries" : 1, "sample_1" : -1.14,
 		"sample_2" : -3.00, "sample_3" : 9.88,
 		"sample_4" : 0, "node_id" : 9},

	"9:252" : {"timestamp" : 1346182599, "air_time" : 0,
 		"sequence" : 252, "fails" : 0,
 		"retries" : 0, "sample_1" : 0.70,
 		"sample_2" : -4.34, "sample_3" : 10.23,
 		"sample_4" : 0, "node_id" : 9},

	"9:253" : {"timestamp" : 1346182600, "air_time" : 2,
 		"sequence" : 253, "fails" : 1,
 		"retries" : 2, "sample_1" : 1.74,
 		"sample_2" : -5.21, "sample_3" : 11.50,
 		"sample_4" : 0, "node_id" : 9},

	"9:254" : {"timestamp" : 1346182601, "air_time" : 6,
 		"sequence" : 254, "fails" : 3,
 		"retries" : 0, "sample_1" : 4.22,
 		"sample_2" : -6.88, "sample_3" : 10.17,
 		"sample_4" : 0, "node_id" : 9},

	"9:255" : {"timestamp" : 1346182602, "air_time" : 2,
 		"sequence" : 255, "fails" : 2,
 		"retries" : 1, "sample_1" : 5.00,
 		"sample_2" : -7.31, "sample_3" : 11.15,
 		"sample_4" : 0, "node_id" : 9},

	"9:256" : {"timestamp" : 1346182603, "air_time" : 9,
 		"sequence" : 256, "fails" : 2,
 		"retries" : 0, "sample_1" : 7.23,
 		"sample_2" : -8.06, "sample_3" : 10.02,
 		"sample_4" : 0, "node_id" : 9},

	"9:257" : {"timestamp" : 1346182604, "air_time" : 9,
 		"sequence" : 257, "fails" : 1,
 		"retries" : 1, "sample_1" : 7.96,
 		"sample_2" : -9.42, "sample_3" : 9.19,
 		"sample_4" : 0, "node_id" : 9},

	"9:258" : {"timestamp" : 1346182605, "air_time" : 1,
 		"sequence" : 258, "fails" : 0,
 		"retries" : 0, "sample_1" : 10.36,
 		"sample_2" : -8.39, "sample_3" : 8.50,
 		"sample_4" : 0, "node_id" : 9},

	"9:259" : {"timestamp" : 1346182606, "air_time" : 8,
 		"sequence" : 259, "fails" : 1,
 		"retries" : 0, "sample_1" : 11.20,
 		"sample_2" : -8.65, "sample_3" : 8.36,
 		"sample_4" : 0, "node_id" : 9},

	"9:260" : {"timestamp" : 1346182607, "air_time" : 7,
 		"sequence" : 260, "fails" : 3,
 		"retries" : 0, "sample_1" : 9.85,
 		"sample_2" : -7.81, "sample_3" : 5.60,
 		"sample_4" : 0, "node_id" : 9},

	"9:261" : {"timestamp" : 1346182608, "air_time" : 2,
 		"sequence" : 261, "fails" : 1,
 		"retries" : 2, "sample_1" : 10.10,
 		"sample_2" : -7.19, "sample_3" : 5.58,
 		"sample_4" : 0, "node_id" : 9},

	"9:262" : {"timestamp" : 1346182609, "air_time" : 3,
 		"sequence" : 262, "fails" : 1,
 		"retries" : 1, "sample_1" : 10.65,
 		"sample_2" : -5.82, "sample_3" : 4.13,
 		"sample_4" : 0, "node_id" : 9},

	"9:263" : {"timestamp" : 1346182610, "air_time" : 0,
 		"sequence" : 263, "fails" : 0,
 		"retries" : 1, "sample_1" : 10.20,
 		"sample_2" : -5.42, "sample_3" : 0.91,
 		"sample_4" : 0, "node_id" : 9},

	"9:264" : {"timestamp" : 1346182611, "air_time" : 2,
 		"sequence" : 264, "fails" : 2,
 		"retries" : 0, "sample_1" : 10.36,
 		"sample_2" : -3.35, "sample_3" : 0.27,
 		"sample_4" : 0, "node_id" : 9},

	"9:265" : {"timestamp" : 1346182612, "air_time" : 0,
 		"sequence" : 265, "fails" : 2,
 		"retries" : 2, "sample_1" : 8.56,
 		"sample_2" : -2.03, "sample_3" : -2.74,
 		"sample_4" : 0, "node_id" : 9},

	"9:266" : {"timestamp" : 1346182613, "air_time" : 1,
 		"sequence" : 266, "fails" : 1,
 		"retries" : 2, "sample_1" : 6.83,
 		"sample_2" : -1.23, "sample_3" : -2.97,
 		"sample_4" : 0, "node_id" : 9},

	"9:267" : {"timestamp" : 1346182614, "air_time" : 5,
 		"sequence" : 267, "fails" : 3,
 		"retries" : 2, "sample_1" : 6.70,
 		"sample_2" : 0.62, "sample_3" : -5.17,
 		"sample_4" : 0, "node_id" : 9},

	"9:268" : {"timestamp" : 1346182615, "air_time" : 7,
 		"sequence" : 268, "fails" : 0,
 		"retries" : 0, "sample_1" : 4.12,
 		"sample_2" : 2.34, "sample_3" : -6.48,
 		"sample_4" : 0, "node_id" : 9},

	"9:269" : {"timestamp" : 1346182616, "air_time" : 6,
 		"sequence" : 269, "fails" : 2,
 		"retries" : 2, "sample_1" : 3.54,
 		"sample_2" : 4.40, "sample_3" : -6.38,
 		"sample_4" : 0, "node_id" : 9},

	"9:270" : {"timestamp" : 1346182617, "air_time" : 7,
 		"sequence" : 270, "fails" : 1,
 		"retries" : 2, "sample_1" : 1.90,
 		"sample_2" : 6.64, "sample_3" : -8.63,
 		"sample_4" : 0, "node_id" : 9},

	"9:271" : {"timestamp" : 1346182618, "air_time" : 8,
 		"sequence" : 271, "fails" : 0,
 		"retries" : 1, "sample_1" : -1.54,
 		"sample_2" : 6.81, "sample_3" : -9.30,
 		"sample_4" : 0, "node_id" : 9},

	"9:272" : {"timestamp" : 1346182619, "air_time" : 2,
 		"sequence" : 272, "fails" : 0,
 		"retries" : 1, "sample_1" : -1.82,
 		"sample_2" : 8.98, "sample_3" : -9.67,
 		"sample_4" : 0, "node_id" : 9},

	"9:273" : {"timestamp" : 1346182620, "air_time" : 8,
 		"sequence" : 273, "fails" : 0,
 		"retries" : 0, "sample_1" : -4.30,
 		"sample_2" : 8.91, "sample_3" : -9.65,
 		"sample_4" : 0, "node_id" : 9},

	"9:274" : {"timestamp" : 1346182621, "air_time" : 4,
 		"sequence" : 274, "fails" : 2,
 		"retries" : 2, "sample_1" : -6.13,
 		"sample_2" : 10.46, "sample_3" : -8.52,
 		"sample_4" : 0, "node_id" : 9},

	"9:275" : {"timestamp" : 1346182622, "air_time" : 8,
 		"sequence" : 275, "fails" : 1,
 		"retries" : 0, "sample_1" : -7.06,
 		"sample_2" : 11.62, "sample_3" : -8.59,
 		"sample_4" : 0, "node_id" : 9},

	"9:276" : {"timestamp" : 1346182623, "air_time" : 0,
 		"sequence" : 276, "fails" : 2,
 		"retries" : 2, "sample_1" : -7.46,
 		"sample_2" : 11.39, "sample_3" : -6.80,
 		"sample_4" : 0, "node_id" : 9},

	"9:277" : {"timestamp" : 1346182624, "air_time" : 6,
 		"sequence" : 277, "fails" : 1,
 		"retries" : 1, "sample_1" : -7.60,
 		"sample_2" : 10.05, "sample_3" : -6.36,
 		"sample_4" : 0, "node_id" : 9},

	"9:278" : {"timestamp" : 1346182625, "air_time" : 8,
 		"sequence" : 278, "fails" : 0,
 		"retries" : 1, "sample_1" : -8.75,
 		"sample_2" : 10.01, "sample_3" : -3.80,
 		"sample_4" : 0, "node_id" : 9},

	"9:279" : {"timestamp" : 1346182626, "air_time" : 6,
 		"sequence" : 279, "fails" : 1,
 		"retries" : 0, "sample_1" : -9.10,
 		"sample_2" : 8.99, "sample_3" : -3.68,
 		"sample_4" : 0, "node_id" : 9},

	"9:280" : {"timestamp" : 1346182627, "air_time" : 5,
 		"sequence" : 280, "fails" : 0,
 		"retries" : 2, "sample_1" : -8.35,
 		"sample_2" : 9.22, "sample_3" : -0.83,
 		"sample_4" : 0, "node_id" : 9},

	"9:281" : {"timestamp" : 1346182628, "air_time" : 5,
 		"sequence" : 281, "fails" : 2,
 		"retries" : 1, "sample_1" : -9.00,
 		"sample_2" : 7.52, "sample_3" : 1.09,
 		"sample_4" : 0, "node_id" : 9},

	"9:282" : {"timestamp" : 1346182629, "air_time" : 8,
 		"sequence" : 282, "fails" : 2,
 		"retries" : 1, "sample_1" : -7.66,
 		"sample_2" : 6.15, "sample_3" : 2.23,
 		"sample_4" : 0, "node_id" : 9},

	"9:283" : {"timestamp" : 1346182630, "air_time" : 4,
 		"sequence" : 283, "fails" : 2,
 		"retries" : 2, "sample_1" : -7.46,
 		"sample_2" : 4.33, "sample_3" : 4.44,
 		"sample_4" : 0, "node_id" : 9},

	"9:284" : {"timestamp" : 1346182631, "air_time" : 6,
 		"sequence" : 284, "fails" : 3,
 		"retries" : 1, "sample_1" : -5.53,
 		"sample_2" : 2.13, "sample_3" : 5.37,
 		"sample_4" : 0, "node_id" : 9},

	"9:285" : {"timestamp" : 1346182632, "air_time" : 2,
 		"sequence" : 285, "fails" : 1,
 		"retries" : 2, "sample_1" : -4.10,
 		"sample_2" : 1.18, "sample_3" : 7.47,
 		"sample_4" : 0, "node_id" : 9},

	"9:286" : {"timestamp" : 1346182633, "air_time" : 5,
 		"sequence" : 286, "fails" : 2,
 		"retries" : 2, "sample_1" : -2.72,
 		"sample_2" : -0.44, "sample_3" : 7.18,
 		"sample_4" : 0, "node_id" : 9},

	"9:287" : {"timestamp" : 1346182634, "air_time" : 1,
 		"sequence" : 287, "fails" : 3,
 		"retries" : 0, "sample_1" : -1.34,
 		"sample_2" : -2.30, "sample_3" : 8.48,
 		"sample_4" : 0, "node_id" : 9},

	"9:288" : {"timestamp" : 1346182635, "air_time" : 7,
 		"sequence" : 288, "fails" : 3,
 		"retries" : 0, "sample_1" : 0.80,
 		"sample_2" : -4.64, "sample_3" : 10.73,
 		"sample_4" : 0, "node_id" : 9},

	"9:289" : {"timestamp" : 1346182636, "air_time" : 3,
 		"sequence" : 289, "fails" : 3,
 		"retries" : 0, "sample_1" : 3.24,
 		"sample_2" : -6.21, "sample_3" : 11.40,
 		"sample_4" : 0, "node_id" : 9},

	"9:290" : {"timestamp" : 1346182637, "air_time" : 9,
 		"sequence" : 290, "fails" : 2,
 		"retries" : 2, "sample_1" : 3.62,
 		"sample_2" : -7.88, "sample_3" : 10.47,
 		"sample_4" : 0, "node_id" : 9},

	"9:291" : {"timestamp" : 1346182638, "air_time" : 9,
 		"sequence" : 291, "fails" : 3,
 		"retries" : 0, "sample_1" : 5.30,
 		"sample_2" : -8.91, "sample_3" : 11.75,
 		"sample_4" : 0, "node_id" : 9},

	"9:292" : {"timestamp" : 1346182639, "air_time" : 1,
 		"sequence" : 292, "fails" : 3,
 		"retries" : 0, "sample_1" : 8.33,
 		"sample_2" : -7.86, "sample_3" : 11.22,
 		"sample_4" : 0, "node_id" : 9},

	"9:293" : {"timestamp" : 1346182640, "air_time" : 9,
 		"sequence" : 293, "fails" : 2,
 		"retries" : 2, "sample_1" : 9.36,
 		"sample_2" : -9.82, "sample_3" : 10.39,
 		"sample_4" : 0, "node_id" : 9},

	"9:294" : {"timestamp" : 1346182641, "air_time" : 5,
 		"sequence" : 294, "fails" : 1,
 		"retries" : 1, "sample_1" : 9.46,
 		"sample_2" : -8.39, "sample_3" : 9.50,
 		"sample_4" : 0, "node_id" : 9},

	"9:295" : {"timestamp" : 1346182642, "air_time" : 4,
 		"sequence" : 295, "fails" : 0,
 		"retries" : 2, "sample_1" : 9.50,
 		"sample_2" : -8.55, "sample_3" : 7.86,
 		"sample_4" : 0, "node_id" : 9},

	"9:296" : {"timestamp" : 1346182643, "air_time" : 2,
 		"sequence" : 296, "fails" : 2,
 		"retries" : 0, "sample_1" : 10.55,
 		"sample_2" : -8.81, "sample_3" : 6.50,
 		"sample_4" : 0, "node_id" : 9},

	"9:297" : {"timestamp" : 1346182644, "air_time" : 3,
 		"sequence" : 297, "fails" : 2,
 		"retries" : 0, "sample_1" : 11.90,
 		"sample_2" : -8.29, "sample_3" : 5.28,
 		"sample_4" : 0, "node_id" : 9},

	"9:298" : {"timestamp" : 1346182645, "air_time" : 2,
 		"sequence" : 298, "fails" : 2,
 		"retries" : 0, "sample_1" : 10.25,
 		"sample_2" : -7.12, "sample_3" : 3.13,
 		"sample_4" : 0, "node_id" : 9},

	"9:299" : {"timestamp" : 1346182646, "air_time" : 9,
 		"sequence" : 299, "fails" : 0,
 		"retries" : 2, "sample_1" : 10.70,
 		"sample_2" : -5.42, "sample_3" : 2.51,
 		"sample_4" : 0, "node_id" : 9},

	"9:300" : {"timestamp" : 1346182647, "air_time" : 2,
 		"sequence" : 300, "fails" : 2,
 		"retries" : 1, "sample_1" : 9.46,
 		"sample_2" : -4.45, "sample_3" : -0.83,
 		"sample_4" : 0, "node_id" : 9},

	"9:301" : {"timestamp" : 1346182648, "air_time" : 8,
 		"sequence" : 301, "fails" : 0,
 		"retries" : 2, "sample_1" : 7.96,
 		"sample_2" : -1.13, "sample_3" : -2.04,
 		"sample_4" : 0, "node_id" : 9},

	"9:302" : {"timestamp" : 1346182649, "air_time" : 8,
 		"sequence" : 302, "fails" : 0,
 		"retries" : 1, "sample_1" : 7.53,
 		"sample_2" : -0.93, "sample_3" : -3.37,
 		"sample_4" : 0, "node_id" : 9},

	"9:303" : {"timestamp" : 1346182650, "air_time" : 8,
 		"sequence" : 303, "fails" : 0,
 		"retries" : 0, "sample_1" : 6.30,
 		"sample_2" : 1.62, "sample_3" : -4.07,
 		"sample_4" : 0, "node_id" : 9},

	"9:304" : {"timestamp" : 1346182651, "air_time" : 6,
 		"sequence" : 304, "fails" : 2,
 		"retries" : 0, "sample_1" : 5.12,
 		"sample_2" : 2.84, "sample_3" : -5.28,
 		"sample_4" : 0, "node_id" : 9},

	"9:305" : {"timestamp" : 1346182652, "air_time" : 2,
 		"sequence" : 305, "fails" : 3,
 		"retries" : 0, "sample_1" : 3.54,
 		"sample_2" : 5.40, "sample_3" : -7.68,
 		"sample_4" : 0, "node_id" : 9},

	"9:306" : {"timestamp" : 1346182653, "air_time" : 9,
 		"sequence" : 306, "fails" : 3,
 		"retries" : 1, "sample_1" : 1.00,
 		"sample_2" : 6.34, "sample_3" : -7.23,
 		"sample_4" : 0, "node_id" : 9},

	"9:307" : {"timestamp" : 1346182654, "air_time" : 5,
 		"sequence" : 307, "fails" : 1,
 		"retries" : 1, "sample_1" : -1.64,
 		"sample_2" : 7.71, "sample_3" : -9.20,
 		"sample_4" : 0, "node_id" : 9},

	"9:308" : {"timestamp" : 1346182655, "air_time" : 3,
 		"sequence" : 308, "fails" : 3,
 		"retries" : 0, "sample_1" : -2.52,
 		"sample_2" : 8.98, "sample_3" : -8.67,
 		"sample_4" : 0, "node_id" : 9},

	"9:309" : {"timestamp" : 1346182656, "air_time" : 5,
 		"sequence" : 309, "fails" : 3,
 		"retries" : 0, "sample_1" : -4.00,
 		"sample_2" : 9.61, "sample_3" : -9.85,
 		"sample_4" : 0, "node_id" : 9},

	"9:310" : {"timestamp" : 1346182657, "air_time" : 3,
 		"sequence" : 310, "fails" : 2,
 		"retries" : 0, "sample_1" : -4.73,
 		"sample_2" : 10.46, "sample_3" : -8.22,
 		"sample_4" : 0, "node_id" : 9},

	"9:311" : {"timestamp" : 1346182658, "air_time" : 3,
 		"sequence" : 311, "fails" : 1,
 		"retries" : 1, "sample_1" : -6.06,
 		"sample_2" : 11.42, "sample_3" : -8.99,
 		"sample_4" : 0, "node_id" : 9},

	"9:312" : {"timestamp" : 1346182659, "air_time" : 0,
 		"sequence" : 312, "fails" : 2,
 		"retries" : 2, "sample_1" : -8.66,
 		"sample_2" : 10.49, "sample_3" : -6.40,
 		"sample_4" : 0, "node_id" : 9},

	"9:313" : {"timestamp" : 1346182660, "air_time" : 6,
 		"sequence" : 313, "fails" : 1,
 		"retries" : 0, "sample_1" : -8.60,
 		"sample_2" : 10.05, "sample_3" : -6.46,
 		"sample_4" : 0, "node_id" : 9},

	"9:314" : {"timestamp" : 1346182661, "air_time" : 4,
 		"sequence" : 314, "fails" : 3,
 		"retries" : 2, "sample_1" : -7.95,
 		"sample_2" : 9.81, "sample_3" : -4.60,
 		"sample_4" : 0, "node_id" : 9},

	"9:315" : {"timestamp" : 1346182662, "air_time" : 3,
 		"sequence" : 315, "fails" : 1,
 		"retries" : 2, "sample_1" : -9.60,
 		"sample_2" : 8.99, "sample_3" : -2.28,
 		"sample_4" : 0, "node_id" : 9},

	"9:316" : {"timestamp" : 1346182663, "air_time" : 1,
 		"sequence" : 316, "fails" : 0,
 		"retries" : 0, "sample_1" : -9.55,
 		"sample_2" : 9.22, "sample_3" : -2.43,
 		"sample_4" : 0, "node_id" : 9},

	"9:317" : {"timestamp" : 1346182664, "air_time" : 8,
 		"sequence" : 317, "fails" : 1,
 		"retries" : 2, "sample_1" : -7.90,
 		"sample_2" : 7.22, "sample_3" : 0.39,
 		"sample_4" : 0, "node_id" : 9},

	"9:318" : {"timestamp" : 1346182665, "air_time" : 1,
 		"sequence" : 318, "fails" : 2,
 		"retries" : 1, "sample_1" : -7.16,
 		"sample_2" : 4.85, "sample_3" : 2.93,
 		"sample_4" : 0, "node_id" : 9},

	"9:319" : {"timestamp" : 1346182666, "air_time" : 1,
 		"sequence" : 319, "fails" : 2,
 		"retries" : 0, "sample_1" : -7.06,
 		"sample_2" : 4.23, "sample_3" : 4.34,
 		"sample_4" : 0, "node_id" : 9},

	"9:320" : {"timestamp" : 1346182667, "air_time" : 0,
 		"sequence" : 320, "fails" : 0,
 		"retries" : 0, "sample_1" : -5.03,
 		"sample_2" : 1.33, "sample_3" : 5.27,
 		"sample_4" : 0, "node_id" : 9},

	"9:321" : {"timestamp" : 1346182668, "air_time" : 4,
 		"sequence" : 321, "fails" : 2,
 		"retries" : 0, "sample_1" : -3.80,
 		"sample_2" : -0.12, "sample_3" : 6.47,
 		"sample_4" : 0, "node_id" : 9},

	"9:322" : {"timestamp" : 1346182669, "air_time" : 2,
 		"sequence" : 322, "fails" : 2,
 		"retries" : 1, "sample_1" : -3.22,
 		"sample_2" : -1.54, "sample_3" : 8.88,
 		"sample_4" : 0, "node_id" : 9},

	"9:323" : {"timestamp" : 1346182670, "air_time" : 7,
 		"sequence" : 323, "fails" : 1,
 		"retries" : 0, "sample_1" : -0.84,
 		"sample_2" : -2.00, "sample_3" : 8.58,
 		"sample_4" : 0, "node_id" : 9},

	"9:324" : {"timestamp" : 1346182671, "air_time" : 3,
 		"sequence" : 324, "fails" : 3,
 		"retries" : 0, "sample_1" : 1.60,
 		"sample_2" : -5.14, "sample_3" : 10.83,
 		"sample_4" : 0, "node_id" : 9},

	"9:325" : {"timestamp" : 1346182672, "air_time" : 0,
 		"sequence" : 325, "fails" : 2,
 		"retries" : 1, "sample_1" : 3.24,
 		"sample_2" : -5.51, "sample_3" : 10.30,
 		"sample_4" : 0, "node_id" : 9},

	"9:326" : {"timestamp" : 1346182673, "air_time" : 1,
 		"sequence" : 326, "fails" : 3,
 		"retries" : 2, "sample_1" : 4.92,
 		"sample_2" : -6.28, "sample_3" : 10.57,
 		"sample_4" : 0, "node_id" : 9},

	"9:327" : {"timestamp" : 1346182674, "air_time" : 5,
 		"sequence" : 327, "fails" : 2,
 		"retries" : 1, "sample_1" : 5.00,
 		"sample_2" : -8.11, "sample_3" : 11.85,
 		"sample_4" : 0, "node_id" : 9},

	"9:328" : {"timestamp" : 1346182675, "air_time" : 4,
 		"sequence" : 328, "fails" : 2,
 		"retries" : 0, "sample_1" : 7.93,
 		"sample_2" : -8.26, "sample_3" : 11.12,
 		"sample_4" : 0, "node_id" : 9},

	"9:329" : {"timestamp" : 1346182676, "air_time" : 3,
 		"sequence" : 329, "fails" : 3,
 		"retries" : 2, "sample_1" : 8.26,
 		"sample_2" : -8.52, "sample_3" : 9.49,
 		"sample_4" : 0, "node_id" : 9},

	"9:330" : {"timestamp" : 1346182677, "air_time" : 9,
 		"sequence" : 330, "fails" : 3,
 		"retries" : 1, "sample_1" : 8.66,
 		"sample_2" : -9.99, "sample_3" : 8.60,
 		"sample_4" : 0, "node_id" : 9},

	"9:331" : {"timestamp" : 1346182678, "air_time" : 4,
 		"sequence" : 331, "fails" : 2,
 		"retries" : 1, "sample_1" : 10.90,
 		"sample_2" : -9.45, "sample_3" : 7.56,
 		"sample_4" : 0, "node_id" : 9},

	"9:332" : {"timestamp" : 1346182679, "air_time" : 3,
 		"sequence" : 332, "fails" : 3,
 		"retries" : 1, "sample_1" : 11.65,
 		"sample_2" : -7.41, "sample_3" : 6.40,
 		"sample_4" : 0, "node_id" : 9},

	"9:333" : {"timestamp" : 1346182680, "air_time" : 2,
 		"sequence" : 333, "fails" : 3,
 		"retries" : 0, "sample_1" : 11.70,
 		"sample_2" : -6.59, "sample_3" : 5.18,
 		"sample_4" : 0, "node_id" : 9},

	"9:334" : {"timestamp" : 1346182681, "air_time" : 0,
 		"sequence" : 334, "fails" : 2,
 		"retries" : 0, "sample_1" : 11.45,
 		"sample_2" : -7.22, "sample_3" : 3.53,
 		"sample_4" : 0, "node_id" : 9},

	"9:335" : {"timestamp" : 1346182682, "air_time" : 9,
 		"sequence" : 335, "fails" : 0,
 		"retries" : 0, "sample_1" : 10.60,
 		"sample_2" : -5.72, "sample_3" : 2.51,
 		"sample_4" : 0, "node_id" : 9},

	"9:336" : {"timestamp" : 1346182683, "air_time" : 1,
 		"sequence" : 336, "fails" : 2,
 		"retries" : 0, "sample_1" : 9.56,
 		"sample_2" : -3.95, "sample_3" : -0.23,
 		"sample_4" : 0, "node_id" : 9},

	"9:337" : {"timestamp" : 1346182684, "air_time" : 4,
 		"sequence" : 337, "fails" : 0,
 		"retries" : 2, "sample_1" : 8.36,
 		"sample_2" : -1.63, "sample_3" : -1.84,
 		"sample_4" : 0, "node_id" : 9},

	"9:338" : {"timestamp" : 1346182685, "air_time" : 2,
 		"sequence" : 338, "fails" : 3,
 		"retries" : 1, "sample_1" : 7.33,
 		"sample_2" : 0.47, "sample_3" : -4.07,
 		"sample_4" : 0, "node_id" : 9},

	"9:339" : {"timestamp" : 1346182686, "air_time" : 6,
 		"sequence" : 339, "fails" : 0,
 		"retries" : 1, "sample_1" : 6.10,
 		"sample_2" : 2.12, "sample_3" : -4.87,
 		"sample_4" : 0, "node_id" : 9},

	"9:340" : {"timestamp" : 1346182687, "air_time" : 3,
 		"sequence" : 340, "fails" : 3,
 		"retries" : 1, "sample_1" : 4.52,
 		"sample_2" : 3.14, "sample_3" : -6.58,
 		"sample_4" : 0, "node_id" : 9},

	"9:341" : {"timestamp" : 1346182688, "air_time" : 1,
 		"sequence" : 341, "fails" : 1,
 		"retries" : 2, "sample_1" : 2.24,
 		"sample_2" : 5.60, "sample_3" : -8.08,
 		"sample_4" : 0, "node_id" : 9},

	"9:342" : {"timestamp" : 1346182689, "air_time" : 0,
 		"sequence" : 342, "fails" : 1,
 		"retries" : 1, "sample_1" : 1.10,
 		"sample_2" : 6.84, "sample_3" : -8.13,
 		"sample_4" : 0, "node_id" : 9},

	"9:343" : {"timestamp" : 1346182690, "air_time" : 1,
 		"sequence" : 343, "fails" : 2,
 		"retries" : 0, "sample_1" : -1.24,
 		"sample_2" : 7.01, "sample_3" : -9.20,
 		"sample_4" : 0, "node_id" : 9},

	"9:344" : {"timestamp" : 1346182691, "air_time" : 9,
 		"sequence" : 344, "fails" : 2,
 		"retries" : 2, "sample_1" : -3.42,
 		"sample_2" : 7.98, "sample_3" : -9.67,
 		"sample_4" : 0, "node_id" : 9},

	"9:345" : {"timestamp" : 1346182692, "air_time" : 3,
 		"sequence" : 345, "fails" : 1,
 		"retries" : 2, "sample_1" : -4.00,
 		"sample_2" : 9.11, "sample_3" : -9.15,
 		"sample_4" : 0, "node_id" : 9},

	"9:346" : {"timestamp" : 1346182693, "air_time" : 1,
 		"sequence" : 346, "fails" : 2,
 		"retries" : 2, "sample_1" : -6.43,
 		"sample_2" : 10.66, "sample_3" : -8.92,
 		"sample_4" : 0, "node_id" : 9},

	"9:347" : {"timestamp" : 1346182694, "air_time" : 8,
 		"sequence" : 347, "fails" : 0,
 		"retries" : 2, "sample_1" : -6.26,
 		"sample_2" : 10.12, "sample_3" : -8.49,
 		"sample_4" : 0, "node_id" : 9},

	"9:348" : {"timestamp" : 1346182695, "air_time" : 0,
 		"sequence" : 348, "fails" : 3,
 		"retries" : 2, "sample_1" : -7.26,
 		"sample_2" : 10.99, "sample_3" : -7.50,
 		"sample_4" : 0, "node_id" : 9},

	"9:349" : {"timestamp" : 1346182696, "air_time" : 6,
 		"sequence" : 349, "fails" : 1,
 		"retries" : 0, "sample_1" : -8.40,
 		"sample_2" : 10.35, "sample_3" : -6.26,
 		"sample_4" : 0, "node_id" : 9},

	"9:350" : {"timestamp" : 1346182697, "air_time" : 9,
 		"sequence" : 350, "fails" : 0,
 		"retries" : 0, "sample_1" : -8.35,
 		"sample_2" : 10.71, "sample_3" : -4.70,
 		"sample_4" : 0, "node_id" : 9},

	"9:351" : {"timestamp" : 1346182698, "air_time" : 3,
 		"sequence" : 351, "fails" : 3,
 		"retries" : 0, "sample_1" : -9.00,
 		"sample_2" : 9.09, "sample_3" : -3.58,
 		"sample_4" : 0, "node_id" : 9},

	"9:352" : {"timestamp" : 1346182699, "air_time" : 9,
 		"sequence" : 352, "fails" : 0,
 		"retries" : 2, "sample_1" : -9.25,
 		"sample_2" : 8.82, "sample_3" : -1.83,
 		"sample_4" : 0, "node_id" : 9},

	"9:353" : {"timestamp" : 1346182700, "air_time" : 9,
 		"sequence" : 353, "fails" : 2,
 		"retries" : 1, "sample_1" : -8.00,
 		"sample_2" : 7.42, "sample_3" : -0.51,
 		"sample_4" : 0, "node_id" : 9},

	"9:354" : {"timestamp" : 1346182701, "air_time" : 9,
 		"sequence" : 354, "fails" : 0,
 		"retries" : 0, "sample_1" : -7.36,
 		"sample_2" : 6.35, "sample_3" : 2.33,
 		"sample_4" : 0, "node_id" : 9},

	"9:355" : {"timestamp" : 1346182702, "air_time" : 9,
 		"sequence" : 355, "fails" : 1,
 		"retries" : 1, "sample_1" : -7.56,
 		"sample_2" : 3.33, "sample_3" : 3.64,
 		"sample_4" : 0, "node_id" : 9},

	"9:356" : {"timestamp" : 1346182703, "air_time" : 0,
 		"sequence" : 356, "fails" : 1,
 		"retries" : 1, "sample_1" : -6.13,
 		"sample_2" : 2.43, "sample_3" : 4.97,
 		"sample_4" : 0, "node_id" : 9},

	"9:357" : {"timestamp" : 1346182704, "air_time" : 4,
 		"sequence" : 357, "fails" : 3,
 		"retries" : 0, "sample_1" : -4.40,
 		"sample_2" : 0.58, "sample_3" : 6.47,
 		"sample_4" : 0, "node_id" : 9},

	"9:358" : {"timestamp" : 1346182705, "air_time" : 7,
 		"sequence" : 358, "fails" : 3,
 		"retries" : 0, "sample_1" : -3.32,
 		"sample_2" : -0.94, "sample_3" : 8.88,
 		"sample_4" : 0, "node_id" : 9},

	"9:359" : {"timestamp" : 1346182706, "air_time" : 8,
 		"sequence" : 359, "fails" : 0,
 		"retries" : 1, "sample_1" : -0.14,
 		"sample_2" : -3.60, "sample_3" : 8.58,
 		"sample_4" : 0, "node_id" : 9},

	"9:360" : {"timestamp" : 1346182707, "air_time" : 3,
 		"sequence" : 360, "fails" : 1,
 		"retries" : 1, "sample_1" : 0.70,
 		"sample_2" : -5.04, "sample_3" : 10.33,
 		"sample_4" : 0, "node_id" : 9},

	"9:361" : {"timestamp" : 1346182708, "air_time" : 9,
 		"sequence" : 361, "fails" : 2,
 		"retries" : 1, "sample_1" : 2.24,
 		"sample_2" : -5.31, "sample_3" : 10.80,
 		"sample_4" : 0, "node_id" : 9},

	"9:362" : {"timestamp" : 1346182709, "air_time" : 5,
 		"sequence" : 362, "fails" : 3,
 		"retries" : 1, "sample_1" : 4.72,
 		"sample_2" : -6.48, "sample_3" : 10.77,
 		"sample_4" : 0, "node_id" : 9},

	"9:363" : {"timestamp" : 1346182710, "air_time" : 2,
 		"sequence" : 363, "fails" : 2,
 		"retries" : 2, "sample_1" : 6.80,
 		"sample_2" : -8.11, "sample_3" : 11.85,
 		"sample_4" : 0, "node_id" : 9},

	"9:364" : {"timestamp" : 1346182711, "air_time" : 7,
 		"sequence" : 364, "fails" : 3,
 		"retries" : 2, "sample_1" : 7.93,
 		"sample_2" : -9.16, "sample_3" : 9.72,
 		"sample_4" : 0, "node_id" : 9},

	"9:365" : {"timestamp" : 1346182712, "air_time" : 0,
 		"sequence" : 365, "fails" : 2,
 		"retries" : 1, "sample_1" : 7.96,
 		"sample_2" : -9.52, "sample_3" : 9.39,
 		"sample_4" : 0, "node_id" : 9},

	"9:366" : {"timestamp" : 1346182713, "air_time" : 5,
 		"sequence" : 366, "fails" : 2,
 		"retries" : 1, "sample_1" : 10.56,
 		"sample_2" : -8.29, "sample_3" : 9.20,
 		"sample_4" : 0, "node_id" : 9},

	"9:367" : {"timestamp" : 1346182714, "air_time" : 2,
 		"sequence" : 367, "fails" : 0,
 		"retries" : 2, "sample_1" : 10.50,
 		"sample_2" : -9.45, "sample_3" : 8.46,
 		"sample_4" : 0, "node_id" : 9},

	"9:368" : {"timestamp" : 1346182715, "air_time" : 4,
 		"sequence" : 368, "fails" : 1,
 		"retries" : 0, "sample_1" : 10.15,
 		"sample_2" : -7.91, "sample_3" : 7.00,
 		"sample_4" : 0, "node_id" : 9},

	"9:369" : {"timestamp" : 1346182716, "air_time" : 6,
 		"sequence" : 369, "fails" : 1,
 		"retries" : 2, "sample_1" : 10.70,
 		"sample_2" : -6.99, "sample_3" : 4.68,
 		"sample_4" : 0, "node_id" : 9},

	"9:370" : {"timestamp" : 1346182717, "air_time" : 5,
 		"sequence" : 370, "fails" : 2,
 		"retries" : 2, "sample_1" : 11.75,
 		"sample_2" : -5.52, "sample_3" : 4.13,
 		"sample_4" : 0, "node_id" : 9},

	"9:371" : {"timestamp" : 1346182718, "air_time" : 5,
 		"sequence" : 371, "fails" : 1,
 		"retries" : 2, "sample_1" : 11.20,
 		"sample_2" : -5.82, "sample_3" : 2.51,
 		"sample_4" : 0, "node_id" : 9},

	"9:372" : {"timestamp" : 1346182719, "air_time" : 9,
 		"sequence" : 372, "fails" : 3,
 		"retries" : 1, "sample_1" : 9.16,
 		"sample_2" : -2.85, "sample_3" : -0.13,
 		"sample_4" : 0, "node_id" : 9},

	"9:373" : {"timestamp" : 1346182720, "air_time" : 9,
 		"sequence" : 373, "fails" : 0,
 		"retries" : 2, "sample_1" : 7.86,
 		"sample_2" : -1.63, "sample_3" : -1.94,
 		"sample_4" : 0, "node_id" : 9},

	"9:374" : {"timestamp" : 1346182721, "air_time" : 2,
 		"sequence" : 374, "fails" : 1,
 		"retries" : 1, "sample_1" : 7.93,
 		"sample_2" : -1.23, "sample_3" : -2.47,
 		"sample_4" : 0, "node_id" : 9},

	"9:375" : {"timestamp" : 1346182722, "air_time" : 5,
 		"sequence" : 375, "fails" : 2,
 		"retries" : 0, "sample_1" : 6.00,
 		"sample_2" : 0.62, "sample_3" : -4.57,
 		"sample_4" : 0, "node_id" : 9},

	"9:376" : {"timestamp" : 1346182723, "air_time" : 2,
 		"sequence" : 376, "fails" : 0,
 		"retries" : 0, "sample_1" : 4.82,
 		"sample_2" : 3.94, "sample_3" : -6.38,
 		"sample_4" : 0, "node_id" : 9},

	"9:377" : {"timestamp" : 1346182724, "air_time" : 0,
 		"sequence" : 377, "fails" : 1,
 		"retries" : 0, "sample_1" : 2.94,
 		"sample_2" : 4.40, "sample_3" : -6.48,
 		"sample_4" : 0, "node_id" : 9},

	"9:378" : {"timestamp" : 1346182725, "air_time" : 3,
 		"sequence" : 378, "fails" : 3,
 		"retries" : 0, "sample_1" : 0.40,
 		"sample_2" : 5.54, "sample_3" : -8.93,
 		"sample_4" : 0, "node_id" : 9},

	"9:379" : {"timestamp" : 1346182726, "air_time" : 6,
 		"sequence" : 379, "fails" : 1,
 		"retries" : 2, "sample_1" : -1.14,
 		"sample_2" : 6.91, "sample_3" : -9.20,
 		"sample_4" : 0, "node_id" : 9},

	"9:380" : {"timestamp" : 1346182727, "air_time" : 4,
 		"sequence" : 380, "fails" : 3,
 		"retries" : 1, "sample_1" : -2.42,
 		"sample_2" : 9.38, "sample_3" : -8.77,
 		"sample_4" : 0, "node_id" : 9},

	"9:381" : {"timestamp" : 1346182728, "air_time" : 3,
 		"sequence" : 381, "fails" : 2,
 		"retries" : 1, "sample_1" : -3.70,
 		"sample_2" : 10.51, "sample_3" : -9.15,
 		"sample_4" : 0, "node_id" : 9},

	"9:382" : {"timestamp" : 1346182729, "air_time" : 4,
 		"sequence" : 382, "fails" : 2,
 		"retries" : 1, "sample_1" : -4.73,
 		"sample_2" : 11.16, "sample_3" : -9.42,
 		"sample_4" : 0, "node_id" : 9},

	"9:383" : {"timestamp" : 1346182730, "air_time" : 7,
 		"sequence" : 383, "fails" : 1,
 		"retries" : 2, "sample_1" : -6.66,
 		"sample_2" : 10.42, "sample_3" : -7.19,
 		"sample_4" : 0, "node_id" : 9},

	"9:384" : {"timestamp" : 1346182731, "air_time" : 7,
 		"sequence" : 384, "fails" : 1,
 		"retries" : 2, "sample_1" : -7.26,
 		"sample_2" : 10.69, "sample_3" : -7.50,
 		"sample_4" : 0, "node_id" : 9},

	"9:385" : {"timestamp" : 1346182732, "air_time" : 3,
 		"sequence" : 385, "fails" : 3,
 		"retries" : 0, "sample_1" : -8.70,
 		"sample_2" : 11.05, "sample_3" : -5.16,
 		"sample_4" : 0, "node_id" : 9},

	"9:386" : {"timestamp" : 1346182733, "air_time" : 6,
 		"sequence" : 386, "fails" : 3,
 		"retries" : 1, "sample_1" : -8.35,
 		"sample_2" : 9.51, "sample_3" : -4.30,
 		"sample_4" : 0, "node_id" : 9},

	"9:387" : {"timestamp" : 1346182734, "air_time" : 1,
 		"sequence" : 387, "fails" : 0,
 		"retries" : 1, "sample_1" : -8.80,
 		"sample_2" : 9.09, "sample_3" : -2.68,
 		"sample_4" : 0, "node_id" : 9},

	"9:388" : {"timestamp" : 1346182735, "air_time" : 9,
 		"sequence" : 388, "fails" : 1,
 		"retries" : 2, "sample_1" : -8.75,
 		"sample_2" : 8.82, "sample_3" : -2.33,
 		"sample_4" : 0, "node_id" : 9},

	"9:389" : {"timestamp" : 1346182736, "air_time" : 8,
 		"sequence" : 389, "fails" : 1,
 		"retries" : 1, "sample_1" : -7.50,
 		"sample_2" : 7.32, "sample_3" : 0.19,
 		"sample_4" : 0, "node_id" : 9},

	"9:390" : {"timestamp" : 1346182737, "air_time" : 6,
 		"sequence" : 390, "fails" : 0,
 		"retries" : 1, "sample_1" : -7.86,
 		"sample_2" : 5.75, "sample_3" : 1.23,
 		"sample_4" : 0, "node_id" : 9},

	"9:391" : {"timestamp" : 1346182738, "air_time" : 8,
 		"sequence" : 391, "fails" : 0,
 		"retries" : 2, "sample_1" : -6.46,
 		"sample_2" : 3.03, "sample_3" : 4.24,
 		"sample_4" : 0, "node_id" : 9},

	"9:392" : {"timestamp" : 1346182739, "air_time" : 1,
 		"sequence" : 392, "fails" : 1,
 		"retries" : 1, "sample_1" : -6.33,
 		"sample_2" : 1.23, "sample_3" : 4.47,
 		"sample_4" : 0, "node_id" : 9},

	"9:393" : {"timestamp" : 1346182740, "air_time" : 1,
 		"sequence" : 393, "fails" : 2,
 		"retries" : 2, "sample_1" : -4.00,
 		"sample_2" : 0.18, "sample_3" : 7.57,
 		"sample_4" : 0, "node_id" : 9},

	"9:394" : {"timestamp" : 1346182741, "air_time" : 2,
 		"sequence" : 394, "fails" : 2,
 		"retries" : 1, "sample_1" : -1.92,
 		"sample_2" : -0.94, "sample_3" : 8.28,
 		"sample_4" : 0, "node_id" : 9},

	"9:395" : {"timestamp" : 1346182742, "air_time" : 3,
 		"sequence" : 395, "fails" : 2,
 		"retries" : 1, "sample_1" : -1.74,
 		"sample_2" : -2.80, "sample_3" : 8.78,
 		"sample_4" : 0, "node_id" : 9},

	"9:396" : {"timestamp" : 1346182743, "air_time" : 3,
 		"sequence" : 396, "fails" : 2,
 		"retries" : 0, "sample_1" : 1.70,
 		"sample_2" : -4.64, "sample_3" : 10.23,
 		"sample_4" : 0, "node_id" : 9},

	"9:397" : {"timestamp" : 1346182744, "air_time" : 9,
 		"sequence" : 397, "fails" : 2,
 		"retries" : 0, "sample_1" : 3.54,
 		"sample_2" : -5.01, "sample_3" : 9.70,
 		"sample_4" : 0, "node_id" : 9},

	"9:398" : {"timestamp" : 1346182745, "air_time" : 0,
 		"sequence" : 398, "fails" : 2,
 		"retries" : 1, "sample_1" : 3.72,
 		"sample_2" : -6.88, "sample_3" : 9.97,
 		"sample_4" : 0, "node_id" : 9},

	"9:399" : {"timestamp" : 1346182746, "air_time" : 6,
 		"sequence" : 399, "fails" : 3,
 		"retries" : 1, "sample_1" : 5.30,
 		"sample_2" : -7.91, "sample_3" : 11.45,
 		"sample_4" : 0, "node_id" : 9},

	"9:400" : {"timestamp" : 1346182747, "air_time" : 3,
 		"sequence" : 400, "fails" : 2,
 		"retries" : 1, "sample_1" : 7.83,
 		"sample_2" : -7.96, "sample_3" : 10.52,
 		"sample_4" : 0, "node_id" : 9},

	"9:401" : {"timestamp" : 1346182748, "air_time" : 2,
 		"sequence" : 401, "fails" : 1,
 		"retries" : 2, "sample_1" : 9.26,
 		"sample_2" : -9.52, "sample_3" : 10.69,
 		"sample_4" : 0, "node_id" : 9},

	"9:402" : {"timestamp" : 1346182749, "air_time" : 6,
 		"sequence" : 402, "fails" : 3,
 		"retries" : 1, "sample_1" : 10.06,
 		"sample_2" : -8.39, "sample_3" : 9.00,
 		"sample_4" : 0, "node_id" : 9},

	"9:403" : {"timestamp" : 1346182750, "air_time" : 9,
 		"sequence" : 403, "fails" : 2,
 		"retries" : 0, "sample_1" : 10.40,
 		"sample_2" : -8.65, "sample_3" : 7.06,
 		"sample_4" : 0, "node_id" : 9},

	"9:404" : {"timestamp" : 1346182751, "air_time" : 9,
 		"sequence" : 404, "fails" : 3,
 		"retries" : 1, "sample_1" : 11.15,
 		"sample_2" : -8.91, "sample_3" : 6.90,
 		"sample_4" : 0, "node_id" : 9},

	"9:405" : {"timestamp" : 1346182752, "air_time" : 3,
 		"sequence" : 405, "fails" : 2,
 		"retries" : 1, "sample_1" : 10.10,
 		"sample_2" : -6.99, "sample_3" : 5.68,
 		"sample_4" : 0, "node_id" : 9},

	"9:406" : {"timestamp" : 1346182753, "air_time" : 7,
 		"sequence" : 406, "fails" : 0,
 		"retries" : 2, "sample_1" : 10.45,
 		"sample_2" : -6.42, "sample_3" : 3.63,
 		"sample_4" : 0, "node_id" : 9},

	"9:407" : {"timestamp" : 1346182754, "air_time" : 5,
 		"sequence" : 407, "fails" : 1,
 		"retries" : 2, "sample_1" : 10.20,
 		"sample_2" : -4.62, "sample_3" : 2.01,
 		"sample_4" : 0, "node_id" : 9},

	"9:408" : {"timestamp" : 1346182755, "air_time" : 5,
 		"sequence" : 408, "fails" : 0,
 		"retries" : 2, "sample_1" : 9.26,
 		"sample_2" : -4.15, "sample_3" : 0.37,
 		"sample_4" : 0, "node_id" : 9},

	"9:409" : {"timestamp" : 1346182756, "air_time" : 8,
 		"sequence" : 409, "fails" : 1,
 		"retries" : 0, "sample_1" : 7.96,
 		"sample_2" : -2.73, "sample_3" : -1.64,
 		"sample_4" : 0, "node_id" : 9},

	"9:410" : {"timestamp" : 1346182757, "air_time" : 7,
 		"sequence" : 410, "fails" : 2,
 		"retries" : 2, "sample_1" : 7.23,
 		"sample_2" : 0.67, "sample_3" : -4.27,
 		"sample_4" : 0, "node_id" : 9},

	"9:411" : {"timestamp" : 1346182758, "air_time" : 3,
 		"sequence" : 411, "fails" : 2,
 		"retries" : 1, "sample_1" : 5.00,
 		"sample_2" : 1.52, "sample_3" : -4.07,
 		"sample_4" : 0, "node_id" : 9},

	"9:412" : {"timestamp" : 1346182759, "air_time" : 9,
 		"sequence" : 412, "fails" : 2,
 		"retries" : 2, "sample_1" : 4.72,
 		"sample_2" : 2.44, "sample_3" : -6.68,
 		"sample_4" : 0, "node_id" : 9},

	"9:413" : {"timestamp" : 1346182760, "air_time" : 2,
 		"sequence" : 413, "fails" : 0,
 		"retries" : 0, "sample_1" : 1.74,
 		"sample_2" : 4.90, "sample_3" : -8.08,
 		"sample_4" : 0, "node_id" : 9},

	"9:414" : {"timestamp" : 1346182761, "air_time" : 2,
 		"sequence" : 414, "fails" : 3,
 		"retries" : 2, "sample_1" : 0.60,
 		"sample_2" : 6.94, "sample_3" : -8.63,
 		"sample_4" : 0, "node_id" : 9},

	"9:415" : {"timestamp" : 1346182762, "air_time" : 1,
 		"sequence" : 415, "fails" : 2,
 		"retries" : 2, "sample_1" : -0.34,
 		"sample_2" : 7.71, "sample_3" : -8.10,
 		"sample_4" : 0, "node_id" : 9},

	"9:416" : {"timestamp" : 1346182763, "air_time" : 4,
 		"sequence" : 416, "fails" : 2,
 		"retries" : 2, "sample_1" : -1.52,
 		"sample_2" : 8.58, "sample_3" : -8.57,
 		"sample_4" : 0, "node_id" : 9},

	"9:417" : {"timestamp" : 1346182764, "air_time" : 3,
 		"sequence" : 417, "fails" : 3,
 		"retries" : 0, "sample_1" : -4.40,
 		"sample_2" : 9.31, "sample_3" : -8.35,
 		"sample_4" : 0, "node_id" : 9},

	"9:418" : {"timestamp" : 1346182765, "air_time" : 6,
 		"sequence" : 418, "fails" : 3,
 		"retries" : 2, "sample_1" : -4.93,
 		"sample_2" : 10.46, "sample_3" : -8.22,
 		"sample_4" : 0, "node_id" : 9},

	"9:419" : {"timestamp" : 1346182766, "air_time" : 7,
 		"sequence" : 419, "fails" : 1,
 		"retries" : 0, "sample_1" : -6.06,
 		"sample_2" : 9.92, "sample_3" : -7.99,
 		"sample_4" : 0, "node_id" : 9},

	"9:420" : {"timestamp" : 1346182767, "air_time" : 8,
 		"sequence" : 420, "fails" : 2,
 		"retries" : 2, "sample_1" : -8.56,
 		"sample_2" : 11.39, "sample_3" : -7.80,
 		"sample_4" : 0, "node_id" : 9},

	"9:421" : {"timestamp" : 1346182768, "air_time" : 6,
 		"sequence" : 421, "fails" : 2,
 		"retries" : 1, "sample_1" : -8.70,
 		"sample_2" : 11.15, "sample_3" : -6.66,
 		"sample_4" : 0, "node_id" : 9},

	"9:422" : {"timestamp" : 1346182769, "air_time" : 2,
 		"sequence" : 422, "fails" : 0,
 		"retries" : 1, "sample_1" : -9.55,
 		"sample_2" : 9.81, "sample_3" : -5.00,
 		"sample_4" : 0, "node_id" : 9},

	"9:423" : {"timestamp" : 1346182770, "air_time" : 1,
 		"sequence" : 423, "fails" : 1,
 		"retries" : 2, "sample_1" : -9.50,
 		"sample_2" : 8.99, "sample_3" : -2.68,
 		"sample_4" : 0, "node_id" : 9},

	"9:424" : {"timestamp" : 1346182771, "air_time" : 8,
 		"sequence" : 424, "fails" : 2,
 		"retries" : 0, "sample_1" : -9.05,
 		"sample_2" : 8.82, "sample_3" : -0.63,
 		"sample_4" : 0, "node_id" : 9},

	"9:425" : {"timestamp" : 1346182772, "air_time" : 8,
 		"sequence" : 425, "fails" : 1,
 		"retries" : 1, "sample_1" : -8.60,
 		"sample_2" : 7.62, "sample_3" : 0.79,
 		"sample_4" : 0, "node_id" : 9},

	"9:426" : {"timestamp" : 1346182773, "air_time" : 7,
 		"sequence" : 426, "fails" : 0,
 		"retries" : 0, "sample_1" : -8.46,
 		"sample_2" : 6.35, "sample_3" : 1.13,
 		"sample_4" : 0, "node_id" : 9},

	"9:427" : {"timestamp" : 1346182774, "air_time" : 1,
 		"sequence" : 427, "fails" : 3,
 		"retries" : 0, "sample_1" : -7.36,
 		"sample_2" : 4.23, "sample_3" : 2.74,
 		"sample_4" : 0, "node_id" : 9},

	"9:428" : {"timestamp" : 1346182775, "air_time" : 7,
 		"sequence" : 428, "fails" : 3,
 		"retries" : 0, "sample_1" : -6.13,
 		"sample_2" : 2.73, "sample_3" : 6.07,
 		"sample_4" : 0, "node_id" : 9},

	"9:429" : {"timestamp" : 1346182776, "air_time" : 3,
 		"sequence" : 429, "fails" : 1,
 		"retries" : 1, "sample_1" : -3.10,
 		"sample_2" : 0.58, "sample_3" : 6.07,
 		"sample_4" : 0, "node_id" : 9},

	"9:430" : {"timestamp" : 1346182777, "air_time" : 5,
 		"sequence" : 430, "fails" : 2,
 		"retries" : 1, "sample_1" : -2.82,
 		"sample_2" : -1.94, "sample_3" : 8.28,
 		"sample_4" : 0, "node_id" : 9},

	"9:431" : {"timestamp" : 1346182778, "air_time" : 9,
 		"sequence" : 431, "fails" : 1,
 		"retries" : 0, "sample_1" : -0.84,
 		"sample_2" : -3.90, "sample_3" : 9.68,
 		"sample_4" : 0, "node_id" : 9},

	"9:432" : {"timestamp" : 1346182779, "air_time" : 3,
 		"sequence" : 432, "fails" : 3,
 		"retries" : 2, "sample_1" : 0.70,
 		"sample_2" : -4.04, "sample_3" : 10.63,
 		"sample_4" : 0, "node_id" : 9},

	"9:433" : {"timestamp" : 1346182780, "air_time" : 0,
 		"sequence" : 433, "fails" : 2,
 		"retries" : 0, "sample_1" : 3.54,
 		"sample_2" : -6.61, "sample_3" : 9.80,
 		"sample_4" : 0, "node_id" : 9},

	"9:434" : {"timestamp" : 1346182781, "air_time" : 2,
 		"sequence" : 434, "fails" : 1,
 		"retries" : 0, "sample_1" : 4.82,
 		"sample_2" : -7.28, "sample_3" : 10.87,
 		"sample_4" : 0, "node_id" : 9},

	"9:435" : {"timestamp" : 1346182782, "air_time" : 4,
 		"sequence" : 435, "fails" : 1,
 		"retries" : 2, "sample_1" : 5.10,
 		"sample_2" : -8.81, "sample_3" : 9.95,
 		"sample_4" : 0, "node_id" : 9},

	"9:436" : {"timestamp" : 1346182783, "air_time" : 0,
 		"sequence" : 436, "fails" : 1,
 		"retries" : 1, "sample_1" : 7.23,
 		"sample_2" : -8.56, "sample_3" : 9.82,
 		"sample_4" : 0, "node_id" : 9},

	"9:437" : {"timestamp" : 1346182784, "air_time" : 2,
 		"sequence" : 437, "fails" : 3,
 		"retries" : 0, "sample_1" : 8.16,
 		"sample_2" : -8.12, "sample_3" : 10.19,
 		"sample_4" : 0, "node_id" : 9},

	"9:438" : {"timestamp" : 1346182785, "air_time" : 6,
 		"sequence" : 438, "fails" : 0,
 		"retries" : 2, "sample_1" : 9.36,
 		"sample_2" : -8.49, "sample_3" : 8.90,
 		"sample_4" : 0, "node_id" : 9},

	"9:439" : {"timestamp" : 1346182786, "air_time" : 6,
 		"sequence" : 439, "fails" : 3,
 		"retries" : 2, "sample_1" : 10.70,
 		"sample_2" : -8.15, "sample_3" : 7.76,
 		"sample_4" : 0, "node_id" : 9},

	"9:440" : {"timestamp" : 1346182787, "air_time" : 4,
 		"sequence" : 440, "fails" : 2,
 		"retries" : 0, "sample_1" : 10.05,
 		"sample_2" : -7.31, "sample_3" : 7.40,
 		"sample_4" : 0, "node_id" : 9},

	"9:441" : {"timestamp" : 1346182788, "air_time" : 8,
 		"sequence" : 441, "fails" : 1,
 		"retries" : 2, "sample_1" : 10.30,
 		"sample_2" : -6.79, "sample_3" : 4.08,
 		"sample_4" : 0, "node_id" : 9},

	"9:442" : {"timestamp" : 1346182789, "air_time" : 8,
 		"sequence" : 442, "fails" : 0,
 		"retries" : 0, "sample_1" : 11.65,
 		"sample_2" : -5.52, "sample_3" : 3.13,
 		"sample_4" : 0, "node_id" : 9},

	"9:443" : {"timestamp" : 1346182790, "air_time" : 6,
 		"sequence" : 443, "fails" : 2,
 		"retries" : 2, "sample_1" : 10.40,
 		"sample_2" : -4.42, "sample_3" : 2.41,
 		"sample_4" : 0, "node_id" : 9},

	"9:444" : {"timestamp" : 1346182791, "air_time" : 8,
 		"sequence" : 444, "fails" : 3,
 		"retries" : 2, "sample_1" : 9.46,
 		"sample_2" : -3.55, "sample_3" : -0.33,
 		"sample_4" : 0, "node_id" : 9},

	"9:445" : {"timestamp" : 1346182792, "air_time" : 9,
 		"sequence" : 445, "fails" : 1,
 		"retries" : 1, "sample_1" : 7.96,
 		"sample_2" : -2.03, "sample_3" : -2.64,
 		"sample_4" : 0, "node_id" : 9},

	"9:446" : {"timestamp" : 1346182793, "air_time" : 9,
 		"sequence" : 446, "fails" : 1,
 		"retries" : 1, "sample_1" : 6.93,
 		"sample_2" : 0.07, "sample_3" : -4.37,
 		"sample_4" : 0, "node_id" : 9},

	"9:447" : {"timestamp" : 1346182794, "air_time" : 6,
 		"sequence" : 447, "fails" : 2,
 		"retries" : 2, "sample_1" : 5.50,
 		"sample_2" : 0.62, "sample_3" : -4.67,
 		"sample_4" : 0, "node_id" : 9},

	"9:448" : {"timestamp" : 1346182795, "air_time" : 5,
 		"sequence" : 448, "fails" : 0,
 		"retries" : 2, "sample_1" : 4.12,
 		"sample_2" : 2.24, "sample_3" : -7.18,
 		"sample_4" : 0, "node_id" : 9},

	"9:449" : {"timestamp" : 1346182796, "air_time" : 9,
 		"sequence" : 449, "fails" : 1,
 		"retries" : 0, "sample_1" : 3.44,
 		"sample_2" : 4.00, "sample_3" : -6.48,
 		"sample_4" : 0, "node_id" : 9},

	"9:450" : {"timestamp" : 1346182797, "air_time" : 7,
 		"sequence" : 450, "fails" : 0,
 		"retries" : 2, "sample_1" : 0.60,
 		"sample_2" : 5.94, "sample_3" : -7.83,
 		"sample_4" : 0, "node_id" : 9},

	"9:451" : {"timestamp" : 1346182798, "air_time" : 9,
 		"sequence" : 451, "fails" : 3,
 		"retries" : 1, "sample_1" : -0.64,
 		"sample_2" : 7.01, "sample_3" : -8.50,
 		"sample_4" : 0, "node_id" : 9},

	"9:452" : {"timestamp" : 1346182799, "air_time" : 8,
 		"sequence" : 452, "fails" : 2,
 		"retries" : 1, "sample_1" : -3.32,
 		"sample_2" : 9.58, "sample_3" : -9.27,
 		"sample_4" : 0, "node_id" : 9},

	"9:453" : {"timestamp" : 1346182800, "air_time" : 1,
 		"sequence" : 453, "fails" : 2,
 		"retries" : 2, "sample_1" : -3.60,
 		"sample_2" : 9.81, "sample_3" : -8.85,
 		"sample_4" : 0, "node_id" : 9},

	"9:454" : {"timestamp" : 1346182801, "air_time" : 3,
 		"sequence" : 454, "fails" : 1,
 		"retries" : 1, "sample_1" : -4.83,
 		"sample_2" : 9.56, "sample_3" : -9.52,
 		"sample_4" : 0, "node_id" : 9},

	"9:455" : {"timestamp" : 1346182802, "air_time" : 9,
 		"sequence" : 455, "fails" : 1,
 		"retries" : 2, "sample_1" : -5.86,
 		"sample_2" : 11.32, "sample_3" : -8.39,
 		"sample_4" : 0, "node_id" : 9},

	"9:456" : {"timestamp" : 1346182803, "air_time" : 5,
 		"sequence" : 456, "fails" : 1,
 		"retries" : 2, "sample_1" : -6.96,
 		"sample_2" : 10.99, "sample_3" : -7.00,
 		"sample_4" : 0, "node_id" : 9},

	"9:457" : {"timestamp" : 1346182804, "air_time" : 4,
 		"sequence" : 457, "fails" : 2,
 		"retries" : 1, "sample_1" : -9.40,
 		"sample_2" : 11.65, "sample_3" : -6.36,
 		"sample_4" : 0, "node_id" : 9},

	"9:458" : {"timestamp" : 1346182805, "air_time" : 7,
 		"sequence" : 458, "fails" : 3,
 		"retries" : 0, "sample_1" : -8.05,
 		"sample_2" : 9.21, "sample_3" : -4.80,
 		"sample_4" : 0, "node_id" : 9},

	"9:459" : {"timestamp" : 1346182806, "air_time" : 5,
 		"sequence" : 459, "fails" : 2,
 		"retries" : 0, "sample_1" : -9.10,
 		"sample_2" : 8.89, "sample_3" : -2.88,
 		"sample_4" : 0, "node_id" : 9},

	"9:460" : {"timestamp" : 1346182807, "air_time" : 4,
 		"sequence" : 460, "fails" : 1,
 		"retries" : 2, "sample_1" : -9.85,
 		"sample_2" : 8.82, "sample_3" : -2.33,
 		"sample_4" : 0, "node_id" : 9},

	"9:461" : {"timestamp" : 1346182808, "air_time" : 1,
 		"sequence" : 461, "fails" : 0,
 		"retries" : 0, "sample_1" : -8.10,
 		"sample_2" : 6.92, "sample_3" : 0.19,
 		"sample_4" : 0, "node_id" : 9},

	"9:462" : {"timestamp" : 1346182809, "air_time" : 1,
 		"sequence" : 462, "fails" : 3,
 		"retries" : 2, "sample_1" : -7.76,
 		"sample_2" : 4.55, "sample_3" : 1.73,
 		"sample_4" : 0, "node_id" : 9},

	"9:463" : {"timestamp" : 1346182810, "air_time" : 3,
 		"sequence" : 463, "fails" : 3,
 		"retries" : 2, "sample_1" : -6.36,
 		"sample_2" : 4.03, "sample_3" : 3.24,
 		"sample_4" : 0, "node_id" : 9},

	"9:464" : {"timestamp" : 1346182811, "air_time" : 4,
 		"sequence" : 464, "fails" : 0,
 		"retries" : 2, "sample_1" : -5.13,
 		"sample_2" : 1.23, "sample_3" : 5.47,
 		"sample_4" : 0, "node_id" : 9},

	"9:465" : {"timestamp" : 1346182812, "air_time" : 9,
 		"sequence" : 465, "fails" : 3,
 		"retries" : 1, "sample_1" : -5.00,
 		"sample_2" : 1.28, "sample_3" : 7.37,
 		"sample_4" : 0, "node_id" : 9},

	"9:466" : {"timestamp" : 1346182813, "air_time" : 3,
 		"sequence" : 466, "fails" : 2,
 		"retries" : 2, "sample_1" : -3.42,
 		"sample_2" : -1.14, "sample_3" : 7.28,
 		"sample_4" : 0, "node_id" : 9},

	"9:467" : {"timestamp" : 1346182814, "air_time" : 7,
 		"sequence" : 467, "fails" : 0,
 		"retries" : 2, "sample_1" : -0.94,
 		"sample_2" : -3.50, "sample_3" : 8.88,
 		"sample_4" : 0, "node_id" : 9},

	"9:468" : {"timestamp" : 1346182815, "air_time" : 8,
 		"sequence" : 468, "fails" : 0,
 		"retries" : 1, "sample_1" : 0.50,
 		"sample_2" : -5.34, "sample_3" : 9.23,
 		"sample_4" : 0, "node_id" : 9},

	"9:469" : {"timestamp" : 1346182816, "air_time" : 3,
 		"sequence" : 469, "fails" : 0,
 		"retries" : 1, "sample_1" : 2.94,
 		"sample_2" : -6.21, "sample_3" : 10.10,
 		"sample_4" : 0, "node_id" : 9},

	"9:470" : {"timestamp" : 1346182817, "air_time" : 8,
 		"sequence" : 470, "fails" : 3,
 		"retries" : 0, "sample_1" : 4.02,
 		"sample_2" : -6.08, "sample_3" : 10.87,
 		"sample_4" : 0, "node_id" : 9},

	"9:471" : {"timestamp" : 1346182818, "air_time" : 6,
 		"sequence" : 471, "fails" : 3,
 		"retries" : 0, "sample_1" : 6.10,
 		"sample_2" : -7.71, "sample_3" : 9.95,
 		"sample_4" : 0, "node_id" : 9},

	"9:472" : {"timestamp" : 1346182819, "air_time" : 2,
 		"sequence" : 472, "fails" : 3,
 		"retries" : 2, "sample_1" : 7.73,
 		"sample_2" : -9.46, "sample_3" : 11.02,
 		"sample_4" : 0, "node_id" : 9},

	"9:473" : {"timestamp" : 1346182820, "air_time" : 2,
 		"sequence" : 473, "fails" : 0,
 		"retries" : 0, "sample_1" : 9.16,
 		"sample_2" : -9.52, "sample_3" : 9.99,
 		"sample_4" : 0, "node_id" : 9},

	"9:474" : {"timestamp" : 1346182821, "air_time" : 8,
 		"sequence" : 474, "fails" : 0,
 		"retries" : 2, "sample_1" : 10.56,
 		"sample_2" : -8.89, "sample_3" : 8.70,
 		"sample_4" : 0, "node_id" : 9},

	"9:475" : {"timestamp" : 1346182822, "air_time" : 0,
 		"sequence" : 475, "fails" : 1,
 		"retries" : 1, "sample_1" : 10.30,
 		"sample_2" : -7.85, "sample_3" : 8.16,
 		"sample_4" : 0, "node_id" : 9},

	"9:476" : {"timestamp" : 1346182823, "air_time" : 6,
 		"sequence" : 476, "fails" : 1,
 		"retries" : 0, "sample_1" : 10.85,
 		"sample_2" : -8.51, "sample_3" : 6.30,
 		"sample_4" : 0, "node_id" : 9},

	"9:477" : {"timestamp" : 1346182824, "air_time" : 7,
 		"sequence" : 477, "fails" : 2,
 		"retries" : 0, "sample_1" : 10.40,
 		"sample_2" : -6.99, "sample_3" : 4.28,
 		"sample_4" : 0, "node_id" : 9},

	"9:478" : {"timestamp" : 1346182825, "air_time" : 5,
 		"sequence" : 478, "fails" : 1,
 		"retries" : 2, "sample_1" : 11.15,
 		"sample_2" : -5.82, "sample_3" : 4.33,
 		"sample_4" : 0, "node_id" : 9},

	"9:479" : {"timestamp" : 1346182826, "air_time" : 0,
 		"sequence" : 479, "fails" : 3,
 		"retries" : 1, "sample_1" : 11.30,
 		"sample_2" : -6.02, "sample_3" : 2.21,
 		"sample_4" : 0, "node_id" : 9},

	"9:480" : {"timestamp" : 1346182827, "air_time" : 3,
 		"sequence" : 480, "fails" : 2,
 		"retries" : 2, "sample_1" : 8.66,
 		"sample_2" : -4.45, "sample_3" : 0.17,
 		"sample_4" : 0, "node_id" : 9},

	"9:481" : {"timestamp" : 1346182828, "air_time" : 9,
 		"sequence" : 481, "fails" : 3,
 		"retries" : 1, "sample_1" : 7.96,
 		"sample_2" : -2.93, "sample_3" : -2.74,
 		"sample_4" : 0, "node_id" : 9},

	"9:482" : {"timestamp" : 1346182829, "air_time" : 0,
 		"sequence" : 482, "fails" : 3,
 		"retries" : 0, "sample_1" : 7.03,
 		"sample_2" : 0.17, "sample_3" : -3.37,
 		"sample_4" : 0, "node_id" : 9},

	"9:483" : {"timestamp" : 1346182830, "air_time" : 3,
 		"sequence" : 483, "fails" : 2,
 		"retries" : 2, "sample_1" : 5.40,
 		"sample_2" : 1.42, "sample_3" : -4.17,
 		"sample_4" : 0, "node_id" : 9},

	"9:484" : {"timestamp" : 1346182831, "air_time" : 4,
 		"sequence" : 484, "fails" : 1,
 		"retries" : 2, "sample_1" : 3.72,
 		"sample_2" : 3.84, "sample_3" : -5.48,
 		"sample_4" : 0, "node_id" : 9},

	"9:485" : {"timestamp" : 1346182832, "air_time" : 7,
 		"sequence" : 485, "fails" : 0,
 		"retries" : 1, "sample_1" : 3.24,
 		"sample_2" : 4.10, "sample_3" : -7.88,
 		"sample_4" : 0, "node_id" : 9},

	"9:486" : {"timestamp" : 1346182833, "air_time" : 1,
 		"sequence" : 486, "fails" : 1,
 		"retries" : 1, "sample_1" : 1.20,
 		"sample_2" : 5.74, "sample_3" : -8.03,
 		"sample_4" : 0, "node_id" : 9},

	"9:487" : {"timestamp" : 1346182834, "air_time" : 2,
 		"sequence" : 487, "fails" : 0,
 		"retries" : 1, "sample_1" : -1.74,
 		"sample_2" : 7.61, "sample_3" : -7.80,
 		"sample_4" : 0, "node_id" : 9},

	"9:488" : {"timestamp" : 1346182835, "air_time" : 1,
 		"sequence" : 488, "fails" : 3,
 		"retries" : 0, "sample_1" : -2.42,
 		"sample_2" : 9.28, "sample_3" : -9.87,
 		"sample_4" : 0, "node_id" : 9},

	"9:489" : {"timestamp" : 1346182836, "air_time" : 6,
 		"sequence" : 489, "fails" : 3,
 		"retries" : 0, "sample_1" : -4.00,
 		"sample_2" : 10.11, "sample_3" : -8.85,
 		"sample_4" : 0, "node_id" : 9},

	"9:490" : {"timestamp" : 1346182837, "air_time" : 7,
 		"sequence" : 490, "fails" : 0,
 		"retries" : 1, "sample_1" : -5.03,
 		"sample_2" : 11.36, "sample_3" : -9.32,
 		"sample_4" : 0, "node_id" : 9},

	"9:491" : {"timestamp" : 1346182838, "air_time" : 8,
 		"sequence" : 491, "fails" : 1,
 		"retries" : 0, "sample_1" : -6.66,
 		"sample_2" : 11.72, "sample_3" : -8.19,
 		"sample_4" : 0, "node_id" : 9},

	"9:492" : {"timestamp" : 1346182839, "air_time" : 0,
 		"sequence" : 492, "fails" : 1,
 		"retries" : 0, "sample_1" : -7.56,
 		"sample_2" : 9.99, "sample_3" : -6.90,
 		"sample_4" : 0, "node_id" : 9},

	"9:493" : {"timestamp" : 1346182840, "air_time" : 7,
 		"sequence" : 493, "fails" : 1,
 		"retries" : 2, "sample_1" : -7.70,
 		"sample_2" : 9.75, "sample_3" : -5.06,
 		"sample_4" : 0, "node_id" : 9},

	"9:494" : {"timestamp" : 1346182841, "air_time" : 0,
 		"sequence" : 494, "fails" : 1,
 		"retries" : 2, "sample_1" : -8.05,
 		"sample_2" : 9.91, "sample_3" : -5.10,
 		"sample_4" : 0, "node_id" : 9},

	"9:495" : {"timestamp" : 1346182842, "air_time" : 0,
 		"sequence" : 495, "fails" : 2,
 		"retries" : 0, "sample_1" : -9.10,
 		"sample_2" : 9.69, "sample_3" : -2.78,
 		"sample_4" : 0, "node_id" : 9},

	"9:496" : {"timestamp" : 1346182843, "air_time" : 1,
 		"sequence" : 496, "fails" : 2,
 		"retries" : 0, "sample_1" : -9.05,
 		"sample_2" : 7.82, "sample_3" : -0.93,
 		"sample_4" : 0, "node_id" : 9},

	"9:497" : {"timestamp" : 1346182844, "air_time" : 7,
 		"sequence" : 497, "fails" : 2,
 		"retries" : 2, "sample_1" : -7.80,
 		"sample_2" : 6.92, "sample_3" : -0.51,
 		"sample_4" : 0, "node_id" : 9},

	"9:498" : {"timestamp" : 1346182845, "air_time" : 8,
 		"sequence" : 498, "fails" : 3,
 		"retries" : 1, "sample_1" : -8.16,
 		"sample_2" : 4.95, "sample_3" : 1.83,
 		"sample_4" : 0, "node_id" : 9},

	"9:499" : {"timestamp" : 1346182846, "air_time" : 4,
 		"sequence" : 499, "fails" : 2,
 		"retries" : 1, "sample_1" : -7.26,
 		"sample_2" : 3.43, "sample_3" : 4.24,
 		"sample_4" : 0, "node_id" : 9},

	"9:500" : {"timestamp" : 1346182847, "air_time" : 7,
 		"sequence" : 500, "fails" : 3,
 		"retries" : 1, "sample_1" : -5.83,
 		"sample_2" : 3.13, "sample_3" : 5.97,
 		"sample_4" : 0, "node_id" : 9},

	"9:501" : {"timestamp" : 1346182848, "air_time" : 3,
 		"sequence" : 501, "fails" : 0,
 		"retries" : 2, "sample_1" : -4.40,
 		"sample_2" : -0.32, "sample_3" : 5.97,
 		"sample_4" : 0, "node_id" : 9},

	"9:502" : {"timestamp" : 1346182849, "air_time" : 9,
 		"sequence" : 502, "fails" : 0,
 		"retries" : 0, "sample_1" : -2.42,
 		"sample_2" : -0.84, "sample_3" : 9.08,
 		"sample_4" : 0, "node_id" : 9},

	"9:503" : {"timestamp" : 1346182850, "air_time" : 5,
 		"sequence" : 503, "fails" : 1,
 		"retries" : 2, "sample_1" : -1.44,
 		"sample_2" : -2.10, "sample_3" : 9.68,
 		"sample_4" : 0, "node_id" : 9},

	"9:504" : {"timestamp" : 1346182851, "air_time" : 6,
 		"sequence" : 504, "fails" : 2,
 		"retries" : 0, "sample_1" : 0.10,
 		"sample_2" : -4.54, "sample_3" : 10.83,
 		"sample_4" : 0, "node_id" : 9},

	"9:505" : {"timestamp" : 1346182852, "air_time" : 8,
 		"sequence" : 505, "fails" : 0,
 		"retries" : 0, "sample_1" : 2.54,
 		"sample_2" : -6.31, "sample_3" : 10.60,
 		"sample_4" : 0, "node_id" : 9},

	"9:506" : {"timestamp" : 1346182853, "air_time" : 6,
 		"sequence" : 506, "fails" : 1,
 		"retries" : 1, "sample_1" : 3.62,
 		"sample_2" : -7.98, "sample_3" : 10.77,
 		"sample_4" : 0, "node_id" : 9},

	"9:507" : {"timestamp" : 1346182854, "air_time" : 8,
 		"sequence" : 507, "fails" : 1,
 		"retries" : 0, "sample_1" : 6.90,
 		"sample_2" : -8.31, "sample_3" : 11.55,
 		"sample_4" : 0, "node_id" : 9},

	"9:508" : {"timestamp" : 1346182855, "air_time" : 6,
 		"sequence" : 508, "fails" : 1,
 		"retries" : 0, "sample_1" : 6.63,
 		"sample_2" : -9.26, "sample_3" : 11.12,
 		"sample_4" : 0, "node_id" : 9},

	"9:509" : {"timestamp" : 1346182856, "air_time" : 1,
 		"sequence" : 509, "fails" : 2,
 		"retries" : 2, "sample_1" : 8.66,
 		"sample_2" : -9.12, "sample_3" : 10.69,
 		"sample_4" : 0, "node_id" : 9},

	"9:510" : {"timestamp" : 1346182857, "air_time" : 0,
 		"sequence" : 510, "fails" : 2,
 		"retries" : 0, "sample_1" : 8.76,
 		"sample_2" : -9.39, "sample_3" : 8.40,
 		"sample_4" : 0, "node_id" : 9},

	"9:511" : {"timestamp" : 1346182858, "air_time" : 7,
 		"sequence" : 511, "fails" : 1,
 		"retries" : 1, "sample_1" : 9.60,
 		"sample_2" : -7.95, "sample_3" : 8.86,
 		"sample_4" : 0, "node_id" : 9},

	"9:512" : {"timestamp" : 1346182859, "air_time" : 4,
 		"sequence" : 512, "fails" : 0,
 		"retries" : 0, "sample_1" : 10.95,
 		"sample_2" : -9.01, "sample_3" : 7.50,
 		"sample_4" : 0, "node_id" : 9},

	"9:513" : {"timestamp" : 1346182860, "air_time" : 8,
 		"sequence" : 513, "fails" : 3,
 		"retries" : 0, "sample_1" : 11.80,
 		"sample_2" : -7.79, "sample_3" : 4.28,
 		"sample_4" : 0, "node_id" : 9},

	"9:514" : {"timestamp" : 1346182861, "air_time" : 4,
 		"sequence" : 514, "fails" : 2,
 		"retries" : 0, "sample_1" : 10.15,
 		"sample_2" : -5.92, "sample_3" : 2.53,
 		"sample_4" : 0, "node_id" : 9},

	"9:515" : {"timestamp" : 1346182862, "air_time" : 3,
 		"sequence" : 515, "fails" : 1,
 		"retries" : 1, "sample_1" : 9.50,
 		"sample_2" : -5.22, "sample_3" : 1.71,
 		"sample_4" : 0, "node_id" : 9},

	"9:516" : {"timestamp" : 1346182863, "air_time" : 1,
 		"sequence" : 516, "fails" : 0,
 		"retries" : 1, "sample_1" : 9.46,
 		"sample_2" : -3.35, "sample_3" : -0.23,
 		"sample_4" : 0, "node_id" : 9},

	"9:517" : {"timestamp" : 1346182864, "air_time" : 0,
 		"sequence" : 517, "fails" : 3,
 		"retries" : 1, "sample_1" : 7.76,
 		"sample_2" : -1.53, "sample_3" : -2.64,
 		"sample_4" : 0, "node_id" : 9},

	"9:518" : {"timestamp" : 1346182865, "air_time" : 8,
 		"sequence" : 518, "fails" : 2,
 		"retries" : 1, "sample_1" : 7.73,
 		"sample_2" : -1.03, "sample_3" : -3.77,
 		"sample_4" : 0, "node_id" : 9},

	"9:519" : {"timestamp" : 1346182866, "air_time" : 7,
 		"sequence" : 519, "fails" : 0,
 		"retries" : 0, "sample_1" : 5.60,
 		"sample_2" : 0.62, "sample_3" : -4.27,
 		"sample_4" : 0, "node_id" : 9},

	"9:520" : {"timestamp" : 1346182867, "air_time" : 0,
 		"sequence" : 520, "fails" : 1,
 		"retries" : 0, "sample_1" : 4.72,
 		"sample_2" : 2.74, "sample_3" : -5.68,
 		"sample_4" : 0, "node_id" : 9},

	"9:521" : {"timestamp" : 1346182868, "air_time" : 5,
 		"sequence" : 521, "fails" : 1,
 		"retries" : 2, "sample_1" : 3.34,
 		"sample_2" : 4.80, "sample_3" : -8.18,
 		"sample_4" : 0, "node_id" : 9},

	"9:522" : {"timestamp" : 1346182869, "air_time" : 1,
 		"sequence" : 522, "fails" : 2,
 		"retries" : 0, "sample_1" : 0.60,
 		"sample_2" : 6.14, "sample_3" : -8.33,
 		"sample_4" : 0, "node_id" : 9},

	"9:523" : {"timestamp" : 1346182870, "air_time" : 9,
 		"sequence" : 523, "fails" : 1,
 		"retries" : 2, "sample_1" : -0.84,
 		"sample_2" : 7.31, "sample_3" : -8.70,
 		"sample_4" : 0, "node_id" : 9},

	"9:524" : {"timestamp" : 1346182871, "air_time" : 1,
 		"sequence" : 524, "fails" : 3,
 		"retries" : 2, "sample_1" : -1.62,
 		"sample_2" : 9.78, "sample_3" : -8.97,
 		"sample_4" : 0, "node_id" : 9},

	"9:525" : {"timestamp" : 1346182872, "air_time" : 4,
 		"sequence" : 525, "fails" : 0,
 		"retries" : 2, "sample_1" : -4.90,
 		"sample_2" : 10.41, "sample_3" : -8.25,
 		"sample_4" : 0, "node_id" : 9},

	"9:526" : {"timestamp" : 1346182873, "air_time" : 5,
 		"sequence" : 526, "fails" : 1,
 		"retries" : 2, "sample_1" : -4.93,
 		"sample_2" : 10.66, "sample_3" : -9.52,
 		"sample_4" : 0, "node_id" : 9},

	"9:527" : {"timestamp" : 1346182874, "air_time" : 7,
 		"sequence" : 527, "fails" : 1,
 		"retries" : 1, "sample_1" : -7.06,
 		"sample_2" : 10.92, "sample_3" : -8.99,
 		"sample_4" : 0, "node_id" : 9},

	"9:528" : {"timestamp" : 1346182875, "air_time" : 5,
 		"sequence" : 528, "fails" : 3,
 		"retries" : 2, "sample_1" : -7.16,
 		"sample_2" : 10.19, "sample_3" : -7.80,
 		"sample_4" : 0, "node_id" : 9},

	"9:529" : {"timestamp" : 1346182876, "air_time" : 3,
 		"sequence" : 529, "fails" : 1,
 		"retries" : 1, "sample_1" : -7.60,
 		"sample_2" : 10.65, "sample_3" : -5.56,
 		"sample_4" : 0, "node_id" : 9},

	"9:530" : {"timestamp" : 1346182877, "air_time" : 1,
 		"sequence" : 530, "fails" : 1,
 		"retries" : 0, "sample_1" : -8.95,
 		"sample_2" : 11.11, "sample_3" : -4.00,
 		"sample_4" : 0, "node_id" : 9},

	"9:531" : {"timestamp" : 1346182878, "air_time" : 7,
 		"sequence" : 531, "fails" : 2,
 		"retries" : 1, "sample_1" : -8.20,
 		"sample_2" : 9.79, "sample_3" : -2.48,
 		"sample_4" : 0, "node_id" : 9},

	"9:532" : {"timestamp" : 1346182879, "air_time" : 3,
 		"sequence" : 532, "fails" : 3,
 		"retries" : 0, "sample_1" : -9.45,
 		"sample_2" : 8.92, "sample_3" : -1.93,
 		"sample_4" : 0, "node_id" : 9},

	"9:533" : {"timestamp" : 1346182880, "air_time" : 1,
 		"sequence" : 533, "fails" : 1,
 		"retries" : 1, "sample_1" : -8.30,
 		"sample_2" : 6.12, "sample_3" : -0.21,
 		"sample_4" : 0, "node_id" : 9},

	"9:534" : {"timestamp" : 1346182881, "air_time" : 4,
 		"sequence" : 534, "fails" : 2,
 		"retries" : 2, "sample_1" : -8.56,
 		"sample_2" : 5.95, "sample_3" : 1.23,
 		"sample_4" : 0, "node_id" : 9},

	"9:535" : {"timestamp" : 1346182882, "air_time" : 7,
 		"sequence" : 535, "fails" : 3,
 		"retries" : 1, "sample_1" : -6.76,
 		"sample_2" : 3.03, "sample_3" : 4.34,
 		"sample_4" : 0, "node_id" : 9},

	"9:536" : {"timestamp" : 1346182883, "air_time" : 4,
 		"sequence" : 536, "fails" : 3,
 		"retries" : 1, "sample_1" : -5.93,
 		"sample_2" : 2.63, "sample_3" : 5.47,
 		"sample_4" : 0, "node_id" : 9},

	"9:537" : {"timestamp" : 1346182884, "air_time" : 7,
 		"sequence" : 537, "fails" : 2,
 		"retries" : 0, "sample_1" : -3.90,
 		"sample_2" : -0.12, "sample_3" : 5.97,
 		"sample_4" : 0, "node_id" : 9},

	"9:538" : {"timestamp" : 1346182885, "air_time" : 5,
 		"sequence" : 538, "fails" : 2,
 		"retries" : 1, "sample_1" : -2.42,
 		"sample_2" : -0.74, "sample_3" : 8.18,
 		"sample_4" : 0, "node_id" : 9},

	"9:539" : {"timestamp" : 1346182886, "air_time" : 1,
 		"sequence" : 539, "fails" : 1,
 		"retries" : 0, "sample_1" : -0.94,
 		"sample_2" : -3.10, "sample_3" : 8.68,
 		"sample_4" : 0, "node_id" : 9},

	"9:540" : {"timestamp" : 1346182887, "air_time" : 3,
 		"sequence" : 540, "fails" : 0,
 		"retries" : 0, "sample_1" : 1.50,
 		"sample_2" : -3.64, "sample_3" : 10.03,
 		"sample_4" : 0, "node_id" : 9},

	"9:541" : {"timestamp" : 1346182888, "air_time" : 7,
 		"sequence" : 541, "fails" : 3,
 		"retries" : 1, "sample_1" : 1.94,
 		"sample_2" : -6.61, "sample_3" : 10.60,
 		"sample_4" : 0, "node_id" : 9},

	"9:542" : {"timestamp" : 1346182889, "air_time" : 1,
 		"sequence" : 542, "fails" : 0,
 		"retries" : 2, "sample_1" : 4.02,
 		"sample_2" : -7.18, "sample_3" : 10.17,
 		"sample_4" : 0, "node_id" : 9},

	"9:543" : {"timestamp" : 1346182890, "air_time" : 6,
 		"sequence" : 543, "fails" : 3,
 		"retries" : 0, "sample_1" : 6.60,
 		"sample_2" : -8.31, "sample_3" : 10.55,
 		"sample_4" : 0, "node_id" : 9},

	"9:544" : {"timestamp" : 1346182891, "air_time" : 5,
 		"sequence" : 544, "fails" : 2,
 		"retries" : 1, "sample_1" : 7.43,
 		"sample_2" : -9.26, "sample_3" : 9.92,
 		"sample_4" : 0, "node_id" : 9},

	"9:545" : {"timestamp" : 1346182892, "air_time" : 1,
 		"sequence" : 545, "fails" : 3,
 		"retries" : 0, "sample_1" : 7.96,
 		"sample_2" : -9.62, "sample_3" : 10.79,
 		"sample_4" : 0, "node_id" : 9},

	"9:546" : {"timestamp" : 1346182893, "air_time" : 8,
 		"sequence" : 546, "fails" : 3,
 		"retries" : 0, "sample_1" : 8.66,
 		"sample_2" : -8.09, "sample_3" : 8.80,
 		"sample_4" : 0, "node_id" : 9},

	"9:547" : {"timestamp" : 1346182894, "air_time" : 5,
 		"sequence" : 547, "fails" : 2,
 		"retries" : 2, "sample_1" : 10.10,
 		"sample_2" : -9.55, "sample_3" : 8.56,
 		"sample_4" : 0, "node_id" : 9},

	"9:548" : {"timestamp" : 1346182895, "air_time" : 2,
 		"sequence" : 548, "fails" : 2,
 		"retries" : 2, "sample_1" : 11.05,
 		"sample_2" : -7.71, "sample_3" : 7.40,
 		"sample_4" : 0, "node_id" : 9},

	"9:549" : {"timestamp" : 1346182896, "air_time" : 1,
 		"sequence" : 549, "fails" : 3,
 		"retries" : 1, "sample_1" : 11.20,
 		"sample_2" : -7.09, "sample_3" : 5.18,
 		"sample_4" : 0, "node_id" : 9},

	"9:550" : {"timestamp" : 1346182897, "air_time" : 8,
 		"sequence" : 550, "fails" : 2,
 		"retries" : 0, "sample_1" : 11.65,
 		"sample_2" : -6.52, "sample_3" : 4.33,
 		"sample_4" : 0, "node_id" : 9},

	"9:551" : {"timestamp" : 1346182898, "air_time" : 4,
 		"sequence" : 551, "fails" : 0,
 		"retries" : 1, "sample_1" : 10.00,
 		"sample_2" : -4.82, "sample_3" : 0.91,
 		"sample_4" : 0, "node_id" : 9},

	"9:552" : {"timestamp" : 1346182899, "air_time" : 6,
 		"sequence" : 552, "fails" : 3,
 		"retries" : 0, "sample_1" : 10.56,
 		"sample_2" : -2.85, "sample_3" : 0.17,
 		"sample_4" : 0, "node_id" : 9},

	"9:553" : {"timestamp" : 1346182900, "air_time" : 4,
 		"sequence" : 553, "fails" : 0,
 		"retries" : 2, "sample_1" : 9.06,
 		"sample_2" : -1.83, "sample_3" : -2.64,
 		"sample_4" : 0, "node_id" : 9},

	"9:554" : {"timestamp" : 1346182901, "air_time" : 1,
 		"sequence" : 554, "fails" : 0,
 		"retries" : 2, "sample_1" : 8.13,
 		"sample_2" : -0.83, "sample_3" : -4.27,
 		"sample_4" : 0, "node_id" : 9},

	"9:555" : {"timestamp" : 1346182902, "air_time" : 5,
 		"sequence" : 555, "fails" : 3,
 		"retries" : 2, "sample_1" : 6.60,
 		"sample_2" : 0.52, "sample_3" : -5.17,
 		"sample_4" : 0, "node_id" : 9},

	"9:556" : {"timestamp" : 1346182903, "air_time" : 3,
 		"sequence" : 556, "fails" : 0,
 		"retries" : 1, "sample_1" : 4.02,
 		"sample_2" : 3.64, "sample_3" : -6.38,
 		"sample_4" : 0, "node_id" : 9},

	"9:557" : {"timestamp" : 1346182904, "air_time" : 0,
 		"sequence" : 557, "fails" : 1,
 		"retries" : 1, "sample_1" : 2.84,
 		"sample_2" : 5.10, "sample_3" : -8.28,
 		"sample_4" : 0, "node_id" : 9},

	"9:558" : {"timestamp" : 1346182905, "air_time" : 8,
 		"sequence" : 558, "fails" : 0,
 		"retries" : 0, "sample_1" : 0.00,
 		"sample_2" : 5.64, "sample_3" : -7.83,
 		"sample_4" : 0, "node_id" : 9},

	"9:559" : {"timestamp" : 1346182906, "air_time" : 1,
 		"sequence" : 559, "fails" : 2,
 		"retries" : 0, "sample_1" : -1.64,
 		"sample_2" : 8.31, "sample_3" : -8.90,
 		"sample_4" : 0, "node_id" : 9},

	"9:560" : {"timestamp" : 1346182907, "air_time" : 6,
 		"sequence" : 560, "fails" : 1,
 		"retries" : 1, "sample_1" : -1.52,
 		"sample_2" : 9.78, "sample_3" : -8.87,
 		"sample_4" : 0, "node_id" : 9},

	"9:561" : {"timestamp" : 1346182908, "air_time" : 5,
 		"sequence" : 561, "fails" : 3,
 		"retries" : 0, "sample_1" : -4.40,
 		"sample_2" : 9.41, "sample_3" : -8.45,
 		"sample_4" : 0, "node_id" : 9},

	"9:562" : {"timestamp" : 1346182909, "air_time" : 5,
 		"sequence" : 562, "fails" : 1,
 		"retries" : 1, "sample_1" : -6.43,
 		"sample_2" : 10.96, "sample_3" : -8.72,
 		"sample_4" : 0, "node_id" : 9},

	"9:563" : {"timestamp" : 1346182910, "air_time" : 0,
 		"sequence" : 563, "fails" : 2,
 		"retries" : 1, "sample_1" : -7.56,
 		"sample_2" : 11.72, "sample_3" : -7.19,
 		"sample_4" : 0, "node_id" : 9},

	"9:564" : {"timestamp" : 1346182911, "air_time" : 3,
 		"sequence" : 564, "fails" : 2,
 		"retries" : 0, "sample_1" : -7.76,
 		"sample_2" : 11.59, "sample_3" : -7.60,
 		"sample_4" : 0, "node_id" : 9},

	"9:565" : {"timestamp" : 1346182912, "air_time" : 9,
 		"sequence" : 565, "fails" : 3,
 		"retries" : 2, "sample_1" : -8.90,
 		"sample_2" : 11.65, "sample_3" : -5.96,
 		"sample_4" : 0, "node_id" : 9},

	"9:566" : {"timestamp" : 1346182913, "air_time" : 4,
 		"sequence" : 566, "fails" : 2,
 		"retries" : 2, "sample_1" : -9.65,
 		"sample_2" : 9.41, "sample_3" : -4.10,
 		"sample_4" : 0, "node_id" : 9},

	"9:567" : {"timestamp" : 1346182914, "air_time" : 0,
 		"sequence" : 567, "fails" : 1,
 		"retries" : 0, "sample_1" : -8.60,
 		"sample_2" : 9.99, "sample_3" : -2.68,
 		"sample_4" : 0, "node_id" : 9},

	"9:568" : {"timestamp" : 1346182915, "air_time" : 7,
 		"sequence" : 568, "fails" : 3,
 		"retries" : 0, "sample_1" : -9.25,
 		"sample_2" : 8.92, "sample_3" : -2.03,
 		"sample_4" : 0, "node_id" : 9},

	"9:569" : {"timestamp" : 1346182916, "air_time" : 7,
 		"sequence" : 569, "fails" : 3,
 		"retries" : 1, "sample_1" : -7.60,
 		"sample_2" : 6.52, "sample_3" : 0.19,
 		"sample_4" : 0, "node_id" : 9},

	"9:570" : {"timestamp" : 1346182917, "air_time" : 7,
 		"sequence" : 570, "fails" : 0,
 		"retries" : 1, "sample_1" : -8.46,
 		"sample_2" : 5.25, "sample_3" : 2.13,
 		"sample_4" : 0, "node_id" : 9},

	"9:571" : {"timestamp" : 1346182918, "air_time" : 0,
 		"sequence" : 571, "fails" : 3,
 		"retries" : 0, "sample_1" : -6.16,
 		"sample_2" : 2.93, "sample_3" : 4.64,
 		"sample_4" : 0, "node_id" : 9},

	"9:572" : {"timestamp" : 1346182919, "air_time" : 2,
 		"sequence" : 572, "fails" : 1,
 		"retries" : 1, "sample_1" : -4.63,
 		"sample_2" : 2.03, "sample_3" : 5.57,
 		"sample_4" : 0, "node_id" : 9},

	"9:573" : {"timestamp" : 1346182920, "air_time" : 7,
 		"sequence" : 573, "fails" : 3,
 		"retries" : 1, "sample_1" : -3.30,
 		"sample_2" : 0.68, "sample_3" : 6.07,
 		"sample_4" : 0, "node_id" : 9},

	"9:574" : {"timestamp" : 1346182921, "air_time" : 6,
 		"sequence" : 574, "fails" : 2,
 		"retries" : 2, "sample_1" : -1.52,
 		"sample_2" : -0.44, "sample_3" : 8.78,
 		"sample_4" : 0, "node_id" : 9},

	"9:575" : {"timestamp" : 1346182922, "air_time" : 3,
 		"sequence" : 575, "fails" : 0,
 		"retries" : 0, "sample_1" : -0.64,
 		"sample_2" : -2.50, "sample_3" : 8.58,
 		"sample_4" : 0, "node_id" : 9},

	"9:576" : {"timestamp" : 1346182923, "air_time" : 9,
 		"sequence" : 576, "fails" : 3,
 		"retries" : 1, "sample_1" : 1.20,
 		"sample_2" : -4.74, "sample_3" : 9.93,
 		"sample_4" : 0, "node_id" : 9},

	"9:577" : {"timestamp" : 1346182924, "air_time" : 3,
 		"sequence" : 577, "fails" : 3,
 		"retries" : 2, "sample_1" : 3.34,
 		"sample_2" : -6.01, "sample_3" : 10.90,
 		"sample_4" : 0, "node_id" : 9},

	"9:578" : {"timestamp" : 1346182925, "air_time" : 3,
 		"sequence" : 578, "fails" : 1,
 		"retries" : 0, "sample_1" : 3.52,
 		"sample_2" : -7.08, "sample_3" : 11.47,
 		"sample_4" : 0, "node_id" : 9},

	"9:579" : {"timestamp" : 1346182926, "air_time" : 2,
 		"sequence" : 579, "fails" : 1,
 		"retries" : 2, "sample_1" : 6.40,
 		"sample_2" : -7.41, "sample_3" : 10.35,
 		"sample_4" : 0, "node_id" : 9},

	"9:580" : {"timestamp" : 1346182927, "air_time" : 0,
 		"sequence" : 580, "fails" : 3,
 		"retries" : 2, "sample_1" : 6.63,
 		"sample_2" : -8.36, "sample_3" : 11.22,
 		"sample_4" : 0, "node_id" : 9},

	"9:581" : {"timestamp" : 1346182928, "air_time" : 5,
 		"sequence" : 581, "fails" : 1,
 		"retries" : 1, "sample_1" : 9.16,
 		"sample_2" : -9.22, "sample_3" : 8.99,
 		"sample_4" : 0, "node_id" : 9},

	"9:582" : {"timestamp" : 1346182929, "air_time" : 5,
 		"sequence" : 582, "fails" : 1,
 		"retries" : 0, "sample_1" : 9.76,
 		"sample_2" : -8.09, "sample_3" : 8.30,
 		"sample_4" : 0, "node_id" : 9},

	"9:583" : {"timestamp" : 1346182930, "air_time" : 7,
 		"sequence" : 583, "fails" : 3,
 		"retries" : 2, "sample_1" : 9.80,
 		"sample_2" : -9.25, "sample_3" : 6.96,
 		"sample_4" : 0, "node_id" : 9},

	"9:584" : {"timestamp" : 1346182931, "air_time" : 0,
 		"sequence" : 584, "fails" : 1,
 		"retries" : 0, "sample_1" : 11.65,
 		"sample_2" : -8.71, "sample_3" : 5.70,
 		"sample_4" : 0, "node_id" : 9},

	"9:585" : {"timestamp" : 1346182932, "air_time" : 3,
 		"sequence" : 585, "fails" : 0,
 		"retries" : 0, "sample_1" : 10.00,
 		"sample_2" : -7.09, "sample_3" : 5.48,
 		"sample_4" : 0, "node_id" : 9},

	"9:586" : {"timestamp" : 1346182933, "air_time" : 2,
 		"sequence" : 586, "fails" : 3,
 		"retries" : 1, "sample_1" : 10.95,
 		"sample_2" : -6.22, "sample_3" : 3.23,
 		"sample_4" : 0, "node_id" : 9},

	"9:587" : {"timestamp" : 1346182934, "air_time" : 5,
 		"sequence" : 587, "fails" : 0,
 		"retries" : 2, "sample_1" : 10.30,
 		"sample_2" : -4.82, "sample_3" : 2.21,
 		"sample_4" : 0, "node_id" : 9},

	"9:588" : {"timestamp" : 1346182935, "air_time" : 5,
 		"sequence" : 588, "fails" : 3,
 		"retries" : 0, "sample_1" : 9.86,
 		"sample_2" : -3.65, "sample_3" : 0.07,
 		"sample_4" : 0, "node_id" : 9},

	"9:589" : {"timestamp" : 1346182936, "air_time" : 4,
 		"sequence" : 589, "fails" : 3,
 		"retries" : 0, "sample_1" : 8.46,
 		"sample_2" : -1.83, "sample_3" : -0.94,
 		"sample_4" : 0, "node_id" : 9},

	"9:590" : {"timestamp" : 1346182937, "air_time" : 7,
 		"sequence" : 590, "fails" : 1,
 		"retries" : 0, "sample_1" : 7.53,
 		"sample_2" : 0.67, "sample_3" : -4.17,
 		"sample_4" : 0, "node_id" : 9},

	"9:591" : {"timestamp" : 1346182938, "air_time" : 7,
 		"sequence" : 591, "fails" : 0,
 		"retries" : 2, "sample_1" : 6.70,
 		"sample_2" : 2.02, "sample_3" : -5.77,
 		"sample_4" : 0, "node_id" : 9},

	"9:592" : {"timestamp" : 1346182939, "air_time" : 5,
 		"sequence" : 592, "fails" : 3,
 		"retries" : 0, "sample_1" : 4.22,
 		"sample_2" : 3.54, "sample_3" : -5.58,
 		"sample_4" : 0, "node_id" : 9},

	"9:593" : {"timestamp" : 1346182940, "air_time" : 5,
 		"sequence" : 593, "fails" : 2,
 		"retries" : 0, "sample_1" : 2.14,
 		"sample_2" : 5.80, "sample_3" : -7.08,
 		"sample_4" : 0, "node_id" : 9},

	"9:594" : {"timestamp" : 1346182941, "air_time" : 4,
 		"sequence" : 594, "fails" : 0,
 		"retries" : 0, "sample_1" : 1.40,
 		"sample_2" : 5.94, "sample_3" : -8.73,
 		"sample_4" : 0, "node_id" : 9},

	"9:595" : {"timestamp" : 1346182942, "air_time" : 2,
 		"sequence" : 595, "fails" : 3,
 		"retries" : 1, "sample_1" : -0.94,
 		"sample_2" : 7.61, "sample_3" : -7.90,
 		"sample_4" : 0, "node_id" : 9},

	"9:596" : {"timestamp" : 1346182943, "air_time" : 3,
 		"sequence" : 596, "fails" : 3,
 		"retries" : 2, "sample_1" : -2.22,
 		"sample_2" : 9.78, "sample_3" : -9.97,
 		"sample_4" : 0, "node_id" : 9},

	"9:597" : {"timestamp" : 1346182944, "air_time" : 3,
 		"sequence" : 597, "fails" : 2,
 		"retries" : 2, "sample_1" : -3.60,
 		"sample_2" : 9.81, "sample_3" : -9.65,
 		"sample_4" : 0, "node_id" : 9},

	"9:598" : {"timestamp" : 1346182945, "air_time" : 0,
 		"sequence" : 598, "fails" : 0,
 		"retries" : 2, "sample_1" : -5.73,
 		"sample_2" : 11.36, "sample_3" : -8.62,
 		"sample_4" : 0, "node_id" : 9},

	"9:599" : {"timestamp" : 1346182946, "air_time" : 4,
 		"sequence" : 599, "fails" : 1,
 		"retries" : 2, "sample_1" : -6.86,
 		"sample_2" : 10.22, "sample_3" : -7.59,
 		"sample_4" : 0, "node_id" : 9},

	"9:600" : {"timestamp" : 1346182947, "air_time" : 4,
 		"sequence" : 600, "fails" : 3,
 		"retries" : 1, "sample_1" : -7.76,
 		"sample_2" : 11.89, "sample_3" : -8.00,
 		"sample_4" : 0, "node_id" : 9},

	"10:1" : {"timestamp" : 1346182348, "air_time" : 3,
 		"sequence" : 1, "fails" : 3,
 		"retries" : 2, "sample_1" : 2.14,
 		"sample_2" : -5.51, "sample_3" : 10.60,
 		"sample_4" : 0, "node_id" : 10},

	"10:2" : {"timestamp" : 1346182349, "air_time" : 5,
 		"sequence" : 2, "fails" : 1,
 		"retries" : 2, "sample_1" : 4.42,
 		"sample_2" : -7.48, "sample_3" : 10.07,
 		"sample_4" : 0, "node_id" : 10},

	"10:3" : {"timestamp" : 1346182350, "air_time" : 2,
 		"sequence" : 3, "fails" : 2,
 		"retries" : 1, "sample_1" : 5.00,
 		"sample_2" : -7.21, "sample_3" : 11.25,
 		"sample_4" : 0, "node_id" : 10},

	"10:4" : {"timestamp" : 1346182351, "air_time" : 2,
 		"sequence" : 4, "fails" : 1,
 		"retries" : 0, "sample_1" : 6.53,
 		"sample_2" : -8.56, "sample_3" : 9.92,
 		"sample_4" : 0, "node_id" : 10},

	"10:5" : {"timestamp" : 1346182352, "air_time" : 8,
 		"sequence" : 5, "fails" : 0,
 		"retries" : 0, "sample_1" : 7.76,
 		"sample_2" : -9.92, "sample_3" : 9.09,
 		"sample_4" : 0, "node_id" : 10},

	"10:6" : {"timestamp" : 1346182353, "air_time" : 8,
 		"sequence" : 6, "fails" : 0,
 		"retries" : 0, "sample_1" : 10.56,
 		"sample_2" : -9.39, "sample_3" : 8.30,
 		"sample_4" : 0, "node_id" : 10},

	"10:7" : {"timestamp" : 1346182354, "air_time" : 4,
 		"sequence" : 7, "fails" : 3,
 		"retries" : 1, "sample_1" : 10.70,
 		"sample_2" : -8.75, "sample_3" : 8.86,
 		"sample_4" : 0, "node_id" : 10},

	"10:8" : {"timestamp" : 1346182355, "air_time" : 5,
 		"sequence" : 8, "fails" : 2,
 		"retries" : 1, "sample_1" : 10.95,
 		"sample_2" : -7.31, "sample_3" : 6.00,
 		"sample_4" : 0, "node_id" : 10},

	"10:9" : {"timestamp" : 1346182356, "air_time" : 3,
 		"sequence" : 9, "fails" : 0,
 		"retries" : 0, "sample_1" : 11.60,
 		"sample_2" : -7.49, "sample_3" : 5.28,
 		"sample_4" : 0, "node_id" : 10},

	"10:10" : {"timestamp" : 1346182357, "air_time" : 9,
 		"sequence" : 10, "fails" : 1,
 		"retries" : 0, "sample_1" : 11.45,
 		"sample_2" : -5.72, "sample_3" : 3.03,
 		"sample_4" : 0, "node_id" : 10},

	"10:11" : {"timestamp" : 1346182358, "air_time" : 0,
 		"sequence" : 11, "fails" : 3,
 		"retries" : 1, "sample_1" : 10.10,
 		"sample_2" : -5.12, "sample_3" : 1.81,
 		"sample_4" : 0, "node_id" : 10},

	"10:12" : {"timestamp" : 1346182359, "air_time" : 5,
 		"sequence" : 12, "fails" : 1,
 		"retries" : 1, "sample_1" : 9.06,
 		"sample_2" : -4.55, "sample_3" : -0.63,
 		"sample_4" : 0, "node_id" : 10},

	"10:13" : {"timestamp" : 1346182360, "air_time" : 2,
 		"sequence" : 13, "fails" : 2,
 		"retries" : 1, "sample_1" : 8.06,
 		"sample_2" : -2.33, "sample_3" : -1.94,
 		"sample_4" : 0, "node_id" : 10},

	"10:14" : {"timestamp" : 1346182361, "air_time" : 9,
 		"sequence" : 14, "fails" : 1,
 		"retries" : 2, "sample_1" : 8.23,
 		"sample_2" : -0.23, "sample_3" : -2.77,
 		"sample_4" : 0, "node_id" : 10},

	"10:15" : {"timestamp" : 1346182362, "air_time" : 4,
 		"sequence" : 15, "fails" : 3,
 		"retries" : 1, "sample_1" : 6.50,
 		"sample_2" : 2.32, "sample_3" : -4.87,
 		"sample_4" : 0, "node_id" : 10},

	"10:16" : {"timestamp" : 1346182363, "air_time" : 9,
 		"sequence" : 16, "fails" : 2,
 		"retries" : 0, "sample_1" : 4.82,
 		"sample_2" : 3.34, "sample_3" : -6.48,
 		"sample_4" : 0, "node_id" : 10},

	"10:17" : {"timestamp" : 1346182364, "air_time" : 7,
 		"sequence" : 17, "fails" : 1,
 		"retries" : 2, "sample_1" : 2.44,
 		"sample_2" : 4.40, "sample_3" : -7.48,
 		"sample_4" : 0, "node_id" : 10},

	"10:18" : {"timestamp" : 1346182365, "air_time" : 3,
 		"sequence" : 18, "fails" : 2,
 		"retries" : 2, "sample_1" : 1.20,
 		"sample_2" : 7.24, "sample_3" : -7.53,
 		"sample_4" : 0, "node_id" : 10},

	"10:19" : {"timestamp" : 1346182366, "air_time" : 3,
 		"sequence" : 19, "fails" : 0,
 		"retries" : 0, "sample_1" : -1.54,
 		"sample_2" : 7.81, "sample_3" : -9.30,
 		"sample_4" : 0, "node_id" : 10},

	"10:20" : {"timestamp" : 1346182367, "air_time" : 0,
 		"sequence" : 20, "fails" : 0,
 		"retries" : 2, "sample_1" : -3.42,
 		"sample_2" : 8.58, "sample_3" : -9.27,
 		"sample_4" : 0, "node_id" : 10},

	"10:21" : {"timestamp" : 1346182368, "air_time" : 0,
 		"sequence" : 21, "fails" : 0,
 		"retries" : 1, "sample_1" : -3.90,
 		"sample_2" : 10.21, "sample_3" : -8.35,
 		"sample_4" : 0, "node_id" : 10},

	"10:22" : {"timestamp" : 1346182369, "air_time" : 3,
 		"sequence" : 22, "fails" : 2,
 		"retries" : 0, "sample_1" : -5.73,
 		"sample_2" : 10.86, "sample_3" : -8.52,
 		"sample_4" : 0, "node_id" : 10},

	"10:23" : {"timestamp" : 1346182370, "air_time" : 3,
 		"sequence" : 23, "fails" : 2,
 		"retries" : 0, "sample_1" : -6.36,
 		"sample_2" : 10.82, "sample_3" : -8.79,
 		"sample_4" : 0, "node_id" : 10},

	"10:24" : {"timestamp" : 1346182371, "air_time" : 9,
 		"sequence" : 24, "fails" : 1,
 		"retries" : 1, "sample_1" : -8.16,
 		"sample_2" : 10.19, "sample_3" : -7.40,
 		"sample_4" : 0, "node_id" : 10},

	"10:25" : {"timestamp" : 1346182372, "air_time" : 6,
 		"sequence" : 25, "fails" : 0,
 		"retries" : 2, "sample_1" : -8.00,
 		"sample_2" : 11.15, "sample_3" : -5.56,
 		"sample_4" : 0, "node_id" : 10},

	"10:26" : {"timestamp" : 1346182373, "air_time" : 9,
 		"sequence" : 26, "fails" : 1,
 		"retries" : 2, "sample_1" : -8.55,
 		"sample_2" : 9.21, "sample_3" : -4.20,
 		"sample_4" : 0, "node_id" : 10},

	"10:27" : {"timestamp" : 1346182374, "air_time" : 2,
 		"sequence" : 27, "fails" : 1,
 		"retries" : 2, "sample_1" : -9.50,
 		"sample_2" : 8.79, "sample_3" : -2.98,
 		"sample_4" : 0, "node_id" : 10},

	"10:28" : {"timestamp" : 1346182375, "air_time" : 3,
 		"sequence" : 28, "fails" : 1,
 		"retries" : 2, "sample_1" : -9.85,
 		"sample_2" : 9.12, "sample_3" : -1.63,
 		"sample_4" : 0, "node_id" : 10},

	"10:29" : {"timestamp" : 1346182376, "air_time" : 1,
 		"sequence" : 29, "fails" : 3,
 		"retries" : 1, "sample_1" : -7.70,
 		"sample_2" : 6.42, "sample_3" : 0.79,
 		"sample_4" : 0, "node_id" : 10},

	"10:30" : {"timestamp" : 1346182377, "air_time" : 3,
 		"sequence" : 30, "fails" : 3,
 		"retries" : 2, "sample_1" : -7.16,
 		"sample_2" : 5.35, "sample_3" : 2.23,
 		"sample_4" : 0, "node_id" : 10},

	"10:31" : {"timestamp" : 1346182378, "air_time" : 4,
 		"sequence" : 31, "fails" : 1,
 		"retries" : 2, "sample_1" : -7.16,
 		"sample_2" : 3.33, "sample_3" : 3.74,
 		"sample_4" : 0, "node_id" : 10},

	"10:32" : {"timestamp" : 1346182379, "air_time" : 2,
 		"sequence" : 32, "fails" : 3,
 		"retries" : 2, "sample_1" : -4.63,
 		"sample_2" : 2.63, "sample_3" : 4.77,
 		"sample_4" : 0, "node_id" : 10},

	"10:33" : {"timestamp" : 1346182380, "air_time" : 6,
 		"sequence" : 33, "fails" : 3,
 		"retries" : 0, "sample_1" : -3.60,
 		"sample_2" : 0.28, "sample_3" : 7.27,
 		"sample_4" : 0, "node_id" : 10},

	"10:34" : {"timestamp" : 1346182381, "air_time" : 0,
 		"sequence" : 34, "fails" : 2,
 		"retries" : 1, "sample_1" : -2.72,
 		"sample_2" : -1.54, "sample_3" : 7.78,
 		"sample_4" : 0, "node_id" : 10},

	"10:35" : {"timestamp" : 1346182382, "air_time" : 4,
 		"sequence" : 35, "fails" : 1,
 		"retries" : 0, "sample_1" : 0.16,
 		"sample_2" : -2.70, "sample_3" : 9.08,
 		"sample_4" : 0, "node_id" : 10},

	"10:36" : {"timestamp" : 1346182383, "air_time" : 5,
 		"sequence" : 36, "fails" : 3,
 		"retries" : 2, "sample_1" : 1.80,
 		"sample_2" : -4.84, "sample_3" : 10.13,
 		"sample_4" : 0, "node_id" : 10},

	"10:37" : {"timestamp" : 1346182384, "air_time" : 3,
 		"sequence" : 37, "fails" : 3,
 		"retries" : 1, "sample_1" : 1.84,
 		"sample_2" : -5.81, "sample_3" : 10.10,
 		"sample_4" : 0, "node_id" : 10},

	"10:38" : {"timestamp" : 1346182385, "air_time" : 1,
 		"sequence" : 38, "fails" : 3,
 		"retries" : 0, "sample_1" : 5.22,
 		"sample_2" : -7.08, "sample_3" : 9.97,
 		"sample_4" : 0, "node_id" : 10},

	"10:39" : {"timestamp" : 1346182386, "air_time" : 6,
 		"sequence" : 39, "fails" : 0,
 		"retries" : 1, "sample_1" : 5.50,
 		"sample_2" : -7.31, "sample_3" : 10.95,
 		"sample_4" : 0, "node_id" : 10},

	"10:40" : {"timestamp" : 1346182387, "air_time" : 9,
 		"sequence" : 40, "fails" : 0,
 		"retries" : 1, "sample_1" : 7.93,
 		"sample_2" : -8.66, "sample_3" : 10.12,
 		"sample_4" : 0, "node_id" : 10},

	"10:41" : {"timestamp" : 1346182388, "air_time" : 2,
 		"sequence" : 41, "fails" : 3,
 		"retries" : 1, "sample_1" : 9.36,
 		"sample_2" : -9.62, "sample_3" : 10.09,
 		"sample_4" : 0, "node_id" : 10},

	"10:42" : {"timestamp" : 1346182389, "air_time" : 8,
 		"sequence" : 42, "fails" : 1,
 		"retries" : 1, "sample_1" : 10.16,
 		"sample_2" : -9.99, "sample_3" : 9.80,
 		"sample_4" : 0, "node_id" : 10},

	"10:43" : {"timestamp" : 1346182390, "air_time" : 1,
 		"sequence" : 43, "fails" : 3,
 		"retries" : 1, "sample_1" : 9.70,
 		"sample_2" : -8.15, "sample_3" : 7.96,
 		"sample_4" : 0, "node_id" : 10},

	"10:44" : {"timestamp" : 1346182391, "air_time" : 6,
 		"sequence" : 44, "fails" : 0,
 		"retries" : 2, "sample_1" : 10.55,
 		"sample_2" : -7.81, "sample_3" : 6.80,
 		"sample_4" : 0, "node_id" : 10},

	"10:45" : {"timestamp" : 1346182392, "air_time" : 5,
 		"sequence" : 45, "fails" : 2,
 		"retries" : 2, "sample_1" : 10.20,
 		"sample_2" : -7.69, "sample_3" : 4.98,
 		"sample_4" : 0, "node_id" : 10},

	"10:46" : {"timestamp" : 1346182393, "air_time" : 9,
 		"sequence" : 46, "fails" : 1,
 		"retries" : 2, "sample_1" : 10.15,
 		"sample_2" : -5.52, "sample_3" : 3.33,
 		"sample_4" : 0, "node_id" : 10},

	"10:47" : {"timestamp" : 1346182394, "air_time" : 0,
 		"sequence" : 47, "fails" : 1,
 		"retries" : 0, "sample_1" : 10.60,
 		"sample_2" : -4.92, "sample_3" : 2.11,
 		"sample_4" : 0, "node_id" : 10},

	"10:48" : {"timestamp" : 1346182395, "air_time" : 6,
 		"sequence" : 48, "fails" : 2,
 		"retries" : 2, "sample_1" : 9.16,
 		"sample_2" : -4.25, "sample_3" : 0.27,
 		"sample_4" : 0, "node_id" : 10},

	"10:49" : {"timestamp" : 1346182396, "air_time" : 0,
 		"sequence" : 49, "fails" : 2,
 		"retries" : 2, "sample_1" : 8.76,
 		"sample_2" : -2.03, "sample_3" : -1.14,
 		"sample_4" : 0, "node_id" : 10},

	"10:50" : {"timestamp" : 1346182397, "air_time" : 4,
 		"sequence" : 50, "fails" : 0,
 		"retries" : 1, "sample_1" : 6.93,
 		"sample_2" : 0.07, "sample_3" : -3.67,
 		"sample_4" : 0, "node_id" : 10},

	"10:51" : {"timestamp" : 1346182398, "air_time" : 9,
 		"sequence" : 51, "fails" : 3,
 		"retries" : 1, "sample_1" : 5.00,
 		"sample_2" : 2.32, "sample_3" : -4.07,
 		"sample_4" : 0, "node_id" : 10},

	"10:52" : {"timestamp" : 1346182399, "air_time" : 3,
 		"sequence" : 52, "fails" : 2,
 		"retries" : 1, "sample_1" : 4.12,
 		"sample_2" : 2.54, "sample_3" : -7.18,
 		"sample_4" : 0, "node_id" : 10},

	"10:53" : {"timestamp" : 1346182400, "air_time" : 2,
 		"sequence" : 53, "fails" : 3,
 		"retries" : 0, "sample_1" : 3.14,
 		"sample_2" : 4.70, "sample_3" : -6.48,
 		"sample_4" : 0, "node_id" : 10},

	"10:54" : {"timestamp" : 1346182401, "air_time" : 5,
 		"sequence" : 54, "fails" : 3,
 		"retries" : 1, "sample_1" : 0.10,
 		"sample_2" : 7.24, "sample_3" : -9.03,
 		"sample_4" : 0, "node_id" : 10},

	"10:55" : {"timestamp" : 1346182402, "air_time" : 3,
 		"sequence" : 55, "fails" : 2,
 		"retries" : 1, "sample_1" : -0.24,
 		"sample_2" : 8.11, "sample_3" : -8.20,
 		"sample_4" : 0, "node_id" : 10},

	"10:56" : {"timestamp" : 1346182403, "air_time" : 9,
 		"sequence" : 56, "fails" : 0,
 		"retries" : 0, "sample_1" : -2.72,
 		"sample_2" : 8.68, "sample_3" : -8.67,
 		"sample_4" : 0, "node_id" : 10},

	"10:57" : {"timestamp" : 1346182404, "air_time" : 0,
 		"sequence" : 57, "fails" : 0,
 		"retries" : 2, "sample_1" : -4.50,
 		"sample_2" : 9.41, "sample_3" : -9.15,
 		"sample_4" : 0, "node_id" : 10},

	"10:58" : {"timestamp" : 1346182405, "air_time" : 7,
 		"sequence" : 58, "fails" : 0,
 		"retries" : 2, "sample_1" : -4.53,
 		"sample_2" : 11.16, "sample_3" : -8.52,
 		"sample_4" : 0, "node_id" : 10},

	"10:59" : {"timestamp" : 1346182406, "air_time" : 5,
 		"sequence" : 59, "fails" : 3,
 		"retries" : 1, "sample_1" : -7.16,
 		"sample_2" : 10.92, "sample_3" : -8.79,
 		"sample_4" : 0, "node_id" : 10},

	"10:60" : {"timestamp" : 1346182407, "air_time" : 2,
 		"sequence" : 60, "fails" : 3,
 		"retries" : 1, "sample_1" : -8.56,
 		"sample_2" : 10.39, "sample_3" : -7.10,
 		"sample_4" : 0, "node_id" : 10},

	"10:61" : {"timestamp" : 1346182408, "air_time" : 1,
 		"sequence" : 61, "fails" : 0,
 		"retries" : 1, "sample_1" : -9.10,
 		"sample_2" : 10.05, "sample_3" : -6.76,
 		"sample_4" : 0, "node_id" : 10},

	"10:62" : {"timestamp" : 1346182409, "air_time" : 6,
 		"sequence" : 62, "fails" : 0,
 		"retries" : 2, "sample_1" : -9.65,
 		"sample_2" : 10.61, "sample_3" : -3.80,
 		"sample_4" : 0, "node_id" : 10},

	"10:63" : {"timestamp" : 1346182410, "air_time" : 5,
 		"sequence" : 63, "fails" : 2,
 		"retries" : 2, "sample_1" : -8.60,
 		"sample_2" : 8.39, "sample_3" : -2.98,
 		"sample_4" : 0, "node_id" : 10},

	"10:64" : {"timestamp" : 1346182411, "air_time" : 6,
 		"sequence" : 64, "fails" : 2,
 		"retries" : 2, "sample_1" : -8.95,
 		"sample_2" : 9.02, "sample_3" : -1.63,
 		"sample_4" : 0, "node_id" : 10},

	"10:65" : {"timestamp" : 1346182412, "air_time" : 2,
 		"sequence" : 65, "fails" : 2,
 		"retries" : 1, "sample_1" : -8.40,
 		"sample_2" : 7.42, "sample_3" : -0.61,
 		"sample_4" : 0, "node_id" : 10},

	"10:66" : {"timestamp" : 1346182413, "air_time" : 6,
 		"sequence" : 66, "fails" : 1,
 		"retries" : 2, "sample_1" : -6.96,
 		"sample_2" : 5.95, "sample_3" : 2.43,
 		"sample_4" : 0, "node_id" : 10},

	"10:67" : {"timestamp" : 1346182414, "air_time" : 0,
 		"sequence" : 67, "fails" : 2,
 		"retries" : 1, "sample_1" : -5.86,
 		"sample_2" : 4.23, "sample_3" : 4.04,
 		"sample_4" : 0, "node_id" : 10},

	"10:68" : {"timestamp" : 1346182415, "air_time" : 5,
 		"sequence" : 68, "fails" : 0,
 		"retries" : 0, "sample_1" : -6.03,
 		"sample_2" : 3.03, "sample_3" : 5.97,
 		"sample_4" : 0, "node_id" : 10},

	"10:69" : {"timestamp" : 1346182416, "air_time" : 0,
 		"sequence" : 69, "fails" : 2,
 		"retries" : 1, "sample_1" : -4.40,
 		"sample_2" : 0.68, "sample_3" : 6.67,
 		"sample_4" : 0, "node_id" : 10},

	"10:70" : {"timestamp" : 1346182417, "air_time" : 3,
 		"sequence" : 70, "fails" : 2,
 		"retries" : 2, "sample_1" : -2.82,
 		"sample_2" : -1.04, "sample_3" : 7.88,
 		"sample_4" : 0, "node_id" : 10},

	"10:71" : {"timestamp" : 1346182418, "air_time" : 5,
 		"sequence" : 71, "fails" : 1,
 		"retries" : 1, "sample_1" : -0.34,
 		"sample_2" : -2.10, "sample_3" : 8.58,
 		"sample_4" : 0, "node_id" : 10},

	"10:72" : {"timestamp" : 1346182419, "air_time" : 9,
 		"sequence" : 72, "fails" : 3,
 		"retries" : 0, "sample_1" : 0.30,
 		"sample_2" : -3.94, "sample_3" : 9.83,
 		"sample_4" : 0, "node_id" : 10},

	"10:73" : {"timestamp" : 1346182420, "air_time" : 8,
 		"sequence" : 73, "fails" : 1,
 		"retries" : 2, "sample_1" : 2.64,
 		"sample_2" : -6.11, "sample_3" : 11.20,
 		"sample_4" : 0, "node_id" : 10},

	"10:74" : {"timestamp" : 1346182421, "air_time" : 6,
 		"sequence" : 74, "fails" : 1,
 		"retries" : 2, "sample_1" : 4.82,
 		"sample_2" : -6.58, "sample_3" : 11.37,
 		"sample_4" : 0, "node_id" : 10},

	"10:75" : {"timestamp" : 1346182422, "air_time" : 6,
 		"sequence" : 75, "fails" : 3,
 		"retries" : 0, "sample_1" : 6.30,
 		"sample_2" : -7.41, "sample_3" : 10.55,
 		"sample_4" : 0, "node_id" : 10},

	"10:76" : {"timestamp" : 1346182423, "air_time" : 6,
 		"sequence" : 76, "fails" : 2,
 		"retries" : 2, "sample_1" : 7.93,
 		"sample_2" : -8.86, "sample_3" : 10.62,
 		"sample_4" : 0, "node_id" : 10},

	"10:77" : {"timestamp" : 1346182424, "air_time" : 2,
 		"sequence" : 77, "fails" : 3,
 		"retries" : 1, "sample_1" : 8.76,
 		"sample_2" : -9.02, "sample_3" : 8.99,
 		"sample_4" : 0, "node_id" : 10},

	"10:78" : {"timestamp" : 1346182425, "air_time" : 6,
 		"sequence" : 78, "fails" : 2,
 		"retries" : 1, "sample_1" : 10.36,
 		"sample_2" : -9.39, "sample_3" : 8.50,
 		"sample_4" : 0, "node_id" : 10},

	"10:79" : {"timestamp" : 1346182426, "air_time" : 6,
 		"sequence" : 79, "fails" : 0,
 		"retries" : 2, "sample_1" : 10.70,
 		"sample_2" : -7.85, "sample_3" : 6.96,
 		"sample_4" : 0, "node_id" : 10},

	"10:80" : {"timestamp" : 1346182427, "air_time" : 9,
 		"sequence" : 80, "fails" : 2,
 		"retries" : 1, "sample_1" : 10.25,
 		"sample_2" : -9.01, "sample_3" : 6.50,
 		"sample_4" : 0, "node_id" : 10},

	"10:81" : {"timestamp" : 1346182428, "air_time" : 7,
 		"sequence" : 81, "fails" : 2,
 		"retries" : 0, "sample_1" : 10.80,
 		"sample_2" : -7.29, "sample_3" : 5.58,
 		"sample_4" : 0, "node_id" : 10},

	"10:82" : {"timestamp" : 1346182429, "air_time" : 3,
 		"sequence" : 82, "fails" : 2,
 		"retries" : 0, "sample_1" : 11.65,
 		"sample_2" : -5.42, "sample_3" : 3.33,
 		"sample_4" : 0, "node_id" : 10},

	"10:83" : {"timestamp" : 1346182430, "air_time" : 9,
 		"sequence" : 83, "fails" : 2,
 		"retries" : 0, "sample_1" : 11.10,
 		"sample_2" : -4.72, "sample_3" : 1.61,
 		"sample_4" : 0, "node_id" : 10},

	"10:84" : {"timestamp" : 1346182431, "air_time" : 6,
 		"sequence" : 84, "fails" : 0,
 		"retries" : 0, "sample_1" : 9.06,
 		"sample_2" : -3.05, "sample_3" : 0.37,
 		"sample_4" : 0, "node_id" : 10},

	"10:85" : {"timestamp" : 1346182432, "air_time" : 2,
 		"sequence" : 85, "fails" : 3,
 		"retries" : 0, "sample_1" : 7.86,
 		"sample_2" : -2.23, "sample_3" : -0.84,
 		"sample_4" : 0, "node_id" : 10},

	"10:86" : {"timestamp" : 1346182433, "air_time" : 1,
 		"sequence" : 86, "fails" : 0,
 		"retries" : 2, "sample_1" : 6.93,
 		"sample_2" : 0.67, "sample_3" : -2.77,
 		"sample_4" : 0, "node_id" : 10},

	"10:87" : {"timestamp" : 1346182434, "air_time" : 8,
 		"sequence" : 87, "fails" : 1,
 		"retries" : 0, "sample_1" : 6.00,
 		"sample_2" : 0.92, "sample_3" : -4.67,
 		"sample_4" : 0, "node_id" : 10},

	"10:88" : {"timestamp" : 1346182435, "air_time" : 9,
 		"sequence" : 88, "fails" : 3,
 		"retries" : 0, "sample_1" : 4.72,
 		"sample_2" : 4.04, "sample_3" : -6.28,
 		"sample_4" : 0, "node_id" : 10},

	"10:89" : {"timestamp" : 1346182436, "air_time" : 2,
 		"sequence" : 89, "fails" : 0,
 		"retries" : 2, "sample_1" : 3.14,
 		"sample_2" : 5.30, "sample_3" : -7.48,
 		"sample_4" : 0, "node_id" : 10},

	"10:90" : {"timestamp" : 1346182437, "air_time" : 4,
 		"sequence" : 90, "fails" : 2,
 		"retries" : 2, "sample_1" : 1.70,
 		"sample_2" : 6.24, "sample_3" : -7.73,
 		"sample_4" : 0, "node_id" : 10},

	"10:91" : {"timestamp" : 1346182438, "air_time" : 3,
 		"sequence" : 91, "fails" : 0,
 		"retries" : 1, "sample_1" : -0.74,
 		"sample_2" : 7.21, "sample_3" : -8.50,
 		"sample_4" : 0, "node_id" : 10},

	"10:92" : {"timestamp" : 1346182439, "air_time" : 4,
 		"sequence" : 92, "fails" : 0,
 		"retries" : 0, "sample_1" : -3.12,
 		"sample_2" : 9.28, "sample_3" : -9.37,
 		"sample_4" : 0, "node_id" : 10},

	"10:93" : {"timestamp" : 1346182440, "air_time" : 8,
 		"sequence" : 93, "fails" : 0,
 		"retries" : 0, "sample_1" : -3.30,
 		"sample_2" : 10.61, "sample_3" : -9.15,
 		"sample_4" : 0, "node_id" : 10},

	"10:94" : {"timestamp" : 1346182441, "air_time" : 9,
 		"sequence" : 94, "fails" : 1,
 		"retries" : 2, "sample_1" : -5.13,
 		"sample_2" : 10.86, "sample_3" : -9.02,
 		"sample_4" : 0, "node_id" : 10},

	"10:95" : {"timestamp" : 1346182442, "air_time" : 3,
 		"sequence" : 95, "fails" : 0,
 		"retries" : 2, "sample_1" : -6.26,
 		"sample_2" : 10.72, "sample_3" : -8.39,
 		"sample_4" : 0, "node_id" : 10},

	"10:96" : {"timestamp" : 1346182443, "air_time" : 9,
 		"sequence" : 96, "fails" : 0,
 		"retries" : 1, "sample_1" : -7.36,
 		"sample_2" : 11.39, "sample_3" : -8.10,
 		"sample_4" : 0, "node_id" : 10},

	"10:97" : {"timestamp" : 1346182444, "air_time" : 1,
 		"sequence" : 97, "fails" : 3,
 		"retries" : 1, "sample_1" : -8.90,
 		"sample_2" : 11.15, "sample_3" : -6.96,
 		"sample_4" : 0, "node_id" : 10},

	"10:98" : {"timestamp" : 1346182445, "air_time" : 7,
 		"sequence" : 98, "fails" : 1,
 		"retries" : 0, "sample_1" : -9.25,
 		"sample_2" : 10.41, "sample_3" : -3.80,
 		"sample_4" : 0, "node_id" : 10},

	"10:99" : {"timestamp" : 1346182446, "air_time" : 0,
 		"sequence" : 99, "fails" : 0,
 		"retries" : 2, "sample_1" : -9.30,
 		"sample_2" : 9.09, "sample_3" : -2.98,
 		"sample_4" : 0, "node_id" : 10},

	"10:100" : {"timestamp" : 1346182447, "air_time" : 6,
 		"sequence" : 100, "fails" : 0,
 		"retries" : 0, "sample_1" : -8.85,
 		"sample_2" : 8.82, "sample_3" : -2.03,
 		"sample_4" : 0, "node_id" : 10},

	"10:101" : {"timestamp" : 1346182448, "air_time" : 9,
 		"sequence" : 101, "fails" : 1,
 		"retries" : 2, "sample_1" : -8.10,
 		"sample_2" : 7.82, "sample_3" : 1.09,
 		"sample_4" : 0, "node_id" : 10},

	"10:102" : {"timestamp" : 1346182449, "air_time" : 6,
 		"sequence" : 102, "fails" : 0,
 		"retries" : 1, "sample_1" : -8.26,
 		"sample_2" : 5.65, "sample_3" : 1.53,
 		"sample_4" : 0, "node_id" : 10},

	"10:103" : {"timestamp" : 1346182450, "air_time" : 8,
 		"sequence" : 103, "fails" : 2,
 		"retries" : 1, "sample_1" : -5.86,
 		"sample_2" : 4.23, "sample_3" : 2.94,
 		"sample_4" : 0, "node_id" : 10},

	"10:104" : {"timestamp" : 1346182451, "air_time" : 5,
 		"sequence" : 104, "fails" : 2,
 		"retries" : 0, "sample_1" : -5.23,
 		"sample_2" : 2.23, "sample_3" : 4.87,
 		"sample_4" : 0, "node_id" : 10},

	"10:105" : {"timestamp" : 1346182452, "air_time" : 8,
 		"sequence" : 105, "fails" : 2,
 		"retries" : 0, "sample_1" : -5.00,
 		"sample_2" : -0.42, "sample_3" : 7.57,
 		"sample_4" : 0, "node_id" : 10},

	"10:106" : {"timestamp" : 1346182453, "air_time" : 9,
 		"sequence" : 106, "fails" : 3,
 		"retries" : 0, "sample_1" : -1.72,
 		"sample_2" : -2.14, "sample_3" : 8.68,
 		"sample_4" : 0, "node_id" : 10},

	"10:107" : {"timestamp" : 1346182454, "air_time" : 6,
 		"sequence" : 107, "fails" : 2,
 		"retries" : 1, "sample_1" : -1.74,
 		"sample_2" : -3.00, "sample_3" : 9.88,
 		"sample_4" : 0, "node_id" : 10},

	"10:108" : {"timestamp" : 1346182455, "air_time" : 7,
 		"sequence" : 108, "fails" : 2,
 		"retries" : 2, "sample_1" : 1.50,
 		"sample_2" : -4.04, "sample_3" : 10.13,
 		"sample_4" : 0, "node_id" : 10},

	"10:109" : {"timestamp" : 1346182456, "air_time" : 8,
 		"sequence" : 109, "fails" : 2,
 		"retries" : 2, "sample_1" : 2.94,
 		"sample_2" : -5.71, "sample_3" : 10.10,
 		"sample_4" : 0, "node_id" : 10},

	"10:110" : {"timestamp" : 1346182457, "air_time" : 2,
 		"sequence" : 110, "fails" : 3,
 		"retries" : 2, "sample_1" : 4.22,
 		"sample_2" : -7.58, "sample_3" : 10.17,
 		"sample_4" : 0, "node_id" : 10},

	"10:111" : {"timestamp" : 1346182458, "air_time" : 8,
 		"sequence" : 111, "fails" : 0,
 		"retries" : 2, "sample_1" : 5.80,
 		"sample_2" : -7.91, "sample_3" : 11.85,
 		"sample_4" : 0, "node_id" : 10},

	"10:112" : {"timestamp" : 1346182459, "air_time" : 9,
 		"sequence" : 112, "fails" : 3,
 		"retries" : 1, "sample_1" : 8.33,
 		"sample_2" : -8.16, "sample_3" : 10.52,
 		"sample_4" : 0, "node_id" : 10},

	"10:113" : {"timestamp" : 1346182460, "air_time" : 9,
 		"sequence" : 113, "fails" : 1,
 		"retries" : 2, "sample_1" : 8.36,
 		"sample_2" : -9.32, "sample_3" : 10.29,
 		"sample_4" : 0, "node_id" : 10},

	"10:114" : {"timestamp" : 1346182461, "air_time" : 3,
 		"sequence" : 114, "fails" : 0,
 		"retries" : 2, "sample_1" : 10.46,
 		"sample_2" : -9.59, "sample_3" : 9.40,
 		"sample_4" : 0, "node_id" : 10},

	"10:115" : {"timestamp" : 1346182462, "air_time" : 8,
 		"sequence" : 115, "fails" : 0,
 		"retries" : 2, "sample_1" : 11.20,
 		"sample_2" : -7.95, "sample_3" : 8.66,
 		"sample_4" : 0, "node_id" : 10},

	"10:116" : {"timestamp" : 1346182463, "air_time" : 8,
 		"sequence" : 116, "fails" : 2,
 		"retries" : 2, "sample_1" : 10.55,
 		"sample_2" : -7.41, "sample_3" : 6.70,
 		"sample_4" : 0, "node_id" : 10},

	"10:117" : {"timestamp" : 1346182464, "air_time" : 0,
 		"sequence" : 117, "fails" : 0,
 		"retries" : 0, "sample_1" : 11.70,
 		"sample_2" : -7.49, "sample_3" : 5.18,
 		"sample_4" : 0, "node_id" : 10},

	"10:118" : {"timestamp" : 1346182465, "air_time" : 7,
 		"sequence" : 118, "fails" : 0,
 		"retries" : 0, "sample_1" : 10.65,
 		"sample_2" : -6.72, "sample_3" : 4.23,
 		"sample_4" : 0, "node_id" : 10},

	"10:119" : {"timestamp" : 1346182466, "air_time" : 5,
 		"sequence" : 119, "fails" : 1,
 		"retries" : 2, "sample_1" : 9.40,
 		"sample_2" : -5.72, "sample_3" : 1.61,
 		"sample_4" : 0, "node_id" : 10},

	"10:120" : {"timestamp" : 1346182467, "air_time" : 4,
 		"sequence" : 120, "fails" : 1,
 		"retries" : 0, "sample_1" : 9.26,
 		"sample_2" : -2.65, "sample_3" : -0.73,
 		"sample_4" : 0, "node_id" : 10},

	"10:121" : {"timestamp" : 1346182468, "air_time" : 9,
 		"sequence" : 121, "fails" : 2,
 		"retries" : 1, "sample_1" : 9.36,
 		"sample_2" : -1.03, "sample_3" : -1.34,
 		"sample_4" : 0, "node_id" : 10},

	"10:122" : {"timestamp" : 1346182469, "air_time" : 1,
 		"sequence" : 122, "fails" : 3,
 		"retries" : 1, "sample_1" : 7.03,
 		"sample_2" : -0.73, "sample_3" : -3.57,
 		"sample_4" : 0, "node_id" : 10},

	"10:123" : {"timestamp" : 1346182470, "air_time" : 6,
 		"sequence" : 123, "fails" : 2,
 		"retries" : 2, "sample_1" : 5.80,
 		"sample_2" : 1.62, "sample_3" : -5.27,
 		"sample_4" : 0, "node_id" : 10},

	"10:124" : {"timestamp" : 1346182471, "air_time" : 8,
 		"sequence" : 124, "fails" : 2,
 		"retries" : 1, "sample_1" : 4.02,
 		"sample_2" : 3.34, "sample_3" : -6.98,
 		"sample_4" : 0, "node_id" : 10},

	"10:125" : {"timestamp" : 1346182472, "air_time" : 4,
 		"sequence" : 125, "fails" : 1,
 		"retries" : 1, "sample_1" : 3.34,
 		"sample_2" : 5.60, "sample_3" : -7.28,
 		"sample_4" : 0, "node_id" : 10},

	"10:126" : {"timestamp" : 1346182473, "air_time" : 4,
 		"sequence" : 126, "fails" : 1,
 		"retries" : 2, "sample_1" : 1.10,
 		"sample_2" : 5.64, "sample_3" : -8.93,
 		"sample_4" : 0, "node_id" : 10},

	"10:127" : {"timestamp" : 1346182474, "air_time" : 4,
 		"sequence" : 127, "fails" : 0,
 		"retries" : 2, "sample_1" : -0.54,
 		"sample_2" : 8.41, "sample_3" : -8.10,
 		"sample_4" : 0, "node_id" : 10},

	"10:128" : {"timestamp" : 1346182475, "air_time" : 1,
 		"sequence" : 128, "fails" : 3,
 		"retries" : 2, "sample_1" : -3.12,
 		"sample_2" : 8.18, "sample_3" : -9.97,
 		"sample_4" : 0, "node_id" : 10},

	"10:129" : {"timestamp" : 1346182476, "air_time" : 0,
 		"sequence" : 129, "fails" : 3,
 		"retries" : 1, "sample_1" : -4.40,
 		"sample_2" : 9.51, "sample_3" : -9.35,
 		"sample_4" : 0, "node_id" : 10},

	"10:130" : {"timestamp" : 1346182477, "air_time" : 1,
 		"sequence" : 130, "fails" : 3,
 		"retries" : 2, "sample_1" : -6.13,
 		"sample_2" : 10.26, "sample_3" : -8.52,
 		"sample_4" : 0, "node_id" : 10},

	"10:131" : {"timestamp" : 1346182478, "air_time" : 5,
 		"sequence" : 131, "fails" : 1,
 		"retries" : 1, "sample_1" : -5.76,
 		"sample_2" : 10.22, "sample_3" : -8.89,
 		"sample_4" : 0, "node_id" : 10},

	"10:132" : {"timestamp" : 1346182479, "air_time" : 7,
 		"sequence" : 132, "fails" : 3,
 		"retries" : 1, "sample_1" : -7.36,
 		"sample_2" : 9.99, "sample_3" : -7.80,
 		"sample_4" : 0, "node_id" : 10},

	"10:133" : {"timestamp" : 1346182480, "air_time" : 6,
 		"sequence" : 133, "fails" : 2,
 		"retries" : 1, "sample_1" : -8.60,
 		"sample_2" : 10.75, "sample_3" : -5.86,
 		"sample_4" : 0, "node_id" : 10},

	"10:134" : {"timestamp" : 1346182481, "air_time" : 5,
 		"sequence" : 134, "fails" : 3,
 		"retries" : 2, "sample_1" : -8.55,
 		"sample_2" : 9.71, "sample_3" : -5.50,
 		"sample_4" : 0, "node_id" : 10},

	"10:135" : {"timestamp" : 1346182482, "air_time" : 6,
 		"sequence" : 135, "fails" : 0,
 		"retries" : 0, "sample_1" : -9.70,
 		"sample_2" : 10.09, "sample_3" : -2.88,
 		"sample_4" : 0, "node_id" : 10},

	"10:136" : {"timestamp" : 1346182483, "air_time" : 9,
 		"sequence" : 136, "fails" : 2,
 		"retries" : 0, "sample_1" : -8.65,
 		"sample_2" : 8.22, "sample_3" : -1.33,
 		"sample_4" : 0, "node_id" : 10},

	"10:137" : {"timestamp" : 1346182484, "air_time" : 9,
 		"sequence" : 137, "fails" : 0,
 		"retries" : 1, "sample_1" : -7.60,
 		"sample_2" : 6.72, "sample_3" : -0.21,
 		"sample_4" : 0, "node_id" : 10},

	"10:138" : {"timestamp" : 1346182485, "air_time" : 0,
 		"sequence" : 138, "fails" : 2,
 		"retries" : 1, "sample_1" : -8.26,
 		"sample_2" : 6.15, "sample_3" : 2.13,
 		"sample_4" : 0, "node_id" : 10},

	"10:139" : {"timestamp" : 1346182486, "air_time" : 1,
 		"sequence" : 139, "fails" : 0,
 		"retries" : 2, "sample_1" : -6.56,
 		"sample_2" : 3.13, "sample_3" : 3.64,
 		"sample_4" : 0, "node_id" : 10},

	"10:140" : {"timestamp" : 1346182487, "air_time" : 6,
 		"sequence" : 140, "fails" : 2,
 		"retries" : 0, "sample_1" : -4.83,
 		"sample_2" : 2.03, "sample_3" : 5.37,
 		"sample_4" : 0, "node_id" : 10},

	"10:141" : {"timestamp" : 1346182488, "air_time" : 4,
 		"sequence" : 141, "fails" : 3,
 		"retries" : 2, "sample_1" : -4.50,
 		"sample_2" : 0.38, "sample_3" : 6.07,
 		"sample_4" : 0, "node_id" : 10},

	"10:142" : {"timestamp" : 1346182489, "air_time" : 6,
 		"sequence" : 142, "fails" : 0,
 		"retries" : 0, "sample_1" : -1.82,
 		"sample_2" : -1.44, "sample_3" : 7.18,
 		"sample_4" : 0, "node_id" : 10},

	"10:143" : {"timestamp" : 1346182490, "air_time" : 4,
 		"sequence" : 143, "fails" : 0,
 		"retries" : 2, "sample_1" : -0.94,
 		"sample_2" : -3.50, "sample_3" : 9.58,
 		"sample_4" : 0, "node_id" : 10},

	"10:144" : {"timestamp" : 1346182491, "air_time" : 7,
 		"sequence" : 144, "fails" : 2,
 		"retries" : 0, "sample_1" : -0.00,
 		"sample_2" : -5.44, "sample_3" : 10.43,
 		"sample_4" : 0, "node_id" : 10},

	"10:145" : {"timestamp" : 1346182492, "air_time" : 6,
 		"sequence" : 145, "fails" : 3,
 		"retries" : 0, "sample_1" : 3.34,
 		"sample_2" : -5.41, "sample_3" : 10.80,
 		"sample_4" : 0, "node_id" : 10},

	"10:146" : {"timestamp" : 1346182493, "air_time" : 9,
 		"sequence" : 146, "fails" : 2,
 		"retries" : 1, "sample_1" : 3.92,
 		"sample_2" : -7.38, "sample_3" : 11.07,
 		"sample_4" : 0, "node_id" : 10},

	"10:147" : {"timestamp" : 1346182494, "air_time" : 6,
 		"sequence" : 147, "fails" : 1,
 		"retries" : 2, "sample_1" : 6.90,
 		"sample_2" : -7.41, "sample_3" : 10.35,
 		"sample_4" : 0, "node_id" : 10},

	"10:148" : {"timestamp" : 1346182495, "air_time" : 5,
 		"sequence" : 148, "fails" : 2,
 		"retries" : 0, "sample_1" : 7.13,
 		"sample_2" : -8.26, "sample_3" : 10.22,
 		"sample_4" : 0, "node_id" : 10},

	"10:149" : {"timestamp" : 1346182496, "air_time" : 2,
 		"sequence" : 149, "fails" : 0,
 		"retries" : 0, "sample_1" : 8.06,
 		"sample_2" : -8.92, "sample_3" : 9.19,
 		"sample_4" : 0, "node_id" : 10},

	"10:150" : {"timestamp" : 1346182497, "air_time" : 4,
 		"sequence" : 150, "fails" : 0,
 		"retries" : 2, "sample_1" : 9.56,
 		"sample_2" : -9.59, "sample_3" : 9.90,
 		"sample_4" : 0, "node_id" : 10},

	"10:151" : {"timestamp" : 1346182498, "air_time" : 4,
 		"sequence" : 151, "fails" : 1,
 		"retries" : 1, "sample_1" : 11.10,
 		"sample_2" : -8.15, "sample_3" : 8.16,
 		"sample_4" : 0, "node_id" : 10},

	"10:152" : {"timestamp" : 1346182499, "air_time" : 3,
 		"sequence" : 152, "fails" : 2,
 		"retries" : 0, "sample_1" : 11.45,
 		"sample_2" : -7.41, "sample_3" : 7.30,
 		"sample_4" : 0, "node_id" : 10},

	"10:153" : {"timestamp" : 1346182500, "air_time" : 3,
 		"sequence" : 153, "fails" : 1,
 		"retries" : 2, "sample_1" : 11.70,
 		"sample_2" : -8.09, "sample_3" : 5.78,
 		"sample_4" : 0, "node_id" : 10},

	"10:154" : {"timestamp" : 1346182501, "air_time" : 5,
 		"sequence" : 154, "fails" : 0,
 		"retries" : 1, "sample_1" : 10.75,
 		"sample_2" : -5.82, "sample_3" : 2.83,
 		"sample_4" : 0, "node_id" : 10},

	"10:155" : {"timestamp" : 1346182502, "air_time" : 8,
 		"sequence" : 155, "fails" : 1,
 		"retries" : 0, "sample_1" : 10.60,
 		"sample_2" : -5.92, "sample_3" : 2.11,
 		"sample_4" : 0, "node_id" : 10},

	"10:156" : {"timestamp" : 1346182503, "air_time" : 5,
 		"sequence" : 156, "fails" : 1,
 		"retries" : 2, "sample_1" : 9.76,
 		"sample_2" : -3.05, "sample_3" : -0.13,
 		"sample_4" : 0, "node_id" : 10},

	"10:157" : {"timestamp" : 1346182504, "air_time" : 5,
 		"sequence" : 157, "fails" : 1,
 		"retries" : 1, "sample_1" : 8.06,
 		"sample_2" : -1.73, "sample_3" : -1.64,
 		"sample_4" : 0, "node_id" : 10},

	"10:158" : {"timestamp" : 1346182505, "air_time" : 9,
 		"sequence" : 158, "fails" : 0,
 		"retries" : 2, "sample_1" : 8.23,
 		"sample_2" : 0.17, "sample_3" : -3.67,
 		"sample_4" : 0, "node_id" : 10},

	"10:159" : {"timestamp" : 1346182506, "air_time" : 0,
 		"sequence" : 159, "fails" : 1,
 		"retries" : 0, "sample_1" : 5.80,
 		"sample_2" : 2.12, "sample_3" : -4.77,
 		"sample_4" : 0, "node_id" : 10},

	"10:160" : {"timestamp" : 1346182507, "air_time" : 1,
 		"sequence" : 160, "fails" : 0,
 		"retries" : 0, "sample_1" : 4.22,
 		"sample_2" : 2.24, "sample_3" : -6.28,
 		"sample_4" : 0, "node_id" : 10},

	"10:161" : {"timestamp" : 1346182508, "air_time" : 2,
 		"sequence" : 161, "fails" : 2,
 		"retries" : 0, "sample_1" : 2.34,
 		"sample_2" : 4.70, "sample_3" : -7.28,
 		"sample_4" : 0, "node_id" : 10},

	"10:162" : {"timestamp" : 1346182509, "air_time" : 9,
 		"sequence" : 162, "fails" : 3,
 		"retries" : 0, "sample_1" : 0.00,
 		"sample_2" : 5.84, "sample_3" : -8.03,
 		"sample_4" : 0, "node_id" : 10},

	"10:163" : {"timestamp" : 1346182510, "air_time" : 9,
 		"sequence" : 163, "fails" : 1,
 		"retries" : 2, "sample_1" : -0.74,
 		"sample_2" : 6.81, "sample_3" : -9.50,
 		"sample_4" : 0, "node_id" : 10},

	"10:164" : {"timestamp" : 1346182511, "air_time" : 9,
 		"sequence" : 164, "fails" : 0,
 		"retries" : 1, "sample_1" : -1.62,
 		"sample_2" : 9.78, "sample_3" : -8.37,
 		"sample_4" : 0, "node_id" : 10},

	"10:165" : {"timestamp" : 1346182512, "air_time" : 0,
 		"sequence" : 165, "fails" : 3,
 		"retries" : 2, "sample_1" : -4.00,
 		"sample_2" : 10.81, "sample_3" : -8.65,
 		"sample_4" : 0, "node_id" : 10},

	"10:166" : {"timestamp" : 1346182513, "air_time" : 8,
 		"sequence" : 166, "fails" : 1,
 		"retries" : 0, "sample_1" : -6.13,
 		"sample_2" : 10.26, "sample_3" : -9.02,
 		"sample_4" : 0, "node_id" : 10},

	"10:167" : {"timestamp" : 1346182514, "air_time" : 4,
 		"sequence" : 167, "fails" : 0,
 		"retries" : 1, "sample_1" : -5.86,
 		"sample_2" : 10.32, "sample_3" : -8.99,
 		"sample_4" : 0, "node_id" : 10},

	"10:168" : {"timestamp" : 1346182515, "air_time" : 9,
 		"sequence" : 168, "fails" : 0,
 		"retries" : 2, "sample_1" : -8.66,
 		"sample_2" : 10.69, "sample_3" : -6.90,
 		"sample_4" : 0, "node_id" : 10},

	"10:169" : {"timestamp" : 1346182516, "air_time" : 6,
 		"sequence" : 169, "fails" : 3,
 		"retries" : 0, "sample_1" : -8.60,
 		"sample_2" : 10.65, "sample_3" : -6.76,
 		"sample_4" : 0, "node_id" : 10},

	"10:170" : {"timestamp" : 1346182517, "air_time" : 1,
 		"sequence" : 170, "fails" : 2,
 		"retries" : 2, "sample_1" : -9.85,
 		"sample_2" : 10.21, "sample_3" : -4.10,
 		"sample_4" : 0, "node_id" : 10},

	"10:171" : {"timestamp" : 1346182518, "air_time" : 4,
 		"sequence" : 171, "fails" : 0,
 		"retries" : 0, "sample_1" : -8.20,
 		"sample_2" : 8.89, "sample_3" : -3.88,
 		"sample_4" : 0, "node_id" : 10},

	"10:172" : {"timestamp" : 1346182519, "air_time" : 0,
 		"sequence" : 172, "fails" : 2,
 		"retries" : 0, "sample_1" : -8.35,
 		"sample_2" : 7.32, "sample_3" : -1.23,
 		"sample_4" : 0, "node_id" : 10},

	"10:173" : {"timestamp" : 1346182520, "air_time" : 6,
 		"sequence" : 173, "fails" : 0,
 		"retries" : 2, "sample_1" : -7.50,
 		"sample_2" : 6.72, "sample_3" : 0.89,
 		"sample_4" : 0, "node_id" : 10},

	"10:174" : {"timestamp" : 1346182521, "air_time" : 7,
 		"sequence" : 174, "fails" : 1,
 		"retries" : 0, "sample_1" : -8.26,
 		"sample_2" : 6.15, "sample_3" : 2.13,
 		"sample_4" : 0, "node_id" : 10},

	"10:175" : {"timestamp" : 1346182522, "air_time" : 6,
 		"sequence" : 175, "fails" : 3,
 		"retries" : 0, "sample_1" : -6.06,
 		"sample_2" : 3.13, "sample_3" : 4.44,
 		"sample_4" : 0, "node_id" : 10},

	"10:176" : {"timestamp" : 1346182523, "air_time" : 1,
 		"sequence" : 176, "fails" : 1,
 		"retries" : 0, "sample_1" : -5.03,
 		"sample_2" : 2.03, "sample_3" : 4.97,
 		"sample_4" : 0, "node_id" : 10},

	"10:177" : {"timestamp" : 1346182524, "air_time" : 1,
 		"sequence" : 177, "fails" : 0,
 		"retries" : 1, "sample_1" : -3.90,
 		"sample_2" : 0.78, "sample_3" : 6.17,
 		"sample_4" : 0, "node_id" : 10},

	"10:178" : {"timestamp" : 1346182525, "air_time" : 7,
 		"sequence" : 178, "fails" : 3,
 		"retries" : 2, "sample_1" : -2.72,
 		"sample_2" : -2.24, "sample_3" : 7.48,
 		"sample_4" : 0, "node_id" : 10},

	"10:179" : {"timestamp" : 1346182526, "air_time" : 7,
 		"sequence" : 179, "fails" : 1,
 		"retries" : 1, "sample_1" : -0.84,
 		"sample_2" : -3.20, "sample_3" : 8.48,
 		"sample_4" : 0, "node_id" : 10},

	"10:180" : {"timestamp" : 1346182527, "air_time" : 4,
 		"sequence" : 180, "fails" : 0,
 		"retries" : 1, "sample_1" : 1.10,
 		"sample_2" : -3.64, "sample_3" : 10.43,
 		"sample_4" : 0, "node_id" : 10},

	"10:181" : {"timestamp" : 1346182528, "air_time" : 0,
 		"sequence" : 181, "fails" : 2,
 		"retries" : 0, "sample_1" : 2.64,
 		"sample_2" : -5.41, "sample_3" : 11.30,
 		"sample_4" : 0, "node_id" : 10},

	"10:182" : {"timestamp" : 1346182529, "air_time" : 6,
 		"sequence" : 182, "fails" : 3,
 		"retries" : 2, "sample_1" : 3.62,
 		"sample_2" : -7.78, "sample_3" : 11.57,
 		"sample_4" : 0, "node_id" : 10},

	"10:183" : {"timestamp" : 1346182530, "air_time" : 6,
 		"sequence" : 183, "fails" : 1,
 		"retries" : 0, "sample_1" : 6.50,
 		"sample_2" : -8.61, "sample_3" : 11.55,
 		"sample_4" : 0, "node_id" : 10},

	"10:184" : {"timestamp" : 1346182531, "air_time" : 9,
 		"sequence" : 184, "fails" : 2,
 		"retries" : 0, "sample_1" : 7.23,
 		"sample_2" : -8.96, "sample_3" : 11.32,
 		"sample_4" : 0, "node_id" : 10},

	"10:185" : {"timestamp" : 1346182532, "air_time" : 2,
 		"sequence" : 185, "fails" : 2,
 		"retries" : 2, "sample_1" : 9.36,
 		"sample_2" : -8.42, "sample_3" : 9.69,
 		"sample_4" : 0, "node_id" : 10},

	"10:186" : {"timestamp" : 1346182533, "air_time" : 9,
 		"sequence" : 186, "fails" : 0,
 		"retries" : 2, "sample_1" : 10.46,
 		"sample_2" : -8.59, "sample_3" : 8.10,
 		"sample_4" : 0, "node_id" : 10},

	"10:187" : {"timestamp" : 1346182534, "air_time" : 9,
 		"sequence" : 187, "fails" : 3,
 		"retries" : 0, "sample_1" : 9.80,
 		"sample_2" : -9.35, "sample_3" : 8.56,
 		"sample_4" : 0, "node_id" : 10},

	"10:188" : {"timestamp" : 1346182535, "air_time" : 1,
 		"sequence" : 188, "fails" : 3,
 		"retries" : 1, "sample_1" : 10.05,
 		"sample_2" : -8.51, "sample_3" : 7.10,
 		"sample_4" : 0, "node_id" : 10},

	"10:189" : {"timestamp" : 1346182536, "air_time" : 8,
 		"sequence" : 189, "fails" : 3,
 		"retries" : 0, "sample_1" : 11.80,
 		"sample_2" : -7.99, "sample_3" : 5.98,
 		"sample_4" : 0, "node_id" : 10},

	"10:190" : {"timestamp" : 1346182537, "air_time" : 0,
 		"sequence" : 190, "fails" : 1,
 		"retries" : 1, "sample_1" : 9.85,
 		"sample_2" : -6.62, "sample_3" : 3.43,
 		"sample_4" : 0, "node_id" : 10},

	"10:191" : {"timestamp" : 1346182538, "air_time" : 6,
 		"sequence" : 191, "fails" : 3,
 		"retries" : 1, "sample_1" : 9.60,
 		"sample_2" : -5.72, "sample_3" : 1.41,
 		"sample_4" : 0, "node_id" : 10},

	"10:192" : {"timestamp" : 1346182539, "air_time" : 9,
 		"sequence" : 192, "fails" : 3,
 		"retries" : 1, "sample_1" : 8.86,
 		"sample_2" : -3.45, "sample_3" : -0.63,
 		"sample_4" : 0, "node_id" : 10},

	"10:193" : {"timestamp" : 1346182540, "air_time" : 4,
 		"sequence" : 193, "fails" : 1,
 		"retries" : 0, "sample_1" : 7.76,
 		"sample_2" : -2.23, "sample_3" : -1.14,
 		"sample_4" : 0, "node_id" : 10},

	"10:194" : {"timestamp" : 1346182541, "air_time" : 4,
 		"sequence" : 194, "fails" : 3,
 		"retries" : 1, "sample_1" : 7.03,
 		"sample_2" : -0.53, "sample_3" : -2.47,
 		"sample_4" : 0, "node_id" : 10},

	"10:195" : {"timestamp" : 1346182542, "air_time" : 4,
 		"sequence" : 195, "fails" : 2,
 		"retries" : 1, "sample_1" : 6.80,
 		"sample_2" : 2.02, "sample_3" : -4.37,
 		"sample_4" : 0, "node_id" : 10},

	"10:196" : {"timestamp" : 1346182543, "air_time" : 8,
 		"sequence" : 196, "fails" : 1,
 		"retries" : 0, "sample_1" : 4.82,
 		"sample_2" : 2.34, "sample_3" : -6.98,
 		"sample_4" : 0, "node_id" : 10},

	"10:197" : {"timestamp" : 1346182544, "air_time" : 4,
 		"sequence" : 197, "fails" : 2,
 		"retries" : 2, "sample_1" : 1.94,
 		"sample_2" : 4.70, "sample_3" : -8.28,
 		"sample_4" : 0, "node_id" : 10},

	"10:198" : {"timestamp" : 1346182545, "air_time" : 6,
 		"sequence" : 198, "fails" : 0,
 		"retries" : 2, "sample_1" : 1.60,
 		"sample_2" : 7.34, "sample_3" : -7.23,
 		"sample_4" : 0, "node_id" : 10},

	"10:199" : {"timestamp" : 1346182546, "air_time" : 2,
 		"sequence" : 199, "fails" : 3,
 		"retries" : 0, "sample_1" : -1.54,
 		"sample_2" : 7.91, "sample_3" : -9.00,
 		"sample_4" : 0, "node_id" : 10},

	"10:200" : {"timestamp" : 1346182547, "air_time" : 5,
 		"sequence" : 200, "fails" : 2,
 		"retries" : 1, "sample_1" : -3.22,
 		"sample_2" : 8.68, "sample_3" : -8.27,
 		"sample_4" : 0, "node_id" : 10},

	"10:201" : {"timestamp" : 1346182548, "air_time" : 4,
 		"sequence" : 201, "fails" : 3,
 		"retries" : 2, "sample_1" : -4.80,
 		"sample_2" : 10.31, "sample_3" : -8.15,
 		"sample_4" : 0, "node_id" : 10},

	"10:202" : {"timestamp" : 1346182549, "air_time" : 2,
 		"sequence" : 202, "fails" : 3,
 		"retries" : 2, "sample_1" : -4.73,
 		"sample_2" : 9.86, "sample_3" : -8.12,
 		"sample_4" : 0, "node_id" : 10},

	"10:203" : {"timestamp" : 1346182550, "air_time" : 9,
 		"sequence" : 203, "fails" : 3,
 		"retries" : 2, "sample_1" : -7.36,
 		"sample_2" : 10.22, "sample_3" : -8.49,
 		"sample_4" : 0, "node_id" : 10},

	"10:204" : {"timestamp" : 1346182551, "air_time" : 4,
 		"sequence" : 204, "fails" : 2,
 		"retries" : 2, "sample_1" : -8.36,
 		"sample_2" : 10.39, "sample_3" : -6.90,
 		"sample_4" : 0, "node_id" : 10},

	"10:205" : {"timestamp" : 1346182552, "air_time" : 7,
 		"sequence" : 205, "fails" : 1,
 		"retries" : 2, "sample_1" : -9.30,
 		"sample_2" : 9.85, "sample_3" : -5.66,
 		"sample_4" : 0, "node_id" : 10},

	"10:206" : {"timestamp" : 1346182553, "air_time" : 6,
 		"sequence" : 206, "fails" : 0,
 		"retries" : 1, "sample_1" : -8.55,
 		"sample_2" : 10.81, "sample_3" : -4.60,
 		"sample_4" : 0, "node_id" : 10},

	"10:207" : {"timestamp" : 1346182554, "air_time" : 6,
 		"sequence" : 207, "fails" : 1,
 		"retries" : 0, "sample_1" : -8.60,
 		"sample_2" : 10.09, "sample_3" : -3.18,
 		"sample_4" : 0, "node_id" : 10},

	"10:208" : {"timestamp" : 1346182555, "air_time" : 3,
 		"sequence" : 208, "fails" : 1,
 		"retries" : 0, "sample_1" : -9.15,
 		"sample_2" : 8.92, "sample_3" : -1.83,
 		"sample_4" : 0, "node_id" : 10},

	"10:209" : {"timestamp" : 1346182556, "air_time" : 6,
 		"sequence" : 209, "fails" : 3,
 		"retries" : 0, "sample_1" : -8.80,
 		"sample_2" : 6.72, "sample_3" : -0.71,
 		"sample_4" : 0, "node_id" : 10},

	"10:210" : {"timestamp" : 1346182557, "air_time" : 2,
 		"sequence" : 210, "fails" : 1,
 		"retries" : 0, "sample_1" : -8.26,
 		"sample_2" : 5.95, "sample_3" : 2.93,
 		"sample_4" : 0, "node_id" : 10},

	"10:211" : {"timestamp" : 1346182558, "air_time" : 6,
 		"sequence" : 211, "fails" : 0,
 		"retries" : 1, "sample_1" : -6.96,
 		"sample_2" : 3.33, "sample_3" : 4.24,
 		"sample_4" : 0, "node_id" : 10},

	"10:212" : {"timestamp" : 1346182559, "air_time" : 2,
 		"sequence" : 212, "fails" : 3,
 		"retries" : 0, "sample_1" : -6.13,
 		"sample_2" : 3.03, "sample_3" : 5.07,
 		"sample_4" : 0, "node_id" : 10},

	"10:213" : {"timestamp" : 1346182560, "air_time" : 9,
 		"sequence" : 213, "fails" : 3,
 		"retries" : 1, "sample_1" : -4.20,
 		"sample_2" : 1.18, "sample_3" : 7.17,
 		"sample_4" : 0, "node_id" : 10},

	"10:214" : {"timestamp" : 1346182561, "air_time" : 2,
 		"sequence" : 214, "fails" : 1,
 		"retries" : 1, "sample_1" : -2.42,
 		"sample_2" : -2.24, "sample_3" : 7.38,
 		"sample_4" : 0, "node_id" : 10},

	"10:215" : {"timestamp" : 1346182562, "air_time" : 5,
 		"sequence" : 215, "fails" : 1,
 		"retries" : 0, "sample_1" : -1.74,
 		"sample_2" : -3.00, "sample_3" : 9.58,
 		"sample_4" : 0, "node_id" : 10},

	"10:216" : {"timestamp" : 1346182563, "air_time" : 6,
 		"sequence" : 216, "fails" : 2,
 		"retries" : 0, "sample_1" : 1.00,
 		"sample_2" : -3.94, "sample_3" : 9.23,
 		"sample_4" : 0, "node_id" : 10},

	"10:217" : {"timestamp" : 1346182564, "air_time" : 1,
 		"sequence" : 217, "fails" : 1,
 		"retries" : 0, "sample_1" : 2.44,
 		"sample_2" : -6.71, "sample_3" : 11.50,
 		"sample_4" : 0, "node_id" : 10},

	"10:218" : {"timestamp" : 1346182565, "air_time" : 6,
 		"sequence" : 218, "fails" : 1,
 		"retries" : 0, "sample_1" : 3.82,
 		"sample_2" : -7.98, "sample_3" : 11.47,
 		"sample_4" : 0, "node_id" : 10},

	"10:219" : {"timestamp" : 1346182566, "air_time" : 9,
 		"sequence" : 219, "fails" : 0,
 		"retries" : 0, "sample_1" : 5.40,
 		"sample_2" : -7.11, "sample_3" : 10.35,
 		"sample_4" : 0, "node_id" : 10},

	"10:220" : {"timestamp" : 1346182567, "air_time" : 4,
 		"sequence" : 220, "fails" : 3,
 		"retries" : 1, "sample_1" : 7.43,
 		"sample_2" : -7.96, "sample_3" : 10.12,
 		"sample_4" : 0, "node_id" : 10},

	"10:221" : {"timestamp" : 1346182568, "air_time" : 4,
 		"sequence" : 221, "fails" : 0,
 		"retries" : 2, "sample_1" : 9.26,
 		"sample_2" : -9.92, "sample_3" : 9.99,
 		"sample_4" : 0, "node_id" : 10},

	"10:222" : {"timestamp" : 1346182569, "air_time" : 7,
 		"sequence" : 222, "fails" : 2,
 		"retries" : 0, "sample_1" : 10.46,
 		"sample_2" : -9.99, "sample_3" : 8.80,
 		"sample_4" : 0, "node_id" : 10},

	"10:223" : {"timestamp" : 1346182570, "air_time" : 0,
 		"sequence" : 223, "fails" : 1,
 		"retries" : 2, "sample_1" : 9.90,
 		"sample_2" : -8.25, "sample_3" : 6.96,
 		"sample_4" : 0, "node_id" : 10},

	"10:224" : {"timestamp" : 1346182571, "air_time" : 6,
 		"sequence" : 224, "fails" : 3,
 		"retries" : 0, "sample_1" : 10.55,
 		"sample_2" : -7.71, "sample_3" : 6.20,
 		"sample_4" : 0, "node_id" : 10},

	"10:225" : {"timestamp" : 1346182572, "air_time" : 4,
 		"sequence" : 225, "fails" : 2,
 		"retries" : 0, "sample_1" : 11.80,
 		"sample_2" : -6.89, "sample_3" : 5.38,
 		"sample_4" : 0, "node_id" : 10},

	"10:226" : {"timestamp" : 1346182573, "air_time" : 3,
 		"sequence" : 226, "fails" : 2,
 		"retries" : 0, "sample_1" : 11.25,
 		"sample_2" : -6.92, "sample_3" : 4.33,
 		"sample_4" : 0, "node_id" : 10},

	"10:227" : {"timestamp" : 1346182574, "air_time" : 8,
 		"sequence" : 227, "fails" : 2,
 		"retries" : 1, "sample_1" : 11.10,
 		"sample_2" : -5.72, "sample_3" : 0.91,
 		"sample_4" : 0, "node_id" : 10},

	"10:228" : {"timestamp" : 1346182575, "air_time" : 2,
 		"sequence" : 228, "fails" : 1,
 		"retries" : 0, "sample_1" : 9.66,
 		"sample_2" : -3.85, "sample_3" : -1.03,
 		"sample_4" : 0, "node_id" : 10},

	"10:229" : {"timestamp" : 1346182576, "air_time" : 0,
 		"sequence" : 229, "fails" : 0,
 		"retries" : 1, "sample_1" : 9.46,
 		"sample_2" : -2.53, "sample_3" : -2.14,
 		"sample_4" : 0, "node_id" : 10},

	"10:230" : {"timestamp" : 1346182577, "air_time" : 7,
 		"sequence" : 230, "fails" : 3,
 		"retries" : 1, "sample_1" : 7.73,
 		"sample_2" : -1.23, "sample_3" : -3.97,
 		"sample_4" : 0, "node_id" : 10},

	"10:231" : {"timestamp" : 1346182578, "air_time" : 7,
 		"sequence" : 231, "fails" : 2,
 		"retries" : 1, "sample_1" : 5.50,
 		"sample_2" : 2.12, "sample_3" : -5.17,
 		"sample_4" : 0, "node_id" : 10},

	"10:232" : {"timestamp" : 1346182579, "air_time" : 1,
 		"sequence" : 232, "fails" : 0,
 		"retries" : 2, "sample_1" : 5.32,
 		"sample_2" : 3.14, "sample_3" : -7.08,
 		"sample_4" : 0, "node_id" : 10},

	"10:233" : {"timestamp" : 1346182580, "air_time" : 0,
 		"sequence" : 233, "fails" : 0,
 		"retries" : 1, "sample_1" : 3.24,
 		"sample_2" : 4.70, "sample_3" : -8.18,
 		"sample_4" : 0, "node_id" : 10},

	"10:234" : {"timestamp" : 1346182581, "air_time" : 5,
 		"sequence" : 234, "fails" : 2,
 		"retries" : 1, "sample_1" : 1.20,
 		"sample_2" : 5.44, "sample_3" : -7.93,
 		"sample_4" : 0, "node_id" : 10},

	"10:235" : {"timestamp" : 1346182582, "air_time" : 7,
 		"sequence" : 235, "fails" : 0,
 		"retries" : 1, "sample_1" : -1.74,
 		"sample_2" : 6.91, "sample_3" : -9.50,
 		"sample_4" : 0, "node_id" : 10},

	"10:236" : {"timestamp" : 1346182583, "air_time" : 8,
 		"sequence" : 236, "fails" : 0,
 		"retries" : 0, "sample_1" : -2.62,
 		"sample_2" : 9.28, "sample_3" : -9.27,
 		"sample_4" : 0, "node_id" : 10},

	"10:237" : {"timestamp" : 1346182584, "air_time" : 8,
 		"sequence" : 237, "fails" : 0,
 		"retries" : 1, "sample_1" : -3.10,
 		"sample_2" : 9.41, "sample_3" : -9.85,
 		"sample_4" : 0, "node_id" : 10},

	"10:238" : {"timestamp" : 1346182585, "air_time" : 0,
 		"sequence" : 238, "fails" : 3,
 		"retries" : 1, "sample_1" : -4.83,
 		"sample_2" : 11.46, "sample_3" : -9.42,
 		"sample_4" : 0, "node_id" : 10},

	"10:239" : {"timestamp" : 1346182586, "air_time" : 4,
 		"sequence" : 239, "fails" : 2,
 		"retries" : 1, "sample_1" : -6.66,
 		"sample_2" : 10.32, "sample_3" : -8.29,
 		"sample_4" : 0, "node_id" : 10},

	"10:240" : {"timestamp" : 1346182587, "air_time" : 6,
 		"sequence" : 240, "fails" : 1,
 		"retries" : 2, "sample_1" : -7.36,
 		"sample_2" : 10.59, "sample_3" : -7.60,
 		"sample_4" : 0, "node_id" : 10},

	"10:241" : {"timestamp" : 1346182588, "air_time" : 0,
 		"sequence" : 241, "fails" : 3,
 		"retries" : 1, "sample_1" : -7.50,
 		"sample_2" : 11.55, "sample_3" : -6.86,
 		"sample_4" : 0, "node_id" : 10},

	"10:242" : {"timestamp" : 1346182589, "air_time" : 5,
 		"sequence" : 242, "fails" : 0,
 		"retries" : 1, "sample_1" : -9.75,
 		"sample_2" : 9.41, "sample_3" : -5.30,
 		"sample_4" : 0, "node_id" : 10},

	"10:243" : {"timestamp" : 1346182590, "air_time" : 0,
 		"sequence" : 243, "fails" : 0,
 		"retries" : 2, "sample_1" : -9.70,
 		"sample_2" : 8.49, "sample_3" : -2.58,
 		"sample_4" : 0, "node_id" : 10},

	"10:244" : {"timestamp" : 1346182591, "air_time" : 0,
 		"sequence" : 244, "fails" : 3,
 		"retries" : 0, "sample_1" : -8.15,
 		"sample_2" : 7.92, "sample_3" : -2.33,
 		"sample_4" : 0, "node_id" : 10},

	"10:245" : {"timestamp" : 1346182592, "air_time" : 7,
 		"sequence" : 245, "fails" : 3,
 		"retries" : 2, "sample_1" : -8.00,
 		"sample_2" : 6.92, "sample_3" : -0.01,
 		"sample_4" : 0, "node_id" : 10},

	"10:246" : {"timestamp" : 1346182593, "air_time" : 4,
 		"sequence" : 246, "fails" : 0,
 		"retries" : 1, "sample_1" : -7.56,
 		"sample_2" : 5.85, "sample_3" : 1.63,
 		"sample_4" : 0, "node_id" : 10},

	"10:247" : {"timestamp" : 1346182594, "air_time" : 6,
 		"sequence" : 247, "fails" : 3,
 		"retries" : 2, "sample_1" : -6.46,
 		"sample_2" : 4.33, "sample_3" : 4.44,
 		"sample_4" : 0, "node_id" : 10},

	"10:248" : {"timestamp" : 1346182595, "air_time" : 0,
 		"sequence" : 248, "fails" : 2,
 		"retries" : 1, "sample_1" : -5.03,
 		"sample_2" : 1.23, "sample_3" : 5.67,
 		"sample_4" : 0, "node_id" : 10},

	"10:249" : {"timestamp" : 1346182596, "air_time" : 8,
 		"sequence" : 249, "fails" : 1,
 		"retries" : 0, "sample_1" : -5.00,
 		"sample_2" : -0.22, "sample_3" : 7.17,
 		"sample_4" : 0, "node_id" : 10},

	"10:250" : {"timestamp" : 1346182597, "air_time" : 3,
 		"sequence" : 250, "fails" : 3,
 		"retries" : 0, "sample_1" : -1.72,
 		"sample_2" : -2.24, "sample_3" : 7.18,
 		"sample_4" : 0, "node_id" : 10},

	"10:251" : {"timestamp" : 1346182598, "air_time" : 8,
 		"sequence" : 251, "fails" : 2,
 		"retries" : 1, "sample_1" : 0.06,
 		"sample_2" : -3.70, "sample_3" : 8.48,
 		"sample_4" : 0, "node_id" : 10},

	"10:252" : {"timestamp" : 1346182599, "air_time" : 7,
 		"sequence" : 252, "fails" : 2,
 		"retries" : 2, "sample_1" : 0.20,
 		"sample_2" : -4.74, "sample_3" : 9.23,
 		"sample_4" : 0, "node_id" : 10},

	"10:253" : {"timestamp" : 1346182600, "air_time" : 9,
 		"sequence" : 253, "fails" : 1,
 		"retries" : 0, "sample_1" : 1.74,
 		"sample_2" : -5.31, "sample_3" : 10.70,
 		"sample_4" : 0, "node_id" : 10},

	"10:254" : {"timestamp" : 1346182601, "air_time" : 4,
 		"sequence" : 254, "fails" : 1,
 		"retries" : 2, "sample_1" : 5.32,
 		"sample_2" : -6.38, "sample_3" : 10.57,
 		"sample_4" : 0, "node_id" : 10},

	"10:255" : {"timestamp" : 1346182602, "air_time" : 3,
 		"sequence" : 255, "fails" : 2,
 		"retries" : 0, "sample_1" : 6.80,
 		"sample_2" : -8.71, "sample_3" : 11.85,
 		"sample_4" : 0, "node_id" : 10},

	"10:256" : {"timestamp" : 1346182603, "air_time" : 1,
 		"sequence" : 256, "fails" : 1,
 		"retries" : 1, "sample_1" : 8.23,
 		"sample_2" : -9.26, "sample_3" : 10.92,
 		"sample_4" : 0, "node_id" : 10},

	"10:257" : {"timestamp" : 1346182604, "air_time" : 9,
 		"sequence" : 257, "fails" : 3,
 		"retries" : 2, "sample_1" : 9.06,
 		"sample_2" : -8.62, "sample_3" : 10.49,
 		"sample_4" : 0, "node_id" : 10},

	"10:258" : {"timestamp" : 1346182605, "air_time" : 2,
 		"sequence" : 258, "fails" : 1,
 		"retries" : 2, "sample_1" : 8.76,
 		"sample_2" : -8.79, "sample_3" : 8.50,
 		"sample_4" : 0, "node_id" : 10},

	"10:259" : {"timestamp" : 1346182606, "air_time" : 6,
 		"sequence" : 259, "fails" : 0,
 		"retries" : 2, "sample_1" : 11.30,
 		"sample_2" : -9.55, "sample_3" : 7.76,
 		"sample_4" : 0, "node_id" : 10},

	"10:260" : {"timestamp" : 1346182607, "air_time" : 3,
 		"sequence" : 260, "fails" : 3,
 		"retries" : 2, "sample_1" : 10.75,
 		"sample_2" : -7.41, "sample_3" : 7.10,
 		"sample_4" : 0, "node_id" : 10},

	"10:261" : {"timestamp" : 1346182608, "air_time" : 0,
 		"sequence" : 261, "fails" : 3,
 		"retries" : 0, "sample_1" : 10.20,
 		"sample_2" : -7.09, "sample_3" : 5.58,
 		"sample_4" : 0, "node_id" : 10},

	"10:262" : {"timestamp" : 1346182609, "air_time" : 8,
 		"sequence" : 262, "fails" : 1,
 		"retries" : 2, "sample_1" : 11.35,
 		"sample_2" : -6.42, "sample_3" : 3.43,
 		"sample_4" : 0, "node_id" : 10},

	"10:263" : {"timestamp" : 1346182610, "air_time" : 8,
 		"sequence" : 263, "fails" : 2,
 		"retries" : 0, "sample_1" : 10.20,
 		"sample_2" : -4.92, "sample_3" : 1.51,
 		"sample_4" : 0, "node_id" : 10},

	"10:264" : {"timestamp" : 1346182611, "air_time" : 3,
 		"sequence" : 264, "fails" : 0,
 		"retries" : 1, "sample_1" : 8.76,
 		"sample_2" : -3.25, "sample_3" : -0.03,
 		"sample_4" : 0, "node_id" : 10},

	"10:265" : {"timestamp" : 1346182612, "air_time" : 0,
 		"sequence" : 265, "fails" : 2,
 		"retries" : 0, "sample_1" : 8.46,
 		"sample_2" : -2.13, "sample_3" : -2.54,
 		"sample_4" : 0, "node_id" : 10},

	"10:266" : {"timestamp" : 1346182613, "air_time" : 5,
 		"sequence" : 266, "fails" : 0,
 		"retries" : 2, "sample_1" : 7.83,
 		"sample_2" : -0.13, "sample_3" : -2.87,
 		"sample_4" : 0, "node_id" : 10},

	"10:267" : {"timestamp" : 1346182614, "air_time" : 4,
 		"sequence" : 267, "fails" : 1,
 		"retries" : 1, "sample_1" : 6.20,
 		"sample_2" : 0.52, "sample_3" : -4.57,
 		"sample_4" : 0, "node_id" : 10},

	"10:268" : {"timestamp" : 1346182615, "air_time" : 4,
 		"sequence" : 268, "fails" : 1,
 		"retries" : 0, "sample_1" : 5.02,
 		"sample_2" : 3.84, "sample_3" : -6.38,
 		"sample_4" : 0, "node_id" : 10},

	"10:269" : {"timestamp" : 1346182616, "air_time" : 5,
 		"sequence" : 269, "fails" : 0,
 		"retries" : 2, "sample_1" : 2.24,
 		"sample_2" : 5.20, "sample_3" : -6.88,
 		"sample_4" : 0, "node_id" : 10},

	"10:270" : {"timestamp" : 1346182617, "air_time" : 6,
 		"sequence" : 270, "fails" : 0,
 		"retries" : 2, "sample_1" : 0.80,
 		"sample_2" : 7.04, "sample_3" : -7.33,
 		"sample_4" : 0, "node_id" : 10},

	"10:271" : {"timestamp" : 1346182618, "air_time" : 9,
 		"sequence" : 271, "fails" : 3,
 		"retries" : 2, "sample_1" : -1.04,
 		"sample_2" : 6.91, "sample_3" : -8.20,
 		"sample_4" : 0, "node_id" : 10},

	"10:272" : {"timestamp" : 1346182619, "air_time" : 7,
 		"sequence" : 272, "fails" : 1,
 		"retries" : 1, "sample_1" : -2.12,
 		"sample_2" : 8.88, "sample_3" : -9.07,
 		"sample_4" : 0, "node_id" : 10},

	"10:273" : {"timestamp" : 1346182620, "air_time" : 1,
 		"sequence" : 273, "fails" : 0,
 		"retries" : 2, "sample_1" : -3.30,
 		"sample_2" : 9.51, "sample_3" : -8.95,
 		"sample_4" : 0, "node_id" : 10},

	"10:274" : {"timestamp" : 1346182621, "air_time" : 8,
 		"sequence" : 274, "fails" : 2,
 		"retries" : 2, "sample_1" : -6.13,
 		"sample_2" : 9.66, "sample_3" : -8.12,
 		"sample_4" : 0, "node_id" : 10},

	"10:275" : {"timestamp" : 1346182622, "air_time" : 2,
 		"sequence" : 275, "fails" : 0,
 		"retries" : 1, "sample_1" : -7.46,
 		"sample_2" : 10.02, "sample_3" : -7.89,
 		"sample_4" : 0, "node_id" : 10},

	"10:276" : {"timestamp" : 1346182623, "air_time" : 8,
 		"sequence" : 276, "fails" : 0,
 		"retries" : 2, "sample_1" : -8.66,
 		"sample_2" : 10.59, "sample_3" : -7.30,
 		"sample_4" : 0, "node_id" : 10},

	"10:277" : {"timestamp" : 1346182624, "air_time" : 0,
 		"sequence" : 277, "fails" : 3,
 		"retries" : 1, "sample_1" : -8.40,
 		"sample_2" : 11.25, "sample_3" : -6.86,
 		"sample_4" : 0, "node_id" : 10},

	"10:278" : {"timestamp" : 1346182625, "air_time" : 1,
 		"sequence" : 278, "fails" : 3,
 		"retries" : 0, "sample_1" : -9.85,
 		"sample_2" : 10.91, "sample_3" : -4.90,
 		"sample_4" : 0, "node_id" : 10},

	"10:279" : {"timestamp" : 1346182626, "air_time" : 7,
 		"sequence" : 279, "fails" : 1,
 		"retries" : 2, "sample_1" : -9.50,
 		"sample_2" : 8.89, "sample_3" : -2.48,
 		"sample_4" : 0, "node_id" : 10},

	"10:280" : {"timestamp" : 1346182627, "air_time" : 4,
 		"sequence" : 280, "fails" : 1,
 		"retries" : 1, "sample_1" : -9.65,
 		"sample_2" : 8.22, "sample_3" : -1.53,
 		"sample_4" : 0, "node_id" : 10},

	"10:281" : {"timestamp" : 1346182628, "air_time" : 4,
 		"sequence" : 281, "fails" : 1,
 		"retries" : 2, "sample_1" : -7.70,
 		"sample_2" : 7.72, "sample_3" : -0.51,
 		"sample_4" : 0, "node_id" : 10},

	"10:282" : {"timestamp" : 1346182629, "air_time" : 8,
 		"sequence" : 282, "fails" : 1,
 		"retries" : 0, "sample_1" : -7.66,
 		"sample_2" : 4.95, "sample_3" : 1.03,
 		"sample_4" : 0, "node_id" : 10},

	"10:283" : {"timestamp" : 1346182630, "air_time" : 3,
 		"sequence" : 283, "fails" : 1,
 		"retries" : 0, "sample_1" : -6.46,
 		"sample_2" : 3.73, "sample_3" : 3.64,
 		"sample_4" : 0, "node_id" : 10},

	"10:284" : {"timestamp" : 1346182631, "air_time" : 9,
 		"sequence" : 284, "fails" : 3,
 		"retries" : 0, "sample_1" : -5.23,
 		"sample_2" : 1.53, "sample_3" : 5.57,
 		"sample_4" : 0, "node_id" : 10},

	"10:285" : {"timestamp" : 1346182632, "air_time" : 4,
 		"sequence" : 285, "fails" : 1,
 		"retries" : 1, "sample_1" : -4.40,
 		"sample_2" : -0.02, "sample_3" : 6.47,
 		"sample_4" : 0, "node_id" : 10},

	"10:286" : {"timestamp" : 1346182633, "air_time" : 7,
 		"sequence" : 286, "fails" : 3,
 		"retries" : 1, "sample_1" : -2.62,
 		"sample_2" : -2.14, "sample_3" : 8.78,
 		"sample_4" : 0, "node_id" : 10},

	"10:287" : {"timestamp" : 1346182634, "air_time" : 3,
 		"sequence" : 287, "fails" : 1,
 		"retries" : 1, "sample_1" : -1.74,
 		"sample_2" : -3.60, "sample_3" : 10.18,
 		"sample_4" : 0, "node_id" : 10},

	"10:288" : {"timestamp" : 1346182635, "air_time" : 8,
 		"sequence" : 288, "fails" : 1,
 		"retries" : 2, "sample_1" : 0.90,
 		"sample_2" : -4.24, "sample_3" : 10.53,
 		"sample_4" : 0, "node_id" : 10},

	"10:289" : {"timestamp" : 1346182636, "air_time" : 8,
 		"sequence" : 289, "fails" : 3,
 		"retries" : 0, "sample_1" : 3.04,
 		"sample_2" : -5.21, "sample_3" : 11.20,
 		"sample_4" : 0, "node_id" : 10},

	"10:290" : {"timestamp" : 1346182637, "air_time" : 7,
 		"sequence" : 290, "fails" : 0,
 		"retries" : 1, "sample_1" : 5.32,
 		"sample_2" : -7.58, "sample_3" : 11.87,
 		"sample_4" : 0, "node_id" : 10},

	"10:291" : {"timestamp" : 1346182638, "air_time" : 3,
 		"sequence" : 291, "fails" : 2,
 		"retries" : 2, "sample_1" : 5.60,
 		"sample_2" : -7.31, "sample_3" : 11.05,
 		"sample_4" : 0, "node_id" : 10},

	"10:292" : {"timestamp" : 1346182639, "air_time" : 0,
 		"sequence" : 292, "fails" : 1,
 		"retries" : 1, "sample_1" : 7.13,
 		"sample_2" : -9.16, "sample_3" : 11.32,
 		"sample_4" : 0, "node_id" : 10},

	"10:293" : {"timestamp" : 1346182640, "air_time" : 7,
 		"sequence" : 293, "fails" : 0,
 		"retries" : 1, "sample_1" : 8.76,
 		"sample_2" : -9.62, "sample_3" : 10.29,
 		"sample_4" : 0, "node_id" : 10},

	"10:294" : {"timestamp" : 1346182641, "air_time" : 4,
 		"sequence" : 294, "fails" : 2,
 		"retries" : 2, "sample_1" : 10.06,
 		"sample_2" : -9.89, "sample_3" : 9.70,
 		"sample_4" : 0, "node_id" : 10},

	"10:295" : {"timestamp" : 1346182642, "air_time" : 9,
 		"sequence" : 295, "fails" : 0,
 		"retries" : 0, "sample_1" : 9.50,
 		"sample_2" : -8.85, "sample_3" : 7.26,
 		"sample_4" : 0, "node_id" : 10},

	"10:296" : {"timestamp" : 1346182643, "air_time" : 3,
 		"sequence" : 296, "fails" : 0,
 		"retries" : 2, "sample_1" : 9.95,
 		"sample_2" : -8.21, "sample_3" : 7.20,
 		"sample_4" : 0, "node_id" : 10},

	"10:297" : {"timestamp" : 1346182644, "air_time" : 4,
 		"sequence" : 297, "fails" : 3,
 		"retries" : 1, "sample_1" : 11.90,
 		"sample_2" : -7.89, "sample_3" : 4.28,
 		"sample_4" : 0, "node_id" : 10},

	"10:298" : {"timestamp" : 1346182645, "air_time" : 2,
 		"sequence" : 298, "fails" : 1,
 		"retries" : 1, "sample_1" : 11.15,
 		"sample_2" : -5.92, "sample_3" : 3.83,
 		"sample_4" : 0, "node_id" : 10},

	"10:299" : {"timestamp" : 1346182646, "air_time" : 9,
 		"sequence" : 299, "fails" : 1,
 		"retries" : 1, "sample_1" : 9.70,
 		"sample_2" : -4.72, "sample_3" : 2.01,
 		"sample_4" : 0, "node_id" : 10},

	"10:300" : {"timestamp" : 1346182647, "air_time" : 9,
 		"sequence" : 300, "fails" : 2,
 		"retries" : 0, "sample_1" : 9.26,
 		"sample_2" : -2.75, "sample_3" : 0.27,
 		"sample_4" : 0, "node_id" : 10},

	"10:301" : {"timestamp" : 1346182648, "air_time" : 6,
 		"sequence" : 301, "fails" : 0,
 		"retries" : 2, "sample_1" : 8.66,
 		"sample_2" : -2.73, "sample_3" : -2.24,
 		"sample_4" : 0, "node_id" : 10},

	"10:302" : {"timestamp" : 1346182649, "air_time" : 1,
 		"sequence" : 302, "fails" : 2,
 		"retries" : 2, "sample_1" : 6.53,
 		"sample_2" : -0.03, "sample_3" : -4.17,
 		"sample_4" : 0, "node_id" : 10},

	"10:303" : {"timestamp" : 1346182650, "air_time" : 1,
 		"sequence" : 303, "fails" : 2,
 		"retries" : 1, "sample_1" : 6.00,
 		"sample_2" : 0.72, "sample_3" : -3.97,
 		"sample_4" : 0, "node_id" : 10},

	"10:304" : {"timestamp" : 1346182651, "air_time" : 2,
 		"sequence" : 304, "fails" : 0,
 		"retries" : 1, "sample_1" : 4.82,
 		"sample_2" : 2.34, "sample_3" : -5.68,
 		"sample_4" : 0, "node_id" : 10},

	"10:305" : {"timestamp" : 1346182652, "air_time" : 7,
 		"sequence" : 305, "fails" : 0,
 		"retries" : 2, "sample_1" : 2.94,
 		"sample_2" : 4.40, "sample_3" : -7.78,
 		"sample_4" : 0, "node_id" : 10},

	"10:306" : {"timestamp" : 1346182653, "air_time" : 3,
 		"sequence" : 306, "fails" : 0,
 		"retries" : 1, "sample_1" : 1.60,
 		"sample_2" : 6.54, "sample_3" : -8.53,
 		"sample_4" : 0, "node_id" : 10},

	"10:307" : {"timestamp" : 1346182654, "air_time" : 1,
 		"sequence" : 307, "fails" : 0,
 		"retries" : 0, "sample_1" : -0.04,
 		"sample_2" : 8.71, "sample_3" : -9.20,
 		"sample_4" : 0, "node_id" : 10},

	"10:308" : {"timestamp" : 1346182655, "air_time" : 6,
 		"sequence" : 308, "fails" : 1,
 		"retries" : 0, "sample_1" : -2.32,
 		"sample_2" : 8.98, "sample_3" : -9.87,
 		"sample_4" : 0, "node_id" : 10},

	"10:309" : {"timestamp" : 1346182656, "air_time" : 6,
 		"sequence" : 309, "fails" : 0,
 		"retries" : 1, "sample_1" : -4.20,
 		"sample_2" : 9.51, "sample_3" : -8.75,
 		"sample_4" : 0, "node_id" : 10},

	"10:310" : {"timestamp" : 1346182657, "air_time" : 4,
 		"sequence" : 310, "fails" : 3,
 		"retries" : 2, "sample_1" : -5.33,
 		"sample_2" : 11.36, "sample_3" : -8.92,
 		"sample_4" : 0, "node_id" : 10},

	"10:311" : {"timestamp" : 1346182658, "air_time" : 3,
 		"sequence" : 311, "fails" : 2,
 		"retries" : 0, "sample_1" : -5.96,
 		"sample_2" : 10.72, "sample_3" : -8.39,
 		"sample_4" : 0, "node_id" : 10},

	"10:312" : {"timestamp" : 1346182659, "air_time" : 0,
 		"sequence" : 312, "fails" : 0,
 		"retries" : 2, "sample_1" : -7.46,
 		"sample_2" : 11.39, "sample_3" : -6.50,
 		"sample_4" : 0, "node_id" : 10},

	"10:313" : {"timestamp" : 1346182660, "air_time" : 8,
 		"sequence" : 313, "fails" : 2,
 		"retries" : 0, "sample_1" : -9.20,
 		"sample_2" : 9.85, "sample_3" : -5.46,
 		"sample_4" : 0, "node_id" : 10},

	"10:314" : {"timestamp" : 1346182661, "air_time" : 5,
 		"sequence" : 314, "fails" : 2,
 		"retries" : 0, "sample_1" : -8.05,
 		"sample_2" : 10.51, "sample_3" : -5.60,
 		"sample_4" : 0, "node_id" : 10},

	"10:315" : {"timestamp" : 1346182662, "air_time" : 1,
 		"sequence" : 315, "fails" : 1,
 		"retries" : 2, "sample_1" : -8.80,
 		"sample_2" : 10.19, "sample_3" : -2.18,
 		"sample_4" : 0, "node_id" : 10},

	"10:316" : {"timestamp" : 1346182663, "air_time" : 9,
 		"sequence" : 316, "fails" : 3,
 		"retries" : 2, "sample_1" : -8.05,
 		"sample_2" : 7.62, "sample_3" : -2.23,
 		"sample_4" : 0, "node_id" : 10},

	"10:317" : {"timestamp" : 1346182664, "air_time" : 3,
 		"sequence" : 317, "fails" : 2,
 		"retries" : 2, "sample_1" : -8.90,
 		"sample_2" : 6.92, "sample_3" : 0.19,
 		"sample_4" : 0, "node_id" : 10},

	"10:318" : {"timestamp" : 1346182665, "air_time" : 9,
 		"sequence" : 318, "fails" : 3,
 		"retries" : 0, "sample_1" : -8.56,
 		"sample_2" : 5.15, "sample_3" : 1.43,
 		"sample_4" : 0, "node_id" : 10},

	"10:319" : {"timestamp" : 1346182666, "air_time" : 3,
 		"sequence" : 319, "fails" : 0,
 		"retries" : 2, "sample_1" : -7.46,
 		"sample_2" : 3.53, "sample_3" : 3.54,
 		"sample_4" : 0, "node_id" : 10},

	"10:320" : {"timestamp" : 1346182667, "air_time" : 7,
 		"sequence" : 320, "fails" : 0,
 		"retries" : 2, "sample_1" : -6.43,
 		"sample_2" : 3.13, "sample_3" : 6.07,
 		"sample_4" : 0, "node_id" : 10},

	"10:321" : {"timestamp" : 1346182668, "air_time" : 4,
 		"sequence" : 321, "fails" : 0,
 		"retries" : 1, "sample_1" : -3.60,
 		"sample_2" : 0.68, "sample_3" : 7.57,
 		"sample_4" : 0, "node_id" : 10},

	"10:322" : {"timestamp" : 1346182669, "air_time" : 0,
 		"sequence" : 322, "fails" : 0,
 		"retries" : 2, "sample_1" : -3.12,
 		"sample_2" : -0.84, "sample_3" : 8.28,
 		"sample_4" : 0, "node_id" : 10},

	"10:323" : {"timestamp" : 1346182670, "air_time" : 8,
 		"sequence" : 323, "fails" : 2,
 		"retries" : 1, "sample_1" : 0.06,
 		"sample_2" : -3.00, "sample_3" : 8.88,
 		"sample_4" : 0, "node_id" : 10},

	"10:324" : {"timestamp" : 1346182671, "air_time" : 3,
 		"sequence" : 324, "fails" : 3,
 		"retries" : 2, "sample_1" : 0.10,
 		"sample_2" : -4.64, "sample_3" : 9.53,
 		"sample_4" : 0, "node_id" : 10},

	"10:325" : {"timestamp" : 1346182672, "air_time" : 8,
 		"sequence" : 325, "fails" : 0,
 		"retries" : 2, "sample_1" : 3.04,
 		"sample_2" : -5.71, "sample_3" : 11.00,
 		"sample_4" : 0, "node_id" : 10},

	"10:326" : {"timestamp" : 1346182673, "air_time" : 5,
 		"sequence" : 326, "fails" : 0,
 		"retries" : 2, "sample_1" : 4.72,
 		"sample_2" : -6.08, "sample_3" : 11.47,
 		"sample_4" : 0, "node_id" : 10},

	"10:327" : {"timestamp" : 1346182674, "air_time" : 8,
 		"sequence" : 327, "fails" : 0,
 		"retries" : 1, "sample_1" : 6.20,
 		"sample_2" : -8.41, "sample_3" : 11.15,
 		"sample_4" : 0, "node_id" : 10},

	"10:328" : {"timestamp" : 1346182675, "air_time" : 2,
 		"sequence" : 328, "fails" : 2,
 		"retries" : 0, "sample_1" : 7.53,
 		"sample_2" : -8.26, "sample_3" : 10.82,
 		"sample_4" : 0, "node_id" : 10},

	"10:329" : {"timestamp" : 1346182676, "air_time" : 4,
 		"sequence" : 329, "fails" : 2,
 		"retries" : 1, "sample_1" : 9.36,
 		"sample_2" : -8.12, "sample_3" : 9.79,
 		"sample_4" : 0, "node_id" : 10},

	"10:330" : {"timestamp" : 1346182677, "air_time" : 8,
 		"sequence" : 330, "fails" : 1,
 		"retries" : 0, "sample_1" : 10.56,
 		"sample_2" : -8.49, "sample_3" : 9.20,
 		"sample_4" : 0, "node_id" : 10},

	"10:331" : {"timestamp" : 1346182678, "air_time" : 7,
 		"sequence" : 331, "fails" : 2,
 		"retries" : 1, "sample_1" : 10.40,
 		"sample_2" : -8.45, "sample_3" : 8.66,
 		"sample_4" : 0, "node_id" : 10},

	"10:332" : {"timestamp" : 1346182679, "air_time" : 9,
 		"sequence" : 332, "fails" : 0,
 		"retries" : 1, "sample_1" : 10.65,
 		"sample_2" : -9.21, "sample_3" : 6.10,
 		"sample_4" : 0, "node_id" : 10},

	"10:333" : {"timestamp" : 1346182680, "air_time" : 5,
 		"sequence" : 333, "fails" : 1,
 		"retries" : 0, "sample_1" : 10.50,
 		"sample_2" : -8.39, "sample_3" : 5.98,
 		"sample_4" : 0, "node_id" : 10},

	"10:334" : {"timestamp" : 1346182681, "air_time" : 0,
 		"sequence" : 334, "fails" : 0,
 		"retries" : 2, "sample_1" : 11.75,
 		"sample_2" : -5.72, "sample_3" : 3.53,
 		"sample_4" : 0, "node_id" : 10},

	"10:335" : {"timestamp" : 1346182682, "air_time" : 3,
 		"sequence" : 335, "fails" : 3,
 		"retries" : 2, "sample_1" : 11.20,
 		"sample_2" : -4.82, "sample_3" : 1.61,
 		"sample_4" : 0, "node_id" : 10},

	"10:336" : {"timestamp" : 1346182683, "air_time" : 7,
 		"sequence" : 336, "fails" : 2,
 		"retries" : 0, "sample_1" : 10.46,
 		"sample_2" : -3.35, "sample_3" : -0.53,
 		"sample_4" : 0, "node_id" : 10},

	"10:337" : {"timestamp" : 1346182684, "air_time" : 8,
 		"sequence" : 337, "fails" : 2,
 		"retries" : 1, "sample_1" : 8.66,
 		"sample_2" : -2.83, "sample_3" : -2.54,
 		"sample_4" : 0, "node_id" : 10},

	"10:338" : {"timestamp" : 1346182685, "air_time" : 1,
 		"sequence" : 338, "fails" : 3,
 		"retries" : 1, "sample_1" : 8.03,
 		"sample_2" : -0.33, "sample_3" : -4.27,
 		"sample_4" : 0, "node_id" : 10},

	"10:339" : {"timestamp" : 1346182686, "air_time" : 8,
 		"sequence" : 339, "fails" : 0,
 		"retries" : 1, "sample_1" : 6.20,
 		"sample_2" : 2.32, "sample_3" : -5.77,
 		"sample_4" : 0, "node_id" : 10},

	"10:340" : {"timestamp" : 1346182687, "air_time" : 6,
 		"sequence" : 340, "fails" : 2,
 		"retries" : 1, "sample_1" : 4.82,
 		"sample_2" : 2.44, "sample_3" : -6.18,
 		"sample_4" : 0, "node_id" : 10},

	"10:341" : {"timestamp" : 1346182688, "air_time" : 4,
 		"sequence" : 341, "fails" : 0,
 		"retries" : 2, "sample_1" : 2.64,
 		"sample_2" : 4.40, "sample_3" : -6.98,
 		"sample_4" : 0, "node_id" : 10},

	"10:342" : {"timestamp" : 1346182689, "air_time" : 4,
 		"sequence" : 342, "fails" : 2,
 		"retries" : 0, "sample_1" : 1.30,
 		"sample_2" : 5.74, "sample_3" : -8.13,
 		"sample_4" : 0, "node_id" : 10},

	"10:343" : {"timestamp" : 1346182690, "air_time" : 4,
 		"sequence" : 343, "fails" : 2,
 		"retries" : 1, "sample_1" : -1.64,
 		"sample_2" : 8.11, "sample_3" : -9.60,
 		"sample_4" : 0, "node_id" : 10},

	"10:344" : {"timestamp" : 1346182691, "air_time" : 5,
 		"sequence" : 344, "fails" : 2,
 		"retries" : 0, "sample_1" : -2.12,
 		"sample_2" : 9.78, "sample_3" : -9.87,
 		"sample_4" : 0, "node_id" : 10},

	"10:345" : {"timestamp" : 1346182692, "air_time" : 9,
 		"sequence" : 345, "fails" : 2,
 		"retries" : 2, "sample_1" : -3.90,
 		"sample_2" : 10.41, "sample_3" : -8.15,
 		"sample_4" : 0, "node_id" : 10},

	"10:346" : {"timestamp" : 1346182693, "air_time" : 8,
 		"sequence" : 346, "fails" : 2,
 		"retries" : 1, "sample_1" : -4.63,
 		"sample_2" : 11.46, "sample_3" : -9.32,
 		"sample_4" : 0, "node_id" : 10},

	"10:347" : {"timestamp" : 1346182694, "air_time" : 6,
 		"sequence" : 347, "fails" : 0,
 		"retries" : 0, "sample_1" : -5.76,
 		"sample_2" : 11.32, "sample_3" : -7.29,
 		"sample_4" : 0, "node_id" : 10},

	"10:348" : {"timestamp" : 1346182695, "air_time" : 4,
 		"sequence" : 348, "fails" : 3,
 		"retries" : 2, "sample_1" : -7.06,
 		"sample_2" : 10.09, "sample_3" : -7.20,
 		"sample_4" : 0, "node_id" : 10},

	"10:349" : {"timestamp" : 1346182696, "air_time" : 4,
 		"sequence" : 349, "fails" : 1,
 		"retries" : 0, "sample_1" : -8.40,
 		"sample_2" : 11.35, "sample_3" : -6.76,
 		"sample_4" : 0, "node_id" : 10},

	"10:350" : {"timestamp" : 1346182697, "air_time" : 8,
 		"sequence" : 350, "fails" : 0,
 		"retries" : 0, "sample_1" : -9.55,
 		"sample_2" : 9.51, "sample_3" : -4.10,
 		"sample_4" : 0, "node_id" : 10},

	"10:351" : {"timestamp" : 1346182698, "air_time" : 5,
 		"sequence" : 351, "fails" : 1,
 		"retries" : 1, "sample_1" : -10.00,
 		"sample_2" : 9.19, "sample_3" : -2.18,
 		"sample_4" : 0, "node_id" : 10},

	"10:352" : {"timestamp" : 1346182699, "air_time" : 0,
 		"sequence" : 352, "fails" : 1,
 		"retries" : 1, "sample_1" : -9.65,
 		"sample_2" : 8.42, "sample_3" : -2.43,
 		"sample_4" : 0, "node_id" : 10},

	"10:353" : {"timestamp" : 1346182700, "air_time" : 9,
 		"sequence" : 353, "fails" : 3,
 		"retries" : 1, "sample_1" : -8.80,
 		"sample_2" : 6.42, "sample_3" : -0.21,
 		"sample_4" : 0, "node_id" : 10},

	"10:354" : {"timestamp" : 1346182701, "air_time" : 8,
 		"sequence" : 354, "fails" : 2,
 		"retries" : 0, "sample_1" : -7.76,
 		"sample_2" : 5.25, "sample_3" : 1.03,
 		"sample_4" : 0, "node_id" : 10},

	"10:355" : {"timestamp" : 1346182702, "air_time" : 4,
 		"sequence" : 355, "fails" : 1,
 		"retries" : 1, "sample_1" : -5.76,
 		"sample_2" : 3.23, "sample_3" : 3.94,
 		"sample_4" : 0, "node_id" : 10},

	"10:356" : {"timestamp" : 1346182703, "air_time" : 1,
 		"sequence" : 356, "fails" : 1,
 		"retries" : 0, "sample_1" : -5.93,
 		"sample_2" : 1.53, "sample_3" : 4.47,
 		"sample_4" : 0, "node_id" : 10},

	"10:357" : {"timestamp" : 1346182704, "air_time" : 9,
 		"sequence" : 357, "fails" : 3,
 		"retries" : 2, "sample_1" : -4.90,
 		"sample_2" : 1.08, "sample_3" : 6.47,
 		"sample_4" : 0, "node_id" : 10},

	"10:358" : {"timestamp" : 1346182705, "air_time" : 5,
 		"sequence" : 358, "fails" : 1,
 		"retries" : 0, "sample_1" : -2.22,
 		"sample_2" : -1.54, "sample_3" : 9.08,
 		"sample_4" : 0, "node_id" : 10},

	"10:359" : {"timestamp" : 1346182706, "air_time" : 6,
 		"sequence" : 359, "fails" : 3,
 		"retries" : 2, "sample_1" : -0.14,
 		"sample_2" : -3.50, "sample_3" : 9.98,
 		"sample_4" : 0, "node_id" : 10},

	"10:360" : {"timestamp" : 1346182707, "air_time" : 9,
 		"sequence" : 360, "fails" : 1,
 		"retries" : 0, "sample_1" : 1.20,
 		"sample_2" : -4.04, "sample_3" : 9.13,
 		"sample_4" : 0, "node_id" : 10},

	"10:361" : {"timestamp" : 1346182708, "air_time" : 6,
 		"sequence" : 361, "fails" : 1,
 		"retries" : 2, "sample_1" : 2.54,
 		"sample_2" : -5.31, "sample_3" : 11.60,
 		"sample_4" : 0, "node_id" : 10},

	"10:362" : {"timestamp" : 1346182709, "air_time" : 7,
 		"sequence" : 362, "fails" : 2,
 		"retries" : 1, "sample_1" : 4.72,
 		"sample_2" : -6.98, "sample_3" : 11.47,
 		"sample_4" : 0, "node_id" : 10},

	"10:363" : {"timestamp" : 1346182710, "air_time" : 0,
 		"sequence" : 363, "fails" : 1,
 		"retries" : 0, "sample_1" : 5.00,
 		"sample_2" : -8.61, "sample_3" : 10.45,
 		"sample_4" : 0, "node_id" : 10},

	"10:364" : {"timestamp" : 1346182711, "air_time" : 0,
 		"sequence" : 364, "fails" : 0,
 		"retries" : 0, "sample_1" : 7.53,
 		"sample_2" : -7.86, "sample_3" : 10.22,
 		"sample_4" : 0, "node_id" : 10},

	"10:365" : {"timestamp" : 1346182712, "air_time" : 3,
 		"sequence" : 365, "fails" : 3,
 		"retries" : 1, "sample_1" : 7.86,
 		"sample_2" : -9.42, "sample_3" : 10.39,
 		"sample_4" : 0, "node_id" : 10},

	"10:366" : {"timestamp" : 1346182713, "air_time" : 7,
 		"sequence" : 366, "fails" : 3,
 		"retries" : 1, "sample_1" : 10.26,
 		"sample_2" : -8.99, "sample_3" : 9.30,
 		"sample_4" : 0, "node_id" : 10},

	"10:367" : {"timestamp" : 1346182714, "air_time" : 0,
 		"sequence" : 367, "fails" : 1,
 		"retries" : 1, "sample_1" : 10.00,
 		"sample_2" : -9.35, "sample_3" : 8.16,
 		"sample_4" : 0, "node_id" : 10},

	"10:368" : {"timestamp" : 1346182715, "air_time" : 5,
 		"sequence" : 368, "fails" : 1,
 		"retries" : 0, "sample_1" : 11.45,
 		"sample_2" : -8.71, "sample_3" : 6.50,
 		"sample_4" : 0, "node_id" : 10},

	"10:369" : {"timestamp" : 1346182716, "air_time" : 2,
 		"sequence" : 369, "fails" : 2,
 		"retries" : 2, "sample_1" : 11.90,
 		"sample_2" : -7.19, "sample_3" : 5.88,
 		"sample_4" : 0, "node_id" : 10},

	"10:370" : {"timestamp" : 1346182717, "air_time" : 2,
 		"sequence" : 370, "fails" : 1,
 		"retries" : 2, "sample_1" : 9.85,
 		"sample_2" : -7.22, "sample_3" : 2.93,
 		"sample_4" : 0, "node_id" : 10},

	"10:371" : {"timestamp" : 1346182718, "air_time" : 7,
 		"sequence" : 371, "fails" : 3,
 		"retries" : 0, "sample_1" : 10.70,
 		"sample_2" : -4.12, "sample_3" : 0.81,
 		"sample_4" : 0, "node_id" : 10},

	"10:372" : {"timestamp" : 1346182719, "air_time" : 2,
 		"sequence" : 372, "fails" : 2,
 		"retries" : 0, "sample_1" : 8.86,
 		"sample_2" : -4.15, "sample_3" : 0.07,
 		"sample_4" : 0, "node_id" : 10},

	"10:373" : {"timestamp" : 1346182720, "air_time" : 0,
 		"sequence" : 373, "fails" : 2,
 		"retries" : 0, "sample_1" : 9.36,
 		"sample_2" : -2.43, "sample_3" : -0.94,
 		"sample_4" : 0, "node_id" : 10},

	"10:374" : {"timestamp" : 1346182721, "air_time" : 8,
 		"sequence" : 374, "fails" : 3,
 		"retries" : 2, "sample_1" : 7.43,
 		"sample_2" : -0.33, "sample_3" : -3.67,
 		"sample_4" : 0, "node_id" : 10},

	"10:375" : {"timestamp" : 1346182722, "air_time" : 6,
 		"sequence" : 375, "fails" : 0,
 		"retries" : 1, "sample_1" : 5.90,
 		"sample_2" : 0.52, "sample_3" : -4.87,
 		"sample_4" : 0, "node_id" : 10},

	"10:376" : {"timestamp" : 1346182723, "air_time" : 9,
 		"sequence" : 376, "fails" : 2,
 		"retries" : 0, "sample_1" : 4.12,
 		"sample_2" : 2.74, "sample_3" : -5.88,
 		"sample_4" : 0, "node_id" : 10},

	"10:377" : {"timestamp" : 1346182724, "air_time" : 5,
 		"sequence" : 377, "fails" : 2,
 		"retries" : 2, "sample_1" : 3.14,
 		"sample_2" : 4.10, "sample_3" : -6.48,
 		"sample_4" : 0, "node_id" : 10},

	"10:378" : {"timestamp" : 1346182725, "air_time" : 7,
 		"sequence" : 378, "fails" : 2,
 		"retries" : 0, "sample_1" : 0.80,
 		"sample_2" : 6.94, "sample_3" : -8.13,
 		"sample_4" : 0, "node_id" : 10},

	"10:379" : {"timestamp" : 1346182726, "air_time" : 1,
 		"sequence" : 379, "fails" : 1,
 		"retries" : 2, "sample_1" : -0.84,
 		"sample_2" : 8.01, "sample_3" : -8.30,
 		"sample_4" : 0, "node_id" : 10},

	"10:380" : {"timestamp" : 1346182727, "air_time" : 2,
 		"sequence" : 380, "fails" : 3,
 		"retries" : 0, "sample_1" : -1.62,
 		"sample_2" : 8.98, "sample_3" : -9.27,
 		"sample_4" : 0, "node_id" : 10},

	"10:381" : {"timestamp" : 1346182728, "air_time" : 6,
 		"sequence" : 381, "fails" : 2,
 		"retries" : 1, "sample_1" : -4.50,
 		"sample_2" : 10.71, "sample_3" : -9.55,
 		"sample_4" : 0, "node_id" : 10},

	"10:382" : {"timestamp" : 1346182729, "air_time" : 2,
 		"sequence" : 382, "fails" : 1,
 		"retries" : 2, "sample_1" : -4.73,
 		"sample_2" : 10.66, "sample_3" : -8.32,
 		"sample_4" : 0, "node_id" : 10},

	"10:383" : {"timestamp" : 1346182730, "air_time" : 1,
 		"sequence" : 383, "fails" : 2,
 		"retries" : 1, "sample_1" : -6.76,
 		"sample_2" : 10.52, "sample_3" : -7.99,
 		"sample_4" : 0, "node_id" : 10},

	"10:384" : {"timestamp" : 1346182731, "air_time" : 6,
 		"sequence" : 384, "fails" : 2,
 		"retries" : 2, "sample_1" : -7.36,
 		"sample_2" : 10.29, "sample_3" : -6.40,
 		"sample_4" : 0, "node_id" : 10},

	"10:385" : {"timestamp" : 1346182732, "air_time" : 5,
 		"sequence" : 385, "fails" : 0,
 		"retries" : 1, "sample_1" : -9.00,
 		"sample_2" : 9.95, "sample_3" : -5.16,
 		"sample_4" : 0, "node_id" : 10},

	"10:386" : {"timestamp" : 1346182733, "air_time" : 9,
 		"sequence" : 386, "fails" : 1,
 		"retries" : 2, "sample_1" : -9.05,
 		"sample_2" : 10.81, "sample_3" : -3.80,
 		"sample_4" : 0, "node_id" : 10},

	"10:387" : {"timestamp" : 1346182734, "air_time" : 2,
 		"sequence" : 387, "fails" : 3,
 		"retries" : 2, "sample_1" : -9.30,
 		"sample_2" : 8.49, "sample_3" : -2.98,
 		"sample_4" : 0, "node_id" : 10},

	"10:388" : {"timestamp" : 1346182735, "air_time" : 9,
 		"sequence" : 388, "fails" : 1,
 		"retries" : 0, "sample_1" : -9.05,
 		"sample_2" : 8.92, "sample_3" : -0.63,
 		"sample_4" : 0, "node_id" : 10},

	"10:389" : {"timestamp" : 1346182736, "air_time" : 6,
 		"sequence" : 389, "fails" : 0,
 		"retries" : 2, "sample_1" : -7.60,
 		"sample_2" : 7.02, "sample_3" : 0.99,
 		"sample_4" : 0, "node_id" : 10},

	"10:390" : {"timestamp" : 1346182737, "air_time" : 9,
 		"sequence" : 390, "fails" : 1,
 		"retries" : 2, "sample_1" : -8.66,
 		"sample_2" : 5.35, "sample_3" : 1.53,
 		"sample_4" : 0, "node_id" : 10},

	"10:391" : {"timestamp" : 1346182738, "air_time" : 5,
 		"sequence" : 391, "fails" : 0,
 		"retries" : 1, "sample_1" : -5.96,
 		"sample_2" : 3.53, "sample_3" : 4.24,
 		"sample_4" : 0, "node_id" : 10},

	"10:392" : {"timestamp" : 1346182739, "air_time" : 2,
 		"sequence" : 392, "fails" : 0,
 		"retries" : 0, "sample_1" : -5.23,
 		"sample_2" : 2.83, "sample_3" : 6.27,
 		"sample_4" : 0, "node_id" : 10},

	"10:393" : {"timestamp" : 1346182740, "air_time" : 4,
 		"sequence" : 393, "fails" : 2,
 		"retries" : 2, "sample_1" : -4.10,
 		"sample_2" : 0.68, "sample_3" : 6.77,
 		"sample_4" : 0, "node_id" : 10},

	"10:394" : {"timestamp" : 1346182741, "air_time" : 4,
 		"sequence" : 394, "fails" : 0,
 		"retries" : 0, "sample_1" : -2.92,
 		"sample_2" : -2.24, "sample_3" : 7.78,
 		"sample_4" : 0, "node_id" : 10},

	"10:395" : {"timestamp" : 1346182742, "air_time" : 1,
 		"sequence" : 395, "fails" : 3,
 		"retries" : 2, "sample_1" : 0.06,
 		"sample_2" : -2.50, "sample_3" : 8.78,
 		"sample_4" : 0, "node_id" : 10},

	"10:396" : {"timestamp" : 1346182743, "air_time" : 5,
 		"sequence" : 396, "fails" : 3,
 		"retries" : 0, "sample_1" : 1.50,
 		"sample_2" : -3.64, "sample_3" : 10.73,
 		"sample_4" : 0, "node_id" : 10},

	"10:397" : {"timestamp" : 1346182744, "air_time" : 6,
 		"sequence" : 397, "fails" : 1,
 		"retries" : 1, "sample_1" : 2.14,
 		"sample_2" : -6.11, "sample_3" : 10.00,
 		"sample_4" : 0, "node_id" : 10},

	"10:398" : {"timestamp" : 1346182745, "air_time" : 4,
 		"sequence" : 398, "fails" : 2,
 		"retries" : 0, "sample_1" : 3.42,
 		"sample_2" : -7.48, "sample_3" : 11.27,
 		"sample_4" : 0, "node_id" : 10},

	"10:399" : {"timestamp" : 1346182746, "air_time" : 4,
 		"sequence" : 399, "fails" : 3,
 		"retries" : 0, "sample_1" : 5.60,
 		"sample_2" : -8.31, "sample_3" : 11.05,
 		"sample_4" : 0, "node_id" : 10},

	"10:400" : {"timestamp" : 1346182747, "air_time" : 5,
 		"sequence" : 400, "fails" : 3,
 		"retries" : 2, "sample_1" : 7.43,
 		"sample_2" : -8.96, "sample_3" : 11.52,
 		"sample_4" : 0, "node_id" : 10},

	"10:401" : {"timestamp" : 1346182748, "air_time" : 4,
 		"sequence" : 401, "fails" : 1,
 		"retries" : 1, "sample_1" : 9.46,
 		"sample_2" : -9.02, "sample_3" : 10.19,
 		"sample_4" : 0, "node_id" : 10},

	"10:402" : {"timestamp" : 1346182749, "air_time" : 2,
 		"sequence" : 402, "fails" : 2,
 		"retries" : 0, "sample_1" : 9.86,
 		"sample_2" : -9.59, "sample_3" : 8.30,
 		"sample_4" : 0, "node_id" : 10},

	"10:403" : {"timestamp" : 1346182750, "air_time" : 1,
 		"sequence" : 403, "fails" : 3,
 		"retries" : 2, "sample_1" : 10.70,
 		"sample_2" : -8.95, "sample_3" : 7.36,
 		"sample_4" : 0, "node_id" : 10},

	"10:404" : {"timestamp" : 1346182751, "air_time" : 6,
 		"sequence" : 404, "fails" : 0,
 		"retries" : 1, "sample_1" : 11.15,
 		"sample_2" : -7.91, "sample_3" : 6.50,
 		"sample_4" : 0, "node_id" : 10},

	"10:405" : {"timestamp" : 1346182752, "air_time" : 6,
 		"sequence" : 405, "fails" : 2,
 		"retries" : 0, "sample_1" : 11.00,
 		"sample_2" : -6.89, "sample_3" : 4.38,
 		"sample_4" : 0, "node_id" : 10},

	"10:406" : {"timestamp" : 1346182753, "air_time" : 3,
 		"sequence" : 406, "fails" : 1,
 		"retries" : 1, "sample_1" : 10.45,
 		"sample_2" : -7.02, "sample_3" : 4.13,
 		"sample_4" : 0, "node_id" : 10},

	"10:407" : {"timestamp" : 1346182754, "air_time" : 4,
 		"sequence" : 407, "fails" : 2,
 		"retries" : 2, "sample_1" : 9.40,
 		"sample_2" : -5.62, "sample_3" : 1.81,
 		"sample_4" : 0, "node_id" : 10},

	"10:408" : {"timestamp" : 1346182755, "air_time" : 9,
 		"sequence" : 408, "fails" : 3,
 		"retries" : 0, "sample_1" : 9.56,
 		"sample_2" : -3.15, "sample_3" : 0.87,
 		"sample_4" : 0, "node_id" : 10},

	"10:409" : {"timestamp" : 1346182756, "air_time" : 6,
 		"sequence" : 409, "fails" : 0,
 		"retries" : 0, "sample_1" : 9.46,
 		"sample_2" : -2.13, "sample_3" : -1.04,
 		"sample_4" : 0, "node_id" : 10},

	"10:410" : {"timestamp" : 1346182757, "air_time" : 3,
 		"sequence" : 410, "fails" : 1,
 		"retries" : 1, "sample_1" : 8.23,
 		"sample_2" : -0.03, "sample_3" : -3.17,
 		"sample_4" : 0, "node_id" : 10},

	"10:411" : {"timestamp" : 1346182758, "air_time" : 9,
 		"sequence" : 411, "fails" : 0,
 		"retries" : 2, "sample_1" : 5.60,
 		"sample_2" : 2.02, "sample_3" : -4.47,
 		"sample_4" : 0, "node_id" : 10},

	"10:412" : {"timestamp" : 1346182759, "air_time" : 1,
 		"sequence" : 412, "fails" : 2,
 		"retries" : 2, "sample_1" : 4.12,
 		"sample_2" : 4.14, "sample_3" : -6.88,
 		"sample_4" : 0, "node_id" : 10},

	"10:413" : {"timestamp" : 1346182760, "air_time" : 0,
 		"sequence" : 413, "fails" : 3,
 		"retries" : 0, "sample_1" : 2.94,
 		"sample_2" : 5.40, "sample_3" : -8.28,
 		"sample_4" : 0, "node_id" : 10},

	"10:414" : {"timestamp" : 1346182761, "air_time" : 3,
 		"sequence" : 414, "fails" : 1,
 		"retries" : 0, "sample_1" : 0.40,
 		"sample_2" : 7.34, "sample_3" : -8.43,
 		"sample_4" : 0, "node_id" : 10},

	"10:415" : {"timestamp" : 1346182762, "air_time" : 3,
 		"sequence" : 415, "fails" : 0,
 		"retries" : 2, "sample_1" : -1.64,
 		"sample_2" : 7.11, "sample_3" : -8.20,
 		"sample_4" : 0, "node_id" : 10},

	"10:416" : {"timestamp" : 1346182763, "air_time" : 0,
 		"sequence" : 416, "fails" : 1,
 		"retries" : 0, "sample_1" : -2.52,
 		"sample_2" : 9.08, "sample_3" : -8.57,
 		"sample_4" : 0, "node_id" : 10},

	"10:417" : {"timestamp" : 1346182764, "air_time" : 8,
 		"sequence" : 417, "fails" : 1,
 		"retries" : 0, "sample_1" : -3.50,
 		"sample_2" : 9.71, "sample_3" : -9.15,
 		"sample_4" : 0, "node_id" : 10},

	"10:418" : {"timestamp" : 1346182765, "air_time" : 8,
 		"sequence" : 418, "fails" : 2,
 		"retries" : 2, "sample_1" : -5.43,
 		"sample_2" : 10.96, "sample_3" : -8.22,
 		"sample_4" : 0, "node_id" : 10},

	"10:419" : {"timestamp" : 1346182766, "air_time" : 3,
 		"sequence" : 419, "fails" : 3,
 		"retries" : 0, "sample_1" : -5.76,
 		"sample_2" : 10.52, "sample_3" : -8.79,
 		"sample_4" : 0, "node_id" : 10},

	"10:420" : {"timestamp" : 1346182767, "air_time" : 5,
 		"sequence" : 420, "fails" : 3,
 		"retries" : 0, "sample_1" : -7.56,
 		"sample_2" : 10.69, "sample_3" : -6.90,
 		"sample_4" : 0, "node_id" : 10},

	"10:421" : {"timestamp" : 1346182768, "air_time" : 2,
 		"sequence" : 421, "fails" : 1,
 		"retries" : 2, "sample_1" : -8.20,
 		"sample_2" : 10.65, "sample_3" : -5.86,
 		"sample_4" : 0, "node_id" : 10},

	"10:422" : {"timestamp" : 1346182769, "air_time" : 8,
 		"sequence" : 422, "fails" : 2,
 		"retries" : 1, "sample_1" : -8.15,
 		"sample_2" : 10.11, "sample_3" : -5.30,
 		"sample_4" : 0, "node_id" : 10},

	"10:423" : {"timestamp" : 1346182770, "air_time" : 7,
 		"sequence" : 423, "fails" : 2,
 		"retries" : 0, "sample_1" : -9.20,
 		"sample_2" : 10.09, "sample_3" : -2.78,
 		"sample_4" : 0, "node_id" : 10},

	"10:424" : {"timestamp" : 1346182771, "air_time" : 1,
 		"sequence" : 424, "fails" : 1,
 		"retries" : 0, "sample_1" : -9.75,
 		"sample_2" : 8.12, "sample_3" : -0.53,
 		"sample_4" : 0, "node_id" : 10},

	"10:425" : {"timestamp" : 1346182772, "air_time" : 8,
 		"sequence" : 425, "fails" : 2,
 		"retries" : 0, "sample_1" : -7.80,
 		"sample_2" : 6.82, "sample_3" : 0.29,
 		"sample_4" : 0, "node_id" : 10},

	"10:426" : {"timestamp" : 1346182773, "air_time" : 8,
 		"sequence" : 426, "fails" : 1,
 		"retries" : 1, "sample_1" : -8.26,
 		"sample_2" : 5.15, "sample_3" : 2.03,
 		"sample_4" : 0, "node_id" : 10},

	"10:427" : {"timestamp" : 1346182774, "air_time" : 9,
 		"sequence" : 427, "fails" : 0,
 		"retries" : 1, "sample_1" : -7.66,
 		"sample_2" : 3.33, "sample_3" : 3.04,
 		"sample_4" : 0, "node_id" : 10},

	"10:428" : {"timestamp" : 1346182775, "air_time" : 3,
 		"sequence" : 428, "fails" : 2,
 		"retries" : 0, "sample_1" : -5.23,
 		"sample_2" : 1.43, "sample_3" : 5.17,
 		"sample_4" : 0, "node_id" : 10},

	"10:429" : {"timestamp" : 1346182776, "air_time" : 1,
 		"sequence" : 429, "fails" : 3,
 		"retries" : 0, "sample_1" : -4.20,
 		"sample_2" : -0.22, "sample_3" : 6.47,
 		"sample_4" : 0, "node_id" : 10},

	"10:430" : {"timestamp" : 1346182777, "air_time" : 8,
 		"sequence" : 430, "fails" : 0,
 		"retries" : 2, "sample_1" : -1.92,
 		"sample_2" : -1.24, "sample_3" : 7.78,
 		"sample_4" : 0, "node_id" : 10},

	"10:431" : {"timestamp" : 1346182778, "air_time" : 2,
 		"sequence" : 431, "fails" : 2,
 		"retries" : 0, "sample_1" : -0.14,
 		"sample_2" : -3.10, "sample_3" : 9.78,
 		"sample_4" : 0, "node_id" : 10},

	"10:432" : {"timestamp" : 1346182779, "air_time" : 3,
 		"sequence" : 432, "fails" : 1,
 		"retries" : 2, "sample_1" : 1.10,
 		"sample_2" : -4.04, "sample_3" : 10.13,
 		"sample_4" : 0, "node_id" : 10},

	"10:433" : {"timestamp" : 1346182780, "air_time" : 2,
 		"sequence" : 433, "fails" : 3,
 		"retries" : 2, "sample_1" : 3.64,
 		"sample_2" : -6.61, "sample_3" : 11.60,
 		"sample_4" : 0, "node_id" : 10},

	"10:434" : {"timestamp" : 1346182781, "air_time" : 6,
 		"sequence" : 434, "fails" : 0,
 		"retries" : 0, "sample_1" : 4.62,
 		"sample_2" : -7.38, "sample_3" : 11.47,
 		"sample_4" : 0, "node_id" : 10},

	"10:435" : {"timestamp" : 1346182782, "air_time" : 4,
 		"sequence" : 435, "fails" : 0,
 		"retries" : 1, "sample_1" : 6.20,
 		"sample_2" : -7.61, "sample_3" : 11.05,
 		"sample_4" : 0, "node_id" : 10},

	"10:436" : {"timestamp" : 1346182783, "air_time" : 9,
 		"sequence" : 436, "fails" : 1,
 		"retries" : 1, "sample_1" : 7.73,
 		"sample_2" : -8.06, "sample_3" : 11.32,
 		"sample_4" : 0, "node_id" : 10},

	"10:437" : {"timestamp" : 1346182784, "air_time" : 3,
 		"sequence" : 437, "fails" : 2,
 		"retries" : 0, "sample_1" : 8.76,
 		"sample_2" : -9.12, "sample_3" : 9.49,
 		"sample_4" : 0, "node_id" : 10},

	"10:438" : {"timestamp" : 1346182785, "air_time" : 5,
 		"sequence" : 438, "fails" : 0,
 		"retries" : 1, "sample_1" : 9.36,
 		"sample_2" : -8.29, "sample_3" : 8.60,
 		"sample_4" : 0, "node_id" : 10},

	"10:439" : {"timestamp" : 1346182786, "air_time" : 7,
 		"sequence" : 439, "fails" : 2,
 		"retries" : 1, "sample_1" : 10.10,
 		"sample_2" : -8.15, "sample_3" : 7.26,
 		"sample_4" : 0, "node_id" : 10},

	"10:440" : {"timestamp" : 1346182787, "air_time" : 6,
 		"sequence" : 440, "fails" : 3,
 		"retries" : 0, "sample_1" : 10.35,
 		"sample_2" : -9.01, "sample_3" : 6.40,
 		"sample_4" : 0, "node_id" : 10},

	"10:441" : {"timestamp" : 1346182788, "air_time" : 0,
 		"sequence" : 441, "fails" : 2,
 		"retries" : 0, "sample_1" : 10.60,
 		"sample_2" : -6.79, "sample_3" : 4.18,
 		"sample_4" : 0, "node_id" : 10},

	"10:442" : {"timestamp" : 1346182789, "air_time" : 9,
 		"sequence" : 442, "fails" : 0,
 		"retries" : 1, "sample_1" : 10.85,
 		"sample_2" : -6.22, "sample_3" : 3.13,
 		"sample_4" : 0, "node_id" : 10},

	"10:443" : {"timestamp" : 1346182790, "air_time" : 2,
 		"sequence" : 443, "fails" : 3,
 		"retries" : 0, "sample_1" : 11.20,
 		"sample_2" : -5.82, "sample_3" : 1.31,
 		"sample_4" : 0, "node_id" : 10},

	"10:444" : {"timestamp" : 1346182791, "air_time" : 6,
 		"sequence" : 444, "fails" : 1,
 		"retries" : 2, "sample_1" : 9.16,
 		"sample_2" : -4.45, "sample_3" : -0.13,
 		"sample_4" : 0, "node_id" : 10},

	"10:445" : {"timestamp" : 1346182792, "air_time" : 9,
 		"sequence" : 445, "fails" : 1,
 		"retries" : 1, "sample_1" : 8.16,
 		"sample_2" : -1.43, "sample_3" : -1.34,
 		"sample_4" : 0, "node_id" : 10},

	"10:446" : {"timestamp" : 1346182793, "air_time" : 4,
 		"sequence" : 446, "fails" : 1,
 		"retries" : 2, "sample_1" : 7.43,
 		"sample_2" : -0.93, "sample_3" : -2.67,
 		"sample_4" : 0, "node_id" : 10},

	"10:447" : {"timestamp" : 1346182794, "air_time" : 1,
 		"sequence" : 447, "fails" : 1,
 		"retries" : 2, "sample_1" : 6.10,
 		"sample_2" : 2.12, "sample_3" : -4.07,
 		"sample_4" : 0, "node_id" : 10},

	"10:448" : {"timestamp" : 1346182795, "air_time" : 4,
 		"sequence" : 448, "fails" : 0,
 		"retries" : 1, "sample_1" : 5.12,
 		"sample_2" : 2.54, "sample_3" : -5.58,
 		"sample_4" : 0, "node_id" : 10},

	"10:449" : {"timestamp" : 1346182796, "air_time" : 6,
 		"sequence" : 449, "fails" : 3,
 		"retries" : 0, "sample_1" : 2.34,
 		"sample_2" : 4.20, "sample_3" : -6.48,
 		"sample_4" : 0, "node_id" : 10},

	"10:450" : {"timestamp" : 1346182797, "air_time" : 6,
 		"sequence" : 450, "fails" : 0,
 		"retries" : 2, "sample_1" : 1.20,
 		"sample_2" : 6.64, "sample_3" : -7.53,
 		"sample_4" : 0, "node_id" : 10},

	"10:451" : {"timestamp" : 1346182798, "air_time" : 9,
 		"sequence" : 451, "fails" : 3,
 		"retries" : 2, "sample_1" : -0.44,
 		"sample_2" : 7.91, "sample_3" : -7.80,
 		"sample_4" : 0, "node_id" : 10},

	"10:452" : {"timestamp" : 1346182799, "air_time" : 9,
 		"sequence" : 452, "fails" : 0,
 		"retries" : 2, "sample_1" : -1.82,
 		"sample_2" : 9.38, "sample_3" : -9.07,
 		"sample_4" : 0, "node_id" : 10},

	"10:453" : {"timestamp" : 1346182800, "air_time" : 7,
 		"sequence" : 453, "fails" : 3,
 		"retries" : 1, "sample_1" : -3.80,
 		"sample_2" : 9.41, "sample_3" : -8.75,
 		"sample_4" : 0, "node_id" : 10},

	"10:454" : {"timestamp" : 1346182801, "air_time" : 7,
 		"sequence" : 454, "fails" : 2,
 		"retries" : 2, "sample_1" : -6.13,
 		"sample_2" : 10.46, "sample_3" : -8.92,
 		"sample_4" : 0, "node_id" : 10},

	"10:455" : {"timestamp" : 1346182802, "air_time" : 1,
 		"sequence" : 455, "fails" : 1,
 		"retries" : 0, "sample_1" : -5.96,
 		"sample_2" : 10.12, "sample_3" : -7.39,
 		"sample_4" : 0, "node_id" : 10},

	"10:456" : {"timestamp" : 1346182803, "air_time" : 9,
 		"sequence" : 456, "fails" : 3,
 		"retries" : 1, "sample_1" : -6.96,
 		"sample_2" : 10.29, "sample_3" : -7.30,
 		"sample_4" : 0, "node_id" : 10},

	"10:457" : {"timestamp" : 1346182804, "air_time" : 9,
 		"sequence" : 457, "fails" : 3,
 		"retries" : 2, "sample_1" : -9.00,
 		"sample_2" : 10.45, "sample_3" : -5.96,
 		"sample_4" : 0, "node_id" : 10},

	"10:458" : {"timestamp" : 1346182805, "air_time" : 3,
 		"sequence" : 458, "fails" : 3,
 		"retries" : 1, "sample_1" : -8.65,
 		"sample_2" : 9.61, "sample_3" : -4.00,
 		"sample_4" : 0, "node_id" : 10},

	"10:459" : {"timestamp" : 1346182806, "air_time" : 3,
 		"sequence" : 459, "fails" : 2,
 		"retries" : 2, "sample_1" : -8.20,
 		"sample_2" : 9.59, "sample_3" : -3.38,
 		"sample_4" : 0, "node_id" : 10},

	"10:460" : {"timestamp" : 1346182807, "air_time" : 2,
 		"sequence" : 460, "fails" : 2,
 		"retries" : 0, "sample_1" : -8.55,
 		"sample_2" : 7.72, "sample_3" : -1.93,
 		"sample_4" : 0, "node_id" : 10},

	"10:461" : {"timestamp" : 1346182808, "air_time" : 4,
 		"sequence" : 461, "fails" : 2,
 		"retries" : 0, "sample_1" : -8.20,
 		"sample_2" : 6.02, "sample_3" : -0.11,
 		"sample_4" : 0, "node_id" : 10},

	"10:462" : {"timestamp" : 1346182809, "air_time" : 9,
 		"sequence" : 462, "fails" : 1,
 		"retries" : 1, "sample_1" : -7.36,
 		"sample_2" : 5.75, "sample_3" : 1.03,
 		"sample_4" : 0, "node_id" : 10},

	"10:463" : {"timestamp" : 1346182810, "air_time" : 6,
 		"sequence" : 463, "fails" : 1,
 		"retries" : 0, "sample_1" : -6.26,
 		"sample_2" : 4.73, "sample_3" : 4.14,
 		"sample_4" : 0, "node_id" : 10},

	"10:464" : {"timestamp" : 1346182811, "air_time" : 4,
 		"sequence" : 464, "fails" : 1,
 		"retries" : 1, "sample_1" : -6.23,
 		"sample_2" : 3.13, "sample_3" : 5.87,
 		"sample_4" : 0, "node_id" : 10},

	"10:465" : {"timestamp" : 1346182812, "air_time" : 6,
 		"sequence" : 465, "fails" : 1,
 		"retries" : 0, "sample_1" : -4.30,
 		"sample_2" : 0.38, "sample_3" : 6.27,
 		"sample_4" : 0, "node_id" : 10},

	"10:466" : {"timestamp" : 1346182813, "air_time" : 1,
 		"sequence" : 466, "fails" : 3,
 		"retries" : 2, "sample_1" : -2.62,
 		"sample_2" : -1.84, "sample_3" : 8.98,
 		"sample_4" : 0, "node_id" : 10},

	"10:467" : {"timestamp" : 1346182814, "air_time" : 1,
 		"sequence" : 467, "fails" : 0,
 		"retries" : 0, "sample_1" : -1.24,
 		"sample_2" : -2.10, "sample_3" : 9.58,
 		"sample_4" : 0, "node_id" : 10},

	"10:468" : {"timestamp" : 1346182815, "air_time" : 8,
 		"sequence" : 468, "fails" : 2,
 		"retries" : 0, "sample_1" : 1.30,
 		"sample_2" : -4.14, "sample_3" : 10.43,
 		"sample_4" : 0, "node_id" : 10},

	"10:469" : {"timestamp" : 1346182816, "air_time" : 0,
 		"sequence" : 469, "fails" : 0,
 		"retries" : 2, "sample_1" : 2.94,
 		"sample_2" : -6.21, "sample_3" : 10.50,
 		"sample_4" : 0, "node_id" : 10},

	"10:470" : {"timestamp" : 1346182817, "air_time" : 0,
 		"sequence" : 470, "fails" : 0,
 		"retries" : 1, "sample_1" : 4.62,
 		"sample_2" : -6.38, "sample_3" : 9.97,
 		"sample_4" : 0, "node_id" : 10},

	"10:471" : {"timestamp" : 1346182818, "air_time" : 6,
 		"sequence" : 471, "fails" : 3,
 		"retries" : 0, "sample_1" : 5.30,
 		"sample_2" : -7.21, "sample_3" : 9.95,
 		"sample_4" : 0, "node_id" : 10},

	"10:472" : {"timestamp" : 1346182819, "air_time" : 8,
 		"sequence" : 472, "fails" : 1,
 		"retries" : 1, "sample_1" : 7.13,
 		"sample_2" : -8.96, "sample_3" : 10.42,
 		"sample_4" : 0, "node_id" : 10},

	"10:473" : {"timestamp" : 1346182820, "air_time" : 7,
 		"sequence" : 473, "fails" : 0,
 		"retries" : 2, "sample_1" : 8.36,
 		"sample_2" : -9.52, "sample_3" : 10.19,
 		"sample_4" : 0, "node_id" : 10},

	"10:474" : {"timestamp" : 1346182821, "air_time" : 6,
 		"sequence" : 474, "fails" : 0,
 		"retries" : 2, "sample_1" : 9.46,
 		"sample_2" : -9.39, "sample_3" : 9.10,
 		"sample_4" : 0, "node_id" : 10},

	"10:475" : {"timestamp" : 1346182822, "air_time" : 6,
 		"sequence" : 475, "fails" : 3,
 		"retries" : 2, "sample_1" : 9.90,
 		"sample_2" : -7.95, "sample_3" : 8.26,
 		"sample_4" : 0, "node_id" : 10},

	"10:476" : {"timestamp" : 1346182823, "air_time" : 8,
 		"sequence" : 476, "fails" : 0,
 		"retries" : 1, "sample_1" : 10.35,
 		"sample_2" : -7.91, "sample_3" : 5.90,
 		"sample_4" : 0, "node_id" : 10},

	"10:477" : {"timestamp" : 1346182824, "air_time" : 1,
 		"sequence" : 477, "fails" : 1,
 		"retries" : 0, "sample_1" : 11.70,
 		"sample_2" : -7.59, "sample_3" : 5.78,
 		"sample_4" : 0, "node_id" : 10},

	"10:478" : {"timestamp" : 1346182825, "air_time" : 5,
 		"sequence" : 478, "fails" : 1,
 		"retries" : 2, "sample_1" : 10.55,
 		"sample_2" : -5.52, "sample_3" : 4.13,
 		"sample_4" : 0, "node_id" : 10},

	"10:479" : {"timestamp" : 1346182826, "air_time" : 3,
 		"sequence" : 479, "fails" : 1,
 		"retries" : 0, "sample_1" : 9.80,
 		"sample_2" : -5.02, "sample_3" : 2.11,
 		"sample_4" : 0, "node_id" : 10},

	"10:480" : {"timestamp" : 1346182827, "air_time" : 1,
 		"sequence" : 480, "fails" : 1,
 		"retries" : 1, "sample_1" : 9.76,
 		"sample_2" : -3.05, "sample_3" : -0.93,
 		"sample_4" : 0, "node_id" : 10},

	"10:481" : {"timestamp" : 1346182828, "air_time" : 0,
 		"sequence" : 481, "fails" : 0,
 		"retries" : 1, "sample_1" : 8.06,
 		"sample_2" : -1.23, "sample_3" : -1.64,
 		"sample_4" : 0, "node_id" : 10},

	"10:482" : {"timestamp" : 1346182829, "air_time" : 4,
 		"sequence" : 482, "fails" : 1,
 		"retries" : 0, "sample_1" : 6.43,
 		"sample_2" : -0.33, "sample_3" : -3.17,
 		"sample_4" : 0, "node_id" : 10},

	"10:483" : {"timestamp" : 1346182830, "air_time" : 7,
 		"sequence" : 483, "fails" : 1,
 		"retries" : 2, "sample_1" : 5.00,
 		"sample_2" : 1.82, "sample_3" : -4.97,
 		"sample_4" : 0, "node_id" : 10},

	"10:484" : {"timestamp" : 1346182831, "air_time" : 7,
 		"sequence" : 484, "fails" : 3,
 		"retries" : 0, "sample_1" : 4.12,
 		"sample_2" : 3.04, "sample_3" : -6.28,
 		"sample_4" : 0, "node_id" : 10},

	"10:485" : {"timestamp" : 1346182832, "air_time" : 7,
 		"sequence" : 485, "fails" : 1,
 		"retries" : 2, "sample_1" : 3.64,
 		"sample_2" : 4.90, "sample_3" : -6.88,
 		"sample_4" : 0, "node_id" : 10},

	"10:486" : {"timestamp" : 1346182833, "air_time" : 3,
 		"sequence" : 486, "fails" : 3,
 		"retries" : 1, "sample_1" : 1.50,
 		"sample_2" : 7.04, "sample_3" : -7.53,
 		"sample_4" : 0, "node_id" : 10},

	"10:487" : {"timestamp" : 1346182834, "air_time" : 7,
 		"sequence" : 487, "fails" : 3,
 		"retries" : 1, "sample_1" : -1.34,
 		"sample_2" : 7.21, "sample_3" : -9.40,
 		"sample_4" : 0, "node_id" : 10},

	"10:488" : {"timestamp" : 1346182835, "air_time" : 1,
 		"sequence" : 488, "fails" : 2,
 		"retries" : 2, "sample_1" : -1.72,
 		"sample_2" : 9.38, "sample_3" : -8.87,
 		"sample_4" : 0, "node_id" : 10},

	"10:489" : {"timestamp" : 1346182836, "air_time" : 2,
 		"sequence" : 489, "fails" : 2,
 		"retries" : 0, "sample_1" : -4.30,
 		"sample_2" : 9.21, "sample_3" : -8.85,
 		"sample_4" : 0, "node_id" : 10},

	"10:490" : {"timestamp" : 1346182837, "air_time" : 3,
 		"sequence" : 490, "fails" : 1,
 		"retries" : 2, "sample_1" : -5.73,
 		"sample_2" : 9.96, "sample_3" : -8.62,
 		"sample_4" : 0, "node_id" : 10},

	"10:491" : {"timestamp" : 1346182838, "air_time" : 6,
 		"sequence" : 491, "fails" : 1,
 		"retries" : 0, "sample_1" : -6.16,
 		"sample_2" : 10.42, "sample_3" : -7.39,
 		"sample_4" : 0, "node_id" : 10},

	"10:492" : {"timestamp" : 1346182839, "air_time" : 0,
 		"sequence" : 492, "fails" : 0,
 		"retries" : 2, "sample_1" : -7.06,
 		"sample_2" : 11.29, "sample_3" : -6.20,
 		"sample_4" : 0, "node_id" : 10},

	"10:493" : {"timestamp" : 1346182840, "air_time" : 2,
 		"sequence" : 493, "fails" : 2,
 		"retries" : 2, "sample_1" : -8.00,
 		"sample_2" : 11.35, "sample_3" : -5.76,
 		"sample_4" : 0, "node_id" : 10},

	"10:494" : {"timestamp" : 1346182841, "air_time" : 4,
 		"sequence" : 494, "fails" : 0,
 		"retries" : 0, "sample_1" : -9.25,
 		"sample_2" : 9.81, "sample_3" : -5.30,
 		"sample_4" : 0, "node_id" : 10},

	"10:495" : {"timestamp" : 1346182842, "air_time" : 2,
 		"sequence" : 495, "fails" : 3,
 		"retries" : 0, "sample_1" : -8.40,
 		"sample_2" : 10.29, "sample_3" : -2.98,
 		"sample_4" : 0, "node_id" : 10},

	"10:496" : {"timestamp" : 1346182843, "air_time" : 4,
 		"sequence" : 496, "fails" : 0,
 		"retries" : 1, "sample_1" : -8.15,
 		"sample_2" : 7.72, "sample_3" : -1.93,
 		"sample_4" : 0, "node_id" : 10},

	"10:497" : {"timestamp" : 1346182844, "air_time" : 7,
 		"sequence" : 497, "fails" : 2,
 		"retries" : 2, "sample_1" : -7.70,
 		"sample_2" : 6.92, "sample_3" : 0.09,
 		"sample_4" : 0, "node_id" : 10},

	"10:498" : {"timestamp" : 1346182845, "air_time" : 1,
 		"sequence" : 498, "fails" : 2,
 		"retries" : 2, "sample_1" : -6.96,
 		"sample_2" : 5.25, "sample_3" : 2.53,
 		"sample_4" : 0, "node_id" : 10},

	"10:499" : {"timestamp" : 1346182846, "air_time" : 9,
 		"sequence" : 499, "fails" : 2,
 		"retries" : 0, "sample_1" : -5.76,
 		"sample_2" : 3.03, "sample_3" : 3.44,
 		"sample_4" : 0, "node_id" : 10},

	"10:500" : {"timestamp" : 1346182847, "air_time" : 0,
 		"sequence" : 500, "fails" : 2,
 		"retries" : 0, "sample_1" : -5.63,
 		"sample_2" : 2.53, "sample_3" : 5.97,
 		"sample_4" : 0, "node_id" : 10},

	"10:501" : {"timestamp" : 1346182848, "air_time" : 9,
 		"sequence" : 501, "fails" : 0,
 		"retries" : 2, "sample_1" : -4.60,
 		"sample_2" : 1.18, "sample_3" : 6.67,
 		"sample_4" : 0, "node_id" : 10},

	"10:502" : {"timestamp" : 1346182849, "air_time" : 3,
 		"sequence" : 502, "fails" : 0,
 		"retries" : 2, "sample_1" : -2.72,
 		"sample_2" : -0.44, "sample_3" : 8.78,
 		"sample_4" : 0, "node_id" : 10},

	"10:503" : {"timestamp" : 1346182850, "air_time" : 6,
 		"sequence" : 503, "fails" : 0,
 		"retries" : 1, "sample_1" : -0.54,
 		"sample_2" : -2.80, "sample_3" : 10.08,
 		"sample_4" : 0, "node_id" : 10},

	"10:504" : {"timestamp" : 1346182851, "air_time" : 3,
 		"sequence" : 504, "fails" : 1,
 		"retries" : 2, "sample_1" : 0.30,
 		"sample_2" : -4.24, "sample_3" : 10.33,
 		"sample_4" : 0, "node_id" : 10},

	"10:505" : {"timestamp" : 1346182852, "air_time" : 3,
 		"sequence" : 505, "fails" : 2,
 		"retries" : 1, "sample_1" : 2.34,
 		"sample_2" : -6.51, "sample_3" : 10.60,
 		"sample_4" : 0, "node_id" : 10},

	"10:506" : {"timestamp" : 1346182853, "air_time" : 9,
 		"sequence" : 506, "fails" : 3,
 		"retries" : 1, "sample_1" : 5.02,
 		"sample_2" : -6.18, "sample_3" : 10.27,
 		"sample_4" : 0, "node_id" : 10},

	"10:507" : {"timestamp" : 1346182854, "air_time" : 6,
 		"sequence" : 507, "fails" : 0,
 		"retries" : 1, "sample_1" : 6.80,
 		"sample_2" : -8.21, "sample_3" : 10.15,
 		"sample_4" : 0, "node_id" : 10},

	"10:508" : {"timestamp" : 1346182855, "air_time" : 9,
 		"sequence" : 508, "fails" : 2,
 		"retries" : 1, "sample_1" : 8.13,
 		"sample_2" : -8.36, "sample_3" : 9.72,
 		"sample_4" : 0, "node_id" : 10},

	"10:509" : {"timestamp" : 1346182856, "air_time" : 5,
 		"sequence" : 509, "fails" : 0,
 		"retries" : 1, "sample_1" : 8.96,
 		"sample_2" : -9.52, "sample_3" : 9.59,
 		"sample_4" : 0, "node_id" : 10},

	"10:510" : {"timestamp" : 1346182857, "air_time" : 1,
 		"sequence" : 510, "fails" : 1,
 		"retries" : 2, "sample_1" : 9.66,
 		"sample_2" : -8.29, "sample_3" : 9.40,
 		"sample_4" : 0, "node_id" : 10},

	"10:511" : {"timestamp" : 1346182858, "air_time" : 5,
 		"sequence" : 511, "fails" : 1,
 		"retries" : 0, "sample_1" : 9.40,
 		"sample_2" : -9.15, "sample_3" : 8.36,
 		"sample_4" : 0, "node_id" : 10},

	"10:512" : {"timestamp" : 1346182859, "air_time" : 8,
 		"sequence" : 512, "fails" : 2,
 		"retries" : 2, "sample_1" : 10.05,
 		"sample_2" : -7.81, "sample_3" : 5.60,
 		"sample_4" : 0, "node_id" : 10},

	"10:513" : {"timestamp" : 1346182860, "air_time" : 0,
 		"sequence" : 513, "fails" : 1,
 		"retries" : 0, "sample_1" : 10.20,
 		"sample_2" : -7.59, "sample_3" : 4.98,
 		"sample_4" : 0, "node_id" : 10},

	"10:514" : {"timestamp" : 1346182861, "air_time" : 2,
 		"sequence" : 514, "fails" : 2,
 		"retries" : 1, "sample_1" : 10.15,
 		"sample_2" : -6.72, "sample_3" : 2.63,
 		"sample_4" : 0, "node_id" : 10},

	"10:515" : {"timestamp" : 1346182862, "air_time" : 8,
 		"sequence" : 515, "fails" : 2,
 		"retries" : 2, "sample_1" : 11.20,
 		"sample_2" : -5.22, "sample_3" : 0.71,
 		"sample_4" : 0, "node_id" : 10},

	"10:516" : {"timestamp" : 1346182863, "air_time" : 2,
 		"sequence" : 516, "fails" : 3,
 		"retries" : 1, "sample_1" : 9.96,
 		"sample_2" : -4.35, "sample_3" : 0.57,
 		"sample_4" : 0, "node_id" : 10},

	"10:517" : {"timestamp" : 1346182864, "air_time" : 0,
 		"sequence" : 517, "fails" : 2,
 		"retries" : 2, "sample_1" : 9.16,
 		"sample_2" : -2.43, "sample_3" : -1.94,
 		"sample_4" : 0, "node_id" : 10},

	"10:518" : {"timestamp" : 1346182865, "air_time" : 9,
 		"sequence" : 518, "fails" : 2,
 		"retries" : 2, "sample_1" : 7.03,
 		"sample_2" : 0.37, "sample_3" : -3.07,
 		"sample_4" : 0, "node_id" : 10},

	"10:519" : {"timestamp" : 1346182866, "air_time" : 3,
 		"sequence" : 519, "fails" : 0,
 		"retries" : 2, "sample_1" : 6.60,
 		"sample_2" : 1.42, "sample_3" : -5.67,
 		"sample_4" : 0, "node_id" : 10},

	"10:520" : {"timestamp" : 1346182867, "air_time" : 8,
 		"sequence" : 520, "fails" : 3,
 		"retries" : 0, "sample_1" : 3.82,
 		"sample_2" : 3.64, "sample_3" : -5.78,
 		"sample_4" : 0, "node_id" : 10},

	"10:521" : {"timestamp" : 1346182868, "air_time" : 2,
 		"sequence" : 521, "fails" : 1,
 		"retries" : 1, "sample_1" : 2.64,
 		"sample_2" : 4.00, "sample_3" : -7.98,
 		"sample_4" : 0, "node_id" : 10},

	"10:522" : {"timestamp" : 1346182869, "air_time" : 2,
 		"sequence" : 522, "fails" : 3,
 		"retries" : 1, "sample_1" : 1.20,
 		"sample_2" : 5.44, "sample_3" : -8.23,
 		"sample_4" : 0, "node_id" : 10},

	"10:523" : {"timestamp" : 1346182870, "air_time" : 9,
 		"sequence" : 523, "fails" : 0,
 		"retries" : 1, "sample_1" : -0.94,
 		"sample_2" : 8.61, "sample_3" : -9.30,
 		"sample_4" : 0, "node_id" : 10},

	"10:524" : {"timestamp" : 1346182871, "air_time" : 0,
 		"sequence" : 524, "fails" : 1,
 		"retries" : 1, "sample_1" : -2.62,
 		"sample_2" : 9.48, "sample_3" : -8.47,
 		"sample_4" : 0, "node_id" : 10},

	"10:525" : {"timestamp" : 1346182872, "air_time" : 1,
 		"sequence" : 525, "fails" : 2,
 		"retries" : 2, "sample_1" : -4.40,
 		"sample_2" : 9.51, "sample_3" : -8.95,
 		"sample_4" : 0, "node_id" : 10},

	"10:526" : {"timestamp" : 1346182873, "air_time" : 6,
 		"sequence" : 526, "fails" : 2,
 		"retries" : 2, "sample_1" : -5.63,
 		"sample_2" : 10.76, "sample_3" : -8.92,
 		"sample_4" : 0, "node_id" : 10},

	"10:527" : {"timestamp" : 1346182874, "air_time" : 4,
 		"sequence" : 527, "fails" : 0,
 		"retries" : 2, "sample_1" : -6.86,
 		"sample_2" : 11.72, "sample_3" : -7.89,
 		"sample_4" : 0, "node_id" : 10},

	"10:528" : {"timestamp" : 1346182875, "air_time" : 5,
 		"sequence" : 528, "fails" : 2,
 		"retries" : 2, "sample_1" : -7.76,
 		"sample_2" : 11.49, "sample_3" : -7.00,
 		"sample_4" : 0, "node_id" : 10},

	"10:529" : {"timestamp" : 1346182876, "air_time" : 7,
 		"sequence" : 529, "fails" : 2,
 		"retries" : 0, "sample_1" : -7.60,
 		"sample_2" : 9.75, "sample_3" : -5.36,
 		"sample_4" : 0, "node_id" : 10},

	"10:530" : {"timestamp" : 1346182877, "air_time" : 4,
 		"sequence" : 530, "fails" : 0,
 		"retries" : 0, "sample_1" : -8.15,
 		"sample_2" : 9.81, "sample_3" : -4.50,
 		"sample_4" : 0, "node_id" : 10},

	"10:531" : {"timestamp" : 1346182878, "air_time" : 5,
 		"sequence" : 531, "fails" : 0,
 		"retries" : 0, "sample_1" : -8.50,
 		"sample_2" : 10.09, "sample_3" : -2.78,
 		"sample_4" : 0, "node_id" : 10},

	"10:532" : {"timestamp" : 1346182879, "air_time" : 6,
 		"sequence" : 532, "fails" : 2,
 		"retries" : 0, "sample_1" : -8.45,
 		"sample_2" : 9.22, "sample_3" : -1.73,
 		"sample_4" : 0, "node_id" : 10},

	"10:533" : {"timestamp" : 1346182880, "air_time" : 4,
 		"sequence" : 533, "fails" : 3,
 		"retries" : 2, "sample_1" : -8.90,
 		"sample_2" : 7.02, "sample_3" : 0.89,
 		"sample_4" : 0, "node_id" : 10},

	"10:534" : {"timestamp" : 1346182881, "air_time" : 2,
 		"sequence" : 534, "fails" : 0,
 		"retries" : 0, "sample_1" : -6.76,
 		"sample_2" : 5.35, "sample_3" : 2.33,
 		"sample_4" : 0, "node_id" : 10},

	"10:535" : {"timestamp" : 1346182882, "air_time" : 8,
 		"sequence" : 535, "fails" : 0,
 		"retries" : 0, "sample_1" : -6.26,
 		"sample_2" : 3.13, "sample_3" : 3.34,
 		"sample_4" : 0, "node_id" : 10},

	"10:536" : {"timestamp" : 1346182883, "air_time" : 4,
 		"sequence" : 536, "fails" : 3,
 		"retries" : 0, "sample_1" : -6.43,
 		"sample_2" : 2.73, "sample_3" : 5.67,
 		"sample_4" : 0, "node_id" : 10},

	"10:537" : {"timestamp" : 1346182884, "air_time" : 8,
 		"sequence" : 537, "fails" : 3,
 		"retries" : 0, "sample_1" : -4.90,
 		"sample_2" : -0.42, "sample_3" : 5.97,
 		"sample_4" : 0, "node_id" : 10},

	"10:538" : {"timestamp" : 1346182885, "air_time" : 1,
 		"sequence" : 538, "fails" : 2,
 		"retries" : 1, "sample_1" : -2.52,
 		"sample_2" : -0.74, "sample_3" : 7.98,
 		"sample_4" : 0, "node_id" : 10},

	"10:539" : {"timestamp" : 1346182886, "air_time" : 8,
 		"sequence" : 539, "fails" : 1,
 		"retries" : 0, "sample_1" : -0.84,
 		"sample_2" : -3.90, "sample_3" : 9.68,
 		"sample_4" : 0, "node_id" : 10},

	"10:540" : {"timestamp" : 1346182887, "air_time" : 2,
 		"sequence" : 540, "fails" : 0,
 		"retries" : 2, "sample_1" : 1.40,
 		"sample_2" : -5.04, "sample_3" : 11.03,
 		"sample_4" : 0, "node_id" : 10},

	"10:541" : {"timestamp" : 1346182888, "air_time" : 5,
 		"sequence" : 541, "fails" : 3,
 		"retries" : 1, "sample_1" : 3.04,
 		"sample_2" : -5.01, "sample_3" : 11.30,
 		"sample_4" : 0, "node_id" : 10},

	"10:542" : {"timestamp" : 1346182889, "air_time" : 1,
 		"sequence" : 542, "fails" : 1,
 		"retries" : 0, "sample_1" : 3.72,
 		"sample_2" : -7.18, "sample_3" : 10.57,
 		"sample_4" : 0, "node_id" : 10},

	"10:543" : {"timestamp" : 1346182890, "air_time" : 7,
 		"sequence" : 543, "fails" : 0,
 		"retries" : 1, "sample_1" : 6.10,
 		"sample_2" : -7.31, "sample_3" : 11.85,
 		"sample_4" : 0, "node_id" : 10},

	"10:544" : {"timestamp" : 1346182891, "air_time" : 5,
 		"sequence" : 544, "fails" : 0,
 		"retries" : 0, "sample_1" : 7.43,
 		"sample_2" : -9.36, "sample_3" : 10.92,
 		"sample_4" : 0, "node_id" : 10},

	"10:545" : {"timestamp" : 1346182892, "air_time" : 5,
 		"sequence" : 545, "fails" : 1,
 		"retries" : 2, "sample_1" : 9.06,
 		"sample_2" : -9.02, "sample_3" : 9.29,
 		"sample_4" : 0, "node_id" : 10},

	"10:546" : {"timestamp" : 1346182893, "air_time" : 8,
 		"sequence" : 546, "fails" : 0,
 		"retries" : 0, "sample_1" : 9.66,
 		"sample_2" : -8.19, "sample_3" : 8.20,
 		"sample_4" : 0, "node_id" : 10},

	"10:547" : {"timestamp" : 1346182894, "air_time" : 8,
 		"sequence" : 547, "fails" : 3,
 		"retries" : 2, "sample_1" : 10.70,
 		"sample_2" : -8.15, "sample_3" : 8.66,
 		"sample_4" : 0, "node_id" : 10},

	"10:548" : {"timestamp" : 1346182895, "air_time" : 7,
 		"sequence" : 548, "fails" : 0,
 		"retries" : 2, "sample_1" : 11.15,
 		"sample_2" : -7.51, "sample_3" : 5.70,
 		"sample_4" : 0, "node_id" : 10},

	"10:549" : {"timestamp" : 1346182896, "air_time" : 7,
 		"sequence" : 549, "fails" : 0,
 		"retries" : 2, "sample_1" : 11.80,
 		"sample_2" : -7.09, "sample_3" : 4.48,
 		"sample_4" : 0, "node_id" : 10},

	"10:550" : {"timestamp" : 1346182897, "air_time" : 6,
 		"sequence" : 550, "fails" : 1,
 		"retries" : 2, "sample_1" : 11.35,
 		"sample_2" : -6.32, "sample_3" : 4.13,
 		"sample_4" : 0, "node_id" : 10},

	"10:551" : {"timestamp" : 1346182898, "air_time" : 7,
 		"sequence" : 551, "fails" : 1,
 		"retries" : 0, "sample_1" : 10.30,
 		"sample_2" : -5.52, "sample_3" : 1.41,
 		"sample_4" : 0, "node_id" : 10},

	"10:552" : {"timestamp" : 1346182899, "air_time" : 0,
 		"sequence" : 552, "fails" : 1,
 		"retries" : 2, "sample_1" : 8.96,
 		"sample_2" : -2.75, "sample_3" : 0.07,
 		"sample_4" : 0, "node_id" : 10},

	"10:553" : {"timestamp" : 1346182900, "air_time" : 7,
 		"sequence" : 553, "fails" : 3,
 		"retries" : 0, "sample_1" : 8.56,
 		"sample_2" : -1.73, "sample_3" : -2.54,
 		"sample_4" : 0, "node_id" : 10},

	"10:554" : {"timestamp" : 1346182901, "air_time" : 9,
 		"sequence" : 554, "fails" : 3,
 		"retries" : 2, "sample_1" : 6.43,
 		"sample_2" : -0.83, "sample_3" : -2.67,
 		"sample_4" : 0, "node_id" : 10},

	"10:555" : {"timestamp" : 1346182902, "air_time" : 0,
 		"sequence" : 555, "fails" : 1,
 		"retries" : 1, "sample_1" : 6.70,
 		"sample_2" : 1.22, "sample_3" : -5.47,
 		"sample_4" : 0, "node_id" : 10},

	"10:556" : {"timestamp" : 1346182903, "air_time" : 5,
 		"sequence" : 556, "fails" : 1,
 		"retries" : 2, "sample_1" : 5.22,
 		"sample_2" : 3.24, "sample_3" : -7.18,
 		"sample_4" : 0, "node_id" : 10},

	"10:557" : {"timestamp" : 1346182904, "air_time" : 5,
 		"sequence" : 557, "fails" : 0,
 		"retries" : 2, "sample_1" : 2.04,
 		"sample_2" : 5.60, "sample_3" : -7.68,
 		"sample_4" : 0, "node_id" : 10},

	"10:558" : {"timestamp" : 1346182905, "air_time" : 6,
 		"sequence" : 558, "fails" : 2,
 		"retries" : 0, "sample_1" : 0.20,
 		"sample_2" : 5.74, "sample_3" : -7.43,
 		"sample_4" : 0, "node_id" : 10},

	"10:559" : {"timestamp" : 1346182906, "air_time" : 7,
 		"sequence" : 559, "fails" : 2,
 		"retries" : 2, "sample_1" : -0.94,
 		"sample_2" : 8.31, "sample_3" : -8.10,
 		"sample_4" : 0, "node_id" : 10},

	"10:560" : {"timestamp" : 1346182907, "air_time" : 4,
 		"sequence" : 560, "fails" : 2,
 		"retries" : 1, "sample_1" : -1.72,
 		"sample_2" : 8.58, "sample_3" : -8.77,
 		"sample_4" : 0, "node_id" : 10},

	"10:561" : {"timestamp" : 1346182908, "air_time" : 0,
 		"sequence" : 561, "fails" : 0,
 		"retries" : 1, "sample_1" : -4.60,
 		"sample_2" : 9.11, "sample_3" : -9.05,
 		"sample_4" : 0, "node_id" : 10},

	"10:562" : {"timestamp" : 1346182909, "air_time" : 4,
 		"sequence" : 562, "fails" : 3,
 		"retries" : 0, "sample_1" : -5.43,
 		"sample_2" : 10.76, "sample_3" : -9.22,
 		"sample_4" : 0, "node_id" : 10},

	"10:563" : {"timestamp" : 1346182910, "air_time" : 6,
 		"sequence" : 563, "fails" : 0,
 		"retries" : 0, "sample_1" : -6.16,
 		"sample_2" : 10.72, "sample_3" : -7.59,
 		"sample_4" : 0, "node_id" : 10},

	"10:564" : {"timestamp" : 1346182911, "air_time" : 2,
 		"sequence" : 564, "fails" : 0,
 		"retries" : 0, "sample_1" : -8.16,
 		"sample_2" : 10.89, "sample_3" : -6.90,
 		"sample_4" : 0, "node_id" : 10},

	"10:565" : {"timestamp" : 1346182912, "air_time" : 9,
 		"sequence" : 565, "fails" : 3,
 		"retries" : 0, "sample_1" : -8.90,
 		"sample_2" : 9.85, "sample_3" : -5.86,
 		"sample_4" : 0, "node_id" : 10},

	"10:566" : {"timestamp" : 1346182913, "air_time" : 5,
 		"sequence" : 566, "fails" : 2,
 		"retries" : 2, "sample_1" : -8.35,
 		"sample_2" : 10.31, "sample_3" : -3.70,
 		"sample_4" : 0, "node_id" : 10},

	"10:567" : {"timestamp" : 1346182914, "air_time" : 8,
 		"sequence" : 567, "fails" : 2,
 		"retries" : 2, "sample_1" : -9.10,
 		"sample_2" : 8.69, "sample_3" : -3.68,
 		"sample_4" : 0, "node_id" : 10},

	"10:568" : {"timestamp" : 1346182915, "air_time" : 8,
 		"sequence" : 568, "fails" : 2,
 		"retries" : 2, "sample_1" : -8.35,
 		"sample_2" : 9.22, "sample_3" : -2.23,
 		"sample_4" : 0, "node_id" : 10},

	"10:569" : {"timestamp" : 1346182916, "air_time" : 0,
 		"sequence" : 569, "fails" : 2,
 		"retries" : 2, "sample_1" : -9.40,
 		"sample_2" : 6.82, "sample_3" : 0.19,
 		"sample_4" : 0, "node_id" : 10},

	"10:570" : {"timestamp" : 1346182917, "air_time" : 9,
 		"sequence" : 570, "fails" : 0,
 		"retries" : 1, "sample_1" : -8.16,
 		"sample_2" : 5.05, "sample_3" : 1.03,
 		"sample_4" : 0, "node_id" : 10},

	"10:571" : {"timestamp" : 1346182918, "air_time" : 5,
 		"sequence" : 571, "fails" : 2,
 		"retries" : 1, "sample_1" : -6.16,
 		"sample_2" : 4.33, "sample_3" : 3.64,
 		"sample_4" : 0, "node_id" : 10},

	"10:572" : {"timestamp" : 1346182919, "air_time" : 8,
 		"sequence" : 572, "fails" : 2,
 		"retries" : 2, "sample_1" : -5.43,
 		"sample_2" : 2.93, "sample_3" : 5.97,
 		"sample_4" : 0, "node_id" : 10},

	"10:573" : {"timestamp" : 1346182920, "air_time" : 8,
 		"sequence" : 573, "fails" : 0,
 		"retries" : 2, "sample_1" : -4.80,
 		"sample_2" : 1.18, "sample_3" : 7.67,
 		"sample_4" : 0, "node_id" : 10},

	"10:574" : {"timestamp" : 1346182921, "air_time" : 5,
 		"sequence" : 574, "fails" : 1,
 		"retries" : 2, "sample_1" : -2.72,
 		"sample_2" : -1.64, "sample_3" : 8.68,
 		"sample_4" : 0, "node_id" : 10},

	"10:575" : {"timestamp" : 1346182922, "air_time" : 1,
 		"sequence" : 575, "fails" : 0,
 		"retries" : 0, "sample_1" : -0.24,
 		"sample_2" : -2.70, "sample_3" : 8.28,
 		"sample_4" : 0, "node_id" : 10},

	"10:576" : {"timestamp" : 1346182923, "air_time" : 2,
 		"sequence" : 576, "fails" : 1,
 		"retries" : 1, "sample_1" : 1.20,
 		"sample_2" : -4.24, "sample_3" : 9.43,
 		"sample_4" : 0, "node_id" : 10},

	"10:577" : {"timestamp" : 1346182924, "air_time" : 3,
 		"sequence" : 577, "fails" : 3,
 		"retries" : 1, "sample_1" : 2.54,
 		"sample_2" : -6.11, "sample_3" : 11.30,
 		"sample_4" : 0, "node_id" : 10},

	"10:578" : {"timestamp" : 1346182925, "air_time" : 0,
 		"sequence" : 578, "fails" : 2,
 		"retries" : 0, "sample_1" : 4.02,
 		"sample_2" : -7.18, "sample_3" : 10.87,
 		"sample_4" : 0, "node_id" : 10},

	"10:579" : {"timestamp" : 1346182926, "air_time" : 0,
 		"sequence" : 579, "fails" : 1,
 		"retries" : 0, "sample_1" : 6.50,
 		"sample_2" : -7.21, "sample_3" : 11.65,
 		"sample_4" : 0, "node_id" : 10},

	"10:580" : {"timestamp" : 1346182927, "air_time" : 4,
 		"sequence" : 580, "fails" : 2,
 		"retries" : 1, "sample_1" : 6.53,
 		"sample_2" : -8.56, "sample_3" : 10.32,
 		"sample_4" : 0, "node_id" : 10},

	"10:581" : {"timestamp" : 1346182928, "air_time" : 3,
 		"sequence" : 581, "fails" : 2,
 		"retries" : 0, "sample_1" : 8.46,
 		"sample_2" : -8.82, "sample_3" : 9.19,
 		"sample_4" : 0, "node_id" : 10},

	"10:582" : {"timestamp" : 1346182929, "air_time" : 8,
 		"sequence" : 582, "fails" : 2,
 		"retries" : 0, "sample_1" : 8.86,
 		"sample_2" : -8.39, "sample_3" : 8.60,
 		"sample_4" : 0, "node_id" : 10},

	"10:583" : {"timestamp" : 1346182930, "air_time" : 8,
 		"sequence" : 583, "fails" : 3,
 		"retries" : 0, "sample_1" : 11.30,
 		"sample_2" : -9.55, "sample_3" : 7.16,
 		"sample_4" : 0, "node_id" : 10},

	"10:584" : {"timestamp" : 1346182931, "air_time" : 5,
 		"sequence" : 584, "fails" : 2,
 		"retries" : 1, "sample_1" : 11.55,
 		"sample_2" : -8.61, "sample_3" : 7.20,
 		"sample_4" : 0, "node_id" : 10},

	"10:585" : {"timestamp" : 1346182932, "air_time" : 1,
 		"sequence" : 585, "fails" : 1,
 		"retries" : 2, "sample_1" : 10.50,
 		"sample_2" : -7.09, "sample_3" : 4.18,
 		"sample_4" : 0, "node_id" : 10},

	"10:586" : {"timestamp" : 1346182933, "air_time" : 8,
 		"sequence" : 586, "fails" : 3,
 		"retries" : 0, "sample_1" : 10.45,
 		"sample_2" : -5.52, "sample_3" : 2.73,
 		"sample_4" : 0, "node_id" : 10},

	"10:587" : {"timestamp" : 1346182934, "air_time" : 4,
 		"sequence" : 587, "fails" : 2,
 		"retries" : 2, "sample_1" : 9.50,
 		"sample_2" : -4.72, "sample_3" : 2.11,
 		"sample_4" : 0, "node_id" : 10},

	"10:588" : {"timestamp" : 1346182935, "air_time" : 6,
 		"sequence" : 588, "fails" : 0,
 		"retries" : 2, "sample_1" : 8.66,
 		"sample_2" : -3.85, "sample_3" : -0.63,
 		"sample_4" : 0, "node_id" : 10},

	"10:589" : {"timestamp" : 1346182936, "air_time" : 4,
 		"sequence" : 589, "fails" : 0,
 		"retries" : 2, "sample_1" : 7.66,
 		"sample_2" : -1.13, "sample_3" : -1.94,
 		"sample_4" : 0, "node_id" : 10},

	"10:590" : {"timestamp" : 1346182937, "air_time" : 1,
 		"sequence" : 590, "fails" : 0,
 		"retries" : 1, "sample_1" : 7.03,
 		"sample_2" : 0.27, "sample_3" : -3.97,
 		"sample_4" : 0, "node_id" : 10},

	"10:591" : {"timestamp" : 1346182938, "air_time" : 4,
 		"sequence" : 591, "fails" : 1,
 		"retries" : 1, "sample_1" : 6.70,
 		"sample_2" : 1.42, "sample_3" : -4.27,
 		"sample_4" : 0, "node_id" : 10},

	"10:592" : {"timestamp" : 1346182939, "air_time" : 8,
 		"sequence" : 592, "fails" : 1,
 		"retries" : 0, "sample_1" : 4.42,
 		"sample_2" : 2.94, "sample_3" : -6.68,
 		"sample_4" : 0, "node_id" : 10},

	"10:593" : {"timestamp" : 1346182940, "air_time" : 4,
 		"sequence" : 593, "fails" : 2,
 		"retries" : 1, "sample_1" : 2.84,
 		"sample_2" : 3.90, "sample_3" : -6.58,
 		"sample_4" : 0, "node_id" : 10},

	"10:594" : {"timestamp" : 1346182941, "air_time" : 6,
 		"sequence" : 594, "fails" : 0,
 		"retries" : 0, "sample_1" : 1.30,
 		"sample_2" : 5.44, "sample_3" : -8.93,
 		"sample_4" : 0, "node_id" : 10},

	"10:595" : {"timestamp" : 1346182942, "air_time" : 4,
 		"sequence" : 595, "fails" : 1,
 		"retries" : 0, "sample_1" : -0.74,
 		"sample_2" : 8.01, "sample_3" : -9.60,
 		"sample_4" : 0, "node_id" : 10},

	"10:596" : {"timestamp" : 1346182943, "air_time" : 7,
 		"sequence" : 596, "fails" : 0,
 		"retries" : 0, "sample_1" : -1.52,
 		"sample_2" : 8.58, "sample_3" : -9.67,
 		"sample_4" : 0, "node_id" : 10},

	"10:597" : {"timestamp" : 1346182944, "air_time" : 5,
 		"sequence" : 597, "fails" : 1,
 		"retries" : 0, "sample_1" : -4.30,
 		"sample_2" : 10.01, "sample_3" : -8.15,
 		"sample_4" : 0, "node_id" : 10},

	"10:598" : {"timestamp" : 1346182945, "air_time" : 7,
 		"sequence" : 598, "fails" : 3,
 		"retries" : 1, "sample_1" : -6.03,
 		"sample_2" : 9.96, "sample_3" : -8.92,
 		"sample_4" : 0, "node_id" : 10},

	"10:599" : {"timestamp" : 1346182946, "air_time" : 7,
 		"sequence" : 599, "fails" : 3,
 		"retries" : 0, "sample_1" : -6.86,
 		"sample_2" : 10.82, "sample_3" : -7.79,
 		"sample_4" : 0, "node_id" : 10},

	"10:600" : {"timestamp" : 1346182947, "air_time" : 7,
 		"sequence" : 600, "fails" : 0,
 		"retries" : 2, "sample_1" : -7.96,
 		"sample_2" : 10.69, "sample_3" : -7.00,
 		"sample_4" : 0, "node_id" : 10},

	"11:1" : {"timestamp" : 1346182348, "air_time" : 8,
 		"sequence" : 1, "fails" : 2,
 		"retries" : 0, "sample_1" : 1.84,
 		"sample_2" : -5.01, "sample_3" : 10.20,
 		"sample_4" : 0, "node_id" : 11},

	"11:2" : {"timestamp" : 1346182349, "air_time" : 6,
 		"sequence" : 2, "fails" : 3,
 		"retries" : 2, "sample_1" : 4.92,
 		"sample_2" : -7.88, "sample_3" : 11.77,
 		"sample_4" : 0, "node_id" : 11},

	"11:3" : {"timestamp" : 1346182350, "air_time" : 5,
 		"sequence" : 3, "fails" : 2,
 		"retries" : 1, "sample_1" : 5.70,
 		"sample_2" : -7.21, "sample_3" : 10.25,
 		"sample_4" : 0, "node_id" : 11},

	"11:4" : {"timestamp" : 1346182351, "air_time" : 2,
 		"sequence" : 4, "fails" : 3,
 		"retries" : 2, "sample_1" : 6.43,
 		"sample_2" : -9.56, "sample_3" : 9.62,
 		"sample_4" : 0, "node_id" : 11},

	"11:5" : {"timestamp" : 1346182352, "air_time" : 5,
 		"sequence" : 5, "fails" : 2,
 		"retries" : 2, "sample_1" : 7.76,
 		"sample_2" : -9.22, "sample_3" : 9.79,
 		"sample_4" : 0, "node_id" : 11},

	"11:6" : {"timestamp" : 1346182353, "air_time" : 9,
 		"sequence" : 6, "fails" : 3,
 		"retries" : 1, "sample_1" : 10.06,
 		"sample_2" : -8.99, "sample_3" : 8.50,
 		"sample_4" : 0, "node_id" : 11},

	"11:7" : {"timestamp" : 1346182354, "air_time" : 8,
 		"sequence" : 7, "fails" : 0,
 		"retries" : 1, "sample_1" : 9.60,
 		"sample_2" : -8.65, "sample_3" : 7.76,
 		"sample_4" : 0, "node_id" : 11},

	"11:8" : {"timestamp" : 1346182355, "air_time" : 5,
 		"sequence" : 8, "fails" : 2,
 		"retries" : 2, "sample_1" : 10.05,
 		"sample_2" : -8.61, "sample_3" : 6.00,
 		"sample_4" : 0, "node_id" : 11},

	"11:9" : {"timestamp" : 1346182356, "air_time" : 0,
 		"sequence" : 9, "fails" : 0,
 		"retries" : 2, "sample_1" : 10.90,
 		"sample_2" : -6.89, "sample_3" : 4.48,
 		"sample_4" : 0, "node_id" : 11},

	"11:10" : {"timestamp" : 1346182357, "air_time" : 6,
 		"sequence" : 10, "fails" : 3,
 		"retries" : 1, "sample_1" : 11.65,
 		"sample_2" : -6.32, "sample_3" : 3.33,
 		"sample_4" : 0, "node_id" : 11},

	"11:11" : {"timestamp" : 1346182358, "air_time" : 5,
 		"sequence" : 11, "fails" : 3,
 		"retries" : 2, "sample_1" : 9.80,
 		"sample_2" : -5.72, "sample_3" : 1.91,
 		"sample_4" : 0, "node_id" : 11},

	"11:12" : {"timestamp" : 1346182359, "air_time" : 0,
 		"sequence" : 12, "fails" : 0,
 		"retries" : 0, "sample_1" : 10.36,
 		"sample_2" : -2.75, "sample_3" : 0.27,
 		"sample_4" : 0, "node_id" : 11},

	"11:13" : {"timestamp" : 1346182360, "air_time" : 1,
 		"sequence" : 13, "fails" : 3,
 		"retries" : 1, "sample_1" : 9.36,
 		"sample_2" : -2.33, "sample_3" : -2.44,
 		"sample_4" : 0, "node_id" : 11},

	"11:14" : {"timestamp" : 1346182361, "air_time" : 0,
 		"sequence" : 14, "fails" : 2,
 		"retries" : 1, "sample_1" : 8.23,
 		"sample_2" : -0.83, "sample_3" : -3.77,
 		"sample_4" : 0, "node_id" : 11},

	"11:15" : {"timestamp" : 1346182362, "air_time" : 7,
 		"sequence" : 15, "fails" : 3,
 		"retries" : 1, "sample_1" : 6.80,
 		"sample_2" : 1.42, "sample_3" : -4.27,
 		"sample_4" : 0, "node_id" : 11},

	"11:16" : {"timestamp" : 1346182363, "air_time" : 8,
 		"sequence" : 16, "fails" : 3,
 		"retries" : 1, "sample_1" : 5.12,
 		"sample_2" : 2.24, "sample_3" : -5.28,
 		"sample_4" : 0, "node_id" : 11},

	"11:17" : {"timestamp" : 1346182364, "air_time" : 7,
 		"sequence" : 17, "fails" : 2,
 		"retries" : 0, "sample_1" : 2.24,
 		"sample_2" : 5.40, "sample_3" : -6.48,
 		"sample_4" : 0, "node_id" : 11},

	"11:18" : {"timestamp" : 1346182365, "air_time" : 3,
 		"sequence" : 18, "fails" : 0,
 		"retries" : 0, "sample_1" : 1.90,
 		"sample_2" : 6.54, "sample_3" : -7.23,
 		"sample_4" : 0, "node_id" : 11},

	"11:19" : {"timestamp" : 1346182366, "air_time" : 6,
 		"sequence" : 19, "fails" : 2,
 		"retries" : 1, "sample_1" : -0.84,
 		"sample_2" : 8.11, "sample_3" : -9.40,
 		"sample_4" : 0, "node_id" : 11},

	"11:20" : {"timestamp" : 1346182367, "air_time" : 3,
 		"sequence" : 20, "fails" : 1,
 		"retries" : 2, "sample_1" : -3.42,
 		"sample_2" : 8.98, "sample_3" : -8.17,
 		"sample_4" : 0, "node_id" : 11},

	"11:21" : {"timestamp" : 1346182368, "air_time" : 7,
 		"sequence" : 21, "fails" : 1,
 		"retries" : 0, "sample_1" : -4.90,
 		"sample_2" : 9.31, "sample_3" : -8.85,
 		"sample_4" : 0, "node_id" : 11},

	"11:22" : {"timestamp" : 1346182369, "air_time" : 4,
 		"sequence" : 22, "fails" : 2,
 		"retries" : 1, "sample_1" : -4.83,
 		"sample_2" : 10.36, "sample_3" : -8.22,
 		"sample_4" : 0, "node_id" : 11},

	"11:23" : {"timestamp" : 1346182370, "air_time" : 6,
 		"sequence" : 23, "fails" : 0,
 		"retries" : 0, "sample_1" : -7.16,
 		"sample_2" : 11.32, "sample_3" : -8.79,
 		"sample_4" : 0, "node_id" : 11},

	"11:24" : {"timestamp" : 1346182371, "air_time" : 5,
 		"sequence" : 24, "fails" : 1,
 		"retries" : 1, "sample_1" : -8.16,
 		"sample_2" : 9.99, "sample_3" : -7.70,
 		"sample_4" : 0, "node_id" : 11},

	"11:25" : {"timestamp" : 1346182372, "air_time" : 4,
 		"sequence" : 25, "fails" : 1,
 		"retries" : 0, "sample_1" : -8.90,
 		"sample_2" : 10.65, "sample_3" : -6.96,
 		"sample_4" : 0, "node_id" : 11},

	"11:26" : {"timestamp" : 1346182373, "air_time" : 5,
 		"sequence" : 26, "fails" : 2,
 		"retries" : 0, "sample_1" : -8.15,
 		"sample_2" : 9.91, "sample_3" : -4.70,
 		"sample_4" : 0, "node_id" : 11},

	"11:27" : {"timestamp" : 1346182374, "air_time" : 7,
 		"sequence" : 27, "fails" : 1,
 		"retries" : 1, "sample_1" : -8.60,
 		"sample_2" : 8.59, "sample_3" : -2.88,
 		"sample_4" : 0, "node_id" : 11},

	"11:28" : {"timestamp" : 1346182375, "air_time" : 2,
 		"sequence" : 28, "fails" : 3,
 		"retries" : 0, "sample_1" : -8.05,
 		"sample_2" : 8.32, "sample_3" : -2.43,
 		"sample_4" : 0, "node_id" : 11},

	"11:29" : {"timestamp" : 1346182376, "air_time" : 2,
 		"sequence" : 29, "fails" : 0,
 		"retries" : 1, "sample_1" : -8.20,
 		"sample_2" : 7.82, "sample_3" : 0.59,
 		"sample_4" : 0, "node_id" : 11},

	"11:30" : {"timestamp" : 1346182377, "air_time" : 4,
 		"sequence" : 30, "fails" : 0,
 		"retries" : 0, "sample_1" : -7.36,
 		"sample_2" : 5.65, "sample_3" : 2.23,
 		"sample_4" : 0, "node_id" : 11},

	"11:31" : {"timestamp" : 1346182378, "air_time" : 1,
 		"sequence" : 31, "fails" : 3,
 		"retries" : 2, "sample_1" : -6.16,
 		"sample_2" : 2.93, "sample_3" : 4.24,
 		"sample_4" : 0, "node_id" : 11},

	"11:32" : {"timestamp" : 1346182379, "air_time" : 5,
 		"sequence" : 32, "fails" : 0,
 		"retries" : 1, "sample_1" : -6.33,
 		"sample_2" : 2.83, "sample_3" : 6.07,
 		"sample_4" : 0, "node_id" : 11},

	"11:33" : {"timestamp" : 1346182380, "air_time" : 7,
 		"sequence" : 33, "fails" : 1,
 		"retries" : 0, "sample_1" : -4.70,
 		"sample_2" : 0.88, "sample_3" : 6.67,
 		"sample_4" : 0, "node_id" : 11},

	"11:34" : {"timestamp" : 1346182381, "air_time" : 7,
 		"sequence" : 34, "fails" : 2,
 		"retries" : 2, "sample_1" : -2.32,
 		"sample_2" : -1.54, "sample_3" : 7.78,
 		"sample_4" : 0, "node_id" : 11},

	"11:35" : {"timestamp" : 1346182382, "air_time" : 5,
 		"sequence" : 35, "fails" : 1,
 		"retries" : 0, "sample_1" : -0.54,
 		"sample_2" : -3.50, "sample_3" : 10.18,
 		"sample_4" : 0, "node_id" : 11},

	"11:36" : {"timestamp" : 1346182383, "air_time" : 3,
 		"sequence" : 36, "fails" : 0,
 		"retries" : 1, "sample_1" : 1.60,
 		"sample_2" : -4.94, "sample_3" : 10.93,
 		"sample_4" : 0, "node_id" : 11},

	"11:37" : {"timestamp" : 1346182384, "air_time" : 2,
 		"sequence" : 37, "fails" : 0,
 		"retries" : 1, "sample_1" : 3.64,
 		"sample_2" : -6.11, "sample_3" : 10.70,
 		"sample_4" : 0, "node_id" : 11},

	"11:38" : {"timestamp" : 1346182385, "air_time" : 5,
 		"sequence" : 38, "fails" : 0,
 		"retries" : 0, "sample_1" : 3.82,
 		"sample_2" : -7.88, "sample_3" : 11.07,
 		"sample_4" : 0, "node_id" : 11},

	"11:39" : {"timestamp" : 1346182386, "air_time" : 8,
 		"sequence" : 39, "fails" : 0,
 		"retries" : 0, "sample_1" : 6.60,
 		"sample_2" : -8.21, "sample_3" : 9.95,
 		"sample_4" : 0, "node_id" : 11},

	"11:40" : {"timestamp" : 1346182387, "air_time" : 4,
 		"sequence" : 40, "fails" : 0,
 		"retries" : 1, "sample_1" : 7.23,
 		"sample_2" : -8.86, "sample_3" : 10.72,
 		"sample_4" : 0, "node_id" : 11},

	"11:41" : {"timestamp" : 1346182388, "air_time" : 4,
 		"sequence" : 41, "fails" : 1,
 		"retries" : 1, "sample_1" : 9.56,
 		"sample_2" : -9.32, "sample_3" : 9.09,
 		"sample_4" : 0, "node_id" : 11},

	"11:42" : {"timestamp" : 1346182389, "air_time" : 0,
 		"sequence" : 42, "fails" : 3,
 		"retries" : 2, "sample_1" : 8.66,
 		"sample_2" : -8.69, "sample_3" : 9.70,
 		"sample_4" : 0, "node_id" : 11},

	"11:43" : {"timestamp" : 1346182390, "air_time" : 7,
 		"sequence" : 43, "fails" : 3,
 		"retries" : 1, "sample_1" : 9.80,
 		"sample_2" : -8.15, "sample_3" : 8.66,
 		"sample_4" : 0, "node_id" : 11},

	"11:44" : {"timestamp" : 1346182391, "air_time" : 5,
 		"sequence" : 44, "fails" : 0,
 		"retries" : 2, "sample_1" : 10.75,
 		"sample_2" : -9.11, "sample_3" : 7.10,
 		"sample_4" : 0, "node_id" : 11},

	"11:45" : {"timestamp" : 1346182392, "air_time" : 6,
 		"sequence" : 45, "fails" : 3,
 		"retries" : 0, "sample_1" : 11.30,
 		"sample_2" : -7.39, "sample_3" : 5.48,
 		"sample_4" : 0, "node_id" : 11},

	"11:46" : {"timestamp" : 1346182393, "air_time" : 0,
 		"sequence" : 46, "fails" : 2,
 		"retries" : 0, "sample_1" : 9.95,
 		"sample_2" : -6.12, "sample_3" : 4.33,
 		"sample_4" : 0, "node_id" : 11},

	"11:47" : {"timestamp" : 1346182394, "air_time" : 4,
 		"sequence" : 47, "fails" : 2,
 		"retries" : 1, "sample_1" : 11.00,
 		"sample_2" : -5.42, "sample_3" : 1.11,
 		"sample_4" : 0, "node_id" : 11},

	"11:48" : {"timestamp" : 1346182395, "air_time" : 7,
 		"sequence" : 48, "fails" : 2,
 		"retries" : 0, "sample_1" : 8.66,
 		"sample_2" : -3.35, "sample_3" : 0.57,
 		"sample_4" : 0, "node_id" : 11},

	"11:49" : {"timestamp" : 1346182396, "air_time" : 9,
 		"sequence" : 49, "fails" : 1,
 		"retries" : 1, "sample_1" : 8.66,
 		"sample_2" : -1.63, "sample_3" : -2.04,
 		"sample_4" : 0, "node_id" : 11},

	"11:50" : {"timestamp" : 1346182397, "air_time" : 0,
 		"sequence" : 50, "fails" : 0,
 		"retries" : 1, "sample_1" : 7.33,
 		"sample_2" : -0.43, "sample_3" : -2.87,
 		"sample_4" : 0, "node_id" : 11},

	"11:51" : {"timestamp" : 1346182398, "air_time" : 7,
 		"sequence" : 51, "fails" : 0,
 		"retries" : 1, "sample_1" : 6.30,
 		"sample_2" : 2.42, "sample_3" : -5.17,
 		"sample_4" : 0, "node_id" : 11},

	"11:52" : {"timestamp" : 1346182399, "air_time" : 4,
 		"sequence" : 52, "fails" : 1,
 		"retries" : 2, "sample_1" : 3.72,
 		"sample_2" : 3.64, "sample_3" : -5.58,
 		"sample_4" : 0, "node_id" : 11},

	"11:53" : {"timestamp" : 1346182400, "air_time" : 1,
 		"sequence" : 53, "fails" : 1,
 		"retries" : 2, "sample_1" : 2.94,
 		"sample_2" : 5.10, "sample_3" : -7.68,
 		"sample_4" : 0, "node_id" : 11},

	"11:54" : {"timestamp" : 1346182401, "air_time" : 4,
 		"sequence" : 54, "fails" : 0,
 		"retries" : 0, "sample_1" : 1.70,
 		"sample_2" : 7.04, "sample_3" : -8.23,
 		"sample_4" : 0, "node_id" : 11},

	"11:55" : {"timestamp" : 1346182402, "air_time" : 9,
 		"sequence" : 55, "fails" : 2,
 		"retries" : 0, "sample_1" : -0.44,
 		"sample_2" : 7.91, "sample_3" : -8.90,
 		"sample_4" : 0, "node_id" : 11},

	"11:56" : {"timestamp" : 1346182403, "air_time" : 0,
 		"sequence" : 56, "fails" : 0,
 		"retries" : 0, "sample_1" : -2.32,
 		"sample_2" : 9.68, "sample_3" : -9.67,
 		"sample_4" : 0, "node_id" : 11},

	"11:57" : {"timestamp" : 1346182404, "air_time" : 4,
 		"sequence" : 57, "fails" : 0,
 		"retries" : 1, "sample_1" : -3.60,
 		"sample_2" : 9.01, "sample_3" : -9.15,
 		"sample_4" : 0, "node_id" : 11},

	"11:58" : {"timestamp" : 1346182405, "air_time" : 7,
 		"sequence" : 58, "fails" : 3,
 		"retries" : 2, "sample_1" : -5.73,
 		"sample_2" : 9.86, "sample_3" : -8.82,
 		"sample_4" : 0, "node_id" : 11},

	"11:59" : {"timestamp" : 1346182406, "air_time" : 6,
 		"sequence" : 59, "fails" : 0,
 		"retries" : 0, "sample_1" : -5.96,
 		"sample_2" : 11.12, "sample_3" : -7.19,
 		"sample_4" : 0, "node_id" : 11},

	"11:60" : {"timestamp" : 1346182407, "air_time" : 7,
 		"sequence" : 60, "fails" : 1,
 		"retries" : 1, "sample_1" : -8.36,
 		"sample_2" : 10.19, "sample_3" : -6.30,
 		"sample_4" : 0, "node_id" : 11},

	"11:61" : {"timestamp" : 1346182408, "air_time" : 5,
 		"sequence" : 61, "fails" : 2,
 		"retries" : 1, "sample_1" : -7.50,
 		"sample_2" : 11.15, "sample_3" : -5.26,
 		"sample_4" : 0, "node_id" : 11},

	"11:62" : {"timestamp" : 1346182409, "air_time" : 6,
 		"sequence" : 62, "fails" : 1,
 		"retries" : 2, "sample_1" : -8.05,
 		"sample_2" : 9.21, "sample_3" : -4.80,
 		"sample_4" : 0, "node_id" : 11},

	"11:63" : {"timestamp" : 1346182410, "air_time" : 9,
 		"sequence" : 63, "fails" : 3,
 		"retries" : 1, "sample_1" : -9.20,
 		"sample_2" : 8.69, "sample_3" : -3.48,
 		"sample_4" : 0, "node_id" : 11},

	"11:64" : {"timestamp" : 1346182411, "air_time" : 3,
 		"sequence" : 64, "fails" : 0,
 		"retries" : 1, "sample_1" : -9.35,
 		"sample_2" : 8.72, "sample_3" : -1.83,
 		"sample_4" : 0, "node_id" : 11},

	"11:65" : {"timestamp" : 1346182412, "air_time" : 7,
 		"sequence" : 65, "fails" : 0,
 		"retries" : 1, "sample_1" : -8.60,
 		"sample_2" : 6.02, "sample_3" : 1.19,
 		"sample_4" : 0, "node_id" : 11},

	"11:66" : {"timestamp" : 1346182413, "air_time" : 7,
 		"sequence" : 66, "fails" : 2,
 		"retries" : 0, "sample_1" : -7.76,
 		"sample_2" : 5.05, "sample_3" : 1.73,
 		"sample_4" : 0, "node_id" : 11},

	"11:67" : {"timestamp" : 1346182414, "air_time" : 4,
 		"sequence" : 67, "fails" : 2,
 		"retries" : 1, "sample_1" : -5.76,
 		"sample_2" : 3.23, "sample_3" : 3.24,
 		"sample_4" : 0, "node_id" : 11},

	"11:68" : {"timestamp" : 1346182415, "air_time" : 4,
 		"sequence" : 68, "fails" : 0,
 		"retries" : 2, "sample_1" : -5.23,
 		"sample_2" : 1.73, "sample_3" : 4.77,
 		"sample_4" : 0, "node_id" : 11},

	"11:69" : {"timestamp" : 1346182416, "air_time" : 3,
 		"sequence" : 69, "fails" : 0,
 		"retries" : 0, "sample_1" : -4.30,
 		"sample_2" : 1.28, "sample_3" : 6.67,
 		"sample_4" : 0, "node_id" : 11},

	"11:70" : {"timestamp" : 1346182417, "air_time" : 4,
 		"sequence" : 70, "fails" : 1,
 		"retries" : 1, "sample_1" : -2.42,
 		"sample_2" : -1.34, "sample_3" : 7.68,
 		"sample_4" : 0, "node_id" : 11},

	"11:71" : {"timestamp" : 1346182418, "air_time" : 2,
 		"sequence" : 71, "fails" : 3,
 		"retries" : 1, "sample_1" : -0.24,
 		"sample_2" : -2.80, "sample_3" : 9.58,
 		"sample_4" : 0, "node_id" : 11},

	"11:72" : {"timestamp" : 1346182419, "air_time" : 4,
 		"sequence" : 72, "fails" : 2,
 		"retries" : 0, "sample_1" : 0.80,
 		"sample_2" : -5.34, "sample_3" : 10.63,
 		"sample_4" : 0, "node_id" : 11},

	"11:73" : {"timestamp" : 1346182420, "air_time" : 3,
 		"sequence" : 73, "fails" : 2,
 		"retries" : 2, "sample_1" : 2.24,
 		"sample_2" : -5.41, "sample_3" : 10.30,
 		"sample_4" : 0, "node_id" : 11},

	"11:74" : {"timestamp" : 1346182421, "air_time" : 5,
 		"sequence" : 74, "fails" : 3,
 		"retries" : 0, "sample_1" : 5.12,
 		"sample_2" : -6.38, "sample_3" : 11.57,
 		"sample_4" : 0, "node_id" : 11},

	"11:75" : {"timestamp" : 1346182422, "air_time" : 8,
 		"sequence" : 75, "fails" : 3,
 		"retries" : 2, "sample_1" : 5.10,
 		"sample_2" : -8.31, "sample_3" : 11.25,
 		"sample_4" : 0, "node_id" : 11},

	"11:76" : {"timestamp" : 1346182423, "air_time" : 9,
 		"sequence" : 76, "fails" : 1,
 		"retries" : 1, "sample_1" : 7.33,
 		"sample_2" : -9.56, "sample_3" : 9.82,
 		"sample_4" : 0, "node_id" : 11},

	"11:77" : {"timestamp" : 1346182424, "air_time" : 1,
 		"sequence" : 77, "fails" : 1,
 		"retries" : 2, "sample_1" : 8.06,
 		"sample_2" : -8.62, "sample_3" : 9.19,
 		"sample_4" : 0, "node_id" : 11},

	"11:78" : {"timestamp" : 1346182425, "air_time" : 4,
 		"sequence" : 78, "fails" : 0,
 		"retries" : 2, "sample_1" : 9.06,
 		"sample_2" : -9.89, "sample_3" : 8.70,
 		"sample_4" : 0, "node_id" : 11},

	"11:79" : {"timestamp" : 1346182426, "air_time" : 9,
 		"sequence" : 79, "fails" : 2,
 		"retries" : 1, "sample_1" : 10.50,
 		"sample_2" : -8.45, "sample_3" : 7.26,
 		"sample_4" : 0, "node_id" : 11},

	"11:80" : {"timestamp" : 1346182427, "air_time" : 3,
 		"sequence" : 80, "fails" : 2,
 		"retries" : 2, "sample_1" : 10.55,
 		"sample_2" : -8.91, "sample_3" : 5.80,
 		"sample_4" : 0, "node_id" : 11},

	"11:81" : {"timestamp" : 1346182428, "air_time" : 8,
 		"sequence" : 81, "fails" : 3,
 		"retries" : 0, "sample_1" : 10.80,
 		"sample_2" : -8.09, "sample_3" : 5.58,
 		"sample_4" : 0, "node_id" : 11},

	"11:82" : {"timestamp" : 1346182429, "air_time" : 8,
 		"sequence" : 82, "fails" : 3,
 		"retries" : 2, "sample_1" : 10.55,
 		"sample_2" : -5.42, "sample_3" : 3.63,
 		"sample_4" : 0, "node_id" : 11},

	"11:83" : {"timestamp" : 1346182430, "air_time" : 1,
 		"sequence" : 83, "fails" : 3,
 		"retries" : 0, "sample_1" : 10.30,
 		"sample_2" : -4.52, "sample_3" : 1.21,
 		"sample_4" : 0, "node_id" : 11},

	"11:84" : {"timestamp" : 1346182431, "air_time" : 5,
 		"sequence" : 84, "fails" : 3,
 		"retries" : 1, "sample_1" : 9.76,
 		"sample_2" : -3.05, "sample_3" : 0.87,
 		"sample_4" : 0, "node_id" : 11},

	"11:85" : {"timestamp" : 1346182432, "air_time" : 7,
 		"sequence" : 85, "fails" : 3,
 		"retries" : 0, "sample_1" : 7.76,
 		"sample_2" : -1.23, "sample_3" : -2.44,
 		"sample_4" : 0, "node_id" : 11},

	"11:86" : {"timestamp" : 1346182433, "air_time" : 9,
 		"sequence" : 86, "fails" : 3,
 		"retries" : 2, "sample_1" : 7.63,
 		"sample_2" : -0.43, "sample_3" : -2.47,
 		"sample_4" : 0, "node_id" : 11},

	"11:87" : {"timestamp" : 1346182434, "air_time" : 6,
 		"sequence" : 87, "fails" : 0,
 		"retries" : 1, "sample_1" : 6.40,
 		"sample_2" : 2.02, "sample_3" : -5.47,
 		"sample_4" : 0, "node_id" : 11},

	"11:88" : {"timestamp" : 1346182435, "air_time" : 9,
 		"sequence" : 88, "fails" : 2,
 		"retries" : 2, "sample_1" : 4.12,
 		"sample_2" : 2.94, "sample_3" : -6.68,
 		"sample_4" : 0, "node_id" : 11},

	"11:89" : {"timestamp" : 1346182436, "air_time" : 8,
 		"sequence" : 89, "fails" : 3,
 		"retries" : 0, "sample_1" : 2.94,
 		"sample_2" : 5.40, "sample_3" : -8.28,
 		"sample_4" : 0, "node_id" : 11},

	"11:90" : {"timestamp" : 1346182437, "air_time" : 4,
 		"sequence" : 90, "fails" : 1,
 		"retries" : 0, "sample_1" : 0.80,
 		"sample_2" : 6.04, "sample_3" : -7.53,
 		"sample_4" : 0, "node_id" : 11},

	"11:91" : {"timestamp" : 1346182438, "air_time" : 1,
 		"sequence" : 91, "fails" : 3,
 		"retries" : 2, "sample_1" : 0.16,
 		"sample_2" : 7.51, "sample_3" : -7.80,
 		"sample_4" : 0, "node_id" : 11},

	"11:92" : {"timestamp" : 1346182439, "air_time" : 2,
 		"sequence" : 92, "fails" : 3,
 		"retries" : 1, "sample_1" : -3.12,
 		"sample_2" : 8.98, "sample_3" : -9.97,
 		"sample_4" : 0, "node_id" : 11},

	"11:93" : {"timestamp" : 1346182440, "air_time" : 8,
 		"sequence" : 93, "fails" : 3,
 		"retries" : 0, "sample_1" : -3.10,
 		"sample_2" : 10.61, "sample_3" : -9.75,
 		"sample_4" : 0, "node_id" : 11},

	"11:94" : {"timestamp" : 1346182441, "air_time" : 5,
 		"sequence" : 94, "fails" : 2,
 		"retries" : 0, "sample_1" : -5.93,
 		"sample_2" : 11.36, "sample_3" : -8.22,
 		"sample_4" : 0, "node_id" : 11},

	"11:95" : {"timestamp" : 1346182442, "air_time" : 3,
 		"sequence" : 95, "fails" : 3,
 		"retries" : 2, "sample_1" : -6.86,
 		"sample_2" : 11.32, "sample_3" : -8.49,
 		"sample_4" : 0, "node_id" : 11},

	"11:96" : {"timestamp" : 1346182443, "air_time" : 9,
 		"sequence" : 96, "fails" : 3,
 		"retries" : 0, "sample_1" : -6.76,
 		"sample_2" : 10.09, "sample_3" : -7.30,
 		"sample_4" : 0, "node_id" : 11},

	"11:97" : {"timestamp" : 1346182444, "air_time" : 6,
 		"sequence" : 97, "fails" : 0,
 		"retries" : 0, "sample_1" : -8.70,
 		"sample_2" : 10.85, "sample_3" : -6.76,
 		"sample_4" : 0, "node_id" : 11},

	"11:98" : {"timestamp" : 1346182445, "air_time" : 9,
 		"sequence" : 98, "fails" : 0,
 		"retries" : 2, "sample_1" : -8.45,
 		"sample_2" : 9.61, "sample_3" : -4.90,
 		"sample_4" : 0, "node_id" : 11},

	"11:99" : {"timestamp" : 1346182446, "air_time" : 9,
 		"sequence" : 99, "fails" : 0,
 		"retries" : 2, "sample_1" : -9.00,
 		"sample_2" : 8.69, "sample_3" : -3.68,
 		"sample_4" : 0, "node_id" : 11},

	"11:100" : {"timestamp" : 1346182447, "air_time" : 7,
 		"sequence" : 100, "fails" : 2,
 		"retries" : 2, "sample_1" : -8.55,
 		"sample_2" : 8.52, "sample_3" : -2.33,
 		"sample_4" : 0, "node_id" : 11},

	"11:101" : {"timestamp" : 1346182448, "air_time" : 4,
 		"sequence" : 101, "fails" : 0,
 		"retries" : 0, "sample_1" : -8.00,
 		"sample_2" : 6.42, "sample_3" : -0.51,
 		"sample_4" : 0, "node_id" : 11},

	"11:102" : {"timestamp" : 1346182449, "air_time" : 0,
 		"sequence" : 102, "fails" : 2,
 		"retries" : 0, "sample_1" : -6.96,
 		"sample_2" : 6.25, "sample_3" : 1.43,
 		"sample_4" : 0, "node_id" : 11},

	"11:103" : {"timestamp" : 1346182450, "air_time" : 7,
 		"sequence" : 103, "fails" : 2,
 		"retries" : 1, "sample_1" : -6.56,
 		"sample_2" : 4.13, "sample_3" : 3.24,
 		"sample_4" : 0, "node_id" : 11},

	"11:104" : {"timestamp" : 1346182451, "air_time" : 5,
 		"sequence" : 104, "fails" : 3,
 		"retries" : 2, "sample_1" : -6.13,
 		"sample_2" : 2.53, "sample_3" : 5.57,
 		"sample_4" : 0, "node_id" : 11},

	"11:105" : {"timestamp" : 1346182452, "air_time" : 7,
 		"sequence" : 105, "fails" : 3,
 		"retries" : 1, "sample_1" : -3.50,
 		"sample_2" : -0.12, "sample_3" : 7.47,
 		"sample_4" : 0, "node_id" : 11},

	"11:106" : {"timestamp" : 1346182453, "air_time" : 5,
 		"sequence" : 106, "fails" : 1,
 		"retries" : 1, "sample_1" : -3.32,
 		"sample_2" : -1.34, "sample_3" : 7.58,
 		"sample_4" : 0, "node_id" : 11},

	"11:107" : {"timestamp" : 1346182454, "air_time" : 1,
 		"sequence" : 107, "fails" : 2,
 		"retries" : 2, "sample_1" : -1.54,
 		"sample_2" : -3.50, "sample_3" : 8.78,
 		"sample_4" : 0, "node_id" : 11},

	"11:108" : {"timestamp" : 1346182455, "air_time" : 2,
 		"sequence" : 108, "fails" : 2,
 		"retries" : 0, "sample_1" : 1.50,
 		"sample_2" : -4.34, "sample_3" : 9.63,
 		"sample_4" : 0, "node_id" : 11},

	"11:109" : {"timestamp" : 1346182456, "air_time" : 1,
 		"sequence" : 109, "fails" : 3,
 		"retries" : 0, "sample_1" : 3.04,
 		"sample_2" : -6.81, "sample_3" : 10.50,
 		"sample_4" : 0, "node_id" : 11},

	"11:110" : {"timestamp" : 1346182457, "air_time" : 5,
 		"sequence" : 110, "fails" : 1,
 		"retries" : 1, "sample_1" : 4.62,
 		"sample_2" : -6.88, "sample_3" : 9.97,
 		"sample_4" : 0, "node_id" : 11},

	"11:111" : {"timestamp" : 1346182458, "air_time" : 0,
 		"sequence" : 111, "fails" : 0,
 		"retries" : 0, "sample_1" : 6.80,
 		"sample_2" : -7.41, "sample_3" : 11.65,
 		"sample_4" : 0, "node_id" : 11},

	"11:112" : {"timestamp" : 1346182459, "air_time" : 1,
 		"sequence" : 112, "fails" : 1,
 		"retries" : 1, "sample_1" : 7.43,
 		"sample_2" : -8.16, "sample_3" : 9.62,
 		"sample_4" : 0, "node_id" : 11},

	"11:113" : {"timestamp" : 1346182460, "air_time" : 1,
 		"sequence" : 113, "fails" : 1,
 		"retries" : 1, "sample_1" : 9.56,
 		"sample_2" : -8.62, "sample_3" : 9.19,
 		"sample_4" : 0, "node_id" : 11},

	"11:114" : {"timestamp" : 1346182461, "air_time" : 8,
 		"sequence" : 114, "fails" : 3,
 		"retries" : 2, "sample_1" : 10.26,
 		"sample_2" : -9.29, "sample_3" : 9.70,
 		"sample_4" : 0, "node_id" : 11},

	"11:115" : {"timestamp" : 1346182462, "air_time" : 5,
 		"sequence" : 115, "fails" : 3,
 		"retries" : 1, "sample_1" : 10.60,
 		"sample_2" : -8.95, "sample_3" : 7.06,
 		"sample_4" : 0, "node_id" : 11},

	"11:116" : {"timestamp" : 1346182463, "air_time" : 1,
 		"sequence" : 116, "fails" : 3,
 		"retries" : 1, "sample_1" : 10.95,
 		"sample_2" : -8.61, "sample_3" : 6.90,
 		"sample_4" : 0, "node_id" : 11},

	"11:117" : {"timestamp" : 1346182464, "air_time" : 1,
 		"sequence" : 117, "fails" : 2,
 		"retries" : 2, "sample_1" : 11.40,
 		"sample_2" : -7.49, "sample_3" : 5.18,
 		"sample_4" : 0, "node_id" : 11},

	"11:118" : {"timestamp" : 1346182465, "air_time" : 0,
 		"sequence" : 118, "fails" : 0,
 		"retries" : 2, "sample_1" : 10.55,
 		"sample_2" : -7.22, "sample_3" : 3.33,
 		"sample_4" : 0, "node_id" : 11},

	"11:119" : {"timestamp" : 1346182466, "air_time" : 1,
 		"sequence" : 119, "fails" : 2,
 		"retries" : 1, "sample_1" : 10.10,
 		"sample_2" : -4.72, "sample_3" : 1.21,
 		"sample_4" : 0, "node_id" : 11},

	"11:120" : {"timestamp" : 1346182467, "air_time" : 4,
 		"sequence" : 120, "fails" : 1,
 		"retries" : 1, "sample_1" : 9.66,
 		"sample_2" : -3.35, "sample_3" : -0.63,
 		"sample_4" : 0, "node_id" : 11},

	"11:121" : {"timestamp" : 1346182468, "air_time" : 8,
 		"sequence" : 121, "fails" : 1,
 		"retries" : 0, "sample_1" : 9.46,
 		"sample_2" : -2.43, "sample_3" : -1.94,
 		"sample_4" : 0, "node_id" : 11},

	"11:122" : {"timestamp" : 1346182469, "air_time" : 4,
 		"sequence" : 122, "fails" : 0,
 		"retries" : 2, "sample_1" : 8.33,
 		"sample_2" : -0.03, "sample_3" : -4.17,
 		"sample_4" : 0, "node_id" : 11},

	"11:123" : {"timestamp" : 1346182470, "air_time" : 4,
 		"sequence" : 123, "fails" : 3,
 		"retries" : 0, "sample_1" : 5.40,
 		"sample_2" : 0.52, "sample_3" : -4.57,
 		"sample_4" : 0, "node_id" : 11},

	"11:124" : {"timestamp" : 1346182471, "air_time" : 4,
 		"sequence" : 124, "fails" : 1,
 		"retries" : 2, "sample_1" : 4.42,
 		"sample_2" : 2.64, "sample_3" : -5.88,
 		"sample_4" : 0, "node_id" : 11},

	"11:125" : {"timestamp" : 1346182472, "air_time" : 1,
 		"sequence" : 125, "fails" : 0,
 		"retries" : 0, "sample_1" : 2.94,
 		"sample_2" : 5.10, "sample_3" : -7.38,
 		"sample_4" : 0, "node_id" : 11},

	"11:126" : {"timestamp" : 1346182473, "air_time" : 4,
 		"sequence" : 126, "fails" : 3,
 		"retries" : 2, "sample_1" : 0.80,
 		"sample_2" : 6.04, "sample_3" : -8.03,
 		"sample_4" : 0, "node_id" : 11},

	"11:127" : {"timestamp" : 1346182474, "air_time" : 8,
 		"sequence" : 127, "fails" : 3,
 		"retries" : 2, "sample_1" : -1.14,
 		"sample_2" : 7.61, "sample_3" : -8.20,
 		"sample_4" : 0, "node_id" : 11},

	"11:128" : {"timestamp" : 1346182475, "air_time" : 9,
 		"sequence" : 128, "fails" : 1,
 		"retries" : 1, "sample_1" : -2.72,
 		"sample_2" : 8.58, "sample_3" : -8.17,
 		"sample_4" : 0, "node_id" : 11},

	"11:129" : {"timestamp" : 1346182476, "air_time" : 5,
 		"sequence" : 129, "fails" : 0,
 		"retries" : 2, "sample_1" : -4.70,
 		"sample_2" : 9.11, "sample_3" : -9.25,
 		"sample_4" : 0, "node_id" : 11},

	"11:130" : {"timestamp" : 1346182477, "air_time" : 5,
 		"sequence" : 130, "fails" : 3,
 		"retries" : 1, "sample_1" : -5.63,
 		"sample_2" : 11.36, "sample_3" : -9.22,
 		"sample_4" : 0, "node_id" : 11},

	"11:131" : {"timestamp" : 1346182478, "air_time" : 3,
 		"sequence" : 131, "fails" : 0,
 		"retries" : 2, "sample_1" : -5.86,
 		"sample_2" : 11.22, "sample_3" : -7.59,
 		"sample_4" : 0, "node_id" : 11},

	"11:132" : {"timestamp" : 1346182479, "air_time" : 8,
 		"sequence" : 132, "fails" : 3,
 		"retries" : 1, "sample_1" : -8.16,
 		"sample_2" : 11.69, "sample_3" : -7.80,
 		"sample_4" : 0, "node_id" : 11},

	"11:133" : {"timestamp" : 1346182480, "air_time" : 4,
 		"sequence" : 133, "fails" : 2,
 		"retries" : 2, "sample_1" : -8.80,
 		"sample_2" : 10.95, "sample_3" : -6.26,
 		"sample_4" : 0, "node_id" : 11},

	"11:134" : {"timestamp" : 1346182481, "air_time" : 9,
 		"sequence" : 134, "fails" : 0,
 		"retries" : 1, "sample_1" : -9.85,
 		"sample_2" : 9.61, "sample_3" : -5.40,
 		"sample_4" : 0, "node_id" : 11},

	"11:135" : {"timestamp" : 1346182482, "air_time" : 8,
 		"sequence" : 135, "fails" : 2,
 		"retries" : 2, "sample_1" : -8.50,
 		"sample_2" : 8.59, "sample_3" : -2.18,
 		"sample_4" : 0, "node_id" : 11},

	"11:136" : {"timestamp" : 1346182483, "air_time" : 9,
 		"sequence" : 136, "fails" : 2,
 		"retries" : 0, "sample_1" : -8.85,
 		"sample_2" : 8.32, "sample_3" : -1.73,
 		"sample_4" : 0, "node_id" : 11},

	"11:137" : {"timestamp" : 1346182484, "air_time" : 4,
 		"sequence" : 137, "fails" : 1,
 		"retries" : 1, "sample_1" : -8.60,
 		"sample_2" : 6.92, "sample_3" : -0.41,
 		"sample_4" : 0, "node_id" : 11},

	"11:138" : {"timestamp" : 1346182485, "air_time" : 7,
 		"sequence" : 138, "fails" : 2,
 		"retries" : 2, "sample_1" : -7.96,
 		"sample_2" : 6.15, "sample_3" : 1.33,
 		"sample_4" : 0, "node_id" : 11},

	"11:139" : {"timestamp" : 1346182486, "air_time" : 2,
 		"sequence" : 139, "fails" : 3,
 		"retries" : 0, "sample_1" : -6.06,
 		"sample_2" : 4.13, "sample_3" : 3.44,
 		"sample_4" : 0, "node_id" : 11},

	"11:140" : {"timestamp" : 1346182487, "air_time" : 4,
 		"sequence" : 140, "fails" : 1,
 		"retries" : 2, "sample_1" : -5.83,
 		"sample_2" : 1.63, "sample_3" : 5.77,
 		"sample_4" : 0, "node_id" : 11},

	"11:141" : {"timestamp" : 1346182488, "air_time" : 6,
 		"sequence" : 141, "fails" : 2,
 		"retries" : 1, "sample_1" : -4.90,
 		"sample_2" : -0.32, "sample_3" : 5.97,
 		"sample_4" : 0, "node_id" : 11},

	"11:142" : {"timestamp" : 1346182489, "air_time" : 3,
 		"sequence" : 142, "fails" : 1,
 		"retries" : 1, "sample_1" : -3.32,
 		"sample_2" : -1.24, "sample_3" : 9.08,
 		"sample_4" : 0, "node_id" : 11},

	"11:143" : {"timestamp" : 1346182490, "air_time" : 5,
 		"sequence" : 143, "fails" : 2,
 		"retries" : 2, "sample_1" : -1.64,
 		"sample_2" : -2.10, "sample_3" : 8.98,
 		"sample_4" : 0, "node_id" : 11},

	"11:144" : {"timestamp" : 1346182491, "air_time" : 6,
 		"sequence" : 144, "fails" : 2,
 		"retries" : 0, "sample_1" : 0.70,
 		"sample_2" : -4.54, "sample_3" : 10.63,
 		"sample_4" : 0, "node_id" : 11},

	"11:145" : {"timestamp" : 1346182492, "air_time" : 5,
 		"sequence" : 145, "fails" : 1,
 		"retries" : 2, "sample_1" : 1.94,
 		"sample_2" : -5.01, "sample_3" : 10.30,
 		"sample_4" : 0, "node_id" : 11},

	"11:146" : {"timestamp" : 1346182493, "air_time" : 3,
 		"sequence" : 146, "fails" : 0,
 		"retries" : 2, "sample_1" : 4.02,
 		"sample_2" : -6.88, "sample_3" : 10.17,
 		"sample_4" : 0, "node_id" : 11},

	"11:147" : {"timestamp" : 1346182494, "air_time" : 9,
 		"sequence" : 147, "fails" : 3,
 		"retries" : 2, "sample_1" : 6.50,
 		"sample_2" : -8.91, "sample_3" : 10.75,
 		"sample_4" : 0, "node_id" : 11},

	"11:148" : {"timestamp" : 1346182495, "air_time" : 1,
 		"sequence" : 148, "fails" : 0,
 		"retries" : 0, "sample_1" : 6.73,
 		"sample_2" : -8.56, "sample_3" : 10.42,
 		"sample_4" : 0, "node_id" : 11},

	"11:149" : {"timestamp" : 1346182496, "air_time" : 8,
 		"sequence" : 149, "fails" : 2,
 		"retries" : 2, "sample_1" : 8.86,
 		"sample_2" : -9.32, "sample_3" : 10.19,
 		"sample_4" : 0, "node_id" : 11},

	"11:150" : {"timestamp" : 1346182497, "air_time" : 6,
 		"sequence" : 150, "fails" : 0,
 		"retries" : 2, "sample_1" : 9.76,
 		"sample_2" : -9.39, "sample_3" : 9.70,
 		"sample_4" : 0, "node_id" : 11},

	"11:151" : {"timestamp" : 1346182498, "air_time" : 2,
 		"sequence" : 151, "fails" : 0,
 		"retries" : 2, "sample_1" : 10.80,
 		"sample_2" : -8.95, "sample_3" : 7.36,
 		"sample_4" : 0, "node_id" : 11},

	"11:152" : {"timestamp" : 1346182499, "air_time" : 0,
 		"sequence" : 152, "fails" : 1,
 		"retries" : 0, "sample_1" : 10.45,
 		"sample_2" : -8.41, "sample_3" : 6.50,
 		"sample_4" : 0, "node_id" : 11},

	"11:153" : {"timestamp" : 1346182500, "air_time" : 1,
 		"sequence" : 153, "fails" : 1,
 		"retries" : 0, "sample_1" : 10.70,
 		"sample_2" : -8.29, "sample_3" : 4.38,
 		"sample_4" : 0, "node_id" : 11},

	"11:154" : {"timestamp" : 1346182501, "air_time" : 0,
 		"sequence" : 154, "fails" : 0,
 		"retries" : 0, "sample_1" : 10.25,
 		"sample_2" : -6.42, "sample_3" : 2.83,
 		"sample_4" : 0, "node_id" : 11},

	"11:155" : {"timestamp" : 1346182502, "air_time" : 3,
 		"sequence" : 155, "fails" : 1,
 		"retries" : 0, "sample_1" : 9.60,
 		"sample_2" : -4.62, "sample_3" : 0.71,
 		"sample_4" : 0, "node_id" : 11},

	"11:156" : {"timestamp" : 1346182503, "air_time" : 7,
 		"sequence" : 156, "fails" : 2,
 		"retries" : 2, "sample_1" : 9.16,
 		"sample_2" : -3.35, "sample_3" : 0.67,
 		"sample_4" : 0, "node_id" : 11},

	"11:157" : {"timestamp" : 1346182504, "air_time" : 0,
 		"sequence" : 157, "fails" : 2,
 		"retries" : 2, "sample_1" : 8.96,
 		"sample_2" : -1.53, "sample_3" : -2.34,
 		"sample_4" : 0, "node_id" : 11},

	"11:158" : {"timestamp" : 1346182505, "air_time" : 6,
 		"sequence" : 158, "fails" : 0,
 		"retries" : 2, "sample_1" : 7.33,
 		"sample_2" : 0.57, "sample_3" : -3.47,
 		"sample_4" : 0, "node_id" : 11},

	"11:159" : {"timestamp" : 1346182506, "air_time" : 7,
 		"sequence" : 159, "fails" : 3,
 		"retries" : 0, "sample_1" : 6.80,
 		"sample_2" : 1.02, "sample_3" : -3.97,
 		"sample_4" : 0, "node_id" : 11},

	"11:160" : {"timestamp" : 1346182507, "air_time" : 1,
 		"sequence" : 160, "fails" : 1,
 		"retries" : 1, "sample_1" : 4.02,
 		"sample_2" : 4.14, "sample_3" : -6.88,
 		"sample_4" : 0, "node_id" : 11},

	"11:161" : {"timestamp" : 1346182508, "air_time" : 4,
 		"sequence" : 161, "fails" : 0,
 		"retries" : 0, "sample_1" : 3.24,
 		"sample_2" : 5.20, "sample_3" : -6.98,
 		"sample_4" : 0, "node_id" : 11},

	"11:162" : {"timestamp" : 1346182509, "air_time" : 7,
 		"sequence" : 162, "fails" : 2,
 		"retries" : 0, "sample_1" : 0.40,
 		"sample_2" : 5.64, "sample_3" : -7.83,
 		"sample_4" : 0, "node_id" : 11},

	"11:163" : {"timestamp" : 1346182510, "air_time" : 1,
 		"sequence" : 163, "fails" : 2,
 		"retries" : 0, "sample_1" : -0.34,
 		"sample_2" : 8.41, "sample_3" : -7.80,
 		"sample_4" : 0, "node_id" : 11},

	"11:164" : {"timestamp" : 1346182511, "air_time" : 7,
 		"sequence" : 164, "fails" : 0,
 		"retries" : 1, "sample_1" : -2.62,
 		"sample_2" : 9.18, "sample_3" : -9.17,
 		"sample_4" : 0, "node_id" : 11},

	"11:165" : {"timestamp" : 1346182512, "air_time" : 6,
 		"sequence" : 165, "fails" : 3,
 		"retries" : 2, "sample_1" : -3.60,
 		"sample_2" : 10.71, "sample_3" : -9.75,
 		"sample_4" : 0, "node_id" : 11},

	"11:166" : {"timestamp" : 1346182513, "air_time" : 2,
 		"sequence" : 166, "fails" : 1,
 		"retries" : 0, "sample_1" : -5.83,
 		"sample_2" : 10.06, "sample_3" : -9.12,
 		"sample_4" : 0, "node_id" : 11},

	"11:167" : {"timestamp" : 1346182514, "air_time" : 8,
 		"sequence" : 167, "fails" : 1,
 		"retries" : 2, "sample_1" : -6.06,
 		"sample_2" : 11.72, "sample_3" : -7.89,
 		"sample_4" : 0, "node_id" : 11},

	"11:168" : {"timestamp" : 1346182515, "air_time" : 0,
 		"sequence" : 168, "fails" : 2,
 		"retries" : 1, "sample_1" : -8.56,
 		"sample_2" : 11.09, "sample_3" : -6.50,
 		"sample_4" : 0, "node_id" : 11},

	"11:169" : {"timestamp" : 1346182516, "air_time" : 3,
 		"sequence" : 169, "fails" : 2,
 		"retries" : 1, "sample_1" : -7.50,
 		"sample_2" : 10.95, "sample_3" : -6.66,
 		"sample_4" : 0, "node_id" : 11},

	"11:170" : {"timestamp" : 1346182517, "air_time" : 3,
 		"sequence" : 170, "fails" : 2,
 		"retries" : 2, "sample_1" : -7.95,
 		"sample_2" : 9.91, "sample_3" : -5.00,
 		"sample_4" : 0, "node_id" : 11},

	"11:171" : {"timestamp" : 1346182518, "air_time" : 0,
 		"sequence" : 171, "fails" : 1,
 		"retries" : 0, "sample_1" : -9.10,
 		"sample_2" : 9.39, "sample_3" : -3.38,
 		"sample_4" : 0, "node_id" : 11},

	"11:172" : {"timestamp" : 1346182519, "air_time" : 1,
 		"sequence" : 172, "fails" : 0,
 		"retries" : 2, "sample_1" : -8.45,
 		"sample_2" : 8.82, "sample_3" : -2.03,
 		"sample_4" : 0, "node_id" : 11},

	"11:173" : {"timestamp" : 1346182520, "air_time" : 8,
 		"sequence" : 173, "fails" : 2,
 		"retries" : 1, "sample_1" : -9.40,
 		"sample_2" : 7.62, "sample_3" : 0.39,
 		"sample_4" : 0, "node_id" : 11},

	"11:174" : {"timestamp" : 1346182521, "air_time" : 6,
 		"sequence" : 174, "fails" : 1,
 		"retries" : 0, "sample_1" : -8.36,
 		"sample_2" : 6.25, "sample_3" : 2.33,
 		"sample_4" : 0, "node_id" : 11},

	"11:175" : {"timestamp" : 1346182522, "air_time" : 9,
 		"sequence" : 175, "fails" : 1,
 		"retries" : 2, "sample_1" : -6.06,
 		"sample_2" : 4.63, "sample_3" : 3.64,
 		"sample_4" : 0, "node_id" : 11},

	"11:176" : {"timestamp" : 1346182523, "air_time" : 0,
 		"sequence" : 176, "fails" : 1,
 		"retries" : 1, "sample_1" : -5.53,
 		"sample_2" : 2.93, "sample_3" : 4.77,
 		"sample_4" : 0, "node_id" : 11},

	"11:177" : {"timestamp" : 1346182524, "air_time" : 7,
 		"sequence" : 177, "fails" : 0,
 		"retries" : 0, "sample_1" : -4.10,
 		"sample_2" : -0.32, "sample_3" : 6.97,
 		"sample_4" : 0, "node_id" : 11},

	"11:178" : {"timestamp" : 1346182525, "air_time" : 0,
 		"sequence" : 178, "fails" : 2,
 		"retries" : 1, "sample_1" : -3.02,
 		"sample_2" : -1.54, "sample_3" : 7.48,
 		"sample_4" : 0, "node_id" : 11},

	"11:179" : {"timestamp" : 1346182526, "air_time" : 0,
 		"sequence" : 179, "fails" : 2,
 		"retries" : 2, "sample_1" : 0.16,
 		"sample_2" : -3.60, "sample_3" : 9.48,
 		"sample_4" : 0, "node_id" : 11},

	"11:180" : {"timestamp" : 1346182527, "air_time" : 8,
 		"sequence" : 180, "fails" : 2,
 		"retries" : 0, "sample_1" : 0.90,
 		"sample_2" : -5.44, "sample_3" : 10.13,
 		"sample_4" : 0, "node_id" : 11},

	"11:181" : {"timestamp" : 1346182528, "air_time" : 1,
 		"sequence" : 181, "fails" : 1,
 		"retries" : 2, "sample_1" : 2.04,
 		"sample_2" : -5.41, "sample_3" : 10.80,
 		"sample_4" : 0, "node_id" : 11},

	"11:182" : {"timestamp" : 1346182529, "air_time" : 9,
 		"sequence" : 182, "fails" : 1,
 		"retries" : 1, "sample_1" : 3.82,
 		"sample_2" : -7.28, "sample_3" : 10.37,
 		"sample_4" : 0, "node_id" : 11},

	"11:183" : {"timestamp" : 1346182530, "air_time" : 8,
 		"sequence" : 183, "fails" : 2,
 		"retries" : 0, "sample_1" : 5.70,
 		"sample_2" : -7.71, "sample_3" : 10.55,
 		"sample_4" : 0, "node_id" : 11},

	"11:184" : {"timestamp" : 1346182531, "air_time" : 6,
 		"sequence" : 184, "fails" : 3,
 		"retries" : 2, "sample_1" : 7.93,
 		"sample_2" : -9.56, "sample_3" : 10.82,
 		"sample_4" : 0, "node_id" : 11},

	"11:185" : {"timestamp" : 1346182532, "air_time" : 6,
 		"sequence" : 185, "fails" : 2,
 		"retries" : 1, "sample_1" : 7.96,
 		"sample_2" : -8.62, "sample_3" : 9.79,
 		"sample_4" : 0, "node_id" : 11},

	"11:186" : {"timestamp" : 1346182533, "air_time" : 1,
 		"sequence" : 186, "fails" : 2,
 		"retries" : 0, "sample_1" : 9.86,
 		"sample_2" : -9.79, "sample_3" : 8.40,
 		"sample_4" : 0, "node_id" : 11},

	"11:187" : {"timestamp" : 1346182534, "air_time" : 1,
 		"sequence" : 187, "fails" : 0,
 		"retries" : 2, "sample_1" : 11.30,
 		"sample_2" : -9.35, "sample_3" : 7.16,
 		"sample_4" : 0, "node_id" : 11},

	"11:188" : {"timestamp" : 1346182535, "air_time" : 5,
 		"sequence" : 188, "fails" : 1,
 		"retries" : 0, "sample_1" : 10.45,
 		"sample_2" : -8.81, "sample_3" : 6.50,
 		"sample_4" : 0, "node_id" : 11},

	"11:189" : {"timestamp" : 1346182536, "air_time" : 3,
 		"sequence" : 189, "fails" : 2,
 		"retries" : 2, "sample_1" : 11.50,
 		"sample_2" : -8.19, "sample_3" : 4.48,
 		"sample_4" : 0, "node_id" : 11},

	"11:190" : {"timestamp" : 1346182537, "air_time" : 2,
 		"sequence" : 190, "fails" : 2,
 		"retries" : 1, "sample_1" : 10.35,
 		"sample_2" : -6.52, "sample_3" : 3.43,
 		"sample_4" : 0, "node_id" : 11},

	"11:191" : {"timestamp" : 1346182538, "air_time" : 7,
 		"sequence" : 191, "fails" : 0,
 		"retries" : 0, "sample_1" : 10.90,
 		"sample_2" : -5.92, "sample_3" : 2.51,
 		"sample_4" : 0, "node_id" : 11},

	"11:192" : {"timestamp" : 1346182539, "air_time" : 4,
 		"sequence" : 192, "fails" : 2,
 		"retries" : 2, "sample_1" : 10.46,
 		"sample_2" : -4.25, "sample_3" : 0.07,
 		"sample_4" : 0, "node_id" : 11},

	"11:193" : {"timestamp" : 1346182540, "air_time" : 4,
 		"sequence" : 193, "fails" : 3,
 		"retries" : 2, "sample_1" : 9.06,
 		"sample_2" : -1.33, "sample_3" : -2.04,
 		"sample_4" : 0, "node_id" : 11},

	"11:194" : {"timestamp" : 1346182541, "air_time" : 6,
 		"sequence" : 194, "fails" : 3,
 		"retries" : 0, "sample_1" : 6.53,
 		"sample_2" : -0.53, "sample_3" : -2.97,
 		"sample_4" : 0, "node_id" : 11},

	"11:195" : {"timestamp" : 1346182542, "air_time" : 2,
 		"sequence" : 195, "fails" : 1,
 		"retries" : 2, "sample_1" : 6.20,
 		"sample_2" : 1.22, "sample_3" : -4.77,
 		"sample_4" : 0, "node_id" : 11},

	"11:196" : {"timestamp" : 1346182543, "air_time" : 6,
 		"sequence" : 196, "fails" : 3,
 		"retries" : 2, "sample_1" : 3.82,
 		"sample_2" : 3.64, "sample_3" : -6.28,
 		"sample_4" : 0, "node_id" : 11},

	"11:197" : {"timestamp" : 1346182544, "air_time" : 1,
 		"sequence" : 197, "fails" : 0,
 		"retries" : 0, "sample_1" : 2.54,
 		"sample_2" : 4.90, "sample_3" : -7.78,
 		"sample_4" : 0, "node_id" : 11},

	"11:198" : {"timestamp" : 1346182545, "air_time" : 3,
 		"sequence" : 198, "fails" : 1,
 		"retries" : 2, "sample_1" : 1.10,
 		"sample_2" : 7.04, "sample_3" : -9.03,
 		"sample_4" : 0, "node_id" : 11},

	"11:199" : {"timestamp" : 1346182546, "air_time" : 7,
 		"sequence" : 199, "fails" : 0,
 		"retries" : 0, "sample_1" : -1.24,
 		"sample_2" : 8.31, "sample_3" : -8.60,
 		"sample_4" : 0, "node_id" : 11},

	"11:200" : {"timestamp" : 1346182547, "air_time" : 1,
 		"sequence" : 200, "fails" : 0,
 		"retries" : 1, "sample_1" : -2.42,
 		"sample_2" : 9.38, "sample_3" : -8.67,
 		"sample_4" : 0, "node_id" : 11},

	"11:201" : {"timestamp" : 1346182548, "air_time" : 2,
 		"sequence" : 201, "fails" : 3,
 		"retries" : 2, "sample_1" : -3.20,
 		"sample_2" : 9.81, "sample_3" : -9.65,
 		"sample_4" : 0, "node_id" : 11},

	"11:202" : {"timestamp" : 1346182549, "air_time" : 9,
 		"sequence" : 202, "fails" : 3,
 		"retries" : 0, "sample_1" : -5.33,
 		"sample_2" : 10.96, "sample_3" : -9.52,
 		"sample_4" : 0, "node_id" : 11},

	"11:203" : {"timestamp" : 1346182550, "air_time" : 6,
 		"sequence" : 203, "fails" : 0,
 		"retries" : 0, "sample_1" : -6.36,
 		"sample_2" : 11.22, "sample_3" : -8.99,
 		"sample_4" : 0, "node_id" : 11},

	"11:204" : {"timestamp" : 1346182551, "air_time" : 7,
 		"sequence" : 204, "fails" : 3,
 		"retries" : 2, "sample_1" : -7.96,
 		"sample_2" : 10.99, "sample_3" : -7.10,
 		"sample_4" : 0, "node_id" : 11},

	"11:205" : {"timestamp" : 1346182552, "air_time" : 8,
 		"sequence" : 205, "fails" : 0,
 		"retries" : 1, "sample_1" : -9.40,
 		"sample_2" : 11.15, "sample_3" : -6.76,
 		"sample_4" : 0, "node_id" : 11},

	"11:206" : {"timestamp" : 1346182553, "air_time" : 6,
 		"sequence" : 206, "fails" : 1,
 		"retries" : 0, "sample_1" : -9.15,
 		"sample_2" : 9.41, "sample_3" : -5.30,
 		"sample_4" : 0, "node_id" : 11},

	"11:207" : {"timestamp" : 1346182554, "air_time" : 0,
 		"sequence" : 207, "fails" : 0,
 		"retries" : 0, "sample_1" : -8.80,
 		"sample_2" : 8.39, "sample_3" : -2.98,
 		"sample_4" : 0, "node_id" : 11},

	"11:208" : {"timestamp" : 1346182555, "air_time" : 4,
 		"sequence" : 208, "fails" : 1,
 		"retries" : 1, "sample_1" : -8.65,
 		"sample_2" : 8.22, "sample_3" : -1.23,
 		"sample_4" : 0, "node_id" : 11},

	"11:209" : {"timestamp" : 1346182556, "air_time" : 9,
 		"sequence" : 209, "fails" : 3,
 		"retries" : 1, "sample_1" : -8.20,
 		"sample_2" : 6.52, "sample_3" : 0.89,
 		"sample_4" : 0, "node_id" : 11},

	"11:210" : {"timestamp" : 1346182557, "air_time" : 4,
 		"sequence" : 210, "fails" : 0,
 		"retries" : 2, "sample_1" : -8.06,
 		"sample_2" : 4.65, "sample_3" : 2.13,
 		"sample_4" : 0, "node_id" : 11},

	"11:211" : {"timestamp" : 1346182558, "air_time" : 7,
 		"sequence" : 211, "fails" : 0,
 		"retries" : 0, "sample_1" : -7.56,
 		"sample_2" : 4.83, "sample_3" : 3.84,
 		"sample_4" : 0, "node_id" : 11},

	"11:212" : {"timestamp" : 1346182559, "air_time" : 6,
 		"sequence" : 212, "fails" : 1,
 		"retries" : 0, "sample_1" : -5.83,
 		"sample_2" : 1.53, "sample_3" : 4.87,
 		"sample_4" : 0, "node_id" : 11},

	"11:213" : {"timestamp" : 1346182560, "air_time" : 7,
 		"sequence" : 213, "fails" : 2,
 		"retries" : 2, "sample_1" : -5.00,
 		"sample_2" : 0.58, "sample_3" : 5.87,
 		"sample_4" : 0, "node_id" : 11},

	"11:214" : {"timestamp" : 1346182561, "air_time" : 6,
 		"sequence" : 214, "fails" : 2,
 		"retries" : 2, "sample_1" : -1.92,
 		"sample_2" : -1.54, "sample_3" : 8.08,
 		"sample_4" : 0, "node_id" : 11},

	"11:215" : {"timestamp" : 1346182562, "air_time" : 5,
 		"sequence" : 215, "fails" : 2,
 		"retries" : 2, "sample_1" : -1.24,
 		"sample_2" : -3.30, "sample_3" : 9.48,
 		"sample_4" : 0, "node_id" : 11},

	"11:216" : {"timestamp" : 1346182563, "air_time" : 4,
 		"sequence" : 216, "fails" : 1,
 		"retries" : 1, "sample_1" : 1.30,
 		"sample_2" : -3.64, "sample_3" : 10.53,
 		"sample_4" : 0, "node_id" : 11},

	"11:217" : {"timestamp" : 1346182564, "air_time" : 1,
 		"sequence" : 217, "fails" : 3,
 		"retries" : 2, "sample_1" : 3.54,
 		"sample_2" : -5.61, "sample_3" : 10.60,
 		"sample_4" : 0, "node_id" : 11},

	"11:218" : {"timestamp" : 1346182565, "air_time" : 5,
 		"sequence" : 218, "fails" : 0,
 		"retries" : 1, "sample_1" : 3.72,
 		"sample_2" : -7.98, "sample_3" : 10.77,
 		"sample_4" : 0, "node_id" : 11},

	"11:219" : {"timestamp" : 1346182566, "air_time" : 0,
 		"sequence" : 219, "fails" : 0,
 		"retries" : 1, "sample_1" : 6.80,
 		"sample_2" : -8.01, "sample_3" : 11.35,
 		"sample_4" : 0, "node_id" : 11},

	"11:220" : {"timestamp" : 1346182567, "air_time" : 2,
 		"sequence" : 220, "fails" : 0,
 		"retries" : 0, "sample_1" : 6.83,
 		"sample_2" : -7.86, "sample_3" : 11.32,
 		"sample_4" : 0, "node_id" : 11},

	"11:221" : {"timestamp" : 1346182568, "air_time" : 3,
 		"sequence" : 221, "fails" : 2,
 		"retries" : 2, "sample_1" : 7.86,
 		"sample_2" : -8.62, "sample_3" : 9.39,
 		"sample_4" : 0, "node_id" : 11},

	"11:222" : {"timestamp" : 1346182569, "air_time" : 6,
 		"sequence" : 222, "fails" : 2,
 		"retries" : 1, "sample_1" : 9.06,
 		"sample_2" : -8.19, "sample_3" : 9.50,
 		"sample_4" : 0, "node_id" : 11},

	"11:223" : {"timestamp" : 1346182570, "air_time" : 5,
 		"sequence" : 223, "fails" : 1,
 		"retries" : 0, "sample_1" : 10.70,
 		"sample_2" : -8.35, "sample_3" : 7.66,
 		"sample_4" : 0, "node_id" : 11},

	"11:224" : {"timestamp" : 1346182571, "air_time" : 2,
 		"sequence" : 224, "fails" : 2,
 		"retries" : 0, "sample_1" : 10.05,
 		"sample_2" : -9.01, "sample_3" : 7.40,
 		"sample_4" : 0, "node_id" : 11},

	"11:225" : {"timestamp" : 1346182572, "air_time" : 4,
 		"sequence" : 225, "fails" : 1,
 		"retries" : 2, "sample_1" : 11.00,
 		"sample_2" : -7.39, "sample_3" : 4.98,
 		"sample_4" : 0, "node_id" : 11},

	"11:226" : {"timestamp" : 1346182573, "air_time" : 5,
 		"sequence" : 226, "fails" : 1,
 		"retries" : 1, "sample_1" : 10.55,
 		"sample_2" : -6.72, "sample_3" : 3.53,
 		"sample_4" : 0, "node_id" : 11},

	"11:227" : {"timestamp" : 1346182574, "air_time" : 0,
 		"sequence" : 227, "fails" : 0,
 		"retries" : 0, "sample_1" : 10.50,
 		"sample_2" : -6.02, "sample_3" : 2.41,
 		"sample_4" : 0, "node_id" : 11},

	"11:228" : {"timestamp" : 1346182575, "air_time" : 8,
 		"sequence" : 228, "fails" : 2,
 		"retries" : 1, "sample_1" : 10.36,
 		"sample_2" : -3.85, "sample_3" : -0.03,
 		"sample_4" : 0, "node_id" : 11},

	"11:229" : {"timestamp" : 1346182576, "air_time" : 2,
 		"sequence" : 229, "fails" : 1,
 		"retries" : 2, "sample_1" : 8.06,
 		"sample_2" : -2.83, "sample_3" : -1.34,
 		"sample_4" : 0, "node_id" : 11},

	"11:230" : {"timestamp" : 1346182577, "air_time" : 5,
 		"sequence" : 230, "fails" : 1,
 		"retries" : 2, "sample_1" : 8.23,
 		"sample_2" : -0.63, "sample_3" : -2.77,
 		"sample_4" : 0, "node_id" : 11},

	"11:231" : {"timestamp" : 1346182578, "air_time" : 5,
 		"sequence" : 231, "fails" : 0,
 		"retries" : 1, "sample_1" : 5.30,
 		"sample_2" : 2.32, "sample_3" : -4.97,
 		"sample_4" : 0, "node_id" : 11},

	"11:232" : {"timestamp" : 1346182579, "air_time" : 5,
 		"sequence" : 232, "fails" : 1,
 		"retries" : 1, "sample_1" : 4.92,
 		"sample_2" : 3.34, "sample_3" : -6.28,
 		"sample_4" : 0, "node_id" : 11},

	"11:233" : {"timestamp" : 1346182580, "air_time" : 6,
 		"sequence" : 233, "fails" : 2,
 		"retries" : 0, "sample_1" : 2.64,
 		"sample_2" : 5.20, "sample_3" : -6.98,
 		"sample_4" : 0, "node_id" : 11},

	"11:234" : {"timestamp" : 1346182581, "air_time" : 6,
 		"sequence" : 234, "fails" : 0,
 		"retries" : 0, "sample_1" : 1.30,
 		"sample_2" : 6.04, "sample_3" : -7.23,
 		"sample_4" : 0, "node_id" : 11},

	"11:235" : {"timestamp" : 1346182582, "air_time" : 9,
 		"sequence" : 235, "fails" : 3,
 		"retries" : 2, "sample_1" : -1.74,
 		"sample_2" : 8.31, "sample_3" : -8.60,
 		"sample_4" : 0, "node_id" : 11},

	"11:236" : {"timestamp" : 1346182583, "air_time" : 1,
 		"sequence" : 236, "fails" : 3,
 		"retries" : 1, "sample_1" : -2.12,
 		"sample_2" : 9.78, "sample_3" : -9.67,
 		"sample_4" : 0, "node_id" : 11},

	"11:237" : {"timestamp" : 1346182584, "air_time" : 9,
 		"sequence" : 237, "fails" : 0,
 		"retries" : 1, "sample_1" : -4.60,
 		"sample_2" : 9.71, "sample_3" : -9.05,
 		"sample_4" : 0, "node_id" : 11},

	"11:238" : {"timestamp" : 1346182585, "air_time" : 0,
 		"sequence" : 238, "fails" : 2,
 		"retries" : 0, "sample_1" : -6.13,
 		"sample_2" : 11.26, "sample_3" : -9.52,
 		"sample_4" : 0, "node_id" : 11},

	"11:239" : {"timestamp" : 1346182586, "air_time" : 3,
 		"sequence" : 239, "fails" : 1,
 		"retries" : 2, "sample_1" : -6.16,
 		"sample_2" : 11.82, "sample_3" : -8.99,
 		"sample_4" : 0, "node_id" : 11},

	"11:240" : {"timestamp" : 1346182587, "air_time" : 5,
 		"sequence" : 240, "fails" : 2,
 		"retries" : 0, "sample_1" : -8.36,
 		"sample_2" : 9.99, "sample_3" : -6.80,
 		"sample_4" : 0, "node_id" : 11},

	"11:241" : {"timestamp" : 1346182588, "air_time" : 3,
 		"sequence" : 241, "fails" : 0,
 		"retries" : 2, "sample_1" : -7.60,
 		"sample_2" : 11.55, "sample_3" : -6.26,
 		"sample_4" : 0, "node_id" : 11},

	"11:242" : {"timestamp" : 1346182589, "air_time" : 9,
 		"sequence" : 242, "fails" : 0,
 		"retries" : 0, "sample_1" : -8.75,
 		"sample_2" : 11.11, "sample_3" : -3.90,
 		"sample_4" : 0, "node_id" : 11},

	"11:243" : {"timestamp" : 1346182590, "air_time" : 0,
 		"sequence" : 243, "fails" : 1,
 		"retries" : 2, "sample_1" : -10.00,
 		"sample_2" : 9.19, "sample_3" : -2.78,
 		"sample_4" : 0, "node_id" : 11},

	"11:244" : {"timestamp" : 1346182591, "air_time" : 2,
 		"sequence" : 244, "fails" : 3,
 		"retries" : 1, "sample_1" : -8.45,
 		"sample_2" : 7.32, "sample_3" : -1.13,
 		"sample_4" : 0, "node_id" : 11},

	"11:245" : {"timestamp" : 1346182592, "air_time" : 8,
 		"sequence" : 245, "fails" : 2,
 		"retries" : 2, "sample_1" : -9.30,
 		"sample_2" : 7.62, "sample_3" : 0.59,
 		"sample_4" : 0, "node_id" : 11},

	"11:246" : {"timestamp" : 1346182593, "air_time" : 5,
 		"sequence" : 246, "fails" : 0,
 		"retries" : 2, "sample_1" : -7.36,
 		"sample_2" : 5.85, "sample_3" : 2.93,
 		"sample_4" : 0, "node_id" : 11},

	"11:247" : {"timestamp" : 1346182594, "air_time" : 7,
 		"sequence" : 247, "fails" : 3,
 		"retries" : 0, "sample_1" : -7.06,
 		"sample_2" : 3.83, "sample_3" : 4.64,
 		"sample_4" : 0, "node_id" : 11},

	"11:248" : {"timestamp" : 1346182595, "air_time" : 8,
 		"sequence" : 248, "fails" : 3,
 		"retries" : 0, "sample_1" : -6.03,
 		"sample_2" : 2.83, "sample_3" : 5.67,
 		"sample_4" : 0, "node_id" : 11},

	"11:249" : {"timestamp" : 1346182596, "air_time" : 5,
 		"sequence" : 249, "fails" : 2,
 		"retries" : 2, "sample_1" : -4.90,
 		"sample_2" : 1.28, "sample_3" : 6.47,
 		"sample_4" : 0, "node_id" : 11},

	"11:250" : {"timestamp" : 1346182597, "air_time" : 5,
 		"sequence" : 250, "fails" : 3,
 		"retries" : 0, "sample_1" : -1.52,
 		"sample_2" : -0.84, "sample_3" : 7.78,
 		"sample_4" : 0, "node_id" : 11},

	"11:251" : {"timestamp" : 1346182598, "air_time" : 4,
 		"sequence" : 251, "fails" : 1,
 		"retries" : 2, "sample_1" : -0.94,
 		"sample_2" : -2.10, "sample_3" : 8.58,
 		"sample_4" : 0, "node_id" : 11},

	"11:252" : {"timestamp" : 1346182599, "air_time" : 0,
 		"sequence" : 252, "fails" : 0,
 		"retries" : 1, "sample_1" : 1.60,
 		"sample_2" : -5.24, "sample_3" : 10.83,
 		"sample_4" : 0, "node_id" : 11},

	"11:253" : {"timestamp" : 1346182600, "air_time" : 9,
 		"sequence" : 253, "fails" : 0,
 		"retries" : 0, "sample_1" : 2.44,
 		"sample_2" : -6.31, "sample_3" : 11.10,
 		"sample_4" : 0, "node_id" : 11},

	"11:254" : {"timestamp" : 1346182601, "air_time" : 6,
 		"sequence" : 254, "fails" : 0,
 		"retries" : 1, "sample_1" : 5.32,
 		"sample_2" : -6.08, "sample_3" : 10.37,
 		"sample_4" : 0, "node_id" : 11},

	"11:255" : {"timestamp" : 1346182602, "air_time" : 7,
 		"sequence" : 255, "fails" : 3,
 		"retries" : 2, "sample_1" : 6.00,
 		"sample_2" : -7.11, "sample_3" : 11.25,
 		"sample_4" : 0, "node_id" : 11},

	"11:256" : {"timestamp" : 1346182603, "air_time" : 6,
 		"sequence" : 256, "fails" : 2,
 		"retries" : 1, "sample_1" : 8.13,
 		"sample_2" : -9.16, "sample_3" : 11.02,
 		"sample_4" : 0, "node_id" : 11},

	"11:257" : {"timestamp" : 1346182604, "air_time" : 3,
 		"sequence" : 257, "fails" : 2,
 		"retries" : 0, "sample_1" : 9.46,
 		"sample_2" : -9.62, "sample_3" : 9.49,
 		"sample_4" : 0, "node_id" : 11},

	"11:258" : {"timestamp" : 1346182605, "air_time" : 2,
 		"sequence" : 258, "fails" : 3,
 		"retries" : 2, "sample_1" : 9.66,
 		"sample_2" : -9.99, "sample_3" : 9.00,
 		"sample_4" : 0, "node_id" : 11},

	"11:259" : {"timestamp" : 1346182606, "air_time" : 9,
 		"sequence" : 259, "fails" : 1,
 		"retries" : 0, "sample_1" : 10.30,
 		"sample_2" : -8.15, "sample_3" : 8.76,
 		"sample_4" : 0, "node_id" : 11},

	"11:260" : {"timestamp" : 1346182607, "air_time" : 0,
 		"sequence" : 260, "fails" : 0,
 		"retries" : 0, "sample_1" : 11.15,
 		"sample_2" : -7.51, "sample_3" : 5.80,
 		"sample_4" : 0, "node_id" : 11},

	"11:261" : {"timestamp" : 1346182608, "air_time" : 0,
 		"sequence" : 261, "fails" : 1,
 		"retries" : 0, "sample_1" : 10.70,
 		"sample_2" : -7.09, "sample_3" : 4.08,
 		"sample_4" : 0, "node_id" : 11},

	"11:262" : {"timestamp" : 1346182609, "air_time" : 5,
 		"sequence" : 262, "fails" : 0,
 		"retries" : 1, "sample_1" : 11.75,
 		"sample_2" : -6.82, "sample_3" : 2.73,
 		"sample_4" : 0, "node_id" : 11},

	"11:263" : {"timestamp" : 1346182610, "air_time" : 6,
 		"sequence" : 263, "fails" : 3,
 		"retries" : 2, "sample_1" : 10.40,
 		"sample_2" : -4.82, "sample_3" : 1.11,
 		"sample_4" : 0, "node_id" : 11},

	"11:264" : {"timestamp" : 1346182611, "air_time" : 5,
 		"sequence" : 264, "fails" : 2,
 		"retries" : 2, "sample_1" : 9.36,
 		"sample_2" : -3.05, "sample_3" : 0.87,
 		"sample_4" : 0, "node_id" : 11},

	"11:265" : {"timestamp" : 1346182612, "air_time" : 6,
 		"sequence" : 265, "fails" : 3,
 		"retries" : 1, "sample_1" : 7.76,
 		"sample_2" : -1.83, "sample_3" : -0.94,
 		"sample_4" : 0, "node_id" : 11},

	"11:266" : {"timestamp" : 1346182613, "air_time" : 9,
 		"sequence" : 266, "fails" : 2,
 		"retries" : 1, "sample_1" : 6.83,
 		"sample_2" : -1.13, "sample_3" : -3.47,
 		"sample_4" : 0, "node_id" : 11},

	"11:267" : {"timestamp" : 1346182614, "air_time" : 1,
 		"sequence" : 267, "fails" : 3,
 		"retries" : 1, "sample_1" : 5.20,
 		"sample_2" : 0.72, "sample_3" : -5.27,
 		"sample_4" : 0, "node_id" : 11},

	"11:268" : {"timestamp" : 1346182615, "air_time" : 0,
 		"sequence" : 268, "fails" : 3,
 		"retries" : 2, "sample_1" : 4.52,
 		"sample_2" : 3.64, "sample_3" : -5.28,
 		"sample_4" : 0, "node_id" : 11},

	"11:269" : {"timestamp" : 1346182616, "air_time" : 7,
 		"sequence" : 269, "fails" : 3,
 		"retries" : 2, "sample_1" : 2.34,
 		"sample_2" : 5.80, "sample_3" : -7.48,
 		"sample_4" : 0, "node_id" : 11},

	"11:270" : {"timestamp" : 1346182617, "air_time" : 7,
 		"sequence" : 270, "fails" : 1,
 		"retries" : 0, "sample_1" : 0.20,
 		"sample_2" : 6.54, "sample_3" : -7.63,
 		"sample_4" : 0, "node_id" : 11},

	"11:271" : {"timestamp" : 1346182618, "air_time" : 9,
 		"sequence" : 271, "fails" : 0,
 		"retries" : 2, "sample_1" : -1.04,
 		"sample_2" : 8.11, "sample_3" : -8.50,
 		"sample_4" : 0, "node_id" : 11},

	"11:272" : {"timestamp" : 1346182619, "air_time" : 3,
 		"sequence" : 272, "fails" : 0,
 		"retries" : 2, "sample_1" : -1.92,
 		"sample_2" : 9.38, "sample_3" : -9.67,
 		"sample_4" : 0, "node_id" : 11},

	"11:273" : {"timestamp" : 1346182620, "air_time" : 4,
 		"sequence" : 273, "fails" : 1,
 		"retries" : 2, "sample_1" : -4.90,
 		"sample_2" : 9.11, "sample_3" : -9.35,
 		"sample_4" : 0, "node_id" : 11},

	"11:274" : {"timestamp" : 1346182621, "air_time" : 9,
 		"sequence" : 274, "fails" : 3,
 		"retries" : 2, "sample_1" : -5.73,
 		"sample_2" : 11.46, "sample_3" : -9.22,
 		"sample_4" : 0, "node_id" : 11},

	"11:275" : {"timestamp" : 1346182622, "air_time" : 6,
 		"sequence" : 275, "fails" : 2,
 		"retries" : 1, "sample_1" : -7.66,
 		"sample_2" : 11.52, "sample_3" : -8.79,
 		"sample_4" : 0, "node_id" : 11},

	"11:276" : {"timestamp" : 1346182623, "air_time" : 2,
 		"sequence" : 276, "fails" : 3,
 		"retries" : 0, "sample_1" : -7.46,
 		"sample_2" : 11.09, "sample_3" : -7.20,
 		"sample_4" : 0, "node_id" : 11},

	"11:277" : {"timestamp" : 1346182624, "air_time" : 0,
 		"sequence" : 277, "fails" : 3,
 		"retries" : 2, "sample_1" : -8.50,
 		"sample_2" : 10.65, "sample_3" : -5.86,
 		"sample_4" : 0, "node_id" : 11},

	"11:278" : {"timestamp" : 1346182625, "air_time" : 9,
 		"sequence" : 278, "fails" : 0,
 		"retries" : 2, "sample_1" : -9.65,
 		"sample_2" : 10.51, "sample_3" : -5.20,
 		"sample_4" : 0, "node_id" : 11},

	"11:279" : {"timestamp" : 1346182626, "air_time" : 4,
 		"sequence" : 279, "fails" : 2,
 		"retries" : 1, "sample_1" : -8.50,
 		"sample_2" : 8.39, "sample_3" : -2.38,
 		"sample_4" : 0, "node_id" : 11},

	"11:280" : {"timestamp" : 1346182627, "air_time" : 6,
 		"sequence" : 280, "fails" : 1,
 		"retries" : 0, "sample_1" : -8.55,
 		"sample_2" : 8.82, "sample_3" : -0.63,
 		"sample_4" : 0, "node_id" : 11},

	"11:281" : {"timestamp" : 1346182628, "air_time" : 7,
 		"sequence" : 281, "fails" : 2,
 		"retries" : 0, "sample_1" : -8.70,
 		"sample_2" : 6.92, "sample_3" : -0.71,
 		"sample_4" : 0, "node_id" : 11},

	"11:282" : {"timestamp" : 1346182629, "air_time" : 4,
 		"sequence" : 282, "fails" : 0,
 		"retries" : 2, "sample_1" : -8.36,
 		"sample_2" : 6.15, "sample_3" : 2.23,
 		"sample_4" : 0, "node_id" : 11},

	"11:283" : {"timestamp" : 1346182630, "air_time" : 7,
 		"sequence" : 283, "fails" : 0,
 		"retries" : 1, "sample_1" : -7.66,
 		"sample_2" : 3.23, "sample_3" : 2.94,
 		"sample_4" : 0, "node_id" : 11},

	"11:284" : {"timestamp" : 1346182631, "air_time" : 7,
 		"sequence" : 284, "fails" : 1,
 		"retries" : 1, "sample_1" : -6.23,
 		"sample_2" : 1.73, "sample_3" : 5.37,
 		"sample_4" : 0, "node_id" : 11},

	"11:285" : {"timestamp" : 1346182632, "air_time" : 5,
 		"sequence" : 285, "fails" : 3,
 		"retries" : 2, "sample_1" : -3.10,
 		"sample_2" : 0.38, "sample_3" : 5.97,
 		"sample_4" : 0, "node_id" : 11},

	"11:286" : {"timestamp" : 1346182633, "air_time" : 7,
 		"sequence" : 286, "fails" : 2,
 		"retries" : 1, "sample_1" : -2.42,
 		"sample_2" : -1.54, "sample_3" : 8.78,
 		"sample_4" : 0, "node_id" : 11},

	"11:287" : {"timestamp" : 1346182634, "air_time" : 9,
 		"sequence" : 287, "fails" : 3,
 		"retries" : 1, "sample_1" : -1.34,
 		"sample_2" : -2.40, "sample_3" : 9.48,
 		"sample_4" : 0, "node_id" : 11},

	"11:288" : {"timestamp" : 1346182635, "air_time" : 7,
 		"sequence" : 288, "fails" : 3,
 		"retries" : 1, "sample_1" : 1.00,
 		"sample_2" : -4.94, "sample_3" : 10.33,
 		"sample_4" : 0, "node_id" : 11},

	"11:289" : {"timestamp" : 1346182636, "air_time" : 2,
 		"sequence" : 289, "fails" : 3,
 		"retries" : 0, "sample_1" : 2.94,
 		"sample_2" : -5.51, "sample_3" : 10.50,
 		"sample_4" : 0, "node_id" : 11},

	"11:290" : {"timestamp" : 1346182637, "air_time" : 6,
 		"sequence" : 290, "fails" : 2,
 		"retries" : 0, "sample_1" : 4.42,
 		"sample_2" : -6.38, "sample_3" : 11.37,
 		"sample_4" : 0, "node_id" : 11},

	"11:291" : {"timestamp" : 1346182638, "air_time" : 3,
 		"sequence" : 291, "fails" : 0,
 		"retries" : 2, "sample_1" : 5.20,
 		"sample_2" : -8.61, "sample_3" : 11.75,
 		"sample_4" : 0, "node_id" : 11},

	"11:292" : {"timestamp" : 1346182639, "air_time" : 5,
 		"sequence" : 292, "fails" : 1,
 		"retries" : 0, "sample_1" : 6.43,
 		"sample_2" : -9.16, "sample_3" : 10.22,
 		"sample_4" : 0, "node_id" : 11},

	"11:293" : {"timestamp" : 1346182640, "air_time" : 7,
 		"sequence" : 293, "fails" : 0,
 		"retries" : 1, "sample_1" : 8.96,
 		"sample_2" : -9.32, "sample_3" : 10.49,
 		"sample_4" : 0, "node_id" : 11},

	"11:294" : {"timestamp" : 1346182641, "air_time" : 6,
 		"sequence" : 294, "fails" : 3,
 		"retries" : 2, "sample_1" : 10.26,
 		"sample_2" : -8.99, "sample_3" : 8.60,
 		"sample_4" : 0, "node_id" : 11},

	"11:295" : {"timestamp" : 1346182642, "air_time" : 5,
 		"sequence" : 295, "fails" : 2,
 		"retries" : 1, "sample_1" : 11.30,
 		"sample_2" : -9.05, "sample_3" : 6.96,
 		"sample_4" : 0, "node_id" : 11},

	"11:296" : {"timestamp" : 1346182643, "air_time" : 0,
 		"sequence" : 296, "fails" : 1,
 		"retries" : 1, "sample_1" : 9.95,
 		"sample_2" : -8.71, "sample_3" : 6.60,
 		"sample_4" : 0, "node_id" : 11},

	"11:297" : {"timestamp" : 1346182644, "air_time" : 7,
 		"sequence" : 297, "fails" : 2,
 		"retries" : 2, "sample_1" : 11.30,
 		"sample_2" : -6.99, "sample_3" : 5.88,
 		"sample_4" : 0, "node_id" : 11},

	"11:298" : {"timestamp" : 1346182645, "air_time" : 9,
 		"sequence" : 298, "fails" : 2,
 		"retries" : 1, "sample_1" : 10.95,
 		"sample_2" : -7.02, "sample_3" : 2.63,
 		"sample_4" : 0, "node_id" : 11},

	"11:299" : {"timestamp" : 1346182646, "air_time" : 1,
 		"sequence" : 299, "fails" : 1,
 		"retries" : 0, "sample_1" : 9.70,
 		"sample_2" : -4.92, "sample_3" : 2.11,
 		"sample_4" : 0, "node_id" : 11},

	"11:300" : {"timestamp" : 1346182647, "air_time" : 5,
 		"sequence" : 300, "fails" : 1,
 		"retries" : 0, "sample_1" : 9.76,
 		"sample_2" : -3.35, "sample_3" : 0.27,
 		"sample_4" : 0, "node_id" : 11},

	"11:301" : {"timestamp" : 1346182648, "air_time" : 3,
 		"sequence" : 301, "fails" : 0,
 		"retries" : 2, "sample_1" : 9.36,
 		"sample_2" : -2.63, "sample_3" : -0.94,
 		"sample_4" : 0, "node_id" : 11},

	"11:302" : {"timestamp" : 1346182649, "air_time" : 7,
 		"sequence" : 302, "fails" : 0,
 		"retries" : 2, "sample_1" : 7.83,
 		"sample_2" : -0.73, "sample_3" : -2.67,
 		"sample_4" : 0, "node_id" : 11},

	"11:303" : {"timestamp" : 1346182650, "air_time" : 6,
 		"sequence" : 303, "fails" : 1,
 		"retries" : 2, "sample_1" : 5.20,
 		"sample_2" : 1.22, "sample_3" : -5.57,
 		"sample_4" : 0, "node_id" : 11},

	"11:304" : {"timestamp" : 1346182651, "air_time" : 8,
 		"sequence" : 304, "fails" : 2,
 		"retries" : 1, "sample_1" : 4.62,
 		"sample_2" : 3.94, "sample_3" : -6.98,
 		"sample_4" : 0, "node_id" : 11},

	"11:305" : {"timestamp" : 1346182652, "air_time" : 6,
 		"sequence" : 305, "fails" : 3,
 		"retries" : 0, "sample_1" : 1.74,
 		"sample_2" : 3.90, "sample_3" : -6.38,
 		"sample_4" : 0, "node_id" : 11},

	"11:306" : {"timestamp" : 1346182653, "air_time" : 8,
 		"sequence" : 306, "fails" : 2,
 		"retries" : 0, "sample_1" : 0.00,
 		"sample_2" : 6.24, "sample_3" : -8.03,
 		"sample_4" : 0, "node_id" : 11},

	"11:307" : {"timestamp" : 1346182654, "air_time" : 4,
 		"sequence" : 307, "fails" : 3,
 		"retries" : 1, "sample_1" : -1.64,
 		"sample_2" : 8.31, "sample_3" : -9.30,
 		"sample_4" : 0, "node_id" : 11},

	"11:308" : {"timestamp" : 1346182655, "air_time" : 4,
 		"sequence" : 308, "fails" : 0,
 		"retries" : 1, "sample_1" : -1.52,
 		"sample_2" : 9.48, "sample_3" : -9.17,
 		"sample_4" : 0, "node_id" : 11},

	"11:309" : {"timestamp" : 1346182656, "air_time" : 4,
 		"sequence" : 309, "fails" : 2,
 		"retries" : 2, "sample_1" : -3.40,
 		"sample_2" : 10.51, "sample_3" : -8.95,
 		"sample_4" : 0, "node_id" : 11},

	"11:310" : {"timestamp" : 1346182657, "air_time" : 8,
 		"sequence" : 310, "fails" : 2,
 		"retries" : 0, "sample_1" : -6.43,
 		"sample_2" : 10.16, "sample_3" : -8.52,
 		"sample_4" : 0, "node_id" : 11},

	"11:311" : {"timestamp" : 1346182658, "air_time" : 9,
 		"sequence" : 311, "fails" : 1,
 		"retries" : 2, "sample_1" : -6.96,
 		"sample_2" : 10.22, "sample_3" : -7.49,
 		"sample_4" : 0, "node_id" : 11},

	"11:312" : {"timestamp" : 1346182659, "air_time" : 3,
 		"sequence" : 312, "fails" : 1,
 		"retries" : 1, "sample_1" : -7.76,
 		"sample_2" : 11.69, "sample_3" : -8.10,
 		"sample_4" : 0, "node_id" : 11},

	"11:313" : {"timestamp" : 1346182660, "air_time" : 6,
 		"sequence" : 313, "fails" : 0,
 		"retries" : 0, "sample_1" : -8.00,
 		"sample_2" : 10.15, "sample_3" : -6.36,
 		"sample_4" : 0, "node_id" : 11},

	"11:314" : {"timestamp" : 1346182661, "air_time" : 1,
 		"sequence" : 314, "fails" : 0,
 		"retries" : 1, "sample_1" : -9.75,
 		"sample_2" : 9.71, "sample_3" : -4.50,
 		"sample_4" : 0, "node_id" : 11},

	"11:315" : {"timestamp" : 1346182662, "air_time" : 9,
 		"sequence" : 315, "fails" : 3,
 		"retries" : 1, "sample_1" : -8.80,
 		"sample_2" : 9.79, "sample_3" : -2.88,
 		"sample_4" : 0, "node_id" : 11},

	"11:316" : {"timestamp" : 1346182663, "air_time" : 7,
 		"sequence" : 316, "fails" : 2,
 		"retries" : 0, "sample_1" : -9.65,
 		"sample_2" : 8.52, "sample_3" : -1.83,
 		"sample_4" : 0, "node_id" : 11},

	"11:317" : {"timestamp" : 1346182664, "air_time" : 8,
 		"sequence" : 317, "fails" : 0,
 		"retries" : 0, "sample_1" : -7.50,
 		"sample_2" : 7.72, "sample_3" : -0.11,
 		"sample_4" : 0, "node_id" : 11},

	"11:318" : {"timestamp" : 1346182665, "air_time" : 7,
 		"sequence" : 318, "fails" : 3,
 		"retries" : 1, "sample_1" : -7.06,
 		"sample_2" : 6.05, "sample_3" : 1.13,
 		"sample_4" : 0, "node_id" : 11},

	"11:319" : {"timestamp" : 1346182666, "air_time" : 8,
 		"sequence" : 319, "fails" : 1,
 		"retries" : 1, "sample_1" : -6.46,
 		"sample_2" : 3.63, "sample_3" : 4.34,
 		"sample_4" : 0, "node_id" : 11},

	"11:320" : {"timestamp" : 1346182667, "air_time" : 2,
 		"sequence" : 320, "fails" : 3,
 		"retries" : 2, "sample_1" : -6.03,
 		"sample_2" : 2.73, "sample_3" : 5.57,
 		"sample_4" : 0, "node_id" : 11},

	"11:321" : {"timestamp" : 1346182668, "air_time" : 7,
 		"sequence" : 321, "fails" : 0,
 		"retries" : 0, "sample_1" : -3.20,
 		"sample_2" : -0.02, "sample_3" : 6.47,
 		"sample_4" : 0, "node_id" : 11},

	"11:322" : {"timestamp" : 1346182669, "air_time" : 5,
 		"sequence" : 322, "fails" : 0,
 		"retries" : 2, "sample_1" : -2.92,
 		"sample_2" : -1.14, "sample_3" : 8.98,
 		"sample_4" : 0, "node_id" : 11},

	"11:323" : {"timestamp" : 1346182670, "air_time" : 0,
 		"sequence" : 323, "fails" : 0,
 		"retries" : 2, "sample_1" : -0.34,
 		"sample_2" : -3.10, "sample_3" : 8.58,
 		"sample_4" : 0, "node_id" : 11},

	"11:324" : {"timestamp" : 1346182671, "air_time" : 7,
 		"sequence" : 324, "fails" : 0,
 		"retries" : 0, "sample_1" : 1.90,
 		"sample_2" : -5.34, "sample_3" : 11.03,
 		"sample_4" : 0, "node_id" : 11},

	"11:325" : {"timestamp" : 1346182672, "air_time" : 0,
 		"sequence" : 325, "fails" : 2,
 		"retries" : 2, "sample_1" : 3.64,
 		"sample_2" : -6.31, "sample_3" : 10.40,
 		"sample_4" : 0, "node_id" : 11},

	"11:326" : {"timestamp" : 1346182673, "air_time" : 4,
 		"sequence" : 326, "fails" : 2,
 		"retries" : 1, "sample_1" : 4.72,
 		"sample_2" : -6.08, "sample_3" : 11.37,
 		"sample_4" : 0, "node_id" : 11},

	"11:327" : {"timestamp" : 1346182674, "air_time" : 9,
 		"sequence" : 327, "fails" : 0,
 		"retries" : 2, "sample_1" : 6.80,
 		"sample_2" : -8.71, "sample_3" : 9.95,
 		"sample_4" : 0, "node_id" : 11},

	"11:328" : {"timestamp" : 1346182675, "air_time" : 0,
 		"sequence" : 328, "fails" : 3,
 		"retries" : 1, "sample_1" : 7.13,
 		"sample_2" : -7.86, "sample_3" : 10.62,
 		"sample_4" : 0, "node_id" : 11},

	"11:329" : {"timestamp" : 1346182676, "air_time" : 8,
 		"sequence" : 329, "fails" : 2,
 		"retries" : 0, "sample_1" : 9.26,
 		"sample_2" : -9.12, "sample_3" : 9.89,
 		"sample_4" : 0, "node_id" : 11},

	"11:330" : {"timestamp" : 1346182677, "air_time" : 1,
 		"sequence" : 330, "fails" : 0,
 		"retries" : 1, "sample_1" : 8.66,
 		"sample_2" : -8.49, "sample_3" : 9.30,
 		"sample_4" : 0, "node_id" : 11},

	"11:331" : {"timestamp" : 1346182678, "air_time" : 0,
 		"sequence" : 331, "fails" : 3,
 		"retries" : 1, "sample_1" : 10.80,
 		"sample_2" : -7.95, "sample_3" : 7.26,
 		"sample_4" : 0, "node_id" : 11},

	"11:332" : {"timestamp" : 1346182679, "air_time" : 6,
 		"sequence" : 332, "fails" : 2,
 		"retries" : 0, "sample_1" : 11.25,
 		"sample_2" : -8.91, "sample_3" : 7.40,
 		"sample_4" : 0, "node_id" : 11},

	"11:333" : {"timestamp" : 1346182680, "air_time" : 4,
 		"sequence" : 333, "fails" : 3,
 		"retries" : 2, "sample_1" : 11.40,
 		"sample_2" : -8.19, "sample_3" : 5.18,
 		"sample_4" : 0, "node_id" : 11},

	"11:334" : {"timestamp" : 1346182681, "air_time" : 0,
 		"sequence" : 334, "fails" : 0,
 		"retries" : 1, "sample_1" : 10.35,
 		"sample_2" : -7.22, "sample_3" : 2.73,
 		"sample_4" : 0, "node_id" : 11},

	"11:335" : {"timestamp" : 1346182682, "air_time" : 9,
 		"sequence" : 335, "fails" : 2,
 		"retries" : 1, "sample_1" : 11.20,
 		"sample_2" : -5.52, "sample_3" : 1.31,
 		"sample_4" : 0, "node_id" : 11},

	"11:336" : {"timestamp" : 1346182683, "air_time" : 4,
 		"sequence" : 336, "fails" : 0,
 		"retries" : 2, "sample_1" : 9.06,
 		"sample_2" : -3.15, "sample_3" : -0.83,
 		"sample_4" : 0, "node_id" : 11},

	"11:337" : {"timestamp" : 1346182684, "air_time" : 7,
 		"sequence" : 337, "fails" : 0,
 		"retries" : 1, "sample_1" : 8.86,
 		"sample_2" : -1.43, "sample_3" : -1.54,
 		"sample_4" : 0, "node_id" : 11},

	"11:338" : {"timestamp" : 1346182685, "air_time" : 0,
 		"sequence" : 338, "fails" : 1,
 		"retries" : 2, "sample_1" : 8.03,
 		"sample_2" : -0.73, "sample_3" : -3.17,
 		"sample_4" : 0, "node_id" : 11},

	"11:339" : {"timestamp" : 1346182686, "air_time" : 3,
 		"sequence" : 339, "fails" : 3,
 		"retries" : 0, "sample_1" : 5.30,
 		"sample_2" : 0.72, "sample_3" : -5.47,
 		"sample_4" : 0, "node_id" : 11},

	"11:340" : {"timestamp" : 1346182687, "air_time" : 3,
 		"sequence" : 340, "fails" : 2,
 		"retries" : 0, "sample_1" : 4.82,
 		"sample_2" : 3.04, "sample_3" : -5.58,
 		"sample_4" : 0, "node_id" : 11},

	"11:341" : {"timestamp" : 1346182688, "air_time" : 8,
 		"sequence" : 341, "fails" : 3,
 		"retries" : 2, "sample_1" : 2.74,
 		"sample_2" : 5.20, "sample_3" : -6.78,
 		"sample_4" : 0, "node_id" : 11},

	"11:342" : {"timestamp" : 1346182689, "air_time" : 9,
 		"sequence" : 342, "fails" : 3,
 		"retries" : 0, "sample_1" : 0.50,
 		"sample_2" : 5.44, "sample_3" : -7.53,
 		"sample_4" : 0, "node_id" : 11},

	"11:343" : {"timestamp" : 1346182690, "air_time" : 3,
 		"sequence" : 343, "fails" : 1,
 		"retries" : 2, "sample_1" : -1.04,
 		"sample_2" : 8.11, "sample_3" : -8.90,
 		"sample_4" : 0, "node_id" : 11},

	"11:344" : {"timestamp" : 1346182691, "air_time" : 5,
 		"sequence" : 344, "fails" : 1,
 		"retries" : 2, "sample_1" : -1.82,
 		"sample_2" : 9.78, "sample_3" : -8.27,
 		"sample_4" : 0, "node_id" : 11},

	"11:345" : {"timestamp" : 1346182692, "air_time" : 1,
 		"sequence" : 345, "fails" : 1,
 		"retries" : 2, "sample_1" : -3.20,
 		"sample_2" : 9.11, "sample_3" : -8.25,
 		"sample_4" : 0, "node_id" : 11},

	"11:346" : {"timestamp" : 1346182693, "air_time" : 0,
 		"sequence" : 346, "fails" : 3,
 		"retries" : 0, "sample_1" : -6.23,
 		"sample_2" : 9.76, "sample_3" : -8.02,
 		"sample_4" : 0, "node_id" : 11},

	"11:347" : {"timestamp" : 1346182694, "air_time" : 0,
 		"sequence" : 347, "fails" : 1,
 		"retries" : 0, "sample_1" : -6.76,
 		"sample_2" : 11.42, "sample_3" : -7.09,
 		"sample_4" : 0, "node_id" : 11},

	"11:348" : {"timestamp" : 1346182695, "air_time" : 8,
 		"sequence" : 348, "fails" : 0,
 		"retries" : 1, "sample_1" : -7.96,
 		"sample_2" : 10.39, "sample_3" : -6.60,
 		"sample_4" : 0, "node_id" : 11},

	"11:349" : {"timestamp" : 1346182696, "air_time" : 2,
 		"sequence" : 349, "fails" : 1,
 		"retries" : 0, "sample_1" : -8.50,
 		"sample_2" : 11.55, "sample_3" : -5.26,
 		"sample_4" : 0, "node_id" : 11},

	"11:350" : {"timestamp" : 1346182697, "air_time" : 2,
 		"sequence" : 350, "fails" : 2,
 		"retries" : 1, "sample_1" : -8.35,
 		"sample_2" : 10.41, "sample_3" : -4.70,
 		"sample_4" : 0, "node_id" : 11},

	"11:351" : {"timestamp" : 1346182698, "air_time" : 6,
 		"sequence" : 351, "fails" : 3,
 		"retries" : 1, "sample_1" : -9.80,
 		"sample_2" : 8.39, "sample_3" : -3.08,
 		"sample_4" : 0, "node_id" : 11},

	"11:352" : {"timestamp" : 1346182699, "air_time" : 9,
 		"sequence" : 352, "fails" : 2,
 		"retries" : 1, "sample_1" : -9.65,
 		"sample_2" : 8.02, "sample_3" : -1.93,
 		"sample_4" : 0, "node_id" : 11},

	"11:353" : {"timestamp" : 1346182700, "air_time" : 3,
 		"sequence" : 353, "fails" : 3,
 		"retries" : 0, "sample_1" : -9.10,
 		"sample_2" : 6.12, "sample_3" : 0.49,
 		"sample_4" : 0, "node_id" : 11},

	"11:354" : {"timestamp" : 1346182701, "air_time" : 3,
 		"sequence" : 354, "fails" : 1,
 		"retries" : 2, "sample_1" : -7.46,
 		"sample_2" : 5.75, "sample_3" : 1.13,
 		"sample_4" : 0, "node_id" : 11},

	"11:355" : {"timestamp" : 1346182702, "air_time" : 2,
 		"sequence" : 355, "fails" : 3,
 		"retries" : 0, "sample_1" : -6.86,
 		"sample_2" : 4.23, "sample_3" : 4.34,
 		"sample_4" : 0, "node_id" : 11},

	"11:356" : {"timestamp" : 1346182703, "air_time" : 8,
 		"sequence" : 356, "fails" : 2,
 		"retries" : 1, "sample_1" : -6.03,
 		"sample_2" : 3.13, "sample_3" : 5.57,
 		"sample_4" : 0, "node_id" : 11},

	"11:357" : {"timestamp" : 1346182704, "air_time" : 2,
 		"sequence" : 357, "fails" : 3,
 		"retries" : 0, "sample_1" : -4.60,
 		"sample_2" : 0.78, "sample_3" : 6.97,
 		"sample_4" : 0, "node_id" : 11},

	"11:358" : {"timestamp" : 1346182705, "air_time" : 8,
 		"sequence" : 358, "fails" : 0,
 		"retries" : 1, "sample_1" : -2.72,
 		"sample_2" : -0.34, "sample_3" : 8.78,
 		"sample_4" : 0, "node_id" : 11},

	"11:359" : {"timestamp" : 1346182706, "air_time" : 7,
 		"sequence" : 359, "fails" : 0,
 		"retries" : 1, "sample_1" : -0.74,
 		"sample_2" : -3.30, "sample_3" : 8.48,
 		"sample_4" : 0, "node_id" : 11},

	"11:360" : {"timestamp" : 1346182707, "air_time" : 7,
 		"sequence" : 360, "fails" : 2,
 		"retries" : 0, "sample_1" : 1.30,
 		"sample_2" : -4.64, "sample_3" : 10.53,
 		"sample_4" : 0, "node_id" : 11},

	"11:361" : {"timestamp" : 1346182708, "air_time" : 1,
 		"sequence" : 361, "fails" : 1,
 		"retries" : 2, "sample_1" : 3.14,
 		"sample_2" : -6.81, "sample_3" : 10.00,
 		"sample_4" : 0, "node_id" : 11},

	"11:362" : {"timestamp" : 1346182709, "air_time" : 1,
 		"sequence" : 362, "fails" : 2,
 		"retries" : 0, "sample_1" : 5.02,
 		"sample_2" : -7.88, "sample_3" : 10.47,
 		"sample_4" : 0, "node_id" : 11},

	"11:363" : {"timestamp" : 1346182710, "air_time" : 4,
 		"sequence" : 363, "fails" : 0,
 		"retries" : 1, "sample_1" : 6.20,
 		"sample_2" : -8.81, "sample_3" : 10.75,
 		"sample_4" : 0, "node_id" : 11},

	"11:364" : {"timestamp" : 1346182711, "air_time" : 6,
 		"sequence" : 364, "fails" : 0,
 		"retries" : 0, "sample_1" : 8.03,
 		"sample_2" : -8.86, "sample_3" : 9.82,
 		"sample_4" : 0, "node_id" : 11},

	"11:365" : {"timestamp" : 1346182712, "air_time" : 4,
 		"sequence" : 365, "fails" : 0,
 		"retries" : 2, "sample_1" : 8.86,
 		"sample_2" : -8.22, "sample_3" : 9.39,
 		"sample_4" : 0, "node_id" : 11},

	"11:366" : {"timestamp" : 1346182713, "air_time" : 5,
 		"sequence" : 366, "fails" : 0,
 		"retries" : 0, "sample_1" : 8.66,
 		"sample_2" : -9.19, "sample_3" : 9.80,
 		"sample_4" : 0, "node_id" : 11},

	"11:367" : {"timestamp" : 1346182714, "air_time" : 3,
 		"sequence" : 367, "fails" : 0,
 		"retries" : 0, "sample_1" : 10.60,
 		"sample_2" : -8.15, "sample_3" : 7.96,
 		"sample_4" : 0, "node_id" : 11},

	"11:368" : {"timestamp" : 1346182715, "air_time" : 5,
 		"sequence" : 368, "fails" : 2,
 		"retries" : 0, "sample_1" : 10.35,
 		"sample_2" : -8.51, "sample_3" : 7.30,
 		"sample_4" : 0, "node_id" : 11},

	"11:369" : {"timestamp" : 1346182716, "air_time" : 0,
 		"sequence" : 369, "fails" : 0,
 		"retries" : 0, "sample_1" : 10.70,
 		"sample_2" : -7.79, "sample_3" : 5.08,
 		"sample_4" : 0, "node_id" : 11},

	"11:370" : {"timestamp" : 1346182717, "air_time" : 9,
 		"sequence" : 370, "fails" : 2,
 		"retries" : 0, "sample_1" : 11.45,
 		"sample_2" : -6.22, "sample_3" : 4.23,
 		"sample_4" : 0, "node_id" : 11},

	"11:371" : {"timestamp" : 1346182718, "air_time" : 1,
 		"sequence" : 371, "fails" : 2,
 		"retries" : 2, "sample_1" : 9.70,
 		"sample_2" : -6.02, "sample_3" : 1.01,
 		"sample_4" : 0, "node_id" : 11},

	"11:372" : {"timestamp" : 1346182719, "air_time" : 5,
 		"sequence" : 372, "fails" : 3,
 		"retries" : 0, "sample_1" : 10.26,
 		"sample_2" : -2.65, "sample_3" : -1.03,
 		"sample_4" : 0, "node_id" : 11},

	"11:373" : {"timestamp" : 1346182720, "air_time" : 3,
 		"sequence" : 373, "fails" : 2,
 		"retries" : 2, "sample_1" : 8.26,
 		"sample_2" : -1.13, "sample_3" : -1.24,
 		"sample_4" : 0, "node_id" : 11},

	"11:374" : {"timestamp" : 1346182721, "air_time" : 6,
 		"sequence" : 374, "fails" : 2,
 		"retries" : 1, "sample_1" : 7.13,
 		"sample_2" : 0.67, "sample_3" : -3.07,
 		"sample_4" : 0, "node_id" : 11},

	"11:375" : {"timestamp" : 1346182722, "air_time" : 0,
 		"sequence" : 375, "fails" : 0,
 		"retries" : 1, "sample_1" : 5.70,
 		"sample_2" : 0.82, "sample_3" : -4.97,
 		"sample_4" : 0, "node_id" : 11},

	"11:376" : {"timestamp" : 1346182723, "air_time" : 1,
 		"sequence" : 376, "fails" : 2,
 		"retries" : 1, "sample_1" : 3.42,
 		"sample_2" : 2.54, "sample_3" : -5.98,
 		"sample_4" : 0, "node_id" : 11},

	"11:377" : {"timestamp" : 1346182724, "air_time" : 8,
 		"sequence" : 377, "fails" : 3,
 		"retries" : 0, "sample_1" : 2.24,
 		"sample_2" : 4.10, "sample_3" : -7.38,
 		"sample_4" : 0, "node_id" : 11},

	"11:378" : {"timestamp" : 1346182725, "air_time" : 6,
 		"sequence" : 378, "fails" : 1,
 		"retries" : 0, "sample_1" : 1.80,
 		"sample_2" : 7.14, "sample_3" : -8.43,
 		"sample_4" : 0, "node_id" : 11},

	"11:379" : {"timestamp" : 1346182726, "air_time" : 5,
 		"sequence" : 379, "fails" : 2,
 		"retries" : 2, "sample_1" : -1.04,
 		"sample_2" : 7.91, "sample_3" : -9.70,
 		"sample_4" : 0, "node_id" : 11},

	"11:380" : {"timestamp" : 1346182727, "air_time" : 2,
 		"sequence" : 380, "fails" : 0,
 		"retries" : 2, "sample_1" : -1.72,
 		"sample_2" : 8.98, "sample_3" : -8.77,
 		"sample_4" : 0, "node_id" : 11},

	"11:381" : {"timestamp" : 1346182728, "air_time" : 8,
 		"sequence" : 381, "fails" : 2,
 		"retries" : 1, "sample_1" : -4.90,
 		"sample_2" : 9.51, "sample_3" : -8.05,
 		"sample_4" : 0, "node_id" : 11},

	"11:382" : {"timestamp" : 1346182729, "air_time" : 5,
 		"sequence" : 382, "fails" : 0,
 		"retries" : 2, "sample_1" : -6.23,
 		"sample_2" : 10.16, "sample_3" : -7.72,
 		"sample_4" : 0, "node_id" : 11},

	"11:383" : {"timestamp" : 1346182730, "air_time" : 3,
 		"sequence" : 383, "fails" : 0,
 		"retries" : 0, "sample_1" : -6.06,
 		"sample_2" : 11.62, "sample_3" : -7.19,
 		"sample_4" : 0, "node_id" : 11},

	"11:384" : {"timestamp" : 1346182731, "air_time" : 8,
 		"sequence" : 384, "fails" : 1,
 		"retries" : 1, "sample_1" : -7.26,
 		"sample_2" : 11.49, "sample_3" : -6.40,
 		"sample_4" : 0, "node_id" : 11},

	"11:385" : {"timestamp" : 1346182732, "air_time" : 7,
 		"sequence" : 385, "fails" : 0,
 		"retries" : 1, "sample_1" : -9.40,
 		"sample_2" : 11.35, "sample_3" : -6.46,
 		"sample_4" : 0, "node_id" : 11},

	"11:386" : {"timestamp" : 1346182733, "air_time" : 7,
 		"sequence" : 386, "fails" : 3,
 		"retries" : 2, "sample_1" : -8.25,
 		"sample_2" : 9.51, "sample_3" : -4.60,
 		"sample_4" : 0, "node_id" : 11},

	"11:387" : {"timestamp" : 1346182734, "air_time" : 7,
 		"sequence" : 387, "fails" : 1,
 		"retries" : 1, "sample_1" : -9.70,
 		"sample_2" : 8.49, "sample_3" : -3.38,
 		"sample_4" : 0, "node_id" : 11},

	"11:388" : {"timestamp" : 1346182735, "air_time" : 9,
 		"sequence" : 388, "fails" : 2,
 		"retries" : 1, "sample_1" : -9.25,
 		"sample_2" : 8.12, "sample_3" : -1.43,
 		"sample_4" : 0, "node_id" : 11},

	"11:389" : {"timestamp" : 1346182736, "air_time" : 0,
 		"sequence" : 389, "fails" : 1,
 		"retries" : 1, "sample_1" : -7.50,
 		"sample_2" : 7.42, "sample_3" : -0.41,
 		"sample_4" : 0, "node_id" : 11},

	"11:390" : {"timestamp" : 1346182737, "air_time" : 8,
 		"sequence" : 390, "fails" : 3,
 		"retries" : 0, "sample_1" : -7.06,
 		"sample_2" : 4.85, "sample_3" : 2.53,
 		"sample_4" : 0, "node_id" : 11},

	"11:391" : {"timestamp" : 1346182738, "air_time" : 5,
 		"sequence" : 391, "fails" : 0,
 		"retries" : 2, "sample_1" : -5.86,
 		"sample_2" : 4.63, "sample_3" : 3.64,
 		"sample_4" : 0, "node_id" : 11},

	"11:392" : {"timestamp" : 1346182739, "air_time" : 6,
 		"sequence" : 392, "fails" : 0,
 		"retries" : 1, "sample_1" : -6.03,
 		"sample_2" : 2.53, "sample_3" : 4.97,
 		"sample_4" : 0, "node_id" : 11},

	"11:393" : {"timestamp" : 1346182740, "air_time" : 3,
 		"sequence" : 393, "fails" : 3,
 		"retries" : 1, "sample_1" : -4.00,
 		"sample_2" : -0.32, "sample_3" : 6.17,
 		"sample_4" : 0, "node_id" : 11},

	"11:394" : {"timestamp" : 1346182741, "air_time" : 4,
 		"sequence" : 394, "fails" : 2,
 		"retries" : 0, "sample_1" : -1.82,
 		"sample_2" : -0.34, "sample_3" : 8.28,
 		"sample_4" : 0, "node_id" : 11},

	"11:395" : {"timestamp" : 1346182742, "air_time" : 3,
 		"sequence" : 395, "fails" : 3,
 		"retries" : 0, "sample_1" : -0.14,
 		"sample_2" : -2.50, "sample_3" : 9.18,
 		"sample_4" : 0, "node_id" : 11},

	"11:396" : {"timestamp" : 1346182743, "air_time" : 4,
 		"sequence" : 396, "fails" : 2,
 		"retries" : 0, "sample_1" : 1.20,
 		"sample_2" : -5.14, "sample_3" : 9.63,
 		"sample_4" : 0, "node_id" : 11},

	"11:397" : {"timestamp" : 1346182744, "air_time" : 7,
 		"sequence" : 397, "fails" : 3,
 		"retries" : 2, "sample_1" : 3.64,
 		"sample_2" : -5.11, "sample_3" : 11.40,
 		"sample_4" : 0, "node_id" : 11},

	"11:398" : {"timestamp" : 1346182745, "air_time" : 8,
 		"sequence" : 398, "fails" : 3,
 		"retries" : 0, "sample_1" : 3.72,
 		"sample_2" : -6.68, "sample_3" : 11.57,
 		"sample_4" : 0, "node_id" : 11},

	"11:399" : {"timestamp" : 1346182746, "air_time" : 6,
 		"sequence" : 399, "fails" : 0,
 		"retries" : 2, "sample_1" : 5.00,
 		"sample_2" : -7.31, "sample_3" : 11.35,
 		"sample_4" : 0, "node_id" : 11},

	"11:400" : {"timestamp" : 1346182747, "air_time" : 2,
 		"sequence" : 400, "fails" : 0,
 		"retries" : 2, "sample_1" : 8.13,
 		"sample_2" : -8.06, "sample_3" : 10.62,
 		"sample_4" : 0, "node_id" : 11},

	"11:401" : {"timestamp" : 1346182748, "air_time" : 1,
 		"sequence" : 401, "fails" : 3,
 		"retries" : 0, "sample_1" : 7.96,
 		"sample_2" : -9.72, "sample_3" : 10.59,
 		"sample_4" : 0, "node_id" : 11},

	"11:402" : {"timestamp" : 1346182749, "air_time" : 5,
 		"sequence" : 402, "fails" : 2,
 		"retries" : 1, "sample_1" : 9.26,
 		"sample_2" : -9.69, "sample_3" : 9.30,
 		"sample_4" : 0, "node_id" : 11},

	"11:403" : {"timestamp" : 1346182750, "air_time" : 0,
 		"sequence" : 403, "fails" : 0,
 		"retries" : 1, "sample_1" : 9.40,
 		"sample_2" : -9.65, "sample_3" : 7.46,
 		"sample_4" : 0, "node_id" : 11},

	"11:404" : {"timestamp" : 1346182751, "air_time" : 7,
 		"sequence" : 404, "fails" : 2,
 		"retries" : 2, "sample_1" : 9.85,
 		"sample_2" : -8.71, "sample_3" : 5.90,
 		"sample_4" : 0, "node_id" : 11},

	"11:405" : {"timestamp" : 1346182752, "air_time" : 9,
 		"sequence" : 405, "fails" : 3,
 		"retries" : 2, "sample_1" : 11.10,
 		"sample_2" : -6.49, "sample_3" : 5.98,
 		"sample_4" : 0, "node_id" : 11},

	"11:406" : {"timestamp" : 1346182753, "air_time" : 0,
 		"sequence" : 406, "fails" : 1,
 		"retries" : 0, "sample_1" : 10.35,
 		"sample_2" : -6.02, "sample_3" : 3.53,
 		"sample_4" : 0, "node_id" : 11},

	"11:407" : {"timestamp" : 1346182754, "air_time" : 9,
 		"sequence" : 407, "fails" : 1,
 		"retries" : 1, "sample_1" : 10.10,
 		"sample_2" : -5.92, "sample_3" : 1.01,
 		"sample_4" : 0, "node_id" : 11},

	"11:408" : {"timestamp" : 1346182755, "air_time" : 1,
 		"sequence" : 408, "fails" : 3,
 		"retries" : 1, "sample_1" : 8.76,
 		"sample_2" : -4.05, "sample_3" : 0.67,
 		"sample_4" : 0, "node_id" : 11},

	"11:409" : {"timestamp" : 1346182756, "air_time" : 9,
 		"sequence" : 409, "fails" : 1,
 		"retries" : 0, "sample_1" : 7.66,
 		"sample_2" : -2.33, "sample_3" : -2.44,
 		"sample_4" : 0, "node_id" : 11},

	"11:410" : {"timestamp" : 1346182757, "air_time" : 5,
 		"sequence" : 410, "fails" : 1,
 		"retries" : 2, "sample_1" : 8.13,
 		"sample_2" : -1.23, "sample_3" : -3.47,
 		"sample_4" : 0, "node_id" : 11},

	"11:411" : {"timestamp" : 1346182758, "air_time" : 4,
 		"sequence" : 411, "fails" : 2,
 		"retries" : 2, "sample_1" : 5.40,
 		"sample_2" : 1.82, "sample_3" : -4.37,
 		"sample_4" : 0, "node_id" : 11},

	"11:412" : {"timestamp" : 1346182759, "air_time" : 0,
 		"sequence" : 412, "fails" : 2,
 		"retries" : 2, "sample_1" : 4.42,
 		"sample_2" : 2.24, "sample_3" : -6.98,
 		"sample_4" : 0, "node_id" : 11},

	"11:413" : {"timestamp" : 1346182760, "air_time" : 5,
 		"sequence" : 413, "fails" : 0,
 		"retries" : 0, "sample_1" : 2.54,
 		"sample_2" : 5.60, "sample_3" : -8.08,
 		"sample_4" : 0, "node_id" : 11},

	"11:414" : {"timestamp" : 1346182761, "air_time" : 3,
 		"sequence" : 414, "fails" : 0,
 		"retries" : 1, "sample_1" : 0.00,
 		"sample_2" : 7.04, "sample_3" : -8.23,
 		"sample_4" : 0, "node_id" : 11},

	"11:415" : {"timestamp" : 1346182762, "air_time" : 9,
 		"sequence" : 415, "fails" : 0,
 		"retries" : 2, "sample_1" : -0.54,
 		"sample_2" : 8.61, "sample_3" : -8.90,
 		"sample_4" : 0, "node_id" : 11},

	"11:416" : {"timestamp" : 1346182763, "air_time" : 9,
 		"sequence" : 416, "fails" : 2,
 		"retries" : 2, "sample_1" : -2.82,
 		"sample_2" : 8.88, "sample_3" : -8.57,
 		"sample_4" : 0, "node_id" : 11},

	"11:417" : {"timestamp" : 1346182764, "air_time" : 5,
 		"sequence" : 417, "fails" : 3,
 		"retries" : 0, "sample_1" : -4.50,
 		"sample_2" : 9.01, "sample_3" : -9.75,
 		"sample_4" : 0, "node_id" : 11},

	"11:418" : {"timestamp" : 1346182765, "air_time" : 4,
 		"sequence" : 418, "fails" : 0,
 		"retries" : 0, "sample_1" : -4.83,
 		"sample_2" : 11.26, "sample_3" : -8.72,
 		"sample_4" : 0, "node_id" : 11},

	"11:419" : {"timestamp" : 1346182766, "air_time" : 9,
 		"sequence" : 419, "fails" : 3,
 		"retries" : 2, "sample_1" : -5.96,
 		"sample_2" : 10.72, "sample_3" : -7.89,
 		"sample_4" : 0, "node_id" : 11},

	"11:420" : {"timestamp" : 1346182767, "air_time" : 7,
 		"sequence" : 420, "fails" : 1,
 		"retries" : 1, "sample_1" : -6.96,
 		"sample_2" : 11.69, "sample_3" : -8.10,
 		"sample_4" : 0, "node_id" : 11},

	"11:421" : {"timestamp" : 1346182768, "air_time" : 1,
 		"sequence" : 421, "fails" : 1,
 		"retries" : 2, "sample_1" : -7.80,
 		"sample_2" : 10.85, "sample_3" : -6.16,
 		"sample_4" : 0, "node_id" : 11},

	"11:422" : {"timestamp" : 1346182769, "air_time" : 5,
 		"sequence" : 422, "fails" : 2,
 		"retries" : 0, "sample_1" : -9.85,
 		"sample_2" : 10.31, "sample_3" : -4.10,
 		"sample_4" : 0, "node_id" : 11},

	"11:423" : {"timestamp" : 1346182770, "air_time" : 1,
 		"sequence" : 423, "fails" : 3,
 		"retries" : 1, "sample_1" : -9.40,
 		"sample_2" : 9.59, "sample_3" : -2.68,
 		"sample_4" : 0, "node_id" : 11},

	"11:424" : {"timestamp" : 1346182771, "air_time" : 0,
 		"sequence" : 424, "fails" : 2,
 		"retries" : 0, "sample_1" : -8.25,
 		"sample_2" : 8.22, "sample_3" : -1.43,
 		"sample_4" : 0, "node_id" : 11},

	"11:425" : {"timestamp" : 1346182772, "air_time" : 2,
 		"sequence" : 425, "fails" : 1,
 		"retries" : 0, "sample_1" : -8.10,
 		"sample_2" : 7.02, "sample_3" : -0.01,
 		"sample_4" : 0, "node_id" : 11},

	"11:426" : {"timestamp" : 1346182773, "air_time" : 9,
 		"sequence" : 426, "fails" : 2,
 		"retries" : 2, "sample_1" : -7.56,
 		"sample_2" : 5.55, "sample_3" : 2.13,
 		"sample_4" : 0, "node_id" : 11},

	"11:427" : {"timestamp" : 1346182774, "air_time" : 4,
 		"sequence" : 427, "fails" : 1,
 		"retries" : 0, "sample_1" : -6.46,
 		"sample_2" : 4.73, "sample_3" : 3.34,
 		"sample_4" : 0, "node_id" : 11},

	"11:428" : {"timestamp" : 1346182775, "air_time" : 4,
 		"sequence" : 428, "fails" : 0,
 		"retries" : 0, "sample_1" : -5.53,
 		"sample_2" : 1.93, "sample_3" : 5.37,
 		"sample_4" : 0, "node_id" : 11},

	"11:429" : {"timestamp" : 1346182776, "air_time" : 7,
 		"sequence" : 429, "fails" : 1,
 		"retries" : 0, "sample_1" : -3.10,
 		"sample_2" : 0.88, "sample_3" : 5.97,
 		"sample_4" : 0, "node_id" : 11},

	"11:430" : {"timestamp" : 1346182777, "air_time" : 2,
 		"sequence" : 430, "fails" : 1,
 		"retries" : 2, "sample_1" : -2.12,
 		"sample_2" : -1.74, "sample_3" : 7.98,
 		"sample_4" : 0, "node_id" : 11},

	"11:431" : {"timestamp" : 1346182778, "air_time" : 3,
 		"sequence" : 431, "fails" : 3,
 		"retries" : 1, "sample_1" : -0.24,
 		"sample_2" : -3.10, "sample_3" : 9.48,
 		"sample_4" : 0, "node_id" : 11},

	"11:432" : {"timestamp" : 1346182779, "air_time" : 4,
 		"sequence" : 432, "fails" : 0,
 		"retries" : 2, "sample_1" : 0.80,
 		"sample_2" : -4.44, "sample_3" : 10.43,
 		"sample_4" : 0, "node_id" : 11},

	"11:433" : {"timestamp" : 1346182780, "air_time" : 7,
 		"sequence" : 433, "fails" : 3,
 		"retries" : 2, "sample_1" : 2.94,
 		"sample_2" : -6.11, "sample_3" : 10.90,
 		"sample_4" : 0, "node_id" : 11},

	"11:434" : {"timestamp" : 1346182781, "air_time" : 2,
 		"sequence" : 434, "fails" : 2,
 		"retries" : 2, "sample_1" : 3.62,
 		"sample_2" : -7.58, "sample_3" : 11.47,
 		"sample_4" : 0, "node_id" : 11},

	"11:435" : {"timestamp" : 1346182782, "air_time" : 5,
 		"sequence" : 435, "fails" : 2,
 		"retries" : 2, "sample_1" : 5.60,
 		"sample_2" : -7.41, "sample_3" : 11.75,
 		"sample_4" : 0, "node_id" : 11},

	"11:436" : {"timestamp" : 1346182783, "air_time" : 5,
 		"sequence" : 436, "fails" : 0,
 		"retries" : 2, "sample_1" : 7.13,
 		"sample_2" : -8.06, "sample_3" : 11.52,
 		"sample_4" : 0, "node_id" : 11},

	"11:437" : {"timestamp" : 1346182784, "air_time" : 4,
 		"sequence" : 437, "fails" : 3,
 		"retries" : 1, "sample_1" : 9.56,
 		"sample_2" : -9.22, "sample_3" : 9.19,
 		"sample_4" : 0, "node_id" : 11},

	"11:438" : {"timestamp" : 1346182785, "air_time" : 9,
 		"sequence" : 438, "fails" : 1,
 		"retries" : 0, "sample_1" : 10.36,
 		"sample_2" : -9.69, "sample_3" : 9.40,
 		"sample_4" : 0, "node_id" : 11},

	"11:439" : {"timestamp" : 1346182786, "air_time" : 8,
 		"sequence" : 439, "fails" : 1,
 		"retries" : 0, "sample_1" : 9.80,
 		"sample_2" : -8.95, "sample_3" : 8.46,
 		"sample_4" : 0, "node_id" : 11},

	"11:440" : {"timestamp" : 1346182787, "air_time" : 7,
 		"sequence" : 440, "fails" : 3,
 		"retries" : 0, "sample_1" : 10.75,
 		"sample_2" : -8.41, "sample_3" : 5.80,
 		"sample_4" : 0, "node_id" : 11},

	"11:441" : {"timestamp" : 1346182788, "air_time" : 0,
 		"sequence" : 441, "fails" : 3,
 		"retries" : 2, "sample_1" : 10.10,
 		"sample_2" : -8.19, "sample_3" : 5.58,
 		"sample_4" : 0, "node_id" : 11},

	"11:442" : {"timestamp" : 1346182789, "air_time" : 9,
 		"sequence" : 442, "fails" : 3,
 		"retries" : 0, "sample_1" : 10.25,
 		"sample_2" : -6.82, "sample_3" : 3.93,
 		"sample_4" : 0, "node_id" : 11},

	"11:443" : {"timestamp" : 1346182790, "air_time" : 9,
 		"sequence" : 443, "fails" : 2,
 		"retries" : 2, "sample_1" : 9.70,
 		"sample_2" : -6.02, "sample_3" : 2.21,
 		"sample_4" : 0, "node_id" : 11},

	"11:444" : {"timestamp" : 1346182791, "air_time" : 9,
 		"sequence" : 444, "fails" : 1,
 		"retries" : 0, "sample_1" : 10.46,
 		"sample_2" : -3.25, "sample_3" : -0.83,
 		"sample_4" : 0, "node_id" : 11},

	"11:445" : {"timestamp" : 1346182792, "air_time" : 2,
 		"sequence" : 445, "fails" : 3,
 		"retries" : 0, "sample_1" : 7.96,
 		"sample_2" : -1.63, "sample_3" : -2.34,
 		"sample_4" : 0, "node_id" : 11},

	"11:446" : {"timestamp" : 1346182793, "air_time" : 7,
 		"sequence" : 446, "fails" : 0,
 		"retries" : 0, "sample_1" : 8.03,
 		"sample_2" : 0.57, "sample_3" : -3.87,
 		"sample_4" : 0, "node_id" : 11},

	"11:447" : {"timestamp" : 1346182794, "air_time" : 0,
 		"sequence" : 447, "fails" : 1,
 		"retries" : 0, "sample_1" : 5.70,
 		"sample_2" : 0.52, "sample_3" : -5.77,
 		"sample_4" : 0, "node_id" : 11},

	"11:448" : {"timestamp" : 1346182795, "air_time" : 1,
 		"sequence" : 448, "fails" : 3,
 		"retries" : 2, "sample_1" : 3.62,
 		"sample_2" : 3.84, "sample_3" : -6.88,
 		"sample_4" : 0, "node_id" : 11},

	"11:449" : {"timestamp" : 1346182796, "air_time" : 9,
 		"sequence" : 449, "fails" : 3,
 		"retries" : 0, "sample_1" : 3.54,
 		"sample_2" : 4.70, "sample_3" : -7.38,
 		"sample_4" : 0, "node_id" : 11},

	"11:450" : {"timestamp" : 1346182797, "air_time" : 6,
 		"sequence" : 450, "fails" : 2,
 		"retries" : 1, "sample_1" : 1.00,
 		"sample_2" : 6.74, "sample_3" : -8.23,
 		"sample_4" : 0, "node_id" : 11},

	"11:451" : {"timestamp" : 1346182798, "air_time" : 2,
 		"sequence" : 451, "fails" : 3,
 		"retries" : 0, "sample_1" : -0.64,
 		"sample_2" : 8.31, "sample_3" : -8.20,
 		"sample_4" : 0, "node_id" : 11},

	"11:452" : {"timestamp" : 1346182799, "air_time" : 5,
 		"sequence" : 452, "fails" : 1,
 		"retries" : 0, "sample_1" : -3.42,
 		"sample_2" : 9.88, "sample_3" : -8.27,
 		"sample_4" : 0, "node_id" : 11},

	"11:453" : {"timestamp" : 1346182800, "air_time" : 7,
 		"sequence" : 453, "fails" : 1,
 		"retries" : 0, "sample_1" : -3.20,
 		"sample_2" : 9.41, "sample_3" : -9.35,
 		"sample_4" : 0, "node_id" : 11},

	"11:454" : {"timestamp" : 1346182801, "air_time" : 2,
 		"sequence" : 454, "fails" : 2,
 		"retries" : 1, "sample_1" : -5.43,
 		"sample_2" : 10.46, "sample_3" : -8.72,
 		"sample_4" : 0, "node_id" : 11},

	"11:455" : {"timestamp" : 1346182802, "air_time" : 9,
 		"sequence" : 455, "fails" : 3,
 		"retries" : 1, "sample_1" : -7.46,
 		"sample_2" : 11.52, "sample_3" : -8.99,
 		"sample_4" : 0, "node_id" : 11},

	"11:456" : {"timestamp" : 1346182803, "air_time" : 0,
 		"sequence" : 456, "fails" : 3,
 		"retries" : 2, "sample_1" : -7.46,
 		"sample_2" : 11.69, "sample_3" : -7.60,
 		"sample_4" : 0, "node_id" : 11},

	"11:457" : {"timestamp" : 1346182804, "air_time" : 6,
 		"sequence" : 457, "fails" : 2,
 		"retries" : 2, "sample_1" : -8.70,
 		"sample_2" : 10.85, "sample_3" : -5.36,
 		"sample_4" : 0, "node_id" : 11},

	"11:458" : {"timestamp" : 1346182805, "air_time" : 4,
 		"sequence" : 458, "fails" : 0,
 		"retries" : 1, "sample_1" : -9.75,
 		"sample_2" : 11.11, "sample_3" : -4.00,
 		"sample_4" : 0, "node_id" : 11},

	"11:459" : {"timestamp" : 1346182806, "air_time" : 5,
 		"sequence" : 459, "fails" : 3,
 		"retries" : 1, "sample_1" : -8.40,
 		"sample_2" : 8.59, "sample_3" : -3.18,
 		"sample_4" : 0, "node_id" : 11},

	"11:460" : {"timestamp" : 1346182807, "air_time" : 1,
 		"sequence" : 460, "fails" : 3,
 		"retries" : 1, "sample_1" : -8.25,
 		"sample_2" : 8.12, "sample_3" : -1.43,
 		"sample_4" : 0, "node_id" : 11},

	"11:461" : {"timestamp" : 1346182808, "air_time" : 5,
 		"sequence" : 461, "fails" : 1,
 		"retries" : 1, "sample_1" : -9.20,
 		"sample_2" : 6.82, "sample_3" : 0.39,
 		"sample_4" : 0, "node_id" : 11},

	"11:462" : {"timestamp" : 1346182809, "air_time" : 1,
 		"sequence" : 462, "fails" : 0,
 		"retries" : 1, "sample_1" : -7.66,
 		"sample_2" : 5.95, "sample_3" : 1.83,
 		"sample_4" : 0, "node_id" : 11},

	"11:463" : {"timestamp" : 1346182810, "air_time" : 0,
 		"sequence" : 463, "fails" : 0,
 		"retries" : 0, "sample_1" : -7.36,
 		"sample_2" : 4.83, "sample_3" : 2.84,
 		"sample_4" : 0, "node_id" : 11},

	"11:464" : {"timestamp" : 1346182811, "air_time" : 7,
 		"sequence" : 464, "fails" : 2,
 		"retries" : 0, "sample_1" : -5.33,
 		"sample_2" : 1.83, "sample_3" : 5.37,
 		"sample_4" : 0, "node_id" : 11},

	"11:465" : {"timestamp" : 1346182812, "air_time" : 7,
 		"sequence" : 465, "fails" : 1,
 		"retries" : 2, "sample_1" : -3.20,
 		"sample_2" : 0.58, "sample_3" : 6.57,
 		"sample_4" : 0, "node_id" : 11},

	"11:466" : {"timestamp" : 1346182813, "air_time" : 1,
 		"sequence" : 466, "fails" : 0,
 		"retries" : 0, "sample_1" : -1.52,
 		"sample_2" : -1.04, "sample_3" : 8.28,
 		"sample_4" : 0, "node_id" : 11},

	"11:467" : {"timestamp" : 1346182814, "air_time" : 7,
 		"sequence" : 467, "fails" : 3,
 		"retries" : 1, "sample_1" : -0.24,
 		"sample_2" : -3.80, "sample_3" : 10.08,
 		"sample_4" : 0, "node_id" : 11},

	"11:468" : {"timestamp" : 1346182815, "air_time" : 7,
 		"sequence" : 468, "fails" : 2,
 		"retries" : 1, "sample_1" : 1.30,
 		"sample_2" : -3.64, "sample_3" : 10.83,
 		"sample_4" : 0, "node_id" : 11},

	"11:469" : {"timestamp" : 1346182816, "air_time" : 0,
 		"sequence" : 469, "fails" : 0,
 		"retries" : 2, "sample_1" : 1.84,
 		"sample_2" : -6.71, "sample_3" : 9.90,
 		"sample_4" : 0, "node_id" : 11},

	"11:470" : {"timestamp" : 1346182817, "air_time" : 7,
 		"sequence" : 470, "fails" : 3,
 		"retries" : 0, "sample_1" : 4.22,
 		"sample_2" : -6.88, "sample_3" : 11.47,
 		"sample_4" : 0, "node_id" : 11},

	"11:471" : {"timestamp" : 1346182818, "air_time" : 0,
 		"sequence" : 471, "fails" : 0,
 		"retries" : 1, "sample_1" : 6.60,
 		"sample_2" : -8.11, "sample_3" : 11.85,
 		"sample_4" : 0, "node_id" : 11},

	"11:472" : {"timestamp" : 1346182819, "air_time" : 3,
 		"sequence" : 472, "fails" : 1,
 		"retries" : 0, "sample_1" : 6.53,
 		"sample_2" : -9.16, "sample_3" : 10.62,
 		"sample_4" : 0, "node_id" : 11},

	"11:473" : {"timestamp" : 1346182820, "air_time" : 4,
 		"sequence" : 473, "fails" : 2,
 		"retries" : 0, "sample_1" : 9.36,
 		"sample_2" : -8.92, "sample_3" : 9.39,
 		"sample_4" : 0, "node_id" : 11},

	"11:474" : {"timestamp" : 1346182821, "air_time" : 5,
 		"sequence" : 474, "fails" : 0,
 		"retries" : 0, "sample_1" : 9.16,
 		"sample_2" : -9.69, "sample_3" : 8.70,
 		"sample_4" : 0, "node_id" : 11},

	"11:475" : {"timestamp" : 1346182822, "air_time" : 7,
 		"sequence" : 475, "fails" : 2,
 		"retries" : 0, "sample_1" : 10.10,
 		"sample_2" : -8.95, "sample_3" : 6.96,
 		"sample_4" : 0, "node_id" : 11},

	"11:476" : {"timestamp" : 1346182823, "air_time" : 1,
 		"sequence" : 476, "fails" : 2,
 		"retries" : 2, "sample_1" : 11.45,
 		"sample_2" : -8.41, "sample_3" : 6.00,
 		"sample_4" : 0, "node_id" : 11},

	"11:477" : {"timestamp" : 1346182824, "air_time" : 0,
 		"sequence" : 477, "fails" : 0,
 		"retries" : 1, "sample_1" : 11.20,
 		"sample_2" : -6.59, "sample_3" : 5.08,
 		"sample_4" : 0, "node_id" : 11},

	"11:478" : {"timestamp" : 1346182825, "air_time" : 4,
 		"sequence" : 478, "fails" : 3,
 		"retries" : 1, "sample_1" : 10.55,
 		"sample_2" : -7.12, "sample_3" : 2.43,
 		"sample_4" : 0, "node_id" : 11},

	"11:479" : {"timestamp" : 1346182826, "air_time" : 0,
 		"sequence" : 479, "fails" : 2,
 		"retries" : 2, "sample_1" : 11.10,
 		"sample_2" : -4.92, "sample_3" : 2.31,
 		"sample_4" : 0, "node_id" : 11},

	"11:480" : {"timestamp" : 1346182827, "air_time" : 0,
 		"sequence" : 480, "fails" : 0,
 		"retries" : 1, "sample_1" : 10.46,
 		"sample_2" : -4.35, "sample_3" : -0.63,
 		"sample_4" : 0, "node_id" : 11},

	"11:481" : {"timestamp" : 1346182828, "air_time" : 2,
 		"sequence" : 481, "fails" : 0,
 		"retries" : 2, "sample_1" : 9.06,
 		"sample_2" : -1.33, "sample_3" : -1.74,
 		"sample_4" : 0, "node_id" : 11},

	"11:482" : {"timestamp" : 1346182829, "air_time" : 9,
 		"sequence" : 482, "fails" : 1,
 		"retries" : 0, "sample_1" : 7.33,
 		"sample_2" : 0.27, "sample_3" : -4.07,
 		"sample_4" : 0, "node_id" : 11},

	"11:483" : {"timestamp" : 1346182830, "air_time" : 3,
 		"sequence" : 483, "fails" : 3,
 		"retries" : 0, "sample_1" : 5.60,
 		"sample_2" : 1.22, "sample_3" : -5.57,
 		"sample_4" : 0, "node_id" : 11},

	"11:484" : {"timestamp" : 1346182831, "air_time" : 8,
 		"sequence" : 484, "fails" : 2,
 		"retries" : 1, "sample_1" : 4.72,
 		"sample_2" : 3.94, "sample_3" : -6.08,
 		"sample_4" : 0, "node_id" : 11},

	"11:485" : {"timestamp" : 1346182832, "air_time" : 5,
 		"sequence" : 485, "fails" : 2,
 		"retries" : 2, "sample_1" : 1.94,
 		"sample_2" : 4.40, "sample_3" : -8.28,
 		"sample_4" : 0, "node_id" : 11},

	"11:486" : {"timestamp" : 1346182833, "air_time" : 6,
 		"sequence" : 486, "fails" : 0,
 		"retries" : 1, "sample_1" : 1.20,
 		"sample_2" : 5.44, "sample_3" : -8.73,
 		"sample_4" : 0, "node_id" : 11},

	"11:487" : {"timestamp" : 1346182834, "air_time" : 9,
 		"sequence" : 487, "fails" : 0,
 		"retries" : 2, "sample_1" : -0.04,
 		"sample_2" : 7.21, "sample_3" : -8.70,
 		"sample_4" : 0, "node_id" : 11},

	"11:488" : {"timestamp" : 1346182835, "air_time" : 4,
 		"sequence" : 488, "fails" : 0,
 		"retries" : 0, "sample_1" : -3.32,
 		"sample_2" : 8.98, "sample_3" : -9.77,
 		"sample_4" : 0, "node_id" : 11},

	"11:489" : {"timestamp" : 1346182836, "air_time" : 2,
 		"sequence" : 489, "fails" : 0,
 		"retries" : 0, "sample_1" : -4.70,
 		"sample_2" : 10.61, "sample_3" : -9.75,
 		"sample_4" : 0, "node_id" : 11},

	"11:490" : {"timestamp" : 1346182837, "air_time" : 6,
 		"sequence" : 490, "fails" : 2,
 		"retries" : 1, "sample_1" : -4.73,
 		"sample_2" : 10.86, "sample_3" : -8.32,
 		"sample_4" : 0, "node_id" : 11},

	"11:491" : {"timestamp" : 1346182838, "air_time" : 9,
 		"sequence" : 491, "fails" : 2,
 		"retries" : 1, "sample_1" : -6.76,
 		"sample_2" : 11.42, "sample_3" : -8.39,
 		"sample_4" : 0, "node_id" : 11},

	"11:492" : {"timestamp" : 1346182839, "air_time" : 5,
 		"sequence" : 492, "fails" : 1,
 		"retries" : 2, "sample_1" : -7.06,
 		"sample_2" : 11.19, "sample_3" : -7.10,
 		"sample_4" : 0, "node_id" : 11},

	"11:493" : {"timestamp" : 1346182840, "air_time" : 0,
 		"sequence" : 493, "fails" : 2,
 		"retries" : 1, "sample_1" : -7.50,
 		"sample_2" : 9.95, "sample_3" : -6.06,
 		"sample_4" : 0, "node_id" : 11},

	"11:494" : {"timestamp" : 1346182841, "air_time" : 0,
 		"sequence" : 494, "fails" : 0,
 		"retries" : 0, "sample_1" : -8.45,
 		"sample_2" : 9.31, "sample_3" : -3.80,
 		"sample_4" : 0, "node_id" : 11},

	"11:495" : {"timestamp" : 1346182842, "air_time" : 0,
 		"sequence" : 495, "fails" : 3,
 		"retries" : 1, "sample_1" : -8.40,
 		"sample_2" : 8.39, "sample_3" : -3.08,
 		"sample_4" : 0, "node_id" : 11},

	"11:496" : {"timestamp" : 1346182843, "air_time" : 5,
 		"sequence" : 496, "fails" : 3,
 		"retries" : 0, "sample_1" : -8.05,
 		"sample_2" : 7.72, "sample_3" : -1.03,
 		"sample_4" : 0, "node_id" : 11},

	"11:497" : {"timestamp" : 1346182844, "air_time" : 7,
 		"sequence" : 497, "fails" : 0,
 		"retries" : 1, "sample_1" : -7.50,
 		"sample_2" : 6.02, "sample_3" : -0.01,
 		"sample_4" : 0, "node_id" : 11},

	"11:498" : {"timestamp" : 1346182845, "air_time" : 9,
 		"sequence" : 498, "fails" : 1,
 		"retries" : 1, "sample_1" : -8.36,
 		"sample_2" : 4.65, "sample_3" : 2.93,
 		"sample_4" : 0, "node_id" : 11},

	"11:499" : {"timestamp" : 1346182846, "air_time" : 3,
 		"sequence" : 499, "fails" : 1,
 		"retries" : 1, "sample_1" : -6.56,
 		"sample_2" : 3.33, "sample_3" : 3.54,
 		"sample_4" : 0, "node_id" : 11},

	"11:500" : {"timestamp" : 1346182847, "air_time" : 3,
 		"sequence" : 500, "fails" : 1,
 		"retries" : 1, "sample_1" : -5.63,
 		"sample_2" : 1.53, "sample_3" : 4.67,
 		"sample_4" : 0, "node_id" : 11},

	"11:501" : {"timestamp" : 1346182848, "air_time" : 6,
 		"sequence" : 501, "fails" : 2,
 		"retries" : 1, "sample_1" : -4.90,
 		"sample_2" : 1.28, "sample_3" : 6.87,
 		"sample_4" : 0, "node_id" : 11},

	"11:502" : {"timestamp" : 1346182849, "air_time" : 2,
 		"sequence" : 502, "fails" : 1,
 		"retries" : 2, "sample_1" : -3.22,
 		"sample_2" : -0.84, "sample_3" : 8.98,
 		"sample_4" : 0, "node_id" : 11},

	"11:503" : {"timestamp" : 1346182850, "air_time" : 4,
 		"sequence" : 503, "fails" : 1,
 		"retries" : 1, "sample_1" : -1.04,
 		"sample_2" : -2.40, "sample_3" : 9.68,
 		"sample_4" : 0, "node_id" : 11},

	"11:504" : {"timestamp" : 1346182851, "air_time" : 4,
 		"sequence" : 504, "fails" : 0,
 		"retries" : 2, "sample_1" : 0.80,
 		"sample_2" : -4.14, "sample_3" : 10.03,
 		"sample_4" : 0, "node_id" : 11},

	"11:505" : {"timestamp" : 1346182852, "air_time" : 3,
 		"sequence" : 505, "fails" : 2,
 		"retries" : 2, "sample_1" : 2.24,
 		"sample_2" : -5.61, "sample_3" : 10.80,
 		"sample_4" : 0, "node_id" : 11},

	"11:506" : {"timestamp" : 1346182853, "air_time" : 9,
 		"sequence" : 506, "fails" : 1,
 		"retries" : 0, "sample_1" : 4.02,
 		"sample_2" : -7.88, "sample_3" : 11.77,
 		"sample_4" : 0, "node_id" : 11},

	"11:507" : {"timestamp" : 1346182854, "air_time" : 9,
 		"sequence" : 507, "fails" : 1,
 		"retries" : 0, "sample_1" : 6.70,
 		"sample_2" : -8.81, "sample_3" : 10.25,
 		"sample_4" : 0, "node_id" : 11},

	"11:508" : {"timestamp" : 1346182855, "air_time" : 0,
 		"sequence" : 508, "fails" : 0,
 		"retries" : 0, "sample_1" : 7.33,
 		"sample_2" : -8.96, "sample_3" : 10.22,
 		"sample_4" : 0, "node_id" : 11},

	"11:509" : {"timestamp" : 1346182856, "air_time" : 1,
 		"sequence" : 509, "fails" : 0,
 		"retries" : 1, "sample_1" : 8.36,
 		"sample_2" : -9.22, "sample_3" : 9.09,
 		"sample_4" : 0, "node_id" : 11},

	"11:510" : {"timestamp" : 1346182857, "air_time" : 8,
 		"sequence" : 510, "fails" : 2,
 		"retries" : 2, "sample_1" : 9.96,
 		"sample_2" : -9.99, "sample_3" : 9.70,
 		"sample_4" : 0, "node_id" : 11},

	"11:511" : {"timestamp" : 1346182858, "air_time" : 3,
 		"sequence" : 511, "fails" : 3,
 		"retries" : 0, "sample_1" : 10.70,
 		"sample_2" : -8.55, "sample_3" : 7.36,
 		"sample_4" : 0, "node_id" : 11},

	"11:512" : {"timestamp" : 1346182859, "air_time" : 6,
 		"sequence" : 512, "fails" : 1,
 		"retries" : 0, "sample_1" : 10.35,
 		"sample_2" : -8.11, "sample_3" : 5.60,
 		"sample_4" : 0, "node_id" : 11},

	"11:513" : {"timestamp" : 1346182860, "air_time" : 3,
 		"sequence" : 513, "fails" : 1,
 		"retries" : 2, "sample_1" : 11.40,
 		"sample_2" : -7.19, "sample_3" : 4.28,
 		"sample_4" : 0, "node_id" : 11},

	"11:514" : {"timestamp" : 1346182861, "air_time" : 8,
 		"sequence" : 514, "fails" : 2,
 		"retries" : 1, "sample_1" : 10.05,
 		"sample_2" : -6.22, "sample_3" : 4.13,
 		"sample_4" : 0, "node_id" : 11},

	"11:515" : {"timestamp" : 1346182862, "air_time" : 1,
 		"sequence" : 515, "fails" : 3,
 		"retries" : 0, "sample_1" : 10.50,
 		"sample_2" : -5.02, "sample_3" : 1.01,
 		"sample_4" : 0, "node_id" : 11},

	"11:516" : {"timestamp" : 1346182863, "air_time" : 7,
 		"sequence" : 516, "fails" : 0,
 		"retries" : 0, "sample_1" : 9.16,
 		"sample_2" : -2.65, "sample_3" : 0.77,
 		"sample_4" : 0, "node_id" : 11},

	"11:517" : {"timestamp" : 1346182864, "air_time" : 7,
 		"sequence" : 517, "fails" : 3,
 		"retries" : 1, "sample_1" : 9.46,
 		"sample_2" : -1.73, "sample_3" : -1.14,
 		"sample_4" : 0, "node_id" : 11},

	"11:518" : {"timestamp" : 1346182865, "air_time" : 1,
 		"sequence" : 518, "fails" : 1,
 		"retries" : 2, "sample_1" : 8.23,
 		"sample_2" : -0.43, "sample_3" : -3.47,
 		"sample_4" : 0, "node_id" : 11},

	"11:519" : {"timestamp" : 1346182866, "air_time" : 4,
 		"sequence" : 519, "fails" : 2,
 		"retries" : 2, "sample_1" : 5.20,
 		"sample_2" : 2.22, "sample_3" : -3.97,
 		"sample_4" : 0, "node_id" : 11},

	"11:520" : {"timestamp" : 1346182867, "air_time" : 1,
 		"sequence" : 520, "fails" : 0,
 		"retries" : 2, "sample_1" : 5.12,
 		"sample_2" : 3.24, "sample_3" : -6.28,
 		"sample_4" : 0, "node_id" : 11},

	"11:521" : {"timestamp" : 1346182868, "air_time" : 1,
 		"sequence" : 521, "fails" : 2,
 		"retries" : 1, "sample_1" : 2.94,
 		"sample_2" : 4.00, "sample_3" : -8.28,
 		"sample_4" : 0, "node_id" : 11},

	"11:522" : {"timestamp" : 1346182869, "air_time" : 5,
 		"sequence" : 522, "fails" : 0,
 		"retries" : 1, "sample_1" : 0.30,
 		"sample_2" : 6.94, "sample_3" : -7.23,
 		"sample_4" : 0, "node_id" : 11},

	"11:523" : {"timestamp" : 1346182870, "air_time" : 1,
 		"sequence" : 523, "fails" : 1,
 		"retries" : 0, "sample_1" : -1.54,
 		"sample_2" : 7.01, "sample_3" : -9.70,
 		"sample_4" : 0, "node_id" : 11},

	"11:524" : {"timestamp" : 1346182871, "air_time" : 1,
 		"sequence" : 524, "fails" : 0,
 		"retries" : 2, "sample_1" : -1.82,
 		"sample_2" : 9.18, "sample_3" : -9.47,
 		"sample_4" : 0, "node_id" : 11},

	"11:525" : {"timestamp" : 1346182872, "air_time" : 4,
 		"sequence" : 525, "fails" : 1,
 		"retries" : 0, "sample_1" : -3.70,
 		"sample_2" : 10.81, "sample_3" : -8.35,
 		"sample_4" : 0, "node_id" : 11},

	"11:526" : {"timestamp" : 1346182873, "air_time" : 1,
 		"sequence" : 526, "fails" : 2,
 		"retries" : 1, "sample_1" : -6.33,
 		"sample_2" : 10.56, "sample_3" : -8.42,
 		"sample_4" : 0, "node_id" : 11},

	"11:527" : {"timestamp" : 1346182874, "air_time" : 9,
 		"sequence" : 527, "fails" : 2,
 		"retries" : 0, "sample_1" : -5.76,
 		"sample_2" : 11.62, "sample_3" : -7.09,
 		"sample_4" : 0, "node_id" : 11},

	"11:528" : {"timestamp" : 1346182875, "air_time" : 0,
 		"sequence" : 528, "fails" : 0,
 		"retries" : 0, "sample_1" : -7.96,
 		"sample_2" : 11.09, "sample_3" : -6.60,
 		"sample_4" : 0, "node_id" : 11},

	"11:529" : {"timestamp" : 1346182876, "air_time" : 1,
 		"sequence" : 529, "fails" : 0,
 		"retries" : 0, "sample_1" : -8.00,
 		"sample_2" : 10.15, "sample_3" : -6.46,
 		"sample_4" : 0, "node_id" : 11},

	"11:530" : {"timestamp" : 1346182877, "air_time" : 5,
 		"sequence" : 530, "fails" : 2,
 		"retries" : 0, "sample_1" : -8.05,
 		"sample_2" : 10.71, "sample_3" : -4.40,
 		"sample_4" : 0, "node_id" : 11},

	"11:531" : {"timestamp" : 1346182878, "air_time" : 7,
 		"sequence" : 531, "fails" : 2,
 		"retries" : 2, "sample_1" : -9.50,
 		"sample_2" : 9.29, "sample_3" : -2.58,
 		"sample_4" : 0, "node_id" : 11},

	"11:532" : {"timestamp" : 1346182879, "air_time" : 7,
 		"sequence" : 532, "fails" : 2,
 		"retries" : 1, "sample_1" : -8.85,
 		"sample_2" : 8.12, "sample_3" : -1.63,
 		"sample_4" : 0, "node_id" : 11},

	"11:533" : {"timestamp" : 1346182880, "air_time" : 3,
 		"sequence" : 533, "fails" : 1,
 		"retries" : 0, "sample_1" : -8.50,
 		"sample_2" : 7.42, "sample_3" : 0.49,
 		"sample_4" : 0, "node_id" : 11},

	"11:534" : {"timestamp" : 1346182881, "air_time" : 5,
 		"sequence" : 534, "fails" : 1,
 		"retries" : 2, "sample_1" : -8.66,
 		"sample_2" : 6.15, "sample_3" : 1.83,
 		"sample_4" : 0, "node_id" : 11},

	"11:535" : {"timestamp" : 1346182882, "air_time" : 9,
 		"sequence" : 535, "fails" : 2,
 		"retries" : 2, "sample_1" : -6.56,
 		"sample_2" : 4.73, "sample_3" : 3.34,
 		"sample_4" : 0, "node_id" : 11},

	"11:536" : {"timestamp" : 1346182883, "air_time" : 1,
 		"sequence" : 536, "fails" : 1,
 		"retries" : 0, "sample_1" : -5.23,
 		"sample_2" : 1.53, "sample_3" : 5.17,
 		"sample_4" : 0, "node_id" : 11},

	"11:537" : {"timestamp" : 1346182884, "air_time" : 9,
 		"sequence" : 537, "fails" : 3,
 		"retries" : 2, "sample_1" : -3.90,
 		"sample_2" : 0.78, "sample_3" : 7.47,
 		"sample_4" : 0, "node_id" : 11},

	"11:538" : {"timestamp" : 1346182885, "air_time" : 0,
 		"sequence" : 538, "fails" : 0,
 		"retries" : 2, "sample_1" : -1.72,
 		"sample_2" : -0.94, "sample_3" : 8.78,
 		"sample_4" : 0, "node_id" : 11},

	"11:539" : {"timestamp" : 1346182886, "air_time" : 1,
 		"sequence" : 539, "fails" : 1,
 		"retries" : 0, "sample_1" : -0.94,
 		"sample_2" : -2.00, "sample_3" : 10.08,
 		"sample_4" : 0, "node_id" : 11},

	"11:540" : {"timestamp" : 1346182887, "air_time" : 9,
 		"sequence" : 540, "fails" : 1,
 		"retries" : 1, "sample_1" : 1.10,
 		"sample_2" : -5.34, "sample_3" : 11.03,
 		"sample_4" : 0, "node_id" : 11},

	"11:541" : {"timestamp" : 1346182888, "air_time" : 9,
 		"sequence" : 541, "fails" : 3,
 		"retries" : 0, "sample_1" : 2.84,
 		"sample_2" : -5.81, "sample_3" : 10.10,
 		"sample_4" : 0, "node_id" : 11},

	"11:542" : {"timestamp" : 1346182889, "air_time" : 1,
 		"sequence" : 542, "fails" : 3,
 		"retries" : 1, "sample_1" : 3.82,
 		"sample_2" : -6.98, "sample_3" : 10.87,
 		"sample_4" : 0, "node_id" : 11},

	"11:543" : {"timestamp" : 1346182890, "air_time" : 1,
 		"sequence" : 543, "fails" : 3,
 		"retries" : 2, "sample_1" : 5.10,
 		"sample_2" : -8.21, "sample_3" : 10.05,
 		"sample_4" : 0, "node_id" : 11},

	"11:544" : {"timestamp" : 1346182891, "air_time" : 6,
 		"sequence" : 544, "fails" : 2,
 		"retries" : 1, "sample_1" : 7.13,
 		"sample_2" : -7.96, "sample_3" : 9.62,
 		"sample_4" : 0, "node_id" : 11},

	"11:545" : {"timestamp" : 1346182892, "air_time" : 5,
 		"sequence" : 545, "fails" : 2,
 		"retries" : 1, "sample_1" : 8.36,
 		"sample_2" : -8.42, "sample_3" : 9.69,
 		"sample_4" : 0, "node_id" : 11},

	"11:546" : {"timestamp" : 1346182893, "air_time" : 7,
 		"sequence" : 546, "fails" : 0,
 		"retries" : 2, "sample_1" : 9.66,
 		"sample_2" : -9.29, "sample_3" : 9.80,
 		"sample_4" : 0, "node_id" : 11},

	"11:547" : {"timestamp" : 1346182894, "air_time" : 0,
 		"sequence" : 547, "fails" : 2,
 		"retries" : 1, "sample_1" : 10.70,
 		"sample_2" : -8.45, "sample_3" : 7.76,
 		"sample_4" : 0, "node_id" : 11},

	"11:548" : {"timestamp" : 1346182895, "air_time" : 3,
 		"sequence" : 548, "fails" : 3,
 		"retries" : 2, "sample_1" : 10.95,
 		"sample_2" : -9.11, "sample_3" : 5.60,
 		"sample_4" : 0, "node_id" : 11},

	"11:549" : {"timestamp" : 1346182896, "air_time" : 9,
 		"sequence" : 549, "fails" : 1,
 		"retries" : 2, "sample_1" : 10.10,
 		"sample_2" : -6.79, "sample_3" : 4.98,
 		"sample_4" : 0, "node_id" : 11},

	"11:550" : {"timestamp" : 1346182897, "air_time" : 2,
 		"sequence" : 550, "fails" : 2,
 		"retries" : 2, "sample_1" : 11.75,
 		"sample_2" : -6.32, "sample_3" : 3.13,
 		"sample_4" : 0, "node_id" : 11},

	"11:551" : {"timestamp" : 1346182898, "air_time" : 6,
 		"sequence" : 551, "fails" : 1,
 		"retries" : 0, "sample_1" : 10.60,
 		"sample_2" : -4.92, "sample_3" : 1.71,
 		"sample_4" : 0, "node_id" : 11},

	"11:552" : {"timestamp" : 1346182899, "air_time" : 0,
 		"sequence" : 552, "fails" : 1,
 		"retries" : 0, "sample_1" : 9.66,
 		"sample_2" : -3.85, "sample_3" : -0.43,
 		"sample_4" : 0, "node_id" : 11},

	"11:553" : {"timestamp" : 1346182900, "air_time" : 0,
 		"sequence" : 553, "fails" : 2,
 		"retries" : 2, "sample_1" : 7.86,
 		"sample_2" : -1.83, "sample_3" : -1.64,
 		"sample_4" : 0, "node_id" : 11},

	"11:554" : {"timestamp" : 1346182901, "air_time" : 5,
 		"sequence" : 554, "fails" : 0,
 		"retries" : 0, "sample_1" : 6.63,
 		"sample_2" : -0.53, "sample_3" : -2.57,
 		"sample_4" : 0, "node_id" : 11},

	"11:555" : {"timestamp" : 1346182902, "air_time" : 4,
 		"sequence" : 555, "fails" : 0,
 		"retries" : 0, "sample_1" : 6.30,
 		"sample_2" : 1.62, "sample_3" : -5.67,
 		"sample_4" : 0, "node_id" : 11},

	"11:556" : {"timestamp" : 1346182903, "air_time" : 1,
 		"sequence" : 556, "fails" : 2,
 		"retries" : 1, "sample_1" : 4.52,
 		"sample_2" : 3.64, "sample_3" : -6.28,
 		"sample_4" : 0, "node_id" : 11},

	"11:557" : {"timestamp" : 1346182904, "air_time" : 9,
 		"sequence" : 557, "fails" : 3,
 		"retries" : 0, "sample_1" : 3.04,
 		"sample_2" : 5.00, "sample_3" : -7.28,
 		"sample_4" : 0, "node_id" : 11},

	"11:558" : {"timestamp" : 1346182905, "air_time" : 7,
 		"sequence" : 558, "fails" : 1,
 		"retries" : 1, "sample_1" : 0.80,
 		"sample_2" : 7.14, "sample_3" : -7.63,
 		"sample_4" : 0, "node_id" : 11},

	"11:559" : {"timestamp" : 1346182906, "air_time" : 8,
 		"sequence" : 559, "fails" : 3,
 		"retries" : 2, "sample_1" : -0.44,
 		"sample_2" : 7.81, "sample_3" : -8.40,
 		"sample_4" : 0, "node_id" : 11},

	"11:560" : {"timestamp" : 1346182907, "air_time" : 7,
 		"sequence" : 560, "fails" : 1,
 		"retries" : 2, "sample_1" : -1.52,
 		"sample_2" : 9.28, "sample_3" : -8.07,
 		"sample_4" : 0, "node_id" : 11},

	"11:561" : {"timestamp" : 1346182908, "air_time" : 2,
 		"sequence" : 561, "fails" : 2,
 		"retries" : 2, "sample_1" : -4.00,
 		"sample_2" : 10.71, "sample_3" : -8.65,
 		"sample_4" : 0, "node_id" : 11},

	"11:562" : {"timestamp" : 1346182909, "air_time" : 6,
 		"sequence" : 562, "fails" : 1,
 		"retries" : 0, "sample_1" : -6.23,
 		"sample_2" : 9.86, "sample_3" : -7.72,
 		"sample_4" : 0, "node_id" : 11},

	"11:563" : {"timestamp" : 1346182910, "air_time" : 8,
 		"sequence" : 563, "fails" : 0,
 		"retries" : 0, "sample_1" : -7.46,
 		"sample_2" : 11.02, "sample_3" : -7.09,
 		"sample_4" : 0, "node_id" : 11},

	"11:564" : {"timestamp" : 1346182911, "air_time" : 7,
 		"sequence" : 564, "fails" : 1,
 		"retries" : 1, "sample_1" : -7.76,
 		"sample_2" : 10.89, "sample_3" : -6.90,
 		"sample_4" : 0, "node_id" : 11},

	"11:565" : {"timestamp" : 1346182912, "air_time" : 9,
 		"sequence" : 565, "fails" : 1,
 		"retries" : 1, "sample_1" : -7.50,
 		"sample_2" : 10.65, "sample_3" : -6.26,
 		"sample_4" : 0, "node_id" : 11},

	"11:566" : {"timestamp" : 1346182913, "air_time" : 9,
 		"sequence" : 566, "fails" : 2,
 		"retries" : 0, "sample_1" : -8.45,
 		"sample_2" : 10.21, "sample_3" : -5.40,
 		"sample_4" : 0, "node_id" : 11},

	"11:567" : {"timestamp" : 1346182914, "air_time" : 5,
 		"sequence" : 567, "fails" : 0,
 		"retries" : 2, "sample_1" : -9.30,
 		"sample_2" : 8.59, "sample_3" : -2.68,
 		"sample_4" : 0, "node_id" : 11},

	"11:568" : {"timestamp" : 1346182915, "air_time" : 3,
 		"sequence" : 568, "fails" : 0,
 		"retries" : 1, "sample_1" : -8.85,
 		"sample_2" : 7.82, "sample_3" : -0.93,
 		"sample_4" : 0, "node_id" : 11},

	"11:569" : {"timestamp" : 1346182916, "air_time" : 6,
 		"sequence" : 569, "fails" : 0,
 		"retries" : 1, "sample_1" : -9.00,
 		"sample_2" : 7.42, "sample_3" : 0.79,
 		"sample_4" : 0, "node_id" : 11},

	"11:570" : {"timestamp" : 1346182917, "air_time" : 9,
 		"sequence" : 570, "fails" : 3,
 		"retries" : 2, "sample_1" : -7.86,
 		"sample_2" : 5.75, "sample_3" : 1.83,
 		"sample_4" : 0, "node_id" : 11},

	"11:571" : {"timestamp" : 1346182918, "air_time" : 6,
 		"sequence" : 571, "fails" : 1,
 		"retries" : 0, "sample_1" : -7.66,
 		"sample_2" : 3.03, "sample_3" : 3.14,
 		"sample_4" : 0, "node_id" : 11},

	"11:572" : {"timestamp" : 1346182919, "air_time" : 7,
 		"sequence" : 572, "fails" : 2,
 		"retries" : 1, "sample_1" : -6.33,
 		"sample_2" : 2.83, "sample_3" : 4.57,
 		"sample_4" : 0, "node_id" : 11},

	"11:573" : {"timestamp" : 1346182920, "air_time" : 8,
 		"sequence" : 573, "fails" : 3,
 		"retries" : 2, "sample_1" : -4.10,
 		"sample_2" : -0.42, "sample_3" : 6.37,
 		"sample_4" : 0, "node_id" : 11},

	"11:574" : {"timestamp" : 1346182921, "air_time" : 0,
 		"sequence" : 574, "fails" : 1,
 		"retries" : 1, "sample_1" : -2.52,
 		"sample_2" : -1.34, "sample_3" : 8.58,
 		"sample_4" : 0, "node_id" : 11},

	"11:575" : {"timestamp" : 1346182922, "air_time" : 1,
 		"sequence" : 575, "fails" : 1,
 		"retries" : 0, "sample_1" : -0.64,
 		"sample_2" : -2.70, "sample_3" : 9.18,
 		"sample_4" : 0, "node_id" : 11},

	"11:576" : {"timestamp" : 1346182923, "air_time" : 5,
 		"sequence" : 576, "fails" : 1,
 		"retries" : 0, "sample_1" : 0.30,
 		"sample_2" : -4.74, "sample_3" : 10.43,
 		"sample_4" : 0, "node_id" : 11},

	"11:577" : {"timestamp" : 1346182924, "air_time" : 5,
 		"sequence" : 577, "fails" : 3,
 		"retries" : 0, "sample_1" : 2.14,
 		"sample_2" : -5.61, "sample_3" : 11.60,
 		"sample_4" : 0, "node_id" : 11},

	"11:578" : {"timestamp" : 1346182925, "air_time" : 9,
 		"sequence" : 578, "fails" : 2,
 		"retries" : 1, "sample_1" : 3.92,
 		"sample_2" : -7.48, "sample_3" : 10.17,
 		"sample_4" : 0, "node_id" : 11},

	"11:579" : {"timestamp" : 1346182926, "air_time" : 5,
 		"sequence" : 579, "fails" : 2,
 		"retries" : 1, "sample_1" : 5.20,
 		"sample_2" : -8.51, "sample_3" : 10.05,
 		"sample_4" : 0, "node_id" : 11},

	"11:580" : {"timestamp" : 1346182927, "air_time" : 1,
 		"sequence" : 580, "fails" : 2,
 		"retries" : 1, "sample_1" : 8.13,
 		"sample_2" : -7.66, "sample_3" : 10.72,
 		"sample_4" : 0, "node_id" : 11},

	"11:581" : {"timestamp" : 1346182928, "air_time" : 8,
 		"sequence" : 581, "fails" : 0,
 		"retries" : 2, "sample_1" : 7.96,
 		"sample_2" : -9.22, "sample_3" : 10.79,
 		"sample_4" : 0, "node_id" : 11},

	"11:582" : {"timestamp" : 1346182929, "air_time" : 8,
 		"sequence" : 582, "fails" : 1,
 		"retries" : 2, "sample_1" : 10.56,
 		"sample_2" : -9.39, "sample_3" : 8.50,
 		"sample_4" : 0, "node_id" : 11},

	"11:583" : {"timestamp" : 1346182930, "air_time" : 9,
 		"sequence" : 583, "fails" : 1,
 		"retries" : 2, "sample_1" : 9.60,
 		"sample_2" : -7.95, "sample_3" : 7.86,
 		"sample_4" : 0, "node_id" : 11},

	"11:584" : {"timestamp" : 1346182931, "air_time" : 2,
 		"sequence" : 584, "fails" : 3,
 		"retries" : 1, "sample_1" : 11.15,
 		"sample_2" : -8.81, "sample_3" : 6.40,
 		"sample_4" : 0, "node_id" : 11},

	"11:585" : {"timestamp" : 1346182932, "air_time" : 8,
 		"sequence" : 585, "fails" : 2,
 		"retries" : 0, "sample_1" : 10.70,
 		"sample_2" : -7.19, "sample_3" : 4.58,
 		"sample_4" : 0, "node_id" : 11},

	"11:586" : {"timestamp" : 1346182933, "air_time" : 3,
 		"sequence" : 586, "fails" : 0,
 		"retries" : 0, "sample_1" : 11.05,
 		"sample_2" : -6.42, "sample_3" : 3.83,
 		"sample_4" : 0, "node_id" : 11},

	"11:587" : {"timestamp" : 1346182934, "air_time" : 8,
 		"sequence" : 587, "fails" : 0,
 		"retries" : 2, "sample_1" : 11.00,
 		"sample_2" : -4.12, "sample_3" : 2.21,
 		"sample_4" : 0, "node_id" : 11},

	"11:588" : {"timestamp" : 1346182935, "air_time" : 5,
 		"sequence" : 588, "fails" : 0,
 		"retries" : 0, "sample_1" : 10.26,
 		"sample_2" : -4.55, "sample_3" : -0.03,
 		"sample_4" : 0, "node_id" : 11},

	"11:589" : {"timestamp" : 1346182936, "air_time" : 3,
 		"sequence" : 589, "fails" : 2,
 		"retries" : 1, "sample_1" : 9.16,
 		"sample_2" : -2.73, "sample_3" : -1.34,
 		"sample_4" : 0, "node_id" : 11},

	"11:590" : {"timestamp" : 1346182937, "air_time" : 9,
 		"sequence" : 590, "fails" : 1,
 		"retries" : 1, "sample_1" : 6.53,
 		"sample_2" : -0.93, "sample_3" : -3.07,
 		"sample_4" : 0, "node_id" : 11},

	"11:591" : {"timestamp" : 1346182938, "air_time" : 5,
 		"sequence" : 591, "fails" : 1,
 		"retries" : 2, "sample_1" : 6.90,
 		"sample_2" : 1.12, "sample_3" : -5.67,
 		"sample_4" : 0, "node_id" : 11},

	"11:592" : {"timestamp" : 1346182939, "air_time" : 9,
 		"sequence" : 592, "fails" : 1,
 		"retries" : 1, "sample_1" : 5.12,
 		"sample_2" : 3.84, "sample_3" : -6.88,
 		"sample_4" : 0, "node_id" : 11},

	"11:593" : {"timestamp" : 1346182940, "air_time" : 0,
 		"sequence" : 593, "fails" : 1,
 		"retries" : 1, "sample_1" : 2.84,
 		"sample_2" : 5.80, "sample_3" : -6.68,
 		"sample_4" : 0, "node_id" : 11},

	"11:594" : {"timestamp" : 1346182941, "air_time" : 7,
 		"sequence" : 594, "fails" : 2,
 		"retries" : 0, "sample_1" : 0.60,
 		"sample_2" : 6.74, "sample_3" : -9.13,
 		"sample_4" : 0, "node_id" : 11},

	"11:595" : {"timestamp" : 1346182942, "air_time" : 3,
 		"sequence" : 595, "fails" : 2,
 		"retries" : 0, "sample_1" : -0.34,
 		"sample_2" : 7.31, "sample_3" : -9.70,
 		"sample_4" : 0, "node_id" : 11},

	"11:596" : {"timestamp" : 1346182943, "air_time" : 5,
 		"sequence" : 596, "fails" : 3,
 		"retries" : 0, "sample_1" : -3.12,
 		"sample_2" : 8.88, "sample_3" : -8.27,
 		"sample_4" : 0, "node_id" : 11},

	"11:597" : {"timestamp" : 1346182944, "air_time" : 1,
 		"sequence" : 597, "fails" : 3,
 		"retries" : 1, "sample_1" : -4.30,
 		"sample_2" : 9.41, "sample_3" : -9.95,
 		"sample_4" : 0, "node_id" : 11},

	"11:598" : {"timestamp" : 1346182945, "air_time" : 9,
 		"sequence" : 598, "fails" : 1,
 		"retries" : 2, "sample_1" : -6.23,
 		"sample_2" : 10.76, "sample_3" : -9.02,
 		"sample_4" : 0, "node_id" : 11},

	"11:599" : {"timestamp" : 1346182946, "air_time" : 8,
 		"sequence" : 599, "fails" : 2,
 		"retries" : 1, "sample_1" : -7.16,
 		"sample_2" : 11.82, "sample_3" : -8.89,
 		"sample_4" : 0, "node_id" : 11},

	"11:600" : {"timestamp" : 1346182947, "air_time" : 7,
 		"sequence" : 600, "fails" : 3,
 		"retries" : 1, "sample_1" : -8.66,
 		"sample_2" : 10.99, "sample_3" : -8.00,
 		"sample_4" : 0, "node_id" : 11},

	"12:1" : {"timestamp" : 1346182348, "air_time" : 9,
 		"sequence" : 1, "fails" : 0,
 		"retries" : 0, "sample_1" : 1.74,
 		"sample_2" : -5.41, "sample_3" : 10.20,
 		"sample_4" : 0, "node_id" : 12},

	"12:2" : {"timestamp" : 1346182349, "air_time" : 8,
 		"sequence" : 2, "fails" : 1,
 		"retries" : 1, "sample_1" : 5.32,
 		"sample_2" : -7.28, "sample_3" : 10.87,
 		"sample_4" : 0, "node_id" : 12},

	"12:3" : {"timestamp" : 1346182350, "air_time" : 1,
 		"sequence" : 3, "fails" : 0,
 		"retries" : 1, "sample_1" : 6.80,
 		"sample_2" : -8.51, "sample_3" : 11.55,
 		"sample_4" : 0, "node_id" : 12},

	"12:4" : {"timestamp" : 1346182351, "air_time" : 2,
 		"sequence" : 4, "fails" : 0,
 		"retries" : 1, "sample_1" : 6.53,
 		"sample_2" : -8.76, "sample_3" : 10.22,
 		"sample_4" : 0, "node_id" : 12},

	"12:5" : {"timestamp" : 1346182352, "air_time" : 6,
 		"sequence" : 5, "fails" : 1,
 		"retries" : 0, "sample_1" : 9.06,
 		"sample_2" : -8.82, "sample_3" : 9.59,
 		"sample_4" : 0, "node_id" : 12},

	"12:6" : {"timestamp" : 1346182353, "air_time" : 9,
 		"sequence" : 6, "fails" : 1,
 		"retries" : 1, "sample_1" : 9.56,
 		"sample_2" : -9.09, "sample_3" : 9.20,
 		"sample_4" : 0, "node_id" : 12},

	"12:7" : {"timestamp" : 1346182354, "air_time" : 8,
 		"sequence" : 7, "fails" : 2,
 		"retries" : 0, "sample_1" : 10.40,
 		"sample_2" : -8.65, "sample_3" : 8.16,
 		"sample_4" : 0, "node_id" : 12},

	"12:8" : {"timestamp" : 1346182355, "air_time" : 3,
 		"sequence" : 8, "fails" : 1,
 		"retries" : 2, "sample_1" : 10.15,
 		"sample_2" : -7.81, "sample_3" : 5.90,
 		"sample_4" : 0, "node_id" : 12},

	"12:9" : {"timestamp" : 1346182356, "air_time" : 7,
 		"sequence" : 9, "fails" : 1,
 		"retries" : 2, "sample_1" : 11.50,
 		"sample_2" : -6.59, "sample_3" : 5.08,
 		"sample_4" : 0, "node_id" : 12},

	"12:10" : {"timestamp" : 1346182357, "air_time" : 9,
 		"sequence" : 10, "fails" : 0,
 		"retries" : 0, "sample_1" : 10.05,
 		"sample_2" : -7.12, "sample_3" : 3.73,
 		"sample_4" : 0, "node_id" : 12},

	"12:11" : {"timestamp" : 1346182358, "air_time" : 1,
 		"sequence" : 11, "fails" : 1,
 		"retries" : 1, "sample_1" : 10.20,
 		"sample_2" : -4.72, "sample_3" : 1.81,
 		"sample_4" : 0, "node_id" : 12},

	"12:12" : {"timestamp" : 1346182359, "air_time" : 0,
 		"sequence" : 12, "fails" : 1,
 		"retries" : 0, "sample_1" : 8.96,
 		"sample_2" : -4.15, "sample_3" : 0.57,
 		"sample_4" : 0, "node_id" : 12},

	"12:13" : {"timestamp" : 1346182360, "air_time" : 0,
 		"sequence" : 13, "fails" : 0,
 		"retries" : 1, "sample_1" : 9.46,
 		"sample_2" : -1.03, "sample_3" : -1.94,
 		"sample_4" : 0, "node_id" : 12},

	"12:14" : {"timestamp" : 1346182361, "air_time" : 8,
 		"sequence" : 14, "fails" : 3,
 		"retries" : 2, "sample_1" : 7.63,
 		"sample_2" : -0.43, "sample_3" : -3.47,
 		"sample_4" : 0, "node_id" : 12},

	"12:15" : {"timestamp" : 1346182362, "air_time" : 9,
 		"sequence" : 15, "fails" : 2,
 		"retries" : 0, "sample_1" : 5.50,
 		"sample_2" : 2.02, "sample_3" : -5.87,
 		"sample_4" : 0, "node_id" : 12},

	"12:16" : {"timestamp" : 1346182363, "air_time" : 0,
 		"sequence" : 16, "fails" : 1,
 		"retries" : 0, "sample_1" : 4.72,
 		"sample_2" : 3.84, "sample_3" : -5.28,
 		"sample_4" : 0, "node_id" : 12},

	"12:17" : {"timestamp" : 1346182364, "air_time" : 9,
 		"sequence" : 17, "fails" : 2,
 		"retries" : 1, "sample_1" : 3.24,
 		"sample_2" : 4.50, "sample_3" : -8.28,
 		"sample_4" : 0, "node_id" : 12},

	"12:18" : {"timestamp" : 1346182365, "air_time" : 0,
 		"sequence" : 18, "fails" : 3,
 		"retries" : 1, "sample_1" : 1.30,
 		"sample_2" : 6.84, "sample_3" : -7.73,
 		"sample_4" : 0, "node_id" : 12},

	"12:19" : {"timestamp" : 1346182366, "air_time" : 6,
 		"sequence" : 19, "fails" : 3,
 		"retries" : 1, "sample_1" : -1.74,
 		"sample_2" : 7.11, "sample_3" : -8.90,
 		"sample_4" : 0, "node_id" : 12},

	"12:20" : {"timestamp" : 1346182367, "air_time" : 5,
 		"sequence" : 20, "fails" : 0,
 		"retries" : 2, "sample_1" : -1.92,
 		"sample_2" : 8.68, "sample_3" : -9.47,
 		"sample_4" : 0, "node_id" : 12},

	"12:21" : {"timestamp" : 1346182368, "air_time" : 8,
 		"sequence" : 21, "fails" : 3,
 		"retries" : 0, "sample_1" : -4.20,
 		"sample_2" : 10.21, "sample_3" : -9.25,
 		"sample_4" : 0, "node_id" : 12},

	"12:22" : {"timestamp" : 1346182369, "air_time" : 9,
 		"sequence" : 22, "fails" : 0,
 		"retries" : 2, "sample_1" : -5.33,
 		"sample_2" : 11.36, "sample_3" : -9.62,
 		"sample_4" : 0, "node_id" : 12},

	"12:23" : {"timestamp" : 1346182370, "air_time" : 0,
 		"sequence" : 23, "fails" : 0,
 		"retries" : 0, "sample_1" : -7.36,
 		"sample_2" : 10.02, "sample_3" : -7.79,
 		"sample_4" : 0, "node_id" : 12},

	"12:24" : {"timestamp" : 1346182371, "air_time" : 9,
 		"sequence" : 24, "fails" : 3,
 		"retries" : 2, "sample_1" : -7.56,
 		"sample_2" : 11.69, "sample_3" : -7.60,
 		"sample_4" : 0, "node_id" : 12},

	"12:25" : {"timestamp" : 1346182372, "air_time" : 9,
 		"sequence" : 25, "fails" : 3,
 		"retries" : 2, "sample_1" : -8.30,
 		"sample_2" : 11.15, "sample_3" : -6.96,
 		"sample_4" : 0, "node_id" : 12},

	"12:26" : {"timestamp" : 1346182373, "air_time" : 1,
 		"sequence" : 26, "fails" : 3,
 		"retries" : 1, "sample_1" : -8.15,
 		"sample_2" : 9.21, "sample_3" : -4.80,
 		"sample_4" : 0, "node_id" : 12},

	"12:27" : {"timestamp" : 1346182374, "air_time" : 5,
 		"sequence" : 27, "fails" : 0,
 		"retries" : 0, "sample_1" : -8.50,
 		"sample_2" : 9.49, "sample_3" : -3.38,
 		"sample_4" : 0, "node_id" : 12},

	"12:28" : {"timestamp" : 1346182375, "air_time" : 5,
 		"sequence" : 28, "fails" : 0,
 		"retries" : 1, "sample_1" : -9.45,
 		"sample_2" : 8.92, "sample_3" : -1.53,
 		"sample_4" : 0, "node_id" : 12},

	"12:29" : {"timestamp" : 1346182376, "air_time" : 2,
 		"sequence" : 29, "fails" : 1,
 		"retries" : 0, "sample_1" : -7.50,
 		"sample_2" : 6.42, "sample_3" : 0.39,
 		"sample_4" : 0, "node_id" : 12},

	"12:30" : {"timestamp" : 1346182377, "air_time" : 8,
 		"sequence" : 30, "fails" : 3,
 		"retries" : 2, "sample_1" : -8.46,
 		"sample_2" : 5.95, "sample_3" : 1.03,
 		"sample_4" : 0, "node_id" : 12},

	"12:31" : {"timestamp" : 1346182378, "air_time" : 7,
 		"sequence" : 31, "fails" : 1,
 		"retries" : 0, "sample_1" : -7.06,
 		"sample_2" : 3.63, "sample_3" : 3.64,
 		"sample_4" : 0, "node_id" : 12},

	"12:32" : {"timestamp" : 1346182379, "air_time" : 4,
 		"sequence" : 32, "fails" : 1,
 		"retries" : 0, "sample_1" : -5.33,
 		"sample_2" : 2.83, "sample_3" : 5.67,
 		"sample_4" : 0, "node_id" : 12},

	"12:33" : {"timestamp" : 1346182380, "air_time" : 6,
 		"sequence" : 33, "fails" : 0,
 		"retries" : 1, "sample_1" : -4.90,
 		"sample_2" : 1.08, "sample_3" : 6.47,
 		"sample_4" : 0, "node_id" : 12},

	"12:34" : {"timestamp" : 1346182381, "air_time" : 2,
 		"sequence" : 34, "fails" : 1,
 		"retries" : 2, "sample_1" : -2.12,
 		"sample_2" : -0.54, "sample_3" : 7.78,
 		"sample_4" : 0, "node_id" : 12},

	"12:35" : {"timestamp" : 1346182382, "air_time" : 8,
 		"sequence" : 35, "fails" : 0,
 		"retries" : 2, "sample_1" : -1.64,
 		"sample_2" : -2.00, "sample_3" : 9.98,
 		"sample_4" : 0, "node_id" : 12},

	"12:36" : {"timestamp" : 1346182383, "air_time" : 4,
 		"sequence" : 36, "fails" : 2,
 		"retries" : 1, "sample_1" : 1.90,
 		"sample_2" : -4.54, "sample_3" : 10.43,
 		"sample_4" : 0, "node_id" : 12},

	"12:37" : {"timestamp" : 1346182384, "air_time" : 4,
 		"sequence" : 37, "fails" : 1,
 		"retries" : 2, "sample_1" : 3.04,
 		"sample_2" : -6.61, "sample_3" : 10.30,
 		"sample_4" : 0, "node_id" : 12},

	"12:38" : {"timestamp" : 1346182385, "air_time" : 9,
 		"sequence" : 38, "fails" : 2,
 		"retries" : 0, "sample_1" : 3.82,
 		"sample_2" : -6.38, "sample_3" : 10.37,
 		"sample_4" : 0, "node_id" : 12},

	"12:39" : {"timestamp" : 1346182386, "air_time" : 4,
 		"sequence" : 39, "fails" : 0,
 		"retries" : 0, "sample_1" : 5.20,
 		"sample_2" : -8.91, "sample_3" : 11.55,
 		"sample_4" : 0, "node_id" : 12},

	"12:40" : {"timestamp" : 1346182387, "air_time" : 0,
 		"sequence" : 40, "fails" : 0,
 		"retries" : 2, "sample_1" : 8.13,
 		"sample_2" : -7.96, "sample_3" : 10.72,
 		"sample_4" : 0, "node_id" : 12},

	"12:41" : {"timestamp" : 1346182388, "air_time" : 1,
 		"sequence" : 41, "fails" : 2,
 		"retries" : 2, "sample_1" : 7.96,
 		"sample_2" : -9.22, "sample_3" : 9.89,
 		"sample_4" : 0, "node_id" : 12},

	"12:42" : {"timestamp" : 1346182389, "air_time" : 6,
 		"sequence" : 42, "fails" : 1,
 		"retries" : 2, "sample_1" : 9.26,
 		"sample_2" : -8.89, "sample_3" : 8.50,
 		"sample_4" : 0, "node_id" : 12},

	"12:43" : {"timestamp" : 1346182390, "air_time" : 6,
 		"sequence" : 43, "fails" : 3,
 		"retries" : 0, "sample_1" : 11.20,
 		"sample_2" : -8.85, "sample_3" : 7.66,
 		"sample_4" : 0, "node_id" : 12},

	"12:44" : {"timestamp" : 1346182391, "air_time" : 4,
 		"sequence" : 44, "fails" : 3,
 		"retries" : 1, "sample_1" : 10.35,
 		"sample_2" : -8.51, "sample_3" : 6.60,
 		"sample_4" : 0, "node_id" : 12},

	"12:45" : {"timestamp" : 1346182392, "air_time" : 4,
 		"sequence" : 45, "fails" : 0,
 		"retries" : 2, "sample_1" : 11.10,
 		"sample_2" : -6.69, "sample_3" : 4.68,
 		"sample_4" : 0, "node_id" : 12},

	"12:46" : {"timestamp" : 1346182393, "air_time" : 9,
 		"sequence" : 46, "fails" : 2,
 		"retries" : 1, "sample_1" : 10.55,
 		"sample_2" : -6.72, "sample_3" : 4.13,
 		"sample_4" : 0, "node_id" : 12},

	"12:47" : {"timestamp" : 1346182394, "air_time" : 3,
 		"sequence" : 47, "fails" : 0,
 		"retries" : 0, "sample_1" : 10.40,
 		"sample_2" : -5.92, "sample_3" : 1.01,
 		"sample_4" : 0, "node_id" : 12},

	"12:48" : {"timestamp" : 1346182395, "air_time" : 2,
 		"sequence" : 48, "fails" : 2,
 		"retries" : 2, "sample_1" : 9.36,
 		"sample_2" : -3.85, "sample_3" : -0.93,
 		"sample_4" : 0, "node_id" : 12},

	"12:49" : {"timestamp" : 1346182396, "air_time" : 0,
 		"sequence" : 49, "fails" : 0,
 		"retries" : 2, "sample_1" : 8.36,
 		"sample_2" : -2.13, "sample_3" : -1.44,
 		"sample_4" : 0, "node_id" : 12},

	"12:50" : {"timestamp" : 1346182397, "air_time" : 4,
 		"sequence" : 50, "fails" : 0,
 		"retries" : 0, "sample_1" : 8.13,
 		"sample_2" : 0.27, "sample_3" : -4.17,
 		"sample_4" : 0, "node_id" : 12},

	"12:51" : {"timestamp" : 1346182398, "air_time" : 7,
 		"sequence" : 51, "fails" : 0,
 		"retries" : 2, "sample_1" : 5.90,
 		"sample_2" : 1.32, "sample_3" : -4.77,
 		"sample_4" : 0, "node_id" : 12},

	"12:52" : {"timestamp" : 1346182399, "air_time" : 8,
 		"sequence" : 52, "fails" : 2,
 		"retries" : 2, "sample_1" : 5.02,
 		"sample_2" : 2.74, "sample_3" : -7.08,
 		"sample_4" : 0, "node_id" : 12},

	"12:53" : {"timestamp" : 1346182400, "air_time" : 1,
 		"sequence" : 53, "fails" : 1,
 		"retries" : 1, "sample_1" : 3.24,
 		"sample_2" : 4.30, "sample_3" : -7.58,
 		"sample_4" : 0, "node_id" : 12},

	"12:54" : {"timestamp" : 1346182401, "air_time" : 9,
 		"sequence" : 54, "fails" : 2,
 		"retries" : 0, "sample_1" : 1.50,
 		"sample_2" : 5.44, "sample_3" : -8.43,
 		"sample_4" : 0, "node_id" : 12},

	"12:55" : {"timestamp" : 1346182402, "air_time" : 1,
 		"sequence" : 55, "fails" : 3,
 		"retries" : 1, "sample_1" : -0.94,
 		"sample_2" : 8.31, "sample_3" : -8.10,
 		"sample_4" : 0, "node_id" : 12},

	"12:56" : {"timestamp" : 1346182403, "air_time" : 8,
 		"sequence" : 56, "fails" : 1,
 		"retries" : 1, "sample_1" : -2.32,
 		"sample_2" : 8.78, "sample_3" : -8.27,
 		"sample_4" : 0, "node_id" : 12},

	"12:57" : {"timestamp" : 1346182404, "air_time" : 1,
 		"sequence" : 57, "fails" : 1,
 		"retries" : 0, "sample_1" : -5.00,
 		"sample_2" : 10.71, "sample_3" : -8.95,
 		"sample_4" : 0, "node_id" : 12},

	"12:58" : {"timestamp" : 1346182405, "air_time" : 6,
 		"sequence" : 58, "fails" : 1,
 		"retries" : 2, "sample_1" : -5.63,
 		"sample_2" : 9.56, "sample_3" : -8.22,
 		"sample_4" : 0, "node_id" : 12},

	"12:59" : {"timestamp" : 1346182406, "air_time" : 0,
 		"sequence" : 59, "fails" : 2,
 		"retries" : 0, "sample_1" : -6.46,
 		"sample_2" : 9.92, "sample_3" : -7.89,
 		"sample_4" : 0, "node_id" : 12},

	"12:60" : {"timestamp" : 1346182407, "air_time" : 4,
 		"sequence" : 60, "fails" : 0,
 		"retries" : 0, "sample_1" : -8.26,
 		"sample_2" : 11.39, "sample_3" : -8.00,
 		"sample_4" : 0, "node_id" : 12},

	"12:61" : {"timestamp" : 1346182408, "air_time" : 5,
 		"sequence" : 61, "fails" : 1,
 		"retries" : 1, "sample_1" : -8.90,
 		"sample_2" : 11.35, "sample_3" : -6.96,
 		"sample_4" : 0, "node_id" : 12},

	"12:62" : {"timestamp" : 1346182409, "air_time" : 8,
 		"sequence" : 62, "fails" : 0,
 		"retries" : 1, "sample_1" : -9.55,
 		"sample_2" : 10.61, "sample_3" : -5.60,
 		"sample_4" : 0, "node_id" : 12},

	"12:63" : {"timestamp" : 1346182410, "air_time" : 7,
 		"sequence" : 63, "fails" : 3,
 		"retries" : 1, "sample_1" : -8.10,
 		"sample_2" : 9.09, "sample_3" : -3.08,
 		"sample_4" : 0, "node_id" : 12},

	"12:64" : {"timestamp" : 1346182411, "air_time" : 7,
 		"sequence" : 64, "fails" : 3,
 		"retries" : 2, "sample_1" : -8.15,
 		"sample_2" : 8.32, "sample_3" : -2.13,
 		"sample_4" : 0, "node_id" : 12},

	"12:65" : {"timestamp" : 1346182412, "air_time" : 2,
 		"sequence" : 65, "fails" : 3,
 		"retries" : 1, "sample_1" : -7.80,
 		"sample_2" : 7.22, "sample_3" : -0.41,
 		"sample_4" : 0, "node_id" : 12},

	"12:66" : {"timestamp" : 1346182413, "air_time" : 1,
 		"sequence" : 66, "fails" : 1,
 		"retries" : 0, "sample_1" : -6.96,
 		"sample_2" : 5.85, "sample_3" : 2.43,
 		"sample_4" : 0, "node_id" : 12},

	"12:67" : {"timestamp" : 1346182414, "air_time" : 0,
 		"sequence" : 67, "fails" : 0,
 		"retries" : 2, "sample_1" : -6.16,
 		"sample_2" : 3.03, "sample_3" : 3.04,
 		"sample_4" : 0, "node_id" : 12},

	"12:68" : {"timestamp" : 1346182415, "air_time" : 8,
 		"sequence" : 68, "fails" : 1,
 		"retries" : 0, "sample_1" : -5.03,
 		"sample_2" : 1.93, "sample_3" : 5.37,
 		"sample_4" : 0, "node_id" : 12},

	"12:69" : {"timestamp" : 1346182416, "air_time" : 8,
 		"sequence" : 69, "fails" : 1,
 		"retries" : 0, "sample_1" : -3.80,
 		"sample_2" : 1.38, "sample_3" : 6.37,
 		"sample_4" : 0, "node_id" : 12},

	"12:70" : {"timestamp" : 1346182417, "air_time" : 5,
 		"sequence" : 70, "fails" : 2,
 		"retries" : 0, "sample_1" : -2.02,
 		"sample_2" : -1.74, "sample_3" : 7.48,
 		"sample_4" : 0, "node_id" : 12},

	"12:71" : {"timestamp" : 1346182418, "air_time" : 0,
 		"sequence" : 71, "fails" : 3,
 		"retries" : 0, "sample_1" : -1.54,
 		"sample_2" : -2.10, "sample_3" : 10.08,
 		"sample_4" : 0, "node_id" : 12},

	"12:72" : {"timestamp" : 1346182419, "air_time" : 5,
 		"sequence" : 72, "fails" : 0,
 		"retries" : 2, "sample_1" : 0.70,
 		"sample_2" : -4.84, "sample_3" : 9.43,
 		"sample_4" : 0, "node_id" : 12},

	"12:73" : {"timestamp" : 1346182420, "air_time" : 4,
 		"sequence" : 73, "fails" : 3,
 		"retries" : 2, "sample_1" : 1.84,
 		"sample_2" : -4.91, "sample_3" : 10.90,
 		"sample_4" : 0, "node_id" : 12},

	"12:74" : {"timestamp" : 1346182421, "air_time" : 5,
 		"sequence" : 74, "fails" : 2,
 		"retries" : 2, "sample_1" : 3.62,
 		"sample_2" : -6.58, "sample_3" : 11.87,
 		"sample_4" : 0, "node_id" : 12},

	"12:75" : {"timestamp" : 1346182422, "air_time" : 1,
 		"sequence" : 75, "fails" : 1,
 		"retries" : 2, "sample_1" : 6.20,
 		"sample_2" : -8.11, "sample_3" : 10.95,
 		"sample_4" : 0, "node_id" : 12},

	"12:76" : {"timestamp" : 1346182423, "air_time" : 2,
 		"sequence" : 76, "fails" : 0,
 		"retries" : 2, "sample_1" : 6.83,
 		"sample_2" : -7.66, "sample_3" : 10.22,
 		"sample_4" : 0, "node_id" : 12},

	"12:77" : {"timestamp" : 1346182424, "air_time" : 6,
 		"sequence" : 77, "fails" : 0,
 		"retries" : 2, "sample_1" : 7.66,
 		"sample_2" : -9.02, "sample_3" : 10.59,
 		"sample_4" : 0, "node_id" : 12},

	"12:78" : {"timestamp" : 1346182425, "air_time" : 8,
 		"sequence" : 78, "fails" : 2,
 		"retries" : 1, "sample_1" : 9.16,
 		"sample_2" : -8.49, "sample_3" : 9.40,
 		"sample_4" : 0, "node_id" : 12},

	"12:79" : {"timestamp" : 1346182426, "air_time" : 4,
 		"sequence" : 79, "fails" : 0,
 		"retries" : 2, "sample_1" : 9.60,
 		"sample_2" : -8.05, "sample_3" : 7.96,
 		"sample_4" : 0, "node_id" : 12},

	"12:80" : {"timestamp" : 1346182427, "air_time" : 3,
 		"sequence" : 80, "fails" : 0,
 		"retries" : 0, "sample_1" : 11.05,
 		"sample_2" : -9.01, "sample_3" : 6.40,
 		"sample_4" : 0, "node_id" : 12},

	"12:81" : {"timestamp" : 1346182428, "air_time" : 4,
 		"sequence" : 81, "fails" : 0,
 		"retries" : 2, "sample_1" : 10.40,
 		"sample_2" : -6.79, "sample_3" : 5.28,
 		"sample_4" : 0, "node_id" : 12},

	"12:82" : {"timestamp" : 1346182429, "air_time" : 2,
 		"sequence" : 82, "fails" : 2,
 		"retries" : 1, "sample_1" : 9.85,
 		"sample_2" : -6.62, "sample_3" : 3.53,
 		"sample_4" : 0, "node_id" : 12},

	"12:83" : {"timestamp" : 1346182430, "air_time" : 7,
 		"sequence" : 83, "fails" : 0,
 		"retries" : 2, "sample_1" : 10.80,
 		"sample_2" : -4.72, "sample_3" : 2.41,
 		"sample_4" : 0, "node_id" : 12},

	"12:84" : {"timestamp" : 1346182431, "air_time" : 5,
 		"sequence" : 84, "fails" : 0,
 		"retries" : 0, "sample_1" : 8.86,
 		"sample_2" : -4.35, "sample_3" : -0.53,
 		"sample_4" : 0, "node_id" : 12},

	"12:85" : {"timestamp" : 1346182432, "air_time" : 3,
 		"sequence" : 85, "fails" : 2,
 		"retries" : 2, "sample_1" : 7.76,
 		"sample_2" : -1.73, "sample_3" : -2.24,
 		"sample_4" : 0, "node_id" : 12},

	"12:86" : {"timestamp" : 1346182433, "air_time" : 6,
 		"sequence" : 86, "fails" : 1,
 		"retries" : 1, "sample_1" : 7.63,
 		"sample_2" : -0.23, "sample_3" : -4.37,
 		"sample_4" : 0, "node_id" : 12},

	"12:87" : {"timestamp" : 1346182434, "air_time" : 7,
 		"sequence" : 87, "fails" : 2,
 		"retries" : 2, "sample_1" : 5.80,
 		"sample_2" : 1.72, "sample_3" : -4.77,
 		"sample_4" : 0, "node_id" : 12},

	"12:88" : {"timestamp" : 1346182435, "air_time" : 5,
 		"sequence" : 88, "fails" : 3,
 		"retries" : 2, "sample_1" : 3.72,
 		"sample_2" : 3.24, "sample_3" : -6.68,
 		"sample_4" : 0, "node_id" : 12},

	"12:89" : {"timestamp" : 1346182436, "air_time" : 3,
 		"sequence" : 89, "fails" : 3,
 		"retries" : 2, "sample_1" : 2.74,
 		"sample_2" : 5.60, "sample_3" : -7.88,
 		"sample_4" : 0, "node_id" : 12},

	"12:90" : {"timestamp" : 1346182437, "air_time" : 3,
 		"sequence" : 90, "fails" : 1,
 		"retries" : 0, "sample_1" : 0.00,
 		"sample_2" : 5.44, "sample_3" : -8.03,
 		"sample_4" : 0, "node_id" : 12},

	"12:91" : {"timestamp" : 1346182438, "air_time" : 8,
 		"sequence" : 91, "fails" : 3,
 		"retries" : 0, "sample_1" : -1.74,
 		"sample_2" : 8.61, "sample_3" : -8.50,
 		"sample_4" : 0, "node_id" : 12},

	"12:92" : {"timestamp" : 1346182439, "air_time" : 2,
 		"sequence" : 92, "fails" : 3,
 		"retries" : 1, "sample_1" : -2.32,
 		"sample_2" : 9.68, "sample_3" : -8.57,
 		"sample_4" : 0, "node_id" : 12},

	"12:93" : {"timestamp" : 1346182440, "air_time" : 0,
 		"sequence" : 93, "fails" : 1,
 		"retries" : 0, "sample_1" : -4.30,
 		"sample_2" : 10.01, "sample_3" : -8.15,
 		"sample_4" : 0, "node_id" : 12},

	"12:94" : {"timestamp" : 1346182441, "air_time" : 5,
 		"sequence" : 94, "fails" : 0,
 		"retries" : 1, "sample_1" : -5.93,
 		"sample_2" : 11.16, "sample_3" : -8.02,
 		"sample_4" : 0, "node_id" : 12},

	"12:95" : {"timestamp" : 1346182442, "air_time" : 9,
 		"sequence" : 95, "fails" : 0,
 		"retries" : 1, "sample_1" : -6.56,
 		"sample_2" : 9.92, "sample_3" : -8.59,
 		"sample_4" : 0, "node_id" : 12},

	"12:96" : {"timestamp" : 1346182443, "air_time" : 2,
 		"sequence" : 96, "fails" : 0,
 		"retries" : 1, "sample_1" : -8.06,
 		"sample_2" : 11.49, "sample_3" : -6.90,
 		"sample_4" : 0, "node_id" : 12},

	"12:97" : {"timestamp" : 1346182444, "air_time" : 1,
 		"sequence" : 97, "fails" : 3,
 		"retries" : 1, "sample_1" : -8.10,
 		"sample_2" : 9.95, "sample_3" : -5.96,
 		"sample_4" : 0, "node_id" : 12},

	"12:98" : {"timestamp" : 1346182445, "air_time" : 3,
 		"sequence" : 98, "fails" : 0,
 		"retries" : 1, "sample_1" : -8.15,
 		"sample_2" : 10.41, "sample_3" : -4.40,
 		"sample_4" : 0, "node_id" : 12},

	"12:99" : {"timestamp" : 1346182446, "air_time" : 0,
 		"sequence" : 99, "fails" : 2,
 		"retries" : 2, "sample_1" : -9.10,
 		"sample_2" : 9.29, "sample_3" : -3.58,
 		"sample_4" : 0, "node_id" : 12},

	"12:100" : {"timestamp" : 1346182447, "air_time" : 9,
 		"sequence" : 100, "fails" : 3,
 		"retries" : 1, "sample_1" : -8.95,
 		"sample_2" : 8.92, "sample_3" : -2.23,
 		"sample_4" : 0, "node_id" : 12},

	"12:101" : {"timestamp" : 1346182448, "air_time" : 4,
 		"sequence" : 101, "fails" : 3,
 		"retries" : 2, "sample_1" : -8.80,
 		"sample_2" : 7.12, "sample_3" : 0.49,
 		"sample_4" : 0, "node_id" : 12},

	"12:102" : {"timestamp" : 1346182449, "air_time" : 4,
 		"sequence" : 102, "fails" : 0,
 		"retries" : 2, "sample_1" : -7.66,
 		"sample_2" : 6.35, "sample_3" : 1.43,
 		"sample_4" : 0, "node_id" : 12},

	"12:103" : {"timestamp" : 1346182450, "air_time" : 2,
 		"sequence" : 103, "fails" : 3,
 		"retries" : 1, "sample_1" : -6.06,
 		"sample_2" : 4.83, "sample_3" : 3.84,
 		"sample_4" : 0, "node_id" : 12},

	"12:104" : {"timestamp" : 1346182451, "air_time" : 5,
 		"sequence" : 104, "fails" : 3,
 		"retries" : 2, "sample_1" : -5.93,
 		"sample_2" : 2.03, "sample_3" : 5.37,
 		"sample_4" : 0, "node_id" : 12},

	"12:105" : {"timestamp" : 1346182452, "air_time" : 8,
 		"sequence" : 105, "fails" : 0,
 		"retries" : 2, "sample_1" : -3.50,
 		"sample_2" : -0.02, "sample_3" : 6.07,
 		"sample_4" : 0, "node_id" : 12},

	"12:106" : {"timestamp" : 1346182453, "air_time" : 9,
 		"sequence" : 106, "fails" : 2,
 		"retries" : 0, "sample_1" : -2.32,
 		"sample_2" : -2.04, "sample_3" : 7.88,
 		"sample_4" : 0, "node_id" : 12},

	"12:107" : {"timestamp" : 1346182454, "air_time" : 4,
 		"sequence" : 107, "fails" : 2,
 		"retries" : 0, "sample_1" : -0.04,
 		"sample_2" : -3.80, "sample_3" : 9.58,
 		"sample_4" : 0, "node_id" : 12},

	"12:108" : {"timestamp" : 1346182455, "air_time" : 7,
 		"sequence" : 108, "fails" : 2,
 		"retries" : 0, "sample_1" : 1.80,
 		"sample_2" : -4.34, "sample_3" : 9.33,
 		"sample_4" : 0, "node_id" : 12},

	"12:109" : {"timestamp" : 1346182456, "air_time" : 5,
 		"sequence" : 109, "fails" : 0,
 		"retries" : 1, "sample_1" : 1.84,
 		"sample_2" : -5.41, "sample_3" : 10.70,
 		"sample_4" : 0, "node_id" : 12},

	"12:110" : {"timestamp" : 1346182457, "air_time" : 9,
 		"sequence" : 110, "fails" : 0,
 		"retries" : 0, "sample_1" : 3.92,
 		"sample_2" : -6.98, "sample_3" : 10.67,
 		"sample_4" : 0, "node_id" : 12},

	"12:111" : {"timestamp" : 1346182458, "air_time" : 3,
 		"sequence" : 111, "fails" : 2,
 		"retries" : 0, "sample_1" : 6.10,
 		"sample_2" : -7.81, "sample_3" : 11.75,
 		"sample_4" : 0, "node_id" : 12},

	"12:112" : {"timestamp" : 1346182459, "air_time" : 7,
 		"sequence" : 112, "fails" : 1,
 		"retries" : 1, "sample_1" : 7.53,
 		"sample_2" : -8.56, "sample_3" : 9.82,
 		"sample_4" : 0, "node_id" : 12},

	"12:113" : {"timestamp" : 1346182460, "air_time" : 9,
 		"sequence" : 113, "fails" : 3,
 		"retries" : 2, "sample_1" : 9.46,
 		"sample_2" : -8.72, "sample_3" : 9.99,
 		"sample_4" : 0, "node_id" : 12},

	"12:114" : {"timestamp" : 1346182461, "air_time" : 8,
 		"sequence" : 114, "fails" : 0,
 		"retries" : 2, "sample_1" : 9.96,
 		"sample_2" : -9.69, "sample_3" : 9.20,
 		"sample_4" : 0, "node_id" : 12},

	"12:115" : {"timestamp" : 1346182462, "air_time" : 7,
 		"sequence" : 115, "fails" : 2,
 		"retries" : 2, "sample_1" : 11.30,
 		"sample_2" : -7.95, "sample_3" : 8.76,
 		"sample_4" : 0, "node_id" : 12},

	"12:116" : {"timestamp" : 1346182463, "air_time" : 4,
 		"sequence" : 116, "fails" : 1,
 		"retries" : 0, "sample_1" : 11.15,
 		"sample_2" : -7.51, "sample_3" : 7.40,
 		"sample_4" : 0, "node_id" : 12},

	"12:117" : {"timestamp" : 1346182464, "air_time" : 3,
 		"sequence" : 117, "fails" : 3,
 		"retries" : 0, "sample_1" : 10.90,
 		"sample_2" : -8.39, "sample_3" : 4.28,
 		"sample_4" : 0, "node_id" : 12},

	"12:118" : {"timestamp" : 1346182465, "air_time" : 7,
 		"sequence" : 118, "fails" : 0,
 		"retries" : 2, "sample_1" : 11.65,
 		"sample_2" : -6.82, "sample_3" : 3.93,
 		"sample_4" : 0, "node_id" : 12},

	"12:119" : {"timestamp" : 1346182466, "air_time" : 2,
 		"sequence" : 119, "fails" : 2,
 		"retries" : 1, "sample_1" : 9.40,
 		"sample_2" : -4.12, "sample_3" : 1.11,
 		"sample_4" : 0, "node_id" : 12},

	"12:120" : {"timestamp" : 1346182467, "air_time" : 0,
 		"sequence" : 120, "fails" : 2,
 		"retries" : 0, "sample_1" : 10.16,
 		"sample_2" : -3.45, "sample_3" : -0.73,
 		"sample_4" : 0, "node_id" : 12},

	"12:121" : {"timestamp" : 1346182468, "air_time" : 9,
 		"sequence" : 121, "fails" : 3,
 		"retries" : 1, "sample_1" : 9.56,
 		"sample_2" : -1.63, "sample_3" : -2.14,
 		"sample_4" : 0, "node_id" : 12},

	"12:122" : {"timestamp" : 1346182469, "air_time" : 4,
 		"sequence" : 122, "fails" : 0,
 		"retries" : 1, "sample_1" : 7.13,
 		"sample_2" : 0.67, "sample_3" : -4.37,
 		"sample_4" : 0, "node_id" : 12},

	"12:123" : {"timestamp" : 1346182470, "air_time" : 5,
 		"sequence" : 123, "fails" : 2,
 		"retries" : 0, "sample_1" : 5.20,
 		"sample_2" : 1.22, "sample_3" : -4.17,
 		"sample_4" : 0, "node_id" : 12},

	"12:124" : {"timestamp" : 1346182471, "air_time" : 7,
 		"sequence" : 124, "fails" : 3,
 		"retries" : 0, "sample_1" : 4.92,
 		"sample_2" : 2.94, "sample_3" : -6.88,
 		"sample_4" : 0, "node_id" : 12},

	"12:125" : {"timestamp" : 1346182472, "air_time" : 1,
 		"sequence" : 125, "fails" : 3,
 		"retries" : 2, "sample_1" : 3.64,
 		"sample_2" : 4.80, "sample_3" : -7.48,
 		"sample_4" : 0, "node_id" : 12},

	"12:126" : {"timestamp" : 1346182473, "air_time" : 7,
 		"sequence" : 126, "fails" : 3,
 		"retries" : 2, "sample_1" : 0.10,
 		"sample_2" : 6.94, "sample_3" : -7.63,
 		"sample_4" : 0, "node_id" : 12},

	"12:127" : {"timestamp" : 1346182474, "air_time" : 8,
 		"sequence" : 127, "fails" : 2,
 		"retries" : 0, "sample_1" : -1.14,
 		"sample_2" : 6.81, "sample_3" : -8.80,
 		"sample_4" : 0, "node_id" : 12},

	"12:128" : {"timestamp" : 1346182475, "air_time" : 6,
 		"sequence" : 128, "fails" : 2,
 		"retries" : 1, "sample_1" : -2.22,
 		"sample_2" : 8.58, "sample_3" : -9.47,
 		"sample_4" : 0, "node_id" : 12},

	"12:129" : {"timestamp" : 1346182476, "air_time" : 9,
 		"sequence" : 129, "fails" : 2,
 		"retries" : 1, "sample_1" : -3.30,
 		"sample_2" : 10.51, "sample_3" : -9.65,
 		"sample_4" : 0, "node_id" : 12},

	"12:130" : {"timestamp" : 1346182477, "air_time" : 1,
 		"sequence" : 130, "fails" : 1,
 		"retries" : 0, "sample_1" : -4.93,
 		"sample_2" : 11.46, "sample_3" : -9.52,
 		"sample_4" : 0, "node_id" : 12},

	"12:131" : {"timestamp" : 1346182478, "air_time" : 6,
 		"sequence" : 131, "fails" : 0,
 		"retries" : 1, "sample_1" : -5.96,
 		"sample_2" : 10.62, "sample_3" : -8.49,
 		"sample_4" : 0, "node_id" : 12},

	"12:132" : {"timestamp" : 1346182479, "air_time" : 6,
 		"sequence" : 132, "fails" : 0,
 		"retries" : 0, "sample_1" : -6.76,
 		"sample_2" : 11.19, "sample_3" : -7.40,
 		"sample_4" : 0, "node_id" : 12},

	"12:133" : {"timestamp" : 1346182480, "air_time" : 7,
 		"sequence" : 133, "fails" : 1,
 		"retries" : 2, "sample_1" : -9.00,
 		"sample_2" : 11.35, "sample_3" : -6.06,
 		"sample_4" : 0, "node_id" : 12},

	"12:134" : {"timestamp" : 1346182481, "air_time" : 1,
 		"sequence" : 134, "fails" : 2,
 		"retries" : 1, "sample_1" : -9.65,
 		"sample_2" : 11.11, "sample_3" : -4.40,
 		"sample_4" : 0, "node_id" : 12},

	"12:135" : {"timestamp" : 1346182482, "air_time" : 8,
 		"sequence" : 135, "fails" : 3,
 		"retries" : 1, "sample_1" : -8.40,
 		"sample_2" : 9.09, "sample_3" : -2.48,
 		"sample_4" : 0, "node_id" : 12},

	"12:136" : {"timestamp" : 1346182483, "air_time" : 9,
 		"sequence" : 136, "fails" : 3,
 		"retries" : 0, "sample_1" : -8.95,
 		"sample_2" : 7.52, "sample_3" : -2.43,
 		"sample_4" : 0, "node_id" : 12},

	"12:137" : {"timestamp" : 1346182484, "air_time" : 3,
 		"sequence" : 137, "fails" : 1,
 		"retries" : 0, "sample_1" : -8.40,
 		"sample_2" : 6.32, "sample_3" : 0.29,
 		"sample_4" : 0, "node_id" : 12},

	"12:138" : {"timestamp" : 1346182485, "air_time" : 6,
 		"sequence" : 138, "fails" : 1,
 		"retries" : 2, "sample_1" : -6.76,
 		"sample_2" : 5.55, "sample_3" : 2.83,
 		"sample_4" : 0, "node_id" : 12},

	"12:139" : {"timestamp" : 1346182486, "air_time" : 7,
 		"sequence" : 139, "fails" : 3,
 		"retries" : 2, "sample_1" : -7.46,
 		"sample_2" : 3.73, "sample_3" : 2.74,
 		"sample_4" : 0, "node_id" : 12},

	"12:140" : {"timestamp" : 1346182487, "air_time" : 1,
 		"sequence" : 140, "fails" : 0,
 		"retries" : 0, "sample_1" : -6.03,
 		"sample_2" : 1.33, "sample_3" : 4.87,
 		"sample_4" : 0, "node_id" : 12},

	"12:141" : {"timestamp" : 1346182488, "air_time" : 6,
 		"sequence" : 141, "fails" : 1,
 		"retries" : 0, "sample_1" : -3.40,
 		"sample_2" : 1.38, "sample_3" : 6.17,
 		"sample_4" : 0, "node_id" : 12},

	"12:142" : {"timestamp" : 1346182489, "air_time" : 7,
 		"sequence" : 142, "fails" : 3,
 		"retries" : 0, "sample_1" : -3.12,
 		"sample_2" : -2.24, "sample_3" : 8.38,
 		"sample_4" : 0, "node_id" : 12},

	"12:143" : {"timestamp" : 1346182490, "air_time" : 2,
 		"sequence" : 143, "fails" : 0,
 		"retries" : 2, "sample_1" : -0.94,
 		"sample_2" : -2.10, "sample_3" : 9.28,
 		"sample_4" : 0, "node_id" : 12},

	"12:144" : {"timestamp" : 1346182491, "air_time" : 4,
 		"sequence" : 144, "fails" : 0,
 		"retries" : 1, "sample_1" : 1.70,
 		"sample_2" : -4.64, "sample_3" : 9.33,
 		"sample_4" : 0, "node_id" : 12},

	"12:145" : {"timestamp" : 1346182492, "air_time" : 5,
 		"sequence" : 145, "fails" : 2,
 		"retries" : 2, "sample_1" : 2.54,
 		"sample_2" : -6.01, "sample_3" : 10.50,
 		"sample_4" : 0, "node_id" : 12},

	"12:146" : {"timestamp" : 1346182493, "air_time" : 2,
 		"sequence" : 146, "fails" : 1,
 		"retries" : 1, "sample_1" : 4.82,
 		"sample_2" : -6.08, "sample_3" : 10.67,
 		"sample_4" : 0, "node_id" : 12},

	"12:147" : {"timestamp" : 1346182494, "air_time" : 9,
 		"sequence" : 147, "fails" : 0,
 		"retries" : 2, "sample_1" : 6.60,
 		"sample_2" : -8.01, "sample_3" : 10.75,
 		"sample_4" : 0, "node_id" : 12},

	"12:148" : {"timestamp" : 1346182495, "air_time" : 0,
 		"sequence" : 148, "fails" : 1,
 		"retries" : 0, "sample_1" : 8.23,
 		"sample_2" : -9.56, "sample_3" : 11.02,
 		"sample_4" : 0, "node_id" : 12},

	"12:149" : {"timestamp" : 1346182496, "air_time" : 5,
 		"sequence" : 149, "fails" : 3,
 		"retries" : 2, "sample_1" : 9.06,
 		"sample_2" : -9.92, "sample_3" : 10.49,
 		"sample_4" : 0, "node_id" : 12},

	"12:150" : {"timestamp" : 1346182497, "air_time" : 4,
 		"sequence" : 150, "fails" : 1,
 		"retries" : 2, "sample_1" : 9.86,
 		"sample_2" : -8.39, "sample_3" : 9.70,
 		"sample_4" : 0, "node_id" : 12},

	"12:151" : {"timestamp" : 1346182498, "air_time" : 2,
 		"sequence" : 151, "fails" : 2,
 		"retries" : 2, "sample_1" : 9.40,
 		"sample_2" : -8.05, "sample_3" : 8.16,
 		"sample_4" : 0, "node_id" : 12},

	"12:152" : {"timestamp" : 1346182499, "air_time" : 7,
 		"sequence" : 152, "fails" : 0,
 		"retries" : 2, "sample_1" : 11.75,
 		"sample_2" : -8.31, "sample_3" : 6.90,
 		"sample_4" : 0, "node_id" : 12},

	"12:153" : {"timestamp" : 1346182500, "air_time" : 1,
 		"sequence" : 153, "fails" : 0,
 		"retries" : 1, "sample_1" : 11.10,
 		"sample_2" : -7.29, "sample_3" : 5.08,
 		"sample_4" : 0, "node_id" : 12},

	"12:154" : {"timestamp" : 1346182501, "air_time" : 1,
 		"sequence" : 154, "fails" : 2,
 		"retries" : 0, "sample_1" : 10.35,
 		"sample_2" : -7.22, "sample_3" : 2.53,
 		"sample_4" : 0, "node_id" : 12},

	"12:155" : {"timestamp" : 1346182502, "air_time" : 5,
 		"sequence" : 155, "fails" : 1,
 		"retries" : 0, "sample_1" : 9.40,
 		"sample_2" : -4.32, "sample_3" : 1.21,
 		"sample_4" : 0, "node_id" : 12},

	"12:156" : {"timestamp" : 1346182503, "air_time" : 1,
 		"sequence" : 156, "fails" : 1,
 		"retries" : 0, "sample_1" : 9.16,
 		"sample_2" : -4.45, "sample_3" : 0.57,
 		"sample_4" : 0, "node_id" : 12},

	"12:157" : {"timestamp" : 1346182504, "air_time" : 2,
 		"sequence" : 157, "fails" : 1,
 		"retries" : 0, "sample_1" : 8.46,
 		"sample_2" : -1.53, "sample_3" : -1.84,
 		"sample_4" : 0, "node_id" : 12},

	"12:158" : {"timestamp" : 1346182505, "air_time" : 5,
 		"sequence" : 158, "fails" : 0,
 		"retries" : 2, "sample_1" : 7.53,
 		"sample_2" : -0.13, "sample_3" : -3.77,
 		"sample_4" : 0, "node_id" : 12},

	"12:159" : {"timestamp" : 1346182506, "air_time" : 4,
 		"sequence" : 159, "fails" : 1,
 		"retries" : 0, "sample_1" : 5.30,
 		"sample_2" : 1.62, "sample_3" : -5.77,
 		"sample_4" : 0, "node_id" : 12},

	"12:160" : {"timestamp" : 1346182507, "air_time" : 9,
 		"sequence" : 160, "fails" : 1,
 		"retries" : 0, "sample_1" : 5.32,
 		"sample_2" : 3.04, "sample_3" : -6.58,
 		"sample_4" : 0, "node_id" : 12},

	"12:161" : {"timestamp" : 1346182508, "air_time" : 9,
 		"sequence" : 161, "fails" : 2,
 		"retries" : 1, "sample_1" : 3.14,
 		"sample_2" : 4.90, "sample_3" : -7.08,
 		"sample_4" : 0, "node_id" : 12},

	"12:162" : {"timestamp" : 1346182509, "air_time" : 9,
 		"sequence" : 162, "fails" : 0,
 		"retries" : 1, "sample_1" : 0.50,
 		"sample_2" : 7.04, "sample_3" : -9.03,
 		"sample_4" : 0, "node_id" : 12},

	"12:163" : {"timestamp" : 1346182510, "air_time" : 8,
 		"sequence" : 163, "fails" : 2,
 		"retries" : 1, "sample_1" : -0.24,
 		"sample_2" : 8.11, "sample_3" : -9.10,
 		"sample_4" : 0, "node_id" : 12},

	"12:164" : {"timestamp" : 1346182511, "air_time" : 1,
 		"sequence" : 164, "fails" : 2,
 		"retries" : 0, "sample_1" : -3.22,
 		"sample_2" : 9.38, "sample_3" : -8.27,
 		"sample_4" : 0, "node_id" : 12},

	"12:165" : {"timestamp" : 1346182512, "air_time" : 0,
 		"sequence" : 165, "fails" : 1,
 		"retries" : 2, "sample_1" : -5.00,
 		"sample_2" : 9.61, "sample_3" : -8.65,
 		"sample_4" : 0, "node_id" : 12},

	"12:166" : {"timestamp" : 1346182513, "air_time" : 2,
 		"sequence" : 166, "fails" : 2,
 		"retries" : 1, "sample_1" : -4.53,
 		"sample_2" : 10.56, "sample_3" : -7.82,
 		"sample_4" : 0, "node_id" : 12},

	"12:167" : {"timestamp" : 1346182514, "air_time" : 9,
 		"sequence" : 167, "fails" : 1,
 		"retries" : 1, "sample_1" : -6.86,
 		"sample_2" : 11.02, "sample_3" : -7.19,
 		"sample_4" : 0, "node_id" : 12},

	"12:168" : {"timestamp" : 1346182515, "air_time" : 4,
 		"sequence" : 168, "fails" : 3,
 		"retries" : 0, "sample_1" : -7.46,
 		"sample_2" : 10.39, "sample_3" : -7.90,
 		"sample_4" : 0, "node_id" : 12},

	"12:169" : {"timestamp" : 1346182516, "air_time" : 4,
 		"sequence" : 169, "fails" : 0,
 		"retries" : 2, "sample_1" : -9.40,
 		"sample_2" : 11.15, "sample_3" : -5.06,
 		"sample_4" : 0, "node_id" : 12},

	"12:170" : {"timestamp" : 1346182517, "air_time" : 0,
 		"sequence" : 170, "fails" : 0,
 		"retries" : 0, "sample_1" : -9.75,
 		"sample_2" : 9.51, "sample_3" : -4.50,
 		"sample_4" : 0, "node_id" : 12},

	"12:171" : {"timestamp" : 1346182518, "air_time" : 1,
 		"sequence" : 171, "fails" : 1,
 		"retries" : 2, "sample_1" : -8.10,
 		"sample_2" : 10.29, "sample_3" : -3.58,
 		"sample_4" : 0, "node_id" : 12},

	"12:172" : {"timestamp" : 1346182519, "air_time" : 5,
 		"sequence" : 172, "fails" : 3,
 		"retries" : 2, "sample_1" : -9.35,
 		"sample_2" : 8.92, "sample_3" : -1.73,
 		"sample_4" : 0, "node_id" : 12},

	"12:173" : {"timestamp" : 1346182520, "air_time" : 0,
 		"sequence" : 173, "fails" : 0,
 		"retries" : 1, "sample_1" : -7.70,
 		"sample_2" : 6.02, "sample_3" : -0.01,
 		"sample_4" : 0, "node_id" : 12},

	"12:174" : {"timestamp" : 1346182521, "air_time" : 2,
 		"sequence" : 174, "fails" : 3,
 		"retries" : 1, "sample_1" : -8.66,
 		"sample_2" : 5.35, "sample_3" : 2.63,
 		"sample_4" : 0, "node_id" : 12},

	"12:175" : {"timestamp" : 1346182522, "air_time" : 1,
 		"sequence" : 175, "fails" : 0,
 		"retries" : 0, "sample_1" : -6.06,
 		"sample_2" : 3.53, "sample_3" : 3.04,
 		"sample_4" : 0, "node_id" : 12},

	"12:176" : {"timestamp" : 1346182523, "air_time" : 5,
 		"sequence" : 176, "fails" : 1,
 		"retries" : 1, "sample_1" : -6.33,
 		"sample_2" : 1.83, "sample_3" : 5.17,
 		"sample_4" : 0, "node_id" : 12},

	"12:177" : {"timestamp" : 1346182524, "air_time" : 0,
 		"sequence" : 177, "fails" : 2,
 		"retries" : 2, "sample_1" : -4.20,
 		"sample_2" : -0.02, "sample_3" : 6.67,
 		"sample_4" : 0, "node_id" : 12},

	"12:178" : {"timestamp" : 1346182525, "air_time" : 7,
 		"sequence" : 178, "fails" : 3,
 		"retries" : 0, "sample_1" : -1.52,
 		"sample_2" : -0.94, "sample_3" : 8.58,
 		"sample_4" : 0, "node_id" : 12},

	"12:179" : {"timestamp" : 1346182526, "air_time" : 0,
 		"sequence" : 179, "fails" : 3,
 		"retries" : 0, "sample_1" : -0.44,
 		"sample_2" : -3.70, "sample_3" : 10.18,
 		"sample_4" : 0, "node_id" : 12},

	"12:180" : {"timestamp" : 1346182527, "air_time" : 1,
 		"sequence" : 180, "fails" : 2,
 		"retries" : 1, "sample_1" : 0.30,
 		"sample_2" : -4.74, "sample_3" : 9.93,
 		"sample_4" : 0, "node_id" : 12},

	"12:181" : {"timestamp" : 1346182528, "air_time" : 2,
 		"sequence" : 181, "fails" : 3,
 		"retries" : 1, "sample_1" : 3.34,
 		"sample_2" : -4.91, "sample_3" : 10.40,
 		"sample_4" : 0, "node_id" : 12},

	"12:182" : {"timestamp" : 1346182529, "air_time" : 1,
 		"sequence" : 182, "fails" : 1,
 		"retries" : 1, "sample_1" : 4.02,
 		"sample_2" : -6.88, "sample_3" : 10.37,
 		"sample_4" : 0, "node_id" : 12},

	"12:183" : {"timestamp" : 1346182530, "air_time" : 4,
 		"sequence" : 183, "fails" : 0,
 		"retries" : 2, "sample_1" : 6.80,
 		"sample_2" : -7.31, "sample_3" : 10.15,
 		"sample_4" : 0, "node_id" : 12},

	"12:184" : {"timestamp" : 1346182531, "air_time" : 7,
 		"sequence" : 184, "fails" : 3,
 		"retries" : 1, "sample_1" : 6.43,
 		"sample_2" : -8.36, "sample_3" : 10.22,
 		"sample_4" : 0, "node_id" : 12},

	"12:185" : {"timestamp" : 1346182532, "air_time" : 5,
 		"sequence" : 185, "fails" : 2,
 		"retries" : 1, "sample_1" : 9.46,
 		"sample_2" : -9.72, "sample_3" : 8.99,
 		"sample_4" : 0, "node_id" : 12},

	"12:186" : {"timestamp" : 1346182533, "air_time" : 7,
 		"sequence" : 186, "fails" : 2,
 		"retries" : 2, "sample_1" : 9.26,
 		"sample_2" : -8.99, "sample_3" : 8.10,
 		"sample_4" : 0, "node_id" : 12},

	"12:187" : {"timestamp" : 1346182534, "air_time" : 8,
 		"sequence" : 187, "fails" : 0,
 		"retries" : 2, "sample_1" : 10.40,
 		"sample_2" : -8.05, "sample_3" : 8.06,
 		"sample_4" : 0, "node_id" : 12},

	"12:188" : {"timestamp" : 1346182535, "air_time" : 8,
 		"sequence" : 188, "fails" : 1,
 		"retries" : 2, "sample_1" : 10.65,
 		"sample_2" : -9.11, "sample_3" : 6.20,
 		"sample_4" : 0, "node_id" : 12},

	"12:189" : {"timestamp" : 1346182536, "air_time" : 9,
 		"sequence" : 189, "fails" : 0,
 		"retries" : 1, "sample_1" : 11.70,
 		"sample_2" : -8.29, "sample_3" : 5.08,
 		"sample_4" : 0, "node_id" : 12},

	"12:190" : {"timestamp" : 1346182537, "air_time" : 6,
 		"sequence" : 190, "fails" : 1,
 		"retries" : 2, "sample_1" : 11.05,
 		"sample_2" : -6.32, "sample_3" : 2.43,
 		"sample_4" : 0, "node_id" : 12},

	"12:191" : {"timestamp" : 1346182538, "air_time" : 4,
 		"sequence" : 191, "fails" : 1,
 		"retries" : 2, "sample_1" : 11.30,
 		"sample_2" : -6.02, "sample_3" : 1.51,
 		"sample_4" : 0, "node_id" : 12},

	"12:192" : {"timestamp" : 1346182539, "air_time" : 3,
 		"sequence" : 192, "fails" : 3,
 		"retries" : 0, "sample_1" : 9.36,
 		"sample_2" : -2.75, "sample_3" : -0.03,
 		"sample_4" : 0, "node_id" : 12},

	"12:193" : {"timestamp" : 1346182540, "air_time" : 2,
 		"sequence" : 193, "fails" : 1,
 		"retries" : 1, "sample_1" : 9.26,
 		"sample_2" : -1.93, "sample_3" : -1.94,
 		"sample_4" : 0, "node_id" : 12},

	"12:194" : {"timestamp" : 1346182541, "air_time" : 6,
 		"sequence" : 194, "fails" : 1,
 		"retries" : 1, "sample_1" : 7.73,
 		"sample_2" : 0.67, "sample_3" : -4.27,
 		"sample_4" : 0, "node_id" : 12},

	"12:195" : {"timestamp" : 1346182542, "air_time" : 0,
 		"sequence" : 195, "fails" : 0,
 		"retries" : 0, "sample_1" : 5.40,
 		"sample_2" : 1.82, "sample_3" : -5.27,
 		"sample_4" : 0, "node_id" : 12},

	"12:196" : {"timestamp" : 1346182543, "air_time" : 7,
 		"sequence" : 196, "fails" : 2,
 		"retries" : 2, "sample_1" : 4.32,
 		"sample_2" : 3.24, "sample_3" : -5.78,
 		"sample_4" : 0, "node_id" : 12},

	"12:197" : {"timestamp" : 1346182544, "air_time" : 9,
 		"sequence" : 197, "fails" : 3,
 		"retries" : 1, "sample_1" : 2.64,
 		"sample_2" : 5.10, "sample_3" : -6.98,
 		"sample_4" : 0, "node_id" : 12},

	"12:198" : {"timestamp" : 1346182545, "air_time" : 9,
 		"sequence" : 198, "fails" : 1,
 		"retries" : 1, "sample_1" : 0.80,
 		"sample_2" : 6.34, "sample_3" : -7.23,
 		"sample_4" : 0, "node_id" : 12},

	"12:199" : {"timestamp" : 1346182546, "air_time" : 5,
 		"sequence" : 199, "fails" : 0,
 		"retries" : 1, "sample_1" : -1.34,
 		"sample_2" : 7.21, "sample_3" : -8.20,
 		"sample_4" : 0, "node_id" : 12},

	"12:200" : {"timestamp" : 1346182547, "air_time" : 5,
 		"sequence" : 200, "fails" : 0,
 		"retries" : 0, "sample_1" : -2.12,
 		"sample_2" : 9.08, "sample_3" : -9.67,
 		"sample_4" : 0, "node_id" : 12},

	"12:201" : {"timestamp" : 1346182548, "air_time" : 5,
 		"sequence" : 201, "fails" : 3,
 		"retries" : 1, "sample_1" : -4.30,
 		"sample_2" : 10.31, "sample_3" : -9.35,
 		"sample_4" : 0, "node_id" : 12},

	"12:202" : {"timestamp" : 1346182549, "air_time" : 0,
 		"sequence" : 202, "fails" : 1,
 		"retries" : 0, "sample_1" : -6.23,
 		"sample_2" : 9.96, "sample_3" : -9.42,
 		"sample_4" : 0, "node_id" : 12},

	"12:203" : {"timestamp" : 1346182550, "air_time" : 6,
 		"sequence" : 203, "fails" : 1,
 		"retries" : 1, "sample_1" : -6.16,
 		"sample_2" : 11.52, "sample_3" : -7.29,
 		"sample_4" : 0, "node_id" : 12},

	"12:204" : {"timestamp" : 1346182551, "air_time" : 1,
 		"sequence" : 204, "fails" : 0,
 		"retries" : 0, "sample_1" : -8.06,
 		"sample_2" : 10.29, "sample_3" : -6.40,
 		"sample_4" : 0, "node_id" : 12},

	"12:205" : {"timestamp" : 1346182552, "air_time" : 0,
 		"sequence" : 205, "fails" : 2,
 		"retries" : 0, "sample_1" : -7.50,
 		"sample_2" : 11.15, "sample_3" : -6.36,
 		"sample_4" : 0, "node_id" : 12},

	"12:206" : {"timestamp" : 1346182553, "air_time" : 4,
 		"sequence" : 206, "fails" : 3,
 		"retries" : 2, "sample_1" : -9.55,
 		"sample_2" : 10.01, "sample_3" : -5.20,
 		"sample_4" : 0, "node_id" : 12},

	"12:207" : {"timestamp" : 1346182554, "air_time" : 6,
 		"sequence" : 207, "fails" : 1,
 		"retries" : 1, "sample_1" : -9.20,
 		"sample_2" : 9.19, "sample_3" : -2.68,
 		"sample_4" : 0, "node_id" : 12},

	"12:208" : {"timestamp" : 1346182555, "air_time" : 4,
 		"sequence" : 208, "fails" : 2,
 		"retries" : 1, "sample_1" : -8.05,
 		"sample_2" : 7.42, "sample_3" : -1.13,
 		"sample_4" : 0, "node_id" : 12},

	"12:209" : {"timestamp" : 1346182556, "air_time" : 1,
 		"sequence" : 209, "fails" : 1,
 		"retries" : 2, "sample_1" : -8.60,
 		"sample_2" : 6.52, "sample_3" : -0.01,
 		"sample_4" : 0, "node_id" : 12},

	"12:210" : {"timestamp" : 1346182557, "air_time" : 4,
 		"sequence" : 210, "fails" : 2,
 		"retries" : 2, "sample_1" : -8.66,
 		"sample_2" : 5.25, "sample_3" : 2.03,
 		"sample_4" : 0, "node_id" : 12},

	"12:211" : {"timestamp" : 1346182558, "air_time" : 4,
 		"sequence" : 211, "fails" : 2,
 		"retries" : 2, "sample_1" : -5.76,
 		"sample_2" : 4.63, "sample_3" : 4.34,
 		"sample_4" : 0, "node_id" : 12},

	"12:212" : {"timestamp" : 1346182559, "air_time" : 3,
 		"sequence" : 212, "fails" : 0,
 		"retries" : 0, "sample_1" : -6.03,
 		"sample_2" : 1.43, "sample_3" : 4.67,
 		"sample_4" : 0, "node_id" : 12},

	"12:213" : {"timestamp" : 1346182560, "air_time" : 8,
 		"sequence" : 213, "fails" : 2,
 		"retries" : 0, "sample_1" : -4.40,
 		"sample_2" : 0.18, "sample_3" : 6.57,
 		"sample_4" : 0, "node_id" : 12},

	"12:214" : {"timestamp" : 1346182561, "air_time" : 2,
 		"sequence" : 214, "fails" : 2,
 		"retries" : 1, "sample_1" : -2.42,
 		"sample_2" : -0.84, "sample_3" : 7.68,
 		"sample_4" : 0, "node_id" : 12},

	"12:215" : {"timestamp" : 1346182562, "air_time" : 3,
 		"sequence" : 215, "fails" : 3,
 		"retries" : 0, "sample_1" : 0.06,
 		"sample_2" : -3.20, "sample_3" : 8.68,
 		"sample_4" : 0, "node_id" : 12},

	"12:216" : {"timestamp" : 1346182563, "air_time" : 1,
 		"sequence" : 216, "fails" : 2,
 		"retries" : 2, "sample_1" : 1.90,
 		"sample_2" : -4.74, "sample_3" : 9.33,
 		"sample_4" : 0, "node_id" : 12},

	"12:217" : {"timestamp" : 1346182564, "air_time" : 4,
 		"sequence" : 217, "fails" : 3,
 		"retries" : 1, "sample_1" : 2.24,
 		"sample_2" : -5.11, "sample_3" : 11.20,
 		"sample_4" : 0, "node_id" : 12},

	"12:218" : {"timestamp" : 1346182565, "air_time" : 9,
 		"sequence" : 218, "fails" : 1,
 		"retries" : 2, "sample_1" : 3.62,
 		"sample_2" : -6.78, "sample_3" : 10.17,
 		"sample_4" : 0, "node_id" : 12},

	"12:219" : {"timestamp" : 1346182566, "air_time" : 5,
 		"sequence" : 219, "fails" : 0,
 		"retries" : 0, "sample_1" : 6.90,
 		"sample_2" : -7.91, "sample_3" : 11.75,
 		"sample_4" : 0, "node_id" : 12},

	"12:220" : {"timestamp" : 1346182567, "air_time" : 4,
 		"sequence" : 220, "fails" : 2,
 		"retries" : 2, "sample_1" : 7.53,
 		"sample_2" : -8.76, "sample_3" : 9.62,
 		"sample_4" : 0, "node_id" : 12},

	"12:221" : {"timestamp" : 1346182568, "air_time" : 2,
 		"sequence" : 221, "fails" : 0,
 		"retries" : 0, "sample_1" : 7.66,
 		"sample_2" : -8.12, "sample_3" : 10.29,
 		"sample_4" : 0, "node_id" : 12},

	"12:222" : {"timestamp" : 1346182569, "air_time" : 2,
 		"sequence" : 222, "fails" : 2,
 		"retries" : 0, "sample_1" : 10.06,
 		"sample_2" : -8.59, "sample_3" : 8.70,
 		"sample_4" : 0, "node_id" : 12},

	"12:223" : {"timestamp" : 1346182570, "air_time" : 9,
 		"sequence" : 223, "fails" : 2,
 		"retries" : 1, "sample_1" : 9.90,
 		"sample_2" : -8.45, "sample_3" : 7.36,
 		"sample_4" : 0, "node_id" : 12},

	"12:224" : {"timestamp" : 1346182571, "air_time" : 0,
 		"sequence" : 224, "fails" : 1,
 		"retries" : 2, "sample_1" : 10.75,
 		"sample_2" : -8.41, "sample_3" : 5.60,
 		"sample_4" : 0, "node_id" : 12},

	"12:225" : {"timestamp" : 1346182572, "air_time" : 9,
 		"sequence" : 225, "fails" : 3,
 		"retries" : 2, "sample_1" : 11.80,
 		"sample_2" : -7.59, "sample_3" : 4.58,
 		"sample_4" : 0, "node_id" : 12},

	"12:226" : {"timestamp" : 1346182573, "air_time" : 7,
 		"sequence" : 226, "fails" : 0,
 		"retries" : 0, "sample_1" : 10.05,
 		"sample_2" : -6.32, "sample_3" : 4.23,
 		"sample_4" : 0, "node_id" : 12},

	"12:227" : {"timestamp" : 1346182574, "air_time" : 2,
 		"sequence" : 227, "fails" : 2,
 		"retries" : 0, "sample_1" : 10.70,
 		"sample_2" : -5.32, "sample_3" : 0.71,
 		"sample_4" : 0, "node_id" : 12},

	"12:228" : {"timestamp" : 1346182575, "air_time" : 4,
 		"sequence" : 228, "fails" : 2,
 		"retries" : 1, "sample_1" : 8.86,
 		"sample_2" : -4.15, "sample_3" : 0.57,
 		"sample_4" : 0, "node_id" : 12},

	"12:229" : {"timestamp" : 1346182576, "air_time" : 5,
 		"sequence" : 229, "fails" : 0,
 		"retries" : 1, "sample_1" : 7.76,
 		"sample_2" : -2.63, "sample_3" : -2.64,
 		"sample_4" : 0, "node_id" : 12},

	"12:230" : {"timestamp" : 1346182577, "air_time" : 9,
 		"sequence" : 230, "fails" : 0,
 		"retries" : 0, "sample_1" : 7.33,
 		"sample_2" : 0.37, "sample_3" : -4.27,
 		"sample_4" : 0, "node_id" : 12},

	"12:231" : {"timestamp" : 1346182578, "air_time" : 3,
 		"sequence" : 231, "fails" : 0,
 		"retries" : 1, "sample_1" : 6.30,
 		"sample_2" : 2.22, "sample_3" : -4.57,
 		"sample_4" : 0, "node_id" : 12},

	"12:232" : {"timestamp" : 1346182579, "air_time" : 7,
 		"sequence" : 232, "fails" : 0,
 		"retries" : 2, "sample_1" : 4.02,
 		"sample_2" : 2.34, "sample_3" : -5.58,
 		"sample_4" : 0, "node_id" : 12},

	"12:233" : {"timestamp" : 1346182580, "air_time" : 5,
 		"sequence" : 233, "fails" : 0,
 		"retries" : 0, "sample_1" : 2.94,
 		"sample_2" : 4.70, "sample_3" : -7.28,
 		"sample_4" : 0, "node_id" : 12},

	"12:234" : {"timestamp" : 1346182581, "air_time" : 2,
 		"sequence" : 234, "fails" : 3,
 		"retries" : 1, "sample_1" : 0.90,
 		"sample_2" : 5.64, "sample_3" : -8.33,
 		"sample_4" : 0, "node_id" : 12},

	"12:235" : {"timestamp" : 1346182582, "air_time" : 0,
 		"sequence" : 235, "fails" : 1,
 		"retries" : 1, "sample_1" : -0.24,
 		"sample_2" : 8.11, "sample_3" : -7.90,
 		"sample_4" : 0, "node_id" : 12},

	"12:236" : {"timestamp" : 1346182583, "air_time" : 1,
 		"sequence" : 236, "fails" : 1,
 		"retries" : 1, "sample_1" : -1.82,
 		"sample_2" : 9.38, "sample_3" : -8.07,
 		"sample_4" : 0, "node_id" : 12},

	"12:237" : {"timestamp" : 1346182584, "air_time" : 7,
 		"sequence" : 237, "fails" : 3,
 		"retries" : 0, "sample_1" : -5.00,
 		"sample_2" : 9.41, "sample_3" : -8.05,
 		"sample_4" : 0, "node_id" : 12},

	"12:238" : {"timestamp" : 1346182585, "air_time" : 9,
 		"sequence" : 238, "fails" : 3,
 		"retries" : 0, "sample_1" : -4.63,
 		"sample_2" : 9.56, "sample_3" : -8.52,
 		"sample_4" : 0, "node_id" : 12},

	"12:239" : {"timestamp" : 1346182586, "air_time" : 2,
 		"sequence" : 239, "fails" : 3,
 		"retries" : 0, "sample_1" : -6.66,
 		"sample_2" : 10.92, "sample_3" : -7.19,
 		"sample_4" : 0, "node_id" : 12},

	"12:240" : {"timestamp" : 1346182587, "air_time" : 4,
 		"sequence" : 240, "fails" : 1,
 		"retries" : 1, "sample_1" : -7.86,
 		"sample_2" : 10.59, "sample_3" : -6.70,
 		"sample_4" : 0, "node_id" : 12},

	"12:241" : {"timestamp" : 1346182588, "air_time" : 5,
 		"sequence" : 241, "fails" : 1,
 		"retries" : 2, "sample_1" : -8.60,
 		"sample_2" : 10.55, "sample_3" : -6.86,
 		"sample_4" : 0, "node_id" : 12},

	"12:242" : {"timestamp" : 1346182589, "air_time" : 0,
 		"sequence" : 242, "fails" : 0,
 		"retries" : 0, "sample_1" : -8.75,
 		"sample_2" : 9.51, "sample_3" : -5.60,
 		"sample_4" : 0, "node_id" : 12},

	"12:243" : {"timestamp" : 1346182590, "air_time" : 1,
 		"sequence" : 243, "fails" : 3,
 		"retries" : 1, "sample_1" : -8.20,
 		"sample_2" : 9.39, "sample_3" : -3.38,
 		"sample_4" : 0, "node_id" : 12},

	"12:244" : {"timestamp" : 1346182591, "air_time" : 8,
 		"sequence" : 244, "fails" : 1,
 		"retries" : 1, "sample_1" : -8.65,
 		"sample_2" : 7.62, "sample_3" : -0.83,
 		"sample_4" : 0, "node_id" : 12},

	"12:245" : {"timestamp" : 1346182592, "air_time" : 8,
 		"sequence" : 245, "fails" : 0,
 		"retries" : 0, "sample_1" : -9.40,
 		"sample_2" : 6.42, "sample_3" : 0.59,
 		"sample_4" : 0, "node_id" : 12},

	"12:246" : {"timestamp" : 1346182593, "air_time" : 5,
 		"sequence" : 246, "fails" : 3,
 		"retries" : 2, "sample_1" : -7.96,
 		"sample_2" : 5.45, "sample_3" : 2.93,
 		"sample_4" : 0, "node_id" : 12},

	"12:247" : {"timestamp" : 1346182594, "air_time" : 8,
 		"sequence" : 247, "fails" : 1,
 		"retries" : 2, "sample_1" : -7.16,
 		"sample_2" : 3.03, "sample_3" : 4.54,
 		"sample_4" : 0, "node_id" : 12},

	"12:248" : {"timestamp" : 1346182595, "air_time" : 0,
 		"sequence" : 248, "fails" : 1,
 		"retries" : 1, "sample_1" : -6.33,
 		"sample_2" : 1.73, "sample_3" : 6.07,
 		"sample_4" : 0, "node_id" : 12},

	"12:249" : {"timestamp" : 1346182596, "air_time" : 6,
 		"sequence" : 249, "fails" : 1,
 		"retries" : 0, "sample_1" : -3.60,
 		"sample_2" : 1.08, "sample_3" : 7.27,
 		"sample_4" : 0, "node_id" : 12},

	"12:250" : {"timestamp" : 1346182597, "air_time" : 7,
 		"sequence" : 250, "fails" : 2,
 		"retries" : 0, "sample_1" : -1.62,
 		"sample_2" : -1.94, "sample_3" : 8.08,
 		"sample_4" : 0, "node_id" : 12},

	"12:251" : {"timestamp" : 1346182598, "air_time" : 3,
 		"sequence" : 251, "fails" : 1,
 		"retries" : 1, "sample_1" : -1.24,
 		"sample_2" : -3.00, "sample_3" : 9.68,
 		"sample_4" : 0, "node_id" : 12},

	"12:252" : {"timestamp" : 1346182599, "air_time" : 0,
 		"sequence" : 252, "fails" : 3,
 		"retries" : 1, "sample_1" : 0.10,
 		"sample_2" : -4.54, "sample_3" : 10.83,
 		"sample_4" : 0, "node_id" : 12},

	"12:253" : {"timestamp" : 1346182600, "air_time" : 0,
 		"sequence" : 253, "fails" : 0,
 		"retries" : 1, "sample_1" : 3.14,
 		"sample_2" : -5.11, "sample_3" : 11.40,
 		"sample_4" : 0, "node_id" : 12},

	"12:254" : {"timestamp" : 1346182601, "air_time" : 0,
 		"sequence" : 254, "fails" : 0,
 		"retries" : 2, "sample_1" : 3.72,
 		"sample_2" : -7.98, "sample_3" : 11.57,
 		"sample_4" : 0, "node_id" : 12},

	"12:255" : {"timestamp" : 1346182602, "air_time" : 0,
 		"sequence" : 255, "fails" : 1,
 		"retries" : 0, "sample_1" : 6.30,
 		"sample_2" : -7.31, "sample_3" : 10.95,
 		"sample_4" : 0, "node_id" : 12},

	"12:256" : {"timestamp" : 1346182603, "air_time" : 6,
 		"sequence" : 256, "fails" : 0,
 		"retries" : 2, "sample_1" : 8.03,
 		"sample_2" : -8.86, "sample_3" : 10.02,
 		"sample_4" : 0, "node_id" : 12},

	"12:257" : {"timestamp" : 1346182604, "air_time" : 8,
 		"sequence" : 257, "fails" : 0,
 		"retries" : 2, "sample_1" : 8.16,
 		"sample_2" : -9.82, "sample_3" : 10.19,
 		"sample_4" : 0, "node_id" : 12},

	"12:258" : {"timestamp" : 1346182605, "air_time" : 4,
 		"sequence" : 258, "fails" : 1,
 		"retries" : 1, "sample_1" : 9.46,
 		"sample_2" : -8.29, "sample_3" : 9.60,
 		"sample_4" : 0, "node_id" : 12},

	"12:259" : {"timestamp" : 1346182606, "air_time" : 2,
 		"sequence" : 259, "fails" : 0,
 		"retries" : 0, "sample_1" : 10.10,
 		"sample_2" : -9.05, "sample_3" : 7.26,
 		"sample_4" : 0, "node_id" : 12},

	"12:260" : {"timestamp" : 1346182607, "air_time" : 1,
 		"sequence" : 260, "fails" : 1,
 		"retries" : 2, "sample_1" : 10.65,
 		"sample_2" : -9.01, "sample_3" : 6.80,
 		"sample_4" : 0, "node_id" : 12},

	"12:261" : {"timestamp" : 1346182608, "air_time" : 8,
 		"sequence" : 261, "fails" : 3,
 		"retries" : 1, "sample_1" : 10.40,
 		"sample_2" : -7.89, "sample_3" : 4.38,
 		"sample_4" : 0, "node_id" : 12},

	"12:262" : {"timestamp" : 1346182609, "air_time" : 2,
 		"sequence" : 262, "fails" : 2,
 		"retries" : 2, "sample_1" : 10.55,
 		"sample_2" : -6.32, "sample_3" : 2.83,
 		"sample_4" : 0, "node_id" : 12},

	"12:263" : {"timestamp" : 1346182610, "air_time" : 5,
 		"sequence" : 263, "fails" : 1,
 		"retries" : 0, "sample_1" : 9.50,
 		"sample_2" : -4.82, "sample_3" : 1.11,
 		"sample_4" : 0, "node_id" : 12},

	"12:264" : {"timestamp" : 1346182611, "air_time" : 7,
 		"sequence" : 264, "fails" : 0,
 		"retries" : 2, "sample_1" : 9.76,
 		"sample_2" : -4.35, "sample_3" : -0.73,
 		"sample_4" : 0, "node_id" : 12},

	"12:265" : {"timestamp" : 1346182612, "air_time" : 0,
 		"sequence" : 265, "fails" : 3,
 		"retries" : 0, "sample_1" : 7.76,
 		"sample_2" : -1.93, "sample_3" : -1.44,
 		"sample_4" : 0, "node_id" : 12},

	"12:266" : {"timestamp" : 1346182613, "air_time" : 8,
 		"sequence" : 266, "fails" : 1,
 		"retries" : 2, "sample_1" : 6.63,
 		"sample_2" : -0.53, "sample_3" : -4.37,
 		"sample_4" : 0, "node_id" : 12},

	"12:267" : {"timestamp" : 1346182614, "air_time" : 2,
 		"sequence" : 267, "fails" : 0,
 		"retries" : 2, "sample_1" : 5.70,
 		"sample_2" : 2.42, "sample_3" : -5.17,
 		"sample_4" : 0, "node_id" : 12},

	"12:268" : {"timestamp" : 1346182615, "air_time" : 6,
 		"sequence" : 268, "fails" : 3,
 		"retries" : 2, "sample_1" : 3.72,
 		"sample_2" : 2.64, "sample_3" : -5.48,
 		"sample_4" : 0, "node_id" : 12},

	"12:269" : {"timestamp" : 1346182616, "air_time" : 0,
 		"sequence" : 269, "fails" : 3,
 		"retries" : 1, "sample_1" : 3.14,
 		"sample_2" : 5.10, "sample_3" : -6.78,
 		"sample_4" : 0, "node_id" : 12},

	"12:270" : {"timestamp" : 1346182617, "air_time" : 7,
 		"sequence" : 270, "fails" : 2,
 		"retries" : 1, "sample_1" : 1.30,
 		"sample_2" : 7.04, "sample_3" : -7.53,
 		"sample_4" : 0, "node_id" : 12},

	"12:271" : {"timestamp" : 1346182618, "air_time" : 4,
 		"sequence" : 271, "fails" : 3,
 		"retries" : 1, "sample_1" : -0.84,
 		"sample_2" : 8.11, "sample_3" : -9.00,
 		"sample_4" : 0, "node_id" : 12},

	"12:272" : {"timestamp" : 1346182619, "air_time" : 4,
 		"sequence" : 272, "fails" : 0,
 		"retries" : 1, "sample_1" : -2.42,
 		"sample_2" : 8.88, "sample_3" : -8.17,
 		"sample_4" : 0, "node_id" : 12},

	"12:273" : {"timestamp" : 1346182620, "air_time" : 6,
 		"sequence" : 273, "fails" : 1,
 		"retries" : 2, "sample_1" : -3.70,
 		"sample_2" : 9.91, "sample_3" : -8.15,
 		"sample_4" : 0, "node_id" : 12},

	"12:274" : {"timestamp" : 1346182621, "air_time" : 9,
 		"sequence" : 274, "fails" : 1,
 		"retries" : 0, "sample_1" : -5.63,
 		"sample_2" : 11.36, "sample_3" : -7.82,
 		"sample_4" : 0, "node_id" : 12},

	"12:275" : {"timestamp" : 1346182622, "air_time" : 1,
 		"sequence" : 275, "fails" : 0,
 		"retries" : 2, "sample_1" : -6.46,
 		"sample_2" : 11.02, "sample_3" : -8.09,
 		"sample_4" : 0, "node_id" : 12},

	"12:276" : {"timestamp" : 1346182623, "air_time" : 4,
 		"sequence" : 276, "fails" : 2,
 		"retries" : 1, "sample_1" : -7.16,
 		"sample_2" : 11.19, "sample_3" : -8.00,
 		"sample_4" : 0, "node_id" : 12},

	"12:277" : {"timestamp" : 1346182624, "air_time" : 1,
 		"sequence" : 277, "fails" : 1,
 		"retries" : 2, "sample_1" : -7.90,
 		"sample_2" : 9.85, "sample_3" : -5.16,
 		"sample_4" : 0, "node_id" : 12},

	"12:278" : {"timestamp" : 1346182625, "air_time" : 5,
 		"sequence" : 278, "fails" : 3,
 		"retries" : 2, "sample_1" : -8.95,
 		"sample_2" : 9.31, "sample_3" : -3.70,
 		"sample_4" : 0, "node_id" : 12},

	"12:279" : {"timestamp" : 1346182626, "air_time" : 0,
 		"sequence" : 279, "fails" : 0,
 		"retries" : 2, "sample_1" : -8.90,
 		"sample_2" : 8.69, "sample_3" : -3.58,
 		"sample_4" : 0, "node_id" : 12},

	"12:280" : {"timestamp" : 1346182627, "air_time" : 7,
 		"sequence" : 280, "fails" : 1,
 		"retries" : 2, "sample_1" : -8.55,
 		"sample_2" : 9.02, "sample_3" : -2.33,
 		"sample_4" : 0, "node_id" : 12},

	"12:281" : {"timestamp" : 1346182628, "air_time" : 1,
 		"sequence" : 281, "fails" : 1,
 		"retries" : 0, "sample_1" : -8.80,
 		"sample_2" : 7.82, "sample_3" : 0.99,
 		"sample_4" : 0, "node_id" : 12},

	"12:282" : {"timestamp" : 1346182629, "air_time" : 1,
 		"sequence" : 282, "fails" : 0,
 		"retries" : 2, "sample_1" : -6.96,
 		"sample_2" : 6.35, "sample_3" : 2.23,
 		"sample_4" : 0, "node_id" : 12},

	"12:283" : {"timestamp" : 1346182630, "air_time" : 1,
 		"sequence" : 283, "fails" : 2,
 		"retries" : 2, "sample_1" : -6.16,
 		"sample_2" : 3.23, "sample_3" : 3.74,
 		"sample_4" : 0, "node_id" : 12},

	"12:284" : {"timestamp" : 1346182631, "air_time" : 0,
 		"sequence" : 284, "fails" : 3,
 		"retries" : 2, "sample_1" : -4.53,
 		"sample_2" : 2.43, "sample_3" : 5.27,
 		"sample_4" : 0, "node_id" : 12},

	"12:285" : {"timestamp" : 1346182632, "air_time" : 3,
 		"sequence" : 285, "fails" : 2,
 		"retries" : 0, "sample_1" : -4.60,
 		"sample_2" : 1.08, "sample_3" : 6.37,
 		"sample_4" : 0, "node_id" : 12},

	"12:286" : {"timestamp" : 1346182633, "air_time" : 6,
 		"sequence" : 286, "fails" : 2,
 		"retries" : 2, "sample_1" : -2.22,
 		"sample_2" : -1.04, "sample_3" : 8.98,
 		"sample_4" : 0, "node_id" : 12},

	"12:287" : {"timestamp" : 1346182634, "air_time" : 0,
 		"sequence" : 287, "fails" : 3,
 		"retries" : 2, "sample_1" : -1.54,
 		"sample_2" : -2.80, "sample_3" : 8.58,
 		"sample_4" : 0, "node_id" : 12},

	"12:288" : {"timestamp" : 1346182635, "air_time" : 8,
 		"sequence" : 288, "fails" : 0,
 		"retries" : 1, "sample_1" : 0.70,
 		"sample_2" : -4.74, "sample_3" : 10.63,
 		"sample_4" : 0, "node_id" : 12},

	"12:289" : {"timestamp" : 1346182636, "air_time" : 2,
 		"sequence" : 289, "fails" : 1,
 		"retries" : 2, "sample_1" : 2.04,
 		"sample_2" : -5.11, "sample_3" : 9.70,
 		"sample_4" : 0, "node_id" : 12},

	"12:290" : {"timestamp" : 1346182637, "air_time" : 5,
 		"sequence" : 290, "fails" : 2,
 		"retries" : 0, "sample_1" : 4.42,
 		"sample_2" : -7.58, "sample_3" : 10.07,
 		"sample_4" : 0, "node_id" : 12},

	"12:291" : {"timestamp" : 1346182638, "air_time" : 6,
 		"sequence" : 291, "fails" : 3,
 		"retries" : 1, "sample_1" : 5.10,
 		"sample_2" : -8.91, "sample_3" : 11.05,
 		"sample_4" : 0, "node_id" : 12},

	"12:292" : {"timestamp" : 1346182639, "air_time" : 3,
 		"sequence" : 292, "fails" : 3,
 		"retries" : 1, "sample_1" : 7.63,
 		"sample_2" : -7.76, "sample_3" : 11.42,
 		"sample_4" : 0, "node_id" : 12},

	"12:293" : {"timestamp" : 1346182640, "air_time" : 1,
 		"sequence" : 293, "fails" : 2,
 		"retries" : 2, "sample_1" : 9.16,
 		"sample_2" : -9.92, "sample_3" : 9.29,
 		"sample_4" : 0, "node_id" : 12},

	"12:294" : {"timestamp" : 1346182641, "air_time" : 7,
 		"sequence" : 294, "fails" : 0,
 		"retries" : 0, "sample_1" : 8.96,
 		"sample_2" : -9.69, "sample_3" : 8.10,
 		"sample_4" : 0, "node_id" : 12},

	"12:295" : {"timestamp" : 1346182642, "air_time" : 6,
 		"sequence" : 295, "fails" : 2,
 		"retries" : 0, "sample_1" : 9.80,
 		"sample_2" : -8.15, "sample_3" : 8.46,
 		"sample_4" : 0, "node_id" : 12},

	"12:296" : {"timestamp" : 1346182643, "air_time" : 2,
 		"sequence" : 296, "fails" : 2,
 		"retries" : 1, "sample_1" : 9.95,
 		"sample_2" : -7.41, "sample_3" : 6.80,
 		"sample_4" : 0, "node_id" : 12},

	"12:297" : {"timestamp" : 1346182644, "air_time" : 0,
 		"sequence" : 297, "fails" : 1,
 		"retries" : 1, "sample_1" : 10.90,
 		"sample_2" : -7.79, "sample_3" : 4.48,
 		"sample_4" : 0, "node_id" : 12},

	"12:298" : {"timestamp" : 1346182645, "air_time" : 9,
 		"sequence" : 298, "fails" : 2,
 		"retries" : 2, "sample_1" : 11.75,
 		"sample_2" : -6.62, "sample_3" : 3.13,
 		"sample_4" : 0, "node_id" : 12},

	"12:299" : {"timestamp" : 1346182646, "air_time" : 9,
 		"sequence" : 299, "fails" : 2,
 		"retries" : 0, "sample_1" : 9.60,
 		"sample_2" : -5.82, "sample_3" : 2.41,
 		"sample_4" : 0, "node_id" : 12},

	"12:300" : {"timestamp" : 1346182647, "air_time" : 6,
 		"sequence" : 300, "fails" : 0,
 		"retries" : 0, "sample_1" : 10.56,
 		"sample_2" : -3.35, "sample_3" : 0.37,
 		"sample_4" : 0, "node_id" : 12},

	"12:301" : {"timestamp" : 1346182648, "air_time" : 2,
 		"sequence" : 301, "fails" : 1,
 		"retries" : 0, "sample_1" : 8.46,
 		"sample_2" : -2.93, "sample_3" : -1.04,
 		"sample_4" : 0, "node_id" : 12},

	"12:302" : {"timestamp" : 1346182649, "air_time" : 2,
 		"sequence" : 302, "fails" : 1,
 		"retries" : 1, "sample_1" : 7.33,
 		"sample_2" : 0.67, "sample_3" : -2.77,
 		"sample_4" : 0, "node_id" : 12},

	"12:303" : {"timestamp" : 1346182650, "air_time" : 8,
 		"sequence" : 303, "fails" : 0,
 		"retries" : 1, "sample_1" : 6.60,
 		"sample_2" : 0.72, "sample_3" : -5.17,
 		"sample_4" : 0, "node_id" : 12},

	"12:304" : {"timestamp" : 1346182651, "air_time" : 3,
 		"sequence" : 304, "fails" : 3,
 		"retries" : 2, "sample_1" : 4.62,
 		"sample_2" : 3.74, "sample_3" : -5.98,
 		"sample_4" : 0, "node_id" : 12},

	"12:305" : {"timestamp" : 1346182652, "air_time" : 9,
 		"sequence" : 305, "fails" : 2,
 		"retries" : 1, "sample_1" : 3.04,
 		"sample_2" : 4.40, "sample_3" : -6.58,
 		"sample_4" : 0, "node_id" : 12},

	"12:306" : {"timestamp" : 1346182653, "air_time" : 3,
 		"sequence" : 306, "fails" : 2,
 		"retries" : 0, "sample_1" : 1.10,
 		"sample_2" : 6.84, "sample_3" : -8.23,
 		"sample_4" : 0, "node_id" : 12},

	"12:307" : {"timestamp" : 1346182654, "air_time" : 3,
 		"sequence" : 307, "fails" : 0,
 		"retries" : 2, "sample_1" : 0.06,
 		"sample_2" : 7.41, "sample_3" : -8.10,
 		"sample_4" : 0, "node_id" : 12},

	"12:308" : {"timestamp" : 1346182655, "air_time" : 0,
 		"sequence" : 308, "fails" : 1,
 		"retries" : 1, "sample_1" : -1.82,
 		"sample_2" : 8.98, "sample_3" : -8.07,
 		"sample_4" : 0, "node_id" : 12},

	"12:309" : {"timestamp" : 1346182656, "air_time" : 3,
 		"sequence" : 309, "fails" : 2,
 		"retries" : 2, "sample_1" : -3.60,
 		"sample_2" : 9.31, "sample_3" : -8.95,
 		"sample_4" : 0, "node_id" : 12},

	"12:310" : {"timestamp" : 1346182657, "air_time" : 8,
 		"sequence" : 310, "fails" : 3,
 		"retries" : 1, "sample_1" : -5.33,
 		"sample_2" : 11.36, "sample_3" : -9.52,
 		"sample_4" : 0, "node_id" : 12},

	"12:311" : {"timestamp" : 1346182658, "air_time" : 6,
 		"sequence" : 311, "fails" : 0,
 		"retries" : 1, "sample_1" : -7.46,
 		"sample_2" : 10.52, "sample_3" : -7.79,
 		"sample_4" : 0, "node_id" : 12},

	"12:312" : {"timestamp" : 1346182659, "air_time" : 8,
 		"sequence" : 312, "fails" : 0,
 		"retries" : 1, "sample_1" : -8.26,
 		"sample_2" : 11.59, "sample_3" : -6.50,
 		"sample_4" : 0, "node_id" : 12},

	"12:313" : {"timestamp" : 1346182660, "air_time" : 5,
 		"sequence" : 313, "fails" : 1,
 		"retries" : 1, "sample_1" : -8.90,
 		"sample_2" : 11.35, "sample_3" : -5.46,
 		"sample_4" : 0, "node_id" : 12},

	"12:314" : {"timestamp" : 1346182661, "air_time" : 8,
 		"sequence" : 314, "fails" : 3,
 		"retries" : 0, "sample_1" : -8.65,
 		"sample_2" : 10.01, "sample_3" : -4.90,
 		"sample_4" : 0, "node_id" : 12},

	"12:315" : {"timestamp" : 1346182662, "air_time" : 7,
 		"sequence" : 315, "fails" : 1,
 		"retries" : 2, "sample_1" : -8.40,
 		"sample_2" : 9.39, "sample_3" : -2.68,
 		"sample_4" : 0, "node_id" : 12},

	"12:316" : {"timestamp" : 1346182663, "air_time" : 9,
 		"sequence" : 316, "fails" : 3,
 		"retries" : 0, "sample_1" : -9.35,
 		"sample_2" : 8.92, "sample_3" : -0.73,
 		"sample_4" : 0, "node_id" : 12},

	"12:317" : {"timestamp" : 1346182664, "air_time" : 1,
 		"sequence" : 317, "fails" : 2,
 		"retries" : 0, "sample_1" : -8.90,
 		"sample_2" : 7.12, "sample_3" : 0.59,
 		"sample_4" : 0, "node_id" : 12},

	"12:318" : {"timestamp" : 1346182665, "air_time" : 6,
 		"sequence" : 318, "fails" : 0,
 		"retries" : 0, "sample_1" : -8.16,
 		"sample_2" : 5.95, "sample_3" : 2.83,
 		"sample_4" : 0, "node_id" : 12},

	"12:319" : {"timestamp" : 1346182666, "air_time" : 9,
 		"sequence" : 319, "fails" : 3,
 		"retries" : 2, "sample_1" : -6.46,
 		"sample_2" : 4.33, "sample_3" : 3.44,
 		"sample_4" : 0, "node_id" : 12},

	"12:320" : {"timestamp" : 1346182667, "air_time" : 1,
 		"sequence" : 320, "fails" : 3,
 		"retries" : 0, "sample_1" : -6.03,
 		"sample_2" : 2.33, "sample_3" : 5.77,
 		"sample_4" : 0, "node_id" : 12},

	"12:321" : {"timestamp" : 1346182668, "air_time" : 6,
 		"sequence" : 321, "fails" : 3,
 		"retries" : 1, "sample_1" : -3.50,
 		"sample_2" : -0.22, "sample_3" : 7.37,
 		"sample_4" : 0, "node_id" : 12},

	"12:322" : {"timestamp" : 1346182669, "air_time" : 7,
 		"sequence" : 322, "fails" : 2,
 		"retries" : 0, "sample_1" : -2.52,
 		"sample_2" : -2.04, "sample_3" : 8.08,
 		"sample_4" : 0, "node_id" : 12},

	"12:323" : {"timestamp" : 1346182670, "air_time" : 6,
 		"sequence" : 323, "fails" : 2,
 		"retries" : 1, "sample_1" : -1.34,
 		"sample_2" : -2.00, "sample_3" : 8.28,
 		"sample_4" : 0, "node_id" : 12},

	"12:324" : {"timestamp" : 1346182671, "air_time" : 0,
 		"sequence" : 324, "fails" : 2,
 		"retries" : 0, "sample_1" : 1.70,
 		"sample_2" : -3.74, "sample_3" : 9.73,
 		"sample_4" : 0, "node_id" : 12},

	"12:325" : {"timestamp" : 1346182672, "air_time" : 4,
 		"sequence" : 325, "fails" : 3,
 		"retries" : 2, "sample_1" : 2.84,
 		"sample_2" : -5.11, "sample_3" : 10.10,
 		"sample_4" : 0, "node_id" : 12},

	"12:326" : {"timestamp" : 1346182673, "air_time" : 1,
 		"sequence" : 326, "fails" : 3,
 		"retries" : 2, "sample_1" : 4.72,
 		"sample_2" : -7.88, "sample_3" : 10.77,
 		"sample_4" : 0, "node_id" : 12},

	"12:327" : {"timestamp" : 1346182674, "air_time" : 6,
 		"sequence" : 327, "fails" : 0,
 		"retries" : 1, "sample_1" : 6.70,
 		"sample_2" : -7.81, "sample_3" : 11.45,
 		"sample_4" : 0, "node_id" : 12},

	"12:328" : {"timestamp" : 1346182675, "air_time" : 3,
 		"sequence" : 328, "fails" : 0,
 		"retries" : 0, "sample_1" : 8.23,
 		"sample_2" : -8.26, "sample_3" : 11.22,
 		"sample_4" : 0, "node_id" : 12},

	"12:329" : {"timestamp" : 1346182676, "air_time" : 3,
 		"sequence" : 329, "fails" : 0,
 		"retries" : 0, "sample_1" : 9.26,
 		"sample_2" : -9.32, "sample_3" : 9.79,
 		"sample_4" : 0, "node_id" : 12},

	"12:330" : {"timestamp" : 1346182677, "air_time" : 9,
 		"sequence" : 330, "fails" : 2,
 		"retries" : 2, "sample_1" : 9.06,
 		"sample_2" : -8.39, "sample_3" : 8.20,
 		"sample_4" : 0, "node_id" : 12},

	"12:331" : {"timestamp" : 1346182678, "air_time" : 1,
 		"sequence" : 331, "fails" : 3,
 		"retries" : 0, "sample_1" : 9.40,
 		"sample_2" : -7.85, "sample_3" : 8.86,
 		"sample_4" : 0, "node_id" : 12},

	"12:332" : {"timestamp" : 1346182679, "air_time" : 5,
 		"sequence" : 332, "fails" : 3,
 		"retries" : 1, "sample_1" : 11.65,
 		"sample_2" : -7.61, "sample_3" : 5.60,
 		"sample_4" : 0, "node_id" : 12},

	"12:333" : {"timestamp" : 1346182680, "air_time" : 4,
 		"sequence" : 333, "fails" : 3,
 		"retries" : 1, "sample_1" : 11.10,
 		"sample_2" : -8.29, "sample_3" : 5.88,
 		"sample_4" : 0, "node_id" : 12},

	"12:334" : {"timestamp" : 1346182681, "air_time" : 3,
 		"sequence" : 334, "fails" : 0,
 		"retries" : 1, "sample_1" : 11.65,
 		"sample_2" : -7.02, "sample_3" : 3.43,
 		"sample_4" : 0, "node_id" : 12},

	"12:335" : {"timestamp" : 1346182682, "air_time" : 6,
 		"sequence" : 335, "fails" : 3,
 		"retries" : 2, "sample_1" : 11.00,
 		"sample_2" : -5.02, "sample_3" : 1.61,
 		"sample_4" : 0, "node_id" : 12},

	"12:336" : {"timestamp" : 1346182683, "air_time" : 3,
 		"sequence" : 336, "fails" : 2,
 		"retries" : 2, "sample_1" : 10.36,
 		"sample_2" : -4.05, "sample_3" : 0.57,
 		"sample_4" : 0, "node_id" : 12},

	"12:337" : {"timestamp" : 1346182684, "air_time" : 0,
 		"sequence" : 337, "fails" : 1,
 		"retries" : 1, "sample_1" : 8.66,
 		"sample_2" : -2.73, "sample_3" : -1.64,
 		"sample_4" : 0, "node_id" : 12},

	"12:338" : {"timestamp" : 1346182685, "air_time" : 8,
 		"sequence" : 338, "fails" : 0,
 		"retries" : 1, "sample_1" : 8.03,
 		"sample_2" : 0.67, "sample_3" : -3.77,
 		"sample_4" : 0, "node_id" : 12},

	"12:339" : {"timestamp" : 1346182686, "air_time" : 5,
 		"sequence" : 339, "fails" : 3,
 		"retries" : 0, "sample_1" : 5.20,
 		"sample_2" : 2.22, "sample_3" : -5.57,
 		"sample_4" : 0, "node_id" : 12},

	"12:340" : {"timestamp" : 1346182687, "air_time" : 9,
 		"sequence" : 340, "fails" : 0,
 		"retries" : 2, "sample_1" : 4.02,
 		"sample_2" : 2.94, "sample_3" : -5.58,
 		"sample_4" : 0, "node_id" : 12},

	"12:341" : {"timestamp" : 1346182688, "air_time" : 8,
 		"sequence" : 341, "fails" : 0,
 		"retries" : 2, "sample_1" : 2.64,
 		"sample_2" : 4.10, "sample_3" : -8.08,
 		"sample_4" : 0, "node_id" : 12},

	"12:342" : {"timestamp" : 1346182689, "air_time" : 1,
 		"sequence" : 342, "fails" : 2,
 		"retries" : 0, "sample_1" : 0.70,
 		"sample_2" : 5.74, "sample_3" : -8.73,
 		"sample_4" : 0, "node_id" : 12},

	"12:343" : {"timestamp" : 1346182690, "air_time" : 6,
 		"sequence" : 343, "fails" : 3,
 		"retries" : 1, "sample_1" : -0.84,
 		"sample_2" : 7.01, "sample_3" : -8.20,
 		"sample_4" : 0, "node_id" : 12},

	"12:344" : {"timestamp" : 1346182691, "air_time" : 3,
 		"sequence" : 344, "fails" : 0,
 		"retries" : 0, "sample_1" : -1.62,
 		"sample_2" : 9.58, "sample_3" : -8.37,
 		"sample_4" : 0, "node_id" : 12},

	"12:345" : {"timestamp" : 1346182692, "air_time" : 9,
 		"sequence" : 345, "fails" : 0,
 		"retries" : 0, "sample_1" : -3.70,
 		"sample_2" : 10.51, "sample_3" : -8.85,
 		"sample_4" : 0, "node_id" : 12},

	"12:346" : {"timestamp" : 1346182693, "air_time" : 9,
 		"sequence" : 346, "fails" : 2,
 		"retries" : 1, "sample_1" : -5.83,
 		"sample_2" : 9.86, "sample_3" : -8.32,
 		"sample_4" : 0, "node_id" : 12},

	"12:347" : {"timestamp" : 1346182694, "air_time" : 1,
 		"sequence" : 347, "fails" : 2,
 		"retries" : 1, "sample_1" : -6.76,
 		"sample_2" : 10.72, "sample_3" : -7.19,
 		"sample_4" : 0, "node_id" : 12},

	"12:348" : {"timestamp" : 1346182695, "air_time" : 0,
 		"sequence" : 348, "fails" : 0,
 		"retries" : 2, "sample_1" : -7.16,
 		"sample_2" : 10.49, "sample_3" : -7.30,
 		"sample_4" : 0, "node_id" : 12},

	"12:349" : {"timestamp" : 1346182696, "air_time" : 3,
 		"sequence" : 349, "fails" : 3,
 		"retries" : 0, "sample_1" : -8.60,
 		"sample_2" : 10.15, "sample_3" : -6.06,
 		"sample_4" : 0, "node_id" : 12},

	"12:350" : {"timestamp" : 1346182697, "air_time" : 9,
 		"sequence" : 350, "fails" : 3,
 		"retries" : 2, "sample_1" : -9.35,
 		"sample_2" : 10.81, "sample_3" : -4.10,
 		"sample_4" : 0, "node_id" : 12},

	"12:351" : {"timestamp" : 1346182698, "air_time" : 1,
 		"sequence" : 351, "fails" : 1,
 		"retries" : 0, "sample_1" : -8.60,
 		"sample_2" : 9.59, "sample_3" : -3.48,
 		"sample_4" : 0, "node_id" : 12},

	"12:352" : {"timestamp" : 1346182699, "air_time" : 1,
 		"sequence" : 352, "fails" : 2,
 		"retries" : 2, "sample_1" : -8.05,
 		"sample_2" : 7.72, "sample_3" : -1.23,
 		"sample_4" : 0, "node_id" : 12},

	"12:353" : {"timestamp" : 1346182700, "air_time" : 8,
 		"sequence" : 353, "fails" : 3,
 		"retries" : 2, "sample_1" : -9.20,
 		"sample_2" : 6.92, "sample_3" : 1.09,
 		"sample_4" : 0, "node_id" : 12},

	"12:354" : {"timestamp" : 1346182701, "air_time" : 1,
 		"sequence" : 354, "fails" : 1,
 		"retries" : 1, "sample_1" : -6.76,
 		"sample_2" : 6.35, "sample_3" : 1.33,
 		"sample_4" : 0, "node_id" : 12},

	"12:355" : {"timestamp" : 1346182702, "air_time" : 1,
 		"sequence" : 355, "fails" : 3,
 		"retries" : 1, "sample_1" : -7.26,
 		"sample_2" : 3.13, "sample_3" : 3.14,
 		"sample_4" : 0, "node_id" : 12},

	"12:356" : {"timestamp" : 1346182703, "air_time" : 7,
 		"sequence" : 356, "fails" : 3,
 		"retries" : 2, "sample_1" : -5.83,
 		"sample_2" : 1.23, "sample_3" : 4.67,
 		"sample_4" : 0, "node_id" : 12},

	"12:357" : {"timestamp" : 1346182704, "air_time" : 1,
 		"sequence" : 357, "fails" : 3,
 		"retries" : 2, "sample_1" : -3.70,
 		"sample_2" : 0.58, "sample_3" : 7.57,
 		"sample_4" : 0, "node_id" : 12},

	"12:358" : {"timestamp" : 1346182705, "air_time" : 2,
 		"sequence" : 358, "fails" : 3,
 		"retries" : 1, "sample_1" : -2.62,
 		"sample_2" : -0.64, "sample_3" : 8.18,
 		"sample_4" : 0, "node_id" : 12},

	"12:359" : {"timestamp" : 1346182706, "air_time" : 5,
 		"sequence" : 359, "fails" : 1,
 		"retries" : 1, "sample_1" : -1.64,
 		"sample_2" : -2.50, "sample_3" : 10.08,
 		"sample_4" : 0, "node_id" : 12},

	"12:360" : {"timestamp" : 1346182707, "air_time" : 6,
 		"sequence" : 360, "fails" : 2,
 		"retries" : 2, "sample_1" : -0.00,
 		"sample_2" : -4.94, "sample_3" : 10.63,
 		"sample_4" : 0, "node_id" : 12},

	"12:361" : {"timestamp" : 1346182708, "air_time" : 9,
 		"sequence" : 361, "fails" : 2,
 		"retries" : 2, "sample_1" : 3.24,
 		"sample_2" : -5.01, "sample_3" : 10.10,
 		"sample_4" : 0, "node_id" : 12},

	"12:362" : {"timestamp" : 1346182709, "air_time" : 8,
 		"sequence" : 362, "fails" : 2,
 		"retries" : 2, "sample_1" : 4.62,
 		"sample_2" : -6.28, "sample_3" : 11.67,
 		"sample_4" : 0, "node_id" : 12},

	"12:363" : {"timestamp" : 1346182710, "air_time" : 6,
 		"sequence" : 363, "fails" : 0,
 		"retries" : 2, "sample_1" : 5.40,
 		"sample_2" : -7.01, "sample_3" : 11.65,
 		"sample_4" : 0, "node_id" : 12},

	"12:364" : {"timestamp" : 1346182711, "air_time" : 5,
 		"sequence" : 364, "fails" : 1,
 		"retries" : 2, "sample_1" : 7.93,
 		"sample_2" : -8.86, "sample_3" : 10.52,
 		"sample_4" : 0, "node_id" : 12},

	"12:365" : {"timestamp" : 1346182712, "air_time" : 1,
 		"sequence" : 365, "fails" : 3,
 		"retries" : 2, "sample_1" : 8.66,
 		"sample_2" : -9.22, "sample_3" : 9.09,
 		"sample_4" : 0, "node_id" : 12},

	"12:366" : {"timestamp" : 1346182713, "air_time" : 4,
 		"sequence" : 366, "fails" : 0,
 		"retries" : 2, "sample_1" : 9.06,
 		"sample_2" : -9.69, "sample_3" : 9.40,
 		"sample_4" : 0, "node_id" : 12},

	"12:367" : {"timestamp" : 1346182714, "air_time" : 0,
 		"sequence" : 367, "fails" : 3,
 		"retries" : 1, "sample_1" : 9.70,
 		"sample_2" : -9.25, "sample_3" : 8.86,
 		"sample_4" : 0, "node_id" : 12},

	"12:368" : {"timestamp" : 1346182715, "air_time" : 6,
 		"sequence" : 368, "fails" : 2,
 		"retries" : 1, "sample_1" : 11.45,
 		"sample_2" : -8.61, "sample_3" : 6.70,
 		"sample_4" : 0, "node_id" : 12},

	"12:369" : {"timestamp" : 1346182716, "air_time" : 4,
 		"sequence" : 369, "fails" : 2,
 		"retries" : 0, "sample_1" : 11.50,
 		"sample_2" : -8.29, "sample_3" : 4.68,
 		"sample_4" : 0, "node_id" : 12},

	"12:370" : {"timestamp" : 1346182717, "air_time" : 3,
 		"sequence" : 370, "fails" : 3,
 		"retries" : 0, "sample_1" : 11.35,
 		"sample_2" : -7.32, "sample_3" : 3.13,
 		"sample_4" : 0, "node_id" : 12},

	"12:371" : {"timestamp" : 1346182718, "air_time" : 6,
 		"sequence" : 371, "fails" : 2,
 		"retries" : 2, "sample_1" : 11.20,
 		"sample_2" : -5.52, "sample_3" : 0.91,
 		"sample_4" : 0, "node_id" : 12},

	"12:372" : {"timestamp" : 1346182719, "air_time" : 8,
 		"sequence" : 372, "fails" : 0,
 		"retries" : 1, "sample_1" : 9.36,
 		"sample_2" : -3.95, "sample_3" : -0.23,
 		"sample_4" : 0, "node_id" : 12},

	"12:373" : {"timestamp" : 1346182720, "air_time" : 2,
 		"sequence" : 373, "fails" : 3,
 		"retries" : 2, "sample_1" : 8.06,
 		"sample_2" : -1.33, "sample_3" : -2.64,
 		"sample_4" : 0, "node_id" : 12},

	"12:374" : {"timestamp" : 1346182721, "air_time" : 5,
 		"sequence" : 374, "fails" : 0,
 		"retries" : 0, "sample_1" : 8.33,
 		"sample_2" : 0.07, "sample_3" : -4.07,
 		"sample_4" : 0, "node_id" : 12},

	"12:375" : {"timestamp" : 1346182722, "air_time" : 0,
 		"sequence" : 375, "fails" : 1,
 		"retries" : 2, "sample_1" : 5.00,
 		"sample_2" : 1.42, "sample_3" : -5.17,
 		"sample_4" : 0, "node_id" : 12},

	"12:376" : {"timestamp" : 1346182723, "air_time" : 6,
 		"sequence" : 376, "fails" : 1,
 		"retries" : 2, "sample_1" : 3.62,
 		"sample_2" : 3.84, "sample_3" : -5.48,
 		"sample_4" : 0, "node_id" : 12},

	"12:377" : {"timestamp" : 1346182724, "air_time" : 8,
 		"sequence" : 377, "fails" : 2,
 		"retries" : 2, "sample_1" : 1.94,
 		"sample_2" : 4.50, "sample_3" : -8.18,
 		"sample_4" : 0, "node_id" : 12},

	"12:378" : {"timestamp" : 1346182725, "air_time" : 0,
 		"sequence" : 378, "fails" : 0,
 		"retries" : 2, "sample_1" : 1.80,
 		"sample_2" : 6.24, "sample_3" : -9.03,
 		"sample_4" : 0, "node_id" : 12},

	"12:379" : {"timestamp" : 1346182726, "air_time" : 6,
 		"sequence" : 379, "fails" : 2,
 		"retries" : 0, "sample_1" : -0.74,
 		"sample_2" : 7.21, "sample_3" : -8.40,
 		"sample_4" : 0, "node_id" : 12},

	"12:380" : {"timestamp" : 1346182727, "air_time" : 0,
 		"sequence" : 380, "fails" : 3,
 		"retries" : 1, "sample_1" : -1.52,
 		"sample_2" : 9.58, "sample_3" : -8.17,
 		"sample_4" : 0, "node_id" : 12},

	"12:381" : {"timestamp" : 1346182728, "air_time" : 1,
 		"sequence" : 381, "fails" : 2,
 		"retries" : 1, "sample_1" : -4.60,
 		"sample_2" : 10.11, "sample_3" : -9.85,
 		"sample_4" : 0, "node_id" : 12},

	"12:382" : {"timestamp" : 1346182729, "air_time" : 0,
 		"sequence" : 382, "fails" : 3,
 		"retries" : 0, "sample_1" : -6.03,
 		"sample_2" : 10.46, "sample_3" : -8.82,
 		"sample_4" : 0, "node_id" : 12},

	"12:383" : {"timestamp" : 1346182730, "air_time" : 2,
 		"sequence" : 383, "fails" : 3,
 		"retries" : 1, "sample_1" : -5.76,
 		"sample_2" : 10.72, "sample_3" : -7.19,
 		"sample_4" : 0, "node_id" : 12},

	"12:384" : {"timestamp" : 1346182731, "air_time" : 4,
 		"sequence" : 384, "fails" : 1,
 		"retries" : 2, "sample_1" : -7.46,
 		"sample_2" : 10.59, "sample_3" : -6.30,
 		"sample_4" : 0, "node_id" : 12},

	"12:385" : {"timestamp" : 1346182732, "air_time" : 1,
 		"sequence" : 385, "fails" : 2,
 		"retries" : 0, "sample_1" : -8.90,
 		"sample_2" : 11.35, "sample_3" : -5.46,
 		"sample_4" : 0, "node_id" : 12},

	"12:386" : {"timestamp" : 1346182733, "air_time" : 1,
 		"sequence" : 386, "fails" : 2,
 		"retries" : 1, "sample_1" : -8.95,
 		"sample_2" : 10.21, "sample_3" : -3.80,
 		"sample_4" : 0, "node_id" : 12},

	"12:387" : {"timestamp" : 1346182734, "air_time" : 5,
 		"sequence" : 387, "fails" : 0,
 		"retries" : 0, "sample_1" : -8.80,
 		"sample_2" : 8.79, "sample_3" : -2.58,
 		"sample_4" : 0, "node_id" : 12},

	"12:388" : {"timestamp" : 1346182735, "air_time" : 6,
 		"sequence" : 388, "fails" : 3,
 		"retries" : 2, "sample_1" : -9.75,
 		"sample_2" : 8.82, "sample_3" : -1.13,
 		"sample_4" : 0, "node_id" : 12},

	"12:389" : {"timestamp" : 1346182736, "air_time" : 3,
 		"sequence" : 389, "fails" : 3,
 		"retries" : 0, "sample_1" : -9.20,
 		"sample_2" : 6.12, "sample_3" : 0.49,
 		"sample_4" : 0, "node_id" : 12},

	"12:390" : {"timestamp" : 1346182737, "air_time" : 6,
 		"sequence" : 390, "fails" : 3,
 		"retries" : 0, "sample_1" : -7.66,
 		"sample_2" : 5.15, "sample_3" : 2.73,
 		"sample_4" : 0, "node_id" : 12},

	"12:391" : {"timestamp" : 1346182738, "air_time" : 2,
 		"sequence" : 391, "fails" : 3,
 		"retries" : 0, "sample_1" : -6.86,
 		"sample_2" : 4.53, "sample_3" : 3.14,
 		"sample_4" : 0, "node_id" : 12},

	"12:392" : {"timestamp" : 1346182739, "air_time" : 3,
 		"sequence" : 392, "fails" : 0,
 		"retries" : 0, "sample_1" : -5.83,
 		"sample_2" : 2.33, "sample_3" : 5.67,
 		"sample_4" : 0, "node_id" : 12},

	"12:393" : {"timestamp" : 1346182740, "air_time" : 4,
 		"sequence" : 393, "fails" : 1,
 		"retries" : 2, "sample_1" : -5.00,
 		"sample_2" : -0.32, "sample_3" : 7.07,
 		"sample_4" : 0, "node_id" : 12},

	"12:394" : {"timestamp" : 1346182741, "air_time" : 7,
 		"sequence" : 394, "fails" : 2,
 		"retries" : 1, "sample_1" : -2.32,
 		"sample_2" : -0.34, "sample_3" : 7.48,
 		"sample_4" : 0, "node_id" : 12},

	"12:395" : {"timestamp" : 1346182742, "air_time" : 6,
 		"sequence" : 395, "fails" : 3,
 		"retries" : 1, "sample_1" : -0.14,
 		"sample_2" : -2.80, "sample_3" : 9.38,
 		"sample_4" : 0, "node_id" : 12},

	"12:396" : {"timestamp" : 1346182743, "air_time" : 8,
 		"sequence" : 396, "fails" : 3,
 		"retries" : 0, "sample_1" : 0.90,
 		"sample_2" : -4.54, "sample_3" : 9.53,
 		"sample_4" : 0, "node_id" : 12},

	"12:397" : {"timestamp" : 1346182744, "air_time" : 9,
 		"sequence" : 397, "fails" : 1,
 		"retries" : 0, "sample_1" : 2.74,
 		"sample_2" : -6.71, "sample_3" : 10.90,
 		"sample_4" : 0, "node_id" : 12},

	"12:398" : {"timestamp" : 1346182745, "air_time" : 4,
 		"sequence" : 398, "fails" : 3,
 		"retries" : 2, "sample_1" : 4.92,
 		"sample_2" : -6.58, "sample_3" : 10.97,
 		"sample_4" : 0, "node_id" : 12},

	"12:399" : {"timestamp" : 1346182746, "air_time" : 1,
 		"sequence" : 399, "fails" : 2,
 		"retries" : 2, "sample_1" : 6.60,
 		"sample_2" : -7.51, "sample_3" : 10.95,
 		"sample_4" : 0, "node_id" : 12},

	"12:400" : {"timestamp" : 1346182747, "air_time" : 3,
 		"sequence" : 400, "fails" : 0,
 		"retries" : 0, "sample_1" : 8.13,
 		"sample_2" : -8.06, "sample_3" : 10.12,
 		"sample_4" : 0, "node_id" : 12},

	"12:401" : {"timestamp" : 1346182748, "air_time" : 4,
 		"sequence" : 401, "fails" : 2,
 		"retries" : 2, "sample_1" : 8.16,
 		"sample_2" : -9.42, "sample_3" : 8.99,
 		"sample_4" : 0, "node_id" : 12},

	"12:402" : {"timestamp" : 1346182749, "air_time" : 8,
 		"sequence" : 402, "fails" : 0,
 		"retries" : 2, "sample_1" : 9.46,
 		"sample_2" : -9.59, "sample_3" : 8.50,
 		"sample_4" : 0, "node_id" : 12},

	"12:403" : {"timestamp" : 1346182750, "air_time" : 1,
 		"sequence" : 403, "fails" : 1,
 		"retries" : 0, "sample_1" : 10.30,
 		"sample_2" : -9.25, "sample_3" : 8.26,
 		"sample_4" : 0, "node_id" : 12},

	"12:404" : {"timestamp" : 1346182751, "air_time" : 2,
 		"sequence" : 404, "fails" : 1,
 		"retries" : 1, "sample_1" : 11.45,
 		"sample_2" : -9.11, "sample_3" : 6.60,
 		"sample_4" : 0, "node_id" : 12},

	"12:405" : {"timestamp" : 1346182752, "air_time" : 0,
 		"sequence" : 405, "fails" : 0,
 		"retries" : 0, "sample_1" : 10.40,
 		"sample_2" : -7.49, "sample_3" : 5.78,
 		"sample_4" : 0, "node_id" : 12},

	"12:406" : {"timestamp" : 1346182753, "air_time" : 9,
 		"sequence" : 406, "fails" : 3,
 		"retries" : 1, "sample_1" : 10.75,
 		"sample_2" : -7.22, "sample_3" : 3.13,
 		"sample_4" : 0, "node_id" : 12},

	"12:407" : {"timestamp" : 1346182754, "air_time" : 6,
 		"sequence" : 407, "fails" : 1,
 		"retries" : 2, "sample_1" : 10.20,
 		"sample_2" : -4.22, "sample_3" : 1.61,
 		"sample_4" : 0, "node_id" : 12},

	"12:408" : {"timestamp" : 1346182755, "air_time" : 2,
 		"sequence" : 408, "fails" : 0,
 		"retries" : 1, "sample_1" : 10.16,
 		"sample_2" : -4.55, "sample_3" : -0.03,
 		"sample_4" : 0, "node_id" : 12},

	"12:409" : {"timestamp" : 1346182756, "air_time" : 6,
 		"sequence" : 409, "fails" : 1,
 		"retries" : 0, "sample_1" : 7.96,
 		"sample_2" : -2.23, "sample_3" : -1.04,
 		"sample_4" : 0, "node_id" : 12},

	"12:410" : {"timestamp" : 1346182757, "air_time" : 4,
 		"sequence" : 410, "fails" : 3,
 		"retries" : 1, "sample_1" : 7.33,
 		"sample_2" : -1.23, "sample_3" : -3.17,
 		"sample_4" : 0, "node_id" : 12},

	"12:411" : {"timestamp" : 1346182758, "air_time" : 3,
 		"sequence" : 411, "fails" : 3,
 		"retries" : 1, "sample_1" : 6.60,
 		"sample_2" : 1.52, "sample_3" : -4.37,
 		"sample_4" : 0, "node_id" : 12},

	"12:412" : {"timestamp" : 1346182759, "air_time" : 9,
 		"sequence" : 412, "fails" : 2,
 		"retries" : 0, "sample_1" : 4.62,
 		"sample_2" : 2.74, "sample_3" : -5.48,
 		"sample_4" : 0, "node_id" : 12},

	"12:413" : {"timestamp" : 1346182760, "air_time" : 6,
 		"sequence" : 413, "fails" : 0,
 		"retries" : 0, "sample_1" : 1.94,
 		"sample_2" : 5.30, "sample_3" : -6.48,
 		"sample_4" : 0, "node_id" : 12},

	"12:414" : {"timestamp" : 1346182761, "air_time" : 4,
 		"sequence" : 414, "fails" : 1,
 		"retries" : 1, "sample_1" : 0.60,
 		"sample_2" : 5.54, "sample_3" : -8.53,
 		"sample_4" : 0, "node_id" : 12},

	"12:415" : {"timestamp" : 1346182762, "air_time" : 1,
 		"sequence" : 415, "fails" : 1,
 		"retries" : 0, "sample_1" : -1.74,
 		"sample_2" : 8.41, "sample_3" : -9.10,
 		"sample_4" : 0, "node_id" : 12},

	"12:416" : {"timestamp" : 1346182763, "air_time" : 5,
 		"sequence" : 416, "fails" : 3,
 		"retries" : 2, "sample_1" : -2.52,
 		"sample_2" : 7.98, "sample_3" : -8.27,
 		"sample_4" : 0, "node_id" : 12},

	"12:417" : {"timestamp" : 1346182764, "air_time" : 0,
 		"sequence" : 417, "fails" : 1,
 		"retries" : 0, "sample_1" : -4.10,
 		"sample_2" : 9.61, "sample_3" : -8.25,
 		"sample_4" : 0, "node_id" : 12},

	"12:418" : {"timestamp" : 1346182765, "air_time" : 5,
 		"sequence" : 418, "fails" : 1,
 		"retries" : 0, "sample_1" : -5.03,
 		"sample_2" : 11.46, "sample_3" : -8.12,
 		"sample_4" : 0, "node_id" : 12},

	"12:419" : {"timestamp" : 1346182766, "air_time" : 3,
 		"sequence" : 419, "fails" : 0,
 		"retries" : 0, "sample_1" : -7.26,
 		"sample_2" : 11.82, "sample_3" : -8.19,
 		"sample_4" : 0, "node_id" : 12},

	"12:420" : {"timestamp" : 1346182767, "air_time" : 8,
 		"sequence" : 420, "fails" : 2,
 		"retries" : 0, "sample_1" : -8.66,
 		"sample_2" : 11.39, "sample_3" : -7.60,
 		"sample_4" : 0, "node_id" : 12},

	"12:421" : {"timestamp" : 1346182768, "air_time" : 6,
 		"sequence" : 421, "fails" : 2,
 		"retries" : 2, "sample_1" : -9.20,
 		"sample_2" : 11.45, "sample_3" : -6.46,
 		"sample_4" : 0, "node_id" : 12},

	"12:422" : {"timestamp" : 1346182769, "air_time" : 1,
 		"sequence" : 422, "fails" : 0,
 		"retries" : 2, "sample_1" : -8.35,
 		"sample_2" : 10.61, "sample_3" : -4.70,
 		"sample_4" : 0, "node_id" : 12},

	"12:423" : {"timestamp" : 1346182770, "air_time" : 0,
 		"sequence" : 423, "fails" : 3,
 		"retries" : 0, "sample_1" : -9.20,
 		"sample_2" : 10.19, "sample_3" : -3.38,
 		"sample_4" : 0, "node_id" : 12},

	"12:424" : {"timestamp" : 1346182771, "air_time" : 3,
 		"sequence" : 424, "fails" : 1,
 		"retries" : 1, "sample_1" : -8.65,
 		"sample_2" : 8.92, "sample_3" : -2.23,
 		"sample_4" : 0, "node_id" : 12},

	"12:425" : {"timestamp" : 1346182772, "air_time" : 3,
 		"sequence" : 425, "fails" : 1,
 		"retries" : 1, "sample_1" : -9.20,
 		"sample_2" : 6.72, "sample_3" : 0.59,
 		"sample_4" : 0, "node_id" : 12},

	"12:426" : {"timestamp" : 1346182773, "air_time" : 8,
 		"sequence" : 426, "fails" : 1,
 		"retries" : 0, "sample_1" : -6.96,
 		"sample_2" : 5.45, "sample_3" : 2.63,
 		"sample_4" : 0, "node_id" : 12},

	"12:427" : {"timestamp" : 1346182774, "air_time" : 5,
 		"sequence" : 427, "fails" : 3,
 		"retries" : 2, "sample_1" : -6.56,
 		"sample_2" : 4.13, "sample_3" : 3.54,
 		"sample_4" : 0, "node_id" : 12},

	"12:428" : {"timestamp" : 1346182775, "air_time" : 2,
 		"sequence" : 428, "fails" : 2,
 		"retries" : 0, "sample_1" : -4.53,
 		"sample_2" : 2.73, "sample_3" : 4.77,
 		"sample_4" : 0, "node_id" : 12},

	"12:429" : {"timestamp" : 1346182776, "air_time" : 4,
 		"sequence" : 429, "fails" : 0,
 		"retries" : 0, "sample_1" : -3.10,
 		"sample_2" : -0.12, "sample_3" : 5.97,
 		"sample_4" : 0, "node_id" : 12},

	"12:430" : {"timestamp" : 1346182777, "air_time" : 0,
 		"sequence" : 430, "fails" : 1,
 		"retries" : 0, "sample_1" : -2.42,
 		"sample_2" : -0.64, "sample_3" : 7.38,
 		"sample_4" : 0, "node_id" : 12},

	"12:431" : {"timestamp" : 1346182778, "air_time" : 6,
 		"sequence" : 431, "fails" : 2,
 		"retries" : 2, "sample_1" : -0.54,
 		"sample_2" : -2.20, "sample_3" : 8.88,
 		"sample_4" : 0, "node_id" : 12},

	"12:432" : {"timestamp" : 1346182779, "air_time" : 9,
 		"sequence" : 432, "fails" : 1,
 		"retries" : 1, "sample_1" : 1.50,
 		"sample_2" : -4.14, "sample_3" : 9.43,
 		"sample_4" : 0, "node_id" : 12},

	"12:433" : {"timestamp" : 1346182780, "air_time" : 5,
 		"sequence" : 433, "fails" : 3,
 		"retries" : 0, "sample_1" : 1.74,
 		"sample_2" : -5.91, "sample_3" : 11.30,
 		"sample_4" : 0, "node_id" : 12},

	"12:434" : {"timestamp" : 1346182781, "air_time" : 8,
 		"sequence" : 434, "fails" : 1,
 		"retries" : 2, "sample_1" : 5.32,
 		"sample_2" : -7.58, "sample_3" : 10.27,
 		"sample_4" : 0, "node_id" : 12},

	"12:435" : {"timestamp" : 1346182782, "air_time" : 4,
 		"sequence" : 435, "fails" : 3,
 		"retries" : 2, "sample_1" : 5.30,
 		"sample_2" : -7.01, "sample_3" : 11.55,
 		"sample_4" : 0, "node_id" : 12},

	"12:436" : {"timestamp" : 1346182783, "air_time" : 3,
 		"sequence" : 436, "fails" : 2,
 		"retries" : 1, "sample_1" : 7.93,
 		"sample_2" : -9.46, "sample_3" : 10.72,
 		"sample_4" : 0, "node_id" : 12},

	"12:437" : {"timestamp" : 1346182784, "air_time" : 3,
 		"sequence" : 437, "fails" : 0,
 		"retries" : 0, "sample_1" : 8.36,
 		"sample_2" : -9.42, "sample_3" : 10.09,
 		"sample_4" : 0, "node_id" : 12},

	"12:438" : {"timestamp" : 1346182785, "air_time" : 7,
 		"sequence" : 438, "fails" : 1,
 		"retries" : 1, "sample_1" : 9.46,
 		"sample_2" : -8.89, "sample_3" : 8.90,
 		"sample_4" : 0, "node_id" : 12},

	"12:439" : {"timestamp" : 1346182786, "air_time" : 8,
 		"sequence" : 439, "fails" : 3,
 		"retries" : 0, "sample_1" : 10.60,
 		"sample_2" : -8.65, "sample_3" : 8.36,
 		"sample_4" : 0, "node_id" : 12},

	"12:440" : {"timestamp" : 1346182787, "air_time" : 4,
 		"sequence" : 440, "fails" : 3,
 		"retries" : 2, "sample_1" : 10.25,
 		"sample_2" : -9.01, "sample_3" : 5.60,
 		"sample_4" : 0, "node_id" : 12},

	"12:441" : {"timestamp" : 1346182788, "air_time" : 7,
 		"sequence" : 441, "fails" : 3,
 		"retries" : 1, "sample_1" : 11.40,
 		"sample_2" : -8.29, "sample_3" : 5.78,
 		"sample_4" : 0, "node_id" : 12},

	"12:442" : {"timestamp" : 1346182789, "air_time" : 1,
 		"sequence" : 442, "fails" : 3,
 		"retries" : 1, "sample_1" : 10.65,
 		"sample_2" : -6.02, "sample_3" : 4.33,
 		"sample_4" : 0, "node_id" : 12},

	"12:443" : {"timestamp" : 1346182790, "air_time" : 2,
 		"sequence" : 443, "fails" : 3,
 		"retries" : 0, "sample_1" : 10.20,
 		"sample_2" : -5.22, "sample_3" : 1.31,
 		"sample_4" : 0, "node_id" : 12},

	"12:444" : {"timestamp" : 1346182791, "air_time" : 7,
 		"sequence" : 444, "fails" : 3,
 		"retries" : 2, "sample_1" : 10.06,
 		"sample_2" : -2.75, "sample_3" : 0.17,
 		"sample_4" : 0, "node_id" : 12},

	"12:445" : {"timestamp" : 1346182792, "air_time" : 4,
 		"sequence" : 445, "fails" : 1,
 		"retries" : 2, "sample_1" : 8.66,
 		"sample_2" : -2.63, "sample_3" : -1.64,
 		"sample_4" : 0, "node_id" : 12},

	"12:446" : {"timestamp" : 1346182793, "air_time" : 5,
 		"sequence" : 446, "fails" : 1,
 		"retries" : 0, "sample_1" : 7.03,
 		"sample_2" : 0.07, "sample_3" : -3.57,
 		"sample_4" : 0, "node_id" : 12},

	"12:447" : {"timestamp" : 1346182794, "air_time" : 3,
 		"sequence" : 447, "fails" : 2,
 		"retries" : 1, "sample_1" : 6.70,
 		"sample_2" : 1.32, "sample_3" : -4.27,
 		"sample_4" : 0, "node_id" : 12},

	"12:448" : {"timestamp" : 1346182795, "air_time" : 4,
 		"sequence" : 448, "fails" : 1,
 		"retries" : 1, "sample_1" : 4.72,
 		"sample_2" : 3.54, "sample_3" : -7.08,
 		"sample_4" : 0, "node_id" : 12},

	"12:449" : {"timestamp" : 1346182796, "air_time" : 6,
 		"sequence" : 449, "fails" : 3,
 		"retries" : 1, "sample_1" : 3.44,
 		"sample_2" : 4.60, "sample_3" : -7.88,
 		"sample_4" : 0, "node_id" : 12},

	"12:450" : {"timestamp" : 1346182797, "air_time" : 2,
 		"sequence" : 450, "fails" : 3,
 		"retries" : 0, "sample_1" : 1.80,
 		"sample_2" : 7.34, "sample_3" : -8.03,
 		"sample_4" : 0, "node_id" : 12},

	"12:451" : {"timestamp" : 1346182798, "air_time" : 2,
 		"sequence" : 451, "fails" : 2,
 		"retries" : 1, "sample_1" : -0.54,
 		"sample_2" : 8.11, "sample_3" : -8.30,
 		"sample_4" : 0, "node_id" : 12},

	"12:452" : {"timestamp" : 1346182799, "air_time" : 1,
 		"sequence" : 452, "fails" : 3,
 		"retries" : 0, "sample_1" : -2.12,
 		"sample_2" : 9.38, "sample_3" : -9.67,
 		"sample_4" : 0, "node_id" : 12},

	"12:453" : {"timestamp" : 1346182800, "air_time" : 7,
 		"sequence" : 453, "fails" : 1,
 		"retries" : 2, "sample_1" : -4.80,
 		"sample_2" : 9.21, "sample_3" : -9.65,
 		"sample_4" : 0, "node_id" : 12},

	"12:454" : {"timestamp" : 1346182801, "air_time" : 4,
 		"sequence" : 454, "fails" : 3,
 		"retries" : 2, "sample_1" : -5.93,
 		"sample_2" : 9.76, "sample_3" : -9.22,
 		"sample_4" : 0, "node_id" : 12},

	"12:455" : {"timestamp" : 1346182802, "air_time" : 2,
 		"sequence" : 455, "fails" : 2,
 		"retries" : 1, "sample_1" : -7.16,
 		"sample_2" : 10.52, "sample_3" : -8.29,
 		"sample_4" : 0, "node_id" : 12},

	"12:456" : {"timestamp" : 1346182803, "air_time" : 5,
 		"sequence" : 456, "fails" : 2,
 		"retries" : 0, "sample_1" : -8.06,
 		"sample_2" : 11.19, "sample_3" : -7.80,
 		"sample_4" : 0, "node_id" : 12},

	"12:457" : {"timestamp" : 1346182804, "air_time" : 4,
 		"sequence" : 457, "fails" : 3,
 		"retries" : 0, "sample_1" : -8.40,
 		"sample_2" : 9.75, "sample_3" : -5.46,
 		"sample_4" : 0, "node_id" : 12},

	"12:458" : {"timestamp" : 1346182805, "air_time" : 9,
 		"sequence" : 458, "fails" : 3,
 		"retries" : 0, "sample_1" : -8.45,
 		"sample_2" : 10.61, "sample_3" : -4.80,
 		"sample_4" : 0, "node_id" : 12},

	"12:459" : {"timestamp" : 1346182806, "air_time" : 0,
 		"sequence" : 459, "fails" : 0,
 		"retries" : 0, "sample_1" : -9.50,
 		"sample_2" : 8.49, "sample_3" : -2.68,
 		"sample_4" : 0, "node_id" : 12},

	"12:460" : {"timestamp" : 1346182807, "air_time" : 6,
 		"sequence" : 460, "fails" : 3,
 		"retries" : 2, "sample_1" : -8.65,
 		"sample_2" : 8.12, "sample_3" : -2.03,
 		"sample_4" : 0, "node_id" : 12},

	"12:461" : {"timestamp" : 1346182808, "air_time" : 5,
 		"sequence" : 461, "fails" : 2,
 		"retries" : 1, "sample_1" : -7.60,
 		"sample_2" : 6.62, "sample_3" : -0.31,
 		"sample_4" : 0, "node_id" : 12},

	"12:462" : {"timestamp" : 1346182809, "air_time" : 3,
 		"sequence" : 462, "fails" : 3,
 		"retries" : 0, "sample_1" : -7.16,
 		"sample_2" : 5.95, "sample_3" : 2.13,
 		"sample_4" : 0, "node_id" : 12},

	"12:463" : {"timestamp" : 1346182810, "air_time" : 3,
 		"sequence" : 463, "fails" : 1,
 		"retries" : 2, "sample_1" : -7.16,
 		"sample_2" : 4.33, "sample_3" : 3.04,
 		"sample_4" : 0, "node_id" : 12},

	"12:464" : {"timestamp" : 1346182811, "air_time" : 9,
 		"sequence" : 464, "fails" : 3,
 		"retries" : 0, "sample_1" : -5.43,
 		"sample_2" : 2.73, "sample_3" : 4.37,
 		"sample_4" : 0, "node_id" : 12},

	"12:465" : {"timestamp" : 1346182812, "air_time" : 7,
 		"sequence" : 465, "fails" : 2,
 		"retries" : 1, "sample_1" : -4.80,
 		"sample_2" : 0.98, "sample_3" : 7.27,
 		"sample_4" : 0, "node_id" : 12},

	"12:466" : {"timestamp" : 1346182813, "air_time" : 5,
 		"sequence" : 466, "fails" : 3,
 		"retries" : 2, "sample_1" : -1.52,
 		"sample_2" : -1.24, "sample_3" : 8.28,
 		"sample_4" : 0, "node_id" : 12},

	"12:467" : {"timestamp" : 1346182814, "air_time" : 9,
 		"sequence" : 467, "fails" : 0,
 		"retries" : 0, "sample_1" : -1.04,
 		"sample_2" : -2.70, "sample_3" : 9.18,
 		"sample_4" : 0, "node_id" : 12},

	"12:468" : {"timestamp" : 1346182815, "air_time" : 4,
 		"sequence" : 468, "fails" : 1,
 		"retries" : 1, "sample_1" : 1.60,
 		"sample_2" : -3.74, "sample_3" : 9.83,
 		"sample_4" : 0, "node_id" : 12},

	"12:469" : {"timestamp" : 1346182816, "air_time" : 7,
 		"sequence" : 469, "fails" : 1,
 		"retries" : 2, "sample_1" : 2.04,
 		"sample_2" : -6.21, "sample_3" : 11.00,
 		"sample_4" : 0, "node_id" : 12},

	"12:470" : {"timestamp" : 1346182817, "air_time" : 9,
 		"sequence" : 470, "fails" : 3,
 		"retries" : 0, "sample_1" : 4.22,
 		"sample_2" : -6.88, "sample_3" : 9.97,
 		"sample_4" : 0, "node_id" : 12},

	"12:471" : {"timestamp" : 1346182818, "air_time" : 1,
 		"sequence" : 471, "fails" : 3,
 		"retries" : 1, "sample_1" : 5.60,
 		"sample_2" : -8.51, "sample_3" : 9.95,
 		"sample_4" : 0, "node_id" : 12},

	"12:472" : {"timestamp" : 1346182819, "air_time" : 1,
 		"sequence" : 472, "fails" : 2,
 		"retries" : 2, "sample_1" : 7.33,
 		"sample_2" : -7.66, "sample_3" : 11.52,
 		"sample_4" : 0, "node_id" : 12},

	"12:473" : {"timestamp" : 1346182820, "air_time" : 8,
 		"sequence" : 473, "fails" : 2,
 		"retries" : 1, "sample_1" : 8.06,
 		"sample_2" : -8.12, "sample_3" : 10.39,
 		"sample_4" : 0, "node_id" : 12},

	"12:474" : {"timestamp" : 1346182821, "air_time" : 2,
 		"sequence" : 474, "fails" : 0,
 		"retries" : 0, "sample_1" : 8.96,
 		"sample_2" : -9.09, "sample_3" : 9.00,
 		"sample_4" : 0, "node_id" : 12},

	"12:475" : {"timestamp" : 1346182822, "air_time" : 6,
 		"sequence" : 475, "fails" : 3,
 		"retries" : 1, "sample_1" : 11.00,
 		"sample_2" : -9.05, "sample_3" : 7.96,
 		"sample_4" : 0, "node_id" : 12},

	"12:476" : {"timestamp" : 1346182823, "air_time" : 1,
 		"sequence" : 476, "fails" : 1,
 		"retries" : 1, "sample_1" : 11.55,
 		"sample_2" : -8.51, "sample_3" : 5.80,
 		"sample_4" : 0, "node_id" : 12},

	"12:477" : {"timestamp" : 1346182824, "air_time" : 3,
 		"sequence" : 477, "fails" : 2,
 		"retries" : 0, "sample_1" : 11.90,
 		"sample_2" : -8.19, "sample_3" : 5.68,
 		"sample_4" : 0, "node_id" : 12},

	"12:478" : {"timestamp" : 1346182825, "air_time" : 0,
 		"sequence" : 478, "fails" : 3,
 		"retries" : 2, "sample_1" : 10.45,
 		"sample_2" : -6.42, "sample_3" : 3.93,
 		"sample_4" : 0, "node_id" : 12},

	"12:479" : {"timestamp" : 1346182826, "air_time" : 5,
 		"sequence" : 479, "fails" : 1,
 		"retries" : 0, "sample_1" : 9.70,
 		"sample_2" : -5.42, "sample_3" : 0.91,
 		"sample_4" : 0, "node_id" : 12},

	"12:480" : {"timestamp" : 1346182827, "air_time" : 3,
 		"sequence" : 480, "fails" : 0,
 		"retries" : 2, "sample_1" : 10.36,
 		"sample_2" : -4.25, "sample_3" : 0.07,
 		"sample_4" : 0, "node_id" : 12},

	"12:481" : {"timestamp" : 1346182828, "air_time" : 0,
 		"sequence" : 481, "fails" : 0,
 		"retries" : 2, "sample_1" : 9.26,
 		"sample_2" : -1.13, "sample_3" : -1.24,
 		"sample_4" : 0, "node_id" : 12},

	"12:482" : {"timestamp" : 1346182829, "air_time" : 3,
 		"sequence" : 482, "fails" : 2,
 		"retries" : 0, "sample_1" : 7.53,
 		"sample_2" : -1.13, "sample_3" : -3.37,
 		"sample_4" : 0, "node_id" : 12},

	"12:483" : {"timestamp" : 1346182830, "air_time" : 5,
 		"sequence" : 483, "fails" : 0,
 		"retries" : 2, "sample_1" : 5.10,
 		"sample_2" : 0.92, "sample_3" : -4.07,
 		"sample_4" : 0, "node_id" : 12},

	"12:484" : {"timestamp" : 1346182831, "air_time" : 8,
 		"sequence" : 484, "fails" : 1,
 		"retries" : 2, "sample_1" : 4.22,
 		"sample_2" : 3.94, "sample_3" : -6.58,
 		"sample_4" : 0, "node_id" : 12},

	"12:485" : {"timestamp" : 1346182832, "air_time" : 0,
 		"sequence" : 485, "fails" : 0,
 		"retries" : 1, "sample_1" : 2.04,
 		"sample_2" : 5.70, "sample_3" : -8.08,
 		"sample_4" : 0, "node_id" : 12},

	"12:486" : {"timestamp" : 1346182833, "air_time" : 8,
 		"sequence" : 486, "fails" : 0,
 		"retries" : 0, "sample_1" : 0.90,
 		"sample_2" : 6.04, "sample_3" : -8.23,
 		"sample_4" : 0, "node_id" : 12},

	"12:487" : {"timestamp" : 1346182834, "air_time" : 0,
 		"sequence" : 487, "fails" : 2,
 		"retries" : 1, "sample_1" : 0.16,
 		"sample_2" : 8.41, "sample_3" : -7.80,
 		"sample_4" : 0, "node_id" : 12},

	"12:488" : {"timestamp" : 1346182835, "air_time" : 4,
 		"sequence" : 488, "fails" : 2,
 		"retries" : 2, "sample_1" : -2.82,
 		"sample_2" : 8.48, "sample_3" : -9.57,
 		"sample_4" : 0, "node_id" : 12},

	"12:489" : {"timestamp" : 1346182836, "air_time" : 9,
 		"sequence" : 489, "fails" : 2,
 		"retries" : 0, "sample_1" : -3.10,
 		"sample_2" : 10.41, "sample_3" : -8.65,
 		"sample_4" : 0, "node_id" : 12},

	"12:490" : {"timestamp" : 1346182837, "air_time" : 0,
 		"sequence" : 490, "fails" : 3,
 		"retries" : 0, "sample_1" : -5.53,
 		"sample_2" : 11.16, "sample_3" : -9.62,
 		"sample_4" : 0, "node_id" : 12},

	"12:491" : {"timestamp" : 1346182838, "air_time" : 2,
 		"sequence" : 491, "fails" : 3,
 		"retries" : 2, "sample_1" : -6.46,
 		"sample_2" : 10.62, "sample_3" : -8.29,
 		"sample_4" : 0, "node_id" : 12},

	"12:492" : {"timestamp" : 1346182839, "air_time" : 4,
 		"sequence" : 492, "fails" : 1,
 		"retries" : 0, "sample_1" : -8.56,
 		"sample_2" : 10.39, "sample_3" : -7.50,
 		"sample_4" : 0, "node_id" : 12},

	"12:493" : {"timestamp" : 1346182840, "air_time" : 9,
 		"sequence" : 493, "fails" : 3,
 		"retries" : 2, "sample_1" : -7.50,
 		"sample_2" : 10.35, "sample_3" : -6.06,
 		"sample_4" : 0, "node_id" : 12},

	"12:494" : {"timestamp" : 1346182841, "air_time" : 3,
 		"sequence" : 494, "fails" : 2,
 		"retries" : 0, "sample_1" : -8.55,
 		"sample_2" : 10.01, "sample_3" : -3.90,
 		"sample_4" : 0, "node_id" : 12},

	"12:495" : {"timestamp" : 1346182842, "air_time" : 8,
 		"sequence" : 495, "fails" : 2,
 		"retries" : 1, "sample_1" : -9.00,
 		"sample_2" : 8.39, "sample_3" : -2.58,
 		"sample_4" : 0, "node_id" : 12},

	"12:496" : {"timestamp" : 1346182843, "air_time" : 6,
 		"sequence" : 496, "fails" : 3,
 		"retries" : 2, "sample_1" : -8.65,
 		"sample_2" : 7.62, "sample_3" : -2.13,
 		"sample_4" : 0, "node_id" : 12},

	"12:497" : {"timestamp" : 1346182844, "air_time" : 3,
 		"sequence" : 497, "fails" : 3,
 		"retries" : 1, "sample_1" : -8.00,
 		"sample_2" : 6.62, "sample_3" : -0.51,
 		"sample_4" : 0, "node_id" : 12},

	"12:498" : {"timestamp" : 1346182845, "air_time" : 7,
 		"sequence" : 498, "fails" : 0,
 		"retries" : 2, "sample_1" : -7.56,
 		"sample_2" : 5.55, "sample_3" : 2.43,
 		"sample_4" : 0, "node_id" : 12},

	"12:499" : {"timestamp" : 1346182846, "air_time" : 2,
 		"sequence" : 499, "fails" : 2,
 		"retries" : 0, "sample_1" : -6.16,
 		"sample_2" : 3.43, "sample_3" : 3.04,
 		"sample_4" : 0, "node_id" : 12},

	"12:500" : {"timestamp" : 1346182847, "air_time" : 2,
 		"sequence" : 500, "fails" : 3,
 		"retries" : 2, "sample_1" : -5.83,
 		"sample_2" : 2.53, "sample_3" : 5.97,
 		"sample_4" : 0, "node_id" : 12},

	"12:501" : {"timestamp" : 1346182848, "air_time" : 4,
 		"sequence" : 501, "fails" : 0,
 		"retries" : 2, "sample_1" : -3.20,
 		"sample_2" : -0.02, "sample_3" : 7.67,
 		"sample_4" : 0, "node_id" : 12},

	"12:502" : {"timestamp" : 1346182849, "air_time" : 8,
 		"sequence" : 502, "fails" : 0,
 		"retries" : 1, "sample_1" : -2.92,
 		"sample_2" : -0.34, "sample_3" : 8.48,
 		"sample_4" : 0, "node_id" : 12},

	"12:503" : {"timestamp" : 1346182850, "air_time" : 8,
 		"sequence" : 503, "fails" : 3,
 		"retries" : 2, "sample_1" : -1.44,
 		"sample_2" : -2.80, "sample_3" : 8.38,
 		"sample_4" : 0, "node_id" : 12},

	"12:504" : {"timestamp" : 1346182851, "air_time" : 2,
 		"sequence" : 504, "fails" : 1,
 		"retries" : 0, "sample_1" : 0.50,
 		"sample_2" : -4.44, "sample_3" : 9.93,
 		"sample_4" : 0, "node_id" : 12},

	"12:505" : {"timestamp" : 1346182852, "air_time" : 9,
 		"sequence" : 505, "fails" : 0,
 		"retries" : 0, "sample_1" : 2.94,
 		"sample_2" : -5.21, "sample_3" : 10.70,
 		"sample_4" : 0, "node_id" : 12},

	"12:506" : {"timestamp" : 1346182853, "air_time" : 4,
 		"sequence" : 506, "fails" : 2,
 		"retries" : 1, "sample_1" : 4.32,
 		"sample_2" : -6.68, "sample_3" : 11.17,
 		"sample_4" : 0, "node_id" : 12},

	"12:507" : {"timestamp" : 1346182854, "air_time" : 4,
 		"sequence" : 507, "fails" : 0,
 		"retries" : 1, "sample_1" : 5.70,
 		"sample_2" : -7.01, "sample_3" : 10.95,
 		"sample_4" : 0, "node_id" : 12},

	"12:508" : {"timestamp" : 1346182855, "air_time" : 4,
 		"sequence" : 508, "fails" : 1,
 		"retries" : 0, "sample_1" : 6.73,
 		"sample_2" : -8.16, "sample_3" : 11.42,
 		"sample_4" : 0, "node_id" : 12},

	"12:509" : {"timestamp" : 1346182856, "air_time" : 9,
 		"sequence" : 509, "fails" : 0,
 		"retries" : 1, "sample_1" : 8.46,
 		"sample_2" : -8.52, "sample_3" : 9.99,
 		"sample_4" : 0, "node_id" : 12},

	"12:510" : {"timestamp" : 1346182857, "air_time" : 0,
 		"sequence" : 510, "fails" : 1,
 		"retries" : 0, "sample_1" : 9.56,
 		"sample_2" : -8.19, "sample_3" : 8.50,
 		"sample_4" : 0, "node_id" : 12},

	"12:511" : {"timestamp" : 1346182858, "air_time" : 3,
 		"sequence" : 511, "fails" : 2,
 		"retries" : 1, "sample_1" : 10.60,
 		"sample_2" : -9.15, "sample_3" : 7.36,
 		"sample_4" : 0, "node_id" : 12},

	"12:512" : {"timestamp" : 1346182859, "air_time" : 6,
 		"sequence" : 512, "fails" : 2,
 		"retries" : 2, "sample_1" : 10.15,
 		"sample_2" : -8.61, "sample_3" : 6.10,
 		"sample_4" : 0, "node_id" : 12},

	"12:513" : {"timestamp" : 1346182860, "air_time" : 5,
 		"sequence" : 513, "fails" : 3,
 		"retries" : 1, "sample_1" : 11.10,
 		"sample_2" : -6.59, "sample_3" : 4.88,
 		"sample_4" : 0, "node_id" : 12},

	"12:514" : {"timestamp" : 1346182861, "air_time" : 2,
 		"sequence" : 514, "fails" : 0,
 		"retries" : 0, "sample_1" : 10.05,
 		"sample_2" : -7.32, "sample_3" : 2.73,
 		"sample_4" : 0, "node_id" : 12},

	"12:515" : {"timestamp" : 1346182862, "air_time" : 1,
 		"sequence" : 515, "fails" : 3,
 		"retries" : 1, "sample_1" : 10.50,
 		"sample_2" : -5.62, "sample_3" : 1.01,
 		"sample_4" : 0, "node_id" : 12},

	"12:516" : {"timestamp" : 1346182863, "air_time" : 7,
 		"sequence" : 516, "fails" : 2,
 		"retries" : 0, "sample_1" : 9.56,
 		"sample_2" : -4.15, "sample_3" : 0.37,
 		"sample_4" : 0, "node_id" : 12},

	"12:517" : {"timestamp" : 1346182864, "air_time" : 3,
 		"sequence" : 517, "fails" : 1,
 		"retries" : 1, "sample_1" : 9.16,
 		"sample_2" : -2.03, "sample_3" : -1.84,
 		"sample_4" : 0, "node_id" : 12},

	"12:518" : {"timestamp" : 1346182865, "air_time" : 2,
 		"sequence" : 518, "fails" : 2,
 		"retries" : 1, "sample_1" : 8.33,
 		"sample_2" : -0.13, "sample_3" : -3.17,
 		"sample_4" : 0, "node_id" : 12},

	"12:519" : {"timestamp" : 1346182866, "air_time" : 9,
 		"sequence" : 519, "fails" : 3,
 		"retries" : 0, "sample_1" : 5.70,
 		"sample_2" : 2.42, "sample_3" : -3.97,
 		"sample_4" : 0, "node_id" : 12},

	"12:520" : {"timestamp" : 1346182867, "air_time" : 0,
 		"sequence" : 520, "fails" : 0,
 		"retries" : 0, "sample_1" : 5.12,
 		"sample_2" : 3.94, "sample_3" : -6.68,
 		"sample_4" : 0, "node_id" : 12},

	"12:521" : {"timestamp" : 1346182868, "air_time" : 5,
 		"sequence" : 521, "fails" : 0,
 		"retries" : 2, "sample_1" : 3.34,
 		"sample_2" : 5.40, "sample_3" : -7.28,
 		"sample_4" : 0, "node_id" : 12},

	"12:522" : {"timestamp" : 1346182869, "air_time" : 3,
 		"sequence" : 522, "fails" : 1,
 		"retries" : 2, "sample_1" : 0.70,
 		"sample_2" : 6.14, "sample_3" : -7.33,
 		"sample_4" : 0, "node_id" : 12},

	"12:523" : {"timestamp" : 1346182870, "air_time" : 6,
 		"sequence" : 523, "fails" : 0,
 		"retries" : 0, "sample_1" : -1.54,
 		"sample_2" : 8.61, "sample_3" : -8.60,
 		"sample_4" : 0, "node_id" : 12},

	"12:524" : {"timestamp" : 1346182871, "air_time" : 5,
 		"sequence" : 524, "fails" : 3,
 		"retries" : 1, "sample_1" : -2.42,
 		"sample_2" : 8.08, "sample_3" : -9.97,
 		"sample_4" : 0, "node_id" : 12},

	"12:525" : {"timestamp" : 1346182872, "air_time" : 9,
 		"sequence" : 525, "fails" : 3,
 		"retries" : 2, "sample_1" : -3.80,
 		"sample_2" : 10.01, "sample_3" : -8.25,
 		"sample_4" : 0, "node_id" : 12},

	"12:526" : {"timestamp" : 1346182873, "air_time" : 1,
 		"sequence" : 526, "fails" : 3,
 		"retries" : 2, "sample_1" : -4.93,
 		"sample_2" : 9.56, "sample_3" : -9.62,
 		"sample_4" : 0, "node_id" : 12},

	"12:527" : {"timestamp" : 1346182874, "air_time" : 5,
 		"sequence" : 527, "fails" : 1,
 		"retries" : 1, "sample_1" : -7.26,
 		"sample_2" : 11.52, "sample_3" : -8.89,
 		"sample_4" : 0, "node_id" : 12},

	"12:528" : {"timestamp" : 1346182875, "air_time" : 2,
 		"sequence" : 528, "fails" : 2,
 		"retries" : 1, "sample_1" : -8.16,
 		"sample_2" : 11.69, "sample_3" : -7.30,
 		"sample_4" : 0, "node_id" : 12},

	"12:529" : {"timestamp" : 1346182876, "air_time" : 0,
 		"sequence" : 529, "fails" : 1,
 		"retries" : 0, "sample_1" : -7.80,
 		"sample_2" : 10.85, "sample_3" : -6.96,
 		"sample_4" : 0, "node_id" : 12},

	"12:530" : {"timestamp" : 1346182877, "air_time" : 0,
 		"sequence" : 530, "fails" : 2,
 		"retries" : 1, "sample_1" : -8.05,
 		"sample_2" : 10.31, "sample_3" : -4.40,
 		"sample_4" : 0, "node_id" : 12},

	"12:531" : {"timestamp" : 1346182878, "air_time" : 1,
 		"sequence" : 531, "fails" : 3,
 		"retries" : 1, "sample_1" : -9.40,
 		"sample_2" : 8.39, "sample_3" : -2.18,
 		"sample_4" : 0, "node_id" : 12},

	"12:532" : {"timestamp" : 1346182879, "air_time" : 0,
 		"sequence" : 532, "fails" : 2,
 		"retries" : 1, "sample_1" : -8.05,
 		"sample_2" : 8.42, "sample_3" : -2.03,
 		"sample_4" : 0, "node_id" : 12},

	"12:533" : {"timestamp" : 1346182880, "air_time" : 7,
 		"sequence" : 533, "fails" : 0,
 		"retries" : 2, "sample_1" : -8.60,
 		"sample_2" : 7.82, "sample_3" : -0.11,
 		"sample_4" : 0, "node_id" : 12},

	"12:534" : {"timestamp" : 1346182881, "air_time" : 8,
 		"sequence" : 534, "fails" : 2,
 		"retries" : 2, "sample_1" : -7.36,
 		"sample_2" : 4.95, "sample_3" : 1.93,
 		"sample_4" : 0, "node_id" : 12},

	"12:535" : {"timestamp" : 1346182882, "air_time" : 6,
 		"sequence" : 535, "fails" : 1,
 		"retries" : 1, "sample_1" : -7.36,
 		"sample_2" : 3.43, "sample_3" : 3.84,
 		"sample_4" : 0, "node_id" : 12},

	"12:536" : {"timestamp" : 1346182883, "air_time" : 4,
 		"sequence" : 536, "fails" : 0,
 		"retries" : 0, "sample_1" : -5.23,
 		"sample_2" : 1.73, "sample_3" : 4.77,
 		"sample_4" : 0, "node_id" : 12},

	"12:537" : {"timestamp" : 1346182884, "air_time" : 7,
 		"sequence" : 537, "fails" : 0,
 		"retries" : 1, "sample_1" : -3.20,
 		"sample_2" : 0.58, "sample_3" : 6.37,
 		"sample_4" : 0, "node_id" : 12},

	"12:538" : {"timestamp" : 1346182885, "air_time" : 0,
 		"sequence" : 538, "fails" : 0,
 		"retries" : 1, "sample_1" : -1.72,
 		"sample_2" : -0.84, "sample_3" : 7.78,
 		"sample_4" : 0, "node_id" : 12},

	"12:539" : {"timestamp" : 1346182886, "air_time" : 3,
 		"sequence" : 539, "fails" : 3,
 		"retries" : 0, "sample_1" : -1.34,
 		"sample_2" : -2.00, "sample_3" : 9.48,
 		"sample_4" : 0, "node_id" : 12},

	"12:540" : {"timestamp" : 1346182887, "air_time" : 2,
 		"sequence" : 540, "fails" : 0,
 		"retries" : 1, "sample_1" : 0.40,
 		"sample_2" : -5.44, "sample_3" : 9.63,
 		"sample_4" : 0, "node_id" : 12},

	"12:541" : {"timestamp" : 1346182888, "air_time" : 2,
 		"sequence" : 541, "fails" : 3,
 		"retries" : 2, "sample_1" : 2.64,
 		"sample_2" : -6.51, "sample_3" : 11.10,
 		"sample_4" : 0, "node_id" : 12},

	"12:542" : {"timestamp" : 1346182889, "air_time" : 4,
 		"sequence" : 542, "fails" : 3,
 		"retries" : 0, "sample_1" : 4.92,
 		"sample_2" : -6.38, "sample_3" : 10.27,
 		"sample_4" : 0, "node_id" : 12},

	"12:543" : {"timestamp" : 1346182890, "air_time" : 1,
 		"sequence" : 543, "fails" : 3,
 		"retries" : 1, "sample_1" : 6.90,
 		"sample_2" : -8.71, "sample_3" : 10.55,
 		"sample_4" : 0, "node_id" : 12},

	"12:544" : {"timestamp" : 1346182891, "air_time" : 8,
 		"sequence" : 544, "fails" : 2,
 		"retries" : 2, "sample_1" : 7.03,
 		"sample_2" : -8.86, "sample_3" : 10.02,
 		"sample_4" : 0, "node_id" : 12},

	"12:545" : {"timestamp" : 1346182892, "air_time" : 8,
 		"sequence" : 545, "fails" : 1,
 		"retries" : 0, "sample_1" : 9.46,
 		"sample_2" : -9.62, "sample_3" : 9.19,
 		"sample_4" : 0, "node_id" : 12},

	"12:546" : {"timestamp" : 1346182893, "air_time" : 6,
 		"sequence" : 546, "fails" : 0,
 		"retries" : 2, "sample_1" : 10.26,
 		"sample_2" : -8.59, "sample_3" : 8.80,
 		"sample_4" : 0, "node_id" : 12},

	"12:547" : {"timestamp" : 1346182894, "air_time" : 9,
 		"sequence" : 547, "fails" : 1,
 		"retries" : 1, "sample_1" : 10.40,
 		"sample_2" : -7.95, "sample_3" : 6.96,
 		"sample_4" : 0, "node_id" : 12},

	"12:548" : {"timestamp" : 1346182895, "air_time" : 3,
 		"sequence" : 548, "fails" : 3,
 		"retries" : 2, "sample_1" : 10.75,
 		"sample_2" : -7.41, "sample_3" : 6.90,
 		"sample_4" : 0, "node_id" : 12},

	"12:549" : {"timestamp" : 1346182896, "air_time" : 5,
 		"sequence" : 549, "fails" : 2,
 		"retries" : 2, "sample_1" : 11.70,
 		"sample_2" : -8.29, "sample_3" : 5.18,
 		"sample_4" : 0, "node_id" : 12},

	"12:550" : {"timestamp" : 1346182897, "air_time" : 6,
 		"sequence" : 550, "fails" : 2,
 		"retries" : 2, "sample_1" : 11.15,
 		"sample_2" : -7.32, "sample_3" : 3.73,
 		"sample_4" : 0, "node_id" : 12},

	"12:551" : {"timestamp" : 1346182898, "air_time" : 8,
 		"sequence" : 551, "fails" : 2,
 		"retries" : 0, "sample_1" : 11.30,
 		"sample_2" : -4.52, "sample_3" : 1.41,
 		"sample_4" : 0, "node_id" : 12},

	"12:552" : {"timestamp" : 1346182899, "air_time" : 1,
 		"sequence" : 552, "fails" : 0,
 		"retries" : 0, "sample_1" : 9.96,
 		"sample_2" : -3.45, "sample_3" : -0.23,
 		"sample_4" : 0, "node_id" : 12},

	"12:553" : {"timestamp" : 1346182900, "air_time" : 8,
 		"sequence" : 553, "fails" : 0,
 		"retries" : 0, "sample_1" : 8.36,
 		"sample_2" : -1.63, "sample_3" : -2.44,
 		"sample_4" : 0, "node_id" : 12},

	"12:554" : {"timestamp" : 1346182901, "air_time" : 3,
 		"sequence" : 554, "fails" : 2,
 		"retries" : 1, "sample_1" : 7.53,
 		"sample_2" : -1.03, "sample_3" : -3.47,
 		"sample_4" : 0, "node_id" : 12},

	"12:555" : {"timestamp" : 1346182902, "air_time" : 8,
 		"sequence" : 555, "fails" : 1,
 		"retries" : 1, "sample_1" : 6.80,
 		"sample_2" : 0.72, "sample_3" : -5.07,
 		"sample_4" : 0, "node_id" : 12},

	"12:556" : {"timestamp" : 1346182903, "air_time" : 8,
 		"sequence" : 556, "fails" : 3,
 		"retries" : 0, "sample_1" : 5.12,
 		"sample_2" : 2.64, "sample_3" : -7.08,
 		"sample_4" : 0, "node_id" : 12},

	"12:557" : {"timestamp" : 1346182904, "air_time" : 7,
 		"sequence" : 557, "fails" : 3,
 		"retries" : 0, "sample_1" : 3.34,
 		"sample_2" : 5.20, "sample_3" : -7.78,
 		"sample_4" : 0, "node_id" : 12},

	"12:558" : {"timestamp" : 1346182905, "air_time" : 0,
 		"sequence" : 558, "fails" : 2,
 		"retries" : 0, "sample_1" : 1.30,
 		"sample_2" : 5.94, "sample_3" : -7.93,
 		"sample_4" : 0, "node_id" : 12},

	"12:559" : {"timestamp" : 1346182906, "air_time" : 0,
 		"sequence" : 559, "fails" : 1,
 		"retries" : 0, "sample_1" : 0.06,
 		"sample_2" : 6.81, "sample_3" : -8.10,
 		"sample_4" : 0, "node_id" : 12},

	"12:560" : {"timestamp" : 1346182907, "air_time" : 2,
 		"sequence" : 560, "fails" : 2,
 		"retries" : 2, "sample_1" : -3.22,
 		"sample_2" : 9.88, "sample_3" : -9.57,
 		"sample_4" : 0, "node_id" : 12},

	"12:561" : {"timestamp" : 1346182908, "air_time" : 8,
 		"sequence" : 561, "fails" : 2,
 		"retries" : 0, "sample_1" : -4.70,
 		"sample_2" : 9.91, "sample_3" : -9.55,
 		"sample_4" : 0, "node_id" : 12},

	"12:562" : {"timestamp" : 1346182909, "air_time" : 8,
 		"sequence" : 562, "fails" : 3,
 		"retries" : 2, "sample_1" : -6.03,
 		"sample_2" : 10.66, "sample_3" : -8.82,
 		"sample_4" : 0, "node_id" : 12},

	"12:563" : {"timestamp" : 1346182910, "air_time" : 9,
 		"sequence" : 563, "fails" : 0,
 		"retries" : 1, "sample_1" : -7.16,
 		"sample_2" : 9.92, "sample_3" : -7.79,
 		"sample_4" : 0, "node_id" : 12},

	"12:564" : {"timestamp" : 1346182911, "air_time" : 3,
 		"sequence" : 564, "fails" : 3,
 		"retries" : 2, "sample_1" : -7.36,
 		"sample_2" : 11.09, "sample_3" : -7.60,
 		"sample_4" : 0, "node_id" : 12},

	"12:565" : {"timestamp" : 1346182912, "air_time" : 3,
 		"sequence" : 565, "fails" : 1,
 		"retries" : 2, "sample_1" : -8.90,
 		"sample_2" : 10.55, "sample_3" : -6.26,
 		"sample_4" : 0, "node_id" : 12},

	"12:566" : {"timestamp" : 1346182913, "air_time" : 1,
 		"sequence" : 566, "fails" : 1,
 		"retries" : 2, "sample_1" : -8.45,
 		"sample_2" : 10.61, "sample_3" : -4.30,
 		"sample_4" : 0, "node_id" : 12},

	"12:567" : {"timestamp" : 1346182914, "air_time" : 9,
 		"sequence" : 567, "fails" : 2,
 		"retries" : 0, "sample_1" : -8.20,
 		"sample_2" : 10.19, "sample_3" : -2.98,
 		"sample_4" : 0, "node_id" : 12},

	"12:568" : {"timestamp" : 1346182915, "air_time" : 2,
 		"sequence" : 568, "fails" : 2,
 		"retries" : 0, "sample_1" : -9.15,
 		"sample_2" : 8.32, "sample_3" : -0.53,
 		"sample_4" : 0, "node_id" : 12},

	"12:569" : {"timestamp" : 1346182916, "air_time" : 7,
 		"sequence" : 569, "fails" : 2,
 		"retries" : 1, "sample_1" : -9.20,
 		"sample_2" : 6.32, "sample_3" : -0.41,
 		"sample_4" : 0, "node_id" : 12},

	"12:570" : {"timestamp" : 1346182917, "air_time" : 9,
 		"sequence" : 570, "fails" : 2,
 		"retries" : 0, "sample_1" : -6.86,
 		"sample_2" : 6.35, "sample_3" : 1.13,
 		"sample_4" : 0, "node_id" : 12},

	"12:571" : {"timestamp" : 1346182918, "air_time" : 4,
 		"sequence" : 571, "fails" : 1,
 		"retries" : 2, "sample_1" : -6.96,
 		"sample_2" : 3.23, "sample_3" : 3.44,
 		"sample_4" : 0, "node_id" : 12},

	"12:572" : {"timestamp" : 1346182919, "air_time" : 2,
 		"sequence" : 572, "fails" : 3,
 		"retries" : 2, "sample_1" : -5.03,
 		"sample_2" : 2.13, "sample_3" : 4.97,
 		"sample_4" : 0, "node_id" : 12},

	"12:573" : {"timestamp" : 1346182920, "air_time" : 4,
 		"sequence" : 573, "fails" : 2,
 		"retries" : 1, "sample_1" : -4.70,
 		"sample_2" : 0.18, "sample_3" : 7.37,
 		"sample_4" : 0, "node_id" : 12},

	"12:574" : {"timestamp" : 1346182921, "air_time" : 5,
 		"sequence" : 574, "fails" : 1,
 		"retries" : 1, "sample_1" : -2.42,
 		"sample_2" : -1.54, "sample_3" : 8.28,
 		"sample_4" : 0, "node_id" : 12},

	"12:575" : {"timestamp" : 1346182922, "air_time" : 0,
 		"sequence" : 575, "fails" : 0,
 		"retries" : 2, "sample_1" : -0.04,
 		"sample_2" : -2.90, "sample_3" : 9.98,
 		"sample_4" : 0, "node_id" : 12},

	"12:576" : {"timestamp" : 1346182923, "air_time" : 5,
 		"sequence" : 576, "fails" : 2,
 		"retries" : 1, "sample_1" : 1.20,
 		"sample_2" : -4.14, "sample_3" : 9.63,
 		"sample_4" : 0, "node_id" : 12},

	"12:577" : {"timestamp" : 1346182924, "air_time" : 2,
 		"sequence" : 577, "fails" : 1,
 		"retries" : 1, "sample_1" : 3.04,
 		"sample_2" : -5.31, "sample_3" : 10.30,
 		"sample_4" : 0, "node_id" : 12},

	"12:578" : {"timestamp" : 1346182925, "air_time" : 9,
 		"sequence" : 578, "fails" : 0,
 		"retries" : 0, "sample_1" : 4.82,
 		"sample_2" : -7.48, "sample_3" : 10.57,
 		"sample_4" : 0, "node_id" : 12},

	"12:579" : {"timestamp" : 1346182926, "air_time" : 5,
 		"sequence" : 579, "fails" : 0,
 		"retries" : 1, "sample_1" : 5.70,
 		"sample_2" : -8.01, "sample_3" : 10.45,
 		"sample_4" : 0, "node_id" : 12},

	"12:580" : {"timestamp" : 1346182927, "air_time" : 1,
 		"sequence" : 580, "fails" : 3,
 		"retries" : 0, "sample_1" : 7.23,
 		"sample_2" : -8.86, "sample_3" : 10.42,
 		"sample_4" : 0, "node_id" : 12},

	"12:581" : {"timestamp" : 1346182928, "air_time" : 6,
 		"sequence" : 581, "fails" : 0,
 		"retries" : 1, "sample_1" : 9.16,
 		"sample_2" : -9.52, "sample_3" : 9.79,
 		"sample_4" : 0, "node_id" : 12},

	"12:582" : {"timestamp" : 1346182929, "air_time" : 2,
 		"sequence" : 582, "fails" : 3,
 		"retries" : 1, "sample_1" : 8.66,
 		"sample_2" : -8.49, "sample_3" : 8.90,
 		"sample_4" : 0, "node_id" : 12},

	"12:583" : {"timestamp" : 1346182930, "air_time" : 1,
 		"sequence" : 583, "fails" : 1,
 		"retries" : 1, "sample_1" : 9.50,
 		"sample_2" : -8.25, "sample_3" : 7.46,
 		"sample_4" : 0, "node_id" : 12},

	"12:584" : {"timestamp" : 1346182931, "air_time" : 8,
 		"sequence" : 584, "fails" : 2,
 		"retries" : 2, "sample_1" : 11.65,
 		"sample_2" : -9.21, "sample_3" : 5.70,
 		"sample_4" : 0, "node_id" : 12},

	"12:585" : {"timestamp" : 1346182932, "air_time" : 0,
 		"sequence" : 585, "fails" : 0,
 		"retries" : 2, "sample_1" : 10.60,
 		"sample_2" : -7.49, "sample_3" : 5.48,
 		"sample_4" : 0, "node_id" : 12},

	"12:586" : {"timestamp" : 1346182933, "air_time" : 5,
 		"sequence" : 586, "fails" : 1,
 		"retries" : 1, "sample_1" : 11.35,
 		"sample_2" : -5.82, "sample_3" : 4.03,
 		"sample_4" : 0, "node_id" : 12},

	"12:587" : {"timestamp" : 1346182934, "air_time" : 2,
 		"sequence" : 587, "fails" : 2,
 		"retries" : 1, "sample_1" : 10.90,
 		"sample_2" : -5.22, "sample_3" : 2.11,
 		"sample_4" : 0, "node_id" : 12},

	"12:588" : {"timestamp" : 1346182935, "air_time" : 3,
 		"sequence" : 588, "fails" : 0,
 		"retries" : 0, "sample_1" : 10.26,
 		"sample_2" : -4.15, "sample_3" : 0.87,
 		"sample_4" : 0, "node_id" : 12},

	"12:589" : {"timestamp" : 1346182936, "air_time" : 4,
 		"sequence" : 589, "fails" : 1,
 		"retries" : 0, "sample_1" : 7.96,
 		"sample_2" : -2.13, "sample_3" : -2.24,
 		"sample_4" : 0, "node_id" : 12},

	"12:590" : {"timestamp" : 1346182937, "air_time" : 0,
 		"sequence" : 590, "fails" : 2,
 		"retries" : 0, "sample_1" : 6.63,
 		"sample_2" : -0.53, "sample_3" : -2.87,
 		"sample_4" : 0, "node_id" : 12},

	"12:591" : {"timestamp" : 1346182938, "air_time" : 4,
 		"sequence" : 591, "fails" : 2,
 		"retries" : 1, "sample_1" : 5.20,
 		"sample_2" : 0.92, "sample_3" : -4.17,
 		"sample_4" : 0, "node_id" : 12},

	"12:592" : {"timestamp" : 1346182939, "air_time" : 9,
 		"sequence" : 592, "fails" : 0,
 		"retries" : 1, "sample_1" : 4.32,
 		"sample_2" : 3.94, "sample_3" : -6.38,
 		"sample_4" : 0, "node_id" : 12},

	"12:593" : {"timestamp" : 1346182940, "air_time" : 5,
 		"sequence" : 593, "fails" : 1,
 		"retries" : 0, "sample_1" : 2.54,
 		"sample_2" : 4.10, "sample_3" : -7.68,
 		"sample_4" : 0, "node_id" : 12},

	"12:594" : {"timestamp" : 1346182941, "air_time" : 9,
 		"sequence" : 594, "fails" : 2,
 		"retries" : 0, "sample_1" : 1.10,
 		"sample_2" : 6.64, "sample_3" : -8.13,
 		"sample_4" : 0, "node_id" : 12},

	"12:595" : {"timestamp" : 1346182942, "air_time" : 1,
 		"sequence" : 595, "fails" : 2,
 		"retries" : 1, "sample_1" : -0.54,
 		"sample_2" : 7.91, "sample_3" : -9.20,
 		"sample_4" : 0, "node_id" : 12},

	"12:596" : {"timestamp" : 1346182943, "air_time" : 2,
 		"sequence" : 596, "fails" : 0,
 		"retries" : 2, "sample_1" : -3.12,
 		"sample_2" : 8.48, "sample_3" : -9.97,
 		"sample_4" : 0, "node_id" : 12},

	"12:597" : {"timestamp" : 1346182944, "air_time" : 5,
 		"sequence" : 597, "fails" : 1,
 		"retries" : 2, "sample_1" : -4.30,
 		"sample_2" : 10.41, "sample_3" : -8.75,
 		"sample_4" : 0, "node_id" : 12},

	"12:598" : {"timestamp" : 1346182945, "air_time" : 1,
 		"sequence" : 598, "fails" : 2,
 		"retries" : 0, "sample_1" : -4.93,
 		"sample_2" : 10.36, "sample_3" : -9.02,
 		"sample_4" : 0, "node_id" : 12},

	"12:599" : {"timestamp" : 1346182946, "air_time" : 3,
 		"sequence" : 599, "fails" : 0,
 		"retries" : 1, "sample_1" : -6.76,
 		"sample_2" : 10.32, "sample_3" : -7.19,
 		"sample_4" : 0, "node_id" : 12},

	"12:600" : {"timestamp" : 1346182947, "air_time" : 5,
 		"sequence" : 600, "fails" : 1,
 		"retries" : 1, "sample_1" : -6.86,
 		"sample_2" : 11.59, "sample_3" : -6.60,
 		"sample_4" : 0, "node_id" : 12},

	"13:1" : {"timestamp" : 1346182348, "air_time" : 0,
 		"sequence" : 1, "fails" : 3,
 		"retries" : 2, "sample_1" : 2.24,
 		"sample_2" : -6.11, "sample_3" : 10.50,
 		"sample_4" : 0, "node_id" : 13},

	"13:2" : {"timestamp" : 1346182349, "air_time" : 3,
 		"sequence" : 2, "fails" : 2,
 		"retries" : 2, "sample_1" : 3.82,
 		"sample_2" : -7.78, "sample_3" : 10.27,
 		"sample_4" : 0, "node_id" : 13},

	"13:3" : {"timestamp" : 1346182350, "air_time" : 8,
 		"sequence" : 3, "fails" : 2,
 		"retries" : 1, "sample_1" : 6.10,
 		"sample_2" : -7.01, "sample_3" : 10.25,
 		"sample_4" : 0, "node_id" : 13},

	"13:4" : {"timestamp" : 1346182351, "air_time" : 5,
 		"sequence" : 4, "fails" : 0,
 		"retries" : 0, "sample_1" : 7.43,
 		"sample_2" : -8.06, "sample_3" : 10.22,
 		"sample_4" : 0, "node_id" : 13},

	"13:5" : {"timestamp" : 1346182352, "air_time" : 9,
 		"sequence" : 5, "fails" : 3,
 		"retries" : 2, "sample_1" : 8.86,
 		"sample_2" : -9.82, "sample_3" : 10.29,
 		"sample_4" : 0, "node_id" : 13},

	"13:6" : {"timestamp" : 1346182353, "air_time" : 4,
 		"sequence" : 6, "fails" : 3,
 		"retries" : 0, "sample_1" : 9.66,
 		"sample_2" : -8.69, "sample_3" : 8.80,
 		"sample_4" : 0, "node_id" : 13},

	"13:7" : {"timestamp" : 1346182354, "air_time" : 8,
 		"sequence" : 7, "fails" : 3,
 		"retries" : 0, "sample_1" : 10.50,
 		"sample_2" : -9.15, "sample_3" : 7.26,
 		"sample_4" : 0, "node_id" : 13},

	"13:8" : {"timestamp" : 1346182355, "air_time" : 2,
 		"sequence" : 8, "fails" : 0,
 		"retries" : 2, "sample_1" : 11.35,
 		"sample_2" : -9.11, "sample_3" : 5.70,
 		"sample_4" : 0, "node_id" : 13},

	"13:9" : {"timestamp" : 1346182356, "air_time" : 2,
 		"sequence" : 9, "fails" : 1,
 		"retries" : 1, "sample_1" : 11.10,
 		"sample_2" : -7.09, "sample_3" : 4.98,
 		"sample_4" : 0, "node_id" : 13},

	"13:10" : {"timestamp" : 1346182357, "air_time" : 0,
 		"sequence" : 10, "fails" : 0,
 		"retries" : 1, "sample_1" : 10.35,
 		"sample_2" : -6.32, "sample_3" : 3.83,
 		"sample_4" : 0, "node_id" : 13},

	"13:11" : {"timestamp" : 1346182358, "air_time" : 7,
 		"sequence" : 11, "fails" : 2,
 		"retries" : 0, "sample_1" : 9.90,
 		"sample_2" : -5.32, "sample_3" : 1.21,
 		"sample_4" : 0, "node_id" : 13},

	"13:12" : {"timestamp" : 1346182359, "air_time" : 6,
 		"sequence" : 12, "fails" : 1,
 		"retries" : 0, "sample_1" : 9.26,
 		"sample_2" : -4.15, "sample_3" : 0.57,
 		"sample_4" : 0, "node_id" : 13},

	"13:13" : {"timestamp" : 1346182360, "air_time" : 8,
 		"sequence" : 13, "fails" : 2,
 		"retries" : 0, "sample_1" : 7.86,
 		"sample_2" : -2.53, "sample_3" : -2.24,
 		"sample_4" : 0, "node_id" : 13},

	"13:14" : {"timestamp" : 1346182361, "air_time" : 7,
 		"sequence" : 14, "fails" : 1,
 		"retries" : 1, "sample_1" : 7.23,
 		"sample_2" : -0.23, "sample_3" : -2.67,
 		"sample_4" : 0, "node_id" : 13},

	"13:15" : {"timestamp" : 1346182362, "air_time" : 2,
 		"sequence" : 15, "fails" : 1,
 		"retries" : 0, "sample_1" : 6.40,
 		"sample_2" : 1.02, "sample_3" : -5.77,
 		"sample_4" : 0, "node_id" : 13},

	"13:16" : {"timestamp" : 1346182363, "air_time" : 6,
 		"sequence" : 16, "fails" : 3,
 		"retries" : 0, "sample_1" : 4.72,
 		"sample_2" : 3.24, "sample_3" : -6.78,
 		"sample_4" : 0, "node_id" : 13},

	"13:17" : {"timestamp" : 1346182364, "air_time" : 2,
 		"sequence" : 17, "fails" : 2,
 		"retries" : 2, "sample_1" : 2.04,
 		"sample_2" : 4.50, "sample_3" : -6.68,
 		"sample_4" : 0, "node_id" : 13},

	"13:18" : {"timestamp" : 1346182365, "air_time" : 2,
 		"sequence" : 18, "fails" : 1,
 		"retries" : 2, "sample_1" : 0.00,
 		"sample_2" : 5.64, "sample_3" : -8.23,
 		"sample_4" : 0, "node_id" : 13},

	"13:19" : {"timestamp" : 1346182366, "air_time" : 9,
 		"sequence" : 19, "fails" : 2,
 		"retries" : 0, "sample_1" : 0.06,
 		"sample_2" : 7.91, "sample_3" : -8.20,
 		"sample_4" : 0, "node_id" : 13},

	"13:20" : {"timestamp" : 1346182367, "air_time" : 5,
 		"sequence" : 20, "fails" : 1,
 		"retries" : 2, "sample_1" : -3.42,
 		"sample_2" : 9.38, "sample_3" : -9.57,
 		"sample_4" : 0, "node_id" : 13},

	"13:21" : {"timestamp" : 1346182368, "air_time" : 2,
 		"sequence" : 21, "fails" : 1,
 		"retries" : 0, "sample_1" : -3.80,
 		"sample_2" : 9.41, "sample_3" : -8.35,
 		"sample_4" : 0, "node_id" : 13},

	"13:22" : {"timestamp" : 1346182369, "air_time" : 3,
 		"sequence" : 22, "fails" : 1,
 		"retries" : 0, "sample_1" : -5.13,
 		"sample_2" : 10.66, "sample_3" : -8.02,
 		"sample_4" : 0, "node_id" : 13},

	"13:23" : {"timestamp" : 1346182370, "air_time" : 4,
 		"sequence" : 23, "fails" : 1,
 		"retries" : 0, "sample_1" : -7.56,
 		"sample_2" : 10.32, "sample_3" : -8.99,
 		"sample_4" : 0, "node_id" : 13},

	"13:24" : {"timestamp" : 1346182371, "air_time" : 4,
 		"sequence" : 24, "fails" : 3,
 		"retries" : 1, "sample_1" : -8.66,
 		"sample_2" : 10.59, "sample_3" : -6.90,
 		"sample_4" : 0, "node_id" : 13},

	"13:25" : {"timestamp" : 1346182372, "air_time" : 5,
 		"sequence" : 25, "fails" : 3,
 		"retries" : 0, "sample_1" : -9.30,
 		"sample_2" : 11.55, "sample_3" : -5.46,
 		"sample_4" : 0, "node_id" : 13},

	"13:26" : {"timestamp" : 1346182373, "air_time" : 7,
 		"sequence" : 26, "fails" : 1,
 		"retries" : 2, "sample_1" : -8.65,
 		"sample_2" : 10.81, "sample_3" : -4.00,
 		"sample_4" : 0, "node_id" : 13},

	"13:27" : {"timestamp" : 1346182374, "air_time" : 8,
 		"sequence" : 27, "fails" : 1,
 		"retries" : 0, "sample_1" : -9.90,
 		"sample_2" : 9.39, "sample_3" : -3.88,
 		"sample_4" : 0, "node_id" : 13},

	"13:28" : {"timestamp" : 1346182375, "air_time" : 1,
 		"sequence" : 28, "fails" : 2,
 		"retries" : 0, "sample_1" : -8.85,
 		"sample_2" : 7.52, "sample_3" : -2.43,
 		"sample_4" : 0, "node_id" : 13},

	"13:29" : {"timestamp" : 1346182376, "air_time" : 8,
 		"sequence" : 29, "fails" : 3,
 		"retries" : 2, "sample_1" : -7.80,
 		"sample_2" : 6.02, "sample_3" : -0.61,
 		"sample_4" : 0, "node_id" : 13},

	"13:30" : {"timestamp" : 1346182377, "air_time" : 8,
 		"sequence" : 30, "fails" : 0,
 		"retries" : 0, "sample_1" : -7.96,
 		"sample_2" : 4.65, "sample_3" : 1.33,
 		"sample_4" : 0, "node_id" : 13},

	"13:31" : {"timestamp" : 1346182378, "air_time" : 0,
 		"sequence" : 31, "fails" : 3,
 		"retries" : 1, "sample_1" : -7.06,
 		"sample_2" : 4.33, "sample_3" : 3.74,
 		"sample_4" : 0, "node_id" : 13},

	"13:32" : {"timestamp" : 1346182379, "air_time" : 2,
 		"sequence" : 32, "fails" : 1,
 		"retries" : 2, "sample_1" : -5.03,
 		"sample_2" : 2.83, "sample_3" : 6.27,
 		"sample_4" : 0, "node_id" : 13},

	"13:33" : {"timestamp" : 1346182380, "air_time" : 6,
 		"sequence" : 33, "fails" : 3,
 		"retries" : 1, "sample_1" : -3.80,
 		"sample_2" : 0.68, "sample_3" : 7.57,
 		"sample_4" : 0, "node_id" : 13},

	"13:34" : {"timestamp" : 1346182381, "air_time" : 2,
 		"sequence" : 34, "fails" : 2,
 		"retries" : 2, "sample_1" : -2.92,
 		"sample_2" : -2.04, "sample_3" : 7.98,
 		"sample_4" : 0, "node_id" : 13},

	"13:35" : {"timestamp" : 1346182382, "air_time" : 0,
 		"sequence" : 35, "fails" : 2,
 		"retries" : 2, "sample_1" : -0.24,
 		"sample_2" : -3.10, "sample_3" : 8.78,
 		"sample_4" : 0, "node_id" : 13},

	"13:36" : {"timestamp" : 1346182383, "air_time" : 7,
 		"sequence" : 36, "fails" : 2,
 		"retries" : 2, "sample_1" : 0.20,
 		"sample_2" : -4.34, "sample_3" : 10.03,
 		"sample_4" : 0, "node_id" : 13},

	"13:37" : {"timestamp" : 1346182384, "air_time" : 5,
 		"sequence" : 37, "fails" : 3,
 		"retries" : 1, "sample_1" : 1.84,
 		"sample_2" : -6.71, "sample_3" : 10.70,
 		"sample_4" : 0, "node_id" : 13},

	"13:38" : {"timestamp" : 1346182385, "air_time" : 8,
 		"sequence" : 38, "fails" : 2,
 		"retries" : 1, "sample_1" : 5.12,
 		"sample_2" : -6.58, "sample_3" : 11.07,
 		"sample_4" : 0, "node_id" : 13},

	"13:39" : {"timestamp" : 1346182386, "air_time" : 2,
 		"sequence" : 39, "fails" : 3,
 		"retries" : 2, "sample_1" : 6.50,
 		"sample_2" : -8.01, "sample_3" : 10.15,
 		"sample_4" : 0, "node_id" : 13},

	"13:40" : {"timestamp" : 1346182387, "air_time" : 7,
 		"sequence" : 40, "fails" : 1,
 		"retries" : 2, "sample_1" : 7.93,
 		"sample_2" : -8.16, "sample_3" : 10.62,
 		"sample_4" : 0, "node_id" : 13},

	"13:41" : {"timestamp" : 1346182388, "air_time" : 9,
 		"sequence" : 41, "fails" : 1,
 		"retries" : 0, "sample_1" : 8.56,
 		"sample_2" : -8.82, "sample_3" : 10.69,
 		"sample_4" : 0, "node_id" : 13},

	"13:42" : {"timestamp" : 1346182389, "air_time" : 7,
 		"sequence" : 42, "fails" : 3,
 		"retries" : 2, "sample_1" : 9.46,
 		"sample_2" : -9.99, "sample_3" : 9.40,
 		"sample_4" : 0, "node_id" : 13},

	"13:43" : {"timestamp" : 1346182390, "air_time" : 6,
 		"sequence" : 43, "fails" : 3,
 		"retries" : 1, "sample_1" : 9.80,
 		"sample_2" : -8.75, "sample_3" : 7.46,
 		"sample_4" : 0, "node_id" : 13},

	"13:44" : {"timestamp" : 1346182391, "air_time" : 2,
 		"sequence" : 44, "fails" : 2,
 		"retries" : 1, "sample_1" : 10.85,
 		"sample_2" : -9.01, "sample_3" : 6.00,
 		"sample_4" : 0, "node_id" : 13},

	"13:45" : {"timestamp" : 1346182392, "air_time" : 8,
 		"sequence" : 45, "fails" : 3,
 		"retries" : 0, "sample_1" : 11.30,
 		"sample_2" : -7.69, "sample_3" : 5.48,
 		"sample_4" : 0, "node_id" : 13},

	"13:46" : {"timestamp" : 1346182393, "air_time" : 8,
 		"sequence" : 46, "fails" : 3,
 		"retries" : 0, "sample_1" : 10.85,
 		"sample_2" : -5.82, "sample_3" : 4.03,
 		"sample_4" : 0, "node_id" : 13},

	"13:47" : {"timestamp" : 1346182394, "air_time" : 3,
 		"sequence" : 47, "fails" : 1,
 		"retries" : 2, "sample_1" : 9.50,
 		"sample_2" : -4.42, "sample_3" : 2.21,
 		"sample_4" : 0, "node_id" : 13},

	"13:48" : {"timestamp" : 1346182395, "air_time" : 8,
 		"sequence" : 48, "fails" : 3,
 		"retries" : 1, "sample_1" : 10.56,
 		"sample_2" : -2.85, "sample_3" : -0.73,
 		"sample_4" : 0, "node_id" : 13},

	"13:49" : {"timestamp" : 1346182396, "air_time" : 3,
 		"sequence" : 49, "fails" : 1,
 		"retries" : 0, "sample_1" : 7.96,
 		"sample_2" : -1.63, "sample_3" : -2.74,
 		"sample_4" : 0, "node_id" : 13},

	"13:50" : {"timestamp" : 1346182397, "air_time" : 3,
 		"sequence" : 50, "fails" : 2,
 		"retries" : 2, "sample_1" : 7.63,
 		"sample_2" : -0.33, "sample_3" : -3.87,
 		"sample_4" : 0, "node_id" : 13},

	"13:51" : {"timestamp" : 1346182398, "air_time" : 2,
 		"sequence" : 51, "fails" : 1,
 		"retries" : 1, "sample_1" : 5.30,
 		"sample_2" : 0.72, "sample_3" : -4.97,
 		"sample_4" : 0, "node_id" : 13},

	"13:52" : {"timestamp" : 1346182399, "air_time" : 0,
 		"sequence" : 52, "fails" : 0,
 		"retries" : 1, "sample_1" : 5.32,
 		"sample_2" : 3.24, "sample_3" : -5.58,
 		"sample_4" : 0, "node_id" : 13},

	"13:53" : {"timestamp" : 1346182400, "air_time" : 9,
 		"sequence" : 53, "fails" : 1,
 		"retries" : 1, "sample_1" : 1.74,
 		"sample_2" : 4.60, "sample_3" : -7.88,
 		"sample_4" : 0, "node_id" : 13},

	"13:54" : {"timestamp" : 1346182401, "air_time" : 5,
 		"sequence" : 54, "fails" : 1,
 		"retries" : 0, "sample_1" : 1.50,
 		"sample_2" : 5.54, "sample_3" : -9.13,
 		"sample_4" : 0, "node_id" : 13},

	"13:55" : {"timestamp" : 1346182402, "air_time" : 3,
 		"sequence" : 55, "fails" : 3,
 		"retries" : 0, "sample_1" : -0.84,
 		"sample_2" : 6.81, "sample_3" : -9.40,
 		"sample_4" : 0, "node_id" : 13},

	"13:56" : {"timestamp" : 1346182403, "air_time" : 3,
 		"sequence" : 56, "fails" : 2,
 		"retries" : 0, "sample_1" : -2.82,
 		"sample_2" : 9.58, "sample_3" : -9.27,
 		"sample_4" : 0, "node_id" : 13},

	"13:57" : {"timestamp" : 1346182404, "air_time" : 8,
 		"sequence" : 57, "fails" : 3,
 		"retries" : 1, "sample_1" : -3.40,
 		"sample_2" : 10.21, "sample_3" : -8.05,
 		"sample_4" : 0, "node_id" : 13},

	"13:58" : {"timestamp" : 1346182405, "air_time" : 3,
 		"sequence" : 58, "fails" : 0,
 		"retries" : 1, "sample_1" : -5.33,
 		"sample_2" : 11.06, "sample_3" : -8.52,
 		"sample_4" : 0, "node_id" : 13},

	"13:59" : {"timestamp" : 1346182406, "air_time" : 6,
 		"sequence" : 59, "fails" : 3,
 		"retries" : 0, "sample_1" : -7.16,
 		"sample_2" : 11.32, "sample_3" : -7.69,
 		"sample_4" : 0, "node_id" : 13},

	"13:60" : {"timestamp" : 1346182407, "air_time" : 9,
 		"sequence" : 60, "fails" : 1,
 		"retries" : 0, "sample_1" : -8.56,
 		"sample_2" : 10.69, "sample_3" : -7.70,
 		"sample_4" : 0, "node_id" : 13},

	"13:61" : {"timestamp" : 1346182408, "air_time" : 6,
 		"sequence" : 61, "fails" : 0,
 		"retries" : 0, "sample_1" : -8.80,
 		"sample_2" : 10.95, "sample_3" : -5.56,
 		"sample_4" : 0, "node_id" : 13},

	"13:62" : {"timestamp" : 1346182409, "air_time" : 2,
 		"sequence" : 62, "fails" : 3,
 		"retries" : 0, "sample_1" : -8.25,
 		"sample_2" : 10.31, "sample_3" : -5.30,
 		"sample_4" : 0, "node_id" : 13},

	"13:63" : {"timestamp" : 1346182410, "air_time" : 7,
 		"sequence" : 63, "fails" : 0,
 		"retries" : 0, "sample_1" : -9.30,
 		"sample_2" : 8.59, "sample_3" : -3.18,
 		"sample_4" : 0, "node_id" : 13},

	"13:64" : {"timestamp" : 1346182411, "air_time" : 1,
 		"sequence" : 64, "fails" : 0,
 		"retries" : 1, "sample_1" : -8.65,
 		"sample_2" : 8.02, "sample_3" : -0.93,
 		"sample_4" : 0, "node_id" : 13},

	"13:65" : {"timestamp" : 1346182412, "air_time" : 7,
 		"sequence" : 65, "fails" : 2,
 		"retries" : 0, "sample_1" : -9.20,
 		"sample_2" : 7.72, "sample_3" : 1.19,
 		"sample_4" : 0, "node_id" : 13},

	"13:66" : {"timestamp" : 1346182413, "air_time" : 2,
 		"sequence" : 66, "fails" : 0,
 		"retries" : 2, "sample_1" : -6.96,
 		"sample_2" : 5.45, "sample_3" : 2.93,
 		"sample_4" : 0, "node_id" : 13},

	"13:67" : {"timestamp" : 1346182414, "air_time" : 4,
 		"sequence" : 67, "fails" : 1,
 		"retries" : 0, "sample_1" : -5.96,
 		"sample_2" : 4.13, "sample_3" : 2.74,
 		"sample_4" : 0, "node_id" : 13},

	"13:68" : {"timestamp" : 1346182415, "air_time" : 7,
 		"sequence" : 68, "fails" : 3,
 		"retries" : 2, "sample_1" : -5.03,
 		"sample_2" : 2.63, "sample_3" : 4.47,
 		"sample_4" : 0, "node_id" : 13},

	"13:69" : {"timestamp" : 1346182416, "air_time" : 5,
 		"sequence" : 69, "fails" : 1,
 		"retries" : 1, "sample_1" : -4.60,
 		"sample_2" : 0.88, "sample_3" : 6.27,
 		"sample_4" : 0, "node_id" : 13},

	"13:70" : {"timestamp" : 1346182417, "air_time" : 5,
 		"sequence" : 70, "fails" : 3,
 		"retries" : 0, "sample_1" : -1.52,
 		"sample_2" : -2.24, "sample_3" : 8.88,
 		"sample_4" : 0, "node_id" : 13},

	"13:71" : {"timestamp" : 1346182418, "air_time" : 3,
 		"sequence" : 71, "fails" : 2,
 		"retries" : 2, "sample_1" : -0.34,
 		"sample_2" : -2.50, "sample_3" : 8.38,
 		"sample_4" : 0, "node_id" : 13},

	"13:72" : {"timestamp" : 1346182419, "air_time" : 0,
 		"sequence" : 72, "fails" : 1,
 		"retries" : 1, "sample_1" : 1.50,
 		"sample_2" : -4.34, "sample_3" : 9.53,
 		"sample_4" : 0, "node_id" : 13},

	"13:73" : {"timestamp" : 1346182420, "air_time" : 6,
 		"sequence" : 73, "fails" : 2,
 		"retries" : 2, "sample_1" : 3.64,
 		"sample_2" : -6.41, "sample_3" : 11.20,
 		"sample_4" : 0, "node_id" : 13},

	"13:74" : {"timestamp" : 1346182421, "air_time" : 2,
 		"sequence" : 74, "fails" : 0,
 		"retries" : 0, "sample_1" : 4.82,
 		"sample_2" : -7.18, "sample_3" : 10.57,
 		"sample_4" : 0, "node_id" : 13},

	"13:75" : {"timestamp" : 1346182422, "air_time" : 8,
 		"sequence" : 75, "fails" : 3,
 		"retries" : 1, "sample_1" : 6.60,
 		"sample_2" : -8.51, "sample_3" : 10.85,
 		"sample_4" : 0, "node_id" : 13},

	"13:76" : {"timestamp" : 1346182423, "air_time" : 2,
 		"sequence" : 76, "fails" : 0,
 		"retries" : 1, "sample_1" : 7.73,
 		"sample_2" : -8.06, "sample_3" : 10.62,
 		"sample_4" : 0, "node_id" : 13},

	"13:77" : {"timestamp" : 1346182424, "air_time" : 1,
 		"sequence" : 77, "fails" : 3,
 		"retries" : 2, "sample_1" : 8.96,
 		"sample_2" : -9.82, "sample_3" : 10.49,
 		"sample_4" : 0, "node_id" : 13},

	"13:78" : {"timestamp" : 1346182425, "air_time" : 7,
 		"sequence" : 78, "fails" : 2,
 		"retries" : 0, "sample_1" : 9.66,
 		"sample_2" : -9.29, "sample_3" : 9.80,
 		"sample_4" : 0, "node_id" : 13},

	"13:79" : {"timestamp" : 1346182426, "air_time" : 7,
 		"sequence" : 79, "fails" : 1,
 		"retries" : 0, "sample_1" : 9.50,
 		"sample_2" : -8.55, "sample_3" : 8.36,
 		"sample_4" : 0, "node_id" : 13},

	"13:80" : {"timestamp" : 1346182427, "air_time" : 3,
 		"sequence" : 80, "fails" : 1,
 		"retries" : 0, "sample_1" : 11.05,
 		"sample_2" : -8.51, "sample_3" : 7.40,
 		"sample_4" : 0, "node_id" : 13},

	"13:81" : {"timestamp" : 1346182428, "air_time" : 5,
 		"sequence" : 81, "fails" : 1,
 		"retries" : 1, "sample_1" : 11.90,
 		"sample_2" : -7.69, "sample_3" : 4.68,
 		"sample_4" : 0, "node_id" : 13},

	"13:82" : {"timestamp" : 1346182429, "air_time" : 6,
 		"sequence" : 82, "fails" : 2,
 		"retries" : 1, "sample_1" : 11.45,
 		"sample_2" : -6.02, "sample_3" : 4.13,
 		"sample_4" : 0, "node_id" : 13},

	"13:83" : {"timestamp" : 1346182430, "air_time" : 1,
 		"sequence" : 83, "fails" : 1,
 		"retries" : 2, "sample_1" : 11.30,
 		"sample_2" : -5.52, "sample_3" : 1.31,
 		"sample_4" : 0, "node_id" : 13},

	"13:84" : {"timestamp" : 1346182431, "air_time" : 0,
 		"sequence" : 84, "fails" : 0,
 		"retries" : 1, "sample_1" : 9.96,
 		"sample_2" : -4.25, "sample_3" : 0.57,
 		"sample_4" : 0, "node_id" : 13},

	"13:85" : {"timestamp" : 1346182432, "air_time" : 3,
 		"sequence" : 85, "fails" : 2,
 		"retries" : 1, "sample_1" : 9.36,
 		"sample_2" : -1.03, "sample_3" : -1.84,
 		"sample_4" : 0, "node_id" : 13},

	"13:86" : {"timestamp" : 1346182433, "air_time" : 8,
 		"sequence" : 86, "fails" : 0,
 		"retries" : 0, "sample_1" : 7.03,
 		"sample_2" : 0.57, "sample_3" : -2.97,
 		"sample_4" : 0, "node_id" : 13},

	"13:87" : {"timestamp" : 1346182434, "air_time" : 4,
 		"sequence" : 87, "fails" : 3,
 		"retries" : 1, "sample_1" : 5.20,
 		"sample_2" : 2.42, "sample_3" : -5.67,
 		"sample_4" : 0, "node_id" : 13},

	"13:88" : {"timestamp" : 1346182435, "air_time" : 9,
 		"sequence" : 88, "fails" : 2,
 		"retries" : 2, "sample_1" : 4.42,
 		"sample_2" : 2.94, "sample_3" : -5.38,
 		"sample_4" : 0, "node_id" : 13},

	"13:89" : {"timestamp" : 1346182436, "air_time" : 1,
 		"sequence" : 89, "fails" : 0,
 		"retries" : 0, "sample_1" : 3.14,
 		"sample_2" : 4.40, "sample_3" : -8.28,
 		"sample_4" : 0, "node_id" : 13},

	"13:90" : {"timestamp" : 1346182437, "air_time" : 1,
 		"sequence" : 90, "fails" : 2,
 		"retries" : 1, "sample_1" : 0.50,
 		"sample_2" : 7.24, "sample_3" : -8.73,
 		"sample_4" : 0, "node_id" : 13},

	"13:91" : {"timestamp" : 1346182438, "air_time" : 3,
 		"sequence" : 91, "fails" : 3,
 		"retries" : 1, "sample_1" : -0.44,
 		"sample_2" : 8.41, "sample_3" : -8.50,
 		"sample_4" : 0, "node_id" : 13},

	"13:92" : {"timestamp" : 1346182439, "air_time" : 8,
 		"sequence" : 92, "fails" : 2,
 		"retries" : 0, "sample_1" : -3.42,
 		"sample_2" : 9.28, "sample_3" : -9.67,
 		"sample_4" : 0, "node_id" : 13},

	"13:93" : {"timestamp" : 1346182440, "air_time" : 4,
 		"sequence" : 93, "fails" : 3,
 		"retries" : 0, "sample_1" : -3.60,
 		"sample_2" : 10.81, "sample_3" : -9.15,
 		"sample_4" : 0, "node_id" : 13},

	"13:94" : {"timestamp" : 1346182441, "air_time" : 4,
 		"sequence" : 94, "fails" : 1,
 		"retries" : 2, "sample_1" : -6.13,
 		"sample_2" : 10.66, "sample_3" : -8.72,
 		"sample_4" : 0, "node_id" : 13},

	"13:95" : {"timestamp" : 1346182442, "air_time" : 3,
 		"sequence" : 95, "fails" : 0,
 		"retries" : 2, "sample_1" : -6.46,
 		"sample_2" : 11.32, "sample_3" : -7.69,
 		"sample_4" : 0, "node_id" : 13},

	"13:96" : {"timestamp" : 1346182443, "air_time" : 8,
 		"sequence" : 96, "fails" : 0,
 		"retries" : 1, "sample_1" : -7.06,
 		"sample_2" : 10.89, "sample_3" : -6.60,
 		"sample_4" : 0, "node_id" : 13},

	"13:97" : {"timestamp" : 1346182444, "air_time" : 3,
 		"sequence" : 97, "fails" : 3,
 		"retries" : 0, "sample_1" : -7.80,
 		"sample_2" : 11.45, "sample_3" : -5.26,
 		"sample_4" : 0, "node_id" : 13},

	"13:98" : {"timestamp" : 1346182445, "air_time" : 0,
 		"sequence" : 98, "fails" : 3,
 		"retries" : 1, "sample_1" : -8.85,
 		"sample_2" : 9.51, "sample_3" : -4.90,
 		"sample_4" : 0, "node_id" : 13},

	"13:99" : {"timestamp" : 1346182446, "air_time" : 9,
 		"sequence" : 99, "fails" : 1,
 		"retries" : 0, "sample_1" : -8.30,
 		"sample_2" : 8.49, "sample_3" : -3.38,
 		"sample_4" : 0, "node_id" : 13},

	"13:100" : {"timestamp" : 1346182447, "air_time" : 0,
 		"sequence" : 100, "fails" : 0,
 		"retries" : 0, "sample_1" : -8.65,
 		"sample_2" : 7.52, "sample_3" : -1.53,
 		"sample_4" : 0, "node_id" : 13},

	"13:101" : {"timestamp" : 1346182448, "air_time" : 9,
 		"sequence" : 101, "fails" : 2,
 		"retries" : 1, "sample_1" : -9.20,
 		"sample_2" : 7.72, "sample_3" : 0.99,
 		"sample_4" : 0, "node_id" : 13},

	"13:102" : {"timestamp" : 1346182449, "air_time" : 6,
 		"sequence" : 102, "fails" : 3,
 		"retries" : 0, "sample_1" : -7.86,
 		"sample_2" : 6.45, "sample_3" : 2.13,
 		"sample_4" : 0, "node_id" : 13},

	"13:103" : {"timestamp" : 1346182450, "air_time" : 5,
 		"sequence" : 103, "fails" : 0,
 		"retries" : 0, "sample_1" : -6.56,
 		"sample_2" : 4.33, "sample_3" : 4.64,
 		"sample_4" : 0, "node_id" : 13},

	"13:104" : {"timestamp" : 1346182451, "air_time" : 3,
 		"sequence" : 104, "fails" : 1,
 		"retries" : 1, "sample_1" : -4.63,
 		"sample_2" : 1.83, "sample_3" : 4.77,
 		"sample_4" : 0, "node_id" : 13},

	"13:105" : {"timestamp" : 1346182452, "air_time" : 8,
 		"sequence" : 105, "fails" : 3,
 		"retries" : 0, "sample_1" : -3.70,
 		"sample_2" : -0.12, "sample_3" : 5.87,
 		"sample_4" : 0, "node_id" : 13},

	"13:106" : {"timestamp" : 1346182453, "air_time" : 9,
 		"sequence" : 106, "fails" : 2,
 		"retries" : 1, "sample_1" : -2.32,
 		"sample_2" : -1.94, "sample_3" : 7.58,
 		"sample_4" : 0, "node_id" : 13},

	"13:107" : {"timestamp" : 1346182454, "air_time" : 3,
 		"sequence" : 107, "fails" : 2,
 		"retries" : 2, "sample_1" : 0.06,
 		"sample_2" : -3.20, "sample_3" : 8.48,
 		"sample_4" : 0, "node_id" : 13},

	"13:108" : {"timestamp" : 1346182455, "air_time" : 6,
 		"sequence" : 108, "fails" : 2,
 		"retries" : 1, "sample_1" : 0.80,
 		"sample_2" : -4.74, "sample_3" : 10.33,
 		"sample_4" : 0, "node_id" : 13},

	"13:109" : {"timestamp" : 1346182456, "air_time" : 6,
 		"sequence" : 109, "fails" : 3,
 		"retries" : 0, "sample_1" : 3.34,
 		"sample_2" : -6.41, "sample_3" : 11.10,
 		"sample_4" : 0, "node_id" : 13},

	"13:110" : {"timestamp" : 1346182457, "air_time" : 1,
 		"sequence" : 110, "fails" : 3,
 		"retries" : 0, "sample_1" : 4.92,
 		"sample_2" : -7.88, "sample_3" : 11.17,
 		"sample_4" : 0, "node_id" : 13},

	"13:111" : {"timestamp" : 1346182458, "air_time" : 4,
 		"sequence" : 111, "fails" : 0,
 		"retries" : 0, "sample_1" : 5.20,
 		"sample_2" : -8.71, "sample_3" : 11.45,
 		"sample_4" : 0, "node_id" : 13},

	"13:112" : {"timestamp" : 1346182459, "air_time" : 3,
 		"sequence" : 112, "fails" : 1,
 		"retries" : 1, "sample_1" : 7.23,
 		"sample_2" : -7.66, "sample_3" : 10.62,
 		"sample_4" : 0, "node_id" : 13},

	"13:113" : {"timestamp" : 1346182460, "air_time" : 8,
 		"sequence" : 113, "fails" : 0,
 		"retries" : 2, "sample_1" : 9.56,
 		"sample_2" : -8.22, "sample_3" : 10.59,
 		"sample_4" : 0, "node_id" : 13},

	"13:114" : {"timestamp" : 1346182461, "air_time" : 4,
 		"sequence" : 114, "fails" : 1,
 		"retries" : 1, "sample_1" : 9.26,
 		"sample_2" : -8.29, "sample_3" : 9.60,
 		"sample_4" : 0, "node_id" : 13},

	"13:115" : {"timestamp" : 1346182462, "air_time" : 1,
 		"sequence" : 115, "fails" : 3,
 		"retries" : 0, "sample_1" : 10.60,
 		"sample_2" : -9.35, "sample_3" : 7.06,
 		"sample_4" : 0, "node_id" : 13},

	"13:116" : {"timestamp" : 1346182463, "air_time" : 1,
 		"sequence" : 116, "fails" : 2,
 		"retries" : 1, "sample_1" : 10.75,
 		"sample_2" : -8.11, "sample_3" : 5.80,
 		"sample_4" : 0, "node_id" : 13},

	"13:117" : {"timestamp" : 1346182464, "air_time" : 1,
 		"sequence" : 117, "fails" : 3,
 		"retries" : 0, "sample_1" : 10.30,
 		"sample_2" : -7.49, "sample_3" : 4.28,
 		"sample_4" : 0, "node_id" : 13},

	"13:118" : {"timestamp" : 1346182465, "air_time" : 3,
 		"sequence" : 118, "fails" : 3,
 		"retries" : 2, "sample_1" : 11.45,
 		"sample_2" : -6.52, "sample_3" : 3.73,
 		"sample_4" : 0, "node_id" : 13},

	"13:119" : {"timestamp" : 1346182466, "air_time" : 7,
 		"sequence" : 119, "fails" : 3,
 		"retries" : 1, "sample_1" : 10.30,
 		"sample_2" : -4.52, "sample_3" : 1.61,
 		"sample_4" : 0, "node_id" : 13},

	"13:120" : {"timestamp" : 1346182467, "air_time" : 5,
 		"sequence" : 120, "fails" : 3,
 		"retries" : 1, "sample_1" : 9.16,
 		"sample_2" : -3.65, "sample_3" : -0.23,
 		"sample_4" : 0, "node_id" : 13},

	"13:121" : {"timestamp" : 1346182468, "air_time" : 1,
 		"sequence" : 121, "fails" : 0,
 		"retries" : 0, "sample_1" : 7.86,
 		"sample_2" : -1.13, "sample_3" : -1.74,
 		"sample_4" : 0, "node_id" : 13},

	"13:122" : {"timestamp" : 1346182469, "air_time" : 9,
 		"sequence" : 122, "fails" : 3,
 		"retries" : 1, "sample_1" : 6.43,
 		"sample_2" : -0.43, "sample_3" : -2.47,
 		"sample_4" : 0, "node_id" : 13},

	"13:123" : {"timestamp" : 1346182470, "air_time" : 5,
 		"sequence" : 123, "fails" : 1,
 		"retries" : 2, "sample_1" : 6.70,
 		"sample_2" : 2.22, "sample_3" : -5.47,
 		"sample_4" : 0, "node_id" : 13},

	"13:124" : {"timestamp" : 1346182471, "air_time" : 6,
 		"sequence" : 124, "fails" : 0,
 		"retries" : 0, "sample_1" : 3.62,
 		"sample_2" : 2.34, "sample_3" : -5.98,
 		"sample_4" : 0, "node_id" : 13},

	"13:125" : {"timestamp" : 1346182472, "air_time" : 8,
 		"sequence" : 125, "fails" : 1,
 		"retries" : 0, "sample_1" : 3.04,
 		"sample_2" : 5.10, "sample_3" : -6.78,
 		"sample_4" : 0, "node_id" : 13},

	"13:126" : {"timestamp" : 1346182473, "air_time" : 5,
 		"sequence" : 126, "fails" : 0,
 		"retries" : 2, "sample_1" : 0.20,
 		"sample_2" : 7.04, "sample_3" : -7.83,
 		"sample_4" : 0, "node_id" : 13},

	"13:127" : {"timestamp" : 1346182474, "air_time" : 8,
 		"sequence" : 127, "fails" : 3,
 		"retries" : 0, "sample_1" : -1.44,
 		"sample_2" : 7.41, "sample_3" : -8.00,
 		"sample_4" : 0, "node_id" : 13},

	"13:128" : {"timestamp" : 1346182475, "air_time" : 2,
 		"sequence" : 128, "fails" : 2,
 		"retries" : 2, "sample_1" : -2.52,
 		"sample_2" : 8.98, "sample_3" : -9.37,
 		"sample_4" : 0, "node_id" : 13},

	"13:129" : {"timestamp" : 1346182476, "air_time" : 3,
 		"sequence" : 129, "fails" : 3,
 		"retries" : 1, "sample_1" : -4.10,
 		"sample_2" : 10.31, "sample_3" : -8.85,
 		"sample_4" : 0, "node_id" : 13},

	"13:130" : {"timestamp" : 1346182477, "air_time" : 0,
 		"sequence" : 130, "fails" : 1,
 		"retries" : 0, "sample_1" : -5.63,
 		"sample_2" : 11.46, "sample_3" : -7.92,
 		"sample_4" : 0, "node_id" : 13},

	"13:131" : {"timestamp" : 1346182478, "air_time" : 0,
 		"sequence" : 131, "fails" : 1,
 		"retries" : 2, "sample_1" : -5.86,
 		"sample_2" : 10.72, "sample_3" : -7.19,
 		"sample_4" : 0, "node_id" : 13},

	"13:132" : {"timestamp" : 1346182479, "air_time" : 3,
 		"sequence" : 132, "fails" : 1,
 		"retries" : 2, "sample_1" : -8.66,
 		"sample_2" : 10.59, "sample_3" : -6.90,
 		"sample_4" : 0, "node_id" : 13},

	"13:133" : {"timestamp" : 1346182480, "air_time" : 7,
 		"sequence" : 133, "fails" : 0,
 		"retries" : 1, "sample_1" : -8.90,
 		"sample_2" : 11.25, "sample_3" : -6.06,
 		"sample_4" : 0, "node_id" : 13},

	"13:134" : {"timestamp" : 1346182481, "air_time" : 8,
 		"sequence" : 134, "fails" : 0,
 		"retries" : 2, "sample_1" : -9.55,
 		"sample_2" : 10.91, "sample_3" : -4.70,
 		"sample_4" : 0, "node_id" : 13},

	"13:135" : {"timestamp" : 1346182482, "air_time" : 0,
 		"sequence" : 135, "fails" : 0,
 		"retries" : 2, "sample_1" : -8.40,
 		"sample_2" : 8.99, "sample_3" : -3.48,
 		"sample_4" : 0, "node_id" : 13},

	"13:136" : {"timestamp" : 1346182483, "air_time" : 9,
 		"sequence" : 136, "fails" : 3,
 		"retries" : 2, "sample_1" : -8.55,
 		"sample_2" : 9.02, "sample_3" : -1.93,
 		"sample_4" : 0, "node_id" : 13},

	"13:137" : {"timestamp" : 1346182484, "air_time" : 1,
 		"sequence" : 137, "fails" : 3,
 		"retries" : 1, "sample_1" : -9.10,
 		"sample_2" : 6.52, "sample_3" : 0.29,
 		"sample_4" : 0, "node_id" : 13},

	"13:138" : {"timestamp" : 1346182485, "air_time" : 1,
 		"sequence" : 138, "fails" : 3,
 		"retries" : 1, "sample_1" : -7.46,
 		"sample_2" : 5.75, "sample_3" : 2.33,
 		"sample_4" : 0, "node_id" : 13},

	"13:139" : {"timestamp" : 1346182486, "air_time" : 9,
 		"sequence" : 139, "fails" : 2,
 		"retries" : 0, "sample_1" : -7.26,
 		"sample_2" : 4.63, "sample_3" : 3.74,
 		"sample_4" : 0, "node_id" : 13},

	"13:140" : {"timestamp" : 1346182487, "air_time" : 5,
 		"sequence" : 140, "fails" : 2,
 		"retries" : 1, "sample_1" : -5.83,
 		"sample_2" : 2.23, "sample_3" : 4.97,
 		"sample_4" : 0, "node_id" : 13},

	"13:141" : {"timestamp" : 1346182488, "air_time" : 8,
 		"sequence" : 141, "fails" : 0,
 		"retries" : 0, "sample_1" : -3.20,
 		"sample_2" : 0.88, "sample_3" : 6.87,
 		"sample_4" : 0, "node_id" : 13},

	"13:142" : {"timestamp" : 1346182489, "air_time" : 7,
 		"sequence" : 142, "fails" : 1,
 		"retries" : 2, "sample_1" : -3.32,
 		"sample_2" : -1.44, "sample_3" : 7.78,
 		"sample_4" : 0, "node_id" : 13},

	"13:143" : {"timestamp" : 1346182490, "air_time" : 5,
 		"sequence" : 143, "fails" : 2,
 		"retries" : 1, "sample_1" : -1.54,
 		"sample_2" : -2.30, "sample_3" : 8.78,
 		"sample_4" : 0, "node_id" : 13},

	"13:144" : {"timestamp" : 1346182491, "air_time" : 9,
 		"sequence" : 144, "fails" : 2,
 		"retries" : 2, "sample_1" : 0.90,
 		"sample_2" : -4.24, "sample_3" : 9.73,
 		"sample_4" : 0, "node_id" : 13},

	"13:145" : {"timestamp" : 1346182492, "air_time" : 7,
 		"sequence" : 145, "fails" : 0,
 		"retries" : 1, "sample_1" : 2.84,
 		"sample_2" : -6.41, "sample_3" : 11.10,
 		"sample_4" : 0, "node_id" : 13},

	"13:146" : {"timestamp" : 1346182493, "air_time" : 2,
 		"sequence" : 146, "fails" : 3,
 		"retries" : 0, "sample_1" : 5.12,
 		"sample_2" : -6.08, "sample_3" : 10.07,
 		"sample_4" : 0, "node_id" : 13},

	"13:147" : {"timestamp" : 1346182494, "air_time" : 9,
 		"sequence" : 147, "fails" : 3,
 		"retries" : 2, "sample_1" : 6.30,
 		"sample_2" : -8.51, "sample_3" : 11.25,
 		"sample_4" : 0, "node_id" : 13},

	"13:148" : {"timestamp" : 1346182495, "air_time" : 2,
 		"sequence" : 148, "fails" : 2,
 		"retries" : 1, "sample_1" : 8.03,
 		"sample_2" : -8.46, "sample_3" : 11.22,
 		"sample_4" : 0, "node_id" : 13},

	"13:149" : {"timestamp" : 1346182496, "air_time" : 8,
 		"sequence" : 149, "fails" : 2,
 		"retries" : 1, "sample_1" : 7.86,
 		"sample_2" : -8.52, "sample_3" : 10.49,
 		"sample_4" : 0, "node_id" : 13},

	"13:150" : {"timestamp" : 1346182497, "air_time" : 5,
 		"sequence" : 150, "fails" : 3,
 		"retries" : 2, "sample_1" : 10.16,
 		"sample_2" : -9.49, "sample_3" : 9.70,
 		"sample_4" : 0, "node_id" : 13},

	"13:151" : {"timestamp" : 1346182498, "air_time" : 9,
 		"sequence" : 151, "fails" : 2,
 		"retries" : 2, "sample_1" : 9.90,
 		"sample_2" : -8.75, "sample_3" : 7.56,
 		"sample_4" : 0, "node_id" : 13},

	"13:152" : {"timestamp" : 1346182499, "air_time" : 9,
 		"sequence" : 152, "fails" : 0,
 		"retries" : 0, "sample_1" : 11.05,
 		"sample_2" : -7.31, "sample_3" : 5.80,
 		"sample_4" : 0, "node_id" : 13},

	"13:153" : {"timestamp" : 1346182500, "air_time" : 6,
 		"sequence" : 153, "fails" : 2,
 		"retries" : 0, "sample_1" : 10.10,
 		"sample_2" : -7.69, "sample_3" : 5.28,
 		"sample_4" : 0, "node_id" : 13},

	"13:154" : {"timestamp" : 1346182501, "air_time" : 9,
 		"sequence" : 154, "fails" : 1,
 		"retries" : 2, "sample_1" : 11.55,
 		"sample_2" : -6.22, "sample_3" : 3.03,
 		"sample_4" : 0, "node_id" : 13},

	"13:155" : {"timestamp" : 1346182502, "air_time" : 4,
 		"sequence" : 155, "fails" : 1,
 		"retries" : 1, "sample_1" : 10.50,
 		"sample_2" : -4.72, "sample_3" : 2.11,
 		"sample_4" : 0, "node_id" : 13},

	"13:156" : {"timestamp" : 1346182503, "air_time" : 1,
 		"sequence" : 156, "fails" : 2,
 		"retries" : 0, "sample_1" : 10.26,
 		"sample_2" : -2.75, "sample_3" : -0.63,
 		"sample_4" : 0, "node_id" : 13},

	"13:157" : {"timestamp" : 1346182504, "air_time" : 7,
 		"sequence" : 157, "fails" : 0,
 		"retries" : 0, "sample_1" : 9.16,
 		"sample_2" : -1.83, "sample_3" : -2.14,
 		"sample_4" : 0, "node_id" : 13},

	"13:158" : {"timestamp" : 1346182505, "air_time" : 8,
 		"sequence" : 158, "fails" : 1,
 		"retries" : 2, "sample_1" : 7.53,
 		"sample_2" : -0.03, "sample_3" : -3.67,
 		"sample_4" : 0, "node_id" : 13},

	"13:159" : {"timestamp" : 1346182506, "air_time" : 3,
 		"sequence" : 159, "fails" : 2,
 		"retries" : 0, "sample_1" : 5.60,
 		"sample_2" : 2.22, "sample_3" : -5.47,
 		"sample_4" : 0, "node_id" : 13},

	"13:160" : {"timestamp" : 1346182507, "air_time" : 6,
 		"sequence" : 160, "fails" : 0,
 		"retries" : 2, "sample_1" : 4.02,
 		"sample_2" : 2.34, "sample_3" : -5.68,
 		"sample_4" : 0, "node_id" : 13},

	"13:161" : {"timestamp" : 1346182508, "air_time" : 2,
 		"sequence" : 161, "fails" : 1,
 		"retries" : 1, "sample_1" : 2.34,
 		"sample_2" : 4.90, "sample_3" : -6.58,
 		"sample_4" : 0, "node_id" : 13},

	"13:162" : {"timestamp" : 1346182509, "air_time" : 3,
 		"sequence" : 162, "fails" : 0,
 		"retries" : 2, "sample_1" : 1.70,
 		"sample_2" : 5.54, "sample_3" : -8.53,
 		"sample_4" : 0, "node_id" : 13},

	"13:163" : {"timestamp" : 1346182510, "air_time" : 0,
 		"sequence" : 163, "fails" : 2,
 		"retries" : 2, "sample_1" : -1.54,
 		"sample_2" : 8.71, "sample_3" : -9.50,
 		"sample_4" : 0, "node_id" : 13},

	"13:164" : {"timestamp" : 1346182511, "air_time" : 1,
 		"sequence" : 164, "fails" : 0,
 		"retries" : 1, "sample_1" : -2.12,
 		"sample_2" : 9.48, "sample_3" : -8.07,
 		"sample_4" : 0, "node_id" : 13},

	"13:165" : {"timestamp" : 1346182512, "air_time" : 5,
 		"sequence" : 165, "fails" : 1,
 		"retries" : 0, "sample_1" : -4.40,
 		"sample_2" : 9.71, "sample_3" : -9.45,
 		"sample_4" : 0, "node_id" : 13},

	"13:166" : {"timestamp" : 1346182513, "air_time" : 1,
 		"sequence" : 166, "fails" : 2,
 		"retries" : 0, "sample_1" : -4.53,
 		"sample_2" : 10.96, "sample_3" : -9.52,
 		"sample_4" : 0, "node_id" : 13},

	"13:167" : {"timestamp" : 1346182514, "air_time" : 1,
 		"sequence" : 167, "fails" : 1,
 		"retries" : 0, "sample_1" : -6.86,
 		"sample_2" : 10.02, "sample_3" : -7.69,
 		"sample_4" : 0, "node_id" : 13},

	"13:168" : {"timestamp" : 1346182515, "air_time" : 0,
 		"sequence" : 168, "fails" : 1,
 		"retries" : 0, "sample_1" : -6.86,
 		"sample_2" : 11.59, "sample_3" : -6.80,
 		"sample_4" : 0, "node_id" : 13},

	"13:169" : {"timestamp" : 1346182516, "air_time" : 8,
 		"sequence" : 169, "fails" : 0,
 		"retries" : 2, "sample_1" : -8.30,
 		"sample_2" : 9.95, "sample_3" : -5.56,
 		"sample_4" : 0, "node_id" : 13},

	"13:170" : {"timestamp" : 1346182517, "air_time" : 4,
 		"sequence" : 170, "fails" : 3,
 		"retries" : 1, "sample_1" : -7.95,
 		"sample_2" : 11.11, "sample_3" : -3.80,
 		"sample_4" : 0, "node_id" : 13},

	"13:171" : {"timestamp" : 1346182518, "air_time" : 3,
 		"sequence" : 171, "fails" : 1,
 		"retries" : 0, "sample_1" : -8.20,
 		"sample_2" : 9.29, "sample_3" : -3.08,
 		"sample_4" : 0, "node_id" : 13},

	"13:172" : {"timestamp" : 1346182519, "air_time" : 9,
 		"sequence" : 172, "fails" : 0,
 		"retries" : 2, "sample_1" : -9.25,
 		"sample_2" : 9.12, "sample_3" : -1.73,
 		"sample_4" : 0, "node_id" : 13},

	"13:173" : {"timestamp" : 1346182520, "air_time" : 3,
 		"sequence" : 173, "fails" : 2,
 		"retries" : 0, "sample_1" : -8.10,
 		"sample_2" : 7.52, "sample_3" : 0.89,
 		"sample_4" : 0, "node_id" : 13},

	"13:174" : {"timestamp" : 1346182521, "air_time" : 2,
 		"sequence" : 174, "fails" : 2,
 		"retries" : 2, "sample_1" : -6.96,
 		"sample_2" : 5.15, "sample_3" : 1.33,
 		"sample_4" : 0, "node_id" : 13},

	"13:175" : {"timestamp" : 1346182522, "air_time" : 7,
 		"sequence" : 175, "fails" : 2,
 		"retries" : 1, "sample_1" : -6.56,
 		"sample_2" : 4.03, "sample_3" : 3.14,
 		"sample_4" : 0, "node_id" : 13},

	"13:176" : {"timestamp" : 1346182523, "air_time" : 6,
 		"sequence" : 176, "fails" : 1,
 		"retries" : 2, "sample_1" : -6.03,
 		"sample_2" : 2.43, "sample_3" : 5.67,
 		"sample_4" : 0, "node_id" : 13},

	"13:177" : {"timestamp" : 1346182524, "air_time" : 8,
 		"sequence" : 177, "fails" : 2,
 		"retries" : 0, "sample_1" : -4.90,
 		"sample_2" : 0.08, "sample_3" : 6.77,
 		"sample_4" : 0, "node_id" : 13},

	"13:178" : {"timestamp" : 1346182525, "air_time" : 0,
 		"sequence" : 178, "fails" : 1,
 		"retries" : 2, "sample_1" : -1.92,
 		"sample_2" : -1.54, "sample_3" : 8.98,
 		"sample_4" : 0, "node_id" : 13},

	"13:179" : {"timestamp" : 1346182526, "air_time" : 6,
 		"sequence" : 179, "fails" : 1,
 		"retries" : 2, "sample_1" : -1.04,
 		"sample_2" : -3.10, "sample_3" : 8.98,
 		"sample_4" : 0, "node_id" : 13},

	"13:180" : {"timestamp" : 1346182527, "air_time" : 3,
 		"sequence" : 180, "fails" : 0,
 		"retries" : 1, "sample_1" : 1.60,
 		"sample_2" : -5.04, "sample_3" : 10.83,
 		"sample_4" : 0, "node_id" : 13},

	"13:181" : {"timestamp" : 1346182528, "air_time" : 0,
 		"sequence" : 181, "fails" : 1,
 		"retries" : 2, "sample_1" : 3.34,
 		"sample_2" : -6.31, "sample_3" : 10.00,
 		"sample_4" : 0, "node_id" : 13},

	"13:182" : {"timestamp" : 1346182529, "air_time" : 6,
 		"sequence" : 182, "fails" : 0,
 		"retries" : 2, "sample_1" : 3.52,
 		"sample_2" : -7.88, "sample_3" : 10.37,
 		"sample_4" : 0, "node_id" : 13},

	"13:183" : {"timestamp" : 1346182530, "air_time" : 1,
 		"sequence" : 183, "fails" : 1,
 		"retries" : 2, "sample_1" : 5.80,
 		"sample_2" : -7.41, "sample_3" : 11.15,
 		"sample_4" : 0, "node_id" : 13},

	"13:184" : {"timestamp" : 1346182531, "air_time" : 1,
 		"sequence" : 184, "fails" : 1,
 		"retries" : 1, "sample_1" : 7.33,
 		"sample_2" : -8.86, "sample_3" : 10.22,
 		"sample_4" : 0, "node_id" : 13},

	"13:185" : {"timestamp" : 1346182532, "air_time" : 7,
 		"sequence" : 185, "fails" : 0,
 		"retries" : 0, "sample_1" : 8.56,
 		"sample_2" : -8.72, "sample_3" : 9.59,
 		"sample_4" : 0, "node_id" : 13},

	"13:186" : {"timestamp" : 1346182533, "air_time" : 0,
 		"sequence" : 186, "fails" : 1,
 		"retries" : 1, "sample_1" : 10.26,
 		"sample_2" : -9.59, "sample_3" : 8.80,
 		"sample_4" : 0, "node_id" : 13},

	"13:187" : {"timestamp" : 1346182534, "air_time" : 5,
 		"sequence" : 187, "fails" : 0,
 		"retries" : 0, "sample_1" : 10.60,
 		"sample_2" : -8.15, "sample_3" : 8.16,
 		"sample_4" : 0, "node_id" : 13},

	"13:188" : {"timestamp" : 1346182535, "air_time" : 0,
 		"sequence" : 188, "fails" : 2,
 		"retries" : 1, "sample_1" : 10.35,
 		"sample_2" : -7.71, "sample_3" : 6.60,
 		"sample_4" : 0, "node_id" : 13},

	"13:189" : {"timestamp" : 1346182536, "air_time" : 7,
 		"sequence" : 189, "fails" : 3,
 		"retries" : 1, "sample_1" : 10.90,
 		"sample_2" : -7.89, "sample_3" : 4.78,
 		"sample_4" : 0, "node_id" : 13},

	"13:190" : {"timestamp" : 1346182537, "air_time" : 1,
 		"sequence" : 190, "fails" : 2,
 		"retries" : 0, "sample_1" : 10.05,
 		"sample_2" : -6.52, "sample_3" : 2.63,
 		"sample_4" : 0, "node_id" : 13},

	"13:191" : {"timestamp" : 1346182538, "air_time" : 7,
 		"sequence" : 191, "fails" : 3,
 		"retries" : 0, "sample_1" : 10.40,
 		"sample_2" : -4.52, "sample_3" : 1.91,
 		"sample_4" : 0, "node_id" : 13},

	"13:192" : {"timestamp" : 1346182539, "air_time" : 9,
 		"sequence" : 192, "fails" : 1,
 		"retries" : 0, "sample_1" : 9.36,
 		"sample_2" : -3.05, "sample_3" : -0.53,
 		"sample_4" : 0, "node_id" : 13},

	"13:193" : {"timestamp" : 1346182540, "air_time" : 5,
 		"sequence" : 193, "fails" : 3,
 		"retries" : 2, "sample_1" : 8.96,
 		"sample_2" : -2.63, "sample_3" : -1.64,
 		"sample_4" : 0, "node_id" : 13},

	"13:194" : {"timestamp" : 1346182541, "air_time" : 5,
 		"sequence" : 194, "fails" : 3,
 		"retries" : 1, "sample_1" : 7.63,
 		"sample_2" : -0.93, "sample_3" : -2.67,
 		"sample_4" : 0, "node_id" : 13},

	"13:195" : {"timestamp" : 1346182542, "air_time" : 2,
 		"sequence" : 195, "fails" : 2,
 		"retries" : 1, "sample_1" : 6.50,
 		"sample_2" : 1.62, "sample_3" : -4.87,
 		"sample_4" : 0, "node_id" : 13},

	"13:196" : {"timestamp" : 1346182543, "air_time" : 8,
 		"sequence" : 196, "fails" : 1,
 		"retries" : 0, "sample_1" : 5.12,
 		"sample_2" : 3.84, "sample_3" : -5.98,
 		"sample_4" : 0, "node_id" : 13},

	"13:197" : {"timestamp" : 1346182544, "air_time" : 4,
 		"sequence" : 197, "fails" : 3,
 		"retries" : 1, "sample_1" : 3.54,
 		"sample_2" : 5.40, "sample_3" : -6.78,
 		"sample_4" : 0, "node_id" : 13},

	"13:198" : {"timestamp" : 1346182545, "air_time" : 4,
 		"sequence" : 198, "fails" : 1,
 		"retries" : 0, "sample_1" : 1.90,
 		"sample_2" : 7.14, "sample_3" : -8.93,
 		"sample_4" : 0, "node_id" : 13},

	"13:199" : {"timestamp" : 1346182546, "air_time" : 4,
 		"sequence" : 199, "fails" : 1,
 		"retries" : 1, "sample_1" : -1.04,
 		"sample_2" : 8.31, "sample_3" : -9.60,
 		"sample_4" : 0, "node_id" : 13},

	"13:200" : {"timestamp" : 1346182547, "air_time" : 3,
 		"sequence" : 200, "fails" : 2,
 		"retries" : 2, "sample_1" : -3.42,
 		"sample_2" : 8.18, "sample_3" : -8.37,
 		"sample_4" : 0, "node_id" : 13},

	"13:201" : {"timestamp" : 1346182548, "air_time" : 6,
 		"sequence" : 201, "fails" : 1,
 		"retries" : 0, "sample_1" : -3.90,
 		"sample_2" : 10.31, "sample_3" : -8.35,
 		"sample_4" : 0, "node_id" : 13},

	"13:202" : {"timestamp" : 1346182549, "air_time" : 4,
 		"sequence" : 202, "fails" : 0,
 		"retries" : 0, "sample_1" : -4.93,
 		"sample_2" : 10.56, "sample_3" : -8.62,
 		"sample_4" : 0, "node_id" : 13},

	"13:203" : {"timestamp" : 1346182550, "air_time" : 3,
 		"sequence" : 203, "fails" : 2,
 		"retries" : 1, "sample_1" : -6.26,
 		"sample_2" : 11.12, "sample_3" : -8.49,
 		"sample_4" : 0, "node_id" : 13},

	"13:204" : {"timestamp" : 1346182551, "air_time" : 3,
 		"sequence" : 204, "fails" : 1,
 		"retries" : 1, "sample_1" : -7.56,
 		"sample_2" : 10.69, "sample_3" : -8.10,
 		"sample_4" : 0, "node_id" : 13},

	"13:205" : {"timestamp" : 1346182552, "air_time" : 9,
 		"sequence" : 205, "fails" : 2,
 		"retries" : 0, "sample_1" : -7.80,
 		"sample_2" : 10.85, "sample_3" : -5.76,
 		"sample_4" : 0, "node_id" : 13},

	"13:206" : {"timestamp" : 1346182553, "air_time" : 9,
 		"sequence" : 206, "fails" : 3,
 		"retries" : 2, "sample_1" : -8.55,
 		"sample_2" : 9.81, "sample_3" : -4.80,
 		"sample_4" : 0, "node_id" : 13},

	"13:207" : {"timestamp" : 1346182554, "air_time" : 0,
 		"sequence" : 207, "fails" : 0,
 		"retries" : 1, "sample_1" : -8.20,
 		"sample_2" : 9.79, "sample_3" : -2.48,
 		"sample_4" : 0, "node_id" : 13},

	"13:208" : {"timestamp" : 1346182555, "air_time" : 5,
 		"sequence" : 208, "fails" : 3,
 		"retries" : 2, "sample_1" : -8.25,
 		"sample_2" : 7.92, "sample_3" : -0.53,
 		"sample_4" : 0, "node_id" : 13},

	"13:209" : {"timestamp" : 1346182556, "air_time" : 1,
 		"sequence" : 209, "fails" : 3,
 		"retries" : 2, "sample_1" : -8.40,
 		"sample_2" : 7.92, "sample_3" : -0.11,
 		"sample_4" : 0, "node_id" : 13},

	"13:210" : {"timestamp" : 1346182557, "air_time" : 0,
 		"sequence" : 210, "fails" : 3,
 		"retries" : 0, "sample_1" : -7.36,
 		"sample_2" : 5.35, "sample_3" : 1.33,
 		"sample_4" : 0, "node_id" : 13},

	"13:211" : {"timestamp" : 1346182558, "air_time" : 9,
 		"sequence" : 211, "fails" : 3,
 		"retries" : 0, "sample_1" : -5.76,
 		"sample_2" : 4.13, "sample_3" : 4.14,
 		"sample_4" : 0, "node_id" : 13},

	"13:212" : {"timestamp" : 1346182559, "air_time" : 9,
 		"sequence" : 212, "fails" : 1,
 		"retries" : 2, "sample_1" : -5.63,
 		"sample_2" : 1.63, "sample_3" : 5.67,
 		"sample_4" : 0, "node_id" : 13},

	"13:213" : {"timestamp" : 1346182560, "air_time" : 1,
 		"sequence" : 213, "fails" : 3,
 		"retries" : 1, "sample_1" : -3.80,
 		"sample_2" : 0.68, "sample_3" : 6.87,
 		"sample_4" : 0, "node_id" : 13},

	"13:214" : {"timestamp" : 1346182561, "air_time" : 6,
 		"sequence" : 214, "fails" : 2,
 		"retries" : 2, "sample_1" : -3.12,
 		"sample_2" : -1.74, "sample_3" : 8.78,
 		"sample_4" : 0, "node_id" : 13},

	"13:215" : {"timestamp" : 1346182562, "air_time" : 6,
 		"sequence" : 215, "fails" : 0,
 		"retries" : 0, "sample_1" : 0.16,
 		"sample_2" : -3.20, "sample_3" : 8.58,
 		"sample_4" : 0, "node_id" : 13},

	"13:216" : {"timestamp" : 1346182563, "air_time" : 1,
 		"sequence" : 216, "fails" : 3,
 		"retries" : 2, "sample_1" : 0.50,
 		"sample_2" : -4.84, "sample_3" : 10.63,
 		"sample_4" : 0, "node_id" : 13},

	"13:217" : {"timestamp" : 1346182564, "air_time" : 2,
 		"sequence" : 217, "fails" : 3,
 		"retries" : 1, "sample_1" : 1.84,
 		"sample_2" : -5.41, "sample_3" : 11.00,
 		"sample_4" : 0, "node_id" : 13},

	"13:218" : {"timestamp" : 1346182565, "air_time" : 3,
 		"sequence" : 218, "fails" : 0,
 		"retries" : 0, "sample_1" : 4.82,
 		"sample_2" : -6.08, "sample_3" : 11.07,
 		"sample_4" : 0, "node_id" : 13},

	"13:219" : {"timestamp" : 1346182566, "air_time" : 9,
 		"sequence" : 219, "fails" : 2,
 		"retries" : 2, "sample_1" : 6.90,
 		"sample_2" : -8.71, "sample_3" : 11.15,
 		"sample_4" : 0, "node_id" : 13},

	"13:220" : {"timestamp" : 1346182567, "air_time" : 5,
 		"sequence" : 220, "fails" : 1,
 		"retries" : 0, "sample_1" : 6.83,
 		"sample_2" : -8.96, "sample_3" : 10.52,
 		"sample_4" : 0, "node_id" : 13},

	"13:221" : {"timestamp" : 1346182568, "air_time" : 5,
 		"sequence" : 221, "fails" : 3,
 		"retries" : 2, "sample_1" : 8.36,
 		"sample_2" : -8.12, "sample_3" : 10.59,
 		"sample_4" : 0, "node_id" : 13},

	"13:222" : {"timestamp" : 1346182569, "air_time" : 0,
 		"sequence" : 222, "fails" : 1,
 		"retries" : 2, "sample_1" : 10.56,
 		"sample_2" : -9.09, "sample_3" : 8.60,
 		"sample_4" : 0, "node_id" : 13},

	"13:223" : {"timestamp" : 1346182570, "air_time" : 0,
 		"sequence" : 223, "fails" : 0,
 		"retries" : 1, "sample_1" : 10.90,
 		"sample_2" : -9.25, "sample_3" : 8.46,
 		"sample_4" : 0, "node_id" : 13},

	"13:224" : {"timestamp" : 1346182571, "air_time" : 7,
 		"sequence" : 224, "fails" : 0,
 		"retries" : 0, "sample_1" : 11.75,
 		"sample_2" : -8.91, "sample_3" : 6.10,
 		"sample_4" : 0, "node_id" : 13},

	"13:225" : {"timestamp" : 1346182572, "air_time" : 5,
 		"sequence" : 225, "fails" : 1,
 		"retries" : 2, "sample_1" : 11.00,
 		"sample_2" : -8.19, "sample_3" : 4.38,
 		"sample_4" : 0, "node_id" : 13},

	"13:226" : {"timestamp" : 1346182573, "air_time" : 2,
 		"sequence" : 226, "fails" : 2,
 		"retries" : 1, "sample_1" : 10.35,
 		"sample_2" : -7.22, "sample_3" : 4.13,
 		"sample_4" : 0, "node_id" : 13},

	"13:227" : {"timestamp" : 1346182574, "air_time" : 3,
 		"sequence" : 227, "fails" : 1,
 		"retries" : 0, "sample_1" : 10.60,
 		"sample_2" : -5.02, "sample_3" : 2.21,
 		"sample_4" : 0, "node_id" : 13},

	"13:228" : {"timestamp" : 1346182575, "air_time" : 7,
 		"sequence" : 228, "fails" : 3,
 		"retries" : 0, "sample_1" : 9.76,
 		"sample_2" : -3.25, "sample_3" : -0.83,
 		"sample_4" : 0, "node_id" : 13},

	"13:229" : {"timestamp" : 1346182576, "air_time" : 9,
 		"sequence" : 229, "fails" : 1,
 		"retries" : 1, "sample_1" : 8.06,
 		"sample_2" : -1.53, "sample_3" : -1.94,
 		"sample_4" : 0, "node_id" : 13},

	"13:230" : {"timestamp" : 1346182577, "air_time" : 5,
 		"sequence" : 230, "fails" : 2,
 		"retries" : 2, "sample_1" : 8.23,
 		"sample_2" : -1.13, "sample_3" : -3.87,
 		"sample_4" : 0, "node_id" : 13},

	"13:231" : {"timestamp" : 1346182578, "air_time" : 2,
 		"sequence" : 231, "fails" : 3,
 		"retries" : 0, "sample_1" : 6.80,
 		"sample_2" : 0.82, "sample_3" : -5.27,
 		"sample_4" : 0, "node_id" : 13},

	"13:232" : {"timestamp" : 1346182579, "air_time" : 9,
 		"sequence" : 232, "fails" : 3,
 		"retries" : 0, "sample_1" : 5.12,
 		"sample_2" : 3.54, "sample_3" : -6.58,
 		"sample_4" : 0, "node_id" : 13},

	"13:233" : {"timestamp" : 1346182580, "air_time" : 3,
 		"sequence" : 233, "fails" : 3,
 		"retries" : 2, "sample_1" : 2.44,
 		"sample_2" : 4.80, "sample_3" : -7.18,
 		"sample_4" : 0, "node_id" : 13},

	"13:234" : {"timestamp" : 1346182581, "air_time" : 3,
 		"sequence" : 234, "fails" : 2,
 		"retries" : 2, "sample_1" : 0.20,
 		"sample_2" : 7.14, "sample_3" : -8.03,
 		"sample_4" : 0, "node_id" : 13},

	"13:235" : {"timestamp" : 1346182582, "air_time" : 3,
 		"sequence" : 235, "fails" : 1,
 		"retries" : 1, "sample_1" : -0.64,
 		"sample_2" : 8.31, "sample_3" : -8.10,
 		"sample_4" : 0, "node_id" : 13},

	"13:236" : {"timestamp" : 1346182583, "air_time" : 7,
 		"sequence" : 236, "fails" : 1,
 		"retries" : 2, "sample_1" : -3.12,
 		"sample_2" : 9.28, "sample_3" : -8.57,
 		"sample_4" : 0, "node_id" : 13},

	"13:237" : {"timestamp" : 1346182584, "air_time" : 3,
 		"sequence" : 237, "fails" : 2,
 		"retries" : 1, "sample_1" : -4.90,
 		"sample_2" : 9.61, "sample_3" : -8.65,
 		"sample_4" : 0, "node_id" : 13},

	"13:238" : {"timestamp" : 1346182585, "air_time" : 7,
 		"sequence" : 238, "fails" : 0,
 		"retries" : 0, "sample_1" : -6.03,
 		"sample_2" : 11.26, "sample_3" : -7.82,
 		"sample_4" : 0, "node_id" : 13},

	"13:239" : {"timestamp" : 1346182586, "air_time" : 0,
 		"sequence" : 239, "fails" : 0,
 		"retries" : 0, "sample_1" : -6.96,
 		"sample_2" : 10.52, "sample_3" : -7.69,
 		"sample_4" : 0, "node_id" : 13},

	"13:240" : {"timestamp" : 1346182587, "air_time" : 1,
 		"sequence" : 240, "fails" : 1,
 		"retries" : 1, "sample_1" : -7.76,
 		"sample_2" : 11.59, "sample_3" : -6.80,
 		"sample_4" : 0, "node_id" : 13},

	"13:241" : {"timestamp" : 1346182588, "air_time" : 7,
 		"sequence" : 241, "fails" : 3,
 		"retries" : 0, "sample_1" : -9.40,
 		"sample_2" : 11.45, "sample_3" : -5.96,
 		"sample_4" : 0, "node_id" : 13},

	"13:242" : {"timestamp" : 1346182589, "air_time" : 7,
 		"sequence" : 242, "fails" : 0,
 		"retries" : 1, "sample_1" : -9.05,
 		"sample_2" : 9.61, "sample_3" : -4.70,
 		"sample_4" : 0, "node_id" : 13},

	"13:243" : {"timestamp" : 1346182590, "air_time" : 2,
 		"sequence" : 243, "fails" : 1,
 		"retries" : 1, "sample_1" : -8.20,
 		"sample_2" : 9.09, "sample_3" : -3.38,
 		"sample_4" : 0, "node_id" : 13},

	"13:244" : {"timestamp" : 1346182591, "air_time" : 5,
 		"sequence" : 244, "fails" : 3,
 		"retries" : 1, "sample_1" : -8.55,
 		"sample_2" : 7.92, "sample_3" : -2.03,
 		"sample_4" : 0, "node_id" : 13},

	"13:245" : {"timestamp" : 1346182592, "air_time" : 5,
 		"sequence" : 245, "fails" : 2,
 		"retries" : 0, "sample_1" : -9.20,
 		"sample_2" : 7.42, "sample_3" : 0.39,
 		"sample_4" : 0, "node_id" : 13},

	"13:246" : {"timestamp" : 1346182593, "air_time" : 3,
 		"sequence" : 246, "fails" : 0,
 		"retries" : 0, "sample_1" : -8.06,
 		"sample_2" : 5.95, "sample_3" : 1.43,
 		"sample_4" : 0, "node_id" : 13},

	"13:247" : {"timestamp" : 1346182594, "air_time" : 9,
 		"sequence" : 247, "fails" : 1,
 		"retries" : 2, "sample_1" : -6.26,
 		"sample_2" : 4.83, "sample_3" : 3.84,
 		"sample_4" : 0, "node_id" : 13},

	"13:248" : {"timestamp" : 1346182595, "air_time" : 9,
 		"sequence" : 248, "fails" : 0,
 		"retries" : 1, "sample_1" : -4.73,
 		"sample_2" : 2.93, "sample_3" : 5.67,
 		"sample_4" : 0, "node_id" : 13},

	"13:249" : {"timestamp" : 1346182596, "air_time" : 3,
 		"sequence" : 249, "fails" : 0,
 		"retries" : 1, "sample_1" : -3.80,
 		"sample_2" : 0.48, "sample_3" : 7.67,
 		"sample_4" : 0, "node_id" : 13},

	"13:250" : {"timestamp" : 1346182597, "air_time" : 7,
 		"sequence" : 250, "fails" : 2,
 		"retries" : 1, "sample_1" : -3.12,
 		"sample_2" : -1.94, "sample_3" : 8.58,
 		"sample_4" : 0, "node_id" : 13},

	"13:251" : {"timestamp" : 1346182598, "air_time" : 4,
 		"sequence" : 251, "fails" : 1,
 		"retries" : 1, "sample_1" : -0.14,
 		"sample_2" : -3.50, "sample_3" : 9.88,
 		"sample_4" : 0, "node_id" : 13},

	"13:252" : {"timestamp" : 1346182599, "air_time" : 7,
 		"sequence" : 252, "fails" : 2,
 		"retries" : 2, "sample_1" : 1.90,
 		"sample_2" : -5.24, "sample_3" : 10.13,
 		"sample_4" : 0, "node_id" : 13},

	"13:253" : {"timestamp" : 1346182600, "air_time" : 1,
 		"sequence" : 253, "fails" : 3,
 		"retries" : 1, "sample_1" : 3.54,
 		"sample_2" : -6.31, "sample_3" : 9.80,
 		"sample_4" : 0, "node_id" : 13},

	"13:254" : {"timestamp" : 1346182601, "air_time" : 0,
 		"sequence" : 254, "fails" : 1,
 		"retries" : 1, "sample_1" : 3.62,
 		"sample_2" : -6.38, "sample_3" : 11.27,
 		"sample_4" : 0, "node_id" : 13},

	"13:255" : {"timestamp" : 1346182602, "air_time" : 6,
 		"sequence" : 255, "fails" : 0,
 		"retries" : 2, "sample_1" : 6.40,
 		"sample_2" : -7.31, "sample_3" : 10.95,
 		"sample_4" : 0, "node_id" : 13},

	"13:256" : {"timestamp" : 1346182603, "air_time" : 1,
 		"sequence" : 256, "fails" : 0,
 		"retries" : 2, "sample_1" : 8.13,
 		"sample_2" : -8.66, "sample_3" : 10.82,
 		"sample_4" : 0, "node_id" : 13},

	"13:257" : {"timestamp" : 1346182604, "air_time" : 0,
 		"sequence" : 257, "fails" : 2,
 		"retries" : 0, "sample_1" : 9.16,
 		"sample_2" : -8.72, "sample_3" : 10.89,
 		"sample_4" : 0, "node_id" : 13},

	"13:258" : {"timestamp" : 1346182605, "air_time" : 2,
 		"sequence" : 258, "fails" : 0,
 		"retries" : 1, "sample_1" : 10.16,
 		"sample_2" : -8.99, "sample_3" : 8.60,
 		"sample_4" : 0, "node_id" : 13},

	"13:259" : {"timestamp" : 1346182606, "air_time" : 3,
 		"sequence" : 259, "fails" : 1,
 		"retries" : 0, "sample_1" : 10.30,
 		"sample_2" : -8.25, "sample_3" : 8.46,
 		"sample_4" : 0, "node_id" : 13},

	"13:260" : {"timestamp" : 1346182607, "air_time" : 6,
 		"sequence" : 260, "fails" : 3,
 		"retries" : 0, "sample_1" : 10.95,
 		"sample_2" : -8.91, "sample_3" : 7.50,
 		"sample_4" : 0, "node_id" : 13},

	"13:261" : {"timestamp" : 1346182608, "air_time" : 4,
 		"sequence" : 261, "fails" : 2,
 		"retries" : 1, "sample_1" : 10.70,
 		"sample_2" : -7.39, "sample_3" : 5.58,
 		"sample_4" : 0, "node_id" : 13},

	"13:262" : {"timestamp" : 1346182609, "air_time" : 1,
 		"sequence" : 262, "fails" : 2,
 		"retries" : 2, "sample_1" : 10.65,
 		"sample_2" : -6.52, "sample_3" : 3.83,
 		"sample_4" : 0, "node_id" : 13},

	"13:263" : {"timestamp" : 1346182610, "air_time" : 0,
 		"sequence" : 263, "fails" : 3,
 		"retries" : 1, "sample_1" : 10.50,
 		"sample_2" : -5.92, "sample_3" : 0.81,
 		"sample_4" : 0, "node_id" : 13},

	"13:264" : {"timestamp" : 1346182611, "air_time" : 0,
 		"sequence" : 264, "fails" : 1,
 		"retries" : 0, "sample_1" : 9.46,
 		"sample_2" : -3.95, "sample_3" : -0.43,
 		"sample_4" : 0, "node_id" : 13},

	"13:265" : {"timestamp" : 1346182612, "air_time" : 2,
 		"sequence" : 265, "fails" : 1,
 		"retries" : 1, "sample_1" : 9.36,
 		"sample_2" : -2.83, "sample_3" : -1.74,
 		"sample_4" : 0, "node_id" : 13},

	"13:266" : {"timestamp" : 1346182613, "air_time" : 5,
 		"sequence" : 266, "fails" : 0,
 		"retries" : 0, "sample_1" : 8.13,
 		"sample_2" : -1.13, "sample_3" : -3.27,
 		"sample_4" : 0, "node_id" : 13},

	"13:267" : {"timestamp" : 1346182614, "air_time" : 2,
 		"sequence" : 267, "fails" : 0,
 		"retries" : 0, "sample_1" : 6.30,
 		"sample_2" : 0.62, "sample_3" : -5.27,
 		"sample_4" : 0, "node_id" : 13},

	"13:268" : {"timestamp" : 1346182615, "air_time" : 5,
 		"sequence" : 268, "fails" : 3,
 		"retries" : 2, "sample_1" : 5.22,
 		"sample_2" : 2.94, "sample_3" : -7.18,
 		"sample_4" : 0, "node_id" : 13},

	"13:269" : {"timestamp" : 1346182616, "air_time" : 8,
 		"sequence" : 269, "fails" : 2,
 		"retries" : 2, "sample_1" : 2.84,
 		"sample_2" : 4.50, "sample_3" : -8.18,
 		"sample_4" : 0, "node_id" : 13},

	"13:270" : {"timestamp" : 1346182617, "air_time" : 5,
 		"sequence" : 270, "fails" : 1,
 		"retries" : 2, "sample_1" : 0.90,
 		"sample_2" : 5.94, "sample_3" : -7.93,
 		"sample_4" : 0, "node_id" : 13},

	"13:271" : {"timestamp" : 1346182618, "air_time" : 8,
 		"sequence" : 271, "fails" : 2,
 		"retries" : 1, "sample_1" : -0.14,
 		"sample_2" : 6.81, "sample_3" : -8.60,
 		"sample_4" : 0, "node_id" : 13},

	"13:272" : {"timestamp" : 1346182619, "air_time" : 4,
 		"sequence" : 272, "fails" : 3,
 		"retries" : 2, "sample_1" : -3.42,
 		"sample_2" : 9.28, "sample_3" : -8.27,
 		"sample_4" : 0, "node_id" : 13},

	"13:273" : {"timestamp" : 1346182620, "air_time" : 2,
 		"sequence" : 273, "fails" : 0,
 		"retries" : 1, "sample_1" : -3.10,
 		"sample_2" : 8.91, "sample_3" : -8.95,
 		"sample_4" : 0, "node_id" : 13},

	"13:274" : {"timestamp" : 1346182621, "air_time" : 0,
 		"sequence" : 274, "fails" : 3,
 		"retries" : 0, "sample_1" : -6.23,
 		"sample_2" : 9.56, "sample_3" : -9.22,
 		"sample_4" : 0, "node_id" : 13},

	"13:275" : {"timestamp" : 1346182622, "air_time" : 5,
 		"sequence" : 275, "fails" : 2,
 		"retries" : 0, "sample_1" : -6.46,
 		"sample_2" : 9.92, "sample_3" : -8.49,
 		"sample_4" : 0, "node_id" : 13},

	"13:276" : {"timestamp" : 1346182623, "air_time" : 4,
 		"sequence" : 276, "fails" : 0,
 		"retries" : 2, "sample_1" : -8.36,
 		"sample_2" : 11.39, "sample_3" : -6.40,
 		"sample_4" : 0, "node_id" : 13},

	"13:277" : {"timestamp" : 1346182624, "air_time" : 7,
 		"sequence" : 277, "fails" : 0,
 		"retries" : 0, "sample_1" : -9.00,
 		"sample_2" : 10.75, "sample_3" : -5.46,
 		"sample_4" : 0, "node_id" : 13},

	"13:278" : {"timestamp" : 1346182625, "air_time" : 6,
 		"sequence" : 278, "fails" : 3,
 		"retries" : 1, "sample_1" : -8.35,
 		"sample_2" : 11.11, "sample_3" : -5.10,
 		"sample_4" : 0, "node_id" : 13},

	"13:279" : {"timestamp" : 1346182626, "air_time" : 5,
 		"sequence" : 279, "fails" : 3,
 		"retries" : 2, "sample_1" : -9.90,
 		"sample_2" : 10.29, "sample_3" : -3.48,
 		"sample_4" : 0, "node_id" : 13},

	"13:280" : {"timestamp" : 1346182627, "air_time" : 0,
 		"sequence" : 280, "fails" : 1,
 		"retries" : 1, "sample_1" : -8.35,
 		"sample_2" : 8.12, "sample_3" : -2.03,
 		"sample_4" : 0, "node_id" : 13},

	"13:281" : {"timestamp" : 1346182628, "air_time" : 5,
 		"sequence" : 281, "fails" : 0,
 		"retries" : 1, "sample_1" : -7.90,
 		"sample_2" : 6.72, "sample_3" : 0.79,
 		"sample_4" : 0, "node_id" : 13},

	"13:282" : {"timestamp" : 1346182629, "air_time" : 6,
 		"sequence" : 282, "fails" : 2,
 		"retries" : 1, "sample_1" : -7.16,
 		"sample_2" : 4.85, "sample_3" : 2.23,
 		"sample_4" : 0, "node_id" : 13},

	"13:283" : {"timestamp" : 1346182630, "air_time" : 6,
 		"sequence" : 283, "fails" : 3,
 		"retries" : 2, "sample_1" : -7.66,
 		"sample_2" : 4.43, "sample_3" : 2.74,
 		"sample_4" : 0, "node_id" : 13},

	"13:284" : {"timestamp" : 1346182631, "air_time" : 8,
 		"sequence" : 284, "fails" : 0,
 		"retries" : 2, "sample_1" : -5.33,
 		"sample_2" : 2.33, "sample_3" : 5.77,
 		"sample_4" : 0, "node_id" : 13},

	"13:285" : {"timestamp" : 1346182632, "air_time" : 9,
 		"sequence" : 285, "fails" : 3,
 		"retries" : 1, "sample_1" : -4.50,
 		"sample_2" : -0.32, "sample_3" : 6.57,
 		"sample_4" : 0, "node_id" : 13},

	"13:286" : {"timestamp" : 1346182633, "air_time" : 4,
 		"sequence" : 286, "fails" : 2,
 		"retries" : 2, "sample_1" : -2.12,
 		"sample_2" : -0.74, "sample_3" : 8.48,
 		"sample_4" : 0, "node_id" : 13},

	"13:287" : {"timestamp" : 1346182634, "air_time" : 6,
 		"sequence" : 287, "fails" : 2,
 		"retries" : 0, "sample_1" : -1.24,
 		"sample_2" : -2.70, "sample_3" : 9.28,
 		"sample_4" : 0, "node_id" : 13},

	"13:288" : {"timestamp" : 1346182635, "air_time" : 3,
 		"sequence" : 288, "fails" : 1,
 		"retries" : 2, "sample_1" : 0.70,
 		"sample_2" : -4.94, "sample_3" : 10.23,
 		"sample_4" : 0, "node_id" : 13},

	"13:289" : {"timestamp" : 1346182636, "air_time" : 2,
 		"sequence" : 289, "fails" : 1,
 		"retries" : 1, "sample_1" : 1.94,
 		"sample_2" : -5.51, "sample_3" : 10.00,
 		"sample_4" : 0, "node_id" : 13},

	"13:290" : {"timestamp" : 1346182637, "air_time" : 4,
 		"sequence" : 290, "fails" : 2,
 		"retries" : 1, "sample_1" : 3.52,
 		"sample_2" : -6.38, "sample_3" : 11.57,
 		"sample_4" : 0, "node_id" : 13},

	"13:291" : {"timestamp" : 1346182638, "air_time" : 4,
 		"sequence" : 291, "fails" : 0,
 		"retries" : 1, "sample_1" : 5.50,
 		"sample_2" : -7.41, "sample_3" : 10.25,
 		"sample_4" : 0, "node_id" : 13},

	"13:292" : {"timestamp" : 1346182639, "air_time" : 4,
 		"sequence" : 292, "fails" : 3,
 		"retries" : 2, "sample_1" : 7.03,
 		"sample_2" : -9.26, "sample_3" : 10.32,
 		"sample_4" : 0, "node_id" : 13},

	"13:293" : {"timestamp" : 1346182640, "air_time" : 9,
 		"sequence" : 293, "fails" : 1,
 		"retries" : 0, "sample_1" : 8.66,
 		"sample_2" : -8.42, "sample_3" : 10.09,
 		"sample_4" : 0, "node_id" : 13},

	"13:294" : {"timestamp" : 1346182641, "air_time" : 4,
 		"sequence" : 294, "fails" : 2,
 		"retries" : 1, "sample_1" : 9.76,
 		"sample_2" : -9.09, "sample_3" : 8.60,
 		"sample_4" : 0, "node_id" : 13},

	"13:295" : {"timestamp" : 1346182642, "air_time" : 9,
 		"sequence" : 295, "fails" : 1,
 		"retries" : 2, "sample_1" : 10.30,
 		"sample_2" : -8.25, "sample_3" : 7.66,
 		"sample_4" : 0, "node_id" : 13},

	"13:296" : {"timestamp" : 1346182643, "air_time" : 2,
 		"sequence" : 296, "fails" : 1,
 		"retries" : 0, "sample_1" : 11.65,
 		"sample_2" : -7.71, "sample_3" : 7.30,
 		"sample_4" : 0, "node_id" : 13},

	"13:297" : {"timestamp" : 1346182644, "air_time" : 2,
 		"sequence" : 297, "fails" : 2,
 		"retries" : 1, "sample_1" : 10.70,
 		"sample_2" : -6.79, "sample_3" : 5.88,
 		"sample_4" : 0, "node_id" : 13},

	"13:298" : {"timestamp" : 1346182645, "air_time" : 2,
 		"sequence" : 298, "fails" : 2,
 		"retries" : 0, "sample_1" : 10.15,
 		"sample_2" : -7.12, "sample_3" : 3.23,
 		"sample_4" : 0, "node_id" : 13},

	"13:299" : {"timestamp" : 1346182646, "air_time" : 8,
 		"sequence" : 299, "fails" : 0,
 		"retries" : 2, "sample_1" : 9.90,
 		"sample_2" : -5.32, "sample_3" : 2.31,
 		"sample_4" : 0, "node_id" : 13},

	"13:300" : {"timestamp" : 1346182647, "air_time" : 0,
 		"sequence" : 300, "fails" : 3,
 		"retries" : 2, "sample_1" : 9.86,
 		"sample_2" : -4.35, "sample_3" : 0.47,
 		"sample_4" : 0, "node_id" : 13},

	"13:301" : {"timestamp" : 1346182648, "air_time" : 7,
 		"sequence" : 301, "fails" : 1,
 		"retries" : 2, "sample_1" : 8.66,
 		"sample_2" : -2.83, "sample_3" : -2.24,
 		"sample_4" : 0, "node_id" : 13},

	"13:302" : {"timestamp" : 1346182649, "air_time" : 1,
 		"sequence" : 302, "fails" : 0,
 		"retries" : 0, "sample_1" : 7.53,
 		"sample_2" : 0.47, "sample_3" : -4.17,
 		"sample_4" : 0, "node_id" : 13},

	"13:303" : {"timestamp" : 1346182650, "air_time" : 8,
 		"sequence" : 303, "fails" : 1,
 		"retries" : 0, "sample_1" : 6.30,
 		"sample_2" : 0.52, "sample_3" : -4.07,
 		"sample_4" : 0, "node_id" : 13},

	"13:304" : {"timestamp" : 1346182651, "air_time" : 8,
 		"sequence" : 304, "fails" : 3,
 		"retries" : 1, "sample_1" : 3.72,
 		"sample_2" : 2.44, "sample_3" : -6.18,
 		"sample_4" : 0, "node_id" : 13},

	"13:305" : {"timestamp" : 1346182652, "air_time" : 9,
 		"sequence" : 305, "fails" : 0,
 		"retries" : 0, "sample_1" : 3.54,
 		"sample_2" : 4.40, "sample_3" : -7.38,
 		"sample_4" : 0, "node_id" : 13},

	"13:306" : {"timestamp" : 1346182653, "air_time" : 8,
 		"sequence" : 306, "fails" : 3,
 		"retries" : 0, "sample_1" : 1.30,
 		"sample_2" : 5.74, "sample_3" : -7.93,
 		"sample_4" : 0, "node_id" : 13},

	"13:307" : {"timestamp" : 1346182654, "air_time" : 8,
 		"sequence" : 307, "fails" : 1,
 		"retries" : 1, "sample_1" : 0.06,
 		"sample_2" : 8.41, "sample_3" : -8.90,
 		"sample_4" : 0, "node_id" : 13},

	"13:308" : {"timestamp" : 1346182655, "air_time" : 5,
 		"sequence" : 308, "fails" : 0,
 		"retries" : 0, "sample_1" : -1.82,
 		"sample_2" : 8.38, "sample_3" : -8.57,
 		"sample_4" : 0, "node_id" : 13},

	"13:309" : {"timestamp" : 1346182656, "air_time" : 0,
 		"sequence" : 309, "fails" : 3,
 		"retries" : 0, "sample_1" : -3.50,
 		"sample_2" : 9.81, "sample_3" : -8.95,
 		"sample_4" : 0, "node_id" : 13},

	"13:310" : {"timestamp" : 1346182657, "air_time" : 7,
 		"sequence" : 310, "fails" : 3,
 		"retries" : 1, "sample_1" : -5.13,
 		"sample_2" : 11.36, "sample_3" : -8.02,
 		"sample_4" : 0, "node_id" : 13},

	"13:311" : {"timestamp" : 1346182658, "air_time" : 7,
 		"sequence" : 311, "fails" : 0,
 		"retries" : 1, "sample_1" : -7.46,
 		"sample_2" : 10.92, "sample_3" : -7.39,
 		"sample_4" : 0, "node_id" : 13},

	"13:312" : {"timestamp" : 1346182659, "air_time" : 6,
 		"sequence" : 312, "fails" : 2,
 		"retries" : 1, "sample_1" : -8.16,
 		"sample_2" : 11.19, "sample_3" : -7.60,
 		"sample_4" : 0, "node_id" : 13},

	"13:313" : {"timestamp" : 1346182660, "air_time" : 6,
 		"sequence" : 313, "fails" : 1,
 		"retries" : 1, "sample_1" : -9.10,
 		"sample_2" : 11.65, "sample_3" : -5.76,
 		"sample_4" : 0, "node_id" : 13},

	"13:314" : {"timestamp" : 1346182661, "air_time" : 2,
 		"sequence" : 314, "fails" : 2,
 		"retries" : 2, "sample_1" : -8.75,
 		"sample_2" : 10.91, "sample_3" : -3.90,
 		"sample_4" : 0, "node_id" : 13},

	"13:315" : {"timestamp" : 1346182662, "air_time" : 8,
 		"sequence" : 315, "fails" : 2,
 		"retries" : 0, "sample_1" : -9.90,
 		"sample_2" : 8.89, "sample_3" : -3.08,
 		"sample_4" : 0, "node_id" : 13},

	"13:316" : {"timestamp" : 1346182663, "air_time" : 5,
 		"sequence" : 316, "fails" : 3,
 		"retries" : 1, "sample_1" : -8.35,
 		"sample_2" : 9.12, "sample_3" : -2.43,
 		"sample_4" : 0, "node_id" : 13},

	"13:317" : {"timestamp" : 1346182664, "air_time" : 7,
 		"sequence" : 317, "fails" : 0,
 		"retries" : 0, "sample_1" : -7.50,
 		"sample_2" : 6.62, "sample_3" : 0.19,
 		"sample_4" : 0, "node_id" : 13},

	"13:318" : {"timestamp" : 1346182665, "air_time" : 4,
 		"sequence" : 318, "fails" : 2,
 		"retries" : 2, "sample_1" : -7.66,
 		"sample_2" : 5.55, "sample_3" : 2.03,
 		"sample_4" : 0, "node_id" : 13},

	"13:319" : {"timestamp" : 1346182666, "air_time" : 6,
 		"sequence" : 319, "fails" : 2,
 		"retries" : 0, "sample_1" : -6.36,
 		"sample_2" : 2.93, "sample_3" : 3.84,
 		"sample_4" : 0, "node_id" : 13},

	"13:320" : {"timestamp" : 1346182667, "air_time" : 5,
 		"sequence" : 320, "fails" : 0,
 		"retries" : 0, "sample_1" : -6.43,
 		"sample_2" : 1.23, "sample_3" : 5.57,
 		"sample_4" : 0, "node_id" : 13},

	"13:321" : {"timestamp" : 1346182668, "air_time" : 4,
 		"sequence" : 321, "fails" : 2,
 		"retries" : 1, "sample_1" : -4.20,
 		"sample_2" : 1.28, "sample_3" : 6.17,
 		"sample_4" : 0, "node_id" : 13},

	"13:322" : {"timestamp" : 1346182669, "air_time" : 0,
 		"sequence" : 322, "fails" : 2,
 		"retries" : 0, "sample_1" : -3.02,
 		"sample_2" : -0.34, "sample_3" : 8.38,
 		"sample_4" : 0, "node_id" : 13},

	"13:323" : {"timestamp" : 1346182670, "air_time" : 7,
 		"sequence" : 323, "fails" : 2,
 		"retries" : 1, "sample_1" : -0.54,
 		"sample_2" : -2.50, "sample_3" : 8.68,
 		"sample_4" : 0, "node_id" : 13},

	"13:324" : {"timestamp" : 1346182671, "air_time" : 7,
 		"sequence" : 324, "fails" : 1,
 		"retries" : 1, "sample_1" : 0.70,
 		"sample_2" : -4.04, "sample_3" : 9.33,
 		"sample_4" : 0, "node_id" : 13},

	"13:325" : {"timestamp" : 1346182672, "air_time" : 8,
 		"sequence" : 325, "fails" : 0,
 		"retries" : 1, "sample_1" : 3.04,
 		"sample_2" : -6.31, "sample_3" : 10.30,
 		"sample_4" : 0, "node_id" : 13},

	"13:326" : {"timestamp" : 1346182673, "air_time" : 3,
 		"sequence" : 326, "fails" : 0,
 		"retries" : 0, "sample_1" : 4.82,
 		"sample_2" : -7.28, "sample_3" : 11.77,
 		"sample_4" : 0, "node_id" : 13},

	"13:327" : {"timestamp" : 1346182674, "air_time" : 4,
 		"sequence" : 327, "fails" : 0,
 		"retries" : 0, "sample_1" : 6.90,
 		"sample_2" : -8.81, "sample_3" : 10.05,
 		"sample_4" : 0, "node_id" : 13},

	"13:328" : {"timestamp" : 1346182675, "air_time" : 4,
 		"sequence" : 328, "fails" : 0,
 		"retries" : 1, "sample_1" : 8.33,
 		"sample_2" : -7.96, "sample_3" : 11.22,
 		"sample_4" : 0, "node_id" : 13},

	"13:329" : {"timestamp" : 1346182676, "air_time" : 1,
 		"sequence" : 329, "fails" : 0,
 		"retries" : 2, "sample_1" : 8.26,
 		"sample_2" : -8.72, "sample_3" : 9.79,
 		"sample_4" : 0, "node_id" : 13},

	"13:330" : {"timestamp" : 1346182677, "air_time" : 9,
 		"sequence" : 330, "fails" : 3,
 		"retries" : 1, "sample_1" : 8.76,
 		"sample_2" : -8.39, "sample_3" : 8.40,
 		"sample_4" : 0, "node_id" : 13},

	"13:331" : {"timestamp" : 1346182678, "air_time" : 7,
 		"sequence" : 331, "fails" : 2,
 		"retries" : 1, "sample_1" : 9.70,
 		"sample_2" : -7.85, "sample_3" : 8.06,
 		"sample_4" : 0, "node_id" : 13},

	"13:332" : {"timestamp" : 1346182679, "air_time" : 1,
 		"sequence" : 332, "fails" : 0,
 		"retries" : 1, "sample_1" : 10.85,
 		"sample_2" : -8.31, "sample_3" : 7.10,
 		"sample_4" : 0, "node_id" : 13},

	"13:333" : {"timestamp" : 1346182680, "air_time" : 3,
 		"sequence" : 333, "fails" : 1,
 		"retries" : 2, "sample_1" : 11.90,
 		"sample_2" : -6.69, "sample_3" : 4.88,
 		"sample_4" : 0, "node_id" : 13},

	"13:334" : {"timestamp" : 1346182681, "air_time" : 0,
 		"sequence" : 334, "fails" : 3,
 		"retries" : 1, "sample_1" : 11.75,
 		"sample_2" : -6.62, "sample_3" : 2.53,
 		"sample_4" : 0, "node_id" : 13},

	"13:335" : {"timestamp" : 1346182682, "air_time" : 2,
 		"sequence" : 335, "fails" : 0,
 		"retries" : 0, "sample_1" : 9.70,
 		"sample_2" : -5.92, "sample_3" : 1.01,
 		"sample_4" : 0, "node_id" : 13},

	"13:336" : {"timestamp" : 1346182683, "air_time" : 8,
 		"sequence" : 336, "fails" : 0,
 		"retries" : 2, "sample_1" : 9.66,
 		"sample_2" : -4.15, "sample_3" : 0.57,
 		"sample_4" : 0, "node_id" : 13},

	"13:337" : {"timestamp" : 1346182684, "air_time" : 9,
 		"sequence" : 337, "fails" : 3,
 		"retries" : 2, "sample_1" : 8.46,
 		"sample_2" : -1.33, "sample_3" : -1.64,
 		"sample_4" : 0, "node_id" : 13},

	"13:338" : {"timestamp" : 1346182685, "air_time" : 3,
 		"sequence" : 338, "fails" : 1,
 		"retries" : 0, "sample_1" : 6.63,
 		"sample_2" : 0.47, "sample_3" : -3.37,
 		"sample_4" : 0, "node_id" : 13},

	"13:339" : {"timestamp" : 1346182686, "air_time" : 1,
 		"sequence" : 339, "fails" : 3,
 		"retries" : 1, "sample_1" : 5.20,
 		"sample_2" : 0.72, "sample_3" : -4.57,
 		"sample_4" : 0, "node_id" : 13},

	"13:340" : {"timestamp" : 1346182687, "air_time" : 0,
 		"sequence" : 340, "fails" : 0,
 		"retries" : 0, "sample_1" : 4.42,
 		"sample_2" : 3.64, "sample_3" : -5.98,
 		"sample_4" : 0, "node_id" : 13},

	"13:341" : {"timestamp" : 1346182688, "air_time" : 4,
 		"sequence" : 341, "fails" : 0,
 		"retries" : 2, "sample_1" : 2.14,
 		"sample_2" : 5.50, "sample_3" : -6.48,
 		"sample_4" : 0, "node_id" : 13},

	"13:342" : {"timestamp" : 1346182689, "air_time" : 0,
 		"sequence" : 342, "fails" : 2,
 		"retries" : 0, "sample_1" : 1.30,
 		"sample_2" : 6.34, "sample_3" : -7.93,
 		"sample_4" : 0, "node_id" : 13},

	"13:343" : {"timestamp" : 1346182690, "air_time" : 4,
 		"sequence" : 343, "fails" : 2,
 		"retries" : 0, "sample_1" : -0.14,
 		"sample_2" : 8.41, "sample_3" : -7.90,
 		"sample_4" : 0, "node_id" : 13},

	"13:344" : {"timestamp" : 1346182691, "air_time" : 5,
 		"sequence" : 344, "fails" : 0,
 		"retries" : 2, "sample_1" : -1.82,
 		"sample_2" : 8.88, "sample_3" : -9.27,
 		"sample_4" : 0, "node_id" : 13},

	"13:345" : {"timestamp" : 1346182692, "air_time" : 3,
 		"sequence" : 345, "fails" : 1,
 		"retries" : 1, "sample_1" : -3.30,
 		"sample_2" : 9.61, "sample_3" : -8.15,
 		"sample_4" : 0, "node_id" : 13},

	"13:346" : {"timestamp" : 1346182693, "air_time" : 7,
 		"sequence" : 346, "fails" : 1,
 		"retries" : 1, "sample_1" : -6.33,
 		"sample_2" : 10.96, "sample_3" : -9.42,
 		"sample_4" : 0, "node_id" : 13},

	"13:347" : {"timestamp" : 1346182694, "air_time" : 4,
 		"sequence" : 347, "fails" : 1,
 		"retries" : 1, "sample_1" : -6.96,
 		"sample_2" : 10.92, "sample_3" : -8.39,
 		"sample_4" : 0, "node_id" : 13},

	"13:348" : {"timestamp" : 1346182695, "air_time" : 3,
 		"sequence" : 348, "fails" : 3,
 		"retries" : 0, "sample_1" : -6.86,
 		"sample_2" : 11.39, "sample_3" : -7.50,
 		"sample_4" : 0, "node_id" : 13},

	"13:349" : {"timestamp" : 1346182696, "air_time" : 0,
 		"sequence" : 349, "fails" : 2,
 		"retries" : 2, "sample_1" : -9.00,
 		"sample_2" : 10.75, "sample_3" : -6.96,
 		"sample_4" : 0, "node_id" : 13},

	"13:350" : {"timestamp" : 1346182697, "air_time" : 5,
 		"sequence" : 350, "fails" : 0,
 		"retries" : 2, "sample_1" : -9.25,
 		"sample_2" : 9.41, "sample_3" : -4.80,
 		"sample_4" : 0, "node_id" : 13},

	"13:351" : {"timestamp" : 1346182698, "air_time" : 0,
 		"sequence" : 351, "fails" : 3,
 		"retries" : 1, "sample_1" : -8.30,
 		"sample_2" : 8.69, "sample_3" : -2.78,
 		"sample_4" : 0, "node_id" : 13},

	"13:352" : {"timestamp" : 1346182699, "air_time" : 2,
 		"sequence" : 352, "fails" : 2,
 		"retries" : 2, "sample_1" : -9.55,
 		"sample_2" : 8.82, "sample_3" : -1.23,
 		"sample_4" : 0, "node_id" : 13},

	"13:353" : {"timestamp" : 1346182700, "air_time" : 3,
 		"sequence" : 353, "fails" : 3,
 		"retries" : 2, "sample_1" : -8.80,
 		"sample_2" : 6.82, "sample_3" : -0.71,
 		"sample_4" : 0, "node_id" : 13},

	"13:354" : {"timestamp" : 1346182701, "air_time" : 1,
 		"sequence" : 354, "fails" : 1,
 		"retries" : 1, "sample_1" : -7.56,
 		"sample_2" : 4.55, "sample_3" : 2.03,
 		"sample_4" : 0, "node_id" : 13},

	"13:355" : {"timestamp" : 1346182702, "air_time" : 6,
 		"sequence" : 355, "fails" : 1,
 		"retries" : 1, "sample_1" : -7.56,
 		"sample_2" : 2.93, "sample_3" : 3.54,
 		"sample_4" : 0, "node_id" : 13},

	"13:356" : {"timestamp" : 1346182703, "air_time" : 3,
 		"sequence" : 356, "fails" : 0,
 		"retries" : 2, "sample_1" : -6.23,
 		"sample_2" : 2.43, "sample_3" : 4.47,
 		"sample_4" : 0, "node_id" : 13},

	"13:357" : {"timestamp" : 1346182704, "air_time" : 4,
 		"sequence" : 357, "fails" : 2,
 		"retries" : 0, "sample_1" : -4.30,
 		"sample_2" : 0.98, "sample_3" : 7.57,
 		"sample_4" : 0, "node_id" : 13},

	"13:358" : {"timestamp" : 1346182705, "air_time" : 9,
 		"sequence" : 358, "fails" : 0,
 		"retries" : 2, "sample_1" : -1.92,
 		"sample_2" : -0.74, "sample_3" : 7.38,
 		"sample_4" : 0, "node_id" : 13},

	"13:359" : {"timestamp" : 1346182706, "air_time" : 3,
 		"sequence" : 359, "fails" : 0,
 		"retries" : 2, "sample_1" : -0.94,
 		"sample_2" : -3.30, "sample_3" : 10.18,
 		"sample_4" : 0, "node_id" : 13},

	"13:360" : {"timestamp" : 1346182707, "air_time" : 6,
 		"sequence" : 360, "fails" : 1,
 		"retries" : 1, "sample_1" : 0.70,
 		"sample_2" : -3.94, "sample_3" : 9.83,
 		"sample_4" : 0, "node_id" : 13},

	"13:361" : {"timestamp" : 1346182708, "air_time" : 3,
 		"sequence" : 361, "fails" : 3,
 		"retries" : 2, "sample_1" : 2.34,
 		"sample_2" : -5.31, "sample_3" : 9.80,
 		"sample_4" : 0, "node_id" : 13},

	"13:362" : {"timestamp" : 1346182709, "air_time" : 3,
 		"sequence" : 362, "fails" : 1,
 		"retries" : 2, "sample_1" : 3.92,
 		"sample_2" : -6.18, "sample_3" : 9.97,
 		"sample_4" : 0, "node_id" : 13},

	"13:363" : {"timestamp" : 1346182710, "air_time" : 1,
 		"sequence" : 363, "fails" : 3,
 		"retries" : 2, "sample_1" : 6.90,
 		"sample_2" : -8.31, "sample_3" : 11.05,
 		"sample_4" : 0, "node_id" : 13},

	"13:364" : {"timestamp" : 1346182711, "air_time" : 1,
 		"sequence" : 364, "fails" : 0,
 		"retries" : 2, "sample_1" : 8.03,
 		"sample_2" : -8.46, "sample_3" : 10.32,
 		"sample_4" : 0, "node_id" : 13},

	"13:365" : {"timestamp" : 1346182712, "air_time" : 0,
 		"sequence" : 365, "fails" : 2,
 		"retries" : 1, "sample_1" : 9.06,
 		"sample_2" : -9.02, "sample_3" : 10.19,
 		"sample_4" : 0, "node_id" : 13},

	"13:366" : {"timestamp" : 1346182713, "air_time" : 4,
 		"sequence" : 366, "fails" : 2,
 		"retries" : 1, "sample_1" : 9.76,
 		"sample_2" : -8.89, "sample_3" : 9.30,
 		"sample_4" : 0, "node_id" : 13},

	"13:367" : {"timestamp" : 1346182714, "air_time" : 3,
 		"sequence" : 367, "fails" : 3,
 		"retries" : 0, "sample_1" : 10.00,
 		"sample_2" : -8.75, "sample_3" : 7.86,
 		"sample_4" : 0, "node_id" : 13},

	"13:368" : {"timestamp" : 1346182715, "air_time" : 0,
 		"sequence" : 368, "fails" : 1,
 		"retries" : 1, "sample_1" : 11.75,
 		"sample_2" : -8.71, "sample_3" : 7.00,
 		"sample_4" : 0, "node_id" : 13},

	"13:369" : {"timestamp" : 1346182716, "air_time" : 5,
 		"sequence" : 369, "fails" : 2,
 		"retries" : 2, "sample_1" : 11.80,
 		"sample_2" : -7.19, "sample_3" : 5.08,
 		"sample_4" : 0, "node_id" : 13},

	"13:370" : {"timestamp" : 1346182717, "air_time" : 9,
 		"sequence" : 370, "fails" : 1,
 		"retries" : 1, "sample_1" : 11.75,
 		"sample_2" : -5.82, "sample_3" : 3.53,
 		"sample_4" : 0, "node_id" : 13},

	"13:371" : {"timestamp" : 1346182718, "air_time" : 4,
 		"sequence" : 371, "fails" : 2,
 		"retries" : 2, "sample_1" : 10.00,
 		"sample_2" : -4.22, "sample_3" : 1.71,
 		"sample_4" : 0, "node_id" : 13},

	"13:372" : {"timestamp" : 1346182719, "air_time" : 2,
 		"sequence" : 372, "fails" : 3,
 		"retries" : 2, "sample_1" : 10.56,
 		"sample_2" : -3.65, "sample_3" : 0.17,
 		"sample_4" : 0, "node_id" : 13},

	"13:373" : {"timestamp" : 1346182720, "air_time" : 5,
 		"sequence" : 373, "fails" : 2,
 		"retries" : 1, "sample_1" : 7.96,
 		"sample_2" : -1.93, "sample_3" : -2.54,
 		"sample_4" : 0, "node_id" : 13},

	"13:374" : {"timestamp" : 1346182721, "air_time" : 9,
 		"sequence" : 374, "fails" : 3,
 		"retries" : 1, "sample_1" : 8.33,
 		"sample_2" : 0.17, "sample_3" : -3.97,
 		"sample_4" : 0, "node_id" : 13},

	"13:375" : {"timestamp" : 1346182722, "air_time" : 7,
 		"sequence" : 375, "fails" : 3,
 		"retries" : 1, "sample_1" : 6.00,
 		"sample_2" : 2.12, "sample_3" : -4.47,
 		"sample_4" : 0, "node_id" : 13},

	"13:376" : {"timestamp" : 1346182723, "air_time" : 2,
 		"sequence" : 376, "fails" : 1,
 		"retries" : 0, "sample_1" : 5.22,
 		"sample_2" : 3.84, "sample_3" : -6.88,
 		"sample_4" : 0, "node_id" : 13},

	"13:377" : {"timestamp" : 1346182724, "air_time" : 1,
 		"sequence" : 377, "fails" : 2,
 		"retries" : 1, "sample_1" : 2.14,
 		"sample_2" : 4.30, "sample_3" : -8.18,
 		"sample_4" : 0, "node_id" : 13},

	"13:378" : {"timestamp" : 1346182725, "air_time" : 2,
 		"sequence" : 378, "fails" : 0,
 		"retries" : 0, "sample_1" : 1.80,
 		"sample_2" : 6.34, "sample_3" : -8.43,
 		"sample_4" : 0, "node_id" : 13},

	"13:379" : {"timestamp" : 1346182726, "air_time" : 7,
 		"sequence" : 379, "fails" : 0,
 		"retries" : 2, "sample_1" : -0.94,
 		"sample_2" : 7.01, "sample_3" : -9.30,
 		"sample_4" : 0, "node_id" : 13},

	"13:380" : {"timestamp" : 1346182727, "air_time" : 7,
 		"sequence" : 380, "fails" : 1,
 		"retries" : 1, "sample_1" : -1.52,
 		"sample_2" : 8.48, "sample_3" : -9.07,
 		"sample_4" : 0, "node_id" : 13},

	"13:381" : {"timestamp" : 1346182728, "air_time" : 1,
 		"sequence" : 381, "fails" : 3,
 		"retries" : 1, "sample_1" : -4.80,
 		"sample_2" : 10.41, "sample_3" : -8.65,
 		"sample_4" : 0, "node_id" : 13},

	"13:382" : {"timestamp" : 1346182729, "air_time" : 5,
 		"sequence" : 382, "fails" : 2,
 		"retries" : 2, "sample_1" : -6.03,
 		"sample_2" : 11.26, "sample_3" : -9.62,
 		"sample_4" : 0, "node_id" : 13},

	"13:383" : {"timestamp" : 1346182730, "air_time" : 3,
 		"sequence" : 383, "fails" : 1,
 		"retries" : 2, "sample_1" : -6.46,
 		"sample_2" : 11.32, "sample_3" : -8.09,
 		"sample_4" : 0, "node_id" : 13},

	"13:384" : {"timestamp" : 1346182731, "air_time" : 2,
 		"sequence" : 384, "fails" : 1,
 		"retries" : 2, "sample_1" : -7.66,
 		"sample_2" : 10.69, "sample_3" : -7.40,
 		"sample_4" : 0, "node_id" : 13},

	"13:385" : {"timestamp" : 1346182732, "air_time" : 6,
 		"sequence" : 385, "fails" : 0,
 		"retries" : 1, "sample_1" : -8.50,
 		"sample_2" : 11.45, "sample_3" : -6.86,
 		"sample_4" : 0, "node_id" : 13},

	"13:386" : {"timestamp" : 1346182733, "air_time" : 8,
 		"sequence" : 386, "fails" : 2,
 		"retries" : 0, "sample_1" : -9.35,
 		"sample_2" : 9.21, "sample_3" : -4.30,
 		"sample_4" : 0, "node_id" : 13},

	"13:387" : {"timestamp" : 1346182734, "air_time" : 8,
 		"sequence" : 387, "fails" : 2,
 		"retries" : 0, "sample_1" : -8.20,
 		"sample_2" : 10.19, "sample_3" : -3.28,
 		"sample_4" : 0, "node_id" : 13},

	"13:388" : {"timestamp" : 1346182735, "air_time" : 8,
 		"sequence" : 388, "fails" : 1,
 		"retries" : 2, "sample_1" : -9.65,
 		"sample_2" : 7.62, "sample_3" : -1.23,
 		"sample_4" : 0, "node_id" : 13},

	"13:389" : {"timestamp" : 1346182736, "air_time" : 7,
 		"sequence" : 389, "fails" : 2,
 		"retries" : 1, "sample_1" : -8.50,
 		"sample_2" : 6.42, "sample_3" : -0.61,
 		"sample_4" : 0, "node_id" : 13},

	"13:390" : {"timestamp" : 1346182737, "air_time" : 3,
 		"sequence" : 390, "fails" : 2,
 		"retries" : 2, "sample_1" : -7.86,
 		"sample_2" : 4.65, "sample_3" : 2.83,
 		"sample_4" : 0, "node_id" : 13},

	"13:391" : {"timestamp" : 1346182738, "air_time" : 3,
 		"sequence" : 391, "fails" : 2,
 		"retries" : 2, "sample_1" : -6.16,
 		"sample_2" : 4.63, "sample_3" : 3.14,
 		"sample_4" : 0, "node_id" : 13},

	"13:392" : {"timestamp" : 1346182739, "air_time" : 6,
 		"sequence" : 392, "fails" : 0,
 		"retries" : 2, "sample_1" : -6.03,
 		"sample_2" : 3.03, "sample_3" : 4.37,
 		"sample_4" : 0, "node_id" : 13},

	"13:393" : {"timestamp" : 1346182740, "air_time" : 4,
 		"sequence" : 393, "fails" : 3,
 		"retries" : 0, "sample_1" : -3.60,
 		"sample_2" : -0.42, "sample_3" : 6.87,
 		"sample_4" : 0, "node_id" : 13},

	"13:394" : {"timestamp" : 1346182741, "air_time" : 4,
 		"sequence" : 394, "fails" : 3,
 		"retries" : 2, "sample_1" : -1.52,
 		"sample_2" : -1.24, "sample_3" : 7.38,
 		"sample_4" : 0, "node_id" : 13},

	"13:395" : {"timestamp" : 1346182742, "air_time" : 5,
 		"sequence" : 395, "fails" : 1,
 		"retries" : 2, "sample_1" : -1.64,
 		"sample_2" : -3.00, "sample_3" : 9.18,
 		"sample_4" : 0, "node_id" : 13},

	"13:396" : {"timestamp" : 1346182743, "air_time" : 4,
 		"sequence" : 396, "fails" : 1,
 		"retries" : 1, "sample_1" : 0.30,
 		"sample_2" : -3.84, "sample_3" : 9.43,
 		"sample_4" : 0, "node_id" : 13},

	"13:397" : {"timestamp" : 1346182744, "air_time" : 5,
 		"sequence" : 397, "fails" : 1,
 		"retries" : 1, "sample_1" : 3.34,
 		"sample_2" : -6.71, "sample_3" : 10.90,
 		"sample_4" : 0, "node_id" : 13},

	"13:398" : {"timestamp" : 1346182745, "air_time" : 6,
 		"sequence" : 398, "fails" : 1,
 		"retries" : 1, "sample_1" : 5.32,
 		"sample_2" : -6.88, "sample_3" : 11.37,
 		"sample_4" : 0, "node_id" : 13},

	"13:399" : {"timestamp" : 1346182746, "air_time" : 8,
 		"sequence" : 399, "fails" : 0,
 		"retries" : 1, "sample_1" : 6.60,
 		"sample_2" : -8.21, "sample_3" : 11.35,
 		"sample_4" : 0, "node_id" : 13},

	"13:400" : {"timestamp" : 1346182747, "air_time" : 6,
 		"sequence" : 400, "fails" : 1,
 		"retries" : 0, "sample_1" : 7.93,
 		"sample_2" : -8.46, "sample_3" : 9.92,
 		"sample_4" : 0, "node_id" : 13},

	"13:401" : {"timestamp" : 1346182748, "air_time" : 3,
 		"sequence" : 401, "fails" : 3,
 		"retries" : 1, "sample_1" : 8.16,
 		"sample_2" : -8.52, "sample_3" : 9.29,
 		"sample_4" : 0, "node_id" : 13},

	"13:402" : {"timestamp" : 1346182749, "air_time" : 0,
 		"sequence" : 402, "fails" : 1,
 		"retries" : 2, "sample_1" : 8.76,
 		"sample_2" : -9.19, "sample_3" : 8.90,
 		"sample_4" : 0, "node_id" : 13},

	"13:403" : {"timestamp" : 1346182750, "air_time" : 1,
 		"sequence" : 403, "fails" : 0,
 		"retries" : 2, "sample_1" : 9.90,
 		"sample_2" : -9.35, "sample_3" : 8.06,
 		"sample_4" : 0, "node_id" : 13},

	"13:404" : {"timestamp" : 1346182751, "air_time" : 3,
 		"sequence" : 404, "fails" : 3,
 		"retries" : 0, "sample_1" : 11.35,
 		"sample_2" : -9.21, "sample_3" : 5.80,
 		"sample_4" : 0, "node_id" : 13},

	"13:405" : {"timestamp" : 1346182752, "air_time" : 3,
 		"sequence" : 405, "fails" : 3,
 		"retries" : 2, "sample_1" : 10.10,
 		"sample_2" : -7.29, "sample_3" : 4.58,
 		"sample_4" : 0, "node_id" : 13},

	"13:406" : {"timestamp" : 1346182753, "air_time" : 6,
 		"sequence" : 406, "fails" : 0,
 		"retries" : 1, "sample_1" : 10.65,
 		"sample_2" : -7.22, "sample_3" : 3.23,
 		"sample_4" : 0, "node_id" : 13},

	"13:407" : {"timestamp" : 1346182754, "air_time" : 4,
 		"sequence" : 407, "fails" : 1,
 		"retries" : 1, "sample_1" : 10.40,
 		"sample_2" : -5.12, "sample_3" : 0.91,
 		"sample_4" : 0, "node_id" : 13},

	"13:408" : {"timestamp" : 1346182755, "air_time" : 5,
 		"sequence" : 408, "fails" : 3,
 		"retries" : 0, "sample_1" : 9.96,
 		"sample_2" : -4.45, "sample_3" : -0.03,
 		"sample_4" : 0, "node_id" : 13},

	"13:409" : {"timestamp" : 1346182756, "air_time" : 3,
 		"sequence" : 409, "fails" : 2,
 		"retries" : 1, "sample_1" : 8.96,
 		"sample_2" : -1.23, "sample_3" : -2.44,
 		"sample_4" : 0, "node_id" : 13},

	"13:410" : {"timestamp" : 1346182757, "air_time" : 8,
 		"sequence" : 410, "fails" : 3,
 		"retries" : 1, "sample_1" : 8.23,
 		"sample_2" : -0.23, "sample_3" : -2.57,
 		"sample_4" : 0, "node_id" : 13},

	"13:411" : {"timestamp" : 1346182758, "air_time" : 4,
 		"sequence" : 411, "fails" : 3,
 		"retries" : 1, "sample_1" : 5.70,
 		"sample_2" : 1.22, "sample_3" : -5.77,
 		"sample_4" : 0, "node_id" : 13},

	"13:412" : {"timestamp" : 1346182759, "air_time" : 6,
 		"sequence" : 412, "fails" : 0,
 		"retries" : 2, "sample_1" : 4.82,
 		"sample_2" : 3.64, "sample_3" : -5.98,
 		"sample_4" : 0, "node_id" : 13},

	"13:413" : {"timestamp" : 1346182760, "air_time" : 1,
 		"sequence" : 413, "fails" : 2,
 		"retries" : 0, "sample_1" : 1.84,
 		"sample_2" : 4.70, "sample_3" : -7.78,
 		"sample_4" : 0, "node_id" : 13},

	"13:414" : {"timestamp" : 1346182761, "air_time" : 9,
 		"sequence" : 414, "fails" : 2,
 		"retries" : 1, "sample_1" : 0.50,
 		"sample_2" : 7.24, "sample_3" : -8.13,
 		"sample_4" : 0, "node_id" : 13},

	"13:415" : {"timestamp" : 1346182762, "air_time" : 5,
 		"sequence" : 415, "fails" : 3,
 		"retries" : 1, "sample_1" : -1.44,
 		"sample_2" : 6.91, "sample_3" : -8.00,
 		"sample_4" : 0, "node_id" : 13},

	"13:416" : {"timestamp" : 1346182763, "air_time" : 3,
 		"sequence" : 416, "fails" : 0,
 		"retries" : 2, "sample_1" : -3.42,
 		"sample_2" : 7.98, "sample_3" : -8.97,
 		"sample_4" : 0, "node_id" : 13},

	"13:417" : {"timestamp" : 1346182764, "air_time" : 0,
 		"sequence" : 417, "fails" : 3,
 		"retries" : 2, "sample_1" : -4.70,
 		"sample_2" : 10.21, "sample_3" : -8.25,
 		"sample_4" : 0, "node_id" : 13},

	"13:418" : {"timestamp" : 1346182765, "air_time" : 9,
 		"sequence" : 418, "fails" : 3,
 		"retries" : 0, "sample_1" : -4.53,
 		"sample_2" : 10.26, "sample_3" : -8.72,
 		"sample_4" : 0, "node_id" : 13},

	"13:419" : {"timestamp" : 1346182766, "air_time" : 3,
 		"sequence" : 419, "fails" : 2,
 		"retries" : 1, "sample_1" : -5.86,
 		"sample_2" : 11.42, "sample_3" : -7.29,
 		"sample_4" : 0, "node_id" : 13},

	"13:420" : {"timestamp" : 1346182767, "air_time" : 0,
 		"sequence" : 420, "fails" : 0,
 		"retries" : 2, "sample_1" : -7.06,
 		"sample_2" : 11.29, "sample_3" : -6.80,
 		"sample_4" : 0, "node_id" : 13},

	"13:421" : {"timestamp" : 1346182768, "air_time" : 1,
 		"sequence" : 421, "fails" : 2,
 		"retries" : 2, "sample_1" : -7.70,
 		"sample_2" : 10.75, "sample_3" : -5.16,
 		"sample_4" : 0, "node_id" : 13},

	"13:422" : {"timestamp" : 1346182769, "air_time" : 7,
 		"sequence" : 422, "fails" : 0,
 		"retries" : 2, "sample_1" : -8.05,
 		"sample_2" : 10.81, "sample_3" : -4.60,
 		"sample_4" : 0, "node_id" : 13},

	"13:423" : {"timestamp" : 1346182770, "air_time" : 9,
 		"sequence" : 423, "fails" : 3,
 		"retries" : 2, "sample_1" : -9.90,
 		"sample_2" : 9.29, "sample_3" : -2.18,
 		"sample_4" : 0, "node_id" : 13},

	"13:424" : {"timestamp" : 1346182771, "air_time" : 4,
 		"sequence" : 424, "fails" : 0,
 		"retries" : 0, "sample_1" : -9.15,
 		"sample_2" : 8.42, "sample_3" : -0.53,
 		"sample_4" : 0, "node_id" : 13},

	"13:425" : {"timestamp" : 1346182772, "air_time" : 8,
 		"sequence" : 425, "fails" : 1,
 		"retries" : 1, "sample_1" : -8.90,
 		"sample_2" : 7.22, "sample_3" : 0.69,
 		"sample_4" : 0, "node_id" : 13},

	"13:426" : {"timestamp" : 1346182773, "air_time" : 0,
 		"sequence" : 426, "fails" : 2,
 		"retries" : 0, "sample_1" : -6.96,
 		"sample_2" : 5.25, "sample_3" : 1.63,
 		"sample_4" : 0, "node_id" : 13},

	"13:427" : {"timestamp" : 1346182774, "air_time" : 4,
 		"sequence" : 427, "fails" : 1,
 		"retries" : 0, "sample_1" : -7.56,
 		"sample_2" : 4.83, "sample_3" : 3.64,
 		"sample_4" : 0, "node_id" : 13},

	"13:428" : {"timestamp" : 1346182775, "air_time" : 4,
 		"sequence" : 428, "fails" : 3,
 		"retries" : 0, "sample_1" : -5.43,
 		"sample_2" : 2.63, "sample_3" : 5.47,
 		"sample_4" : 0, "node_id" : 13},

	"13:429" : {"timestamp" : 1346182776, "air_time" : 5,
 		"sequence" : 429, "fails" : 1,
 		"retries" : 2, "sample_1" : -4.70,
 		"sample_2" : 0.78, "sample_3" : 6.97,
 		"sample_4" : 0, "node_id" : 13},

	"13:430" : {"timestamp" : 1346182777, "air_time" : 6,
 		"sequence" : 430, "fails" : 0,
 		"retries" : 1, "sample_1" : -3.12,
 		"sample_2" : -0.54, "sample_3" : 8.38,
 		"sample_4" : 0, "node_id" : 13},

	"13:431" : {"timestamp" : 1346182778, "air_time" : 2,
 		"sequence" : 431, "fails" : 2,
 		"retries" : 1, "sample_1" : -1.04,
 		"sample_2" : -3.70, "sample_3" : 8.88,
 		"sample_4" : 0, "node_id" : 13},

	"13:432" : {"timestamp" : 1346182779, "air_time" : 5,
 		"sequence" : 432, "fails" : 3,
 		"retries" : 0, "sample_1" : 1.50,
 		"sample_2" : -4.84, "sample_3" : 9.13,
 		"sample_4" : 0, "node_id" : 13},

	"13:433" : {"timestamp" : 1346182780, "air_time" : 1,
 		"sequence" : 433, "fails" : 1,
 		"retries" : 0, "sample_1" : 1.84,
 		"sample_2" : -6.01, "sample_3" : 9.70,
 		"sample_4" : 0, "node_id" : 13},

	"13:434" : {"timestamp" : 1346182781, "air_time" : 9,
 		"sequence" : 434, "fails" : 2,
 		"retries" : 2, "sample_1" : 5.12,
 		"sample_2" : -6.08, "sample_3" : 10.77,
 		"sample_4" : 0, "node_id" : 13},

	"13:435" : {"timestamp" : 1346182782, "air_time" : 4,
 		"sequence" : 435, "fails" : 0,
 		"retries" : 1, "sample_1" : 5.30,
 		"sample_2" : -7.41, "sample_3" : 10.35,
 		"sample_4" : 0, "node_id" : 13},

	"13:436" : {"timestamp" : 1346182783, "air_time" : 3,
 		"sequence" : 436, "fails" : 1,
 		"retries" : 2, "sample_1" : 8.23,
 		"sample_2" : -8.16, "sample_3" : 10.62,
 		"sample_4" : 0, "node_id" : 13},

	"13:437" : {"timestamp" : 1346182784, "air_time" : 8,
 		"sequence" : 437, "fails" : 1,
 		"retries" : 2, "sample_1" : 9.06,
 		"sample_2" : -8.82, "sample_3" : 10.89,
 		"sample_4" : 0, "node_id" : 13},

	"13:438" : {"timestamp" : 1346182785, "air_time" : 7,
 		"sequence" : 438, "fails" : 0,
 		"retries" : 2, "sample_1" : 9.26,
 		"sample_2" : -9.79, "sample_3" : 8.30,
 		"sample_4" : 0, "node_id" : 13},

	"13:439" : {"timestamp" : 1346182786, "air_time" : 4,
 		"sequence" : 439, "fails" : 0,
 		"retries" : 0, "sample_1" : 11.20,
 		"sample_2" : -8.95, "sample_3" : 8.66,
 		"sample_4" : 0, "node_id" : 13},

	"13:440" : {"timestamp" : 1346182787, "air_time" : 7,
 		"sequence" : 440, "fails" : 2,
 		"retries" : 1, "sample_1" : 10.55,
 		"sample_2" : -7.41, "sample_3" : 6.30,
 		"sample_4" : 0, "node_id" : 13},

	"13:441" : {"timestamp" : 1346182788, "air_time" : 5,
 		"sequence" : 441, "fails" : 0,
 		"retries" : 2, "sample_1" : 11.80,
 		"sample_2" : -7.59, "sample_3" : 5.38,
 		"sample_4" : 0, "node_id" : 13},

	"13:442" : {"timestamp" : 1346182789, "air_time" : 6,
 		"sequence" : 442, "fails" : 3,
 		"retries" : 2, "sample_1" : 10.15,
 		"sample_2" : -7.22, "sample_3" : 2.53,
 		"sample_4" : 0, "node_id" : 13},

	"13:443" : {"timestamp" : 1346182790, "air_time" : 0,
 		"sequence" : 443, "fails" : 1,
 		"retries" : 0, "sample_1" : 11.10,
 		"sample_2" : -5.72, "sample_3" : 0.81,
 		"sample_4" : 0, "node_id" : 13},

	"13:444" : {"timestamp" : 1346182791, "air_time" : 5,
 		"sequence" : 444, "fails" : 2,
 		"retries" : 0, "sample_1" : 9.16,
 		"sample_2" : -4.25, "sample_3" : -0.23,
 		"sample_4" : 0, "node_id" : 13},

	"13:445" : {"timestamp" : 1346182792, "air_time" : 1,
 		"sequence" : 445, "fails" : 2,
 		"retries" : 2, "sample_1" : 7.66,
 		"sample_2" : -1.73, "sample_3" : -2.44,
 		"sample_4" : 0, "node_id" : 13},

	"13:446" : {"timestamp" : 1346182793, "air_time" : 2,
 		"sequence" : 446, "fails" : 3,
 		"retries" : 0, "sample_1" : 7.33,
 		"sample_2" : -0.13, "sample_3" : -3.77,
 		"sample_4" : 0, "node_id" : 13},

	"13:447" : {"timestamp" : 1346182794, "air_time" : 6,
 		"sequence" : 447, "fails" : 0,
 		"retries" : 2, "sample_1" : 5.60,
 		"sample_2" : 1.52, "sample_3" : -4.07,
 		"sample_4" : 0, "node_id" : 13},

	"13:448" : {"timestamp" : 1346182795, "air_time" : 6,
 		"sequence" : 448, "fails" : 3,
 		"retries" : 1, "sample_1" : 3.42,
 		"sample_2" : 4.04, "sample_3" : -6.78,
 		"sample_4" : 0, "node_id" : 13},

	"13:449" : {"timestamp" : 1346182796, "air_time" : 3,
 		"sequence" : 449, "fails" : 0,
 		"retries" : 2, "sample_1" : 2.14,
 		"sample_2" : 4.80, "sample_3" : -7.68,
 		"sample_4" : 0, "node_id" : 13},

	"13:450" : {"timestamp" : 1346182797, "air_time" : 0,
 		"sequence" : 450, "fails" : 0,
 		"retries" : 0, "sample_1" : 0.40,
 		"sample_2" : 7.04, "sample_3" : -7.33,
 		"sample_4" : 0, "node_id" : 13},

	"13:451" : {"timestamp" : 1346182798, "air_time" : 4,
 		"sequence" : 451, "fails" : 3,
 		"retries" : 1, "sample_1" : 0.06,
 		"sample_2" : 8.31, "sample_3" : -9.10,
 		"sample_4" : 0, "node_id" : 13},

	"13:452" : {"timestamp" : 1346182799, "air_time" : 9,
 		"sequence" : 452, "fails" : 2,
 		"retries" : 1, "sample_1" : -2.52,
 		"sample_2" : 8.78, "sample_3" : -9.97,
 		"sample_4" : 0, "node_id" : 13},

	"13:453" : {"timestamp" : 1346182800, "air_time" : 5,
 		"sequence" : 453, "fails" : 2,
 		"retries" : 1, "sample_1" : -5.00,
 		"sample_2" : 9.21, "sample_3" : -9.35,
 		"sample_4" : 0, "node_id" : 13},

	"13:454" : {"timestamp" : 1346182801, "air_time" : 0,
 		"sequence" : 454, "fails" : 0,
 		"retries" : 2, "sample_1" : -4.53,
 		"sample_2" : 10.26, "sample_3" : -8.62,
 		"sample_4" : 0, "node_id" : 13},

	"13:455" : {"timestamp" : 1346182802, "air_time" : 4,
 		"sequence" : 455, "fails" : 3,
 		"retries" : 1, "sample_1" : -7.46,
 		"sample_2" : 10.32, "sample_3" : -7.09,
 		"sample_4" : 0, "node_id" : 13},

	"13:456" : {"timestamp" : 1346182803, "air_time" : 3,
 		"sequence" : 456, "fails" : 1,
 		"retries" : 2, "sample_1" : -7.66,
 		"sample_2" : 9.99, "sample_3" : -7.30,
 		"sample_4" : 0, "node_id" : 13},

	"13:457" : {"timestamp" : 1346182804, "air_time" : 0,
 		"sequence" : 457, "fails" : 2,
 		"retries" : 2, "sample_1" : -8.60,
 		"sample_2" : 11.35, "sample_3" : -5.06,
 		"sample_4" : 0, "node_id" : 13},

	"13:458" : {"timestamp" : 1346182805, "air_time" : 9,
 		"sequence" : 458, "fails" : 3,
 		"retries" : 0, "sample_1" : -8.55,
 		"sample_2" : 10.91, "sample_3" : -4.50,
 		"sample_4" : 0, "node_id" : 13},

	"13:459" : {"timestamp" : 1346182806, "air_time" : 8,
 		"sequence" : 459, "fails" : 3,
 		"retries" : 2, "sample_1" : -9.30,
 		"sample_2" : 9.69, "sample_3" : -3.08,
 		"sample_4" : 0, "node_id" : 13},

	"13:460" : {"timestamp" : 1346182807, "air_time" : 4,
 		"sequence" : 460, "fails" : 2,
 		"retries" : 2, "sample_1" : -8.75,
 		"sample_2" : 7.72, "sample_3" : -1.83,
 		"sample_4" : 0, "node_id" : 13},

	"13:461" : {"timestamp" : 1346182808, "air_time" : 9,
 		"sequence" : 461, "fails" : 0,
 		"retries" : 0, "sample_1" : -7.90,
 		"sample_2" : 7.02, "sample_3" : -0.01,
 		"sample_4" : 0, "node_id" : 13},

	"13:462" : {"timestamp" : 1346182809, "air_time" : 2,
 		"sequence" : 462, "fails" : 0,
 		"retries" : 1, "sample_1" : -7.46,
 		"sample_2" : 4.85, "sample_3" : 1.33,
 		"sample_4" : 0, "node_id" : 13},

	"13:463" : {"timestamp" : 1346182810, "air_time" : 9,
 		"sequence" : 463, "fails" : 0,
 		"retries" : 2, "sample_1" : -7.46,
 		"sample_2" : 4.23, "sample_3" : 3.84,
 		"sample_4" : 0, "node_id" : 13},

	"13:464" : {"timestamp" : 1346182811, "air_time" : 6,
 		"sequence" : 464, "fails" : 0,
 		"retries" : 1, "sample_1" : -4.93,
 		"sample_2" : 1.83, "sample_3" : 5.07,
 		"sample_4" : 0, "node_id" : 13},

	"13:465" : {"timestamp" : 1346182812, "air_time" : 4,
 		"sequence" : 465, "fails" : 0,
 		"retries" : 1, "sample_1" : -4.20,
 		"sample_2" : 1.08, "sample_3" : 6.57,
 		"sample_4" : 0, "node_id" : 13},

	"13:466" : {"timestamp" : 1346182813, "air_time" : 5,
 		"sequence" : 466, "fails" : 1,
 		"retries" : 2, "sample_1" : -1.92,
 		"sample_2" : -0.44, "sample_3" : 7.28,
 		"sample_4" : 0, "node_id" : 13},

	"13:467" : {"timestamp" : 1346182814, "air_time" : 3,
 		"sequence" : 467, "fails" : 2,
 		"retries" : 1, "sample_1" : -0.34,
 		"sample_2" : -3.00, "sample_3" : 9.28,
 		"sample_4" : 0, "node_id" : 13},

	"13:468" : {"timestamp" : 1346182815, "air_time" : 9,
 		"sequence" : 468, "fails" : 0,
 		"retries" : 2, "sample_1" : 0.10,
 		"sample_2" : -5.14, "sample_3" : 10.03,
 		"sample_4" : 0, "node_id" : 13},

	"13:469" : {"timestamp" : 1346182816, "air_time" : 1,
 		"sequence" : 469, "fails" : 2,
 		"retries" : 0, "sample_1" : 1.94,
 		"sample_2" : -6.21, "sample_3" : 11.50,
 		"sample_4" : 0, "node_id" : 13},

	"13:470" : {"timestamp" : 1346182817, "air_time" : 3,
 		"sequence" : 470, "fails" : 2,
 		"retries" : 2, "sample_1" : 4.92,
 		"sample_2" : -6.28, "sample_3" : 11.87,
 		"sample_4" : 0, "node_id" : 13},

	"13:471" : {"timestamp" : 1346182818, "air_time" : 8,
 		"sequence" : 471, "fails" : 0,
 		"retries" : 2, "sample_1" : 6.30,
 		"sample_2" : -8.61, "sample_3" : 10.05,
 		"sample_4" : 0, "node_id" : 13},

	"13:472" : {"timestamp" : 1346182819, "air_time" : 6,
 		"sequence" : 472, "fails" : 0,
 		"retries" : 1, "sample_1" : 7.53,
 		"sample_2" : -8.16, "sample_3" : 11.22,
 		"sample_4" : 0, "node_id" : 13},

	"13:473" : {"timestamp" : 1346182820, "air_time" : 7,
 		"sequence" : 473, "fails" : 1,
 		"retries" : 0, "sample_1" : 9.16,
 		"sample_2" : -8.12, "sample_3" : 9.99,
 		"sample_4" : 0, "node_id" : 13},

	"13:474" : {"timestamp" : 1346182821, "air_time" : 9,
 		"sequence" : 474, "fails" : 2,
 		"retries" : 0, "sample_1" : 9.06,
 		"sample_2" : -9.69, "sample_3" : 8.50,
 		"sample_4" : 0, "node_id" : 13},

	"13:475" : {"timestamp" : 1346182822, "air_time" : 2,
 		"sequence" : 475, "fails" : 2,
 		"retries" : 0, "sample_1" : 11.30,
 		"sample_2" : -9.05, "sample_3" : 7.16,
 		"sample_4" : 0, "node_id" : 13},

	"13:476" : {"timestamp" : 1346182823, "air_time" : 1,
 		"sequence" : 476, "fails" : 2,
 		"retries" : 0, "sample_1" : 10.35,
 		"sample_2" : -7.31, "sample_3" : 5.80,
 		"sample_4" : 0, "node_id" : 13},

	"13:477" : {"timestamp" : 1346182824, "air_time" : 1,
 		"sequence" : 477, "fails" : 2,
 		"retries" : 1, "sample_1" : 10.00,
 		"sample_2" : -6.79, "sample_3" : 4.58,
 		"sample_4" : 0, "node_id" : 13},

	"13:478" : {"timestamp" : 1346182825, "air_time" : 2,
 		"sequence" : 478, "fails" : 1,
 		"retries" : 0, "sample_1" : 11.25,
 		"sample_2" : -5.82, "sample_3" : 3.63,
 		"sample_4" : 0, "node_id" : 13},

	"13:479" : {"timestamp" : 1346182826, "air_time" : 7,
 		"sequence" : 479, "fails" : 2,
 		"retries" : 0, "sample_1" : 10.80,
 		"sample_2" : -4.92, "sample_3" : 1.61,
 		"sample_4" : 0, "node_id" : 13},

	"13:480" : {"timestamp" : 1346182827, "air_time" : 0,
 		"sequence" : 480, "fails" : 0,
 		"retries" : 2, "sample_1" : 10.46,
 		"sample_2" : -2.95, "sample_3" : 0.27,
 		"sample_4" : 0, "node_id" : 13},

	"13:481" : {"timestamp" : 1346182828, "air_time" : 9,
 		"sequence" : 481, "fails" : 0,
 		"retries" : 2, "sample_1" : 8.06,
 		"sample_2" : -1.23, "sample_3" : -2.24,
 		"sample_4" : 0, "node_id" : 13},

	"13:482" : {"timestamp" : 1346182829, "air_time" : 8,
 		"sequence" : 482, "fails" : 1,
 		"retries" : 1, "sample_1" : 7.33,
 		"sample_2" : -0.93, "sample_3" : -3.67,
 		"sample_4" : 0, "node_id" : 13},

	"13:483" : {"timestamp" : 1346182830, "air_time" : 1,
 		"sequence" : 483, "fails" : 3,
 		"retries" : 0, "sample_1" : 6.00,
 		"sample_2" : 2.42, "sample_3" : -5.67,
 		"sample_4" : 0, "node_id" : 13},

	"13:484" : {"timestamp" : 1346182831, "air_time" : 3,
 		"sequence" : 484, "fails" : 0,
 		"retries" : 0, "sample_1" : 3.42,
 		"sample_2" : 3.64, "sample_3" : -6.08,
 		"sample_4" : 0, "node_id" : 13},

	"13:485" : {"timestamp" : 1346182832, "air_time" : 8,
 		"sequence" : 485, "fails" : 0,
 		"retries" : 2, "sample_1" : 3.24,
 		"sample_2" : 4.20, "sample_3" : -6.58,
 		"sample_4" : 0, "node_id" : 13},

	"13:486" : {"timestamp" : 1346182833, "air_time" : 1,
 		"sequence" : 486, "fails" : 2,
 		"retries" : 2, "sample_1" : 1.20,
 		"sample_2" : 6.84, "sample_3" : -9.13,
 		"sample_4" : 0, "node_id" : 13},

	"13:487" : {"timestamp" : 1346182834, "air_time" : 5,
 		"sequence" : 487, "fails" : 1,
 		"retries" : 2, "sample_1" : -1.14,
 		"sample_2" : 7.41, "sample_3" : -9.60,
 		"sample_4" : 0, "node_id" : 13},

	"13:488" : {"timestamp" : 1346182835, "air_time" : 8,
 		"sequence" : 488, "fails" : 3,
 		"retries" : 1, "sample_1" : -3.42,
 		"sample_2" : 8.18, "sample_3" : -9.87,
 		"sample_4" : 0, "node_id" : 13},

	"13:489" : {"timestamp" : 1346182836, "air_time" : 7,
 		"sequence" : 489, "fails" : 1,
 		"retries" : 0, "sample_1" : -4.20,
 		"sample_2" : 10.21, "sample_3" : -8.15,
 		"sample_4" : 0, "node_id" : 13},

	"13:490" : {"timestamp" : 1346182837, "air_time" : 3,
 		"sequence" : 490, "fails" : 0,
 		"retries" : 0, "sample_1" : -4.83,
 		"sample_2" : 10.06, "sample_3" : -9.32,
 		"sample_4" : 0, "node_id" : 13},

	"13:491" : {"timestamp" : 1346182838, "air_time" : 7,
 		"sequence" : 491, "fails" : 2,
 		"retries" : 2, "sample_1" : -7.06,
 		"sample_2" : 10.72, "sample_3" : -8.49,
 		"sample_4" : 0, "node_id" : 13},

	"13:492" : {"timestamp" : 1346182839, "air_time" : 4,
 		"sequence" : 492, "fails" : 2,
 		"retries" : 0, "sample_1" : -6.96,
 		"sample_2" : 10.99, "sample_3" : -6.90,
 		"sample_4" : 0, "node_id" : 13},

	"13:493" : {"timestamp" : 1346182840, "air_time" : 4,
 		"sequence" : 493, "fails" : 1,
 		"retries" : 1, "sample_1" : -9.30,
 		"sample_2" : 11.15, "sample_3" : -5.56,
 		"sample_4" : 0, "node_id" : 13},

	"13:494" : {"timestamp" : 1346182841, "air_time" : 4,
 		"sequence" : 494, "fails" : 3,
 		"retries" : 0, "sample_1" : -9.85,
 		"sample_2" : 9.91, "sample_3" : -4.70,
 		"sample_4" : 0, "node_id" : 13},

	"13:495" : {"timestamp" : 1346182842, "air_time" : 5,
 		"sequence" : 495, "fails" : 1,
 		"retries" : 1, "sample_1" : -9.50,
 		"sample_2" : 8.49, "sample_3" : -4.08,
 		"sample_4" : 0, "node_id" : 13},

	"13:496" : {"timestamp" : 1346182843, "air_time" : 4,
 		"sequence" : 496, "fails" : 3,
 		"retries" : 1, "sample_1" : -8.15,
 		"sample_2" : 9.12, "sample_3" : -1.23,
 		"sample_4" : 0, "node_id" : 13},

	"13:497" : {"timestamp" : 1346182844, "air_time" : 3,
 		"sequence" : 497, "fails" : 3,
 		"retries" : 1, "sample_1" : -8.00,
 		"sample_2" : 6.52, "sample_3" : 0.09,
 		"sample_4" : 0, "node_id" : 13},

	"13:498" : {"timestamp" : 1346182845, "air_time" : 3,
 		"sequence" : 498, "fails" : 3,
 		"retries" : 1, "sample_1" : -8.46,
 		"sample_2" : 5.05, "sample_3" : 1.53,
 		"sample_4" : 0, "node_id" : 13},

	"13:499" : {"timestamp" : 1346182846, "air_time" : 5,
 		"sequence" : 499, "fails" : 0,
 		"retries" : 1, "sample_1" : -6.16,
 		"sample_2" : 3.83, "sample_3" : 4.44,
 		"sample_4" : 0, "node_id" : 13},

	"13:500" : {"timestamp" : 1346182847, "air_time" : 6,
 		"sequence" : 500, "fails" : 3,
 		"retries" : 1, "sample_1" : -5.93,
 		"sample_2" : 1.73, "sample_3" : 5.37,
 		"sample_4" : 0, "node_id" : 13},

	"13:501" : {"timestamp" : 1346182848, "air_time" : 8,
 		"sequence" : 501, "fails" : 3,
 		"retries" : 1, "sample_1" : -4.10,
 		"sample_2" : 0.18, "sample_3" : 7.77,
 		"sample_4" : 0, "node_id" : 13},

	"13:502" : {"timestamp" : 1346182849, "air_time" : 2,
 		"sequence" : 502, "fails" : 2,
 		"retries" : 0, "sample_1" : -2.32,
 		"sample_2" : -1.64, "sample_3" : 8.18,
 		"sample_4" : 0, "node_id" : 13},

	"13:503" : {"timestamp" : 1346182850, "air_time" : 1,
 		"sequence" : 503, "fails" : 3,
 		"retries" : 2, "sample_1" : -0.14,
 		"sample_2" : -2.90, "sample_3" : 10.18,
 		"sample_4" : 0, "node_id" : 13},

	"13:504" : {"timestamp" : 1346182851, "air_time" : 1,
 		"sequence" : 504, "fails" : 2,
 		"retries" : 2, "sample_1" : 1.30,
 		"sample_2" : -5.14, "sample_3" : 10.03,
 		"sample_4" : 0, "node_id" : 13},

	"13:505" : {"timestamp" : 1346182852, "air_time" : 6,
 		"sequence" : 505, "fails" : 0,
 		"retries" : 2, "sample_1" : 2.34,
 		"sample_2" : -6.41, "sample_3" : 9.70,
 		"sample_4" : 0, "node_id" : 13},

	"13:506" : {"timestamp" : 1346182853, "air_time" : 9,
 		"sequence" : 506, "fails" : 3,
 		"retries" : 0, "sample_1" : 5.22,
 		"sample_2" : -7.98, "sample_3" : 11.57,
 		"sample_4" : 0, "node_id" : 13},

	"13:507" : {"timestamp" : 1346182854, "air_time" : 2,
 		"sequence" : 507, "fails" : 1,
 		"retries" : 2, "sample_1" : 6.80,
 		"sample_2" : -8.31, "sample_3" : 11.45,
 		"sample_4" : 0, "node_id" : 13},

	"13:508" : {"timestamp" : 1346182855, "air_time" : 1,
 		"sequence" : 508, "fails" : 0,
 		"retries" : 1, "sample_1" : 7.43,
 		"sample_2" : -8.56, "sample_3" : 10.92,
 		"sample_4" : 0, "node_id" : 13},

	"13:509" : {"timestamp" : 1346182856, "air_time" : 9,
 		"sequence" : 509, "fails" : 0,
 		"retries" : 2, "sample_1" : 9.26,
 		"sample_2" : -8.72, "sample_3" : 10.39,
 		"sample_4" : 0, "node_id" : 13},

	"13:510" : {"timestamp" : 1346182857, "air_time" : 1,
 		"sequence" : 510, "fails" : 2,
 		"retries" : 0, "sample_1" : 9.16,
 		"sample_2" : -9.19, "sample_3" : 9.40,
 		"sample_4" : 0, "node_id" : 13},

	"13:511" : {"timestamp" : 1346182858, "air_time" : 1,
 		"sequence" : 511, "fails" : 3,
 		"retries" : 0, "sample_1" : 10.00,
 		"sample_2" : -7.85, "sample_3" : 7.46,
 		"sample_4" : 0, "node_id" : 13},

	"13:512" : {"timestamp" : 1346182859, "air_time" : 8,
 		"sequence" : 512, "fails" : 0,
 		"retries" : 1, "sample_1" : 11.05,
 		"sample_2" : -9.01, "sample_3" : 5.90,
 		"sample_4" : 0, "node_id" : 13},

	"13:513" : {"timestamp" : 1346182860, "air_time" : 7,
 		"sequence" : 513, "fails" : 1,
 		"retries" : 2, "sample_1" : 10.90,
 		"sample_2" : -7.99, "sample_3" : 5.48,
 		"sample_4" : 0, "node_id" : 13},

	"13:514" : {"timestamp" : 1346182861, "air_time" : 0,
 		"sequence" : 514, "fails" : 0,
 		"retries" : 0, "sample_1" : 11.65,
 		"sample_2" : -5.42, "sample_3" : 4.33,
 		"sample_4" : 0, "node_id" : 13},

	"13:515" : {"timestamp" : 1346182862, "air_time" : 7,
 		"sequence" : 515, "fails" : 2,
 		"retries" : 0, "sample_1" : 9.60,
 		"sample_2" : -5.42, "sample_3" : 1.61,
 		"sample_4" : 0, "node_id" : 13},

	"13:516" : {"timestamp" : 1346182863, "air_time" : 5,
 		"sequence" : 516, "fails" : 0,
 		"retries" : 0, "sample_1" : 9.36,
 		"sample_2" : -4.45, "sample_3" : -0.73,
 		"sample_4" : 0, "node_id" : 13},

	"13:517" : {"timestamp" : 1346182864, "air_time" : 0,
 		"sequence" : 517, "fails" : 3,
 		"retries" : 0, "sample_1" : 9.26,
 		"sample_2" : -1.43, "sample_3" : -2.34,
 		"sample_4" : 0, "node_id" : 13},

	"13:518" : {"timestamp" : 1346182865, "air_time" : 7,
 		"sequence" : 518, "fails" : 1,
 		"retries" : 0, "sample_1" : 8.03,
 		"sample_2" : 0.17, "sample_3" : -3.77,
 		"sample_4" : 0, "node_id" : 13},

	"13:519" : {"timestamp" : 1346182866, "air_time" : 9,
 		"sequence" : 519, "fails" : 2,
 		"retries" : 0, "sample_1" : 6.30,
 		"sample_2" : 2.12, "sample_3" : -5.07,
 		"sample_4" : 0, "node_id" : 13},

	"13:520" : {"timestamp" : 1346182867, "air_time" : 9,
 		"sequence" : 520, "fails" : 1,
 		"retries" : 0, "sample_1" : 4.52,
 		"sample_2" : 3.74, "sample_3" : -5.38,
 		"sample_4" : 0, "node_id" : 13},

	"13:521" : {"timestamp" : 1346182868, "air_time" : 3,
 		"sequence" : 521, "fails" : 2,
 		"retries" : 2, "sample_1" : 2.24,
 		"sample_2" : 4.90, "sample_3" : -8.18,
 		"sample_4" : 0, "node_id" : 13},

	"13:522" : {"timestamp" : 1346182869, "air_time" : 8,
 		"sequence" : 522, "fails" : 0,
 		"retries" : 1, "sample_1" : 1.60,
 		"sample_2" : 7.34, "sample_3" : -7.23,
 		"sample_4" : 0, "node_id" : 13},

	"13:523" : {"timestamp" : 1346182870, "air_time" : 8,
 		"sequence" : 523, "fails" : 3,
 		"retries" : 0, "sample_1" : -0.54,
 		"sample_2" : 7.91, "sample_3" : -9.70,
 		"sample_4" : 0, "node_id" : 13},

	"13:524" : {"timestamp" : 1346182871, "air_time" : 3,
 		"sequence" : 524, "fails" : 2,
 		"retries" : 1, "sample_1" : -2.82,
 		"sample_2" : 8.38, "sample_3" : -9.47,
 		"sample_4" : 0, "node_id" : 13},

	"13:525" : {"timestamp" : 1346182872, "air_time" : 1,
 		"sequence" : 525, "fails" : 2,
 		"retries" : 1, "sample_1" : -3.20,
 		"sample_2" : 9.71, "sample_3" : -8.65,
 		"sample_4" : 0, "node_id" : 13},

	"13:526" : {"timestamp" : 1346182873, "air_time" : 1,
 		"sequence" : 526, "fails" : 0,
 		"retries" : 1, "sample_1" : -4.53,
 		"sample_2" : 10.16, "sample_3" : -9.52,
 		"sample_4" : 0, "node_id" : 13},

	"13:527" : {"timestamp" : 1346182874, "air_time" : 4,
 		"sequence" : 527, "fails" : 2,
 		"retries" : 2, "sample_1" : -6.56,
 		"sample_2" : 10.72, "sample_3" : -7.19,
 		"sample_4" : 0, "node_id" : 13},

	"13:528" : {"timestamp" : 1346182875, "air_time" : 7,
 		"sequence" : 528, "fails" : 1,
 		"retries" : 0, "sample_1" : -8.26,
 		"sample_2" : 10.69, "sample_3" : -7.10,
 		"sample_4" : 0, "node_id" : 13},

	"13:529" : {"timestamp" : 1346182876, "air_time" : 9,
 		"sequence" : 529, "fails" : 1,
 		"retries" : 1, "sample_1" : -8.00,
 		"sample_2" : 9.95, "sample_3" : -5.56,
 		"sample_4" : 0, "node_id" : 13},

	"13:530" : {"timestamp" : 1346182877, "air_time" : 8,
 		"sequence" : 530, "fails" : 2,
 		"retries" : 0, "sample_1" : -8.75,
 		"sample_2" : 9.91, "sample_3" : -3.80,
 		"sample_4" : 0, "node_id" : 13},

	"13:531" : {"timestamp" : 1346182878, "air_time" : 0,
 		"sequence" : 531, "fails" : 2,
 		"retries" : 1, "sample_1" : -9.20,
 		"sample_2" : 10.29, "sample_3" : -2.18,
 		"sample_4" : 0, "node_id" : 13},

	"13:532" : {"timestamp" : 1346182879, "air_time" : 6,
 		"sequence" : 532, "fails" : 3,
 		"retries" : 2, "sample_1" : -7.95,
 		"sample_2" : 7.52, "sample_3" : -1.53,
 		"sample_4" : 0, "node_id" : 13},

	"13:533" : {"timestamp" : 1346182880, "air_time" : 2,
 		"sequence" : 533, "fails" : 0,
 		"retries" : 1, "sample_1" : -8.00,
 		"sample_2" : 7.52, "sample_3" : 0.99,
 		"sample_4" : 0, "node_id" : 13},

	"13:534" : {"timestamp" : 1346182881, "air_time" : 2,
 		"sequence" : 534, "fails" : 0,
 		"retries" : 2, "sample_1" : -8.36,
 		"sample_2" : 5.75, "sample_3" : 1.63,
 		"sample_4" : 0, "node_id" : 13},

	"13:535" : {"timestamp" : 1346182882, "air_time" : 2,
 		"sequence" : 535, "fails" : 2,
 		"retries" : 0, "sample_1" : -7.06,
 		"sample_2" : 2.93, "sample_3" : 2.84,
 		"sample_4" : 0, "node_id" : 13},

	"13:536" : {"timestamp" : 1346182883, "air_time" : 1,
 		"sequence" : 536, "fails" : 0,
 		"retries" : 1, "sample_1" : -5.83,
 		"sample_2" : 1.63, "sample_3" : 6.17,
 		"sample_4" : 0, "node_id" : 13},

	"13:537" : {"timestamp" : 1346182884, "air_time" : 8,
 		"sequence" : 537, "fails" : 0,
 		"retries" : 0, "sample_1" : -3.70,
 		"sample_2" : -0.52, "sample_3" : 7.37,
 		"sample_4" : 0, "node_id" : 13},

	"13:538" : {"timestamp" : 1346182885, "air_time" : 7,
 		"sequence" : 538, "fails" : 2,
 		"retries" : 2, "sample_1" : -1.82,
 		"sample_2" : -0.74, "sample_3" : 8.98,
 		"sample_4" : 0, "node_id" : 13},

	"13:539" : {"timestamp" : 1346182886, "air_time" : 5,
 		"sequence" : 539, "fails" : 3,
 		"retries" : 1, "sample_1" : -0.34,
 		"sample_2" : -3.10, "sample_3" : 9.28,
 		"sample_4" : 0, "node_id" : 13},

	"13:540" : {"timestamp" : 1346182887, "air_time" : 3,
 		"sequence" : 540, "fails" : 2,
 		"retries" : 0, "sample_1" : 0.80,
 		"sample_2" : -4.34, "sample_3" : 9.73,
 		"sample_4" : 0, "node_id" : 13},

	"13:541" : {"timestamp" : 1346182888, "air_time" : 5,
 		"sequence" : 541, "fails" : 0,
 		"retries" : 0, "sample_1" : 3.44,
 		"sample_2" : -6.01, "sample_3" : 10.40,
 		"sample_4" : 0, "node_id" : 13},

	"13:542" : {"timestamp" : 1346182889, "air_time" : 6,
 		"sequence" : 542, "fails" : 0,
 		"retries" : 1, "sample_1" : 5.22,
 		"sample_2" : -6.88, "sample_3" : 11.87,
 		"sample_4" : 0, "node_id" : 13},

	"13:543" : {"timestamp" : 1346182890, "air_time" : 9,
 		"sequence" : 543, "fails" : 0,
 		"retries" : 0, "sample_1" : 6.20,
 		"sample_2" : -7.81, "sample_3" : 10.55,
 		"sample_4" : 0, "node_id" : 13},

	"13:544" : {"timestamp" : 1346182891, "air_time" : 5,
 		"sequence" : 544, "fails" : 0,
 		"retries" : 1, "sample_1" : 6.43,
 		"sample_2" : -8.56, "sample_3" : 10.92,
 		"sample_4" : 0, "node_id" : 13},

	"13:545" : {"timestamp" : 1346182892, "air_time" : 3,
 		"sequence" : 545, "fails" : 0,
 		"retries" : 0, "sample_1" : 8.06,
 		"sample_2" : -9.22, "sample_3" : 9.79,
 		"sample_4" : 0, "node_id" : 13},

	"13:546" : {"timestamp" : 1346182893, "air_time" : 5,
 		"sequence" : 546, "fails" : 0,
 		"retries" : 0, "sample_1" : 10.46,
 		"sample_2" : -9.49, "sample_3" : 8.50,
 		"sample_4" : 0, "node_id" : 13},

	"13:547" : {"timestamp" : 1346182894, "air_time" : 9,
 		"sequence" : 547, "fails" : 0,
 		"retries" : 1, "sample_1" : 9.90,
 		"sample_2" : -9.15, "sample_3" : 8.46,
 		"sample_4" : 0, "node_id" : 13},

	"13:548" : {"timestamp" : 1346182895, "air_time" : 4,
 		"sequence" : 548, "fails" : 2,
 		"retries" : 2, "sample_1" : 10.25,
 		"sample_2" : -8.91, "sample_3" : 6.60,
 		"sample_4" : 0, "node_id" : 13},

	"13:549" : {"timestamp" : 1346182896, "air_time" : 9,
 		"sequence" : 549, "fails" : 0,
 		"retries" : 2, "sample_1" : 10.80,
 		"sample_2" : -7.19, "sample_3" : 5.38,
 		"sample_4" : 0, "node_id" : 13},

	"13:550" : {"timestamp" : 1346182897, "air_time" : 4,
 		"sequence" : 550, "fails" : 3,
 		"retries" : 2, "sample_1" : 11.65,
 		"sample_2" : -5.42, "sample_3" : 3.13,
 		"sample_4" : 0, "node_id" : 13},

	"13:551" : {"timestamp" : 1346182898, "air_time" : 6,
 		"sequence" : 551, "fails" : 3,
 		"retries" : 0, "sample_1" : 10.50,
 		"sample_2" : -4.82, "sample_3" : 2.11,
 		"sample_4" : 0, "node_id" : 13},

	"13:552" : {"timestamp" : 1346182899, "air_time" : 7,
 		"sequence" : 552, "fails" : 0,
 		"retries" : 2, "sample_1" : 9.86,
 		"sample_2" : -3.55, "sample_3" : -0.33,
 		"sample_4" : 0, "node_id" : 13},

	"13:553" : {"timestamp" : 1346182900, "air_time" : 6,
 		"sequence" : 553, "fails" : 1,
 		"retries" : 0, "sample_1" : 7.66,
 		"sample_2" : -1.43, "sample_3" : -2.44,
 		"sample_4" : 0, "node_id" : 13},

	"13:554" : {"timestamp" : 1346182901, "air_time" : 2,
 		"sequence" : 554, "fails" : 1,
 		"retries" : 0, "sample_1" : 6.43,
 		"sample_2" : -0.83, "sample_3" : -4.27,
 		"sample_4" : 0, "node_id" : 13},

	"13:555" : {"timestamp" : 1346182902, "air_time" : 1,
 		"sequence" : 555, "fails" : 0,
 		"retries" : 2, "sample_1" : 6.40,
 		"sample_2" : 1.92, "sample_3" : -5.87,
 		"sample_4" : 0, "node_id" : 13},

	"13:556" : {"timestamp" : 1346182903, "air_time" : 5,
 		"sequence" : 556, "fails" : 1,
 		"retries" : 1, "sample_1" : 3.82,
 		"sample_2" : 3.34, "sample_3" : -5.78,
 		"sample_4" : 0, "node_id" : 13},

	"13:557" : {"timestamp" : 1346182904, "air_time" : 6,
 		"sequence" : 557, "fails" : 2,
 		"retries" : 1, "sample_1" : 2.14,
 		"sample_2" : 4.80, "sample_3" : -7.28,
 		"sample_4" : 0, "node_id" : 13},

	"13:558" : {"timestamp" : 1346182905, "air_time" : 8,
 		"sequence" : 558, "fails" : 1,
 		"retries" : 0, "sample_1" : 1.60,
 		"sample_2" : 5.74, "sample_3" : -8.83,
 		"sample_4" : 0, "node_id" : 13},

	"13:559" : {"timestamp" : 1346182906, "air_time" : 5,
 		"sequence" : 559, "fails" : 0,
 		"retries" : 2, "sample_1" : -1.24,
 		"sample_2" : 7.01, "sample_3" : -8.40,
 		"sample_4" : 0, "node_id" : 13},

	"13:560" : {"timestamp" : 1346182907, "air_time" : 7,
 		"sequence" : 560, "fails" : 0,
 		"retries" : 0, "sample_1" : -3.32,
 		"sample_2" : 8.68, "sample_3" : -9.87,
 		"sample_4" : 0, "node_id" : 13},

	"13:561" : {"timestamp" : 1346182908, "air_time" : 0,
 		"sequence" : 561, "fails" : 1,
 		"retries" : 0, "sample_1" : -3.70,
 		"sample_2" : 10.61, "sample_3" : -9.55,
 		"sample_4" : 0, "node_id" : 13},

	"13:562" : {"timestamp" : 1346182909, "air_time" : 1,
 		"sequence" : 562, "fails" : 3,
 		"retries" : 1, "sample_1" : -5.03,
 		"sample_2" : 10.66, "sample_3" : -8.52,
 		"sample_4" : 0, "node_id" : 13},

	"13:563" : {"timestamp" : 1346182910, "air_time" : 0,
 		"sequence" : 563, "fails" : 0,
 		"retries" : 0, "sample_1" : -6.36,
 		"sample_2" : 10.92, "sample_3" : -8.09,
 		"sample_4" : 0, "node_id" : 13},

	"13:564" : {"timestamp" : 1346182911, "air_time" : 9,
 		"sequence" : 564, "fails" : 1,
 		"retries" : 2, "sample_1" : -7.06,
 		"sample_2" : 10.19, "sample_3" : -7.60,
 		"sample_4" : 0, "node_id" : 13},

	"13:565" : {"timestamp" : 1346182912, "air_time" : 3,
 		"sequence" : 565, "fails" : 2,
 		"retries" : 0, "sample_1" : -9.10,
 		"sample_2" : 11.65, "sample_3" : -6.06,
 		"sample_4" : 0, "node_id" : 13},

	"13:566" : {"timestamp" : 1346182913, "air_time" : 7,
 		"sequence" : 566, "fails" : 3,
 		"retries" : 1, "sample_1" : -9.55,
 		"sample_2" : 9.91, "sample_3" : -5.30,
 		"sample_4" : 0, "node_id" : 13},

	"13:567" : {"timestamp" : 1346182914, "air_time" : 1,
 		"sequence" : 567, "fails" : 1,
 		"retries" : 1, "sample_1" : -9.00,
 		"sample_2" : 9.39, "sample_3" : -2.18,
 		"sample_4" : 0, "node_id" : 13},

	"13:568" : {"timestamp" : 1346182915, "air_time" : 1,
 		"sequence" : 568, "fails" : 3,
 		"retries" : 0, "sample_1" : -9.25,
 		"sample_2" : 7.82, "sample_3" : -2.33,
 		"sample_4" : 0, "node_id" : 13},

	"13:569" : {"timestamp" : 1346182916, "air_time" : 9,
 		"sequence" : 569, "fails" : 3,
 		"retries" : 0, "sample_1" : -8.70,
 		"sample_2" : 6.62, "sample_3" : -0.21,
 		"sample_4" : 0, "node_id" : 13},

	"13:570" : {"timestamp" : 1346182917, "air_time" : 4,
 		"sequence" : 570, "fails" : 3,
 		"retries" : 2, "sample_1" : -8.66,
 		"sample_2" : 5.95, "sample_3" : 1.03,
 		"sample_4" : 0, "node_id" : 13},

	"13:571" : {"timestamp" : 1346182918, "air_time" : 1,
 		"sequence" : 571, "fails" : 2,
 		"retries" : 0, "sample_1" : -5.86,
 		"sample_2" : 4.13, "sample_3" : 3.14,
 		"sample_4" : 0, "node_id" : 13},

	"13:572" : {"timestamp" : 1346182919, "air_time" : 9,
 		"sequence" : 572, "fails" : 2,
 		"retries" : 0, "sample_1" : -5.53,
 		"sample_2" : 2.03, "sample_3" : 5.17,
 		"sample_4" : 0, "node_id" : 13},

	"13:573" : {"timestamp" : 1346182920, "air_time" : 7,
 		"sequence" : 573, "fails" : 2,
 		"retries" : 1, "sample_1" : -3.50,
 		"sample_2" : 0.18, "sample_3" : 7.77,
 		"sample_4" : 0, "node_id" : 13},

	"13:574" : {"timestamp" : 1346182921, "air_time" : 9,
 		"sequence" : 574, "fails" : 0,
 		"retries" : 2, "sample_1" : -2.72,
 		"sample_2" : -1.54, "sample_3" : 7.78,
 		"sample_4" : 0, "node_id" : 13},

	"13:575" : {"timestamp" : 1346182922, "air_time" : 4,
 		"sequence" : 575, "fails" : 3,
 		"retries" : 1, "sample_1" : -0.24,
 		"sample_2" : -3.00, "sample_3" : 9.88,
 		"sample_4" : 0, "node_id" : 13},

	"13:576" : {"timestamp" : 1346182923, "air_time" : 3,
 		"sequence" : 576, "fails" : 2,
 		"retries" : 1, "sample_1" : 0.60,
 		"sample_2" : -5.44, "sample_3" : 10.83,
 		"sample_4" : 0, "node_id" : 13},

	"13:577" : {"timestamp" : 1346182924, "air_time" : 4,
 		"sequence" : 577, "fails" : 2,
 		"retries" : 1, "sample_1" : 2.24,
 		"sample_2" : -6.81, "sample_3" : 9.80,
 		"sample_4" : 0, "node_id" : 13},

	"13:578" : {"timestamp" : 1346182925, "air_time" : 5,
 		"sequence" : 578, "fails" : 1,
 		"retries" : 2, "sample_1" : 3.52,
 		"sample_2" : -6.08, "sample_3" : 11.67,
 		"sample_4" : 0, "node_id" : 13},

	"13:579" : {"timestamp" : 1346182926, "air_time" : 9,
 		"sequence" : 579, "fails" : 1,
 		"retries" : 2, "sample_1" : 6.30,
 		"sample_2" : -8.21, "sample_3" : 11.65,
 		"sample_4" : 0, "node_id" : 13},

	"13:580" : {"timestamp" : 1346182927, "air_time" : 3,
 		"sequence" : 580, "fails" : 3,
 		"retries" : 2, "sample_1" : 7.43,
 		"sample_2" : -9.06, "sample_3" : 10.42,
 		"sample_4" : 0, "node_id" : 13},

	"13:581" : {"timestamp" : 1346182928, "air_time" : 3,
 		"sequence" : 581, "fails" : 0,
 		"retries" : 2, "sample_1" : 8.76,
 		"sample_2" : -8.72, "sample_3" : 9.49,
 		"sample_4" : 0, "node_id" : 13},

	"13:582" : {"timestamp" : 1346182929, "air_time" : 6,
 		"sequence" : 582, "fails" : 3,
 		"retries" : 0, "sample_1" : 8.96,
 		"sample_2" : -8.79, "sample_3" : 8.90,
 		"sample_4" : 0, "node_id" : 13},

	"13:583" : {"timestamp" : 1346182930, "air_time" : 1,
 		"sequence" : 583, "fails" : 2,
 		"retries" : 2, "sample_1" : 10.80,
 		"sample_2" : -9.65, "sample_3" : 7.96,
 		"sample_4" : 0, "node_id" : 13},

	"13:584" : {"timestamp" : 1346182931, "air_time" : 4,
 		"sequence" : 584, "fails" : 0,
 		"retries" : 0, "sample_1" : 9.85,
 		"sample_2" : -8.11, "sample_3" : 6.30,
 		"sample_4" : 0, "node_id" : 13},

	"13:585" : {"timestamp" : 1346182932, "air_time" : 7,
 		"sequence" : 585, "fails" : 2,
 		"retries" : 1, "sample_1" : 10.60,
 		"sample_2" : -8.29, "sample_3" : 4.18,
 		"sample_4" : 0, "node_id" : 13},

	"13:586" : {"timestamp" : 1346182933, "air_time" : 1,
 		"sequence" : 586, "fails" : 2,
 		"retries" : 0, "sample_1" : 10.05,
 		"sample_2" : -6.82, "sample_3" : 3.23,
 		"sample_4" : 0, "node_id" : 13},

	"13:587" : {"timestamp" : 1346182934, "air_time" : 2,
 		"sequence" : 587, "fails" : 1,
 		"retries" : 0, "sample_1" : 10.90,
 		"sample_2" : -5.72, "sample_3" : 0.91,
 		"sample_4" : 0, "node_id" : 13},

	"13:588" : {"timestamp" : 1346182935, "air_time" : 6,
 		"sequence" : 588, "fails" : 2,
 		"retries" : 2, "sample_1" : 9.66,
 		"sample_2" : -3.95, "sample_3" : 0.87,
 		"sample_4" : 0, "node_id" : 13},

	"13:589" : {"timestamp" : 1346182936, "air_time" : 8,
 		"sequence" : 589, "fails" : 2,
 		"retries" : 1, "sample_1" : 7.96,
 		"sample_2" : -1.43, "sample_3" : -1.84,
 		"sample_4" : 0, "node_id" : 13},

	"13:590" : {"timestamp" : 1346182937, "air_time" : 8,
 		"sequence" : 590, "fails" : 1,
 		"retries" : 2, "sample_1" : 7.53,
 		"sample_2" : 0.17, "sample_3" : -2.57,
 		"sample_4" : 0, "node_id" : 13},

	"13:591" : {"timestamp" : 1346182938, "air_time" : 2,
 		"sequence" : 591, "fails" : 2,
 		"retries" : 2, "sample_1" : 6.60,
 		"sample_2" : 0.92, "sample_3" : -4.97,
 		"sample_4" : 0, "node_id" : 13},

	"13:592" : {"timestamp" : 1346182939, "air_time" : 0,
 		"sequence" : 592, "fails" : 2,
 		"retries" : 2, "sample_1" : 4.42,
 		"sample_2" : 3.44, "sample_3" : -6.08,
 		"sample_4" : 0, "node_id" : 13},

	"13:593" : {"timestamp" : 1346182940, "air_time" : 0,
 		"sequence" : 593, "fails" : 2,
 		"retries" : 0, "sample_1" : 3.64,
 		"sample_2" : 5.50, "sample_3" : -7.48,
 		"sample_4" : 0, "node_id" : 13},

	"13:594" : {"timestamp" : 1346182941, "air_time" : 6,
 		"sequence" : 594, "fails" : 0,
 		"retries" : 0, "sample_1" : 1.50,
 		"sample_2" : 7.34, "sample_3" : -8.53,
 		"sample_4" : 0, "node_id" : 13},

	"13:595" : {"timestamp" : 1346182942, "air_time" : 6,
 		"sequence" : 595, "fails" : 3,
 		"retries" : 2, "sample_1" : -0.84,
 		"sample_2" : 7.41, "sample_3" : -8.00,
 		"sample_4" : 0, "node_id" : 13},

	"13:596" : {"timestamp" : 1346182943, "air_time" : 5,
 		"sequence" : 596, "fails" : 3,
 		"retries" : 0, "sample_1" : -3.32,
 		"sample_2" : 8.58, "sample_3" : -9.27,
 		"sample_4" : 0, "node_id" : 13},

	"13:597" : {"timestamp" : 1346182944, "air_time" : 6,
 		"sequence" : 597, "fails" : 3,
 		"retries" : 2, "sample_1" : -3.90,
 		"sample_2" : 10.11, "sample_3" : -9.25,
 		"sample_4" : 0, "node_id" : 13},

	"13:598" : {"timestamp" : 1346182945, "air_time" : 2,
 		"sequence" : 598, "fails" : 2,
 		"retries" : 2, "sample_1" : -4.73,
 		"sample_2" : 10.16, "sample_3" : -8.62,
 		"sample_4" : 0, "node_id" : 13},

	"13:599" : {"timestamp" : 1346182946, "air_time" : 5,
 		"sequence" : 599, "fails" : 2,
 		"retries" : 0, "sample_1" : -6.86,
 		"sample_2" : 11.02, "sample_3" : -8.89,
 		"sample_4" : 0, "node_id" : 13},

	"13:600" : {"timestamp" : 1346182947, "air_time" : 1,
 		"sequence" : 600, "fails" : 0,
 		"retries" : 2, "sample_1" : -8.06,
 		"sample_2" : 11.09, "sample_3" : -7.30,
 		"sample_4" : 0, "node_id" : 13}
}
